 
****************************************
Report : cell
Design : recam_dss_g2x2_r_static_global_top
Version: W-2024.09-SP2
Date   : Thu Sep 24 05:33:26 2026
****************************************

Attributes:
    b - black box (unknown)
    h - hierarchical
    n - noncombinational
    p - parameterized
    r - removable
    u - contains unmapped logic

Cell                      Reference       Library             Area  Attributes
--------------------------------------------------------------------------------
U4                        INVX1           slow            6.652800  
U5                        INVX1           slow            6.652800  
U6                        INVX1           slow            6.652800  
U8                        AND2X4          slow            16.632000 
U9                        NAND3BXL        slow            16.632000 
analyzer                  recam_shared_config_analyzer_ROW_ADDR_W9_PHYS_COL_ADDR_W13_HYBRID_LINE_ADDR_W13_HYBRID_ENTRIES7
                                                          88465.608717
                                                                    h, p
core                      recam_dss_g2x2_r_static_global_core
                                                          25160.889850
                                                                    h, n
pivot_address_regs        dss_group_pivot_address_regs_ROW_ADDR_W9_PHYS_COL_ADDR_W13
                                                          44550.476385
                                                                    h, n, p
--------------------------------------------------------------------------------
Total 8 cells                                             158230.197352
1
