 
****************************************
Report : area
Design : recam_dss_g2x2_r_static_global_top
Version: W-2024.09-SP2
Date   : Thu Sep 24 05:33:26 2026
****************************************

Library(s) Used:

    slow (File: /cad/std_libraries/CBDK_TSMC018_Arm_f1.0/CIC/SynopsysDC/db/slow.db)

Number of ports:                         1712
Number of nets:                          8571
Number of cells:                         7275
Number of combinational cells:           6681
Number of sequential cells:               561
Number of macros/black boxes:               0
Number of buf/inv:                       1896
Number of references:                       6

Combinational area:             126722.535804
Buf/Inv area:                    19958.400240
Noncombinational area:           31507.661549
Macro/Black Box area:                0.000000
Net Interconnect area:          835197.566925

Total cell area:                158230.197352
Total area:                     993427.764277

Hierarchical area distribution
------------------------------

                                  Global cell area              Local cell area
                                  --------------------  ------------------------------- 
Hierarchical cell                 Absolute     Percent  Combi-       Noncombi-   Black-
                                  Total        Total    national     national    boxes   Design
--------------------------------  -----------  -------  -----------  ----------  ------  -----------------------------------------------------------------------------------------------
recam_dss_g2x2_r_static_global_top
                                  158230.1974    100.0      53.2224      0.0000  0.0000  recam_dss_g2x2_r_static_global_top
analyzer                           88465.6087     55.9   88465.6087      0.0000  0.0000  recam_shared_config_analyzer_ROW_ADDR_W9_PHYS_COL_ADDR_W13_HYBRID_LINE_ADDR_W13_HYBRID_ENTRIES7
core                               25160.8899     15.9    1769.6448   3246.5664  0.0000  recam_dss_g2x2_r_static_global_core
core/candidate_store               17061.1058     10.8   13681.4833   3379.6225  0.0000  dss_v2_group_candidate_store
core/collect_slot_decode             126.4032      0.1     126.4032      0.0000  0.0000  dss_v2_group_slot_decode
core/static_selector                2957.1696      1.9    2957.1696      0.0000  0.0000  recam_dss_g2x2_r_static_selector
pivot_address_regs                 44550.4764     28.2   19669.0038  24881.4726  0.0000  dss_group_pivot_address_regs_ROW_ADDR_W9_PHYS_COL_ADDR_W13
--------------------------------  -----------  -------  -----------  ----------  ------  -----------------------------------------------------------------------------------------------
Total                                                   126722.5358  31507.6615  0.0000

1
