 
****************************************
Report : cell
Design : recam_dss_l1x4_r_static_global_live_state_top
Version: W-2024.09-SP2
Date   : Mon Sep 28 19:34:34 2026
****************************************

Attributes:
    b - black box (unknown)
    h - hierarchical
    n - noncombinational
    p - parameterized
    r - removable
    u - contains unmapped logic

Cell                      Reference       Library             Area  Attributes
--------------------------------------------------------------------------------
U6                        XNOR2X1         slow            26.611200 
U7                        XNOR2X1         slow            26.611200 
U9                        AOI31XL         slow            16.632000 
U10                       AND2X4          slow            16.632000 
U11                       AND3X1          slow            16.632000 
analyzer                  recam_shared_config_analyzer_ROW_ADDR_W9_PHYS_COL_ADDR_W13_WORD_COL_ADDR_W5_HYBRID_LINE_ADDR_W13_HYBRID_ENTRIES7
                                                          86848.978378
                                                                    h, p
core                      recam_dss_l1x4_r_static_global_live_state_core
                                                          25836.148866
                                                                    h, n
pivot_address_regs        dss_group_pivot_address_regs_ROW_ADDR_W9_PHYS_COL_ADDR_W13
                                                          44507.233184
                                                                    h, n, p
--------------------------------------------------------------------------------
Total 8 cells                                             157295.478829
1
