 
****************************************
Report : area
Design : recam_dss_l1x4_r_static_global_live_state_top
Version: W-2024.09-SP2
Date   : Mon Sep 28 19:34:34 2026
****************************************

Library(s) Used:

    slow (File: /cad/std_libraries/CBDK_TSMC018_Arm_f1.0/CIC/SynopsysDC/db/slow.db)

Number of ports:                         1795
Number of nets:                          8634
Number of cells:                         7333
Number of combinational cells:           6732
Number of sequential cells:               566
Number of macros/black boxes:               0
Number of buf/inv:                       1962
Number of references:                       7

Combinational area:             125704.657319
Buf/Inv area:                    19110.168265
Noncombinational area:           31590.821510
Macro/Black Box area:                0.000000
Net Interconnect area:          840470.926178

Total cell area:                157295.478829
Total area:                     997766.405007

Hierarchical area distribution
------------------------------

                                  Global cell area              Local cell area
                                  --------------------  ------------------------------- 
Hierarchical cell                 Absolute     Percent  Combi-       Noncombi-   Black-
                                  Total        Total    national     national    boxes   Design
--------------------------------  -----------  -------  -----------  ----------  ------  ----------------------------------------------------------------------------------------------------------------
recam_dss_l1x4_r_static_global_live_state_top
                                  157295.4788    100.0     103.1184      0.0000  0.0000  recam_dss_l1x4_r_static_global_live_state_top
analyzer                           86848.9784     55.2   86848.9784      0.0000  0.0000  recam_shared_config_analyzer_ROW_ADDR_W9_PHYS_COL_ADDR_W13_WORD_COL_ADDR_W5_HYBRID_LINE_ADDR_W13_HYBRID_ENTRIES7
core                               25836.1489     16.4    2355.0912   3516.0048  0.0000  recam_dss_l1x4_r_static_global_live_state_core
core/candidate_store               18321.8112     11.6   15128.4672   3193.3440  0.0000  dss_v2_group_candidate_store
core/slot_decode                      96.4656      0.1      96.4656      0.0000  0.0000  dss_v2_group_slot_decode
core/static_selector                1546.7760      1.0    1546.7760      0.0000  0.0000  recam_dss_l1x4_r_static_selector
pivot_address_regs                 44507.2332     28.3   19625.7606  24881.4726  0.0000  dss_group_pivot_address_regs_ROW_ADDR_W9_PHYS_COL_ADDR_W13
--------------------------------  -----------  -------  -----------  ----------  ------  ----------------------------------------------------------------------------------------------------------------
Total                                                   125704.6573  31590.8215  0.0000

1
