 
****************************************
Report : qor
Design : recam_dss_l1x4_r_static_global_live_state_top
Version: W-2024.09-SP2
Date   : Mon Sep 28 19:34:34 2026
****************************************


  Timing Path Group 'recam_clk'
  -----------------------------------
  Levels of Logic:              89.00
  Critical Path Length:         19.73
  Critical Path Slack:           0.00
  Critical Path Clk Period:     20.00
  Total Negative Slack:          0.00
  No. of Violating Paths:        0.00
  Worst Hold Violation:          0.00
  Total Hold Violation:          0.00
  No. of Hold Violations:        0.00
  -----------------------------------


  Cell Count
  -----------------------------------
  Hierarchical Cell Count:          6
  Hierarchical Port Count:       1079
  Leaf Cell Count:               7298
  Buf/Inv Cell Count:            1962
  Buf Cell Count:                 216
  Inv Cell Count:                1746
  CT Buf/Inv Cell Count:            0
  Combinational Cell Count:      6732
  Sequential Cell Count:          566
  Macro Count:                      0
  -----------------------------------


  Area
  -----------------------------------
  Combinational Area:   125704.657319
  Noncombinational Area: 31590.821510
  Buf/Inv Area:          19110.168265
  Total Buffer Area:          4444.07
  Total Inverter Area:       14666.10
  Macro/Black Box Area:      0.000000
  Net Area:             840470.926178
  -----------------------------------
  Cell Area:            157295.478829
  Design Area:          997766.405007


  Design Rules
  -----------------------------------
  Total Number of Nets:          7611
  Nets With Violations:             2
  Max Trans Violations:             0
  Max Cap Violations:               2
  -----------------------------------


  Hostname: Kaohsiung

  Compile CPU Statistics
  -----------------------------------------
  Resource Sharing:                    3.88
  Logic Optimization:                 43.67
  Mapping Optimization:               14.71
  -----------------------------------------
  Overall Compile Time:               68.59
  Overall Compile Wall Clock Time:    68.94

  --------------------------------------------------------------------

  Design  WNS: 0.00  TNS: 0.00  Number of Violating Paths: 0


  Design (Hold)  WNS: 0.00  TNS: 0.00  Number of Violating Paths: 0

  --------------------------------------------------------------------


1
