 
****************************************
Report : reference
Design : recam_dss_l1x4_r_static_global_live_state_top
Version: W-2024.09-SP2
Date   : Mon Sep 28 19:34:34 2026
****************************************

Attributes:
    b - black box (unknown)
   bo - allows boundary optimization
    d - dont_touch
   mo - map_only
    h - hierarchical
    n - noncombinational
    r - removable
    s - synthetic operator
    u - contains unmapped logic

Reference          Library       Unit Area   Count    Total Area   Attributes
-----------------------------------------------------------------------------
AND2X4             slow          16.632000       1     16.632000  
AND3X1             slow          16.632000       1     16.632000  
AOI31XL            slow          16.632000       1     16.632000  
XNOR2X1            slow          26.611200       2     53.222401  
dss_group_pivot_address_regs_ROW_ADDR_W9_PHYS_COL_ADDR_W13
                              44507.233184       1  44507.233184  h, n
recam_dss_l1x4_r_static_global_live_state_core
                              25836.148866       1  25836.148866  h, n
recam_shared_config_analyzer_ROW_ADDR_W9_PHYS_COL_ADDR_W13_WORD_COL_ADDR_W5_HYBRID_LINE_ADDR_W13_HYBRID_ENTRIES7
                              86848.978378       1  86848.978378  h
-----------------------------------------------------------------------------
Total 7 references                                  157295.478829

****************************************
Design: dss_group_pivot_address_regs_ROW_ADDR_W9_PHYS_COL_ADDR_W13 
****************************************
Reference          Library       Unit Area   Count    Total Area   Attributes
-----------------------------------------------------------------------------
AND2X2             slow          13.305600       7     93.139201  
AOI2BB1X1          slow          16.632000       3     49.896000  
AOI2BB2X1          slow          23.284800       4     93.139198  
AOI21X1            slow          13.305600      13    172.972802  
AOI21XL            slow          13.305600       2     26.611200  
AOI22X1            slow          16.632000      10    166.320000  
AOI22XL            slow          16.632000       2     33.264000  
AOI32X1            slow          23.284800       3     69.854399  
AOI33X1            slow          26.611200       3     79.833601  
AOI33XL            slow          26.611200       1     26.611200  
AOI222X1           slow          26.611200       1     26.611200  
BUFX1              slow          13.305600      18    239.500803  
BUFX3              slow          13.305600      21    279.417603  
CLKINVXL           slow           9.979200       1      9.979200  
DFFXL              slow          56.548801     440  24881.472626  n
INVX1              slow           6.652800     394   2621.203233  
INVXL              slow           6.652800       3     19.958400  
NAND2BX1           slow          13.305600       4     53.222401  
NAND2X1            slow           9.979200      35    349.272013  
NAND2XL            slow           9.979200      12    119.750404  
NAND3X1            slow          13.305600      12    159.667202  
NAND3XL            slow          13.305600       1     13.305600  
NOR2BX1            slow          13.305600       8    106.444801  
NOR2X1             slow           9.979200      18    179.625607  
NOR2XL             slow           9.979200      85    848.232031  
NOR3X1             slow          13.305600       5     66.528001  
OAI2BB1X1          slow          16.632000       1     16.632000  
OAI21XL            slow          13.305600      10    133.056002  
OAI22X1            slow          19.958401     440   8781.696320  
OAI22XL            slow          19.958401     180   3592.512131  
OAI31X1            slow          19.958401       4     79.833603  
OAI32X1            slow          23.284800       9    209.563196  
OAI33X1            slow          26.611200       4    106.444801  
OAI221XL           slow          23.284800       7    162.993597  
XNOR2X1            slow          26.611200       4    106.444801  
XOR2X1             slow          26.611200      20    532.224007  
-----------------------------------------------------------------------------
Total 36 references                                 44507.233184

****************************************
Design: recam_dss_l1x4_r_static_global_live_state_core 
****************************************
Reference          Library       Unit Area   Count    Total Area   Attributes
-----------------------------------------------------------------------------
AND2X2             slow          13.305600       9    119.750401  
AND3X2             slow          16.632000       1     16.632000  
AOI2BB1X1          slow          16.632000       1     16.632000  
AOI21X1            slow          13.305600       5     66.528001  
AOI22X1            slow          16.632000      24    399.167999  
AOI22XL            slow          16.632000       8    133.056000  
AOI31X1            slow          16.632000       5     83.160000  
AOI211X1           slow          16.632000       1     16.632000  
BUFX3              slow          13.305600       1     13.305600  
BUFX4              slow          16.632000       1     16.632000  
BUFX20             slow          53.222401       1     53.222401  
CLKBUFX3           slow          13.305600       1     13.305600  
DFFHQX1            slow          53.222401       1     53.222401  n
DFFHQXL            slow          53.222401      64   3406.233643  n
DFFXL              slow          56.548801       1     56.548801  n
INVX1              slow           6.652800      68    452.390406  
INVXL              slow           6.652800       2     13.305600  
MXI2XL             slow          23.284800       1     23.284800  
NAND2X1            slow           9.979200       5     49.896002  
NAND2XL            slow           9.979200       1      9.979200  
NAND3BX1           slow          16.632000       1     16.632000  
NAND3X1            slow          13.305600       6     79.833601  
NOR2X1             slow           9.979200       4     39.916801  
NOR3X1             slow          13.305600       1     13.305600  
OAI2BB1X1          slow          16.632000      12    199.584000  
OAI2BB2X1          slow          23.284800       6    139.708797  
OAI21XL            slow          13.305600       7     93.139201  
OAI22X1            slow          19.958401       1     19.958401  
OAI31X1            slow          19.958401       1     19.958401  
OAI32X1            slow          23.284800       2     46.569599  
OAI32XL            slow          23.284800       1     23.284800  
OAI211X1           slow          19.958401       1     19.958401  
OR2X2              slow          13.305600       2     26.611200  
OR2XL              slow          13.305600       1     13.305600  
XNOR2X1            slow          26.611200       2     53.222401  
XOR2X1             slow          26.611200       2     53.222401  
dss_v2_group_candidate_store  18321.811193       1  18321.811193  h, n
dss_v2_group_slot_decode         96.465601       1     96.465601  h
recam_dss_l1x4_r_static_selector
                               1546.776014       1   1546.776014  h
-----------------------------------------------------------------------------
Total 39 references                                 25836.148866

****************************************
Design: dss_v2_group_candidate_store 
****************************************
Reference          Library       Unit Area   Count    Total Area   Attributes
-----------------------------------------------------------------------------
ADDFX1             slow          69.854401       2    139.708801  r
ADDFX2             slow          69.854401       5    349.272003  r
AND2X1             slow          13.305600       6     79.833601  
AND2X2             slow          13.305600      10    133.056002  
AND3X1             slow          16.632000       3     49.896000  
AND3X4             slow          19.958401       2     39.916801  
AND4X2             slow          19.958401      16    319.334412  
AOI2BB1X1          slow          16.632000       3     49.896000  
AOI2BB2X1          slow          23.284800     105   2444.903955  
AOI2BB2X2          slow          29.937599      79   2365.070335  
AOI2BB2X4          slow          49.896000       4    199.584000  
AOI2BB2XL          slow          23.284800       3     69.854399  
AOI21X1            slow          13.305600      18    239.500803  
AOI22X1            slow          16.632000      39    648.647999  
AOI22X2            slow          29.937599       1     29.937599  
AOI22XL            slow          16.632000       3     49.896000  
AOI31X1            slow          16.632000      56    931.391998  
AOI221X1           slow          23.284800       1     23.284800  
AOI222X1           slow          26.611200      13    345.945604  
AOI222X2           slow          46.569599       1     46.569599  
BUFX3              slow          13.305600       8    106.444801  
BUFX4              slow          16.632000       1     16.632000  
BUFX8              slow          29.937599       3     89.812798  
BUFX12             slow          33.264000       4    133.056000  
BUFX16             slow          43.243198       3    129.729595  
BUFX20             slow          53.222401       2    106.444801  
CLKBUFX12          slow          53.222401       1     53.222401  
CLKINVX2           slow           9.979200       1      9.979200  
CLKINVX3           slow           9.979200       4     39.916801  
CLKINVX4           slow          13.305600       2     26.611200  
CLKINVX8           slow          19.958401       6    119.750404  
CLKINVXL           slow           9.979200       2     19.958401  
DFFHQXL            slow          53.222401      60   3193.344040  n
INVX1              slow           6.652800     161   1071.100813  
INVX2              slow           9.979200       1      9.979200  
INVX3              slow          13.305600       1     13.305600  
INVX4              slow          13.305600      22    292.723204  
INVX8              slow          19.958401      13    259.459209  
INVX12             slow          43.243198       1     43.243198  
INVX20             slow          63.201599       1     63.201599  
INVXL              slow           6.652800      14     93.139201  
MXI2X1             slow          23.284800       1     23.284800  
NAND2X1            slow           9.979200       5     49.896002  
NAND3X1            slow          13.305600      53    705.196809  
NAND3X2            slow          23.284800      29    675.259188  
NAND3XL            slow          13.305600       1     13.305600  
NAND4X1            slow          16.632000       6     99.792000  
NOR2X1             slow           9.979200       5     49.896002  
NOR2XL             slow           9.979200       2     19.958401  
NOR3X1             slow          13.305600       6     79.833601  
NOR3XL             slow          13.305600       4     53.222401  
OAI2BB1X1          slow          16.632000       4     66.528000  
OAI21X2            slow          26.611200       1     26.611200  
OAI21XL            slow          13.305600       1     13.305600  
OAI22X1            slow          19.958401       2     39.916801  
OAI221X2           slow          43.243198       2     86.486397  
OAI222X1           slow          29.937599       1     29.937599  
OR2X2              slow          13.305600      70    931.392012  
OR2X4              slow          19.958401       1     19.958401  
OR4X1              slow          19.958401       3     59.875202  
XOR2X1             slow          26.611200      15    399.168005  
XOR2XL             slow          26.611200       5    133.056002  
XOR3X2             slow          59.875198       5    299.375992  
-----------------------------------------------------------------------------
Total 63 references                                 18321.811193

****************************************
Design: dss_v2_group_slot_decode 
****************************************
Reference          Library       Unit Area   Count    Total Area   Attributes
-----------------------------------------------------------------------------
AND2X4             slow          16.632000       1     16.632000  
INVX1              slow           6.652800       2     13.305600  
INVX4              slow          13.305600       2     26.611200  
OR2X2              slow          13.305600       2     26.611200  
OR2XL              slow          13.305600       1     13.305600  
-----------------------------------------------------------------------------
Total 5 references                                     96.465601

****************************************
Design: recam_dss_l1x4_r_static_selector 
****************************************
Reference          Library       Unit Area   Count    Total Area   Attributes
-----------------------------------------------------------------------------
AND2X1             slow          13.305600       4     53.222401  
AND2X2             slow          13.305600       7     93.139201  
AND3X1             slow          16.632000       2     33.264000  
AND3X2             slow          16.632000       7    116.424000  
AND3X4             slow          19.958401       2     39.916801  
AND4X1             slow          19.958401       1     19.958401  
AND4X2             slow          19.958401       1     19.958401  
AOI22X1            slow          16.632000      14    232.848000  
AOI22XL            slow          16.632000       2     33.264000  
BUFX1              slow          13.305600       1     13.305600  
INVX1              slow           6.652800      14     93.139201  
NAND2X1            slow           9.979200       7     69.854403  
NAND2XL            slow           9.979200       2     19.958401  
NAND3BXL           slow          16.632000       1     16.632000  
NAND3X1            slow          13.305600       7     93.139201  
NAND3X4            slow          33.264000       1     33.264000  
NAND3XL            slow          13.305600       6     79.833601  
NAND4BXL           slow          19.958401       1     19.958401  
NAND4X1            slow          16.632000       5     83.160000  
NAND4XL            slow          16.632000       2     33.264000  
NOR2BX1            slow          13.305600       3     39.916800  
NOR2BX2            slow          19.958401       2     39.916801  
NOR2BX4            slow          26.611200       1     26.611200  
NOR2X1             slow           9.979200       2     19.958401  
NOR3X1             slow          13.305600       1     13.305600  
NOR4BX1            slow          19.958401       1     19.958401  
OAI2BB1X1          slow          16.632000       8    133.056000  
OAI21XL            slow          13.305600       2     26.611200  
OAI211X4           slow          29.937599       1     29.937599  
-----------------------------------------------------------------------------
Total 29 references                                  1546.776014

****************************************
Design: recam_shared_config_analyzer_ROW_ADDR_W9_PHYS_COL_ADDR_W13_WORD_COL_ADDR_W5_HYBRID_LINE_ADDR_W13_HYBRID_ENTRIES7 
****************************************
Reference          Library       Unit Area   Count    Total Area   Attributes
-----------------------------------------------------------------------------
AND2X1             slow          13.305600      13    172.972802  
AND2X2             slow          13.305600      18    239.500803  
AND2X4             slow          16.632000       4     66.528000  
AND3X1             slow          16.632000       2     33.264000  
AND3X2             slow          16.632000      23    382.535999  
AND3X4             slow          19.958401       3     59.875202  
AND4X1             slow          19.958401       3     59.875202  
AND4X2             slow          19.958401      47    938.044834  
AND4X4             slow          36.590401      20    731.808014  
AOI2BB1X1          slow          16.632000       3     49.896000  
AOI2BB1X2          slow          23.284800       1     23.284800  
AOI2BB1X4          slow          36.590401       1     36.590401  
AOI2BB1XL          slow          16.632000       1     16.632000  
AOI2BB2X1          slow          23.284800      30    698.543987  
AOI2BB2X2          slow          29.937599       8    239.500793  
AOI2BB2X4          slow          49.896000       1     49.896000  
AOI2BB2XL          slow          23.284800       4     93.139198  
AOI22X1            slow          16.632000       9    149.688000  
AOI31X1            slow          16.632000       2     33.264000  
AOI31X2            slow          29.937599       4    119.750397  
AOI31X4            slow          29.937599       1     29.937599  
AOI32X1            slow          23.284800       2     46.569599  
AOI33X1            slow          26.611200       2     53.222401  
AOI211X1           slow          16.632000       6     99.792000  
AOI211X2           slow          29.937599       2     59.875198  
AOI211X4           slow          33.264000       1     33.264000  
AOI221X1           slow          23.284800      11    256.132795  
AOI221X2           slow          39.916801       9    359.251213  
AOI221X4           slow          36.590401       2     73.180801  
AOI222X1           slow          26.611200      38   1011.225613  
AOI222X2           slow          46.569599       4    186.278397  
AOI222X4           slow          39.916801       1     39.916801  
BUFX1              slow          13.305600      31    412.473605  
BUFX3              slow          13.305600      50    665.280008  
BUFX4              slow          16.632000      10    166.320000  
BUFX8              slow          29.937599      25    748.439980  
BUFX12             slow          33.264000      12    399.167999  
BUFX16             slow          43.243198       8    345.945587  
BUFX20             slow          53.222401       4    212.889603  
CLKBUFX3           slow          13.305600       1     13.305600  
CLKBUFX4           slow          16.632000       1     16.632000  
CLKBUFX8           slow          23.284800       4     93.139198  
CLKBUFX12          slow          53.222401       1     53.222401  
CLKBUFXL           slow          13.305600       1     13.305600  
CLKINVX1           slow           9.979200       1      9.979200  
CLKINVX2           slow           9.979200       5     49.896002  
CLKINVX3           slow           9.979200     196   1955.923271  
CLKINVX4           slow          13.305600      14    186.278402  
CLKINVX8           slow          19.958401      27    538.876820  
CLKINVXL           slow           9.979200      23    229.521608  
DLY1X1             slow          19.958401       2     39.916801  
INVX1              slow           6.652800     569   3785.443247  
INVX2              slow           9.979200      24    239.500809  
INVX3              slow          13.305600       5     66.528001  
INVX4              slow          13.305600      56    745.113609  
INVX8              slow          19.958401      45    898.128033  
INVX12             slow          43.243198       3    129.729595  
INVX16             slow          56.548801       2    113.097603  
INVXL              slow           6.652800      61    405.820805  
MX2X1              slow          26.611200     209   5561.740870  
MX2X2              slow          29.937599      13    389.188789  
MX2X4              slow          33.264000       9    299.375999  
MX2XL              slow          26.611200       9    239.500803  
MXI2X1             slow          23.284800      93   2165.486361  
MXI2X2             slow          26.611200     108   2874.009636  
MXI2X4             slow          46.569599      44   2049.062363  
MXI2XL             slow          23.284800      37    861.537584  
NAND2BXL           slow          13.305600       1     13.305600  
NAND2X1            slow           9.979200      35    349.272013  
NAND2X2            slow          16.632000       4     66.528000  
NAND2X4            slow          23.284800       3     69.854399  
NAND2XL            slow           9.979200       5     49.896002  
NAND3BX1           slow          16.632000       1     16.632000  
NAND3BX2           slow          26.611200       2     53.222401  
NAND3X1            slow          13.305600     192   2554.675232  
NAND3X2            slow          23.284800      40    931.391983  
NAND3X4            slow          33.264000      26    864.863998  
NAND3XL            slow          13.305600      23    306.028804  
NAND4BBX2          slow          36.590401       1     36.590401  
NAND4BBX4          slow          63.201599       3    189.604797  
NAND4BX4           slow          59.875198       1     59.875198  
NAND4BXL           slow          19.958401       1     19.958401  
NAND4X1            slow          16.632000     125   2078.999996  
NAND4X2            slow          29.937599      40   1197.503967  
NAND4X4            slow          56.548801      31   1753.012844  
NAND4XL            slow          16.632000      18    299.375999  
NOR2BX2            slow          19.958401       1     19.958401  
NOR2BX4            slow          26.611200       1     26.611200  
NOR2X1             slow           9.979200      33    329.313612  
NOR2X2             slow          16.632000      11    182.952000  
NOR2X4             slow          23.284800      13    302.702394  
NOR2XL             slow           9.979200       2     19.958401  
NOR3X1             slow          13.305600       3     39.916800  
NOR3X2             slow          23.284800       4     93.139198  
NOR3X4             slow          33.264000       2     66.528000  
NOR4X1             slow          19.958401       1     19.958401  
NOR4X4             slow          56.548801       2    113.097603  
OAI2BB1X1          slow          16.632000      47    781.703999  
OAI2BB1X2          slow          23.284800      19    442.411192  
OAI2BB1X4          slow          33.264000      19    632.015999  
OAI2BB1XL          slow          16.632000       2     33.264000  
OAI21X4            slow          36.590401       3    109.771202  
OAI22X1            slow          19.958401      44    878.169632  
OAI22X2            slow          29.937599      27    808.315178  
OAI22X4            slow          46.569599       8    372.556793  
OAI22XL            slow          19.958401      21    419.126415  
OAI31X1            slow          19.958401       1     19.958401  
OAI31X2            slow          29.937599       3     89.812798  
OAI31X4            slow          29.937599       1     29.937599  
OAI32X2            slow          36.590401       3    109.771202  
OAI32X4            slow          33.264000       6    199.584000  
OAI33X2            slow          43.243198       1     43.243198  
OAI211X1           slow          19.958401      14    279.417610  
OAI211X2           slow          33.264000       5    166.320000  
OAI211X4           slow          29.937599      13    389.188789  
OAI211XL           slow          19.958401       2     39.916801  
OAI221X1           slow          26.611200       1     26.611200  
OAI221X2           slow          43.243198       3    129.729595  
OAI221X4           slow          36.590401       5    182.952003  
OAI221XL           slow          23.284800       4     93.139198  
OAI222X2           slow          49.896000       3    149.688000  
OAI222X4           slow          39.916801       5    199.584007  
OAI222XL           slow          26.611200       2     53.222401  
OR2X1              slow          13.305600       6     79.833601  
OR2X2              slow          13.305600     247   3286.483241  
OR2X4              slow          19.958401      92   1836.172867  
OR2XL              slow          13.305600      20    266.112003  
OR3X4              slow          29.937599       3     89.812798  
OR3XL              slow          16.632000       5     83.160000  
OR4X1              slow          19.958401       1     19.958401  
OR4X2              slow          19.958401      46    918.086433  
OR4X4              slow          36.590401      27    987.940819  
XNOR2X1            slow          26.611200      40   1064.448013  
XNOR2X2            slow          36.590401      12    439.084808  
XNOR2X4            slow          56.548801      14    791.683220  
XNOR2XL            slow          26.611200       6    159.667202  
XOR2X1             slow          26.611200     608  16179.609802  
XOR2X2             slow          33.264000     129   4291.055992  
XOR2X4             slow          56.548801      35   1979.208050  
XOR2XL             slow          26.611200      81   2155.507227  
-----------------------------------------------------------------------------
Total 140 references                                86848.978378
1
