 
****************************************
Report : area
Design : recam_dss_l1x4_r_static_early_top
Version: W-2024.09-SP2
Date   : Thu Sep 24 07:04:22 2026
****************************************

Library(s) Used:

    slow (File: /cad/std_libraries/CBDK_TSMC018_Arm_f1.0/CIC/SynopsysDC/db/slow.db)

Number of ports:                          866
Number of nets:                          5596
Number of cells:                         4839
Number of combinational cells:           4822
Number of sequential cells:                12
Number of macros/black boxes:               0
Number of buf/inv:                       1458
Number of references:                       6

Combinational area:              99016.949543
Buf/Inv area:                    17496.864245
Noncombinational area:             678.585609
Macro/Black Box area:                0.000000
Net Interconnect area:          507502.544403

Total cell area:                 99695.535153
Total area:                     607198.079556

Hierarchical area distribution
------------------------------

                                  Global cell area            Local cell area
                                  -------------------  ----------------------------- 
Hierarchical cell                 Absolute    Percent  Combi-      Noncombi-  Black-
                                  Total       Total    national    national   boxes   Design
--------------------------------  ----------  -------  ----------  ---------  ------  ----------------------------------------------------------------------------------------------------------------
recam_dss_l1x4_r_static_early_top 99695.5352    100.0     79.8336     0.0000  0.0000  recam_dss_l1x4_r_static_early_top
analyzer                          92304.2743     92.6  92304.2743     0.0000  0.0000  recam_shared_config_analyzer_ROW_ADDR_W9_PHYS_COL_ADDR_W13_WORD_COL_ADDR_W5_HYBRID_LINE_ADDR_W13_HYBRID_ENTRIES7
core                               1666.5264      1.7    987.9408   678.5856  0.0000  recam_dss_l1x4_r_static_early_core
selected_address_mux               5644.9008      5.7   5644.9008     0.0000  0.0000  dss_early_selected_address_mux_ROW_ADDR_W9_PHYS_COL_ADDR_W13
--------------------------------  ----------  -------  ----------  ---------  ------  ----------------------------------------------------------------------------------------------------------------
Total                                                  99016.9495   678.5856  0.0000

1
