 
****************************************
Report : cell
Design : recam_dss_hyp02_static_global_live_state_top
Version: W-2024.09-SP2
Date   : Mon Sep 28 03:13:11 2026
****************************************

Attributes:
    b - black box (unknown)
    h - hierarchical
    n - noncombinational
    p - parameterized
    r - removable
    u - contains unmapped logic

Cell                      Reference       Library             Area  Attributes
--------------------------------------------------------------------------------
U6                        BUFX20          slow            53.222401 
U7                        DLY1X1          slow            19.958401 
U8                        DLY1X1          slow            19.958401 
U9                        DLY1X1          slow            19.958401 
U10                       NAND3X1         slow            13.305600 
U11                       AND4X1          slow            19.958401 
U12                       AND2X4          slow            16.632000 
U13                       XNOR2XL         slow            26.611200 
U14                       XNOR2XL         slow            26.611200 
analyzer                  recam_shared_config_analyzer_ROW_ADDR_W9_PHYS_COL_ADDR_W13_WORD_COL_ADDR_W5_HYBRID_LINE_ADDR_W13_HYBRID_ENTRIES7
                                                          159969.903696
                                                                    h, p
core                      recam_dss_hyp02_static_global_live_state_core
                                                          40997.880442
                                                                    h, n
pivot_address_regs        dss_group_pivot_address_regs_ROW_ADDR_W9_PHYS_COL_ADDR_W13
                                                          44374.177155
                                                                    h, n, p
--------------------------------------------------------------------------------
Total 12 cells                                            245558.177297
1
