 
****************************************
Report : constraint
        -all_violators
Design : recam_dss_hyp02_static_global_live_state_top
Version: W-2024.09-SP2
Date   : Mon Sep 28 03:13:11 2026
****************************************


   max_delay/setup ('recam_clk' group)

                             Required        Actual
   Endpoint                 Path Delay     Path Delay        Slack
   -----------------------------------------------------------------
   core/candidate_store/store_q_reg[8]/D
                                9.91          14.02 r        -4.11  (VIOLATED)
   core/candidate_store/store_q_reg[58]/D
                                9.91          14.02 r        -4.11  (VIOLATED)
   core/candidate_store/store_q_reg[47]/D
                                9.91          14.02 r        -4.11  (VIOLATED)
   core/candidate_store/store_q_reg[59]/D
                                9.91          14.02 r        -4.11  (VIOLATED)
   core/candidate_store/store_q_reg[23]/D
                                9.90          14.01 r        -4.11  (VIOLATED)
   core/candidate_store/store_q_reg[75]/D
                                9.91          14.02 r        -4.11  (VIOLATED)
   core/candidate_store/store_q_reg[37]/D
                                9.83          13.94 f        -4.11  (VIOLATED)
   core/candidate_store/store_q_reg[64]/D
                                9.83          13.94 f        -4.11  (VIOLATED)
   core/candidate_store/store_q_reg[15]/D
                                9.83          13.94 f        -4.11  (VIOLATED)
   core/candidate_store/store_q_reg[54]/D
                                9.90          14.01 r        -4.11  (VIOLATED)
   core/candidate_store/store_q_reg[67]/D
                                9.83          13.94 f        -4.11  (VIOLATED)
   core/candidate_store/store_q_reg[61]/D
                                9.83          13.94 f        -4.11  (VIOLATED)
   core/candidate_store/store_q_reg[74]/D
                                9.83          13.94 f        -4.11  (VIOLATED)
   core/candidate_store/store_q_reg[22]/D
                                9.90          14.01 r        -4.11  (VIOLATED)
   core/candidate_store/store_q_reg[9]/D
                                9.74          13.84 f        -4.11  (VIOLATED)
   core/candidate_store/store_q_reg[25]/D
                                9.83          13.94 f        -4.10  (VIOLATED)
   core/candidate_store/store_q_reg[34]/D
                                9.90          14.01 r        -4.10  (VIOLATED)
   core/candidate_store/store_q_reg[45]/D
                                9.90          14.01 r        -4.10  (VIOLATED)
   core/candidate_store/store_q_reg[63]/D
                                9.83          13.94 f        -4.10  (VIOLATED)
   core/candidate_store/store_q_reg[24]/D
                                9.90          14.01 r        -4.10  (VIOLATED)
   core/candidate_store/store_q_reg[19]/D
                                9.90          14.01 r        -4.10  (VIOLATED)
   core/candidate_store/store_q_reg[56]/D
                                9.89          13.99 r        -4.10  (VIOLATED)
   core/candidate_store/store_q_reg[16]/D
                                9.89          13.99 r        -4.10  (VIOLATED)
   core/candidate_store/store_q_reg[17]/D
                                9.83          13.93 f        -4.10  (VIOLATED)
   core/candidate_store/store_q_reg[20]/D
                                9.90          14.01 r        -4.10  (VIOLATED)
   core/candidate_store/store_q_reg[11]/D
                                9.89          13.99 r        -4.10  (VIOLATED)
   core/candidate_store/store_q_reg[21]/D
                                9.90          14.01 r        -4.10  (VIOLATED)
   core/candidate_store/store_q_reg[68]/D
                                9.83          13.93 f        -4.10  (VIOLATED)
   core/candidate_store/store_q_reg[76]/D
                                9.83          13.93 f        -4.10  (VIOLATED)
   core/candidate_store/store_q_reg[66]/D
                                9.83          13.93 f        -4.10  (VIOLATED)
   core/candidate_store/store_q_reg[12]/D
                                9.90          14.00 r        -4.10  (VIOLATED)
   core/candidate_store/store_q_reg[44]/D
                                9.90          14.00 r        -4.10  (VIOLATED)
   core/candidate_store/store_q_reg[5]/D
                                9.83          13.93 f        -4.10  (VIOLATED)
   core/candidate_store/store_q_reg[42]/D
                                9.83          13.93 f        -4.10  (VIOLATED)
   core/candidate_store/store_q_reg[41]/D
                                9.83          13.93 f        -4.10  (VIOLATED)
   core/candidate_store/store_q_reg[18]/D
                                9.83          13.93 f        -4.10  (VIOLATED)
   core/candidate_store/store_q_reg[36]/D
                                9.90          14.00 r        -4.10  (VIOLATED)
   core/candidate_store/store_q_reg[7]/D
                                9.91          14.01 r        -4.10  (VIOLATED)
   core/candidate_store/store_q_reg[73]/D
                                9.90          14.00 r        -4.10  (VIOLATED)
   core/candidate_store/store_q_reg[14]/D
                                9.73          13.83 f        -4.10  (VIOLATED)
   core/candidate_store/store_q_reg[49]/D
                                9.73          13.83 f        -4.10  (VIOLATED)
   core/candidate_store/store_q_reg[62]/D
                                9.91          14.01 r        -4.10  (VIOLATED)
   core/candidate_store/store_q_reg[52]/D
                                9.83          13.93 f        -4.10  (VIOLATED)
   core/candidate_store/store_q_reg[77]/D
                                9.89          13.99 r        -4.10  (VIOLATED)
   core/candidate_store/store_q_reg[29]/D
                                9.83          13.93 f        -4.09  (VIOLATED)
   core/candidate_store/store_q_reg[40]/D
                                9.83          13.92 f        -4.09  (VIOLATED)
   core/candidate_store/store_q_reg[33]/D
                                9.89          13.98 r        -4.09  (VIOLATED)
   core/candidate_store/store_q_reg[27]/D
                                9.89          13.98 r        -4.09  (VIOLATED)
   core/candidate_store/store_q_reg[71]/D
                                9.90          13.99 r        -4.09  (VIOLATED)
   core/candidate_store/store_q_reg[72]/D
                                9.83          13.92 f        -4.09  (VIOLATED)
   core/candidate_store/store_q_reg[53]/D
                                9.89          13.98 r        -4.09  (VIOLATED)
   core/candidate_store/store_q_reg[26]/D
                                9.91          14.00 r        -4.09  (VIOLATED)
   core/candidate_store/store_q_reg[38]/D
                                9.83          13.92 f        -4.09  (VIOLATED)
   core/candidate_store/store_q_reg[50]/D
                                9.89          13.97 r        -4.09  (VIOLATED)
   core/candidate_store/store_q_reg[2]/D
                                9.73          13.82 f        -4.08  (VIOLATED)
   core/candidate_store/store_q_reg[43]/D
                                9.90          13.99 r        -4.08  (VIOLATED)
   core/candidate_store/store_q_reg[70]/D
                                9.90          13.99 r        -4.08  (VIOLATED)
   core/candidate_store/store_q_reg[35]/D
                                9.90          13.99 r        -4.08  (VIOLATED)
   core/candidate_store/store_q_reg[79]/D
                                9.73          13.82 f        -4.08  (VIOLATED)
   core/candidate_store/store_q_reg[39]/D
                                9.90          13.99 r        -4.08  (VIOLATED)
   core/candidate_store/store_q_reg[55]/D
                                9.90          13.99 r        -4.08  (VIOLATED)
   core/candidate_store/store_q_reg[60]/D
                                9.83          13.91 f        -4.08  (VIOLATED)
   core/candidate_store/store_q_reg[65]/D
                                9.89          13.97 r        -4.08  (VIOLATED)
   core/candidate_store/store_q_reg[57]/D
                                9.91          13.99 r        -4.08  (VIOLATED)
   core/candidate_store/store_q_reg[78]/D
                                9.73          13.81 f        -4.08  (VIOLATED)
   core/candidate_store/store_q_reg[6]/D
                                9.90          13.98 r        -4.07  (VIOLATED)
   core/candidate_store/store_q_reg[31]/D
                                9.90          13.98 r        -4.07  (VIOLATED)
   core/candidate_store/store_q_reg[46]/D
                                9.90          13.97 r        -4.07  (VIOLATED)
   core/candidate_store/store_q_reg[32]/D
                                9.90          13.97 r        -4.06  (VIOLATED)
   core/candidate_store/store_q_reg[28]/D
                                9.90          13.97 r        -4.06  (VIOLATED)
   core/candidate_store/store_q_reg[13]/D
                                9.91          13.97 r        -4.06  (VIOLATED)
   core/candidate_store/store_q_reg[69]/D
                                9.89          13.95 r        -4.06  (VIOLATED)
   core/candidate_store/store_q_reg[30]/D
                                9.90          13.96 r        -4.06  (VIOLATED)
   core/candidate_store/store_q_reg[4]/D
                                9.90          13.95 r        -4.05  (VIOLATED)
   core/candidate_store/store_q_reg[48]/D
                                9.90          13.95 r        -4.05  (VIOLATED)
   core/candidate_store/store_q_reg[3]/D
                                9.73          13.78 f        -4.05  (VIOLATED)
   core/candidate_store/store_q_reg[10]/D
                                9.90          13.95 r        -4.04  (VIOLATED)
   core/candidate_store/store_q_reg[51]/D
                                9.90          13.94 r        -4.04  (VIOLATED)
   core/candidate_store/store_q_reg[1]/D
                                9.87          13.76 r        -3.89  (VIOLATED)
   core/candidate_store/store_q_reg[0]/D
                                9.90          13.55 r        -3.65  (VIOLATED)
   core/selected_pattern_flat_o_reg[6]/D
                                9.81          12.24 f        -2.43  (VIOLATED)
   core/selected_pattern_flat_o_reg[7]/D
                                9.81          12.24 f        -2.43  (VIOLATED)
   core/selected_pattern_flat_o_reg[5]/D
                                9.81          12.24 f        -2.43  (VIOLATED)
   core/selected_pattern_flat_o_reg[4]/D
                                9.81          12.24 f        -2.43  (VIOLATED)
   core/selected_pattern_flat_o_reg[0]/D
                                9.71          12.14 f        -2.43  (VIOLATED)
   core/selected_pattern_flat_o_reg[1]/D
                                9.72          12.14 f        -2.42  (VIOLATED)
   core/selected_pattern_flat_o_reg[2]/D
                                9.72          12.10 f        -2.37  (VIOLATED)
   core/selected_pattern_flat_o_reg[3]/D
                                9.81          12.10 f        -2.28  (VIOLATED)
   core/ledger_released_borrower_o_reg[3]/D
                                9.91          12.18 r        -2.28  (VIOLATED)
   core/release_flat_o_reg[3]/D
                                9.91          12.18 r        -2.28  (VIOLATED)
   core/ledger_released_borrower_o_reg[2]/D
                                9.91          12.18 r        -2.28  (VIOLATED)
   core/release_flat_o_reg[2]/D
                                9.91          12.18 r        -2.28  (VIOLATED)
   core/borrow_flat_o_reg[0]/D
                                9.91          12.16 r        -2.25  (VIOLATED)
   core/ledger_released_borrower_o_reg[8]/D
                                9.91          12.16 r        -2.25  (VIOLATED)
   core/ledger_released_borrower_o_reg[1]/D
                                9.91          12.16 r        -2.25  (VIOLATED)
   core/release_flat_o_reg[1]/D
                                9.91          12.16 r        -2.25  (VIOLATED)
   core/ledger_released_borrower_o_reg[0]/D
                                9.91          12.16 r        -2.25  (VIOLATED)
   core/release_flat_o_reg[0]/D
                                9.91          12.16 r        -2.25  (VIOLATED)
   core/borrow_flat_o_reg[1]/D
                                9.91          12.15 r        -2.24  (VIOLATED)
   core/ledger_released_borrower_o_reg[6]/D
                                9.91          12.15 r        -2.24  (VIOLATED)
   core/borrow_flat_o_reg[3]/D
                                9.91          12.14 r        -2.24  (VIOLATED)
   core/ledger_released_borrower_o_reg[11]/D
                                9.91          12.14 r        -2.24  (VIOLATED)
   core/borrow_flat_o_reg[2]/D
                                9.91          12.14 r        -2.24  (VIOLATED)
   core/ledger_released_borrower_o_reg[5]/D
                                9.91          12.14 r        -2.24  (VIOLATED)
   core/selected_pattern_flat_o_reg[10]/D
                                9.90          12.11 r        -2.21  (VIOLATED)
   core/selected_pattern_flat_o_reg[11]/D
                                9.90          12.11 r        -2.21  (VIOLATED)
   core/selected_pattern_flat_o_reg[12]/D
                                9.90          12.11 r        -2.21  (VIOLATED)
   core/selected_pattern_flat_o_reg[13]/D
                                9.90          12.11 r        -2.21  (VIOLATED)
   core/selected_pattern_flat_o_reg[8]/D
                                9.90          12.10 r        -2.21  (VIOLATED)
   core/selected_pattern_flat_o_reg[9]/D
                                9.90          12.10 r        -2.21  (VIOLATED)
   core/selected_pattern_flat_o_reg[14]/D
                                9.90          12.10 r        -2.21  (VIOLATED)
   core/selected_pattern_flat_o_reg[15]/D
                                9.90          12.10 r        -2.21  (VIOLATED)
   core/selected_config_flat_o_reg[0]/D
                                9.90          12.10 r        -2.21  (VIOLATED)
   core/selected_config_flat_o_reg[3]/D
                                9.89          11.94 r        -2.05  (VIOLATED)
   core/selected_config_flat_o_reg[6]/D
                                9.90          11.89 r        -2.00  (VIOLATED)
   core/selected_config_flat_o_reg[7]/D
                                9.90          11.89 r        -2.00  (VIOLATED)
   core/selected_config_flat_o_reg[9]/D
                                9.90          11.89 r        -2.00  (VIOLATED)
   core/selected_config_flat_o_reg[10]/D
                                9.90          11.89 r        -2.00  (VIOLATED)
   core/selected_config_flat_o_reg[11]/D
                                9.90          11.89 r        -2.00  (VIOLATED)
   core/selected_config_flat_o_reg[1]/D
                                9.90          11.89 r        -2.00  (VIOLATED)
   core/selected_config_flat_o_reg[2]/D
                                9.90          11.89 r        -2.00  (VIOLATED)
   core/selected_config_flat_o_reg[4]/D
                                9.90          11.89 r        -2.00  (VIOLATED)
   core/sa_commit_valid_o_reg[0]/D
                                9.90          11.65 r        -1.75  (VIOLATED)
   core/sa_commit_valid_o_reg[1]/D
                                9.90          11.65 r        -1.75  (VIOLATED)
   core/sa_commit_valid_o_reg[2]/D
                                9.90          11.65 r        -1.75  (VIOLATED)
   core/sa_commit_valid_o_reg[3]/D
                                9.90          11.65 r        -1.75  (VIOLATED)
   core/group_repairable_o_reg/D
                                9.91          11.47 r        -1.57  (VIOLATED)
   core/selected_donor_flat_o_reg[1]/D
                                9.91          11.47 r        -1.57  (VIOLATED)
   core/selected_donor_flat_o_reg[2]/D
                                9.91          11.47 r        -1.57  (VIOLATED)
   core/selected_donor_flat_o_reg[6]/D
                                9.91          11.47 r        -1.57  (VIOLATED)
   core/selected_donor_flat_o_reg[7]/D
                                9.91          11.47 r        -1.57  (VIOLATED)


   max_capacitance

                             Required        Actual
   Net                      Capacitance    Capacitance       Slack
   -----------------------------------------------------------------
   selected_pattern_flat_o[7]
                                0.15           0.17          -0.02  (VIOLATED)
   selected_pattern_flat_o[15]
                                0.15           0.17          -0.02  (VIOLATED)
   selected_pattern_flat_o[3]
                                0.15           0.17          -0.02  (VIOLATED)
   core/static_selector/n18     0.15           0.16          -0.01  (VIOLATED)
   analyzer/n783                0.15           0.15           0.00  (VIOLATED: increase significant digits)
   hybrid_differing_flat_i[18]
                                0.15           0.15           0.00  (VIOLATED: increase significant digits)
   hybrid_valid_i[0]            0.15           0.15           0.00  (VIOLATED: increase significant digits)
   candidate_store_image_o[25]
                                0.15           0.15           0.00  (VIOLATED: increase significant digits)

   -----------------------------------------------------------------
   Total                      8                  -0.06  

1
