 
****************************************
Report : area
Design : recam_dss_hyp02_static_global_live_state_top
Version: W-2024.09-SP2
Date   : Mon Sep 28 03:13:11 2026
****************************************

Library(s) Used:

    slow (File: /cad/std_libraries/CBDK_TSMC018_Arm_f1.0/CIC/SynopsysDC/db/slow.db)

Number of ports:                         1871
Number of nets:                         11588
Number of cells:                        10124
Number of combinational cells:           9513
Number of sequential cells:               586
Number of macros/black boxes:               0
Number of buf/inv:                       3001
Number of references:                       9

Combinational area:             212517.045290
Buf/Inv area:                    44131.349523
Noncombinational area:           33041.132008
Macro/Black Box area:                0.000000
Net Interconnect area:         1100265.563965

Total cell area:                245558.177297
Total area:                    1345823.741262

Hierarchical area distribution
------------------------------

                                  Global cell area              Local cell area
                                  --------------------  ------------------------------- 
Hierarchical cell                 Absolute     Percent  Combi-       Noncombi-   Black-
                                  Total        Total    national     national    boxes   Design
--------------------------------  -----------  -------  -----------  ----------  ------  ----------------------------------------------------------------------------------------------------------------
recam_dss_hyp02_static_global_live_state_top
                                  245558.1773    100.0     216.2160      0.0000  0.0000  recam_dss_hyp02_static_global_live_state_top
analyzer                          159969.9037     65.1  159969.9037      0.0000  0.0000  recam_shared_config_analyzer_ROW_ADDR_W9_PHYS_COL_ADDR_W13_WORD_COL_ADDR_W5_HYBRID_LINE_ADDR_W13_HYBRID_ENTRIES7
core                               40997.8804     16.7    3309.7680   3695.6305  0.0000  recam_dss_hyp02_static_global_live_state_core
core/candidate_store               25260.6819     10.3   20796.6530   4464.0289  0.0000  dss_v2_group_candidate_store
core/slot_decode                     528.8976      0.2     528.8976      0.0000  0.0000  dss_v2_group_slot_decode
core/static_selector                8202.9025      3.3    8202.9025      0.0000  0.0000  recam_dss_hyp02_static_selector
pivot_address_regs                 44374.1772     18.1   19492.7045  24881.4726  0.0000  dss_group_pivot_address_regs_ROW_ADDR_W9_PHYS_COL_ADDR_W13
--------------------------------  -----------  -------  -----------  ----------  ------  ----------------------------------------------------------------------------------------------------------------
Total                                                   212517.0453  33041.1320  0.0000

1
