 
****************************************
Report : qor
Design : recam_dss_hyp02_static_global_live_state_top
Version: W-2024.09-SP2
Date   : Mon Sep 28 03:13:11 2026
****************************************


  Timing Path Group 'recam_clk'
  -----------------------------------
  Levels of Logic:              72.00
  Critical Path Length:         14.02
  Critical Path Slack:          -4.11
  Critical Path Clk Period:     10.00
  Total Negative Slack:       -434.63
  No. of Violating Paths:      131.00
  Worst Hold Violation:          0.00
  Total Hold Violation:          0.00
  No. of Hold Violations:        0.00
  -----------------------------------


  Cell Count
  -----------------------------------
  Hierarchical Cell Count:          6
  Hierarchical Port Count:       1137
  Leaf Cell Count:              10099
  Buf/Inv Cell Count:            3001
  Buf Cell Count:                 415
  Inv Cell Count:                2586
  CT Buf/Inv Cell Count:            0
  Combinational Cell Count:      9513
  Sequential Cell Count:          586
  Macro Count:                      0
  -----------------------------------


  Area
  -----------------------------------
  Combinational Area:   212517.045290
  Noncombinational Area: 33041.132008
  Buf/Inv Area:          44131.349523
  Total Buffer Area:         11745.52
  Total Inverter Area:       32385.83
  Macro/Black Box Area:      0.000000
  Net Area:            1100265.563965
  -----------------------------------
  Cell Area:            245558.177297
  Design Area:         1345823.741262


  Design Rules
  -----------------------------------
  Total Number of Nets:         10485
  Nets With Violations:             8
  Max Trans Violations:             0
  Max Cap Violations:               8
  -----------------------------------


  Hostname: Kaohsiung

  Compile CPU Statistics
  -----------------------------------------
  Resource Sharing:                    4.23
  Logic Optimization:                261.50
  Mapping Optimization:              165.01
  -----------------------------------------
  Overall Compile Time:              437.15
  Overall Compile Wall Clock Time:   438.70

  --------------------------------------------------------------------

  Design  WNS: 4.11  TNS: 434.63  Number of Violating Paths: 131


  Design (Hold)  WNS: 0.00  TNS: 0.00  Number of Violating Paths: 0

  --------------------------------------------------------------------


1
