 
****************************************
Report : cell
Design : recam_dss_n3_rc_group_live_state_top
Version: W-2024.09-SP2
Date   : Thu Oct  1 02:18:55 2026
****************************************

Attributes:
    b - black box (unknown)
    h - hierarchical
    n - noncombinational
    p - parameterized
    r - removable
    u - contains unmapped logic

Cell                      Reference       Library             Area  Attributes
--------------------------------------------------------------------------------
U6                        AND4X1          slow            19.958401 
U7                        NAND3X1         slow            13.305600 
U8                        DLY1X1          slow            19.958401 
U9                        DLY1X1          slow            19.958401 
U10                       XNOR2XL         slow            26.611200 
U11                       AND2X4          slow            16.632000 
U12                       XNOR2XL         slow            26.611200 
analyzer                  recam_n3_rc_fixed_mask_analyzer 557601.109536
                                                                    h
analyzer_config           dss_n3_rc_group_slot_decode_1   941.371208
                                                                    h
core                      recam_dss_n3_rc_group_live_state_core
                                                          61624.886671
                                                                    h, n
pivot_address_regs        dss_n3_rc_group_pivot_address_regs_ROW_ADDR_W9_PHYS_COL_ADDR_W13_PIVOT_SLOTS7
                                                          65280.601700
                                                                    h, n, p
--------------------------------------------------------------------------------
Total 11 cells                                            685591.004318
1
