 
****************************************
check_design summary:
Version:     W-2024.09-SP2
Date:        Thu Oct  1 01:51:41 2026
****************************************

                   Name                                            Total
--------------------------------------------------------------------------------
Inputs/Outputs                                                     13
    Shorted outputs (LINT-31)                                       9
    Constant outputs (LINT-52)                                      4

Cells                                                             124
    Cells do not drive (LINT-1)                                   119
    Connected to power or ground (LINT-32)                          4
    Nets connected to multiple pins on same cell (LINT-33)          1

Nets                                                                7
    Unloaded nets (LINT-2)                                          7
--------------------------------------------------------------------------------

Warning: In design 'recam_dss_n3_rc_group_live_state_core', cell 'C887' does not drive any nets. (LINT-1)
Warning: In design 'recam_dss_n3_rc_group_live_state_core', cell 'C888' does not drive any nets. (LINT-1)
Warning: In design 'recam_dss_n3_rc_group_live_state_core', cell 'C896' does not drive any nets. (LINT-1)
Warning: In design 'recam_n3_rc_fixed_mask_analyzer', cell 'B_4948' does not drive any nets. (LINT-1)
Warning: In design 'recam_n3_rc_fixed_mask_analyzer', cell 'C73932' does not drive any nets. (LINT-1)
Warning: In design 'recam_n3_rc_fixed_mask_analyzer', cell 'C74021' does not drive any nets. (LINT-1)
Warning: In design 'recam_n3_rc_fixed_mask_analyzer', cell 'C74110' does not drive any nets. (LINT-1)
Warning: In design 'recam_n3_rc_fixed_mask_analyzer', cell 'C74199' does not drive any nets. (LINT-1)
Warning: In design 'recam_n3_rc_fixed_mask_analyzer', cell 'C74288' does not drive any nets. (LINT-1)
Warning: In design 'recam_n3_rc_fixed_mask_analyzer', cell 'C74377' does not drive any nets. (LINT-1)
Warning: In design 'recam_n3_rc_fixed_mask_analyzer', cell 'C74466' does not drive any nets. (LINT-1)
Warning: In design 'recam_n3_rc_fixed_mask_analyzer', cell 'C74555' does not drive any nets. (LINT-1)
Warning: In design 'recam_n3_rc_fixed_mask_analyzer', cell 'C74644' does not drive any nets. (LINT-1)
Warning: In design 'recam_n3_rc_fixed_mask_analyzer', cell 'C74733' does not drive any nets. (LINT-1)
Warning: In design 'recam_n3_rc_fixed_mask_analyzer', cell 'C74822' does not drive any nets. (LINT-1)
Warning: In design 'recam_n3_rc_fixed_mask_analyzer', cell 'C74911' does not drive any nets. (LINT-1)
Warning: In design 'recam_n3_rc_fixed_mask_analyzer', cell 'C75000' does not drive any nets. (LINT-1)
Warning: In design 'recam_n3_rc_fixed_mask_analyzer', cell 'C75089' does not drive any nets. (LINT-1)
Warning: In design 'recam_n3_rc_fixed_mask_analyzer', cell 'C75178' does not drive any nets. (LINT-1)
Warning: In design 'recam_n3_rc_fixed_mask_analyzer', cell 'C75267' does not drive any nets. (LINT-1)
Warning: In design 'recam_n3_rc_fixed_mask_analyzer', cell 'C75356' does not drive any nets. (LINT-1)
Warning: In design 'recam_n3_rc_fixed_mask_analyzer', cell 'C75445' does not drive any nets. (LINT-1)
Warning: In design 'recam_n3_rc_fixed_mask_analyzer', cell 'C75534' does not drive any nets. (LINT-1)
Warning: In design 'recam_n3_rc_fixed_mask_analyzer', cell 'C75623' does not drive any nets. (LINT-1)
Warning: In design 'recam_n3_rc_fixed_mask_analyzer', cell 'C75712' does not drive any nets. (LINT-1)
Warning: In design 'recam_n3_rc_fixed_mask_analyzer', cell 'C75801' does not drive any nets. (LINT-1)
Warning: In design 'recam_n3_rc_fixed_mask_analyzer', cell 'C75890' does not drive any nets. (LINT-1)
Warning: In design 'recam_n3_rc_fixed_mask_analyzer', cell 'C75979' does not drive any nets. (LINT-1)
Warning: In design 'recam_n3_rc_fixed_mask_analyzer', cell 'C76068' does not drive any nets. (LINT-1)
Warning: In design 'recam_n3_rc_fixed_mask_analyzer', cell 'C76157' does not drive any nets. (LINT-1)
Warning: In design 'recam_n3_rc_fixed_mask_analyzer', cell 'C76246' does not drive any nets. (LINT-1)
Warning: In design 'recam_n3_rc_fixed_mask_analyzer', cell 'C76335' does not drive any nets. (LINT-1)
Warning: In design 'recam_n3_rc_fixed_mask_analyzer', cell 'C76424' does not drive any nets. (LINT-1)
Warning: In design 'recam_n3_rc_fixed_mask_analyzer', cell 'C76513' does not drive any nets. (LINT-1)
Warning: In design 'recam_n3_rc_fixed_mask_analyzer', cell 'C76602' does not drive any nets. (LINT-1)
Warning: In design 'recam_n3_rc_fixed_mask_analyzer', cell 'C76691' does not drive any nets. (LINT-1)
Warning: In design 'recam_n3_rc_fixed_mask_analyzer', cell 'C76780' does not drive any nets. (LINT-1)
Warning: In design 'recam_n3_rc_fixed_mask_analyzer', cell 'C76869' does not drive any nets. (LINT-1)
Warning: In design 'recam_n3_rc_fixed_mask_analyzer', cell 'C76958' does not drive any nets. (LINT-1)
Warning: In design 'recam_n3_rc_fixed_mask_analyzer', cell 'C77047' does not drive any nets. (LINT-1)
Warning: In design 'recam_n3_rc_fixed_mask_analyzer', cell 'C77136' does not drive any nets. (LINT-1)
Warning: In design 'recam_n3_rc_fixed_mask_analyzer', cell 'C77225' does not drive any nets. (LINT-1)
Warning: In design 'recam_n3_rc_fixed_mask_analyzer', cell 'C77314' does not drive any nets. (LINT-1)
Warning: In design 'recam_n3_rc_fixed_mask_analyzer', cell 'C77404' does not drive any nets. (LINT-1)
Warning: In design 'recam_n3_rc_fixed_mask_analyzer', cell 'C77494' does not drive any nets. (LINT-1)
Warning: In design 'recam_n3_rc_fixed_mask_analyzer', cell 'C77584' does not drive any nets. (LINT-1)
Warning: In design 'recam_n3_rc_fixed_mask_analyzer', cell 'C77676' does not drive any nets. (LINT-1)
Warning: In design 'recam_n3_rc_fixed_mask_analyzer', cell 'C77771' does not drive any nets. (LINT-1)
Warning: In design 'recam_n3_rc_fixed_mask_analyzer', cell 'C77829' does not drive any nets. (LINT-1)
Warning: In design 'recam_n3_rc_fixed_mask_analyzer', cell 'C77924' does not drive any nets. (LINT-1)
Warning: In design 'recam_n3_rc_fixed_mask_analyzer', cell 'C77987' does not drive any nets. (LINT-1)
Warning: In design 'recam_n3_rc_fixed_mask_analyzer', cell 'C78082' does not drive any nets. (LINT-1)
Warning: In design 'recam_n3_rc_fixed_mask_analyzer', cell 'C78140' does not drive any nets. (LINT-1)
Warning: In design 'recam_n3_rc_fixed_mask_analyzer', cell 'C78235' does not drive any nets. (LINT-1)
Warning: In design 'recam_n3_rc_fixed_mask_analyzer', cell 'C78298' does not drive any nets. (LINT-1)
Warning: In design 'recam_n3_rc_fixed_mask_analyzer', cell 'C78393' does not drive any nets. (LINT-1)
Warning: In design 'recam_n3_rc_fixed_mask_analyzer', cell 'C78451' does not drive any nets. (LINT-1)
Warning: In design 'recam_n3_rc_fixed_mask_analyzer', cell 'C78546' does not drive any nets. (LINT-1)
Warning: In design 'recam_n3_rc_fixed_mask_analyzer', cell 'C78609' does not drive any nets. (LINT-1)
Warning: In design 'recam_n3_rc_fixed_mask_analyzer', cell 'C78704' does not drive any nets. (LINT-1)
Warning: In design 'recam_n3_rc_fixed_mask_analyzer', cell 'C78762' does not drive any nets. (LINT-1)
Warning: In design 'recam_n3_rc_fixed_mask_analyzer', cell 'C78857' does not drive any nets. (LINT-1)
Warning: In design 'recam_n3_rc_fixed_mask_analyzer', cell 'C78920' does not drive any nets. (LINT-1)
Warning: In design 'recam_n3_rc_fixed_mask_analyzer', cell 'C79015' does not drive any nets. (LINT-1)
Warning: In design 'recam_n3_rc_fixed_mask_analyzer', cell 'C79073' does not drive any nets. (LINT-1)
Warning: In design 'recam_n3_rc_fixed_mask_analyzer', cell 'C79168' does not drive any nets. (LINT-1)
Warning: In design 'recam_n3_rc_fixed_mask_analyzer', cell 'C79231' does not drive any nets. (LINT-1)
Warning: In design 'recam_n3_rc_fixed_mask_analyzer', cell 'C79326' does not drive any nets. (LINT-1)
Warning: In design 'recam_n3_rc_fixed_mask_analyzer', cell 'C79384' does not drive any nets. (LINT-1)
Warning: In design 'recam_n3_rc_fixed_mask_analyzer', cell 'C79479' does not drive any nets. (LINT-1)
Warning: In design 'recam_n3_rc_fixed_mask_analyzer', cell 'C79542' does not drive any nets. (LINT-1)
Warning: In design 'recam_n3_rc_fixed_mask_analyzer', cell 'C79637' does not drive any nets. (LINT-1)
Warning: In design 'recam_n3_rc_fixed_mask_analyzer', cell 'C79695' does not drive any nets. (LINT-1)
Warning: In design 'recam_n3_rc_fixed_mask_analyzer', cell 'C79790' does not drive any nets. (LINT-1)
Warning: In design 'recam_n3_rc_fixed_mask_analyzer', cell 'C79853' does not drive any nets. (LINT-1)
Warning: In design 'recam_n3_rc_fixed_mask_analyzer', cell 'C79948' does not drive any nets. (LINT-1)
Warning: In design 'recam_n3_rc_fixed_mask_analyzer', cell 'C80006' does not drive any nets. (LINT-1)
Warning: In design 'recam_n3_rc_fixed_mask_analyzer', cell 'C80101' does not drive any nets. (LINT-1)
Warning: In design 'recam_n3_rc_fixed_mask_analyzer', cell 'C80164' does not drive any nets. (LINT-1)
Warning: In design 'recam_n3_rc_fixed_mask_analyzer', cell 'C80259' does not drive any nets. (LINT-1)
Warning: In design 'recam_n3_rc_fixed_mask_analyzer', cell 'C80317' does not drive any nets. (LINT-1)
Warning: In design 'recam_n3_rc_fixed_mask_analyzer', cell 'C80412' does not drive any nets. (LINT-1)
Warning: In design 'recam_n3_rc_fixed_mask_analyzer', cell 'C80475' does not drive any nets. (LINT-1)
Warning: In design 'recam_n3_rc_fixed_mask_analyzer', cell 'C80570' does not drive any nets. (LINT-1)
Warning: In design 'recam_n3_rc_fixed_mask_analyzer', cell 'C80628' does not drive any nets. (LINT-1)
Warning: In design 'recam_n3_rc_fixed_mask_analyzer', cell 'C80723' does not drive any nets. (LINT-1)
Warning: In design 'recam_n3_rc_fixed_mask_analyzer', cell 'C80786' does not drive any nets. (LINT-1)
Warning: In design 'recam_n3_rc_fixed_mask_analyzer', cell 'C80881' does not drive any nets. (LINT-1)
Warning: In design 'recam_n3_rc_fixed_mask_analyzer', cell 'C80939' does not drive any nets. (LINT-1)
Warning: In design 'recam_n3_rc_fixed_mask_analyzer', cell 'C81034' does not drive any nets. (LINT-1)
Warning: In design 'recam_n3_rc_fixed_mask_analyzer', cell 'C81097' does not drive any nets. (LINT-1)
Warning: In design 'recam_n3_rc_fixed_mask_analyzer', cell 'C81192' does not drive any nets. (LINT-1)
Warning: In design 'recam_n3_rc_fixed_mask_analyzer', cell 'C81250' does not drive any nets. (LINT-1)
Warning: In design 'recam_n3_rc_fixed_mask_analyzer', cell 'C81345' does not drive any nets. (LINT-1)
Warning: In design 'recam_n3_rc_fixed_mask_analyzer', cell 'C81408' does not drive any nets. (LINT-1)
Warning: In design 'recam_n3_rc_fixed_mask_analyzer', cell 'C81503' does not drive any nets. (LINT-1)
Warning: In design 'recam_n3_rc_fixed_mask_analyzer', cell 'C81561' does not drive any nets. (LINT-1)
Warning: In design 'recam_n3_rc_fixed_mask_analyzer', cell 'C81656' does not drive any nets. (LINT-1)
Warning: In design 'recam_n3_rc_fixed_mask_analyzer', cell 'C81719' does not drive any nets. (LINT-1)
Warning: In design 'recam_n3_rc_fixed_mask_analyzer', cell 'C81814' does not drive any nets. (LINT-1)
Warning: In design 'recam_n3_rc_fixed_mask_analyzer', cell 'C81872' does not drive any nets. (LINT-1)
Warning: In design 'recam_n3_rc_fixed_mask_analyzer', cell 'C81967' does not drive any nets. (LINT-1)
Warning: In design 'recam_n3_rc_fixed_mask_analyzer', cell 'C82030' does not drive any nets. (LINT-1)
Warning: In design 'recam_n3_rc_fixed_mask_analyzer', cell 'C82125' does not drive any nets. (LINT-1)
Warning: In design 'recam_n3_rc_fixed_mask_analyzer', cell 'C82183' does not drive any nets. (LINT-1)
Warning: In design 'recam_n3_rc_fixed_mask_analyzer', cell 'C82278' does not drive any nets. (LINT-1)
Warning: In design 'recam_n3_rc_fixed_mask_analyzer', cell 'C82341' does not drive any nets. (LINT-1)
Warning: In design 'recam_n3_rc_fixed_mask_analyzer', cell 'C82436' does not drive any nets. (LINT-1)
Warning: In design 'recam_n3_rc_fixed_mask_analyzer', cell 'C82494' does not drive any nets. (LINT-1)
Warning: In design 'recam_n3_rc_fixed_mask_analyzer', cell 'C82589' does not drive any nets. (LINT-1)
Warning: In design 'recam_n3_rc_fixed_mask_analyzer', cell 'C82652' does not drive any nets. (LINT-1)
Warning: In design 'recam_n3_rc_fixed_mask_analyzer', cell 'C82740' does not drive any nets. (LINT-1)
Warning: In design 'recam_n3_rc_fixed_mask_analyzer', cell 'C82798' does not drive any nets. (LINT-1)
Warning: In design 'recam_n3_rc_fixed_mask_analyzer', cell 'C82886' does not drive any nets. (LINT-1)
Warning: In design 'recam_n3_rc_fixed_mask_analyzer', cell 'C91032' does not drive any nets. (LINT-1)
Warning: In design 'recam_n3_rc_fixed_mask_analyzer', cell 'C91033' does not drive any nets. (LINT-1)
Warning: In design 'recam_n3_rc_fixed_mask_analyzer', cell 'C91034' does not drive any nets. (LINT-1)
Warning: In design 'recam_n3_rc_fixed_mask_analyzer', cell 'C91035' does not drive any nets. (LINT-1)
Warning: In design 'recam_n3_rc_fixed_mask_analyzer', cell 'C91036' does not drive any nets. (LINT-1)
Warning: In design 'recam_dss_n3_rc_group_live_state_top', net 'core/unused_store_read_pattern[0]' driven by pin 'core/candidate_store/read_pattern_id_o[0]' has no loads. (LINT-2)
Warning: In design 'recam_dss_n3_rc_group_live_state_top', net 'core/unused_store_read_pattern[1]' driven by pin 'core/candidate_store/read_pattern_id_o[1]' has no loads. (LINT-2)
Warning: In design 'recam_dss_n3_rc_group_live_state_top', net 'core/unused_store_read_pattern[2]' driven by pin 'core/candidate_store/read_pattern_id_o[2]' has no loads. (LINT-2)
Warning: In design 'recam_dss_n3_rc_group_live_state_top', net 'core/unused_store_read_pattern[3]' driven by pin 'core/candidate_store/read_pattern_id_o[3]' has no loads. (LINT-2)
Warning: In design 'recam_dss_n3_rc_group_live_state_top', net 'core/unused_store_read_pattern[4]' driven by pin 'core/candidate_store/read_pattern_id_o[4]' has no loads. (LINT-2)
Warning: In design 'recam_dss_n3_rc_group_live_state_top', net 'core/unused_store_read_pattern[5]' driven by pin 'core/candidate_store/read_pattern_id_o[5]' has no loads. (LINT-2)
Warning: In design 'recam_dss_n3_rc_group_live_state_top', net 'core/unused_store_read_valid' driven by pin 'core/candidate_store/read_valid_o' has no loads. (LINT-2)
Warning: In design 'dss_n3_rc_group_slot_decode_1', output port 'canonical_class_o[1]' is connected directly to output port 'borrow_required_o'. (LINT-31)
Warning: In design 'dss_n3_rc_group_slot_decode_1', output port 'canonical_class_o[1]' is connected directly to output port 'action_o[0]'. (LINT-31)
Warning: In design 'dss_n3_rc_group_slot_decode_1', output port 'canonical_class_o[0]' is connected directly to output port 'release_required_o'. (LINT-31)
Warning: In design 'dss_n3_rc_group_slot_decode_1', output port 'canonical_class_o[0]' is connected directly to output port 'action_o[1]'. (LINT-31)
Warning: In design 'recam_n3_rc_group_selector', output port 'selected_a_config_id_o[2]' is connected directly to output port 'selected_d_config_id_o[2]'. (LINT-31)
Warning: In design 'dss_n3_rc_group_slot_decode_0', output port 'canonical_class_o[1]' is connected directly to output port 'borrow_required_o'. (LINT-31)
Warning: In design 'dss_n3_rc_group_slot_decode_0', output port 'canonical_class_o[1]' is connected directly to output port 'action_o[0]'. (LINT-31)
Warning: In design 'dss_n3_rc_group_slot_decode_0', output port 'canonical_class_o[0]' is connected directly to output port 'release_required_o'. (LINT-31)
Warning: In design 'dss_n3_rc_group_slot_decode_0', output port 'canonical_class_o[0]' is connected directly to output port 'action_o[1]'. (LINT-31)
Warning: In design 'recam_dss_n3_rc_group_live_state_core', a pin on submodule 'candidate_store' is connected to logic 1 or logic 0. (LINT-32)
   Pin 'read_sa_i[1]' is connected to logic 0. 
Warning: In design 'recam_dss_n3_rc_group_live_state_core', a pin on submodule 'candidate_store' is connected to logic 1 or logic 0. (LINT-32)
   Pin 'read_sa_i[0]' is connected to logic 0. 
Warning: In design 'recam_dss_n3_rc_group_live_state_core', a pin on submodule 'candidate_store' is connected to logic 1 or logic 0. (LINT-32)
   Pin 'read_slot_i[1]' is connected to logic 0. 
Warning: In design 'recam_dss_n3_rc_group_live_state_core', a pin on submodule 'candidate_store' is connected to logic 1 or logic 0. (LINT-32)
   Pin 'read_slot_i[0]' is connected to logic 0. 
Warning: In design 'recam_dss_n3_rc_group_live_state_core', the same net is connected to more than one pin on submodule 'candidate_store'. (LINT-33)
   Net '*Logic0*' is connected to pins 'read_sa_i[1]', 'read_sa_i[0]'', 'read_slot_i[1]', 'read_slot_i[0]'.
Warning: In design 'dss_n3_rc_group_slot_decode_1', output port 'valid_o' is connected directly to 'logic 1'. (LINT-52)
Warning: In design 'recam_n3_rc_group_selector', output port 'selected_a_config_id_o[2]' is connected directly to 'logic 0'. (LINT-52)
Warning: In design 'recam_n3_rc_group_selector', output port 'selected_d_config_id_o[2]' is connected directly to 'logic 0'. (LINT-52)
Warning: In design 'dss_n3_rc_group_slot_decode_0', output port 'valid_o' is connected directly to 'logic 1'. (LINT-52)
1
