 
****************************************
check_design summary:
Version:     W-2024.09-SP2
Date:        Thu Oct  1 02:18:53 2026
****************************************

                   Name                                            Total
--------------------------------------------------------------------------------
Inputs/Outputs                                                     52
    Feedthrough (LINT-29)                                          12
    Shorted outputs (LINT-31)                                      20
    Constant outputs (LINT-52)                                     20

Cells                                                               5
    Connected to power or ground (LINT-32)                          4
    Nets connected to multiple pins on same cell (LINT-33)          1
--------------------------------------------------------------------------------

Warning: In design 'dss_n3_rc_group_slot_decode_1', input port 'slot_i[1]' is connected directly to output port 'borrow_required_o'. (LINT-29)
Warning: In design 'dss_n3_rc_group_slot_decode_1', input port 'slot_i[1]' is connected directly to output port 'action_o[0]'. (LINT-29)
Warning: In design 'dss_n3_rc_group_slot_decode_1', input port 'slot_i[1]' is connected directly to output port 'canonical_class_o[1]'. (LINT-29)
Warning: In design 'dss_n3_rc_group_slot_decode_1', input port 'slot_i[0]' is connected directly to output port 'release_required_o'. (LINT-29)
Warning: In design 'dss_n3_rc_group_slot_decode_1', input port 'slot_i[0]' is connected directly to output port 'action_o[1]'. (LINT-29)
Warning: In design 'dss_n3_rc_group_slot_decode_1', input port 'slot_i[0]' is connected directly to output port 'canonical_class_o[0]'. (LINT-29)
Warning: In design 'dss_n3_rc_group_slot_decode_0', input port 'slot_i[1]' is connected directly to output port 'borrow_required_o'. (LINT-29)
Warning: In design 'dss_n3_rc_group_slot_decode_0', input port 'slot_i[1]' is connected directly to output port 'action_o[0]'. (LINT-29)
Warning: In design 'dss_n3_rc_group_slot_decode_0', input port 'slot_i[1]' is connected directly to output port 'canonical_class_o[1]'. (LINT-29)
Warning: In design 'dss_n3_rc_group_slot_decode_0', input port 'slot_i[0]' is connected directly to output port 'release_required_o'. (LINT-29)
Warning: In design 'dss_n3_rc_group_slot_decode_0', input port 'slot_i[0]' is connected directly to output port 'action_o[1]'. (LINT-29)
Warning: In design 'dss_n3_rc_group_slot_decode_0', input port 'slot_i[0]' is connected directly to output port 'canonical_class_o[0]'. (LINT-29)
Warning: In design 'dss_n3_rc_group_slot_decode_1', output port 'canonical_class_o[1]' is connected directly to output port 'borrow_required_o'. (LINT-31)
Warning: In design 'dss_n3_rc_group_slot_decode_1', output port 'canonical_class_o[1]' is connected directly to output port 'action_o[0]'. (LINT-31)
Warning: In design 'dss_n3_rc_group_slot_decode_1', output port 'canonical_class_o[0]' is connected directly to output port 'release_required_o'. (LINT-31)
Warning: In design 'dss_n3_rc_group_slot_decode_1', output port 'canonical_class_o[0]' is connected directly to output port 'action_o[1]'. (LINT-31)
Warning: In design 'recam_n3_rc_fixed_mask_analyzer', output port 'solution_valid_o' is connected directly to output port 'repairable_o'. (LINT-31)
Warning: In design 'dss_n3_rc_group_pivot_address_regs_ROW_ADDR_W9_PHYS_COL_ADDR_W13_PIVOT_SLOTS7', output port 'final_repair_line_valid_flat_o[25]' is connected directly to output port 'final_repair_line_valid_flat_o[23]'. (LINT-31)
Warning: In design 'dss_n3_rc_group_pivot_address_regs_ROW_ADDR_W9_PHYS_COL_ADDR_W13_PIVOT_SLOTS7', output port 'final_repair_line_valid_flat_o[24]' is connected directly to output port 'final_repair_line_valid_flat_o[22]'. (LINT-31)
Warning: In design 'dss_n3_rc_group_pivot_address_regs_ROW_ADDR_W9_PHYS_COL_ADDR_W13_PIVOT_SLOTS7', output port 'final_repair_line_valid_flat_o[17]' is connected directly to output port 'final_repair_line_valid_flat_o[15]'. (LINT-31)
Warning: In design 'dss_n3_rc_group_pivot_address_regs_ROW_ADDR_W9_PHYS_COL_ADDR_W13_PIVOT_SLOTS7', output port 'final_repair_line_valid_flat_o[10]' is connected directly to output port 'final_repair_line_valid_flat_o[8]'. (LINT-31)
Warning: In design 'dss_n3_rc_group_pivot_address_regs_ROW_ADDR_W9_PHYS_COL_ADDR_W13_PIVOT_SLOTS7', output port 'final_repair_line_valid_flat_o[4]' is connected directly to output port 'final_repair_line_valid_flat_o[0]'. (LINT-31)
Warning: In design 'dss_n3_rc_group_pivot_address_regs_ROW_ADDR_W9_PHYS_COL_ADDR_W13_PIVOT_SLOTS7', output port 'final_repair_line_valid_flat_o[3]' is connected directly to output port 'final_repair_line_valid_flat_o[1]'. (LINT-31)
Warning: In design 'recam_n3_rc_group_selector', output port 'selected_a_slot_o[1]' is connected directly to output port 'selected_a_config_id_o[1]'. (LINT-31)
Warning: In design 'recam_n3_rc_group_selector', output port 'selected_a_slot_o[0]' is connected directly to output port 'selected_a_config_id_o[0]'. (LINT-31)
Warning: In design 'recam_n3_rc_group_selector', output port 'selected_d_slot_o[1]' is connected directly to output port 'selected_d_config_id_o[1]'. (LINT-31)
Warning: In design 'recam_n3_rc_group_selector', output port 'selected_d_slot_o[0]' is connected directly to output port 'selected_d_config_id_o[0]'. (LINT-31)
Warning: In design 'recam_n3_rc_group_selector', output port 'selected_a_config_id_o[2]' is connected directly to output port 'selected_d_config_id_o[2]'. (LINT-31)
Warning: In design 'dss_n3_rc_group_slot_decode_0', output port 'canonical_class_o[1]' is connected directly to output port 'borrow_required_o'. (LINT-31)
Warning: In design 'dss_n3_rc_group_slot_decode_0', output port 'canonical_class_o[1]' is connected directly to output port 'action_o[0]'. (LINT-31)
Warning: In design 'dss_n3_rc_group_slot_decode_0', output port 'canonical_class_o[0]' is connected directly to output port 'release_required_o'. (LINT-31)
Warning: In design 'dss_n3_rc_group_slot_decode_0', output port 'canonical_class_o[0]' is connected directly to output port 'action_o[1]'. (LINT-31)
Warning: In design 'recam_dss_n3_rc_group_live_state_core', a pin on submodule 'candidate_store' is connected to logic 1 or logic 0. (LINT-32)
   Pin 'read_sa_i[1]' is connected to logic 0. 
Warning: In design 'recam_dss_n3_rc_group_live_state_core', a pin on submodule 'candidate_store' is connected to logic 1 or logic 0. (LINT-32)
   Pin 'read_sa_i[0]' is connected to logic 0. 
Warning: In design 'recam_dss_n3_rc_group_live_state_core', a pin on submodule 'candidate_store' is connected to logic 1 or logic 0. (LINT-32)
   Pin 'read_slot_i[1]' is connected to logic 0. 
Warning: In design 'recam_dss_n3_rc_group_live_state_core', a pin on submodule 'candidate_store' is connected to logic 1 or logic 0. (LINT-32)
   Pin 'read_slot_i[0]' is connected to logic 0. 
Warning: In design 'recam_dss_n3_rc_group_live_state_core', the same net is connected to more than one pin on submodule 'candidate_store'. (LINT-33)
   Net '*Logic0*' is connected to pins 'read_sa_i[1]', 'read_sa_i[0]'', 'read_slot_i[1]', 'read_slot_i[0]'.
Warning: In design 'recam_dss_n3_rc_group_live_state_top', output port 'ledger_released_borrower_o[10]' is connected directly to 'logic 0'. (LINT-52)
Warning: In design 'recam_dss_n3_rc_group_live_state_top', output port 'ledger_released_borrower_o[9]' is connected directly to 'logic 0'. (LINT-52)
Warning: In design 'recam_dss_n3_rc_group_live_state_top', output port 'ledger_released_borrower_o[7]' is connected directly to 'logic 0'. (LINT-52)
Warning: In design 'recam_dss_n3_rc_group_live_state_top', output port 'ledger_released_borrower_o[4]' is connected directly to 'logic 0'. (LINT-52)
Warning: In design 'recam_dss_n3_rc_group_live_state_top', output port 'selected_donor_flat_o[5]' is connected directly to 'logic 0'. (LINT-52)
Warning: In design 'recam_dss_n3_rc_group_live_state_top', output port 'selected_donor_flat_o[4]' is connected directly to 'logic 0'. (LINT-52)
Warning: In design 'recam_dss_n3_rc_group_live_state_top', output port 'selected_donor_flat_o[3]' is connected directly to 'logic 0'. (LINT-52)
Warning: In design 'recam_dss_n3_rc_group_live_state_top', output port 'selected_donor_flat_o[0]' is connected directly to 'logic 0'. (LINT-52)
Warning: In design 'recam_dss_n3_rc_group_live_state_core', output port 'ledger_released_borrower_o[10]' is connected directly to 'logic 0'. (LINT-52)
Warning: In design 'recam_dss_n3_rc_group_live_state_core', output port 'ledger_released_borrower_o[9]' is connected directly to 'logic 0'. (LINT-52)
Warning: In design 'recam_dss_n3_rc_group_live_state_core', output port 'ledger_released_borrower_o[7]' is connected directly to 'logic 0'. (LINT-52)
Warning: In design 'recam_dss_n3_rc_group_live_state_core', output port 'ledger_released_borrower_o[4]' is connected directly to 'logic 0'. (LINT-52)
Warning: In design 'recam_dss_n3_rc_group_live_state_core', output port 'selected_donor_flat_o[5]' is connected directly to 'logic 0'. (LINT-52)
Warning: In design 'recam_dss_n3_rc_group_live_state_core', output port 'selected_donor_flat_o[4]' is connected directly to 'logic 0'. (LINT-52)
Warning: In design 'recam_dss_n3_rc_group_live_state_core', output port 'selected_donor_flat_o[3]' is connected directly to 'logic 0'. (LINT-52)
Warning: In design 'recam_dss_n3_rc_group_live_state_core', output port 'selected_donor_flat_o[0]' is connected directly to 'logic 0'. (LINT-52)
Warning: In design 'dss_n3_rc_group_slot_decode_1', output port 'valid_o' is connected directly to 'logic 1'. (LINT-52)
Warning: In design 'recam_n3_rc_group_selector', output port 'selected_a_config_id_o[2]' is connected directly to 'logic 0'. (LINT-52)
Warning: In design 'recam_n3_rc_group_selector', output port 'selected_d_config_id_o[2]' is connected directly to 'logic 0'. (LINT-52)
Warning: In design 'dss_n3_rc_group_slot_decode_0', output port 'valid_o' is connected directly to 'logic 1'. (LINT-52)
1
