 
****************************************
Report : qor
Design : recam_dss_n3_rc_group_live_state_top
Version: W-2024.09-SP2
Date   : Thu Oct  1 02:18:54 2026
****************************************


  Timing Path Group 'recam_clk'
  -----------------------------------
  Levels of Logic:             215.00
  Critical Path Length:         44.23
  Critical Path Slack:         -24.41
  Critical Path Clk Period:     20.00
  Total Negative Slack:      -2736.25
  No. of Violating Paths:      119.00
  Worst Hold Violation:          0.00
  Total Hold Violation:          0.00
  No. of Hold Violations:        0.00
  -----------------------------------


  Cell Count
  -----------------------------------
  Hierarchical Cell Count:          7
  Hierarchical Port Count:       1739
  Leaf Cell Count:              27419
  Buf/Inv Cell Count:            8461
  Buf Cell Count:                1330
  Inv Cell Count:                7131
  CT Buf/Inv Cell Count:            0
  Combinational Cell Count:     26617
  Sequential Cell Count:          802
  Macro Count:                      0
  -----------------------------------


  Area
  -----------------------------------
  Combinational Area:   640132.420814
  Noncombinational Area: 45458.583504
  Buf/Inv Area:         146810.666263
  Total Buffer Area:         46586.23
  Total Inverter Area:      100224.43
  Macro/Black Box Area:      0.000000
  Net Area:            2974874.980927
  -----------------------------------
  Cell Area:            685591.004318
  Design Area:         3660465.985244


  Design Rules
  -----------------------------------
  Total Number of Nets:         28091
  Nets With Violations:           268
  Max Trans Violations:             0
  Max Cap Violations:             251
  Max Fanout Violations:          155
  -----------------------------------


  Hostname: Kaohsiung

  Compile CPU Statistics
  -----------------------------------------
  Resource Sharing:                   18.52
  Logic Optimization:                503.16
  Mapping Optimization:             1100.71
  -----------------------------------------
  Overall Compile Time:             1630.42
  Overall Compile Wall Clock Time:  1631.82

  --------------------------------------------------------------------

  Design  WNS: 24.41  TNS: 2736.25  Number of Violating Paths: 119


  Design (Hold)  WNS: 0.00  TNS: 0.00  Number of Violating Paths: 0

  --------------------------------------------------------------------


1
