 
****************************************
Report : reference
Design : recam_dss_n3_rc_group_live_state_top
Version: W-2024.09-SP2
Date   : Thu Oct  1 02:18:54 2026
****************************************

Attributes:
    b - black box (unknown)
   bo - allows boundary optimization
    d - dont_touch
   mo - map_only
    h - hierarchical
    n - noncombinational
    r - removable
    s - synthetic operator
    u - contains unmapped logic

Reference          Library       Unit Area   Count    Total Area   Attributes
-----------------------------------------------------------------------------
AND2X4             slow          16.632000       1     16.632000  
AND4X1             slow          19.958401       1     19.958401  
DLY1X1             slow          19.958401       2     39.916801  
NAND3X1            slow          13.305600       1     13.305600  
XNOR2XL            slow          26.611200       2     53.222401  
dss_n3_rc_group_pivot_address_regs_ROW_ADDR_W9_PHYS_COL_ADDR_W13_PIVOT_SLOTS7
                              65280.601700       1  65280.601700  h, n
dss_n3_rc_group_slot_decode_1   941.371208       1    941.371208  h
recam_dss_n3_rc_group_live_state_core
                              61624.886671       1  61624.886671  h, n
recam_n3_rc_fixed_mask_analyzer
                              557601.109536
                                                 1  557601.109536 h
-----------------------------------------------------------------------------
Total 9 references                                  685591.004318

****************************************
Design: dss_n3_rc_group_pivot_address_regs_ROW_ADDR_W9_PHYS_COL_ADDR_W13_PIVOT_SLOTS7 
****************************************
Reference          Library       Unit Area   Count    Total Area   Attributes
-----------------------------------------------------------------------------
AND2X1             slow          13.305600       4     53.222401  
AND2X2             slow          13.305600      28    372.556805  
AND3X1             slow          16.632000      16    266.112000  
AND3X2             slow          16.632000      29    482.327999  
AND4X2             slow          19.958401       8    159.667206  
AOI22X1            slow          16.632000      56    931.391998  
AOI22XL            slow          16.632000      12    199.584000  
AOI32X1            slow          23.284800       4     93.139198  
AOI33XL            slow          26.611200       3     79.833601  
AOI211XL           slow          16.632000       4     66.528000  
AOI221XL           slow          23.284800       4     93.139198  
BUFX3              slow          13.305600       3     39.916800  
DFFXL              slow          56.548801     616  34834.061676  n
INVX1              slow           6.652800     460   3060.288038  
INVXL              slow           6.652800      33    219.542403  
NAND2BX1           slow          13.305600      24    319.334404  
NAND2X1            slow           9.979200     116   1157.587242  
NAND2XL            slow           9.979200      41    409.147215  
NAND3BX1           slow          16.632000      24    399.167999  
NAND3X1            slow          13.305600      25    332.640004  
NAND3XL            slow          13.305600      12    159.667202  
NAND4BXL           slow          19.958401       8    159.667206  
NAND4X1            slow          16.632000      35    582.119999  
NOR2BX1            slow          13.305600      20    266.112003  
NOR2X1             slow           9.979200      31    309.355211  
NOR2XL             slow           9.979200     116   1157.587242  
NOR3X1             slow          13.305600       4     53.222401  
OAI21X1            slow          16.632000       4     66.528000  
OAI21XL            slow          13.305600      20    266.112003  
OAI22X1            slow          19.958401     616  12294.374847  
OAI22XL            slow          19.958401     252   5029.516983  
OAI31X1            slow          19.958401       4     79.833603  
OAI32X1            slow          23.284800       4     93.139198  
OAI32XL            slow          23.284800       1     23.284800  
OR2X2              slow          13.305600       4     53.222401  
OR2XL              slow          13.305600       4     53.222401  
XNOR2X1            slow          26.611200      28    745.113609  
XOR2X1             slow          26.611200      12    319.334404  
-----------------------------------------------------------------------------
Total 38 references                                 65280.601700

****************************************
Design: dss_n3_rc_group_slot_decode_1 
****************************************
Reference          Library       Unit Area   Count    Total Area   Attributes
-----------------------------------------------------------------------------
AND2X4             slow          16.632000       2     33.264000  
AOI2BB2X2          slow          29.937599       1     29.937599  
AOI2BB2X4          slow          49.896000       1     49.896000  
BUFX12             slow          33.264000       1     33.264000  
BUFX16             slow          43.243198       1     43.243198  
BUFX20             slow          53.222401       1     53.222401  
CLKINVX3           slow           9.979200       1      9.979200  
DLY1X1             slow          19.958401       2     39.916801  
INVX4              slow          13.305600       1     13.305600  
INVX8              slow          19.958401       4     79.833603  
INVXL              slow           6.652800       1      6.652800  
MXI2XL             slow          23.284800       1     23.284800  
NAND2X2            slow          16.632000       1     16.632000  
NOR2X2             slow          16.632000       1     16.632000  
NOR2X4             slow          23.284800       2     46.569599  
OAI2BB1XL          slow          16.632000       2     33.264000  
OAI2BB2X4          slow          49.896000       1     49.896000  
OAI22X4            slow          46.569599       1     46.569599  
XNOR2X4            slow          56.548801       2    113.097603  
XOR2X2             slow          33.264000       1     33.264000  
XOR2X4             slow          56.548801       3    169.646404  
-----------------------------------------------------------------------------
Total 21 references                                   941.371208

****************************************
Design: recam_dss_n3_rc_group_live_state_core 
****************************************
Reference          Library       Unit Area   Count    Total Area   Attributes
-----------------------------------------------------------------------------
AND2X2             slow          13.305600       2     26.611200  
AND3X2             slow          16.632000       1     16.632000  
AOI2BB1X1          slow          16.632000       2     33.264000  
AOI2BB1XL          slow          16.632000       1     16.632000  
AOI21X1            slow          13.305600       4     53.222401  
AOI22X1            slow          16.632000      30    498.959999  
AOI22X2            slow          29.937599       1     29.937599  
AOI22X4            slow          46.569599       3    139.708797  
AOI22XL            slow          16.632000      16    266.112000  
AOI31X1            slow          16.632000       1     16.632000  
AOI211X1           slow          16.632000       1     16.632000  
BUFX20             slow          53.222401       3    159.667202  
CLKINVX3           slow           9.979200       2     19.958401  
CLKINVX8           slow          19.958401       1     19.958401  
DFFHQX1            slow          53.222401      14    745.113609  n
DFFHQX4            slow          73.180801       7    512.265610  n
DFFHQXL            slow          53.222401      44   2341.785629  n
DFFX4              slow          83.160004       1     83.160004  n
DFFXL              slow          56.548801       1     56.548801  n
DLY1X1             slow          19.958401       4     79.833603  
EDFFX1             slow          76.507202       2    153.014404  n
EDFFXL             slow          76.507202       5    382.536011  n
INVX1              slow           6.652800      87    578.793607  
INVX2              slow           9.979200       3     29.937601  
INVXL              slow           6.652800       5     33.264000  
MXI2X1             slow          23.284800       2     46.569599  
MXI2XL             slow          23.284800       2     46.569599  
NAND3BX1           slow          16.632000       1     16.632000  
NAND3X1            slow          13.305600       4     53.222401  
NAND3X4            slow          33.264000       1     33.264000  
NAND3XL            slow          13.305600       1     13.305600  
NOR2X1             slow           9.979200       2     19.958401  
OAI2BB1X1          slow          16.632000      11    182.952000  
OAI21XL            slow          13.305600       4     53.222401  
OAI22X1            slow          19.958401       2     39.916801  
OAI31X1            slow          19.958401       3     59.875202  
OAI32X1            slow          23.284800       3     69.854399  
OAI211X1           slow          19.958401       1     19.958401  
OR2X1              slow          13.305600       1     13.305600  
OR2X2              slow          13.305600       9    119.750401  
OR2XL              slow          13.305600       1     13.305600  
XOR2X1             slow          26.611200       2     53.222401  
XOR2XL             slow          26.611200       2     53.222401  
dss_n3_rc_group_candidate_store
                              48399.120103       1  48399.120103  h, n
dss_n3_rc_group_slot_decode_0   176.299204       1    176.299204  h
recam_n3_rc_group_selector     5831.179278       1   5831.179278  h
-----------------------------------------------------------------------------
Total 46 references                                 61624.886671

****************************************
Design: dss_n3_rc_group_candidate_store 
****************************************
Reference          Library       Unit Area   Count    Total Area   Attributes
-----------------------------------------------------------------------------
ADDFX2             slow          69.854401       2    139.708801  r
ADDHXL             slow          36.590401       4    146.361603  r
AND2X1             slow          13.305600       8    106.444801  
AND2X2             slow          13.305600      46    612.057608  
AND3X2             slow          16.632000      14    232.848000  
AND3X4             slow          19.958401       5     99.792004  
AND4X2             slow          19.958401       1     19.958401  
AOI2BB1X1          slow          16.632000      44    731.807999  
AOI2BB2X1          slow          23.284800      58   1350.518375  
AOI2BB2X2          slow          29.937599     369  11046.974098  
AOI2BB2X4          slow          49.896000      39   1945.943996  
AOI2BB2XL          slow          23.284800      54   1257.379177  
AOI21X2            slow          23.284800       1     23.284800  
AOI22X2            slow          29.937599       8    239.500793  
AOI22X4            slow          46.569599       6    279.417595  
AOI31X1            slow          16.632000      53    881.495998  
AOI211X1           slow          16.632000       1     16.632000  
AOI221X1           slow          23.284800      10    232.847996  
AOI221X4           slow          36.590401       1     36.590401  
AOI221XL           slow          23.284800       1     23.284800  
AOI222X1           slow          26.611200      33    878.169611  
AOI222X2           slow          46.569599       1     46.569599  
AOI222X4           slow          39.916801      28   1117.670441  
AOI222XL           slow          26.611200       4    106.444801  
BUFX3              slow          13.305600       6     79.833601  
BUFX12             slow          33.264000       1     33.264000  
BUFX20             slow          53.222401       4    212.889603  
CLKINVX3           slow           9.979200       1      9.979200  
CLKINVX4           slow          13.305600       1     13.305600  
CLKINVX8           slow          19.958401      51   1017.878437  
DFFHQXL            slow          53.222401       1     53.222401  n
DFFXL              slow          56.548801     110   6220.368156  n
EDFFXL             slow          76.507202       1     76.507202  n
INVX1              slow           6.652800     302   2009.145625  
INVX2              slow           9.979200       3     29.937601  
INVX4              slow          13.305600      14    186.278402  
INVX8              slow          19.958401     123   2454.883289  
INVX16             slow          56.548801       3    169.646404  
INVX20             slow          63.201599       3    189.604797  
INVXL              slow           6.652800      30    199.584002  
NAND2BX1           slow          13.305600       1     13.305600  
NAND2X1            slow           9.979200      36    359.251213  
NAND2X2            slow          16.632000       1     16.632000  
NAND2X4            slow          23.284800       4     93.139198  
NAND2XL            slow           9.979200      49    488.980818  
NAND3BX4           slow          36.590401       2     73.180801  
NAND3X1            slow          13.305600      88   1170.892815  
NAND3X2            slow          23.284800       3     69.854399  
NAND3X4            slow          33.264000       2     66.528000  
NAND4BXL           slow          19.958401      13    259.459209  
NAND4X1            slow          16.632000      46    765.071999  
NAND4X2            slow          29.937599     104   3113.510315  
NOR2BX1            slow          13.305600       4     53.222401  
NOR2X1             slow           9.979200      12    119.750404  
NOR2X2             slow          16.632000       1     16.632000  
NOR2XL             slow           9.979200       4     39.916801  
NOR3X1             slow          13.305600       7     93.139201  
NOR3X2             slow          23.284800       1     23.284800  
NOR4BBX1           slow          26.611200       4    106.444801  
NOR4BX1            slow          19.958401      23    459.043217  
NOR4X1             slow          19.958401      12    239.500809  
OAI2BB1X1          slow          16.632000       4     66.528000  
OAI21XL            slow          13.305600       3     39.916800  
OAI22X1            slow          19.958401      17    339.292812  
OAI22X2            slow          29.937599       2     59.875198  
OAI22XL            slow          19.958401       1     19.958401  
OAI221XL           slow          23.284800       2     46.569599  
OAI222X1           slow          29.937599       1     29.937599  
OAI222XL           slow          26.611200      61   1623.283220  
OR2X2              slow          13.305600     282   3752.179247  
OR2X4              slow          19.958401       2     39.916801  
OR2XL              slow          13.305600       1     13.305600  
OR4X2              slow          19.958401       2     39.916801  
XNOR2X1            slow          26.611200       1     26.611200  
XOR2X1             slow          26.611200       4    106.444801  
XOR2XL             slow          26.611200       1     26.611200  
-----------------------------------------------------------------------------
Total 76 references                                 48399.120103

****************************************
Design: dss_n3_rc_group_slot_decode_0 
****************************************
Reference          Library       Unit Area   Count    Total Area   Attributes
-----------------------------------------------------------------------------
INVX1              slow           6.652800       4     26.611200  
NAND2XL            slow           9.979200       2     19.958401  
OAI2BB1X1          slow          16.632000       1     16.632000  
OAI21XL            slow          13.305600       2     26.611200  
OAI22XL            slow          19.958401       3     59.875202  
XOR2XL             slow          26.611200       1     26.611200  
-----------------------------------------------------------------------------
Total 6 references                                    176.299204

****************************************
Design: recam_n3_rc_group_selector 
****************************************
Reference          Library       Unit Area   Count    Total Area   Attributes
-----------------------------------------------------------------------------
AND2X1             slow          13.305600      23    306.028804  
AND2X2             slow          13.305600       8    106.444801  
AND3X1             slow          16.632000       2     33.264000  
AND3X2             slow          16.632000       5     83.160000  
AND3X4             slow          19.958401      21    419.126415  
AOI21X1            slow          13.305600       1     13.305600  
AOI21XL            slow          13.305600       1     13.305600  
AOI22X1            slow          16.632000      38    632.015999  
AOI22XL            slow          16.632000      11    182.952000  
AOI211XL           slow          16.632000       3     49.896000  
AOI221XL           slow          23.284800       1     23.284800  
BUFX3              slow          13.305600       1     13.305600  
CLKBUFX8           slow          23.284800       1     23.284800  
INVX1              slow           6.652800      24    159.667202  
NAND2BX1           slow          13.305600      12    159.667202  
NAND2X1            slow           9.979200      51    508.939219  
NAND2XL            slow           9.979200      35    349.272013  
NAND3BX1           slow          16.632000      24    399.167999  
NAND3BX2           slow          26.611200       1     26.611200  
NAND3BX4           slow          36.590401       2     73.180801  
NAND3X1            slow          13.305600       8    106.444801  
NAND3X2            slow          23.284800       1     23.284800  
NAND3X4            slow          33.264000       3     99.792000  
NAND3XL            slow          13.305600      17    226.195203  
NAND4BX2           slow          33.264000       2     66.528000  
NAND4BX4           slow          59.875198       2    119.750397  
NAND4BXL           slow          19.958401       3     59.875202  
NAND4X1            slow          16.632000       2     33.264000  
NAND4X2            slow          29.937599       4    119.750397  
NOR2BX1            slow          13.305600      21    279.417603  
NOR2BX4            slow          26.611200       2     53.222401  
NOR2X1             slow           9.979200      15    149.688005  
NOR2X2             slow          16.632000       2     33.264000  
NOR2XL             slow           9.979200       3     29.937601  
NOR3BX1            slow          19.958401       5     99.792004  
NOR3BX4            slow          36.590401       1     36.590401  
NOR3X1             slow          13.305600      12    159.667202  
NOR3X4             slow          33.264000       1     33.264000  
NOR3XL             slow          13.305600       3     39.916800  
NOR4BX1            slow          19.958401       6    119.750404  
NOR4BX4            slow          59.875198       1     59.875198  
NOR4X1             slow          19.958401       2     39.916801  
OAI21X4            slow          36.590401       1     36.590401  
OAI21XL            slow          13.305600       3     39.916800  
OAI211X2           slow          33.264000       1     33.264000  
OR2X2              slow          13.305600       1     13.305600  
OR3XL              slow          16.632000       5     83.160000  
OR4X2              slow          19.958401       3     59.875202  
-----------------------------------------------------------------------------
Total 48 references                                  5831.179278

****************************************
Design: recam_n3_rc_fixed_mask_analyzer 
****************************************
Reference          Library       Unit Area   Count    Total Area   Attributes
-----------------------------------------------------------------------------
AND2X1             slow          13.305600      72    958.003212  
AND2X2             slow          13.305600     101   1343.865617  
AND2X4             slow          16.632000     133   2212.055996  
AND3X1             slow          16.632000      26    432.431999  
AND3X2             slow          16.632000      25    415.799999  
AND3X4             slow          19.958401     234   4670.265770  
AND4X1             slow          19.958401      45    898.128033  
AND4X2             slow          19.958401     140   2794.176102  
AND4X4             slow          36.590401     315  11525.976219  
AOI2BB1X1          slow          16.632000      20    332.639999  
AOI2BB1X2          slow          23.284800      27    628.689589  
AOI2BB1X4          slow          36.590401      33   1207.483223  
AOI2BB1XL          slow          16.632000      14    232.848000  
AOI2BB2X1          slow          23.284800     267   6217.041487  
AOI2BB2X2          slow          29.937599     231   6915.585411  
AOI2BB2X4          slow          49.896000      31   1546.775997  
AOI2BB2XL          slow          23.284800      71   1653.220770  
AOI21X1            slow          13.305600       6     79.833601  
AOI21X2            slow          23.284800      15    349.271994  
AOI21X4            slow          33.264000      25    831.599998  
AOI21XL            slow          13.305600       5     66.528001  
AOI22X1            slow          16.632000       3     49.896000  
AOI22X2            slow          29.937599       5    149.687996  
AOI22X4            slow          46.569599       9    419.126392  
AOI22XL            slow          16.632000      10    166.320000  
AOI31X1            slow          16.632000      27    449.063999  
AOI31X2            slow          29.937599      41   1227.441566  
AOI31X4            slow          29.937599      18    538.876785  
AOI31XL            slow          16.632000      20    332.639999  
AOI32X2            slow          36.590401       6    219.542404  
AOI32X4            slow          33.264000       5    166.320000  
AOI33X1            slow          26.611200       2     53.222401  
AOI33X2            slow          43.243198       3    129.729595  
AOI33X4            slow          36.590401       1     36.590401  
AOI211X1           slow          16.632000       5     83.160000  
AOI211X2           slow          29.937599      37   1107.691170  
AOI211X4           slow          33.264000       6    199.584000  
AOI211XL           slow          16.632000       1     16.632000  
AOI221X1           slow          23.284800      13    302.702394  
AOI221X2           slow          39.916801      18    718.502426  
AOI221X4           slow          36.590401      18    658.627213  
AOI221XL           slow          23.284800       9    209.563196  
AOI222X1           slow          26.611200      32    851.558411  
AOI222X2           slow          46.569599       7    325.987194  
AOI222X4           slow          39.916801      19    758.419228  
AOI222XL           slow          26.611200       1     26.611200  
BUFX1              slow          13.305600     114   1516.838419  
BUFX2              slow          13.305600       8    106.444801  
BUFX3              slow          13.305600      69    918.086411  
BUFX4              slow          16.632000      41    681.911999  
BUFX8              slow          29.937599     157   4700.203072  
BUFX12             slow          33.264000      67   2228.687996  
BUFX16             slow          43.243198      54   2335.132713  
BUFX20             slow          53.222401     518  27569.203545  
CLKBUFX1           slow          13.305600       1     13.305600  
CLKBUFX2           slow          13.305600       5     66.528001  
CLKBUFX3           slow          13.305600       8    106.444801  
CLKBUFX4           slow          16.632000      14    232.848000  
CLKBUFX8           slow          23.284800      25    582.119989  
CLKBUFX12          slow          53.222401       3    159.667202  
CLKBUFX20          slow          79.833603       4    319.334412  
CLKBUFXL           slow          13.305600       5     66.528001  
CLKINVX1           slow           9.979200      34    339.292812  
CLKINVX2           slow           9.979200     104   1037.836838  
CLKINVX3           slow           9.979200    1390  13871.088505  
CLKINVX4           slow          13.305600     221   2940.537637  
CLKINVX8           slow          19.958401     457   9120.989132  
CLKINVX12          slow          63.201599      10    632.015991  
CLKINVX16          slow          83.160004       1     83.160004  
CLKINVX20          slow          96.465599     117  11286.475090  
CLKINVXL           slow           9.979200     211   2105.611277  
DLY1X1             slow          19.958401     207   4131.388950  
INVX1              slow           6.652800     899   5980.867275  
INVX2              slow           9.979200     494   4929.724979  
INVX3              slow          13.305600     132   1756.339222  
INVX4              slow          13.305600     598   7956.748899  
INVX8              slow          19.958401     761  15188.342953  
INVX12             slow          43.243198      78   3372.969475  
INVX16             slow          56.548801      45   2544.696064  
INVX20             slow          63.201599      66   4171.305542  
INVXL              slow           6.652800     356   2368.396830  
MX2X1              slow          26.611200     184   4896.460861  
MX2X2              slow          29.937599     180   5388.767853  
MX2X4              slow          33.264000     491  16332.623970  
MX2XL              slow          26.611200      53   1410.393618  
MXI2X1             slow          23.284800     262   6100.617489  
MXI2X2             slow          26.611200     573  15248.217791  
MXI2X4             slow          46.569599     547  25473.570736  
MXI2XL             slow          23.284800     313   7288.142267  
NAND2BX1           slow          13.305600       5     66.528001  
NAND2BX2           slow          19.958401      16    319.334412  
NAND2BX4           slow          26.611200      98   2607.897633  
NAND2BXL           slow          13.305600       5     66.528001  
NAND2X1            slow           9.979200      19    189.604807  
NAND2X2            slow          16.632000      92   1530.143997  
NAND2X4            slow          23.284800     212   4936.377510  
NAND2XL            slow           9.979200      45    449.064016  
NAND3BX1           slow          16.632000       4     66.528000  
NAND3BX2           slow          26.611200      10    266.112003  
NAND3BX4           slow          36.590401      65   2378.376045  
NAND3BXL           slow          16.632000       4     66.528000  
NAND3X1            slow          13.305600     440   5854.464073  
NAND3X2            slow          23.284800     113   2631.182352  
NAND3X4            slow          33.264000     268   8914.751984  
NAND3XL            slow          13.305600     108   1437.004818  
NAND4BBX1          slow          26.611200       2     53.222401  
NAND4BBX2          slow          36.590401      10    365.904007  
NAND4BBX4          slow          63.201599      43   2717.668762  
NAND4BX1           slow          23.284800       3     69.854399  
NAND4BX2           slow          33.264000      14    465.695999  
NAND4BX4           slow          59.875198      52   3113.510315  
NAND4BXL           slow          19.958401       6    119.750404  
NAND4X1            slow          16.632000     431   7168.391987  
NAND4X2            slow          29.937599     115   3442.823906  
NAND4X4            slow          56.548801     302  17077.738029  
NAND4XL            slow          16.632000     139   2311.847996  
NOR2BX1            slow          13.305600       1     13.305600  
NOR2BX2            slow          19.958401      12    239.500809  
NOR2BX4            slow          26.611200      22    585.446407  
NOR2BXL            slow          13.305600       1     13.305600  
NOR2X1             slow           9.979200      44    439.084816  
NOR2X2             slow          16.632000      61   1014.551998  
NOR2X4             slow          23.284800     271   6310.180685  
NOR2XL             slow           9.979200      55    548.856020  
NOR3BX4            slow          36.590401       8    292.723206  
NOR3X1             slow          13.305600       1     13.305600  
NOR3X2             slow          23.284800       6    139.708797  
NOR3X4             slow          33.264000      54   1796.255997  
NOR3XL             slow          13.305600       7     93.139201  
NOR4BBX2           slow          36.590401       1     36.590401  
NOR4BX2            slow          33.264000       2     66.528000  
NOR4BX4            slow          59.875198       5    299.375992  
NOR4BXL            slow          19.958401       1     19.958401  
NOR4X1             slow          19.958401       1     19.958401  
NOR4X2             slow          29.937599      12    359.251190  
NOR4X4             slow          56.548801      45   2544.696064  
NOR4XL             slow          19.958401       9    179.625607  
OAI2BB1X1          slow          16.632000      51    848.231998  
OAI2BB1X2          slow          23.284800     123   2864.030348  
OAI2BB1X4          slow          33.264000     116   3858.623993  
OAI2BB1XL          slow          16.632000      17    282.743999  
OAI2BB2X1          slow          23.284800       4     93.139198  
OAI2BB2X2          slow          33.264000      12    399.167999  
OAI2BB2X4          slow          49.896000      21   1047.815998  
OAI2BB2XL          slow          23.284800       2     46.569599  
OAI21X1            slow          16.632000       1     16.632000  
OAI21X2            slow          26.611200      14    372.556805  
OAI21X4            slow          36.590401      18    658.627213  
OAI21XL            slow          13.305600      12    159.667202  
OAI22X1            slow          19.958401      21    419.126415  
OAI22X2            slow          29.937599      78   2335.132736  
OAI22X4            slow          46.569599      34   1583.366371  
OAI22XL            slow          19.958401      23    459.043217  
OAI31X1            slow          19.958401       8    159.667206  
OAI31X2            slow          29.937599      75   2245.319939  
OAI31X4            slow          29.937599      43   1287.316765  
OAI31XL            slow          19.958401       1     19.958401  
OAI32X1            slow          23.284800       2     46.569599  
OAI32X2            slow          36.590401      23    841.579216  
OAI32X4            slow          33.264000      35   1164.239998  
OAI32XL            slow          23.284800       5    116.423998  
OAI33X1            slow          26.611200       3     79.833601  
OAI33X2            slow          43.243198       3    129.729595  
OAI33X4            slow          36.590401      10    365.904007  
OAI33XL            slow          26.611200       1     26.611200  
OAI211X1           slow          19.958401       6    119.750404  
OAI211X2           slow          33.264000      51   1696.463997  
OAI211X4           slow          29.937599      38   1137.628769  
OAI211XL           slow          19.958401       4     79.833603  
OAI221X1           slow          26.611200       5    133.056002  
OAI221X2           slow          43.243198      41   1772.971134  
OAI221X4           slow          36.590401      34   1244.073624  
OAI221XL           slow          23.284800       6    139.708797  
OAI222X1           slow          29.937599      15    449.063988  
OAI222X2           slow          49.896000      19    948.023998  
OAI222X4           slow          39.916801       9    359.251213  
OAI222XL           slow          26.611200       1     26.611200  
OR2X1              slow          13.305600      48    638.668808  
OR2X2              slow          13.305600     808  10750.924934  
OR2X4              slow          19.958401     639  12753.418064  
OR2XL              slow          13.305600     174   2315.174429  
OR3X1              slow          19.958401       1     19.958401  
OR3X2              slow          19.958401       3     59.875202  
OR3X4              slow          29.937599      25    748.439980  
OR4X1              slow          19.958401       6    119.750404  
OR4X2              slow          19.958401      66   1317.254448  
OR4X4              slow          36.590401      75   2744.280052  
OR4XL              slow          19.958401       4     79.833603  
XNOR2X1            slow          26.611200      39   1037.836813  
XNOR2X2            slow          36.590401      61   2232.014442  
XNOR2X4            slow          56.548801     181  10235.333057  
XNOR2XL            slow          26.611200       2     53.222401  
XNOR3X2            slow          59.875198       2    119.750397  
XNOR3X4            slow          99.792000       2    199.584000  
XOR2X1             slow          26.611200     448  11921.817749  
XOR2X2             slow          33.264000    1797  59775.407890  
XOR2X4             slow          56.548801     821  46426.565968  
XOR2XL             slow          26.611200     287   7637.414495  
XOR3X4             slow          99.792000       6    598.751999  
-----------------------------------------------------------------------------
Total 199 references                                557601.109536
1
