 
****************************************
Report : cell
Design : recam_dss_hyp02_static_global_top
Version: W-2024.09-SP2
Date   : Mon Sep 21 22:45:40 2026
****************************************

Attributes:
    b - black box (unknown)
    h - hierarchical
    n - noncombinational
    p - parameterized
    r - removable
    u - contains unmapped logic

Cell                      Reference       Library             Area  Attributes
--------------------------------------------------------------------------------
U2                        AND2X4          slow            16.632000 
analyzer                  recam_shared_config_analyzer_ROW_ADDR_W9_COL_ADDR_W5_DIFF_ADDR_W9_HYBRID_ENTRIES7
                                                          73144.210211
                                                                    h, p
core                      recam_dss_hyp02_static_global_core
                                                          33180.840419
                                                                    h, n
--------------------------------------------------------------------------------
Total 3 cells                                             106341.682630
1
