 
****************************************
Report : area
Design : recam_dss_hyp02_static_global_top
Version: W-2024.09-SP2
Date   : Mon Sep 21 22:45:40 2026
****************************************

Library(s) Used:

    slow (File: /cad/std_libraries/CBDK_TSMC018_Arm_f1.0/CIC/SynopsysDC/db/slow.db)

Number of ports:                          889
Number of nets:                          6313
Number of cells:                         5538
Number of combinational cells:           5369
Number of sequential cells:               141
Number of macros/black boxes:               0
Number of buf/inv:                       1530
Number of references:                       3

Combinational area:              98498.031274
Buf/Inv area:                    15667.344261
Noncombinational area:            7843.651356
Macro/Black Box area:                0.000000
Net Interconnect area:          605689.711273

Total cell area:                106341.682630
Total area:                     712031.393903

Hierarchical area distribution
------------------------------

                                  Global cell area             Local cell area
                                  --------------------  ----------------------------- 
Hierarchical cell                 Absolute     Percent  Combi-      Noncombi-  Black-
                                  Total        Total    national    national   boxes   Design
--------------------------------  -----------  -------  ----------  ---------  ------  ---------------------------------------------------------------------------------
recam_dss_hyp02_static_global_top 106341.6826    100.0     16.6320     0.0000  0.0000  recam_dss_hyp02_static_global_top
analyzer                           73144.2102     68.8  73144.2102     0.0000  0.0000  recam_shared_config_analyzer_ROW_ADDR_W9_COL_ADDR_W5_DIFF_ADDR_W9_HYBRID_ENTRIES7
core                               33180.8404     31.2   1965.9024  3336.3792  0.0000  recam_dss_hyp02_static_global_core
core/candidate_store               21771.2883     20.5  17264.0162  4507.2721  0.0000  dss_v2_group_candidate_store
core/collect_slot_decode             405.8208      0.4    405.8208     0.0000  0.0000  dss_v2_group_slot_decode
core/static_selector                5701.4497      5.4   5701.4497     0.0000  0.0000  recam_dss_hyp02_static_selector
--------------------------------  -----------  -------  ----------  ---------  ------  ---------------------------------------------------------------------------------
Total                                                   98498.0313  7843.6514  0.0000

1
