 
****************************************
Report : hierarchy
Design : recam_dss_hyp02_static_global_top
Version: W-2024.09-SP2
Date   : Mon Sep 21 22:45:40 2026
****************************************

Attributes:
    r - licensed design

recam_dss_hyp02_static_global_top
    AND2X4                                                                                    slow
    recam_dss_hyp02_static_global_core
        AND2X2                                                                                slow
        AOI21X1                                                                               slow
        AOI22X1                                                                               slow
        AOI22XL                                                                               slow
        BUFX3                                                                                 slow
        CLKINVX3                                                                              slow
        DFFHQX4                                                                               slow
        DFFHQXL                                                                               slow
        DFFX4                                                                                 slow
        INVX1                                                                                 slow
        MXI2X1                                                                                slow
        MXI2XL                                                                                slow
        NAND2X1                                                                               slow
        NAND3XL                                                                               slow
        NOR2X1                                                                                slow
        OAI2BB1X1                                                                             slow
        OAI2BB1XL                                                                             slow
        OAI22X1                                                                               slow
        OAI31X1                                                                               slow
        OAI32X1                                                                               slow
        OR2X2                                                                                 slow
        OR2XL                                                                                 slow
        XOR2X1                                                                                slow
        dss_v2_group_candidate_store
            ADDFX2                                                                            slow
            ADDFXL                                                                            slow
            AND2X1                                                                            slow
            AND2X2                                                                            slow
            AND3X2                                                                            slow
            AND3X4                                                                            slow
            AND4X2                                                                            slow
            AOI2BB2X1                                                                         slow
            AOI2BB2XL                                                                         slow
            AOI22X1                                                                           slow
            AOI31X1                                                                           slow
            AOI222X1                                                                          slow
            AOI222X4                                                                          slow
            BUFX8                                                                             slow
            BUFX20                                                                            slow
            CLKINVX1                                                                          slow
            CLKINVX2                                                                          slow
            CLKINVX3                                                                          slow
            CLKINVX4                                                                          slow
            CLKINVX8                                                                          slow
            CLKINVXL                                                                          slow
            DFFHQXL                                                                           slow
            DFFXL                                                                             slow
            INVX1                                                                             slow
            INVX2                                                                             slow
            INVX3                                                                             slow
            INVX4                                                                             slow
            INVX8                                                                             slow
            INVX12                                                                            slow
            INVX16                                                                            slow
            INVX20                                                                            slow
            INVXL                                                                             slow
            MXI2X1                                                                            slow
            NAND2X1                                                                           slow
            NAND2XL                                                                           slow
            NAND3X1                                                                           slow
            NAND3XL                                                                           slow
            NAND4X1                                                                           slow
            NOR2BX1                                                                           slow
            NOR2BX2                                                                           slow
            NOR2BXL                                                                           slow
            NOR2X1                                                                            slow
            NOR2XL                                                                            slow
            NOR3BX2                                                                           slow
            NOR3BX4                                                                           slow
            NOR3X1                                                                            slow
            NOR3X2                                                                            slow
            OAI2BB1X1                                                                         slow
            OAI21XL                                                                           slow
            OAI211X1                                                                          slow
            OAI221XL                                                                          slow
            OAI222X1                                                                          slow
            OAI222X2                                                                          slow
            OAI222X4                                                                          slow
            OAI222XL                                                                          slow
            OR2X2                                                                             slow
            OR2X4                                                                             slow
            OR4X2                                                                             slow
            OR4X4                                                                             slow
            XOR2X1                                                                            slow
            XOR2XL                                                                            slow
        dss_v2_group_slot_decode
            AND2X2                                                                            slow
            AOI2BB1X4                                                                         slow
            CLKINVX3                                                                          slow
            INVX1                                                                             slow
            INVX4                                                                             slow
            INVXL                                                                             slow
            NOR2X4                                                                            slow
            OAI2BB1X1                                                                         slow
            OAI2BB1X4                                                                         slow
            OR2X2                                                                             slow
            OR2X4                                                                             slow
            XOR2X1                                                                            slow
            XOR2X2                                                                            slow
            XOR2X4                                                                            slow
        recam_dss_hyp02_static_selector
            AND2X1                                                                            slow
            AND2X2                                                                            slow
            AND2X4                                                                            slow
            AND3X2                                                                            slow
            AND3X4                                                                            slow
            AOI21X1                                                                           slow
            AOI21XL                                                                           slow
            AOI22X1                                                                           slow
            AOI211X1                                                                          slow
            AOI221XL                                                                          slow
            BUFX1                                                                             slow
            BUFX3                                                                             slow
            INVX1                                                                             slow
            INVX2                                                                             slow
            INVXL                                                                             slow
            NAND2BX1                                                                          slow
            NAND2X1                                                                           slow
            NAND2XL                                                                           slow
            NAND3BX1                                                                          slow
            NAND3BX2                                                                          slow
            NAND3BX4                                                                          slow
            NAND3X1                                                                           slow
            NAND3X2                                                                           slow
            NAND3X4                                                                           slow
            NAND3XL                                                                           slow
            NAND4BX2                                                                          slow
            NAND4BX4                                                                          slow
            NAND4BXL                                                                          slow
            NAND4X1                                                                           slow
            NAND4X2                                                                           slow
            NOR2BX1                                                                           slow
            NOR2BX2                                                                           slow
            NOR2X1                                                                            slow
            NOR2X2                                                                            slow
            NOR2X4                                                                            slow
            NOR2XL                                                                            slow
            NOR3BX1                                                                           slow
            NOR3BX4                                                                           slow
            NOR3X1                                                                            slow
            NOR3X4                                                                            slow
            NOR3XL                                                                            slow
            NOR4BX1                                                                           slow
            NOR4BX4                                                                           slow
            NOR4BXL                                                                           slow
            NOR4X1                                                                            slow
            OAI21X4                                                                           slow
            OAI21XL                                                                           slow
            OAI211X4                                                                          slow
            OR2X2                                                                             slow
            OR3X4                                                                             slow
            OR3XL                                                                             slow
            OR4X2                                                                             slow
            OR4X4                                                                             slow
    recam_shared_config_analyzer_ROW_ADDR_W9_COL_ADDR_W5_DIFF_ADDR_W9_HYBRID_ENTRIES7                   r
        AND2X1                                                                                slow
        AND2X2                                                                                slow
        AND2X4                                                                                slow
        AND3X1                                                                                slow
        AND3X2                                                                                slow
        AND3X4                                                                                slow
        AND4X1                                                                                slow
        AND4X2                                                                                slow
        AND4X4                                                                                slow
        AOI2BB1X1                                                                             slow
        AOI2BB1X2                                                                             slow
        AOI2BB1XL                                                                             slow
        AOI2BB2X1                                                                             slow
        AOI2BB2X2                                                                             slow
        AOI2BB2X4                                                                             slow
        AOI2BB2XL                                                                             slow
        AOI21X2                                                                               slow
        AOI22X1                                                                               slow
        AOI22XL                                                                               slow
        AOI31X1                                                                               slow
        AOI31X2                                                                               slow
        AOI31X4                                                                               slow
        AOI32X1                                                                               slow
        AOI32X2                                                                               slow
        AOI32X4                                                                               slow
        AOI33X1                                                                               slow
        AOI33X4                                                                               slow
        AOI211X1                                                                              slow
        AOI211X2                                                                              slow
        AOI211X4                                                                              slow
        AOI221X1                                                                              slow
        AOI221X2                                                                              slow
        AOI221X4                                                                              slow
        AOI222X1                                                                              slow
        AOI222X2                                                                              slow
        AOI222X4                                                                              slow
        BUFX1                                                                                 slow
        BUFX3                                                                                 slow
        BUFX4                                                                                 slow
        BUFX8                                                                                 slow
        BUFX12                                                                                slow
        BUFX20                                                                                slow
        CLKBUFX2                                                                              slow
        CLKBUFX8                                                                              slow
        CLKINVX1                                                                              slow
        CLKINVX2                                                                              slow
        CLKINVX3                                                                              slow
        CLKINVX4                                                                              slow
        CLKINVX8                                                                              slow
        CLKINVX12                                                                             slow
        CLKINVXL                                                                              slow
        DLY1X1                                                                                slow
        INVX1                                                                                 slow
        INVX2                                                                                 slow
        INVX3                                                                                 slow
        INVX4                                                                                 slow
        INVX8                                                                                 slow
        INVX12                                                                                slow
        INVX16                                                                                slow
        INVX20                                                                                slow
        INVXL                                                                                 slow
        MX2X1                                                                                 slow
        MX2X2                                                                                 slow
        MX2X4                                                                                 slow
        MX2XL                                                                                 slow
        MXI2X1                                                                                slow
        MXI2X2                                                                                slow
        MXI2X4                                                                                slow
        MXI2XL                                                                                slow
        NAND2BX4                                                                              slow
        NAND2X1                                                                               slow
        NAND2X2                                                                               slow
        NAND2X4                                                                               slow
        NAND3BX1                                                                              slow
        NAND3BX2                                                                              slow
        NAND3BX4                                                                              slow
        NAND3X1                                                                               slow
        NAND3X2                                                                               slow
        NAND3X4                                                                               slow
        NAND3XL                                                                               slow
        NAND4BBX2                                                                             slow
        NAND4BBX4                                                                             slow
        NAND4BX2                                                                              slow
        NAND4BX4                                                                              slow
        NAND4BXL                                                                              slow
        NAND4X1                                                                               slow
        NAND4X2                                                                               slow
        NAND4X4                                                                               slow
        NAND4XL                                                                               slow
        NOR2BX1                                                                               slow
        NOR2BX4                                                                               slow
        NOR2X1                                                                                slow
        NOR2X2                                                                                slow
        NOR2X4                                                                                slow
        NOR2XL                                                                                slow
        NOR3BX4                                                                               slow
        NOR3BXL                                                                               slow
        NOR3X1                                                                                slow
        NOR3XL                                                                                slow
        NOR4X1                                                                                slow
        NOR4X4                                                                                slow
        OAI2BB1X1                                                                             slow
        OAI2BB1X2                                                                             slow
        OAI2BB1X4                                                                             slow
        OAI2BB1XL                                                                             slow
        OAI2BB2X4                                                                             slow
        OAI21X4                                                                               slow
        OAI22X1                                                                               slow
        OAI22X2                                                                               slow
        OAI22X4                                                                               slow
        OAI22XL                                                                               slow
        OAI31X1                                                                               slow
        OAI31X2                                                                               slow
        OAI31X4                                                                               slow
        OAI32X1                                                                               slow
        OAI32X2                                                                               slow
        OAI32X4                                                                               slow
        OAI211X1                                                                              slow
        OAI211X2                                                                              slow
        OAI211X4                                                                              slow
        OAI211XL                                                                              slow
        OAI221X1                                                                              slow
        OAI221X2                                                                              slow
        OAI221X4                                                                              slow
        OAI221XL                                                                              slow
        OAI222X1                                                                              slow
        OAI222X2                                                                              slow
        OAI222X4                                                                              slow
        OAI222XL                                                                              slow
        OR2X1                                                                                 slow
        OR2X2                                                                                 slow
        OR2X4                                                                                 slow
        OR2XL                                                                                 slow
        OR3XL                                                                                 slow
        OR4X1                                                                                 slow
        OR4X2                                                                                 slow
        OR4X4                                                                                 slow
        OR4XL                                                                                 slow
        XNOR2X1                                                                               slow
        XNOR2X2                                                                               slow
        XNOR2X4                                                                               slow
        XNOR2XL                                                                               slow
        XOR2X1                                                                                slow
        XOR2X2                                                                                slow
        XOR2X4                                                                                slow
        XOR2XL                                                                                slow
        XOR3X4                                                                                slow
1
