 
****************************************
Report : qor
Design : recam_dss_hyp02_static_global_top
Version: W-2024.09-SP2
Date   : Mon Sep 21 22:45:40 2026
****************************************


  Timing Path Group 'recam_clk'
  -----------------------------------
  Levels of Logic:              77.00
  Critical Path Length:         19.82
  Critical Path Slack:           0.00
  Critical Path Clk Period:     20.00
  Total Negative Slack:          0.00
  No. of Violating Paths:        0.00
  Worst Hold Violation:          0.00
  Total Hold Violation:          0.00
  No. of Hold Violations:        0.00
  -----------------------------------


  Cell Count
  -----------------------------------
  Hierarchical Cell Count:          5
  Hierarchical Port Count:        617
  Leaf Cell Count:               5510
  Buf/Inv Cell Count:            1530
  Buf Cell Count:                 125
  Inv Cell Count:                1405
  CT Buf/Inv Cell Count:            0
  Combinational Cell Count:      5369
  Sequential Cell Count:          141
  Macro Count:                      0
  -----------------------------------


  Area
  -----------------------------------
  Combinational Area:    98498.031274
  Noncombinational Area:  7843.651356
  Buf/Inv Area:          15667.344261
  Total Buffer Area:          2737.63
  Total Inverter Area:       12929.72
  Macro/Black Box Area:      0.000000
  Net Area:             605689.711273
  -----------------------------------
  Cell Area:            106341.682630
  Design Area:          712031.393903


  Design Rules
  -----------------------------------
  Total Number of Nets:          5818
  Nets With Violations:             0
  Max Trans Violations:             0
  Max Cap Violations:               0
  -----------------------------------


  Hostname: Kaohsiung

  Compile CPU Statistics
  -----------------------------------------
  Resource Sharing:                    2.71
  Logic Optimization:                 30.96
  Mapping Optimization:                7.01
  -----------------------------------------
  Overall Compile Time:               45.70
  Overall Compile Wall Clock Time:    46.16

  --------------------------------------------------------------------

  Design  WNS: 0.00  TNS: 0.00  Number of Violating Paths: 0


  Design (Hold)  WNS: 0.00  TNS: 0.00  Number of Violating Paths: 0

  --------------------------------------------------------------------


1
