 
****************************************
Report : reference
Design : recam_dss_hyp02_static_global_top
Version: W-2024.09-SP2
Date   : Mon Sep 21 22:45:40 2026
****************************************

Attributes:
    b - black box (unknown)
   bo - allows boundary optimization
    d - dont_touch
   mo - map_only
    h - hierarchical
    n - noncombinational
    r - removable
    s - synthetic operator
    u - contains unmapped logic

Reference          Library       Unit Area   Count    Total Area   Attributes
-----------------------------------------------------------------------------
AND2X4             slow          16.632000       1     16.632000  
recam_dss_hyp02_static_global_core
                              33180.840419       1  33180.840419  h, n
recam_shared_config_analyzer_ROW_ADDR_W9_COL_ADDR_W5_DIFF_ADDR_W9_HYBRID_ENTRIES7
                              73144.210211       1  73144.210211  h
-----------------------------------------------------------------------------
Total 3 references                                  106341.682630

****************************************
Design: recam_dss_hyp02_static_global_core 
****************************************
Reference          Library       Unit Area   Count    Total Area   Attributes
-----------------------------------------------------------------------------
AND2X2             slow          13.305600       3     39.916800  
AOI21X1            slow          13.305600       1     13.305600  
AOI22X1            slow          16.632000      39    648.647999  
AOI22XL            slow          16.632000       3     49.896000  
BUFX3              slow          13.305600       3     39.916800  
CLKINVX3           slow           9.979200       1      9.979200  
DFFHQX4            slow          73.180801       3    219.542404  n
DFFHQXL            slow          53.222401      57   3033.676838  n
DFFX4              slow          83.160004       1     83.160004  n
INVX1              slow           6.652800      99    658.627208  
MXI2X1             slow          23.284800       2     46.569599  
MXI2XL             slow          23.284800       1     23.284800  
NAND2X1            slow           9.979200       4     39.916801  
NAND3XL            slow          13.305600       1     13.305600  
NOR2X1             slow           9.979200       5     49.896002  
OAI2BB1X1          slow          16.632000       2     33.264000  
OAI2BB1XL          slow          16.632000       7    116.424000  
OAI22X1            slow          19.958401       2     39.916801  
OAI31X1            slow          19.958401       2     39.916801  
OAI32X1            slow          23.284800       1     23.284800  
OR2X2              slow          13.305600       3     39.916800  
OR2XL              slow          13.305600       1     13.305600  
XOR2X1             slow          26.611200       1     26.611200  
dss_v2_group_candidate_store  21771.288299       1  21771.288299  h, n
dss_v2_group_slot_decode        405.820805       1    405.820805  h
recam_dss_hyp02_static_selector
                               5701.449656       1   5701.449656  h
-----------------------------------------------------------------------------
Total 26 references                                 33180.840419

****************************************
Design: dss_v2_group_candidate_store 
****************************************
Reference          Library       Unit Area   Count    Total Area   Attributes
-----------------------------------------------------------------------------
ADDFX2             slow          69.854401       1     69.854401  r
ADDFXL             slow          69.854401       1     69.854401  r
AND2X1             slow          13.305600      32    425.779205  
AND2X2             slow          13.305600     186   2474.841631  
AND3X2             slow          16.632000       8    133.056000  
AND3X4             slow          19.958401       2     39.916801  
AND4X2             slow          19.958401      25    498.960018  
AOI2BB2X1          slow          23.284800      37    861.537584  
AOI2BB2XL          slow          23.284800       9    209.563196  
AOI22X1            slow          16.632000      16    266.112000  
AOI31X1            slow          16.632000      74   1230.767998  
AOI222X1           slow          26.611200      16    425.779205  
AOI222X4           slow          39.916801       1     39.916801  
BUFX8              slow          29.937599       1     29.937599  
BUFX20             slow          53.222401       1     53.222401  
CLKINVX1           slow           9.979200       1      9.979200  
CLKINVX2           slow           9.979200       5     49.896002  
CLKINVX3           slow           9.979200      13    129.729605  
CLKINVX4           slow          13.305600       8    106.444801  
CLKINVX8           slow          19.958401      25    498.960018  
CLKINVXL           slow           9.979200       2     19.958401  
DFFHQXL            slow          53.222401       5    266.112003  n
DFFXL              slow          56.548801      75   4241.160107  n
INVX1              slow           6.652800     142    944.697612  
INVX2              slow           9.979200       3     29.937601  
INVX3              slow          13.305600       2     26.611200  
INVX4              slow          13.305600      15    199.584002  
INVX8              slow          19.958401      24    479.001617  
INVX12             slow          43.243198       1     43.243198  
INVX16             slow          56.548801       1     56.548801  
INVX20             slow          63.201599       1     63.201599  
INVXL              slow           6.652800      17    113.097601  
MXI2X1             slow          23.284800       1     23.284800  
NAND2X1            slow           9.979200      22    219.542408  
NAND2XL            slow           9.979200       2     19.958401  
NAND3X1            slow          13.305600      17    226.195203  
NAND3XL            slow          13.305600       1     13.305600  
NAND4X1            slow          16.632000      15    249.480000  
NOR2BX1            slow          13.305600       2     26.611200  
NOR2BX2            slow          19.958401       1     19.958401  
NOR2BXL            slow          13.305600       1     13.305600  
NOR2X1             slow           9.979200       6     59.875202  
NOR2XL             slow           9.979200       3     29.937601  
NOR3BX2            slow          26.611200       1     26.611200  
NOR3BX4            slow          36.590401       1     36.590401  
NOR3X1             slow          13.305600       2     26.611200  
NOR3X2             slow          23.284800       2     46.569599  
OAI2BB1X1          slow          16.632000       6     99.792000  
OAI21XL            slow          13.305600       4     53.222401  
OAI211X1           slow          19.958401       2     39.916801  
OAI221XL           slow          23.284800      16    372.556793  
OAI222X1           slow          29.937599      31    928.065575  
OAI222X2           slow          49.896000       4    199.584000  
OAI222X4           slow          39.916801       1     39.916801  
OAI222XL           slow          26.611200      40   1064.448013  
OR2X2              slow          13.305600     150   1995.840025  
OR2X4              slow          19.958401       7    139.708805  
OR4X2              slow          19.958401      75   1496.880054  
OR4X4              slow          36.590401       1     36.590401  
XOR2X1             slow          26.611200       2     53.222401  
XOR2XL             slow          26.611200       4    106.444801  
-----------------------------------------------------------------------------
Total 61 references                                 21771.288299

****************************************
Design: dss_v2_group_slot_decode 
****************************************
Reference          Library       Unit Area   Count    Total Area   Attributes
-----------------------------------------------------------------------------
AND2X2             slow          13.305600       3     39.916800  
AOI2BB1X4          slow          36.590401       1     36.590401  
CLKINVX3           slow           9.979200       1      9.979200  
INVX1              slow           6.652800       1      6.652800  
INVX4              slow          13.305600       2     26.611200  
INVXL              slow           6.652800       1      6.652800  
NOR2X4             slow          23.284800       1     23.284800  
OAI2BB1X1          slow          16.632000       2     33.264000  
OAI2BB1X4          slow          33.264000       1     33.264000  
OR2X2              slow          13.305600       2     26.611200  
OR2X4              slow          19.958401       1     19.958401  
XOR2X1             slow          26.611200       2     53.222401  
XOR2X2             slow          33.264000       1     33.264000  
XOR2X4             slow          56.548801       1     56.548801  
-----------------------------------------------------------------------------
Total 14 references                                   405.820805

****************************************
Design: recam_dss_hyp02_static_selector 
****************************************
Reference          Library       Unit Area   Count    Total Area   Attributes
-----------------------------------------------------------------------------
AND2X1             slow          13.305600      14    186.278402  
AND2X2             slow          13.305600      11    146.361602  
AND2X4             slow          16.632000       2     33.264000  
AND3X2             slow          16.632000      22    365.903999  
AND3X4             slow          19.958401       6    119.750404  
AOI21X1            slow          13.305600       1     13.305600  
AOI21XL            slow          13.305600       1     13.305600  
AOI22X1            slow          16.632000      33    548.855999  
AOI211X1           slow          16.632000       3     49.896000  
AOI221XL           slow          23.284800       1     23.284800  
BUFX1              slow          13.305600       1     13.305600  
BUFX3              slow          13.305600       3     39.916800  
INVX1              slow           6.652800      23    153.014402  
INVX2              slow           9.979200       1      9.979200  
INVXL              slow           6.652800       2     13.305600  
NAND2BX1           slow          13.305600      12    159.667202  
NAND2X1            slow           9.979200      49    488.980818  
NAND2XL            slow           9.979200      29    289.396811  
NAND3BX1           slow          16.632000      24    399.167999  
NAND3BX2           slow          26.611200       1     26.611200  
NAND3BX4           slow          36.590401       2     73.180801  
NAND3X1            slow          13.305600       8    106.444801  
NAND3X2            slow          23.284800       3     69.854399  
NAND3X4            slow          33.264000       4    133.056000  
NAND3XL            slow          13.305600      14    186.278402  
NAND4BX2           slow          33.264000       1     33.264000  
NAND4BX4           slow          59.875198       5    299.375992  
NAND4BXL           slow          19.958401       1     19.958401  
NAND4X1            slow          16.632000       5     83.160000  
NAND4X2            slow          29.937599       1     29.937599  
NOR2BX1            slow          13.305600      22    292.723204  
NOR2BX2            slow          19.958401       1     19.958401  
NOR2X1             slow           9.979200      21    209.563208  
NOR2X2             slow          16.632000       1     16.632000  
NOR2X4             slow          23.284800       1     23.284800  
NOR2XL             slow           9.979200       1      9.979200  
NOR3BX1            slow          19.958401       1     19.958401  
NOR3BX4            slow          36.590401       5    182.952003  
NOR3X1             slow          13.305600      14    186.278402  
NOR3X4             slow          33.264000       1     33.264000  
NOR3XL             slow          13.305600       1     13.305600  
NOR4BX1            slow          19.958401       4     79.833603  
NOR4BX4            slow          59.875198       2    119.750397  
NOR4BXL            slow          19.958401       1     19.958401  
NOR4X1             slow          19.958401       2     39.916801  
OAI21X4            slow          36.590401       1     36.590401  
OAI21XL            slow          13.305600       3     39.916800  
OAI211X4           slow          29.937599       1     29.937599  
OR2X2              slow          13.305600       1     13.305600  
OR3X4              slow          29.937599       2     59.875198  
OR3XL              slow          16.632000       3     49.896000  
OR4X2              slow          19.958401       2     39.916801  
OR4X4              slow          36.590401       1     36.590401  
-----------------------------------------------------------------------------
Total 53 references                                  5701.449656

****************************************
Design: recam_shared_config_analyzer_ROW_ADDR_W9_COL_ADDR_W5_DIFF_ADDR_W9_HYBRID_ENTRIES7 
****************************************
Reference          Library       Unit Area   Count    Total Area   Attributes
-----------------------------------------------------------------------------
AND2X1             slow          13.305600       8    106.444801  
AND2X2             slow          13.305600      22    292.723204  
AND2X4             slow          16.632000       8    133.056000  
AND3X1             slow          16.632000       4     66.528000  
AND3X2             slow          16.632000      26    432.431999  
AND3X4             slow          19.958401       7    139.708805  
AND4X1             slow          19.958401       7    139.708805  
AND4X2             slow          19.958401      49    977.961636  
AND4X4             slow          36.590401      24    878.169617  
AOI2BB1X1          slow          16.632000       4     66.528000  
AOI2BB1X2          slow          23.284800       4     93.139198  
AOI2BB1XL          slow          16.632000       1     16.632000  
AOI2BB2X1          slow          23.284800      32    745.113586  
AOI2BB2X2          slow          29.937599       9    269.438393  
AOI2BB2X4          slow          49.896000       2     99.792000  
AOI2BB2XL          slow          23.284800       7    162.993597  
AOI21X2            slow          23.284800       1     23.284800  
AOI22X1            slow          16.632000       6     99.792000  
AOI22XL            slow          16.632000       1     16.632000  
AOI31X1            slow          16.632000       1     16.632000  
AOI31X2            slow          29.937599       7    209.563194  
AOI31X4            slow          29.937599       3     89.812798  
AOI32X1            slow          23.284800       1     23.284800  
AOI32X2            slow          36.590401       1     36.590401  
AOI32X4            slow          33.264000       1     33.264000  
AOI33X1            slow          26.611200       3     79.833601  
AOI33X4            slow          36.590401       1     36.590401  
AOI211X1           slow          16.632000       6     99.792000  
AOI211X2           slow          29.937599       1     29.937599  
AOI211X4           slow          33.264000       1     33.264000  
AOI221X1           slow          23.284800      14    325.987194  
AOI221X2           slow          39.916801       5    199.584007  
AOI221X4           slow          36.590401       1     36.590401  
AOI222X1           slow          26.611200      37    984.614412  
AOI222X2           slow          46.569599       8    372.556793  
AOI222X4           slow          39.916801       1     39.916801  
BUFX1              slow          13.305600      27    359.251204  
BUFX3              slow          13.305600      21    279.417603  
BUFX4              slow          16.632000      26    432.431999  
BUFX8              slow          29.937599      15    449.063988  
BUFX12             slow          33.264000      10    332.639999  
BUFX20             slow          53.222401      11    585.446407  
CLKBUFX2           slow          13.305600       1     13.305600  
CLKBUFX8           slow          23.284800       3     69.854399  
CLKINVX1           slow           9.979200       2     19.958401  
CLKINVX2           slow           9.979200       6     59.875202  
CLKINVX3           slow           9.979200     145   1446.984053  
CLKINVX4           slow          13.305600      12    159.667202  
CLKINVX8           slow          19.958401      29    578.793621  
CLKINVX12          slow          63.201599       1     63.201599  
CLKINVXL           slow           9.979200      10     99.792004  
DLY1X1             slow          19.958401       2     39.916801  
INVX1              slow           6.652800     572   3805.401648  
INVX2              slow           9.979200      28    279.417610  
INVX3              slow          13.305600       5     66.528001  
INVX4              slow          13.305600      49    651.974408  
INVX8              slow          19.958401      46    918.086433  
INVX12             slow          43.243198       5    216.215992  
INVX16             slow          56.548801       3    169.646404  
INVX20             slow          63.201599       1     63.201599  
INVXL              slow           6.652800     100    665.280008  
MX2X1              slow          26.611200      73   1942.617624  
MX2X2              slow          29.937599       9    269.438393  
MX2X4              slow          33.264000       9    299.375999  
MX2XL              slow          26.611200       1     26.611200  
MXI2X1             slow          23.284800      90   2095.631962  
MXI2X2             slow          26.611200      84   2235.340828  
MXI2X4             slow          46.569599      35   1629.935970  
MXI2XL             slow          23.284800      63   1466.942373  
NAND2BX4           slow          26.611200       4    106.444801  
NAND2X1            slow           9.979200      42    419.126415  
NAND2X2            slow          16.632000       3     49.896000  
NAND2X4            slow          23.284800       4     93.139198  
NAND3BX1           slow          16.632000       1     16.632000  
NAND3BX2           slow          26.611200       1     26.611200  
NAND3BX4           slow          36.590401       3    109.771202  
NAND3X1            slow          13.305600     158   2102.284826  
NAND3X2            slow          23.284800      22    512.265591  
NAND3X4            slow          33.264000      32   1064.447998  
NAND3XL            slow          13.305600      20    266.112003  
NAND4BBX2          slow          36.590401       1     36.590401  
NAND4BBX4          slow          63.201599       2    126.403198  
NAND4BX2           slow          33.264000       1     33.264000  
NAND4BX4           slow          59.875198       4    239.500793  
NAND4BXL           slow          19.958401       1     19.958401  
NAND4X1            slow          16.632000      78   1297.295998  
NAND4X2            slow          29.937599      22    658.627182  
NAND4X4            slow          56.548801      33   1866.110447  
NAND4XL            slow          16.632000      20    332.639999  
NOR2BX1            slow          13.305600       1     13.305600  
NOR2BX4            slow          26.611200       1     26.611200  
NOR2X1             slow           9.979200      37    369.230413  
NOR2X2             slow          16.632000      18    299.375999  
NOR2X4             slow          23.284800      25    582.119989  
NOR2XL             slow           9.979200       3     29.937601  
NOR3BX4            slow          36.590401       1     36.590401  
NOR3BXL            slow          19.958401       1     19.958401  
NOR3X1             slow          13.305600       1     13.305600  
NOR3XL             slow          13.305600       1     13.305600  
NOR4X1             slow          19.958401       1     19.958401  
NOR4X4             slow          56.548801       3    169.646404  
OAI2BB1X1          slow          16.632000      46    765.071999  
OAI2BB1X2          slow          23.284800      16    372.556793  
OAI2BB1X4          slow          33.264000      22    731.807999  
OAI2BB1XL          slow          16.632000       8    133.056000  
OAI2BB2X4          slow          49.896000       1     49.896000  
OAI21X4            slow          36.590401       1     36.590401  
OAI22X1            slow          19.958401      36    718.502426  
OAI22X2            slow          29.937599      16    479.001587  
OAI22X4            slow          46.569599       9    419.126392  
OAI22XL            slow          19.958401       2     39.916801  
OAI31X1            slow          19.958401       1     19.958401  
OAI31X2            slow          29.937599       1     29.937599  
OAI31X4            slow          29.937599       4    119.750397  
OAI32X1            slow          23.284800       1     23.284800  
OAI32X2            slow          36.590401       1     36.590401  
OAI32X4            slow          33.264000       6    199.584000  
OAI211X1           slow          19.958401       7    139.708805  
OAI211X2           slow          33.264000      10    332.639999  
OAI211X4           slow          29.937599      10    299.375992  
OAI211XL           slow          19.958401       3     59.875202  
OAI221X1           slow          26.611200       1     26.611200  
OAI221X2           slow          43.243198       3    129.729595  
OAI221X4           slow          36.590401       5    182.952003  
OAI221XL           slow          23.284800       4     93.139198  
OAI222X1           slow          29.937599       2     59.875198  
OAI222X2           slow          49.896000       2     99.792000  
OAI222X4           slow          39.916801       3    119.750404  
OAI222XL           slow          26.611200       1     26.611200  
OR2X1              slow          13.305600      12    159.667202  
OR2X2              slow          13.305600     241   3206.649640  
OR2X4              slow          19.958401      82   1636.588860  
OR2XL              slow          13.305600      41    545.529607  
OR3XL              slow          16.632000       2     33.264000  
OR4X1              slow          19.958401       2     39.916801  
OR4X2              slow          19.958401      51   1017.878437  
OR4X4              slow          36.590401      19    695.217613  
OR4XL              slow          19.958401       1     19.958401  
XNOR2X1            slow          26.611200      60   1596.672020  
XNOR2X2            slow          36.590401      10    365.904007  
XNOR2X4            slow          56.548801       5    282.744007  
XNOR2XL            slow          26.611200       1     26.611200  
XOR2X1             slow          26.611200     422  11229.926540  
XOR2X2             slow          33.264000     116   3858.623993  
XOR2X4             slow          56.548801      24   1357.171234  
XOR2XL             slow          26.611200      36    958.003212  
XOR3X4             slow          99.792000       2    199.584000  
-----------------------------------------------------------------------------
Total 147 references                                73144.210211
1
