 
****************************************
Report : cell
Design : recam_dss_g2x2_r_static_global_live_state_top
Version: W-2024.09-SP2
Date   : Mon Sep 28 19:31:10 2026
****************************************

Attributes:
    b - black box (unknown)
    h - hierarchical
    n - noncombinational
    p - parameterized
    r - removable
    u - contains unmapped logic

Cell                      Reference       Library             Area  Attributes
--------------------------------------------------------------------------------
U6                        XNOR2X1         slow            26.611200 
U7                        XNOR2X1         slow            26.611200 
U9                        AOI31XL         slow            16.632000 
U10                       AND2X4          slow            16.632000 
U11                       AND3X1          slow            16.632000 
analyzer                  recam_shared_config_analyzer_ROW_ADDR_W9_PHYS_COL_ADDR_W13_WORD_COL_ADDR_W5_HYBRID_LINE_ADDR_W13_HYBRID_ENTRIES7
                                                          87304.695145
                                                                    h, p
core                      recam_dss_g2x2_r_static_global_live_state_core
                                                          28144.670486
                                                                    h, n
pivot_address_regs        dss_group_pivot_address_regs_ROW_ADDR_W9_PHYS_COL_ADDR_W13
                                                          44533.844385
                                                                    h, n, p
--------------------------------------------------------------------------------
Total 8 cells                                             160086.328417
1
