 
****************************************
Report : area
Design : recam_dss_g2x2_r_static_global_live_state_top
Version: W-2024.09-SP2
Date   : Mon Sep 28 19:31:10 2026
****************************************

Library(s) Used:

    slow (File: /cad/std_libraries/CBDK_TSMC018_Arm_f1.0/CIC/SynopsysDC/db/slow.db)

Number of ports:                         1795
Number of nets:                          8824
Number of cells:                         7505
Number of combinational cells:           6906
Number of sequential cells:               566
Number of macros/black boxes:               0
Number of buf/inv:                       2029
Number of references:                       7

Combinational area:             128482.201303
Buf/Inv area:                    20227.838686
Noncombinational area:           31604.127113
Macro/Black Box area:                0.000000
Net Interconnect area:          856151.004791

Total cell area:                160086.328417
Total area:                    1016237.333208

Hierarchical area distribution
------------------------------

                                  Global cell area              Local cell area
                                  --------------------  ------------------------------- 
Hierarchical cell                 Absolute     Percent  Combi-       Noncombi-   Black-
                                  Total        Total    national     national    boxes   Design
--------------------------------  -----------  -------  -----------  ----------  ------  ----------------------------------------------------------------------------------------------------------------
recam_dss_g2x2_r_static_global_live_state_top
                                  160086.3284    100.0     103.1184      0.0000  0.0000  recam_dss_g2x2_r_static_global_live_state_top
analyzer                           87304.6951     54.5   87304.6951      0.0000  0.0000  recam_shared_config_analyzer_ROW_ADDR_W9_PHYS_COL_ADDR_W13_WORD_COL_ADDR_W5_HYBRID_LINE_ADDR_W13_HYBRID_ENTRIES7
core                               28144.6705     17.6    2398.3344   3516.0048  0.0000  recam_dss_g2x2_r_static_global_live_state_core
core/candidate_store               19190.0016     12.0   15983.3519   3206.6496  0.0000  dss_v2_group_candidate_store
core/slot_decode                      96.4656      0.1      96.4656      0.0000  0.0000  dss_v2_group_slot_decode
core/static_selector                2943.8640      1.8    2943.8640      0.0000  0.0000  recam_dss_g2x2_r_static_selector
pivot_address_regs                 44533.8444     27.8   19652.3718  24881.4726  0.0000  dss_group_pivot_address_regs_ROW_ADDR_W9_PHYS_COL_ADDR_W13
--------------------------------  -----------  -------  -----------  ----------  ------  ----------------------------------------------------------------------------------------------------------------
Total                                                   128482.2013  31604.1271  0.0000

1
