 
****************************************
Report : qor
Design : recam_dss_g2x2_r_static_global_live_state_top
Version: W-2024.09-SP2
Date   : Mon Sep 28 19:31:10 2026
****************************************


  Timing Path Group 'recam_clk'
  -----------------------------------
  Levels of Logic:              90.00
  Critical Path Length:         19.84
  Critical Path Slack:           0.05
  Critical Path Clk Period:     20.00
  Total Negative Slack:          0.00
  No. of Violating Paths:        0.00
  Worst Hold Violation:          0.00
  Total Hold Violation:          0.00
  No. of Hold Violations:        0.00
  -----------------------------------


  Cell Count
  -----------------------------------
  Hierarchical Cell Count:          6
  Hierarchical Port Count:       1079
  Leaf Cell Count:               7472
  Buf/Inv Cell Count:            2029
  Buf Cell Count:                 217
  Inv Cell Count:                1812
  CT Buf/Inv Cell Count:            0
  Combinational Cell Count:      6906
  Sequential Cell Count:          566
  Macro Count:                      0
  -----------------------------------


  Area
  -----------------------------------
  Combinational Area:   128482.201303
  Noncombinational Area: 31604.127113
  Buf/Inv Area:          20227.838686
  Total Buffer Area:          4600.41
  Total Inverter Area:       15627.43
  Macro/Black Box Area:      0.000000
  Net Area:             856151.004791
  -----------------------------------
  Cell Area:            160086.328417
  Design Area:         1016237.333208


  Design Rules
  -----------------------------------
  Total Number of Nets:          7787
  Nets With Violations:             1
  Max Trans Violations:             0
  Max Cap Violations:               1
  -----------------------------------


  Hostname: Kaohsiung

  Compile CPU Statistics
  -----------------------------------------
  Resource Sharing:                    3.67
  Logic Optimization:                 43.78
  Mapping Optimization:               14.75
  -----------------------------------------
  Overall Compile Time:               68.45
  Overall Compile Wall Clock Time:    68.82

  --------------------------------------------------------------------

  Design  WNS: 0.00  TNS: 0.00  Number of Violating Paths: 0


  Design (Hold)  WNS: 0.00  TNS: 0.00  Number of Violating Paths: 0

  --------------------------------------------------------------------


1
