 
****************************************
Report : area
Design : multi_config_early_selector
Version: W-2024.09-SP2
Date   : Wed Sep  9 14:41:45 2026
****************************************

Library(s) Used:

    slow (File: /cad/std_libraries/CBDK_TSMC018_Arm_f1.0/CIC/SynopsysDC/db/slow.db)

Number of ports:                         1140
Number of nets:                          2003
Number of cells:                         1199
Number of combinational cells:           1044
Number of sequential cells:                49
Number of macros/black boxes:               0
Number of buf/inv:                        252
Number of references:                      27

Combinational area:              15095.203381
Buf/Inv area:                     1689.811221
Noncombinational area:            5022.864029
Macro/Black Box area:                0.000000
Net Interconnect area:          111767.221893

Total cell area:                 20118.067410
Total area:                     131885.289303

Hierarchical area distribution
------------------------------

                                  Global cell area            Local cell area
                                  -------------------  ----------------------------- 
Hierarchical cell                 Absolute    Percent  Combi-      Noncombi-  Black-
                                  Total       Total    national    national   boxes   Design
--------------------------------  ----------  -------  ----------  ---------  ------  ----------------------------------------------------------------------------------------
multi_config_early_selector       20118.0674    100.0   2847.3984  5022.8640  0.0000  multi_config_early_selector
g_candidate[0].ledger              1749.6864      8.7     39.9168     0.0000  0.0000  physical_resource_ledger_RS2_CS2_SHARED_ROWS1_SHARED_COLS1_MAX_BORROWS3_SPARE_WIDTH3_6
g_candidate[0].ledger/directional_rules
                                   1709.7696      8.5   1709.7696     0.0000  0.0000  resource_tracker_RS2_CS2_SHARED_ROWS1_SHARED_COLS1_MAX_BORROWS3_TOPOLOGY1_SPARE_WIDTH3_6
g_candidate[1].ledger              1749.6864      8.7     39.9168     0.0000  0.0000  physical_resource_ledger_RS2_CS2_SHARED_ROWS1_SHARED_COLS1_MAX_BORROWS3_SPARE_WIDTH3_5
g_candidate[1].ledger/directional_rules
                                   1709.7696      8.5   1709.7696     0.0000  0.0000  resource_tracker_RS2_CS2_SHARED_ROWS1_SHARED_COLS1_MAX_BORROWS3_TOPOLOGY1_SPARE_WIDTH3_5
g_candidate[2].ledger              1749.6864      8.7     39.9168     0.0000  0.0000  physical_resource_ledger_RS2_CS2_SHARED_ROWS1_SHARED_COLS1_MAX_BORROWS3_SPARE_WIDTH3_4
g_candidate[2].ledger/directional_rules
                                   1709.7696      8.5   1709.7696     0.0000  0.0000  resource_tracker_RS2_CS2_SHARED_ROWS1_SHARED_COLS1_MAX_BORROWS3_TOPOLOGY1_SPARE_WIDTH3_4
g_candidate[3].ledger              1749.6864      8.7     39.9168     0.0000  0.0000  physical_resource_ledger_RS2_CS2_SHARED_ROWS1_SHARED_COLS1_MAX_BORROWS3_SPARE_WIDTH3_3
g_candidate[3].ledger/directional_rules
                                   1709.7696      8.5   1709.7696     0.0000  0.0000  resource_tracker_RS2_CS2_SHARED_ROWS1_SHARED_COLS1_MAX_BORROWS3_TOPOLOGY1_SPARE_WIDTH3_3
g_candidate[4].ledger              1749.6864      8.7     39.9168     0.0000  0.0000  physical_resource_ledger_RS2_CS2_SHARED_ROWS1_SHARED_COLS1_MAX_BORROWS3_SPARE_WIDTH3_2
g_candidate[4].ledger/directional_rules
                                   1709.7696      8.5   1709.7696     0.0000  0.0000  resource_tracker_RS2_CS2_SHARED_ROWS1_SHARED_COLS1_MAX_BORROWS3_TOPOLOGY1_SPARE_WIDTH3_2
g_candidate[5].ledger              1749.6864      8.7     39.9168     0.0000  0.0000  physical_resource_ledger_RS2_CS2_SHARED_ROWS1_SHARED_COLS1_MAX_BORROWS3_SPARE_WIDTH3_1
g_candidate[5].ledger/directional_rules
                                   1709.7696      8.5   1709.7696     0.0000  0.0000  resource_tracker_RS2_CS2_SHARED_ROWS1_SHARED_COLS1_MAX_BORROWS3_TOPOLOGY1_SPARE_WIDTH3_1
g_candidate[6].ledger              1749.6864      8.7     39.9168     0.0000  0.0000  physical_resource_ledger_RS2_CS2_SHARED_ROWS1_SHARED_COLS1_MAX_BORROWS3_SPARE_WIDTH3_0
g_candidate[6].ledger/directional_rules
                                   1709.7696      8.5   1709.7696     0.0000  0.0000  resource_tracker_RS2_CS2_SHARED_ROWS1_SHARED_COLS1_MAX_BORROWS3_TOPOLOGY1_SPARE_WIDTH3_0
--------------------------------  ----------  -------  ----------  ---------  ------  ----------------------------------------------------------------------------------------
Total                                                  15095.2034  5022.8640  0.0000

1
