 
****************************************
Report : constraint
        -all_violators
Design : multi_config_early_selector
Version: W-2024.09-SP2
Date   : Wed Sep  9 14:41:45 2026
****************************************


   max_transition

                             Required        Actual
   Net                      Transition     Transition        Slack
   -----------------------------------------------------------------
   n168                         3.00           7.51          -4.51  (VIOLATED)
       PIN :   U185/A1          3.00           7.51          -4.51  (VIOLATED)
       PIN :   U188/A1          3.00           7.51          -4.51  (VIOLATED)
       PIN :   U191/A1          3.00           7.51          -4.51  (VIOLATED)
       PIN :   U194/A1          3.00           7.51          -4.51  (VIOLATED)
       PIN :   U197/A1          3.00           7.51          -4.51  (VIOLATED)
       PIN :   U200/A1          3.00           7.51          -4.51  (VIOLATED)
       PIN :   U203/A1          3.00           7.51          -4.51  (VIOLATED)
       PIN :   U206/A1          3.00           7.51          -4.51  (VIOLATED)
       PIN :   U209/A1          3.00           7.51          -4.51  (VIOLATED)
       PIN :   U212/A1          3.00           7.51          -4.51  (VIOLATED)
       PIN :   U215/A1          3.00           7.51          -4.51  (VIOLATED)
       PIN :   U218/A1          3.00           7.51          -4.51  (VIOLATED)
       PIN :   U221/A1          3.00           7.51          -4.51  (VIOLATED)
       PIN :   U224/A1          3.00           7.51          -4.51  (VIOLATED)
       PIN :   U227/A1          3.00           7.51          -4.51  (VIOLATED)
       PIN :   U230/A1          3.00           7.51          -4.51  (VIOLATED)
       PIN :   U233/A1          3.00           7.51          -4.51  (VIOLATED)
       PIN :   U236/A1          3.00           7.51          -4.51  (VIOLATED)
       PIN :   U239/A1          3.00           7.51          -4.51  (VIOLATED)
       PIN :   U242/A1          3.00           7.51          -4.51  (VIOLATED)
       PIN :   U245/A1          3.00           7.51          -4.51  (VIOLATED)
       PIN :   U248/A1          3.00           7.51          -4.51  (VIOLATED)
       PIN :   U251/A1          3.00           7.51          -4.51  (VIOLATED)
       PIN :   U254/A1          3.00           7.51          -4.51  (VIOLATED)
       PIN :   U257/A1          3.00           7.51          -4.51  (VIOLATED)
       PIN :   U260/A1          3.00           7.51          -4.51  (VIOLATED)
       PIN :   U263/A1          3.00           7.51          -4.51  (VIOLATED)
       PIN :   U266/A1          3.00           7.51          -4.51  (VIOLATED)
       PIN :   U183/Y           3.00           7.51          -4.51  (VIOLATED)
   n166                         3.00           7.51          -4.51  (VIOLATED)
       PIN :   U182/A1          3.00           7.51          -4.51  (VIOLATED)
       PIN :   U187/A1          3.00           7.51          -4.51  (VIOLATED)
       PIN :   U190/A1          3.00           7.51          -4.51  (VIOLATED)
       PIN :   U193/A1          3.00           7.51          -4.51  (VIOLATED)
       PIN :   U196/A1          3.00           7.51          -4.51  (VIOLATED)
       PIN :   U199/A1          3.00           7.51          -4.51  (VIOLATED)
       PIN :   U202/A1          3.00           7.51          -4.51  (VIOLATED)
       PIN :   U205/A1          3.00           7.51          -4.51  (VIOLATED)
       PIN :   U208/A1          3.00           7.51          -4.51  (VIOLATED)
       PIN :   U211/A1          3.00           7.51          -4.51  (VIOLATED)
       PIN :   U214/A1          3.00           7.51          -4.51  (VIOLATED)
       PIN :   U217/A1          3.00           7.51          -4.51  (VIOLATED)
       PIN :   U220/A1          3.00           7.51          -4.51  (VIOLATED)
       PIN :   U223/A1          3.00           7.51          -4.51  (VIOLATED)
       PIN :   U226/A1          3.00           7.51          -4.51  (VIOLATED)
       PIN :   U229/A1          3.00           7.51          -4.51  (VIOLATED)
       PIN :   U232/A1          3.00           7.51          -4.51  (VIOLATED)
       PIN :   U235/A1          3.00           7.51          -4.51  (VIOLATED)
       PIN :   U238/A1          3.00           7.51          -4.51  (VIOLATED)
       PIN :   U241/A1          3.00           7.51          -4.51  (VIOLATED)
       PIN :   U244/A1          3.00           7.51          -4.51  (VIOLATED)
       PIN :   U247/A1          3.00           7.51          -4.51  (VIOLATED)
       PIN :   U250/A1          3.00           7.51          -4.51  (VIOLATED)
       PIN :   U253/A1          3.00           7.51          -4.51  (VIOLATED)
       PIN :   U256/A1          3.00           7.51          -4.51  (VIOLATED)
       PIN :   U259/A1          3.00           7.51          -4.51  (VIOLATED)
       PIN :   U262/A1          3.00           7.51          -4.51  (VIOLATED)
       PIN :   U265/A1          3.00           7.51          -4.51  (VIOLATED)
       PIN :   U180/Y           3.00           7.51          -4.51  (VIOLATED)
   n165                         3.00           7.31          -4.31  (VIOLATED)
       PIN :   U182/B1          3.00           7.31          -4.31  (VIOLATED)
       PIN :   U187/B1          3.00           7.31          -4.31  (VIOLATED)
       PIN :   U190/B1          3.00           7.31          -4.31  (VIOLATED)
       PIN :   U193/B1          3.00           7.31          -4.31  (VIOLATED)
       PIN :   U196/B1          3.00           7.31          -4.31  (VIOLATED)
       PIN :   U199/B1          3.00           7.31          -4.31  (VIOLATED)
       PIN :   U202/B1          3.00           7.31          -4.31  (VIOLATED)
       PIN :   U205/B1          3.00           7.31          -4.31  (VIOLATED)
       PIN :   U208/B1          3.00           7.31          -4.31  (VIOLATED)
       PIN :   U211/B1          3.00           7.31          -4.31  (VIOLATED)
       PIN :   U214/B1          3.00           7.31          -4.31  (VIOLATED)
       PIN :   U217/B1          3.00           7.31          -4.31  (VIOLATED)
       PIN :   U220/B1          3.00           7.31          -4.31  (VIOLATED)
       PIN :   U223/B1          3.00           7.31          -4.31  (VIOLATED)
       PIN :   U226/B1          3.00           7.31          -4.31  (VIOLATED)
       PIN :   U229/B1          3.00           7.31          -4.31  (VIOLATED)
       PIN :   U232/B1          3.00           7.31          -4.31  (VIOLATED)
       PIN :   U235/B1          3.00           7.31          -4.31  (VIOLATED)
       PIN :   U238/B1          3.00           7.31          -4.31  (VIOLATED)
       PIN :   U241/B1          3.00           7.31          -4.31  (VIOLATED)
       PIN :   U244/B1          3.00           7.31          -4.31  (VIOLATED)
       PIN :   U247/B1          3.00           7.31          -4.31  (VIOLATED)
       PIN :   U250/B1          3.00           7.31          -4.31  (VIOLATED)
       PIN :   U253/B1          3.00           7.31          -4.31  (VIOLATED)
       PIN :   U256/B1          3.00           7.31          -4.31  (VIOLATED)
       PIN :   U259/B1          3.00           7.31          -4.31  (VIOLATED)
       PIN :   U262/B1          3.00           7.31          -4.31  (VIOLATED)
       PIN :   U265/B1          3.00           7.31          -4.31  (VIOLATED)
       PIN :   U181/Y           3.00           7.31          -4.31  (VIOLATED)
   n167                         3.00           7.31          -4.31  (VIOLATED)
       PIN :   U185/B1          3.00           7.31          -4.31  (VIOLATED)
       PIN :   U188/B1          3.00           7.31          -4.31  (VIOLATED)
       PIN :   U191/B1          3.00           7.31          -4.31  (VIOLATED)
       PIN :   U194/B1          3.00           7.31          -4.31  (VIOLATED)
       PIN :   U197/B1          3.00           7.31          -4.31  (VIOLATED)
       PIN :   U200/B1          3.00           7.31          -4.31  (VIOLATED)
       PIN :   U203/B1          3.00           7.31          -4.31  (VIOLATED)
       PIN :   U206/B1          3.00           7.31          -4.31  (VIOLATED)
       PIN :   U209/B1          3.00           7.31          -4.31  (VIOLATED)
       PIN :   U212/B1          3.00           7.31          -4.31  (VIOLATED)
       PIN :   U215/B1          3.00           7.31          -4.31  (VIOLATED)
       PIN :   U218/B1          3.00           7.31          -4.31  (VIOLATED)
       PIN :   U221/B1          3.00           7.31          -4.31  (VIOLATED)
       PIN :   U224/B1          3.00           7.31          -4.31  (VIOLATED)
       PIN :   U227/B1          3.00           7.31          -4.31  (VIOLATED)
       PIN :   U230/B1          3.00           7.31          -4.31  (VIOLATED)
       PIN :   U233/B1          3.00           7.31          -4.31  (VIOLATED)
       PIN :   U236/B1          3.00           7.31          -4.31  (VIOLATED)
       PIN :   U239/B1          3.00           7.31          -4.31  (VIOLATED)
       PIN :   U242/B1          3.00           7.31          -4.31  (VIOLATED)
       PIN :   U245/B1          3.00           7.31          -4.31  (VIOLATED)
       PIN :   U248/B1          3.00           7.31          -4.31  (VIOLATED)
       PIN :   U251/B1          3.00           7.31          -4.31  (VIOLATED)
       PIN :   U254/B1          3.00           7.31          -4.31  (VIOLATED)
       PIN :   U257/B1          3.00           7.31          -4.31  (VIOLATED)
       PIN :   U260/B1          3.00           7.31          -4.31  (VIOLATED)
       PIN :   U263/B1          3.00           7.31          -4.31  (VIOLATED)
       PIN :   U266/B1          3.00           7.31          -4.31  (VIOLATED)
       PIN :   U184/Y           3.00           7.31          -4.31  (VIOLATED)
   N418                         3.00           4.60          -1.60  (VIOLATED)
       PIN :   selected_patterns_o_reg[15]/E
                                3.00           4.60          -1.60  (VIOLATED)
       PIN :   selected_patterns_o_reg[14]/E
                                3.00           4.60          -1.60  (VIOLATED)
       PIN :   selected_patterns_o_reg[13]/E
                                3.00           4.60          -1.60  (VIOLATED)
       PIN :   selected_patterns_o_reg[12]/E
                                3.00           4.60          -1.60  (VIOLATED)
       PIN :   selected_configs_o_reg[10]/E
                                3.00           4.60          -1.60  (VIOLATED)
       PIN :   selected_configs_o_reg[11]/E
                                3.00           4.60          -1.60  (VIOLATED)
       PIN :   committed_cols_reg[9]/E
                                3.00           4.60          -1.60  (VIOLATED)
       PIN :   committed_rows_reg[10]/E
                                3.00           4.60          -1.60  (VIOLATED)
       PIN :   committed_cols_reg[10]/E
                                3.00           4.60          -1.60  (VIOLATED)
       PIN :   committed_rows_reg[9]/E
                                3.00           4.60          -1.60  (VIOLATED)
       PIN :   selected_configs_o_reg[9]/E
                                3.00           4.60          -1.60  (VIOLATED)
       PIN :   U329/Y           3.00           4.60          -1.60  (VIOLATED)
   N403                         3.00           4.60          -1.60  (VIOLATED)
       PIN :   selected_patterns_o_reg[3]/E
                                3.00           4.60          -1.60  (VIOLATED)
       PIN :   selected_patterns_o_reg[2]/E
                                3.00           4.60          -1.60  (VIOLATED)
       PIN :   selected_patterns_o_reg[1]/E
                                3.00           4.60          -1.60  (VIOLATED)
       PIN :   selected_patterns_o_reg[0]/E
                                3.00           4.60          -1.60  (VIOLATED)
       PIN :   selected_configs_o_reg[1]/E
                                3.00           4.60          -1.60  (VIOLATED)
       PIN :   selected_configs_o_reg[2]/E
                                3.00           4.60          -1.60  (VIOLATED)
       PIN :   committed_rows_reg[1]/E
                                3.00           4.60          -1.60  (VIOLATED)
       PIN :   committed_rows_reg[0]/E
                                3.00           4.60          -1.60  (VIOLATED)
       PIN :   selected_configs_o_reg[0]/E
                                3.00           4.60          -1.60  (VIOLATED)
       PIN :   committed_cols_reg[1]/E
                                3.00           4.60          -1.60  (VIOLATED)
       PIN :   committed_cols_reg[0]/E
                                3.00           4.60          -1.60  (VIOLATED)
       PIN :   U332/Y           3.00           4.60          -1.60  (VIOLATED)
   N408                         3.00           4.60          -1.60  (VIOLATED)
       PIN :   selected_patterns_o_reg[7]/E
                                3.00           4.60          -1.60  (VIOLATED)
       PIN :   selected_patterns_o_reg[6]/E
                                3.00           4.60          -1.60  (VIOLATED)
       PIN :   selected_patterns_o_reg[5]/E
                                3.00           4.60          -1.60  (VIOLATED)
       PIN :   selected_patterns_o_reg[4]/E
                                3.00           4.60          -1.60  (VIOLATED)
       PIN :   selected_configs_o_reg[4]/E
                                3.00           4.60          -1.60  (VIOLATED)
       PIN :   selected_configs_o_reg[5]/E
                                3.00           4.60          -1.60  (VIOLATED)
       PIN :   committed_cols_reg[3]/E
                                3.00           4.60          -1.60  (VIOLATED)
       PIN :   committed_rows_reg[4]/E
                                3.00           4.60          -1.60  (VIOLATED)
       PIN :   committed_cols_reg[4]/E
                                3.00           4.60          -1.60  (VIOLATED)
       PIN :   selected_configs_o_reg[3]/E
                                3.00           4.60          -1.60  (VIOLATED)
       PIN :   committed_rows_reg[3]/E
                                3.00           4.60          -1.60  (VIOLATED)
       PIN :   U331/Y           3.00           4.60          -1.60  (VIOLATED)
   N413                         3.00           4.60          -1.60  (VIOLATED)
       PIN :   selected_patterns_o_reg[11]/E
                                3.00           4.60          -1.60  (VIOLATED)
       PIN :   selected_patterns_o_reg[10]/E
                                3.00           4.60          -1.60  (VIOLATED)
       PIN :   selected_patterns_o_reg[9]/E
                                3.00           4.60          -1.60  (VIOLATED)
       PIN :   selected_patterns_o_reg[8]/E
                                3.00           4.60          -1.60  (VIOLATED)
       PIN :   selected_configs_o_reg[7]/E
                                3.00           4.60          -1.60  (VIOLATED)
       PIN :   selected_configs_o_reg[8]/E
                                3.00           4.60          -1.60  (VIOLATED)
       PIN :   committed_cols_reg[6]/E
                                3.00           4.60          -1.60  (VIOLATED)
       PIN :   committed_rows_reg[7]/E
                                3.00           4.60          -1.60  (VIOLATED)
       PIN :   committed_cols_reg[7]/E
                                3.00           4.60          -1.60  (VIOLATED)
       PIN :   committed_rows_reg[6]/E
                                3.00           4.60          -1.60  (VIOLATED)
       PIN :   selected_configs_o_reg[6]/E
                                3.00           4.60          -1.60  (VIOLATED)
       PIN :   U330/Y           3.00           4.60          -1.60  (VIOLATED)
   g_candidate[6].cols[4]       3.00           3.35          -0.35  (VIOLATED)
       PIN :   g_candidate[2].ledger/directional_rules/U31/A
                                3.00           3.35          -0.35  (VIOLATED)
       PIN :   g_candidate[2].ledger/directional_rules/U55/B
                                3.00           3.35          -0.35  (VIOLATED)
       PIN :   g_candidate[2].ledger/directional_rules/U62/A1
                                3.00           3.35          -0.35  (VIOLATED)
       PIN :   g_candidate[2].ledger/directional_rules/U114/B0
                                3.00           3.35          -0.35  (VIOLATED)
       PIN :   g_candidate[4].ledger/directional_rules/U31/A
                                3.00           3.35          -0.35  (VIOLATED)
       PIN :   g_candidate[4].ledger/directional_rules/U55/B
                                3.00           3.35          -0.35  (VIOLATED)
       PIN :   g_candidate[4].ledger/directional_rules/U62/A1
                                3.00           3.35          -0.35  (VIOLATED)
       PIN :   g_candidate[4].ledger/directional_rules/U114/B0
                                3.00           3.35          -0.35  (VIOLATED)
       PIN :   g_candidate[5].ledger/directional_rules/U31/A
                                3.00           3.35          -0.35  (VIOLATED)
       PIN :   g_candidate[5].ledger/directional_rules/U55/B
                                3.00           3.35          -0.35  (VIOLATED)
       PIN :   g_candidate[5].ledger/directional_rules/U62/A1
                                3.00           3.35          -0.35  (VIOLATED)
       PIN :   g_candidate[5].ledger/directional_rules/U114/B0
                                3.00           3.35          -0.35  (VIOLATED)
       PIN :   g_candidate[6].ledger/directional_rules/U31/A
                                3.00           3.35          -0.35  (VIOLATED)
       PIN :   g_candidate[6].ledger/directional_rules/U55/B
                                3.00           3.35          -0.35  (VIOLATED)
       PIN :   g_candidate[6].ledger/directional_rules/U62/A1
                                3.00           3.35          -0.35  (VIOLATED)
       PIN :   g_candidate[6].ledger/directional_rules/U114/B0
                                3.00           3.35          -0.35  (VIOLATED)
       PIN :   g_candidate[0].ledger/directional_rules/U31/A
                                3.00           3.35          -0.35  (VIOLATED)
       PIN :   g_candidate[0].ledger/directional_rules/U55/B
                                3.00           3.35          -0.35  (VIOLATED)
       PIN :   g_candidate[0].ledger/directional_rules/U62/A1
                                3.00           3.35          -0.35  (VIOLATED)
       PIN :   g_candidate[0].ledger/directional_rules/U114/B0
                                3.00           3.35          -0.35  (VIOLATED)
       PIN :   U284/Y           3.00           3.35          -0.35  (VIOLATED)
   g_candidate[6].cols[7]       3.00           3.23          -0.23  (VIOLATED)
       PIN :   g_candidate[2].ledger/directional_rules/U40/A
                                3.00           3.23          -0.23  (VIOLATED)
       PIN :   g_candidate[2].ledger/directional_rules/U60/A0
                                3.00           3.23          -0.23  (VIOLATED)
       PIN :   g_candidate[2].ledger/directional_rules/U104/B
                                3.00           3.23          -0.23  (VIOLATED)
       PIN :   g_candidate[2].ledger/directional_rules/U117/B0
                                3.00           3.23          -0.23  (VIOLATED)
       PIN :   g_candidate[4].ledger/directional_rules/U40/A
                                3.00           3.23          -0.23  (VIOLATED)
       PIN :   g_candidate[4].ledger/directional_rules/U60/A0
                                3.00           3.23          -0.23  (VIOLATED)
       PIN :   g_candidate[4].ledger/directional_rules/U104/B
                                3.00           3.23          -0.23  (VIOLATED)
       PIN :   g_candidate[4].ledger/directional_rules/U117/B0
                                3.00           3.23          -0.23  (VIOLATED)
       PIN :   g_candidate[5].ledger/directional_rules/U40/A
                                3.00           3.23          -0.23  (VIOLATED)
       PIN :   g_candidate[5].ledger/directional_rules/U60/A0
                                3.00           3.23          -0.23  (VIOLATED)
       PIN :   g_candidate[5].ledger/directional_rules/U104/B
                                3.00           3.23          -0.23  (VIOLATED)
       PIN :   g_candidate[5].ledger/directional_rules/U117/B0
                                3.00           3.23          -0.23  (VIOLATED)
       PIN :   g_candidate[6].ledger/directional_rules/U40/A
                                3.00           3.23          -0.23  (VIOLATED)
       PIN :   g_candidate[6].ledger/directional_rules/U60/A0
                                3.00           3.23          -0.23  (VIOLATED)
       PIN :   g_candidate[6].ledger/directional_rules/U104/B
                                3.00           3.23          -0.23  (VIOLATED)
       PIN :   g_candidate[6].ledger/directional_rules/U117/B0
                                3.00           3.23          -0.23  (VIOLATED)
       PIN :   g_candidate[0].ledger/directional_rules/U40/A
                                3.00           3.23          -0.23  (VIOLATED)
       PIN :   g_candidate[0].ledger/directional_rules/U60/A0
                                3.00           3.23          -0.23  (VIOLATED)
       PIN :   g_candidate[0].ledger/directional_rules/U104/B
                                3.00           3.23          -0.23  (VIOLATED)
       PIN :   g_candidate[0].ledger/directional_rules/U117/B0
                                3.00           3.23          -0.23  (VIOLATED)
       PIN :   U282/Y           3.00           3.23          -0.23  (VIOLATED)

   -----------------------------------------------------------------
   Total                      10                -24.61  

   max_fanout

                             Required        Actual
   Net                        Fanout         Fanout          Slack
   -----------------------------------------------------------------
   n165                        10.00          28.00         -18.00  (VIOLATED)
   n166                        10.00          28.00         -18.00  (VIOLATED)
   n167                        10.00          28.00         -18.00  (VIOLATED)
   n168                        10.00          28.00         -18.00  (VIOLATED)
   g_candidate[6].cols[4]      10.00          20.00         -10.00  (VIOLATED)
   g_candidate[6].cols[7]      10.00          20.00         -10.00  (VIOLATED)
   g_candidate[5].rows[1]      10.00          15.00          -5.00  (VIOLATED)
   g_candidate[5].rows[4]      10.00          15.00          -5.00  (VIOLATED)
   g_candidate[5].rows[7]      10.00          15.00          -5.00  (VIOLATED)
   g_candidate[6].cols[1]      10.00          15.00          -5.00  (VIOLATED)
   g_candidate[6].cols[10]     10.00          15.00          -5.00  (VIOLATED)
   N403                        10.00          11.00          -1.00  (VIOLATED)
   N408                        10.00          11.00          -1.00  (VIOLATED)
   N413                        10.00          11.00          -1.00  (VIOLATED)
   N418                        10.00          11.00          -1.00  (VIOLATED)

   -----------------------------------------------------------------
   Total                      15               -121.00  

   max_capacitance

                             Required        Actual
   Net                      Capacitance    Capacitance       Slack
   -----------------------------------------------------------------
   n166                         0.15           0.41          -0.26  (VIOLATED)
   n168                         0.15           0.41          -0.26  (VIOLATED)
   n165                         0.15           0.40          -0.25  (VIOLATED)
   n167                         0.15           0.40          -0.25  (VIOLATED)
   g_candidate[6].cols[4]       0.15           0.27          -0.12  (VIOLATED)
   g_candidate[6].cols[7]       0.15           0.26          -0.11  (VIOLATED)
   g_candidate[6].cols[1]       0.15           0.21          -0.06  (VIOLATED)
   g_candidate[5].rows[7]       0.15           0.20          -0.05  (VIOLATED)
   g_candidate[6].cols[10]      0.15           0.20          -0.05  (VIOLATED)
   g_candidate[5].rows[4]       0.15           0.20          -0.05  (VIOLATED)
   g_candidate[5].rows[1]       0.15           0.19          -0.04  (VIOLATED)
   N403                         0.15           0.17          -0.02  (VIOLATED)
   N408                         0.15           0.17          -0.02  (VIOLATED)
   N413                         0.15           0.17          -0.02  (VIOLATED)
   N418                         0.15           0.17          -0.02  (VIOLATED)

   -----------------------------------------------------------------
   Total                      15                 -1.59  

1
