 
****************************************
Report : qor
Design : multi_config_early_selector
Version: W-2024.09-SP2
Date   : Wed Sep  9 14:41:45 2026
****************************************


  Timing Path Group 'clk'
  -----------------------------------
  Levels of Logic:              25.00
  Critical Path Length:         14.76
  Critical Path Slack:           4.56
  Critical Path Clk Period:     20.00
  Total Negative Slack:          0.00
  No. of Violating Paths:        0.00
  Worst Hold Violation:          0.00
  Total Hold Violation:          0.00
  No. of Hold Violations:        0.00
  -----------------------------------


  Cell Count
  -----------------------------------
  Hierarchical Cell Count:         14
  Hierarchical Port Count:        994
  Leaf Cell Count:               1093
  Buf/Inv Cell Count:             252
  Buf Cell Count:                   0
  Inv Cell Count:                 252
  CT Buf/Inv Cell Count:            0
  Combinational Cell Count:      1044
  Sequential Cell Count:           49
  Macro Count:                      0
  -----------------------------------


  Area
  -----------------------------------
  Combinational Area:    15095.203381
  Noncombinational Area:  5022.864029
  Buf/Inv Area:           1689.811221
  Total Buffer Area:             0.00
  Total Inverter Area:        1689.81
  Macro/Black Box Area:      0.000000
  Net Area:             111767.221893
  -----------------------------------
  Cell Area:             20118.067410
  Design Area:          131885.289303


  Design Rules
  -----------------------------------
  Total Number of Nets:          1373
  Nets With Violations:            15
  Max Trans Violations:            10
  Max Cap Violations:              15
  Max Fanout Violations:           15
  -----------------------------------


  Hostname: Kaohsiung

  Compile CPU Statistics
  -----------------------------------------
  Resource Sharing:                    1.03
  Logic Optimization:                  0.24
  Mapping Optimization:                0.04
  -----------------------------------------
  Overall Compile Time:                2.09
  Overall Compile Wall Clock Time:     2.38

  --------------------------------------------------------------------

  Design  WNS: 0.00  TNS: 0.00  Number of Violating Paths: 0


  Design (Hold)  WNS: 0.00  TNS: 0.00  Number of Violating Paths: 0

  --------------------------------------------------------------------


1
