 
****************************************
Report : reference
Design : multi_config_early_selector
Version: W-2024.09-SP2
Date   : Wed Sep  9 14:41:45 2026
****************************************

Attributes:
    b - black box (unknown)
   bo - allows boundary optimization
    d - dont_touch
   mo - map_only
    h - hierarchical
    n - noncombinational
    r - removable
    s - synthetic operator
    u - contains unmapped logic

Reference          Library       Unit Area   Count    Total Area   Attributes
-----------------------------------------------------------------------------
AND2X1             slow          13.305600       1     13.305600  
AND3X1             slow          16.632000       2     33.264000  
AND4X1             slow          19.958401       1     19.958401  
AOI21X1            slow          13.305600       5     66.528001  
AOI22X1            slow          16.632000      64   1064.447998  
CLKINVX4           slow          13.305600       2     26.611200  
DFFHQX4            slow          73.180801       1     73.180801  n
EDFFX4             slow         103.118401      48   4949.683228  n
INVX1              slow           6.652800      33    219.542403  
NAND2BX1           slow          13.305600       1     13.305600  
NAND2X1            slow           9.979200      53    528.897619  
NAND3X1            slow          13.305600       5     66.528001  
NAND4X1            slow          16.632000       5     83.160000  
NOR2BX1            slow          13.305600       1     13.305600  
NOR2X1             slow           9.979200      28    279.417610  
NOR3X1             slow          13.305600       2     26.611200  
OAI21XL            slow          13.305600      10    133.056002  
OAI221XL           slow          23.284800       8    186.278397  
OR2X1              slow          13.305600       1     13.305600  
OR4X1              slow          19.958401       3     59.875202  
physical_resource_ledger_RS2_CS2_SHARED_ROWS1_SHARED_COLS1_MAX_BORROWS3_SPARE_WIDTH3_0
                               1749.686421       1   1749.686421  h
physical_resource_ledger_RS2_CS2_SHARED_ROWS1_SHARED_COLS1_MAX_BORROWS3_SPARE_WIDTH3_1
                               1749.686421       1   1749.686421  h
physical_resource_ledger_RS2_CS2_SHARED_ROWS1_SHARED_COLS1_MAX_BORROWS3_SPARE_WIDTH3_2
                               1749.686421       1   1749.686421  h
physical_resource_ledger_RS2_CS2_SHARED_ROWS1_SHARED_COLS1_MAX_BORROWS3_SPARE_WIDTH3_3
                               1749.686421       1   1749.686421  h
physical_resource_ledger_RS2_CS2_SHARED_ROWS1_SHARED_COLS1_MAX_BORROWS3_SPARE_WIDTH3_4
                               1749.686421       1   1749.686421  h
physical_resource_ledger_RS2_CS2_SHARED_ROWS1_SHARED_COLS1_MAX_BORROWS3_SPARE_WIDTH3_5
                               1749.686421       1   1749.686421  h
physical_resource_ledger_RS2_CS2_SHARED_ROWS1_SHARED_COLS1_MAX_BORROWS3_SPARE_WIDTH3_6
                               1749.686421       1   1749.686421  h
-----------------------------------------------------------------------------
Total 27 references                                 20118.067410

****************************************
Design: physical_resource_ledger_RS2_CS2_SHARED_ROWS1_SHARED_COLS1_MAX_BORROWS3_SPARE_WIDTH3_0 
****************************************
Reference          Library       Unit Area   Count    Total Area   Attributes
-----------------------------------------------------------------------------
INVX1              slow           6.652800       6     39.916800  
resource_tracker_RS2_CS2_SHARED_ROWS1_SHARED_COLS1_MAX_BORROWS3_TOPOLOGY1_SPARE_WIDTH3_0
                               1709.769620       1   1709.769620  h
-----------------------------------------------------------------------------
Total 2 references                                   1749.686421

****************************************
Design: resource_tracker_RS2_CS2_SHARED_ROWS1_SHARED_COLS1_MAX_BORROWS3_TOPOLOGY1_SPARE_WIDTH3_0 
****************************************
Reference          Library       Unit Area   Count    Total Area   Attributes
-----------------------------------------------------------------------------
AND2X1             slow          13.305600       8    106.444801  
AOI2BB1X1          slow          16.632000       2     33.264000  
AOI21X1            slow          13.305600       2     26.611200  
AOI22X1            slow          16.632000       2     33.264000  
AOI31X1            slow          16.632000       1     16.632000  
AOI32X1            slow          23.284800       2     46.569599  
AOI211X1           slow          16.632000       1     16.632000  
INVX1              slow           6.652800      25    166.320002  
MXI2X1             slow          23.284800       1     23.284800  
NAND2BX1           slow          13.305600       1     13.305600  
NAND2X1            slow           9.979200       8     79.833603  
NAND3BX1           slow          16.632000       1     16.632000  
NAND4BXL           slow          19.958401       1     19.958401  
NAND4X1            slow          16.632000       1     16.632000  
NOR2BX1            slow          13.305600       7     93.139201  
NOR2X1             slow           9.979200       4     39.916801  
NOR3X1             slow          13.305600       3     39.916800  
OAI21XL            slow          13.305600      12    159.667202  
OR3XL              slow          16.632000       1     16.632000  
XNOR2X1            slow          26.611200      17    452.390406  
XOR2X1             slow          26.611200      11    292.723204  
-----------------------------------------------------------------------------
Total 21 references                                  1709.769620

****************************************
Design: physical_resource_ledger_RS2_CS2_SHARED_ROWS1_SHARED_COLS1_MAX_BORROWS3_SPARE_WIDTH3_1 
****************************************
Reference          Library       Unit Area   Count    Total Area   Attributes
-----------------------------------------------------------------------------
INVX1              slow           6.652800       6     39.916800  
resource_tracker_RS2_CS2_SHARED_ROWS1_SHARED_COLS1_MAX_BORROWS3_TOPOLOGY1_SPARE_WIDTH3_1
                               1709.769620       1   1709.769620  h
-----------------------------------------------------------------------------
Total 2 references                                   1749.686421

****************************************
Design: resource_tracker_RS2_CS2_SHARED_ROWS1_SHARED_COLS1_MAX_BORROWS3_TOPOLOGY1_SPARE_WIDTH3_1 
****************************************
Reference          Library       Unit Area   Count    Total Area   Attributes
-----------------------------------------------------------------------------
AND2X1             slow          13.305600       8    106.444801  
AOI2BB1X1          slow          16.632000       2     33.264000  
AOI21X1            slow          13.305600       2     26.611200  
AOI22X1            slow          16.632000       2     33.264000  
AOI31X1            slow          16.632000       1     16.632000  
AOI32X1            slow          23.284800       2     46.569599  
AOI211X1           slow          16.632000       1     16.632000  
INVX1              slow           6.652800      25    166.320002  
MXI2X1             slow          23.284800       1     23.284800  
NAND2BX1           slow          13.305600       1     13.305600  
NAND2X1            slow           9.979200       8     79.833603  
NAND3BX1           slow          16.632000       1     16.632000  
NAND4BXL           slow          19.958401       1     19.958401  
NAND4X1            slow          16.632000       1     16.632000  
NOR2BX1            slow          13.305600       7     93.139201  
NOR2X1             slow           9.979200       4     39.916801  
NOR3X1             slow          13.305600       3     39.916800  
OAI21XL            slow          13.305600      12    159.667202  
OR3XL              slow          16.632000       1     16.632000  
XNOR2X1            slow          26.611200      17    452.390406  
XOR2X1             slow          26.611200      11    292.723204  
-----------------------------------------------------------------------------
Total 21 references                                  1709.769620

****************************************
Design: physical_resource_ledger_RS2_CS2_SHARED_ROWS1_SHARED_COLS1_MAX_BORROWS3_SPARE_WIDTH3_2 
****************************************
Reference          Library       Unit Area   Count    Total Area   Attributes
-----------------------------------------------------------------------------
INVX1              slow           6.652800       6     39.916800  
resource_tracker_RS2_CS2_SHARED_ROWS1_SHARED_COLS1_MAX_BORROWS3_TOPOLOGY1_SPARE_WIDTH3_2
                               1709.769620       1   1709.769620  h
-----------------------------------------------------------------------------
Total 2 references                                   1749.686421

****************************************
Design: resource_tracker_RS2_CS2_SHARED_ROWS1_SHARED_COLS1_MAX_BORROWS3_TOPOLOGY1_SPARE_WIDTH3_2 
****************************************
Reference          Library       Unit Area   Count    Total Area   Attributes
-----------------------------------------------------------------------------
AND2X1             slow          13.305600       8    106.444801  
AOI2BB1X1          slow          16.632000       2     33.264000  
AOI21X1            slow          13.305600       2     26.611200  
AOI22X1            slow          16.632000       2     33.264000  
AOI31X1            slow          16.632000       1     16.632000  
AOI32X1            slow          23.284800       2     46.569599  
AOI211X1           slow          16.632000       1     16.632000  
INVX1              slow           6.652800      25    166.320002  
MXI2X1             slow          23.284800       1     23.284800  
NAND2BX1           slow          13.305600       1     13.305600  
NAND2X1            slow           9.979200       8     79.833603  
NAND3BX1           slow          16.632000       1     16.632000  
NAND4BXL           slow          19.958401       1     19.958401  
NAND4X1            slow          16.632000       1     16.632000  
NOR2BX1            slow          13.305600       7     93.139201  
NOR2X1             slow           9.979200       4     39.916801  
NOR3X1             slow          13.305600       3     39.916800  
OAI21XL            slow          13.305600      12    159.667202  
OR3XL              slow          16.632000       1     16.632000  
XNOR2X1            slow          26.611200      17    452.390406  
XOR2X1             slow          26.611200      11    292.723204  
-----------------------------------------------------------------------------
Total 21 references                                  1709.769620

****************************************
Design: physical_resource_ledger_RS2_CS2_SHARED_ROWS1_SHARED_COLS1_MAX_BORROWS3_SPARE_WIDTH3_3 
****************************************
Reference          Library       Unit Area   Count    Total Area   Attributes
-----------------------------------------------------------------------------
INVX1              slow           6.652800       6     39.916800  
resource_tracker_RS2_CS2_SHARED_ROWS1_SHARED_COLS1_MAX_BORROWS3_TOPOLOGY1_SPARE_WIDTH3_3
                               1709.769620       1   1709.769620  h
-----------------------------------------------------------------------------
Total 2 references                                   1749.686421

****************************************
Design: resource_tracker_RS2_CS2_SHARED_ROWS1_SHARED_COLS1_MAX_BORROWS3_TOPOLOGY1_SPARE_WIDTH3_3 
****************************************
Reference          Library       Unit Area   Count    Total Area   Attributes
-----------------------------------------------------------------------------
AND2X1             slow          13.305600       8    106.444801  
AOI2BB1X1          slow          16.632000       2     33.264000  
AOI21X1            slow          13.305600       2     26.611200  
AOI22X1            slow          16.632000       2     33.264000  
AOI31X1            slow          16.632000       1     16.632000  
AOI32X1            slow          23.284800       2     46.569599  
AOI211X1           slow          16.632000       1     16.632000  
INVX1              slow           6.652800      25    166.320002  
MXI2X1             slow          23.284800       1     23.284800  
NAND2BX1           slow          13.305600       1     13.305600  
NAND2X1            slow           9.979200       8     79.833603  
NAND3BX1           slow          16.632000       1     16.632000  
NAND4BXL           slow          19.958401       1     19.958401  
NAND4X1            slow          16.632000       1     16.632000  
NOR2BX1            slow          13.305600       7     93.139201  
NOR2X1             slow           9.979200       4     39.916801  
NOR3X1             slow          13.305600       3     39.916800  
OAI21XL            slow          13.305600      12    159.667202  
OR3XL              slow          16.632000       1     16.632000  
XNOR2X1            slow          26.611200      17    452.390406  
XOR2X1             slow          26.611200      11    292.723204  
-----------------------------------------------------------------------------
Total 21 references                                  1709.769620

****************************************
Design: physical_resource_ledger_RS2_CS2_SHARED_ROWS1_SHARED_COLS1_MAX_BORROWS3_SPARE_WIDTH3_4 
****************************************
Reference          Library       Unit Area   Count    Total Area   Attributes
-----------------------------------------------------------------------------
INVX1              slow           6.652800       6     39.916800  
resource_tracker_RS2_CS2_SHARED_ROWS1_SHARED_COLS1_MAX_BORROWS3_TOPOLOGY1_SPARE_WIDTH3_4
                               1709.769620       1   1709.769620  h
-----------------------------------------------------------------------------
Total 2 references                                   1749.686421

****************************************
Design: resource_tracker_RS2_CS2_SHARED_ROWS1_SHARED_COLS1_MAX_BORROWS3_TOPOLOGY1_SPARE_WIDTH3_4 
****************************************
Reference          Library       Unit Area   Count    Total Area   Attributes
-----------------------------------------------------------------------------
AND2X1             slow          13.305600       8    106.444801  
AOI2BB1X1          slow          16.632000       2     33.264000  
AOI21X1            slow          13.305600       2     26.611200  
AOI22X1            slow          16.632000       2     33.264000  
AOI31X1            slow          16.632000       1     16.632000  
AOI32X1            slow          23.284800       2     46.569599  
AOI211X1           slow          16.632000       1     16.632000  
INVX1              slow           6.652800      25    166.320002  
MXI2X1             slow          23.284800       1     23.284800  
NAND2BX1           slow          13.305600       1     13.305600  
NAND2X1            slow           9.979200       8     79.833603  
NAND3BX1           slow          16.632000       1     16.632000  
NAND4BXL           slow          19.958401       1     19.958401  
NAND4X1            slow          16.632000       1     16.632000  
NOR2BX1            slow          13.305600       7     93.139201  
NOR2X1             slow           9.979200       4     39.916801  
NOR3X1             slow          13.305600       3     39.916800  
OAI21XL            slow          13.305600      12    159.667202  
OR3XL              slow          16.632000       1     16.632000  
XNOR2X1            slow          26.611200      17    452.390406  
XOR2X1             slow          26.611200      11    292.723204  
-----------------------------------------------------------------------------
Total 21 references                                  1709.769620

****************************************
Design: physical_resource_ledger_RS2_CS2_SHARED_ROWS1_SHARED_COLS1_MAX_BORROWS3_SPARE_WIDTH3_5 
****************************************
Reference          Library       Unit Area   Count    Total Area   Attributes
-----------------------------------------------------------------------------
INVX1              slow           6.652800       6     39.916800  
resource_tracker_RS2_CS2_SHARED_ROWS1_SHARED_COLS1_MAX_BORROWS3_TOPOLOGY1_SPARE_WIDTH3_5
                               1709.769620       1   1709.769620  h
-----------------------------------------------------------------------------
Total 2 references                                   1749.686421

****************************************
Design: resource_tracker_RS2_CS2_SHARED_ROWS1_SHARED_COLS1_MAX_BORROWS3_TOPOLOGY1_SPARE_WIDTH3_5 
****************************************
Reference          Library       Unit Area   Count    Total Area   Attributes
-----------------------------------------------------------------------------
AND2X1             slow          13.305600       8    106.444801  
AOI2BB1X1          slow          16.632000       2     33.264000  
AOI21X1            slow          13.305600       2     26.611200  
AOI22X1            slow          16.632000       2     33.264000  
AOI31X1            slow          16.632000       1     16.632000  
AOI32X1            slow          23.284800       2     46.569599  
AOI211X1           slow          16.632000       1     16.632000  
INVX1              slow           6.652800      25    166.320002  
MXI2X1             slow          23.284800       1     23.284800  
NAND2BX1           slow          13.305600       1     13.305600  
NAND2X1            slow           9.979200       8     79.833603  
NAND3BX1           slow          16.632000       1     16.632000  
NAND4BXL           slow          19.958401       1     19.958401  
NAND4X1            slow          16.632000       1     16.632000  
NOR2BX1            slow          13.305600       7     93.139201  
NOR2X1             slow           9.979200       4     39.916801  
NOR3X1             slow          13.305600       3     39.916800  
OAI21XL            slow          13.305600      12    159.667202  
OR3XL              slow          16.632000       1     16.632000  
XNOR2X1            slow          26.611200      17    452.390406  
XOR2X1             slow          26.611200      11    292.723204  
-----------------------------------------------------------------------------
Total 21 references                                  1709.769620

****************************************
Design: physical_resource_ledger_RS2_CS2_SHARED_ROWS1_SHARED_COLS1_MAX_BORROWS3_SPARE_WIDTH3_6 
****************************************
Reference          Library       Unit Area   Count    Total Area   Attributes
-----------------------------------------------------------------------------
INVX1              slow           6.652800       6     39.916800  
resource_tracker_RS2_CS2_SHARED_ROWS1_SHARED_COLS1_MAX_BORROWS3_TOPOLOGY1_SPARE_WIDTH3_6
                               1709.769620       1   1709.769620  h
-----------------------------------------------------------------------------
Total 2 references                                   1749.686421

****************************************
Design: resource_tracker_RS2_CS2_SHARED_ROWS1_SHARED_COLS1_MAX_BORROWS3_TOPOLOGY1_SPARE_WIDTH3_6 
****************************************
Reference          Library       Unit Area   Count    Total Area   Attributes
-----------------------------------------------------------------------------
AND2X1             slow          13.305600       8    106.444801  
AOI2BB1X1          slow          16.632000       2     33.264000  
AOI21X1            slow          13.305600       2     26.611200  
AOI22X1            slow          16.632000       2     33.264000  
AOI31X1            slow          16.632000       1     16.632000  
AOI32X1            slow          23.284800       2     46.569599  
AOI211X1           slow          16.632000       1     16.632000  
INVX1              slow           6.652800      25    166.320002  
MXI2X1             slow          23.284800       1     23.284800  
NAND2BX1           slow          13.305600       1     13.305600  
NAND2X1            slow           9.979200       8     79.833603  
NAND3BX1           slow          16.632000       1     16.632000  
NAND4BXL           slow          19.958401       1     19.958401  
NAND4X1            slow          16.632000       1     16.632000  
NOR2BX1            slow          13.305600       7     93.139201  
NOR2X1             slow           9.979200       4     39.916801  
NOR3X1             slow          13.305600       3     39.916800  
OAI21XL            slow          13.305600      12    159.667202  
OR3XL              slow          16.632000       1     16.632000  
XNOR2X1            slow          26.611200      17    452.390406  
XOR2X1             slow          26.611200      11    292.723204  
-----------------------------------------------------------------------------
Total 21 references                                  1709.769620
1
