 
****************************************
Report : resources
Design : multi_config_early_selector
Version: W-2024.09-SP2
Date   : Wed Sep  9 14:41:45 2026
****************************************

Resource Sharing Report for design multi_config_early_selector in file
        /home/asd9112000/repair_rate/rtl/dss_2x2/analyzer/early_selector.sv

===============================================================================
|          |              |            | Contained     |                      |
| Resource | Module       | Parameters | Resources     | Contained Operations |
===============================================================================
| r121     | DW01_cmp2    | width=8    |               | lt_58_I3             |
| r130     | DW01_inc     | width=2    |               | add_79               |
| r501     | DW01_cmp2    | width=8    |               | lt_58_I7             |
| r503     | DW01_cmp2    | width=8    |               | lt_58_I6             |
| r504     | DW01_cmp2    | width=8    |               | lt_58_I5             |
| r505     | DW01_cmp2    | width=8    |               | lt_58_I4             |
===============================================================================


No implementations to report

No resource sharing information to report.
 
****************************************
Design : physical_resource_ledger_RS2_CS2_SHARED_ROWS1_SHARED_COLS1_MAX_BORROWS3_SPARE_WIDTH3_0
****************************************

No implementations to report

No resource sharing information to report.
 
****************************************
Design : resource_tracker_RS2_CS2_SHARED_ROWS1_SHARED_COLS1_MAX_BORROWS3_TOPOLOGY1_SPARE_WIDTH3_0
****************************************

No implementations to report

No resource sharing information to report.
 
****************************************
Design : physical_resource_ledger_RS2_CS2_SHARED_ROWS1_SHARED_COLS1_MAX_BORROWS3_SPARE_WIDTH3_1
****************************************

No implementations to report

No resource sharing information to report.
 
****************************************
Design : resource_tracker_RS2_CS2_SHARED_ROWS1_SHARED_COLS1_MAX_BORROWS3_TOPOLOGY1_SPARE_WIDTH3_1
****************************************

No implementations to report

No resource sharing information to report.
 
****************************************
Design : physical_resource_ledger_RS2_CS2_SHARED_ROWS1_SHARED_COLS1_MAX_BORROWS3_SPARE_WIDTH3_2
****************************************

No implementations to report

No resource sharing information to report.
 
****************************************
Design : resource_tracker_RS2_CS2_SHARED_ROWS1_SHARED_COLS1_MAX_BORROWS3_TOPOLOGY1_SPARE_WIDTH3_2
****************************************

No implementations to report

No resource sharing information to report.
 
****************************************
Design : physical_resource_ledger_RS2_CS2_SHARED_ROWS1_SHARED_COLS1_MAX_BORROWS3_SPARE_WIDTH3_3
****************************************

No implementations to report

No resource sharing information to report.
 
****************************************
Design : resource_tracker_RS2_CS2_SHARED_ROWS1_SHARED_COLS1_MAX_BORROWS3_TOPOLOGY1_SPARE_WIDTH3_3
****************************************

No implementations to report

No resource sharing information to report.
 
****************************************
Design : physical_resource_ledger_RS2_CS2_SHARED_ROWS1_SHARED_COLS1_MAX_BORROWS3_SPARE_WIDTH3_4
****************************************

No implementations to report

No resource sharing information to report.
 
****************************************
Design : resource_tracker_RS2_CS2_SHARED_ROWS1_SHARED_COLS1_MAX_BORROWS3_TOPOLOGY1_SPARE_WIDTH3_4
****************************************

No implementations to report

No resource sharing information to report.
 
****************************************
Design : physical_resource_ledger_RS2_CS2_SHARED_ROWS1_SHARED_COLS1_MAX_BORROWS3_SPARE_WIDTH3_5
****************************************

No implementations to report

No resource sharing information to report.
 
****************************************
Design : resource_tracker_RS2_CS2_SHARED_ROWS1_SHARED_COLS1_MAX_BORROWS3_TOPOLOGY1_SPARE_WIDTH3_5
****************************************

No implementations to report

No resource sharing information to report.
 
****************************************
Design : physical_resource_ledger_RS2_CS2_SHARED_ROWS1_SHARED_COLS1_MAX_BORROWS3_SPARE_WIDTH3_6
****************************************

No implementations to report
 
****************************************
Design : resource_tracker_RS2_CS2_SHARED_ROWS1_SHARED_COLS1_MAX_BORROWS3_TOPOLOGY1_SPARE_WIDTH3_6
****************************************
Resource Sharing Report for design
        resource_tracker_RS2_CS2_SHARED_ROWS1_SHARED_COLS1_MAX_BORROWS3_TOPOLOGY1_SPARE_WIDTH3_0
        in file
        /home/asd9112000/repair_rate/rtl/dss_2x2/common/resource_tracker.sv

===============================================================================
|          |              |            | Contained     |                      |
| Resource | Module       | Parameters | Resources     | Contained Operations |
===============================================================================
| r29      | DW01_cmp2    | width=3    |               | gt_52_I4             |
| r30      | DW01_add     | width=4    |               | add_2_root_add_58_I4 |
| r31      | DW01_sub     | width=3    |               | sub_53_I2            |
| r652     | DW01_sub     | width=3    |               | sub_52               |
| r656     | DW01_sub     | width=3    |               | sub_53               |
| r660     | DW01_sub     | width=3    |               | sub_52_I2            |
| r666     | DW01_add     | width=4    |               | add_2_root_add_54_I4 |
| r668     | DW01_add     | width=4    |               | add_2_root_add_56_I4 |
| r672     | DW01_add     | width=4    |               | add_2_root_add_60_I4 |
| r676     | DW01_sub     | width=3    |               | sub_52_I3            |
| r680     | DW01_sub     | width=3    |               | sub_53_I3            |
| r682     | DW01_add     | width=5    |               | add_1_root_add_54_I4 |
| r684     | DW01_add     | width=5    |               | add_1_root_add_56_I4 |
| r686     | DW01_add     | width=5    |               | add_1_root_add_58_I4 |
| r688     | DW01_add     | width=5    |               | add_1_root_add_60_I4 |
| r692     | DW01_sub     | width=3    |               | sub_52_I4            |
| r696     | DW01_sub     | width=3    |               | sub_53_I4            |
| r698     | DW01_add     | width=5    |               | add_0_root_add_54_I4 |
| r700     | DW01_add     | width=5    |               | add_0_root_add_56_I4 |
| r702     | DW01_add     | width=5    |               | add_0_root_add_58_I4 |
| r704     | DW01_add     | width=5    |               | add_0_root_add_60_I4 |
| r714     | DW01_add     | width=4    |               | add_83               |
| r718     | DW01_add     | width=4    |               | add_83_2             |
| r722     | DW01_add     | width=4    |               | add_83_3             |
| r726     | DW01_add     | width=4    |               | add_83_4             |
| r730     | DW01_add     | width=6    |               | add_105              |
| r734     | DW01_cmp2    | width=3    |               | gt_52                |
| r735     | DW01_cmp2    | width=3    |               | gt_53_I3             |
| r736     | DW01_cmp2    | width=3    |               | gt_53_I2             |
| r737     | DW01_cmp2    | width=3    |               | gt_53                |
| r738     | DW01_cmp2    | width=3    |               | gt_52_I3             |
| r739     | DW01_cmp2    | width=3    |               | gt_53_I4             |
| r740     | DW01_cmp2    | width=3    |               | gt_52_I2             |
| r741     | DW01_cmp2    | width=3    |               | gt_78_3              |
| r742     | DW01_cmp2    | width=4    |               | gt_83_2              |
| r744     | DW01_cmp2    | width=6    |               | gt_105               |
| r746     | DW01_cmp2    | width=4    |               | gt_83                |
| r747     | DW01_cmp2    | width=3    |               | gt_78_2              |
| r748     | DW01_cmp2    | width=3    |               | gt_78                |
| r749     | DW01_cmp2    | width=4    |               | gt_83_4              |
| r750     | DW01_cmp2    | width=4    |               | gt_83_3              |
| r751     | DW01_cmp2    | width=3    |               | gt_78_4              |
===============================================================================


No implementations to report
1
