 
****************************************
Report : timing
        -path full
        -delay max
        -max_paths 10
Design : multi_config_early_selector
Version: W-2024.09-SP2
Date   : Wed Sep  9 14:41:45 2026
****************************************

Operating Conditions: slow   Library: slow
Wire Load Model Mode: top

  Startpoint: active_sa_reg[0]
              (rising edge-triggered flip-flop clocked by clk)
  Endpoint: committed_cols_reg[0]
            (rising edge-triggered flip-flop clocked by clk)
  Path Group: clk
  Path Type: max

  Des/Clust/Port     Wire Load Model       Library
  ------------------------------------------------
  multi_config_early_selector
                     tsmc18_wl10           slow

  Point                                                   Incr       Path
  --------------------------------------------------------------------------
  clock clk (rise edge)                                   0.00       0.00
  clock network delay (ideal)                             0.00       0.00
  active_sa_reg[0]/CK (EDFFX4)                            0.00       0.00 r
  active_sa_reg[0]/QN (EDFFX4)                            0.45       0.45 f
  U355/Y (INVX1)                                          0.33       0.78 r
  U353/Y (NOR2X1)                                         0.42       1.20 f
  U352/Y (INVX1)                                          0.71       1.91 r
  U282/Y (NAND2X1)                                        1.46       3.37 f
  g_candidate[0].ledger/demand_cols_i[7] (physical_resource_ledger_RS2_CS2_SHARED_ROWS1_SHARED_COLS1_MAX_BORROWS3_SPARE_WIDTH3_6)
                                                          0.00       3.37 f
  g_candidate[0].ledger/directional_rules/demands_cols_i[7] (resource_tracker_RS2_CS2_SHARED_ROWS1_SHARED_COLS1_MAX_BORROWS3_TOPOLOGY1_SPARE_WIDTH3_6)
                                                          0.00       3.37 f
  g_candidate[0].ledger/directional_rules/U60/Y (OAI21XL)
                                                          1.29       4.66 r
  g_candidate[0].ledger/directional_rules/U59/Y (XNOR2X1)
                                                          0.59       5.24 f
  g_candidate[0].ledger/directional_rules/U58/Y (AND2X1)
                                                          0.44       5.69 f
  g_candidate[0].ledger/directional_rules/U25/Y (OAI21XL)
                                                          0.38       6.07 r
  g_candidate[0].ledger/directional_rules/U24/Y (INVX1)
                                                          0.15       6.22 f
  g_candidate[0].ledger/directional_rules/U23/Y (AOI21X1)
                                                          0.28       6.51 r
  g_candidate[0].ledger/directional_rules/U22/Y (XOR2X1)
                                                          0.36       6.87 f
  g_candidate[0].ledger/directional_rules/U21/Y (XNOR2X1)
                                                          0.26       7.12 f
  g_candidate[0].ledger/directional_rules/U20/Y (NAND4BXL)
                                                          0.34       7.47 f
  g_candidate[0].ledger/directional_rules/U19/Y (NOR3X1)
                                                          0.38       7.85 r
  g_candidate[0].ledger/directional_rules/allocation_success_o (resource_tracker_RS2_CS2_SHARED_ROWS1_SHARED_COLS1_MAX_BORROWS3_TOPOLOGY1_SPARE_WIDTH3_6)
                                                          0.00       7.85 r
  g_candidate[0].ledger/feasible_o (physical_resource_ledger_RS2_CS2_SHARED_ROWS1_SHARED_COLS1_MAX_BORROWS3_SPARE_WIDTH3_6)
                                                          0.00       7.85 r
  U396/Y (AOI21X1)                                        0.42       8.27 f
  U387/Y (NAND3X1)                                        0.45       8.72 r
  U380/Y (INVX1)                                          0.25       8.97 f
  U379/Y (NOR2X1)                                         0.39       9.36 r
  U373/Y (AND4X1)                                         0.51       9.88 r
  U372/Y (NOR2X1)                                         0.23      10.10 f
  U369/Y (NAND2X1)                                        0.67      10.77 r
  U368/Y (INVX1)                                          0.31      11.08 f
  U367/Y (NAND3X1)                                        0.35      11.43 r
  U358/Y (NAND2X1)                                        0.49      11.92 f
  U332/Y (OAI21XL)                                        2.84      14.76 r
  committed_cols_reg[0]/E (EDFFX4)                        0.00      14.76 r
  data arrival time                                                 14.76

  clock clk (rise edge)                                  20.00      20.00
  clock network delay (ideal)                             0.00      20.00
  clock uncertainty                                      -0.10      19.90
  committed_cols_reg[0]/CK (EDFFX4)                       0.00      19.90 r
  library setup time                                     -0.58      19.32
  data required time                                                19.32
  --------------------------------------------------------------------------
  data required time                                                19.32
  data arrival time                                                -14.76
  --------------------------------------------------------------------------
  slack (MET)                                                        4.56


  Startpoint: active_sa_reg[0]
              (rising edge-triggered flip-flop clocked by clk)
  Endpoint: committed_cols_reg[1]
            (rising edge-triggered flip-flop clocked by clk)
  Path Group: clk
  Path Type: max

  Des/Clust/Port     Wire Load Model       Library
  ------------------------------------------------
  multi_config_early_selector
                     tsmc18_wl10           slow

  Point                                                   Incr       Path
  --------------------------------------------------------------------------
  clock clk (rise edge)                                   0.00       0.00
  clock network delay (ideal)                             0.00       0.00
  active_sa_reg[0]/CK (EDFFX4)                            0.00       0.00 r
  active_sa_reg[0]/QN (EDFFX4)                            0.45       0.45 f
  U355/Y (INVX1)                                          0.33       0.78 r
  U353/Y (NOR2X1)                                         0.42       1.20 f
  U352/Y (INVX1)                                          0.71       1.91 r
  U282/Y (NAND2X1)                                        1.46       3.37 f
  g_candidate[0].ledger/demand_cols_i[7] (physical_resource_ledger_RS2_CS2_SHARED_ROWS1_SHARED_COLS1_MAX_BORROWS3_SPARE_WIDTH3_6)
                                                          0.00       3.37 f
  g_candidate[0].ledger/directional_rules/demands_cols_i[7] (resource_tracker_RS2_CS2_SHARED_ROWS1_SHARED_COLS1_MAX_BORROWS3_TOPOLOGY1_SPARE_WIDTH3_6)
                                                          0.00       3.37 f
  g_candidate[0].ledger/directional_rules/U60/Y (OAI21XL)
                                                          1.29       4.66 r
  g_candidate[0].ledger/directional_rules/U59/Y (XNOR2X1)
                                                          0.59       5.24 f
  g_candidate[0].ledger/directional_rules/U58/Y (AND2X1)
                                                          0.44       5.69 f
  g_candidate[0].ledger/directional_rules/U25/Y (OAI21XL)
                                                          0.38       6.07 r
  g_candidate[0].ledger/directional_rules/U24/Y (INVX1)
                                                          0.15       6.22 f
  g_candidate[0].ledger/directional_rules/U23/Y (AOI21X1)
                                                          0.28       6.51 r
  g_candidate[0].ledger/directional_rules/U22/Y (XOR2X1)
                                                          0.36       6.87 f
  g_candidate[0].ledger/directional_rules/U21/Y (XNOR2X1)
                                                          0.26       7.12 f
  g_candidate[0].ledger/directional_rules/U20/Y (NAND4BXL)
                                                          0.34       7.47 f
  g_candidate[0].ledger/directional_rules/U19/Y (NOR3X1)
                                                          0.38       7.85 r
  g_candidate[0].ledger/directional_rules/allocation_success_o (resource_tracker_RS2_CS2_SHARED_ROWS1_SHARED_COLS1_MAX_BORROWS3_TOPOLOGY1_SPARE_WIDTH3_6)
                                                          0.00       7.85 r
  g_candidate[0].ledger/feasible_o (physical_resource_ledger_RS2_CS2_SHARED_ROWS1_SHARED_COLS1_MAX_BORROWS3_SPARE_WIDTH3_6)
                                                          0.00       7.85 r
  U396/Y (AOI21X1)                                        0.42       8.27 f
  U387/Y (NAND3X1)                                        0.45       8.72 r
  U380/Y (INVX1)                                          0.25       8.97 f
  U379/Y (NOR2X1)                                         0.39       9.36 r
  U373/Y (AND4X1)                                         0.51       9.88 r
  U372/Y (NOR2X1)                                         0.23      10.10 f
  U369/Y (NAND2X1)                                        0.67      10.77 r
  U368/Y (INVX1)                                          0.31      11.08 f
  U367/Y (NAND3X1)                                        0.35      11.43 r
  U358/Y (NAND2X1)                                        0.49      11.92 f
  U332/Y (OAI21XL)                                        2.84      14.76 r
  committed_cols_reg[1]/E (EDFFX4)                        0.00      14.76 r
  data arrival time                                                 14.76

  clock clk (rise edge)                                  20.00      20.00
  clock network delay (ideal)                             0.00      20.00
  clock uncertainty                                      -0.10      19.90
  committed_cols_reg[1]/CK (EDFFX4)                       0.00      19.90 r
  library setup time                                     -0.58      19.32
  data required time                                                19.32
  --------------------------------------------------------------------------
  data required time                                                19.32
  data arrival time                                                -14.76
  --------------------------------------------------------------------------
  slack (MET)                                                        4.56


  Startpoint: active_sa_reg[0]
              (rising edge-triggered flip-flop clocked by clk)
  Endpoint: committed_cols_reg[7]
            (rising edge-triggered flip-flop clocked by clk)
  Path Group: clk
  Path Type: max

  Des/Clust/Port     Wire Load Model       Library
  ------------------------------------------------
  multi_config_early_selector
                     tsmc18_wl10           slow

  Point                                                   Incr       Path
  --------------------------------------------------------------------------
  clock clk (rise edge)                                   0.00       0.00
  clock network delay (ideal)                             0.00       0.00
  active_sa_reg[0]/CK (EDFFX4)                            0.00       0.00 r
  active_sa_reg[0]/QN (EDFFX4)                            0.45       0.45 f
  U355/Y (INVX1)                                          0.33       0.78 r
  U353/Y (NOR2X1)                                         0.42       1.20 f
  U352/Y (INVX1)                                          0.71       1.91 r
  U282/Y (NAND2X1)                                        1.46       3.37 f
  g_candidate[0].ledger/demand_cols_i[7] (physical_resource_ledger_RS2_CS2_SHARED_ROWS1_SHARED_COLS1_MAX_BORROWS3_SPARE_WIDTH3_6)
                                                          0.00       3.37 f
  g_candidate[0].ledger/directional_rules/demands_cols_i[7] (resource_tracker_RS2_CS2_SHARED_ROWS1_SHARED_COLS1_MAX_BORROWS3_TOPOLOGY1_SPARE_WIDTH3_6)
                                                          0.00       3.37 f
  g_candidate[0].ledger/directional_rules/U60/Y (OAI21XL)
                                                          1.29       4.66 r
  g_candidate[0].ledger/directional_rules/U59/Y (XNOR2X1)
                                                          0.59       5.24 f
  g_candidate[0].ledger/directional_rules/U58/Y (AND2X1)
                                                          0.44       5.69 f
  g_candidate[0].ledger/directional_rules/U25/Y (OAI21XL)
                                                          0.38       6.07 r
  g_candidate[0].ledger/directional_rules/U24/Y (INVX1)
                                                          0.15       6.22 f
  g_candidate[0].ledger/directional_rules/U23/Y (AOI21X1)
                                                          0.28       6.51 r
  g_candidate[0].ledger/directional_rules/U22/Y (XOR2X1)
                                                          0.36       6.87 f
  g_candidate[0].ledger/directional_rules/U21/Y (XNOR2X1)
                                                          0.26       7.12 f
  g_candidate[0].ledger/directional_rules/U20/Y (NAND4BXL)
                                                          0.34       7.47 f
  g_candidate[0].ledger/directional_rules/U19/Y (NOR3X1)
                                                          0.38       7.85 r
  g_candidate[0].ledger/directional_rules/allocation_success_o (resource_tracker_RS2_CS2_SHARED_ROWS1_SHARED_COLS1_MAX_BORROWS3_TOPOLOGY1_SPARE_WIDTH3_6)
                                                          0.00       7.85 r
  g_candidate[0].ledger/feasible_o (physical_resource_ledger_RS2_CS2_SHARED_ROWS1_SHARED_COLS1_MAX_BORROWS3_SPARE_WIDTH3_6)
                                                          0.00       7.85 r
  U396/Y (AOI21X1)                                        0.42       8.27 f
  U387/Y (NAND3X1)                                        0.45       8.72 r
  U380/Y (INVX1)                                          0.25       8.97 f
  U379/Y (NOR2X1)                                         0.39       9.36 r
  U373/Y (AND4X1)                                         0.51       9.88 r
  U372/Y (NOR2X1)                                         0.23      10.10 f
  U369/Y (NAND2X1)                                        0.67      10.77 r
  U368/Y (INVX1)                                          0.31      11.08 f
  U367/Y (NAND3X1)                                        0.35      11.43 r
  U358/Y (NAND2X1)                                        0.49      11.92 f
  U330/Y (OAI21XL)                                        2.84      14.76 r
  committed_cols_reg[7]/E (EDFFX4)                        0.00      14.76 r
  data arrival time                                                 14.76

  clock clk (rise edge)                                  20.00      20.00
  clock network delay (ideal)                             0.00      20.00
  clock uncertainty                                      -0.10      19.90
  committed_cols_reg[7]/CK (EDFFX4)                       0.00      19.90 r
  library setup time                                     -0.58      19.32
  data required time                                                19.32
  --------------------------------------------------------------------------
  data required time                                                19.32
  data arrival time                                                -14.76
  --------------------------------------------------------------------------
  slack (MET)                                                        4.56


  Startpoint: active_sa_reg[0]
              (rising edge-triggered flip-flop clocked by clk)
  Endpoint: committed_cols_reg[4]
            (rising edge-triggered flip-flop clocked by clk)
  Path Group: clk
  Path Type: max

  Des/Clust/Port     Wire Load Model       Library
  ------------------------------------------------
  multi_config_early_selector
                     tsmc18_wl10           slow

  Point                                                   Incr       Path
  --------------------------------------------------------------------------
  clock clk (rise edge)                                   0.00       0.00
  clock network delay (ideal)                             0.00       0.00
  active_sa_reg[0]/CK (EDFFX4)                            0.00       0.00 r
  active_sa_reg[0]/QN (EDFFX4)                            0.45       0.45 f
  U355/Y (INVX1)                                          0.33       0.78 r
  U353/Y (NOR2X1)                                         0.42       1.20 f
  U352/Y (INVX1)                                          0.71       1.91 r
  U282/Y (NAND2X1)                                        1.46       3.37 f
  g_candidate[0].ledger/demand_cols_i[7] (physical_resource_ledger_RS2_CS2_SHARED_ROWS1_SHARED_COLS1_MAX_BORROWS3_SPARE_WIDTH3_6)
                                                          0.00       3.37 f
  g_candidate[0].ledger/directional_rules/demands_cols_i[7] (resource_tracker_RS2_CS2_SHARED_ROWS1_SHARED_COLS1_MAX_BORROWS3_TOPOLOGY1_SPARE_WIDTH3_6)
                                                          0.00       3.37 f
  g_candidate[0].ledger/directional_rules/U60/Y (OAI21XL)
                                                          1.29       4.66 r
  g_candidate[0].ledger/directional_rules/U59/Y (XNOR2X1)
                                                          0.59       5.24 f
  g_candidate[0].ledger/directional_rules/U58/Y (AND2X1)
                                                          0.44       5.69 f
  g_candidate[0].ledger/directional_rules/U25/Y (OAI21XL)
                                                          0.38       6.07 r
  g_candidate[0].ledger/directional_rules/U24/Y (INVX1)
                                                          0.15       6.22 f
  g_candidate[0].ledger/directional_rules/U23/Y (AOI21X1)
                                                          0.28       6.51 r
  g_candidate[0].ledger/directional_rules/U22/Y (XOR2X1)
                                                          0.36       6.87 f
  g_candidate[0].ledger/directional_rules/U21/Y (XNOR2X1)
                                                          0.26       7.12 f
  g_candidate[0].ledger/directional_rules/U20/Y (NAND4BXL)
                                                          0.34       7.47 f
  g_candidate[0].ledger/directional_rules/U19/Y (NOR3X1)
                                                          0.38       7.85 r
  g_candidate[0].ledger/directional_rules/allocation_success_o (resource_tracker_RS2_CS2_SHARED_ROWS1_SHARED_COLS1_MAX_BORROWS3_TOPOLOGY1_SPARE_WIDTH3_6)
                                                          0.00       7.85 r
  g_candidate[0].ledger/feasible_o (physical_resource_ledger_RS2_CS2_SHARED_ROWS1_SHARED_COLS1_MAX_BORROWS3_SPARE_WIDTH3_6)
                                                          0.00       7.85 r
  U396/Y (AOI21X1)                                        0.42       8.27 f
  U387/Y (NAND3X1)                                        0.45       8.72 r
  U380/Y (INVX1)                                          0.25       8.97 f
  U379/Y (NOR2X1)                                         0.39       9.36 r
  U373/Y (AND4X1)                                         0.51       9.88 r
  U372/Y (NOR2X1)                                         0.23      10.10 f
  U369/Y (NAND2X1)                                        0.67      10.77 r
  U368/Y (INVX1)                                          0.31      11.08 f
  U367/Y (NAND3X1)                                        0.35      11.43 r
  U358/Y (NAND2X1)                                        0.49      11.92 f
  U331/Y (OAI21XL)                                        2.84      14.76 r
  committed_cols_reg[4]/E (EDFFX4)                        0.00      14.76 r
  data arrival time                                                 14.76

  clock clk (rise edge)                                  20.00      20.00
  clock network delay (ideal)                             0.00      20.00
  clock uncertainty                                      -0.10      19.90
  committed_cols_reg[4]/CK (EDFFX4)                       0.00      19.90 r
  library setup time                                     -0.58      19.32
  data required time                                                19.32
  --------------------------------------------------------------------------
  data required time                                                19.32
  data arrival time                                                -14.76
  --------------------------------------------------------------------------
  slack (MET)                                                        4.56


  Startpoint: active_sa_reg[0]
              (rising edge-triggered flip-flop clocked by clk)
  Endpoint: committed_rows_reg[1]
            (rising edge-triggered flip-flop clocked by clk)
  Path Group: clk
  Path Type: max

  Des/Clust/Port     Wire Load Model       Library
  ------------------------------------------------
  multi_config_early_selector
                     tsmc18_wl10           slow

  Point                                                   Incr       Path
  --------------------------------------------------------------------------
  clock clk (rise edge)                                   0.00       0.00
  clock network delay (ideal)                             0.00       0.00
  active_sa_reg[0]/CK (EDFFX4)                            0.00       0.00 r
  active_sa_reg[0]/QN (EDFFX4)                            0.45       0.45 f
  U355/Y (INVX1)                                          0.33       0.78 r
  U353/Y (NOR2X1)                                         0.42       1.20 f
  U352/Y (INVX1)                                          0.71       1.91 r
  U282/Y (NAND2X1)                                        1.46       3.37 f
  g_candidate[0].ledger/demand_cols_i[7] (physical_resource_ledger_RS2_CS2_SHARED_ROWS1_SHARED_COLS1_MAX_BORROWS3_SPARE_WIDTH3_6)
                                                          0.00       3.37 f
  g_candidate[0].ledger/directional_rules/demands_cols_i[7] (resource_tracker_RS2_CS2_SHARED_ROWS1_SHARED_COLS1_MAX_BORROWS3_TOPOLOGY1_SPARE_WIDTH3_6)
                                                          0.00       3.37 f
  g_candidate[0].ledger/directional_rules/U60/Y (OAI21XL)
                                                          1.29       4.66 r
  g_candidate[0].ledger/directional_rules/U59/Y (XNOR2X1)
                                                          0.59       5.24 f
  g_candidate[0].ledger/directional_rules/U58/Y (AND2X1)
                                                          0.44       5.69 f
  g_candidate[0].ledger/directional_rules/U25/Y (OAI21XL)
                                                          0.38       6.07 r
  g_candidate[0].ledger/directional_rules/U24/Y (INVX1)
                                                          0.15       6.22 f
  g_candidate[0].ledger/directional_rules/U23/Y (AOI21X1)
                                                          0.28       6.51 r
  g_candidate[0].ledger/directional_rules/U22/Y (XOR2X1)
                                                          0.36       6.87 f
  g_candidate[0].ledger/directional_rules/U21/Y (XNOR2X1)
                                                          0.26       7.12 f
  g_candidate[0].ledger/directional_rules/U20/Y (NAND4BXL)
                                                          0.34       7.47 f
  g_candidate[0].ledger/directional_rules/U19/Y (NOR3X1)
                                                          0.38       7.85 r
  g_candidate[0].ledger/directional_rules/allocation_success_o (resource_tracker_RS2_CS2_SHARED_ROWS1_SHARED_COLS1_MAX_BORROWS3_TOPOLOGY1_SPARE_WIDTH3_6)
                                                          0.00       7.85 r
  g_candidate[0].ledger/feasible_o (physical_resource_ledger_RS2_CS2_SHARED_ROWS1_SHARED_COLS1_MAX_BORROWS3_SPARE_WIDTH3_6)
                                                          0.00       7.85 r
  U396/Y (AOI21X1)                                        0.42       8.27 f
  U387/Y (NAND3X1)                                        0.45       8.72 r
  U380/Y (INVX1)                                          0.25       8.97 f
  U379/Y (NOR2X1)                                         0.39       9.36 r
  U373/Y (AND4X1)                                         0.51       9.88 r
  U372/Y (NOR2X1)                                         0.23      10.10 f
  U369/Y (NAND2X1)                                        0.67      10.77 r
  U368/Y (INVX1)                                          0.31      11.08 f
  U367/Y (NAND3X1)                                        0.35      11.43 r
  U358/Y (NAND2X1)                                        0.49      11.92 f
  U332/Y (OAI21XL)                                        2.84      14.76 r
  committed_rows_reg[1]/E (EDFFX4)                        0.00      14.76 r
  data arrival time                                                 14.76

  clock clk (rise edge)                                  20.00      20.00
  clock network delay (ideal)                             0.00      20.00
  clock uncertainty                                      -0.10      19.90
  committed_rows_reg[1]/CK (EDFFX4)                       0.00      19.90 r
  library setup time                                     -0.58      19.32
  data required time                                                19.32
  --------------------------------------------------------------------------
  data required time                                                19.32
  data arrival time                                                -14.76
  --------------------------------------------------------------------------
  slack (MET)                                                        4.56


  Startpoint: active_sa_reg[0]
              (rising edge-triggered flip-flop clocked by clk)
  Endpoint: committed_rows_reg[4]
            (rising edge-triggered flip-flop clocked by clk)
  Path Group: clk
  Path Type: max

  Des/Clust/Port     Wire Load Model       Library
  ------------------------------------------------
  multi_config_early_selector
                     tsmc18_wl10           slow

  Point                                                   Incr       Path
  --------------------------------------------------------------------------
  clock clk (rise edge)                                   0.00       0.00
  clock network delay (ideal)                             0.00       0.00
  active_sa_reg[0]/CK (EDFFX4)                            0.00       0.00 r
  active_sa_reg[0]/QN (EDFFX4)                            0.45       0.45 f
  U355/Y (INVX1)                                          0.33       0.78 r
  U353/Y (NOR2X1)                                         0.42       1.20 f
  U352/Y (INVX1)                                          0.71       1.91 r
  U282/Y (NAND2X1)                                        1.46       3.37 f
  g_candidate[0].ledger/demand_cols_i[7] (physical_resource_ledger_RS2_CS2_SHARED_ROWS1_SHARED_COLS1_MAX_BORROWS3_SPARE_WIDTH3_6)
                                                          0.00       3.37 f
  g_candidate[0].ledger/directional_rules/demands_cols_i[7] (resource_tracker_RS2_CS2_SHARED_ROWS1_SHARED_COLS1_MAX_BORROWS3_TOPOLOGY1_SPARE_WIDTH3_6)
                                                          0.00       3.37 f
  g_candidate[0].ledger/directional_rules/U60/Y (OAI21XL)
                                                          1.29       4.66 r
  g_candidate[0].ledger/directional_rules/U59/Y (XNOR2X1)
                                                          0.59       5.24 f
  g_candidate[0].ledger/directional_rules/U58/Y (AND2X1)
                                                          0.44       5.69 f
  g_candidate[0].ledger/directional_rules/U25/Y (OAI21XL)
                                                          0.38       6.07 r
  g_candidate[0].ledger/directional_rules/U24/Y (INVX1)
                                                          0.15       6.22 f
  g_candidate[0].ledger/directional_rules/U23/Y (AOI21X1)
                                                          0.28       6.51 r
  g_candidate[0].ledger/directional_rules/U22/Y (XOR2X1)
                                                          0.36       6.87 f
  g_candidate[0].ledger/directional_rules/U21/Y (XNOR2X1)
                                                          0.26       7.12 f
  g_candidate[0].ledger/directional_rules/U20/Y (NAND4BXL)
                                                          0.34       7.47 f
  g_candidate[0].ledger/directional_rules/U19/Y (NOR3X1)
                                                          0.38       7.85 r
  g_candidate[0].ledger/directional_rules/allocation_success_o (resource_tracker_RS2_CS2_SHARED_ROWS1_SHARED_COLS1_MAX_BORROWS3_TOPOLOGY1_SPARE_WIDTH3_6)
                                                          0.00       7.85 r
  g_candidate[0].ledger/feasible_o (physical_resource_ledger_RS2_CS2_SHARED_ROWS1_SHARED_COLS1_MAX_BORROWS3_SPARE_WIDTH3_6)
                                                          0.00       7.85 r
  U396/Y (AOI21X1)                                        0.42       8.27 f
  U387/Y (NAND3X1)                                        0.45       8.72 r
  U380/Y (INVX1)                                          0.25       8.97 f
  U379/Y (NOR2X1)                                         0.39       9.36 r
  U373/Y (AND4X1)                                         0.51       9.88 r
  U372/Y (NOR2X1)                                         0.23      10.10 f
  U369/Y (NAND2X1)                                        0.67      10.77 r
  U368/Y (INVX1)                                          0.31      11.08 f
  U367/Y (NAND3X1)                                        0.35      11.43 r
  U358/Y (NAND2X1)                                        0.49      11.92 f
  U331/Y (OAI21XL)                                        2.84      14.76 r
  committed_rows_reg[4]/E (EDFFX4)                        0.00      14.76 r
  data arrival time                                                 14.76

  clock clk (rise edge)                                  20.00      20.00
  clock network delay (ideal)                             0.00      20.00
  clock uncertainty                                      -0.10      19.90
  committed_rows_reg[4]/CK (EDFFX4)                       0.00      19.90 r
  library setup time                                     -0.58      19.32
  data required time                                                19.32
  --------------------------------------------------------------------------
  data required time                                                19.32
  data arrival time                                                -14.76
  --------------------------------------------------------------------------
  slack (MET)                                                        4.56


  Startpoint: active_sa_reg[0]
              (rising edge-triggered flip-flop clocked by clk)
  Endpoint: committed_rows_reg[3]
            (rising edge-triggered flip-flop clocked by clk)
  Path Group: clk
  Path Type: max

  Des/Clust/Port     Wire Load Model       Library
  ------------------------------------------------
  multi_config_early_selector
                     tsmc18_wl10           slow

  Point                                                   Incr       Path
  --------------------------------------------------------------------------
  clock clk (rise edge)                                   0.00       0.00
  clock network delay (ideal)                             0.00       0.00
  active_sa_reg[0]/CK (EDFFX4)                            0.00       0.00 r
  active_sa_reg[0]/QN (EDFFX4)                            0.45       0.45 f
  U355/Y (INVX1)                                          0.33       0.78 r
  U353/Y (NOR2X1)                                         0.42       1.20 f
  U352/Y (INVX1)                                          0.71       1.91 r
  U282/Y (NAND2X1)                                        1.46       3.37 f
  g_candidate[0].ledger/demand_cols_i[7] (physical_resource_ledger_RS2_CS2_SHARED_ROWS1_SHARED_COLS1_MAX_BORROWS3_SPARE_WIDTH3_6)
                                                          0.00       3.37 f
  g_candidate[0].ledger/directional_rules/demands_cols_i[7] (resource_tracker_RS2_CS2_SHARED_ROWS1_SHARED_COLS1_MAX_BORROWS3_TOPOLOGY1_SPARE_WIDTH3_6)
                                                          0.00       3.37 f
  g_candidate[0].ledger/directional_rules/U60/Y (OAI21XL)
                                                          1.29       4.66 r
  g_candidate[0].ledger/directional_rules/U59/Y (XNOR2X1)
                                                          0.59       5.24 f
  g_candidate[0].ledger/directional_rules/U58/Y (AND2X1)
                                                          0.44       5.69 f
  g_candidate[0].ledger/directional_rules/U25/Y (OAI21XL)
                                                          0.38       6.07 r
  g_candidate[0].ledger/directional_rules/U24/Y (INVX1)
                                                          0.15       6.22 f
  g_candidate[0].ledger/directional_rules/U23/Y (AOI21X1)
                                                          0.28       6.51 r
  g_candidate[0].ledger/directional_rules/U22/Y (XOR2X1)
                                                          0.36       6.87 f
  g_candidate[0].ledger/directional_rules/U21/Y (XNOR2X1)
                                                          0.26       7.12 f
  g_candidate[0].ledger/directional_rules/U20/Y (NAND4BXL)
                                                          0.34       7.47 f
  g_candidate[0].ledger/directional_rules/U19/Y (NOR3X1)
                                                          0.38       7.85 r
  g_candidate[0].ledger/directional_rules/allocation_success_o (resource_tracker_RS2_CS2_SHARED_ROWS1_SHARED_COLS1_MAX_BORROWS3_TOPOLOGY1_SPARE_WIDTH3_6)
                                                          0.00       7.85 r
  g_candidate[0].ledger/feasible_o (physical_resource_ledger_RS2_CS2_SHARED_ROWS1_SHARED_COLS1_MAX_BORROWS3_SPARE_WIDTH3_6)
                                                          0.00       7.85 r
  U396/Y (AOI21X1)                                        0.42       8.27 f
  U387/Y (NAND3X1)                                        0.45       8.72 r
  U380/Y (INVX1)                                          0.25       8.97 f
  U379/Y (NOR2X1)                                         0.39       9.36 r
  U373/Y (AND4X1)                                         0.51       9.88 r
  U372/Y (NOR2X1)                                         0.23      10.10 f
  U369/Y (NAND2X1)                                        0.67      10.77 r
  U368/Y (INVX1)                                          0.31      11.08 f
  U367/Y (NAND3X1)                                        0.35      11.43 r
  U358/Y (NAND2X1)                                        0.49      11.92 f
  U331/Y (OAI21XL)                                        2.84      14.76 r
  committed_rows_reg[3]/E (EDFFX4)                        0.00      14.76 r
  data arrival time                                                 14.76

  clock clk (rise edge)                                  20.00      20.00
  clock network delay (ideal)                             0.00      20.00
  clock uncertainty                                      -0.10      19.90
  committed_rows_reg[3]/CK (EDFFX4)                       0.00      19.90 r
  library setup time                                     -0.58      19.32
  data required time                                                19.32
  --------------------------------------------------------------------------
  data required time                                                19.32
  data arrival time                                                -14.76
  --------------------------------------------------------------------------
  slack (MET)                                                        4.56


  Startpoint: active_sa_reg[0]
              (rising edge-triggered flip-flop clocked by clk)
  Endpoint: committed_rows_reg[0]
            (rising edge-triggered flip-flop clocked by clk)
  Path Group: clk
  Path Type: max

  Des/Clust/Port     Wire Load Model       Library
  ------------------------------------------------
  multi_config_early_selector
                     tsmc18_wl10           slow

  Point                                                   Incr       Path
  --------------------------------------------------------------------------
  clock clk (rise edge)                                   0.00       0.00
  clock network delay (ideal)                             0.00       0.00
  active_sa_reg[0]/CK (EDFFX4)                            0.00       0.00 r
  active_sa_reg[0]/QN (EDFFX4)                            0.45       0.45 f
  U355/Y (INVX1)                                          0.33       0.78 r
  U353/Y (NOR2X1)                                         0.42       1.20 f
  U352/Y (INVX1)                                          0.71       1.91 r
  U282/Y (NAND2X1)                                        1.46       3.37 f
  g_candidate[0].ledger/demand_cols_i[7] (physical_resource_ledger_RS2_CS2_SHARED_ROWS1_SHARED_COLS1_MAX_BORROWS3_SPARE_WIDTH3_6)
                                                          0.00       3.37 f
  g_candidate[0].ledger/directional_rules/demands_cols_i[7] (resource_tracker_RS2_CS2_SHARED_ROWS1_SHARED_COLS1_MAX_BORROWS3_TOPOLOGY1_SPARE_WIDTH3_6)
                                                          0.00       3.37 f
  g_candidate[0].ledger/directional_rules/U60/Y (OAI21XL)
                                                          1.29       4.66 r
  g_candidate[0].ledger/directional_rules/U59/Y (XNOR2X1)
                                                          0.59       5.24 f
  g_candidate[0].ledger/directional_rules/U58/Y (AND2X1)
                                                          0.44       5.69 f
  g_candidate[0].ledger/directional_rules/U25/Y (OAI21XL)
                                                          0.38       6.07 r
  g_candidate[0].ledger/directional_rules/U24/Y (INVX1)
                                                          0.15       6.22 f
  g_candidate[0].ledger/directional_rules/U23/Y (AOI21X1)
                                                          0.28       6.51 r
  g_candidate[0].ledger/directional_rules/U22/Y (XOR2X1)
                                                          0.36       6.87 f
  g_candidate[0].ledger/directional_rules/U21/Y (XNOR2X1)
                                                          0.26       7.12 f
  g_candidate[0].ledger/directional_rules/U20/Y (NAND4BXL)
                                                          0.34       7.47 f
  g_candidate[0].ledger/directional_rules/U19/Y (NOR3X1)
                                                          0.38       7.85 r
  g_candidate[0].ledger/directional_rules/allocation_success_o (resource_tracker_RS2_CS2_SHARED_ROWS1_SHARED_COLS1_MAX_BORROWS3_TOPOLOGY1_SPARE_WIDTH3_6)
                                                          0.00       7.85 r
  g_candidate[0].ledger/feasible_o (physical_resource_ledger_RS2_CS2_SHARED_ROWS1_SHARED_COLS1_MAX_BORROWS3_SPARE_WIDTH3_6)
                                                          0.00       7.85 r
  U396/Y (AOI21X1)                                        0.42       8.27 f
  U387/Y (NAND3X1)                                        0.45       8.72 r
  U380/Y (INVX1)                                          0.25       8.97 f
  U379/Y (NOR2X1)                                         0.39       9.36 r
  U373/Y (AND4X1)                                         0.51       9.88 r
  U372/Y (NOR2X1)                                         0.23      10.10 f
  U369/Y (NAND2X1)                                        0.67      10.77 r
  U368/Y (INVX1)                                          0.31      11.08 f
  U367/Y (NAND3X1)                                        0.35      11.43 r
  U358/Y (NAND2X1)                                        0.49      11.92 f
  U332/Y (OAI21XL)                                        2.84      14.76 r
  committed_rows_reg[0]/E (EDFFX4)                        0.00      14.76 r
  data arrival time                                                 14.76

  clock clk (rise edge)                                  20.00      20.00
  clock network delay (ideal)                             0.00      20.00
  clock uncertainty                                      -0.10      19.90
  committed_rows_reg[0]/CK (EDFFX4)                       0.00      19.90 r
  library setup time                                     -0.58      19.32
  data required time                                                19.32
  --------------------------------------------------------------------------
  data required time                                                19.32
  data arrival time                                                -14.76
  --------------------------------------------------------------------------
  slack (MET)                                                        4.56


  Startpoint: active_sa_reg[0]
              (rising edge-triggered flip-flop clocked by clk)
  Endpoint: committed_cols_reg[6]
            (rising edge-triggered flip-flop clocked by clk)
  Path Group: clk
  Path Type: max

  Des/Clust/Port     Wire Load Model       Library
  ------------------------------------------------
  multi_config_early_selector
                     tsmc18_wl10           slow

  Point                                                   Incr       Path
  --------------------------------------------------------------------------
  clock clk (rise edge)                                   0.00       0.00
  clock network delay (ideal)                             0.00       0.00
  active_sa_reg[0]/CK (EDFFX4)                            0.00       0.00 r
  active_sa_reg[0]/QN (EDFFX4)                            0.45       0.45 f
  U355/Y (INVX1)                                          0.33       0.78 r
  U353/Y (NOR2X1)                                         0.42       1.20 f
  U352/Y (INVX1)                                          0.71       1.91 r
  U282/Y (NAND2X1)                                        1.46       3.37 f
  g_candidate[0].ledger/demand_cols_i[7] (physical_resource_ledger_RS2_CS2_SHARED_ROWS1_SHARED_COLS1_MAX_BORROWS3_SPARE_WIDTH3_6)
                                                          0.00       3.37 f
  g_candidate[0].ledger/directional_rules/demands_cols_i[7] (resource_tracker_RS2_CS2_SHARED_ROWS1_SHARED_COLS1_MAX_BORROWS3_TOPOLOGY1_SPARE_WIDTH3_6)
                                                          0.00       3.37 f
  g_candidate[0].ledger/directional_rules/U60/Y (OAI21XL)
                                                          1.29       4.66 r
  g_candidate[0].ledger/directional_rules/U59/Y (XNOR2X1)
                                                          0.59       5.24 f
  g_candidate[0].ledger/directional_rules/U58/Y (AND2X1)
                                                          0.44       5.69 f
  g_candidate[0].ledger/directional_rules/U25/Y (OAI21XL)
                                                          0.38       6.07 r
  g_candidate[0].ledger/directional_rules/U24/Y (INVX1)
                                                          0.15       6.22 f
  g_candidate[0].ledger/directional_rules/U23/Y (AOI21X1)
                                                          0.28       6.51 r
  g_candidate[0].ledger/directional_rules/U22/Y (XOR2X1)
                                                          0.36       6.87 f
  g_candidate[0].ledger/directional_rules/U21/Y (XNOR2X1)
                                                          0.26       7.12 f
  g_candidate[0].ledger/directional_rules/U20/Y (NAND4BXL)
                                                          0.34       7.47 f
  g_candidate[0].ledger/directional_rules/U19/Y (NOR3X1)
                                                          0.38       7.85 r
  g_candidate[0].ledger/directional_rules/allocation_success_o (resource_tracker_RS2_CS2_SHARED_ROWS1_SHARED_COLS1_MAX_BORROWS3_TOPOLOGY1_SPARE_WIDTH3_6)
                                                          0.00       7.85 r
  g_candidate[0].ledger/feasible_o (physical_resource_ledger_RS2_CS2_SHARED_ROWS1_SHARED_COLS1_MAX_BORROWS3_SPARE_WIDTH3_6)
                                                          0.00       7.85 r
  U396/Y (AOI21X1)                                        0.42       8.27 f
  U387/Y (NAND3X1)                                        0.45       8.72 r
  U380/Y (INVX1)                                          0.25       8.97 f
  U379/Y (NOR2X1)                                         0.39       9.36 r
  U373/Y (AND4X1)                                         0.51       9.88 r
  U372/Y (NOR2X1)                                         0.23      10.10 f
  U369/Y (NAND2X1)                                        0.67      10.77 r
  U368/Y (INVX1)                                          0.31      11.08 f
  U367/Y (NAND3X1)                                        0.35      11.43 r
  U358/Y (NAND2X1)                                        0.49      11.92 f
  U330/Y (OAI21XL)                                        2.84      14.76 r
  committed_cols_reg[6]/E (EDFFX4)                        0.00      14.76 r
  data arrival time                                                 14.76

  clock clk (rise edge)                                  20.00      20.00
  clock network delay (ideal)                             0.00      20.00
  clock uncertainty                                      -0.10      19.90
  committed_cols_reg[6]/CK (EDFFX4)                       0.00      19.90 r
  library setup time                                     -0.58      19.32
  data required time                                                19.32
  --------------------------------------------------------------------------
  data required time                                                19.32
  data arrival time                                                -14.76
  --------------------------------------------------------------------------
  slack (MET)                                                        4.56


  Startpoint: active_sa_reg[0]
              (rising edge-triggered flip-flop clocked by clk)
  Endpoint: committed_cols_reg[3]
            (rising edge-triggered flip-flop clocked by clk)
  Path Group: clk
  Path Type: max

  Des/Clust/Port     Wire Load Model       Library
  ------------------------------------------------
  multi_config_early_selector
                     tsmc18_wl10           slow

  Point                                                   Incr       Path
  --------------------------------------------------------------------------
  clock clk (rise edge)                                   0.00       0.00
  clock network delay (ideal)                             0.00       0.00
  active_sa_reg[0]/CK (EDFFX4)                            0.00       0.00 r
  active_sa_reg[0]/QN (EDFFX4)                            0.45       0.45 f
  U355/Y (INVX1)                                          0.33       0.78 r
  U353/Y (NOR2X1)                                         0.42       1.20 f
  U352/Y (INVX1)                                          0.71       1.91 r
  U282/Y (NAND2X1)                                        1.46       3.37 f
  g_candidate[0].ledger/demand_cols_i[7] (physical_resource_ledger_RS2_CS2_SHARED_ROWS1_SHARED_COLS1_MAX_BORROWS3_SPARE_WIDTH3_6)
                                                          0.00       3.37 f
  g_candidate[0].ledger/directional_rules/demands_cols_i[7] (resource_tracker_RS2_CS2_SHARED_ROWS1_SHARED_COLS1_MAX_BORROWS3_TOPOLOGY1_SPARE_WIDTH3_6)
                                                          0.00       3.37 f
  g_candidate[0].ledger/directional_rules/U60/Y (OAI21XL)
                                                          1.29       4.66 r
  g_candidate[0].ledger/directional_rules/U59/Y (XNOR2X1)
                                                          0.59       5.24 f
  g_candidate[0].ledger/directional_rules/U58/Y (AND2X1)
                                                          0.44       5.69 f
  g_candidate[0].ledger/directional_rules/U25/Y (OAI21XL)
                                                          0.38       6.07 r
  g_candidate[0].ledger/directional_rules/U24/Y (INVX1)
                                                          0.15       6.22 f
  g_candidate[0].ledger/directional_rules/U23/Y (AOI21X1)
                                                          0.28       6.51 r
  g_candidate[0].ledger/directional_rules/U22/Y (XOR2X1)
                                                          0.36       6.87 f
  g_candidate[0].ledger/directional_rules/U21/Y (XNOR2X1)
                                                          0.26       7.12 f
  g_candidate[0].ledger/directional_rules/U20/Y (NAND4BXL)
                                                          0.34       7.47 f
  g_candidate[0].ledger/directional_rules/U19/Y (NOR3X1)
                                                          0.38       7.85 r
  g_candidate[0].ledger/directional_rules/allocation_success_o (resource_tracker_RS2_CS2_SHARED_ROWS1_SHARED_COLS1_MAX_BORROWS3_TOPOLOGY1_SPARE_WIDTH3_6)
                                                          0.00       7.85 r
  g_candidate[0].ledger/feasible_o (physical_resource_ledger_RS2_CS2_SHARED_ROWS1_SHARED_COLS1_MAX_BORROWS3_SPARE_WIDTH3_6)
                                                          0.00       7.85 r
  U396/Y (AOI21X1)                                        0.42       8.27 f
  U387/Y (NAND3X1)                                        0.45       8.72 r
  U380/Y (INVX1)                                          0.25       8.97 f
  U379/Y (NOR2X1)                                         0.39       9.36 r
  U373/Y (AND4X1)                                         0.51       9.88 r
  U372/Y (NOR2X1)                                         0.23      10.10 f
  U369/Y (NAND2X1)                                        0.67      10.77 r
  U368/Y (INVX1)                                          0.31      11.08 f
  U367/Y (NAND3X1)                                        0.35      11.43 r
  U358/Y (NAND2X1)                                        0.49      11.92 f
  U331/Y (OAI21XL)                                        2.84      14.76 r
  committed_cols_reg[3]/E (EDFFX4)                        0.00      14.76 r
  data arrival time                                                 14.76

  clock clk (rise edge)                                  20.00      20.00
  clock network delay (ideal)                             0.00      20.00
  clock uncertainty                                      -0.10      19.90
  committed_cols_reg[3]/CK (EDFFX4)                       0.00      19.90 r
  library setup time                                     -0.58      19.32
  data required time                                                19.32
  --------------------------------------------------------------------------
  data required time                                                19.32
  data arrival time                                                -14.76
  --------------------------------------------------------------------------
  slack (MET)                                                        4.56


1
