 
****************************************
check_design summary:
Version:     W-2024.09-SP2
Date:        Wed Sep  9 20:25:55 2026
****************************************

                   Name                                            Total
--------------------------------------------------------------------------------
Cells                                                              10
    Cells do not drive (LINT-1)                                    10
--------------------------------------------------------------------------------

Warning: In design 'recam_2r2c_matrix_builder', cell 'B_292' does not drive any nets. (LINT-1)
Warning: In design 'recam_2r2c_matrix_builder', cell 'B_293' does not drive any nets. (LINT-1)
Warning: In design 'recam_2r2c_matrix_builder', cell 'B_294' does not drive any nets. (LINT-1)
Warning: In design 'recam_2r2c_matrix_builder', cell 'B_298' does not drive any nets. (LINT-1)
Warning: In design 'recam_2r2c_matrix_builder', cell 'C4850' does not drive any nets. (LINT-1)
Warning: In design 'recam_2r2c_matrix_builder', cell 'C4854' does not drive any nets. (LINT-1)
Warning: In design 'recam_2r2c_matrix_builder', cell 'C4864' does not drive any nets. (LINT-1)
Warning: In design 'recam_2r2c_matrix_builder', cell 'C4868' does not drive any nets. (LINT-1)
Warning: In design 'recam_2r2c_matrix_builder', cell 'C4883' does not drive any nets. (LINT-1)
Warning: In design 'recam_2r2c_matrix_builder', cell 'C4887' does not drive any nets. (LINT-1)
1
