 
****************************************
Report : reference
Design : recam_2r2c_matrix_builder
Version: W-2024.09-SP2
Date   : Wed Sep  9 20:26:40 2026
****************************************

Attributes:
    b - black box (unknown)
   bo - allows boundary optimization
    d - dont_touch
   mo - map_only
    h - hierarchical
    n - noncombinational
    r - removable
    s - synthetic operator
    u - contains unmapped logic

Reference          Library       Unit Area   Count    Total Area   Attributes
-----------------------------------------------------------------------------
ADDFX2             slow          69.854401       1     69.854401  r
AND2X1             slow          13.305600       1     13.305600  
AND2X2             slow          13.305600       1     13.305600  
AND2XL             slow          13.305600       3     39.916800  
AND4X1             slow          19.958401       1     19.958401  
AND4X2             slow          19.958401       1     19.958401  
AOI2BB1X1          slow          16.632000       1     16.632000  
AOI2BB1XL          slow          16.632000       2     33.264000  
AOI2BB2X1          slow          23.284800       5    116.423998  
AOI2BB2XL          slow          23.284800      16    372.556793  
AOI21X1            slow          13.305600      10    133.056002  
AOI21XL            slow          13.305600      10    133.056002  
AOI22X1            slow          16.632000       7    116.424000  
AOI22XL            slow          16.632000     293   4873.175991  
AOI31XL            slow          16.632000       1     16.632000  
AOI32XL            slow          23.284800       1     23.284800  
AOI211X1           slow          16.632000       4     66.528000  
AOI211XL           slow          16.632000      31    515.591999  
AOI221XL           slow          23.284800       7    162.993597  
AOI222XL           slow          26.611200       3     79.833601  
BUFX1              slow          13.305600       5     66.528001  
BUFX2              slow          13.305600       1     13.305600  
INVX1              slow           6.652800      74    492.307206  
INVXL              slow           6.652800     126    838.252810  
NAND2BXL           slow          13.305600       1     13.305600  
NAND2X1            slow           9.979200      42    419.126415  
NAND2XL            slow           9.979200      32    319.334412  
NAND3BX1           slow          16.632000       1     16.632000  
NAND3BXL           slow          16.632000       1     16.632000  
NAND3X1            slow          13.305600       8    106.444801  
NAND3XL            slow          13.305600       9    119.750401  
NAND4BBXL          slow          26.611200       3     79.833601  
NAND4BXL           slow          19.958401       1     19.958401  
NAND4X1            slow          16.632000       1     16.632000  
NAND4XL            slow          16.632000      14    232.848000  
NOR2BX1            slow          13.305600       3     39.916800  
NOR2BXL            slow          13.305600       4     53.222401  
NOR2X1             slow           9.979200      40    399.168015  
NOR2XL             slow           9.979200      31    309.355211  
NOR3BX1            slow          19.958401       1     19.958401  
NOR3X1             slow          13.305600       7     93.139201  
NOR3XL             slow          13.305600      15    199.584002  
NOR4BBXL           slow          26.611200       1     26.611200  
NOR4BX1            slow          19.958401       5     99.792004  
NOR4BXL            slow          19.958401       3     59.875202  
NOR4X1             slow          19.958401       1     19.958401  
NOR4XL             slow          19.958401       7    139.708805  
OAI2BB1XL          slow          16.632000       3     49.896000  
OAI2BB2X1          slow          23.284800       2     46.569599  
OAI2BB2XL          slow          23.284800       5    116.423998  
OAI21XL            slow          13.305600      70    931.392012  
OAI22XL            slow          19.958401      25    498.960018  
OAI31XL            slow          19.958401       1     19.958401  
OAI33X1            slow          26.611200       1     26.611200  
OAI211X1           slow          19.958401       6    119.750404  
OAI211XL           slow          19.958401       6    119.750404  
OAI221XL           slow          23.284800     133   3096.878344  
OR2XL              slow          13.305600       2     26.611200  
OR3XL              slow          16.632000       1     16.632000  
OR4X2              slow          19.958401      10    199.584007  
-----------------------------------------------------------------------------
Total 60 references                                 16335.950464
1
