 
****************************************
Report : timing
        -path full
        -delay max
        -max_paths 10
Design : recam_2r2c_matrix_builder
Version: W-2024.09-SP2
Date   : Wed Sep  9 20:26:40 2026
****************************************

Operating Conditions: slow   Library: slow
Wire Load Model Mode: top

  Startpoint: pivot_valid_i[1]
              (input port clocked by recam_boundary_clk)
  Endpoint: matrix_flat_o[4]
            (output port clocked by recam_boundary_clk)
  Path Group: recam_boundary_clk
  Path Type: max

  Des/Clust/Port     Wire Load Model       Library
  ------------------------------------------------
  recam_2r2c_matrix_builder
                     tsmc18_wl10           slow

  Point                                    Incr       Path
  -----------------------------------------------------------
  clock recam_boundary_clk (rise edge)     0.00       0.00
  clock network delay (ideal)              0.00       0.00
  input external delay                     0.00       0.00 f
  pivot_valid_i[1] (in)                    0.00       0.00 f
  U1573/S (ADDFX2)                         0.87       0.87 f
  U1571/Y (OAI21XL)                        1.14       2.01 r
  U1572/Y (NAND2X1)                        1.01       3.02 f
  U1411/Y (NAND4XL)                        0.58       3.60 r
  U1595/Y (NOR3X1)                         0.29       3.89 f
  U1605/Y (NOR3X1)                         0.84       4.73 r
  U1606/Y (NOR2X1)                         0.45       5.18 f
  U1608/Y (INVX1)                          0.25       5.43 r
  U1612/Y (AOI211X1)                       0.20       5.63 f
  U1619/Y (INVX1)                          0.39       6.02 r
  U1399/Y (NAND4XL)                        0.28       6.29 f
  U1620/Y (NOR3X1)                         0.91       7.20 r
  U1621/Y (NOR2X1)                         0.36       7.56 f
  U1622/Y (NAND2X1)                        0.35       7.91 r
  U1623/Y (INVX1)                          0.27       8.18 f
  U1666/Y (NOR2X1)                         0.53       8.71 r
  U1667/Y (INVX1)                          0.27       8.98 f
  U1668/Y (NOR2X1)                         0.41       9.39 r
  U1669/Y (NAND2X1)                        0.47       9.86 f
  U1063/Y (NOR2X1)                         1.57      11.43 r
  U1564/Y (NOR2X1)                         1.11      12.54 f
  U1093/Y (AOI22XL)                        1.00      13.54 r
  U1741/Y (OAI221XL)                       0.40      13.93 f
  U1089/Y (NOR4BX1)                        0.47      14.41 r
  U1748/Y (NOR3BX1)                        0.92      15.32 r
  U1749/Y (AOI21X1)                        0.36      15.68 f
  U1759/Y (NAND3X1)                        0.34      16.02 r
  U1760/Y (NAND2X1)                        0.31      16.33 f
  U1835/Y (NOR4X1)                         1.02      17.34 r
  U1836/Y (NOR2X1)                         0.46      17.80 f
  U1569/Y (NOR2X1)                         0.85      18.64 r
  U1838/Y (NAND2X1)                        0.19      18.83 f
  U1060/Y (NOR2X1)                         1.49      20.32 r
  U1841/Y (NAND2X1)                        1.04      21.36 f
  U1069/Y (BUFX1)                          0.52      21.88 f
  U1241/Y (INVX1)                          0.80      22.67 r
  U1239/Y (AOI2BB2XL)                      0.71      23.38 f
  U1205/Y (AOI211XL)                       0.57      23.95 r
  U1865/Y (OAI21XL)                        0.28      24.23 f
  U1196/Y (AOI211XL)                       0.45      24.68 r
  U1868/Y (OAI21XL)                        0.28      24.96 f
  U1869/Y (OR4X2)                          0.58      25.54 f
  U1870/Y (NAND2X1)                        0.40      25.94 r
  U1884/Y (AOI211X1)                       0.33      26.28 f
  U1885/Y (NOR2X1)                         0.48      26.75 r
  U1896/Y (NOR4BX1)                        0.64      27.39 r
  U1897/Y (NOR2X1)                         0.30      27.70 f
  U1898/Y (NOR2BX1)                        0.42      28.11 f
  U1899/Y (INVX1)                          0.48      28.59 r
  U1953/Y (NAND3X1)                        0.43      29.02 f
  U1568/Y (NOR2X1)                         1.15      30.17 r
  U1967/Y (NAND2X1)                        0.59      30.75 f
  U1142/Y (AOI22XL)                        0.53      31.28 r
  U1137/Y (NAND4XL)                        0.30      31.58 f
  U1080/Y (NOR4BX1)                        1.79      33.37 r
  U1998/Y (AOI21X1)                        0.42      33.79 f
  U2021/Y (NAND2X1)                        0.60      34.39 r
  U2022/Y (NAND2X1)                        0.36      34.74 f
  U2038/Y (NOR3X1)                         0.77      35.51 r
  U2039/Y (NOR2X1)                         0.31      35.82 f
  U2040/Y (INVX1)                          0.32      36.14 r
  U2085/Y (NOR2X1)                         0.27      36.40 f
  U1126/Y (AOI22XL)                        0.46      36.87 r
  U2094/Y (OAI21XL)                        0.54      37.41 f
  U1107/Y (AOI22XL)                        0.51      37.92 r
  U1101/Y (NOR4BXL)                        0.49      38.41 r
  U2102/Y (OAI21XL)                        0.64      39.05 f
  matrix_flat_o[4] (out)                   0.00      39.05 f
  data arrival time                                  39.05

  clock recam_boundary_clk (rise edge)    40.00      40.00
  clock network delay (ideal)              0.00      40.00
  output external delay                    0.00      40.00
  data required time                                 40.00
  -----------------------------------------------------------
  data required time                                 40.00
  data arrival time                                 -39.05
  -----------------------------------------------------------
  slack (MET)                                         0.95


  Startpoint: pivot_valid_i[1]
              (input port clocked by recam_boundary_clk)
  Endpoint: matrix_flat_o[6]
            (output port clocked by recam_boundary_clk)
  Path Group: recam_boundary_clk
  Path Type: max

  Des/Clust/Port     Wire Load Model       Library
  ------------------------------------------------
  recam_2r2c_matrix_builder
                     tsmc18_wl10           slow

  Point                                    Incr       Path
  -----------------------------------------------------------
  clock recam_boundary_clk (rise edge)     0.00       0.00
  clock network delay (ideal)              0.00       0.00
  input external delay                     0.00       0.00 f
  pivot_valid_i[1] (in)                    0.00       0.00 f
  U1573/S (ADDFX2)                         0.87       0.87 f
  U1571/Y (OAI21XL)                        1.14       2.01 r
  U1572/Y (NAND2X1)                        1.01       3.02 f
  U1411/Y (NAND4XL)                        0.58       3.60 r
  U1595/Y (NOR3X1)                         0.29       3.89 f
  U1605/Y (NOR3X1)                         0.84       4.73 r
  U1606/Y (NOR2X1)                         0.45       5.18 f
  U1608/Y (INVX1)                          0.25       5.43 r
  U1612/Y (AOI211X1)                       0.20       5.63 f
  U1619/Y (INVX1)                          0.39       6.02 r
  U1399/Y (NAND4XL)                        0.28       6.29 f
  U1620/Y (NOR3X1)                         0.91       7.20 r
  U1621/Y (NOR2X1)                         0.36       7.56 f
  U1622/Y (NAND2X1)                        0.35       7.91 r
  U1623/Y (INVX1)                          0.27       8.18 f
  U1666/Y (NOR2X1)                         0.53       8.71 r
  U1667/Y (INVX1)                          0.27       8.98 f
  U1668/Y (NOR2X1)                         0.41       9.39 r
  U1669/Y (NAND2X1)                        0.47       9.86 f
  U1063/Y (NOR2X1)                         1.57      11.43 r
  U1564/Y (NOR2X1)                         1.11      12.54 f
  U1093/Y (AOI22XL)                        1.00      13.54 r
  U1741/Y (OAI221XL)                       0.40      13.93 f
  U1089/Y (NOR4BX1)                        0.47      14.41 r
  U1748/Y (NOR3BX1)                        0.92      15.32 r
  U1749/Y (AOI21X1)                        0.36      15.68 f
  U1759/Y (NAND3X1)                        0.34      16.02 r
  U1760/Y (NAND2X1)                        0.31      16.33 f
  U1835/Y (NOR4X1)                         1.02      17.34 r
  U1836/Y (NOR2X1)                         0.46      17.80 f
  U1569/Y (NOR2X1)                         0.85      18.64 r
  U1838/Y (NAND2X1)                        0.19      18.83 f
  U1060/Y (NOR2X1)                         1.49      20.32 r
  U1841/Y (NAND2X1)                        1.04      21.36 f
  U1069/Y (BUFX1)                          0.52      21.88 f
  U1241/Y (INVX1)                          0.80      22.67 r
  U1239/Y (AOI2BB2XL)                      0.71      23.38 f
  U1205/Y (AOI211XL)                       0.57      23.95 r
  U1865/Y (OAI21XL)                        0.28      24.23 f
  U1196/Y (AOI211XL)                       0.45      24.68 r
  U1868/Y (OAI21XL)                        0.28      24.96 f
  U1869/Y (OR4X2)                          0.58      25.54 f
  U1870/Y (NAND2X1)                        0.40      25.94 r
  U1884/Y (AOI211X1)                       0.33      26.28 f
  U1885/Y (NOR2X1)                         0.48      26.75 r
  U1896/Y (NOR4BX1)                        0.64      27.39 r
  U1897/Y (NOR2X1)                         0.30      27.70 f
  U1898/Y (NOR2BX1)                        0.42      28.11 f
  U1899/Y (INVX1)                          0.48      28.59 r
  U1953/Y (NAND3X1)                        0.43      29.02 f
  U1568/Y (NOR2X1)                         1.15      30.17 r
  U1967/Y (NAND2X1)                        0.59      30.75 f
  U1142/Y (AOI22XL)                        0.53      31.28 r
  U1137/Y (NAND4XL)                        0.30      31.58 f
  U1080/Y (NOR4BX1)                        1.79      33.37 r
  U1998/Y (AOI21X1)                        0.42      33.79 f
  U2021/Y (NAND2X1)                        0.60      34.39 r
  U2022/Y (NAND2X1)                        0.36      34.74 f
  U2038/Y (NOR3X1)                         0.77      35.51 r
  U2039/Y (NOR2X1)                         0.31      35.82 f
  U2040/Y (INVX1)                          0.32      36.14 r
  U2085/Y (NOR2X1)                         0.27      36.40 f
  U1126/Y (AOI22XL)                        0.46      36.87 r
  U2094/Y (OAI21XL)                        0.54      37.41 f
  U1113/Y (AOI22XL)                        0.52      37.93 r
  U2134/Y (OAI21XL)                        0.27      38.20 f
  U1070/Y (NOR2X1)                         0.27      38.47 r
  U2135/Y (OAI21XL)                        0.56      39.03 f
  matrix_flat_o[6] (out)                   0.00      39.03 f
  data arrival time                                  39.03

  clock recam_boundary_clk (rise edge)    40.00      40.00
  clock network delay (ideal)              0.00      40.00
  output external delay                    0.00      40.00
  data required time                                 40.00
  -----------------------------------------------------------
  data required time                                 40.00
  data arrival time                                 -39.03
  -----------------------------------------------------------
  slack (MET)                                         0.97


  Startpoint: pivot_valid_i[1]
              (input port clocked by recam_boundary_clk)
  Endpoint: matrix_flat_o[9]
            (output port clocked by recam_boundary_clk)
  Path Group: recam_boundary_clk
  Path Type: max

  Des/Clust/Port     Wire Load Model       Library
  ------------------------------------------------
  recam_2r2c_matrix_builder
                     tsmc18_wl10           slow

  Point                                    Incr       Path
  -----------------------------------------------------------
  clock recam_boundary_clk (rise edge)     0.00       0.00
  clock network delay (ideal)              0.00       0.00
  input external delay                     0.00       0.00 f
  pivot_valid_i[1] (in)                    0.00       0.00 f
  U1573/S (ADDFX2)                         0.87       0.87 f
  U1571/Y (OAI21XL)                        1.14       2.01 r
  U1572/Y (NAND2X1)                        1.01       3.02 f
  U1411/Y (NAND4XL)                        0.58       3.60 r
  U1595/Y (NOR3X1)                         0.29       3.89 f
  U1605/Y (NOR3X1)                         0.84       4.73 r
  U1606/Y (NOR2X1)                         0.45       5.18 f
  U1608/Y (INVX1)                          0.25       5.43 r
  U1612/Y (AOI211X1)                       0.20       5.63 f
  U1619/Y (INVX1)                          0.39       6.02 r
  U1399/Y (NAND4XL)                        0.28       6.29 f
  U1620/Y (NOR3X1)                         0.91       7.20 r
  U1621/Y (NOR2X1)                         0.36       7.56 f
  U1622/Y (NAND2X1)                        0.35       7.91 r
  U1623/Y (INVX1)                          0.27       8.18 f
  U1666/Y (NOR2X1)                         0.53       8.71 r
  U1667/Y (INVX1)                          0.27       8.98 f
  U1668/Y (NOR2X1)                         0.41       9.39 r
  U1669/Y (NAND2X1)                        0.47       9.86 f
  U1063/Y (NOR2X1)                         1.57      11.43 r
  U1564/Y (NOR2X1)                         1.11      12.54 f
  U1093/Y (AOI22XL)                        1.00      13.54 r
  U1741/Y (OAI221XL)                       0.40      13.93 f
  U1089/Y (NOR4BX1)                        0.47      14.41 r
  U1748/Y (NOR3BX1)                        0.92      15.32 r
  U1749/Y (AOI21X1)                        0.36      15.68 f
  U1759/Y (NAND3X1)                        0.34      16.02 r
  U1760/Y (NAND2X1)                        0.31      16.33 f
  U1835/Y (NOR4X1)                         1.02      17.34 r
  U1836/Y (NOR2X1)                         0.46      17.80 f
  U1569/Y (NOR2X1)                         0.85      18.64 r
  U1838/Y (NAND2X1)                        0.19      18.83 f
  U1060/Y (NOR2X1)                         1.49      20.32 r
  U1841/Y (NAND2X1)                        1.04      21.36 f
  U1069/Y (BUFX1)                          0.52      21.88 f
  U1241/Y (INVX1)                          0.80      22.67 r
  U1239/Y (AOI2BB2XL)                      0.71      23.38 f
  U1205/Y (AOI211XL)                       0.57      23.95 r
  U1865/Y (OAI21XL)                        0.28      24.23 f
  U1196/Y (AOI211XL)                       0.45      24.68 r
  U1868/Y (OAI21XL)                        0.28      24.96 f
  U1869/Y (OR4X2)                          0.58      25.54 f
  U1870/Y (NAND2X1)                        0.40      25.94 r
  U1884/Y (AOI211X1)                       0.33      26.28 f
  U1885/Y (NOR2X1)                         0.48      26.75 r
  U1896/Y (NOR4BX1)                        0.64      27.39 r
  U1897/Y (NOR2X1)                         0.30      27.70 f
  U1898/Y (NOR2BX1)                        0.42      28.11 f
  U1899/Y (INVX1)                          0.48      28.59 r
  U1953/Y (NAND3X1)                        0.43      29.02 f
  U1568/Y (NOR2X1)                         1.15      30.17 r
  U1967/Y (NAND2X1)                        0.59      30.75 f
  U1142/Y (AOI22XL)                        0.53      31.28 r
  U1137/Y (NAND4XL)                        0.30      31.58 f
  U1080/Y (NOR4BX1)                        1.79      33.37 r
  U1998/Y (AOI21X1)                        0.42      33.79 f
  U2021/Y (NAND2X1)                        0.60      34.39 r
  U2022/Y (NAND2X1)                        0.36      34.74 f
  U2038/Y (NOR3X1)                         0.77      35.51 r
  U2039/Y (NOR2X1)                         0.31      35.82 f
  U2040/Y (INVX1)                          0.32      36.14 r
  U2085/Y (NOR2X1)                         0.27      36.40 f
  U1077/Y (OAI2BB2X1)                      0.57      36.98 f
  U1120/Y (AOI22XL)                        0.49      37.46 r
  U1117/Y (NOR4BBXL)                       0.50      37.96 r
  U2122/Y (OAI21XL)                        0.65      38.61 f
  matrix_flat_o[9] (out)                   0.00      38.61 f
  data arrival time                                  38.61

  clock recam_boundary_clk (rise edge)    40.00      40.00
  clock network delay (ideal)              0.00      40.00
  output external delay                    0.00      40.00
  data required time                                 40.00
  -----------------------------------------------------------
  data required time                                 40.00
  data arrival time                                 -38.61
  -----------------------------------------------------------
  slack (MET)                                         1.39


  Startpoint: pivot_valid_i[1]
              (input port clocked by recam_boundary_clk)
  Endpoint: matrix_flat_o[8]
            (output port clocked by recam_boundary_clk)
  Path Group: recam_boundary_clk
  Path Type: max

  Des/Clust/Port     Wire Load Model       Library
  ------------------------------------------------
  recam_2r2c_matrix_builder
                     tsmc18_wl10           slow

  Point                                    Incr       Path
  -----------------------------------------------------------
  clock recam_boundary_clk (rise edge)     0.00       0.00
  clock network delay (ideal)              0.00       0.00
  input external delay                     0.00       0.00 f
  pivot_valid_i[1] (in)                    0.00       0.00 f
  U1573/S (ADDFX2)                         0.87       0.87 f
  U1571/Y (OAI21XL)                        1.14       2.01 r
  U1572/Y (NAND2X1)                        1.01       3.02 f
  U1411/Y (NAND4XL)                        0.58       3.60 r
  U1595/Y (NOR3X1)                         0.29       3.89 f
  U1605/Y (NOR3X1)                         0.84       4.73 r
  U1606/Y (NOR2X1)                         0.45       5.18 f
  U1608/Y (INVX1)                          0.25       5.43 r
  U1612/Y (AOI211X1)                       0.20       5.63 f
  U1619/Y (INVX1)                          0.39       6.02 r
  U1399/Y (NAND4XL)                        0.28       6.29 f
  U1620/Y (NOR3X1)                         0.91       7.20 r
  U1621/Y (NOR2X1)                         0.36       7.56 f
  U1622/Y (NAND2X1)                        0.35       7.91 r
  U1623/Y (INVX1)                          0.27       8.18 f
  U1666/Y (NOR2X1)                         0.53       8.71 r
  U1667/Y (INVX1)                          0.27       8.98 f
  U1668/Y (NOR2X1)                         0.41       9.39 r
  U1669/Y (NAND2X1)                        0.47       9.86 f
  U1063/Y (NOR2X1)                         1.57      11.43 r
  U1564/Y (NOR2X1)                         1.11      12.54 f
  U1093/Y (AOI22XL)                        1.00      13.54 r
  U1741/Y (OAI221XL)                       0.40      13.93 f
  U1089/Y (NOR4BX1)                        0.47      14.41 r
  U1748/Y (NOR3BX1)                        0.92      15.32 r
  U1749/Y (AOI21X1)                        0.36      15.68 f
  U1759/Y (NAND3X1)                        0.34      16.02 r
  U1760/Y (NAND2X1)                        0.31      16.33 f
  U1835/Y (NOR4X1)                         1.02      17.34 r
  U1836/Y (NOR2X1)                         0.46      17.80 f
  U1569/Y (NOR2X1)                         0.85      18.64 r
  U1838/Y (NAND2X1)                        0.19      18.83 f
  U1060/Y (NOR2X1)                         1.49      20.32 r
  U1841/Y (NAND2X1)                        1.04      21.36 f
  U1069/Y (BUFX1)                          0.52      21.88 f
  U1241/Y (INVX1)                          0.80      22.67 r
  U1239/Y (AOI2BB2XL)                      0.71      23.38 f
  U1205/Y (AOI211XL)                       0.57      23.95 r
  U1865/Y (OAI21XL)                        0.28      24.23 f
  U1196/Y (AOI211XL)                       0.45      24.68 r
  U1868/Y (OAI21XL)                        0.28      24.96 f
  U1869/Y (OR4X2)                          0.58      25.54 f
  U1870/Y (NAND2X1)                        0.40      25.94 r
  U1884/Y (AOI211X1)                       0.33      26.28 f
  U1885/Y (NOR2X1)                         0.48      26.75 r
  U1896/Y (NOR4BX1)                        0.64      27.39 r
  U1897/Y (NOR2X1)                         0.30      27.70 f
  U1898/Y (NOR2BX1)                        0.42      28.11 f
  U1899/Y (INVX1)                          0.48      28.59 r
  U1953/Y (NAND3X1)                        0.43      29.02 f
  U1568/Y (NOR2X1)                         1.15      30.17 r
  U1967/Y (NAND2X1)                        0.59      30.75 f
  U1142/Y (AOI22XL)                        0.53      31.28 r
  U1137/Y (NAND4XL)                        0.30      31.58 f
  U1080/Y (NOR4BX1)                        1.79      33.37 r
  U1998/Y (AOI21X1)                        0.42      33.79 f
  U2021/Y (NAND2X1)                        0.60      34.39 r
  U2022/Y (NAND2X1)                        0.36      34.74 f
  U2038/Y (NOR3X1)                         0.77      35.51 r
  U2039/Y (NOR2X1)                         0.31      35.82 f
  U2040/Y (INVX1)                          0.32      36.14 r
  U2085/Y (NOR2X1)                         0.27      36.40 f
  U1077/Y (OAI2BB2X1)                      0.57      36.98 f
  U1119/Y (AOI22XL)                        0.49      37.47 r
  U1115/Y (NOR4BXL)                        0.49      37.96 r
  U2126/Y (OAI21XL)                        0.64      38.60 f
  matrix_flat_o[8] (out)                   0.00      38.60 f
  data arrival time                                  38.60

  clock recam_boundary_clk (rise edge)    40.00      40.00
  clock network delay (ideal)              0.00      40.00
  output external delay                    0.00      40.00
  data required time                                 40.00
  -----------------------------------------------------------
  data required time                                 40.00
  data arrival time                                 -38.60
  -----------------------------------------------------------
  slack (MET)                                         1.40


  Startpoint: pivot_valid_i[1]
              (input port clocked by recam_boundary_clk)
  Endpoint: matrix_flat_o[13]
            (output port clocked by recam_boundary_clk)
  Path Group: recam_boundary_clk
  Path Type: max

  Des/Clust/Port     Wire Load Model       Library
  ------------------------------------------------
  recam_2r2c_matrix_builder
                     tsmc18_wl10           slow

  Point                                    Incr       Path
  -----------------------------------------------------------
  clock recam_boundary_clk (rise edge)     0.00       0.00
  clock network delay (ideal)              0.00       0.00
  input external delay                     0.00       0.00 f
  pivot_valid_i[1] (in)                    0.00       0.00 f
  U1573/S (ADDFX2)                         0.87       0.87 f
  U1571/Y (OAI21XL)                        1.14       2.01 r
  U1572/Y (NAND2X1)                        1.01       3.02 f
  U1411/Y (NAND4XL)                        0.58       3.60 r
  U1595/Y (NOR3X1)                         0.29       3.89 f
  U1605/Y (NOR3X1)                         0.84       4.73 r
  U1606/Y (NOR2X1)                         0.45       5.18 f
  U1608/Y (INVX1)                          0.25       5.43 r
  U1612/Y (AOI211X1)                       0.20       5.63 f
  U1619/Y (INVX1)                          0.39       6.02 r
  U1399/Y (NAND4XL)                        0.28       6.29 f
  U1620/Y (NOR3X1)                         0.91       7.20 r
  U1621/Y (NOR2X1)                         0.36       7.56 f
  U1622/Y (NAND2X1)                        0.35       7.91 r
  U1623/Y (INVX1)                          0.27       8.18 f
  U1666/Y (NOR2X1)                         0.53       8.71 r
  U1667/Y (INVX1)                          0.27       8.98 f
  U1668/Y (NOR2X1)                         0.41       9.39 r
  U1669/Y (NAND2X1)                        0.47       9.86 f
  U1063/Y (NOR2X1)                         1.57      11.43 r
  U1564/Y (NOR2X1)                         1.11      12.54 f
  U1093/Y (AOI22XL)                        1.00      13.54 r
  U1741/Y (OAI221XL)                       0.40      13.93 f
  U1089/Y (NOR4BX1)                        0.47      14.41 r
  U1748/Y (NOR3BX1)                        0.92      15.32 r
  U1749/Y (AOI21X1)                        0.36      15.68 f
  U1759/Y (NAND3X1)                        0.34      16.02 r
  U1760/Y (NAND2X1)                        0.31      16.33 f
  U1835/Y (NOR4X1)                         1.02      17.34 r
  U1836/Y (NOR2X1)                         0.46      17.80 f
  U1569/Y (NOR2X1)                         0.85      18.64 r
  U1838/Y (NAND2X1)                        0.19      18.83 f
  U1060/Y (NOR2X1)                         1.49      20.32 r
  U1841/Y (NAND2X1)                        1.04      21.36 f
  U1069/Y (BUFX1)                          0.52      21.88 f
  U1241/Y (INVX1)                          0.80      22.67 r
  U1239/Y (AOI2BB2XL)                      0.71      23.38 f
  U1205/Y (AOI211XL)                       0.57      23.95 r
  U1865/Y (OAI21XL)                        0.28      24.23 f
  U1196/Y (AOI211XL)                       0.45      24.68 r
  U1868/Y (OAI21XL)                        0.28      24.96 f
  U1869/Y (OR4X2)                          0.58      25.54 f
  U1870/Y (NAND2X1)                        0.40      25.94 r
  U1884/Y (AOI211X1)                       0.33      26.28 f
  U1885/Y (NOR2X1)                         0.48      26.75 r
  U1896/Y (NOR4BX1)                        0.64      27.39 r
  U1897/Y (NOR2X1)                         0.30      27.70 f
  U1898/Y (NOR2BX1)                        0.42      28.11 f
  U1899/Y (INVX1)                          0.48      28.59 r
  U1953/Y (NAND3X1)                        0.43      29.02 f
  U1568/Y (NOR2X1)                         1.15      30.17 r
  U1967/Y (NAND2X1)                        0.59      30.75 f
  U1142/Y (AOI22XL)                        0.53      31.28 r
  U1137/Y (NAND4XL)                        0.30      31.58 f
  U1080/Y (NOR4BX1)                        1.79      33.37 r
  U1998/Y (AOI21X1)                        0.42      33.79 f
  U2021/Y (NAND2X1)                        0.60      34.39 r
  U2022/Y (NAND2X1)                        0.36      34.74 f
  U2038/Y (NOR3X1)                         0.77      35.51 r
  U2039/Y (NOR2X1)                         0.31      35.82 f
  U2040/Y (INVX1)                          0.32      36.14 r
  U2085/Y (NOR2X1)                         0.27      36.40 f
  U2086/Y (INVX1)                          0.47      36.87 r
  U2149/Y (OAI33X1)                        0.45      37.32 f
  U1105/Y (AOI22XL)                        0.52      37.84 r
  U1102/Y (OAI211XL)                       0.66      38.50 f
  matrix_flat_o[13] (out)                  0.00      38.50 f
  data arrival time                                  38.50

  clock recam_boundary_clk (rise edge)    40.00      40.00
  clock network delay (ideal)              0.00      40.00
  output external delay                    0.00      40.00
  data required time                                 40.00
  -----------------------------------------------------------
  data required time                                 40.00
  data arrival time                                 -38.50
  -----------------------------------------------------------
  slack (MET)                                         1.50


  Startpoint: pivot_valid_i[1]
              (input port clocked by recam_boundary_clk)
  Endpoint: matrix_flat_o[14]
            (output port clocked by recam_boundary_clk)
  Path Group: recam_boundary_clk
  Path Type: max

  Des/Clust/Port     Wire Load Model       Library
  ------------------------------------------------
  recam_2r2c_matrix_builder
                     tsmc18_wl10           slow

  Point                                    Incr       Path
  -----------------------------------------------------------
  clock recam_boundary_clk (rise edge)     0.00       0.00
  clock network delay (ideal)              0.00       0.00
  input external delay                     0.00       0.00 f
  pivot_valid_i[1] (in)                    0.00       0.00 f
  U1573/S (ADDFX2)                         0.87       0.87 f
  U1571/Y (OAI21XL)                        1.14       2.01 r
  U1572/Y (NAND2X1)                        1.01       3.02 f
  U1411/Y (NAND4XL)                        0.58       3.60 r
  U1595/Y (NOR3X1)                         0.29       3.89 f
  U1605/Y (NOR3X1)                         0.84       4.73 r
  U1606/Y (NOR2X1)                         0.45       5.18 f
  U1608/Y (INVX1)                          0.25       5.43 r
  U1612/Y (AOI211X1)                       0.20       5.63 f
  U1619/Y (INVX1)                          0.39       6.02 r
  U1399/Y (NAND4XL)                        0.28       6.29 f
  U1620/Y (NOR3X1)                         0.91       7.20 r
  U1621/Y (NOR2X1)                         0.36       7.56 f
  U1622/Y (NAND2X1)                        0.35       7.91 r
  U1623/Y (INVX1)                          0.27       8.18 f
  U1666/Y (NOR2X1)                         0.53       8.71 r
  U1667/Y (INVX1)                          0.27       8.98 f
  U1668/Y (NOR2X1)                         0.41       9.39 r
  U1669/Y (NAND2X1)                        0.47       9.86 f
  U1063/Y (NOR2X1)                         1.57      11.43 r
  U1564/Y (NOR2X1)                         1.11      12.54 f
  U1093/Y (AOI22XL)                        1.00      13.54 r
  U1741/Y (OAI221XL)                       0.40      13.93 f
  U1089/Y (NOR4BX1)                        0.47      14.41 r
  U1748/Y (NOR3BX1)                        0.92      15.32 r
  U1749/Y (AOI21X1)                        0.36      15.68 f
  U1759/Y (NAND3X1)                        0.34      16.02 r
  U1760/Y (NAND2X1)                        0.31      16.33 f
  U1835/Y (NOR4X1)                         1.02      17.34 r
  U1836/Y (NOR2X1)                         0.46      17.80 f
  U1569/Y (NOR2X1)                         0.85      18.64 r
  U1838/Y (NAND2X1)                        0.19      18.83 f
  U1060/Y (NOR2X1)                         1.49      20.32 r
  U1841/Y (NAND2X1)                        1.04      21.36 f
  U1069/Y (BUFX1)                          0.52      21.88 f
  U1241/Y (INVX1)                          0.80      22.67 r
  U1239/Y (AOI2BB2XL)                      0.71      23.38 f
  U1205/Y (AOI211XL)                       0.57      23.95 r
  U1865/Y (OAI21XL)                        0.28      24.23 f
  U1196/Y (AOI211XL)                       0.45      24.68 r
  U1868/Y (OAI21XL)                        0.28      24.96 f
  U1869/Y (OR4X2)                          0.58      25.54 f
  U1870/Y (NAND2X1)                        0.40      25.94 r
  U1884/Y (AOI211X1)                       0.33      26.28 f
  U1885/Y (NOR2X1)                         0.48      26.75 r
  U1896/Y (NOR4BX1)                        0.64      27.39 r
  U1897/Y (NOR2X1)                         0.30      27.70 f
  U1898/Y (NOR2BX1)                        0.42      28.11 f
  U1899/Y (INVX1)                          0.48      28.59 r
  U1953/Y (NAND3X1)                        0.43      29.02 f
  U1568/Y (NOR2X1)                         1.15      30.17 r
  U1967/Y (NAND2X1)                        0.59      30.75 f
  U1142/Y (AOI22XL)                        0.53      31.28 r
  U1137/Y (NAND4XL)                        0.30      31.58 f
  U1080/Y (NOR4BX1)                        1.79      33.37 r
  U1998/Y (AOI21X1)                        0.42      33.79 f
  U2021/Y (NAND2X1)                        0.60      34.39 r
  U2022/Y (NAND2X1)                        0.36      34.74 f
  U2038/Y (NOR3X1)                         0.77      35.51 r
  U2039/Y (NOR2X1)                         0.31      35.82 f
  U2040/Y (INVX1)                          0.32      36.14 r
  U2085/Y (NOR2X1)                         0.27      36.40 f
  U2086/Y (INVX1)                          0.47      36.87 r
  U2149/Y (OAI33X1)                        0.45      37.32 f
  U1112/Y (AOI22XL)                        0.52      37.84 r
  U1104/Y (OAI211XL)                       0.66      38.50 f
  matrix_flat_o[14] (out)                  0.00      38.50 f
  data arrival time                                  38.50

  clock recam_boundary_clk (rise edge)    40.00      40.00
  clock network delay (ideal)              0.00      40.00
  output external delay                    0.00      40.00
  data required time                                 40.00
  -----------------------------------------------------------
  data required time                                 40.00
  data arrival time                                 -38.50
  -----------------------------------------------------------
  slack (MET)                                         1.50


  Startpoint: pivot_valid_i[1]
              (input port clocked by recam_boundary_clk)
  Endpoint: matrix_flat_o[15]
            (output port clocked by recam_boundary_clk)
  Path Group: recam_boundary_clk
  Path Type: max

  Des/Clust/Port     Wire Load Model       Library
  ------------------------------------------------
  recam_2r2c_matrix_builder
                     tsmc18_wl10           slow

  Point                                    Incr       Path
  -----------------------------------------------------------
  clock recam_boundary_clk (rise edge)     0.00       0.00
  clock network delay (ideal)              0.00       0.00
  input external delay                     0.00       0.00 f
  pivot_valid_i[1] (in)                    0.00       0.00 f
  U1573/S (ADDFX2)                         0.87       0.87 f
  U1571/Y (OAI21XL)                        1.14       2.01 r
  U1572/Y (NAND2X1)                        1.01       3.02 f
  U1411/Y (NAND4XL)                        0.58       3.60 r
  U1595/Y (NOR3X1)                         0.29       3.89 f
  U1605/Y (NOR3X1)                         0.84       4.73 r
  U1606/Y (NOR2X1)                         0.45       5.18 f
  U1608/Y (INVX1)                          0.25       5.43 r
  U1612/Y (AOI211X1)                       0.20       5.63 f
  U1619/Y (INVX1)                          0.39       6.02 r
  U1399/Y (NAND4XL)                        0.28       6.29 f
  U1620/Y (NOR3X1)                         0.91       7.20 r
  U1621/Y (NOR2X1)                         0.36       7.56 f
  U1622/Y (NAND2X1)                        0.35       7.91 r
  U1623/Y (INVX1)                          0.27       8.18 f
  U1666/Y (NOR2X1)                         0.53       8.71 r
  U1667/Y (INVX1)                          0.27       8.98 f
  U1668/Y (NOR2X1)                         0.41       9.39 r
  U1669/Y (NAND2X1)                        0.47       9.86 f
  U1063/Y (NOR2X1)                         1.57      11.43 r
  U1564/Y (NOR2X1)                         1.11      12.54 f
  U1093/Y (AOI22XL)                        1.00      13.54 r
  U1741/Y (OAI221XL)                       0.40      13.93 f
  U1089/Y (NOR4BX1)                        0.47      14.41 r
  U1748/Y (NOR3BX1)                        0.92      15.32 r
  U1749/Y (AOI21X1)                        0.36      15.68 f
  U1759/Y (NAND3X1)                        0.34      16.02 r
  U1760/Y (NAND2X1)                        0.31      16.33 f
  U1835/Y (NOR4X1)                         1.02      17.34 r
  U1836/Y (NOR2X1)                         0.46      17.80 f
  U1569/Y (NOR2X1)                         0.85      18.64 r
  U1838/Y (NAND2X1)                        0.19      18.83 f
  U1060/Y (NOR2X1)                         1.49      20.32 r
  U1841/Y (NAND2X1)                        1.04      21.36 f
  U1069/Y (BUFX1)                          0.52      21.88 f
  U1241/Y (INVX1)                          0.80      22.67 r
  U1239/Y (AOI2BB2XL)                      0.71      23.38 f
  U1205/Y (AOI211XL)                       0.57      23.95 r
  U1865/Y (OAI21XL)                        0.28      24.23 f
  U1196/Y (AOI211XL)                       0.45      24.68 r
  U1868/Y (OAI21XL)                        0.28      24.96 f
  U1869/Y (OR4X2)                          0.58      25.54 f
  U1870/Y (NAND2X1)                        0.40      25.94 r
  U1884/Y (AOI211X1)                       0.33      26.28 f
  U1885/Y (NOR2X1)                         0.48      26.75 r
  U1896/Y (NOR4BX1)                        0.64      27.39 r
  U1897/Y (NOR2X1)                         0.30      27.70 f
  U1898/Y (NOR2BX1)                        0.42      28.11 f
  U1899/Y (INVX1)                          0.48      28.59 r
  U1953/Y (NAND3X1)                        0.43      29.02 f
  U1568/Y (NOR2X1)                         1.15      30.17 r
  U1967/Y (NAND2X1)                        0.59      30.75 f
  U1142/Y (AOI22XL)                        0.53      31.28 r
  U1137/Y (NAND4XL)                        0.30      31.58 f
  U1080/Y (NOR4BX1)                        1.79      33.37 r
  U1998/Y (AOI21X1)                        0.42      33.79 f
  U2021/Y (NAND2X1)                        0.60      34.39 r
  U2022/Y (NAND2X1)                        0.36      34.74 f
  U2038/Y (NOR3X1)                         0.77      35.51 r
  U2039/Y (NOR2X1)                         0.31      35.82 f
  U2040/Y (INVX1)                          0.32      36.14 r
  U2085/Y (NOR2X1)                         0.27      36.40 f
  U2086/Y (INVX1)                          0.47      36.87 r
  U2149/Y (OAI33X1)                        0.45      37.32 f
  U1116/Y (AOI22XL)                        0.48      37.81 r
  U1103/Y (OAI211XL)                       0.66      38.46 f
  matrix_flat_o[15] (out)                  0.00      38.46 f
  data arrival time                                  38.46

  clock recam_boundary_clk (rise edge)    40.00      40.00
  clock network delay (ideal)              0.00      40.00
  output external delay                    0.00      40.00
  data required time                                 40.00
  -----------------------------------------------------------
  data required time                                 40.00
  data arrival time                                 -38.46
  -----------------------------------------------------------
  slack (MET)                                         1.54


  Startpoint: pivot_valid_i[1]
              (input port clocked by recam_boundary_clk)
  Endpoint: matrix_flat_o[7]
            (output port clocked by recam_boundary_clk)
  Path Group: recam_boundary_clk
  Path Type: max

  Des/Clust/Port     Wire Load Model       Library
  ------------------------------------------------
  recam_2r2c_matrix_builder
                     tsmc18_wl10           slow

  Point                                    Incr       Path
  -----------------------------------------------------------
  clock recam_boundary_clk (rise edge)     0.00       0.00
  clock network delay (ideal)              0.00       0.00
  input external delay                     0.00       0.00 f
  pivot_valid_i[1] (in)                    0.00       0.00 f
  U1573/S (ADDFX2)                         0.87       0.87 f
  U1571/Y (OAI21XL)                        1.14       2.01 r
  U1572/Y (NAND2X1)                        1.01       3.02 f
  U1411/Y (NAND4XL)                        0.58       3.60 r
  U1595/Y (NOR3X1)                         0.29       3.89 f
  U1605/Y (NOR3X1)                         0.84       4.73 r
  U1606/Y (NOR2X1)                         0.45       5.18 f
  U1608/Y (INVX1)                          0.25       5.43 r
  U1612/Y (AOI211X1)                       0.20       5.63 f
  U1619/Y (INVX1)                          0.39       6.02 r
  U1399/Y (NAND4XL)                        0.28       6.29 f
  U1620/Y (NOR3X1)                         0.91       7.20 r
  U1621/Y (NOR2X1)                         0.36       7.56 f
  U1622/Y (NAND2X1)                        0.35       7.91 r
  U1623/Y (INVX1)                          0.27       8.18 f
  U1666/Y (NOR2X1)                         0.53       8.71 r
  U1667/Y (INVX1)                          0.27       8.98 f
  U1668/Y (NOR2X1)                         0.41       9.39 r
  U1669/Y (NAND2X1)                        0.47       9.86 f
  U1063/Y (NOR2X1)                         1.57      11.43 r
  U1564/Y (NOR2X1)                         1.11      12.54 f
  U1093/Y (AOI22XL)                        1.00      13.54 r
  U1741/Y (OAI221XL)                       0.40      13.93 f
  U1089/Y (NOR4BX1)                        0.47      14.41 r
  U1748/Y (NOR3BX1)                        0.92      15.32 r
  U1749/Y (AOI21X1)                        0.36      15.68 f
  U1759/Y (NAND3X1)                        0.34      16.02 r
  U1760/Y (NAND2X1)                        0.31      16.33 f
  U1835/Y (NOR4X1)                         1.02      17.34 r
  U1836/Y (NOR2X1)                         0.46      17.80 f
  U1569/Y (NOR2X1)                         0.85      18.64 r
  U1838/Y (NAND2X1)                        0.19      18.83 f
  U1060/Y (NOR2X1)                         1.49      20.32 r
  U1841/Y (NAND2X1)                        1.04      21.36 f
  U1069/Y (BUFX1)                          0.52      21.88 f
  U1241/Y (INVX1)                          0.80      22.67 r
  U1239/Y (AOI2BB2XL)                      0.71      23.38 f
  U1205/Y (AOI211XL)                       0.57      23.95 r
  U1865/Y (OAI21XL)                        0.28      24.23 f
  U1196/Y (AOI211XL)                       0.45      24.68 r
  U1868/Y (OAI21XL)                        0.28      24.96 f
  U1869/Y (OR4X2)                          0.58      25.54 f
  U1870/Y (NAND2X1)                        0.40      25.94 r
  U1884/Y (AOI211X1)                       0.33      26.28 f
  U1885/Y (NOR2X1)                         0.48      26.75 r
  U1896/Y (NOR4BX1)                        0.64      27.39 r
  U1897/Y (NOR2X1)                         0.30      27.70 f
  U1898/Y (NOR2BX1)                        0.42      28.11 f
  U1899/Y (INVX1)                          0.48      28.59 r
  U1953/Y (NAND3X1)                        0.43      29.02 f
  U1568/Y (NOR2X1)                         1.15      30.17 r
  U1967/Y (NAND2X1)                        0.59      30.75 f
  U1142/Y (AOI22XL)                        0.53      31.28 r
  U1137/Y (NAND4XL)                        0.30      31.58 f
  U1080/Y (NOR4BX1)                        1.79      33.37 r
  U1998/Y (AOI21X1)                        0.42      33.79 f
  U2021/Y (NAND2X1)                        0.60      34.39 r
  U2022/Y (NAND2X1)                        0.36      34.74 f
  U2038/Y (NOR3X1)                         0.77      35.51 r
  U2039/Y (NOR2X1)                         0.31      35.82 f
  U2040/Y (INVX1)                          0.32      36.14 r
  U2085/Y (NOR2X1)                         0.27      36.40 f
  U1126/Y (AOI22XL)                        0.46      36.87 r
  U2094/Y (OAI21XL)                        0.54      37.41 f
  U1109/Y (AOI22XL)                        0.54      37.95 r
  U1075/Y (OAI211X1)                       0.50      38.45 f
  matrix_flat_o[7] (out)                   0.00      38.45 f
  data arrival time                                  38.45

  clock recam_boundary_clk (rise edge)    40.00      40.00
  clock network delay (ideal)              0.00      40.00
  output external delay                    0.00      40.00
  data required time                                 40.00
  -----------------------------------------------------------
  data required time                                 40.00
  data arrival time                                 -38.45
  -----------------------------------------------------------
  slack (MET)                                         1.55


  Startpoint: pivot_valid_i[1]
              (input port clocked by recam_boundary_clk)
  Endpoint: matrix_flat_o[5]
            (output port clocked by recam_boundary_clk)
  Path Group: recam_boundary_clk
  Path Type: max

  Des/Clust/Port     Wire Load Model       Library
  ------------------------------------------------
  recam_2r2c_matrix_builder
                     tsmc18_wl10           slow

  Point                                    Incr       Path
  -----------------------------------------------------------
  clock recam_boundary_clk (rise edge)     0.00       0.00
  clock network delay (ideal)              0.00       0.00
  input external delay                     0.00       0.00 f
  pivot_valid_i[1] (in)                    0.00       0.00 f
  U1573/S (ADDFX2)                         0.87       0.87 f
  U1571/Y (OAI21XL)                        1.14       2.01 r
  U1572/Y (NAND2X1)                        1.01       3.02 f
  U1411/Y (NAND4XL)                        0.58       3.60 r
  U1595/Y (NOR3X1)                         0.29       3.89 f
  U1605/Y (NOR3X1)                         0.84       4.73 r
  U1606/Y (NOR2X1)                         0.45       5.18 f
  U1608/Y (INVX1)                          0.25       5.43 r
  U1612/Y (AOI211X1)                       0.20       5.63 f
  U1619/Y (INVX1)                          0.39       6.02 r
  U1399/Y (NAND4XL)                        0.28       6.29 f
  U1620/Y (NOR3X1)                         0.91       7.20 r
  U1621/Y (NOR2X1)                         0.36       7.56 f
  U1622/Y (NAND2X1)                        0.35       7.91 r
  U1623/Y (INVX1)                          0.27       8.18 f
  U1666/Y (NOR2X1)                         0.53       8.71 r
  U1667/Y (INVX1)                          0.27       8.98 f
  U1668/Y (NOR2X1)                         0.41       9.39 r
  U1669/Y (NAND2X1)                        0.47       9.86 f
  U1063/Y (NOR2X1)                         1.57      11.43 r
  U1564/Y (NOR2X1)                         1.11      12.54 f
  U1093/Y (AOI22XL)                        1.00      13.54 r
  U1741/Y (OAI221XL)                       0.40      13.93 f
  U1089/Y (NOR4BX1)                        0.47      14.41 r
  U1748/Y (NOR3BX1)                        0.92      15.32 r
  U1749/Y (AOI21X1)                        0.36      15.68 f
  U1759/Y (NAND3X1)                        0.34      16.02 r
  U1760/Y (NAND2X1)                        0.31      16.33 f
  U1835/Y (NOR4X1)                         1.02      17.34 r
  U1836/Y (NOR2X1)                         0.46      17.80 f
  U1569/Y (NOR2X1)                         0.85      18.64 r
  U1838/Y (NAND2X1)                        0.19      18.83 f
  U1060/Y (NOR2X1)                         1.49      20.32 r
  U1841/Y (NAND2X1)                        1.04      21.36 f
  U1069/Y (BUFX1)                          0.52      21.88 f
  U1241/Y (INVX1)                          0.80      22.67 r
  U1239/Y (AOI2BB2XL)                      0.71      23.38 f
  U1205/Y (AOI211XL)                       0.57      23.95 r
  U1865/Y (OAI21XL)                        0.28      24.23 f
  U1196/Y (AOI211XL)                       0.45      24.68 r
  U1868/Y (OAI21XL)                        0.28      24.96 f
  U1869/Y (OR4X2)                          0.58      25.54 f
  U1870/Y (NAND2X1)                        0.40      25.94 r
  U1884/Y (AOI211X1)                       0.33      26.28 f
  U1885/Y (NOR2X1)                         0.48      26.75 r
  U1896/Y (NOR4BX1)                        0.64      27.39 r
  U1897/Y (NOR2X1)                         0.30      27.70 f
  U1898/Y (NOR2BX1)                        0.42      28.11 f
  U1899/Y (INVX1)                          0.48      28.59 r
  U1953/Y (NAND3X1)                        0.43      29.02 f
  U1568/Y (NOR2X1)                         1.15      30.17 r
  U1967/Y (NAND2X1)                        0.59      30.75 f
  U1142/Y (AOI22XL)                        0.53      31.28 r
  U1137/Y (NAND4XL)                        0.30      31.58 f
  U1080/Y (NOR4BX1)                        1.79      33.37 r
  U1998/Y (AOI21X1)                        0.42      33.79 f
  U2021/Y (NAND2X1)                        0.60      34.39 r
  U2022/Y (NAND2X1)                        0.36      34.74 f
  U2038/Y (NOR3X1)                         0.77      35.51 r
  U2039/Y (NOR2X1)                         0.31      35.82 f
  U2040/Y (INVX1)                          0.32      36.14 r
  U2085/Y (NOR2X1)                         0.27      36.40 f
  U1126/Y (AOI22XL)                        0.46      36.87 r
  U2094/Y (OAI21XL)                        0.54      37.41 f
  U1118/Y (AOI22XL)                        0.54      37.95 r
  U1073/Y (OAI211X1)                       0.50      38.45 f
  matrix_flat_o[5] (out)                   0.00      38.45 f
  data arrival time                                  38.45

  clock recam_boundary_clk (rise edge)    40.00      40.00
  clock network delay (ideal)              0.00      40.00
  output external delay                    0.00      40.00
  data required time                                 40.00
  -----------------------------------------------------------
  data required time                                 40.00
  data arrival time                                 -38.45
  -----------------------------------------------------------
  slack (MET)                                         1.55


  Startpoint: pivot_valid_i[1]
              (input port clocked by recam_boundary_clk)
  Endpoint: matrix_flat_o[12]
            (output port clocked by recam_boundary_clk)
  Path Group: recam_boundary_clk
  Path Type: max

  Des/Clust/Port     Wire Load Model       Library
  ------------------------------------------------
  recam_2r2c_matrix_builder
                     tsmc18_wl10           slow

  Point                                    Incr       Path
  -----------------------------------------------------------
  clock recam_boundary_clk (rise edge)     0.00       0.00
  clock network delay (ideal)              0.00       0.00
  input external delay                     0.00       0.00 f
  pivot_valid_i[1] (in)                    0.00       0.00 f
  U1573/S (ADDFX2)                         0.87       0.87 f
  U1571/Y (OAI21XL)                        1.14       2.01 r
  U1572/Y (NAND2X1)                        1.01       3.02 f
  U1411/Y (NAND4XL)                        0.58       3.60 r
  U1595/Y (NOR3X1)                         0.29       3.89 f
  U1605/Y (NOR3X1)                         0.84       4.73 r
  U1606/Y (NOR2X1)                         0.45       5.18 f
  U1608/Y (INVX1)                          0.25       5.43 r
  U1612/Y (AOI211X1)                       0.20       5.63 f
  U1619/Y (INVX1)                          0.39       6.02 r
  U1399/Y (NAND4XL)                        0.28       6.29 f
  U1620/Y (NOR3X1)                         0.91       7.20 r
  U1621/Y (NOR2X1)                         0.36       7.56 f
  U1622/Y (NAND2X1)                        0.35       7.91 r
  U1623/Y (INVX1)                          0.27       8.18 f
  U1666/Y (NOR2X1)                         0.53       8.71 r
  U1667/Y (INVX1)                          0.27       8.98 f
  U1668/Y (NOR2X1)                         0.41       9.39 r
  U1669/Y (NAND2X1)                        0.47       9.86 f
  U1063/Y (NOR2X1)                         1.57      11.43 r
  U1564/Y (NOR2X1)                         1.11      12.54 f
  U1093/Y (AOI22XL)                        1.00      13.54 r
  U1741/Y (OAI221XL)                       0.40      13.93 f
  U1089/Y (NOR4BX1)                        0.47      14.41 r
  U1748/Y (NOR3BX1)                        0.92      15.32 r
  U1749/Y (AOI21X1)                        0.36      15.68 f
  U1759/Y (NAND3X1)                        0.34      16.02 r
  U1760/Y (NAND2X1)                        0.31      16.33 f
  U1835/Y (NOR4X1)                         1.02      17.34 r
  U1836/Y (NOR2X1)                         0.46      17.80 f
  U1569/Y (NOR2X1)                         0.85      18.64 r
  U1838/Y (NAND2X1)                        0.19      18.83 f
  U1060/Y (NOR2X1)                         1.49      20.32 r
  U1841/Y (NAND2X1)                        1.04      21.36 f
  U1069/Y (BUFX1)                          0.52      21.88 f
  U1241/Y (INVX1)                          0.80      22.67 r
  U1239/Y (AOI2BB2XL)                      0.71      23.38 f
  U1205/Y (AOI211XL)                       0.57      23.95 r
  U1865/Y (OAI21XL)                        0.28      24.23 f
  U1196/Y (AOI211XL)                       0.45      24.68 r
  U1868/Y (OAI21XL)                        0.28      24.96 f
  U1869/Y (OR4X2)                          0.58      25.54 f
  U1870/Y (NAND2X1)                        0.40      25.94 r
  U1884/Y (AOI211X1)                       0.33      26.28 f
  U1885/Y (NOR2X1)                         0.48      26.75 r
  U1896/Y (NOR4BX1)                        0.64      27.39 r
  U1897/Y (NOR2X1)                         0.30      27.70 f
  U1898/Y (NOR2BX1)                        0.42      28.11 f
  U1899/Y (INVX1)                          0.48      28.59 r
  U1953/Y (NAND3X1)                        0.43      29.02 f
  U1568/Y (NOR2X1)                         1.15      30.17 r
  U1967/Y (NAND2X1)                        0.59      30.75 f
  U1142/Y (AOI22XL)                        0.53      31.28 r
  U1137/Y (NAND4XL)                        0.30      31.58 f
  U1080/Y (NOR4BX1)                        1.79      33.37 r
  U1998/Y (AOI21X1)                        0.42      33.79 f
  U2021/Y (NAND2X1)                        0.60      34.39 r
  U2022/Y (NAND2X1)                        0.36      34.74 f
  U2038/Y (NOR3X1)                         0.77      35.51 r
  U2039/Y (NOR2X1)                         0.31      35.82 f
  U2040/Y (INVX1)                          0.32      36.14 r
  U2085/Y (NOR2X1)                         0.27      36.40 f
  U2086/Y (INVX1)                          0.47      36.87 r
  U2149/Y (OAI33X1)                        0.45      37.32 f
  U1114/Y (AOI22XL)                        0.50      37.82 r
  U1071/Y (OAI211X1)                       0.50      38.33 f
  matrix_flat_o[12] (out)                  0.00      38.33 f
  data arrival time                                  38.33

  clock recam_boundary_clk (rise edge)    40.00      40.00
  clock network delay (ideal)              0.00      40.00
  output external delay                    0.00      40.00
  data required time                                 40.00
  -----------------------------------------------------------
  data required time                                 40.00
  data arrival time                                 -38.33
  -----------------------------------------------------------
  slack (MET)                                         1.67


1
