 
****************************************
Report : area
Design : recam_dss_l1x4_r_static_early_live_state_top
Version: W-2024.09-SP2
Date   : Mon Sep 28 19:32:48 2026
****************************************

Library(s) Used:

    slow (File: /cad/std_libraries/CBDK_TSMC018_Arm_f1.0/CIC/SynopsysDC/db/slow.db)

Number of ports:                          883
Number of nets:                          5695
Number of cells:                         4925
Number of combinational cells:           4906
Number of sequential cells:                14
Number of macros/black boxes:               0
Number of buf/inv:                       1493
Number of references:                       8

Combinational area:             101698.028050
Buf/Inv area:                    18178.776260
Noncombinational area:             788.356812
Macro/Black Box area:                0.000000
Net Interconnect area:          515155.916046

Total cell area:                102486.384861
Total area:                     617642.300908

Hierarchical area distribution
------------------------------

                                  Global cell area             Local cell area
                                  --------------------  ------------------------------ 
Hierarchical cell                 Absolute     Percent  Combi-       Noncombi-  Black-
                                  Total        Total    national     national   boxes   Design
--------------------------------  -----------  -------  -----------  ---------  ------  ----------------------------------------------------------------------------------------------------------------
recam_dss_l1x4_r_static_early_live_state_top
                                  102486.3849    100.0     136.3824     0.0000  0.0000  recam_dss_l1x4_r_static_early_live_state_top
analyzer                           93591.5912     91.3   93591.5912     0.0000  0.0000  recam_shared_config_analyzer_ROW_ADDR_W9_PHYS_COL_ADDR_W13_WORD_COL_ADDR_W5_HYBRID_LINE_ADDR_W13_HYBRID_ENTRIES7
core                                2411.6400      2.4    1623.2832   788.3568  0.0000  recam_dss_l1x4_r_static_early_live_state_core
selected_address_mux                6346.7712      6.2    6346.7712     0.0000  0.0000  dss_early_selected_address_mux_ROW_ADDR_W9_PHYS_COL_ADDR_W13
--------------------------------  -----------  -------  -----------  ---------  ------  ----------------------------------------------------------------------------------------------------------------
Total                                                   101698.0280   788.3568  0.0000

1
