 
****************************************
Report : cell
Design : recam_dss_l1x4_r_static_early_live_state_top
Version: W-2024.09-SP2
Date   : Mon Sep 28 19:32:48 2026
****************************************

Attributes:
    b - black box (unknown)
    h - hierarchical
    n - noncombinational
    p - parameterized
    r - removable
    u - contains unmapped logic

Cell                      Reference       Library             Area  Attributes
--------------------------------------------------------------------------------
U2                        BUFX16          slow            43.243198 
U3                        AND2X4          slow            16.632000 
U4                        BUFX12          slow            33.264000 
U5                        BUFX8           slow            29.937599 
U6                        BUFX1           slow            13.305600 
analyzer                  recam_shared_config_analyzer_ROW_ADDR_W9_PHYS_COL_ADDR_W13_WORD_COL_ADDR_W5_HYBRID_LINE_ADDR_W13_HYBRID_ENTRIES7
                                                          93591.591225
                                                                    h, p
core                      recam_dss_l1x4_r_static_early_live_state_core
                                                          2411.640020
                                                                    h, n
selected_address_mux      dss_early_selected_address_mux_ROW_ADDR_W9_PHYS_COL_ADDR_W13
                                                          6346.771219
                                                                    h, p
--------------------------------------------------------------------------------
Total 8 cells                                             102486.384861
1
