 
****************************************
Report : qor
Design : recam_dss_l1x4_r_static_early_live_state_top
Version: W-2024.09-SP2
Date   : Mon Sep 28 19:32:48 2026
****************************************


  Timing Path Group 'recam_clk'
  -----------------------------------
  Levels of Logic:              84.00
  Critical Path Length:         19.98
  Critical Path Slack:           0.02
  Critical Path Clk Period:     20.00
  Total Negative Slack:          0.00
  No. of Violating Paths:        0.00
  Worst Hold Violation:          0.00
  Total Hold Violation:          0.00
  No. of Hold Violations:        0.00
  -----------------------------------


  Cell Count
  -----------------------------------
  Hierarchical Cell Count:          3
  Hierarchical Port Count:        506
  Leaf Cell Count:               4920
  Buf/Inv Cell Count:            1493
  Buf Cell Count:                 200
  Inv Cell Count:                1293
  CT Buf/Inv Cell Count:            0
  Combinational Cell Count:      4906
  Sequential Cell Count:           14
  Macro Count:                      0
  -----------------------------------


  Area
  -----------------------------------
  Combinational Area:   101698.028050
  Noncombinational Area:   788.356812
  Buf/Inv Area:          18178.776260
  Total Buffer Area:          4646.98
  Total Inverter Area:       13531.80
  Macro/Black Box Area:      0.000000
  Net Area:             515155.916046
  -----------------------------------
  Cell Area:            102486.384861
  Design Area:          617642.300908


  Design Rules
  -----------------------------------
  Total Number of Nets:          5203
  Nets With Violations:             0
  Max Trans Violations:             0
  Max Cap Violations:               0
  -----------------------------------


  Hostname: Kaohsiung

  Compile CPU Statistics
  -----------------------------------------
  Resource Sharing:                    2.66
  Logic Optimization:                 39.92
  Mapping Optimization:               14.73
  -----------------------------------------
  Overall Compile Time:               63.25
  Overall Compile Wall Clock Time:    63.58

  --------------------------------------------------------------------

  Design  WNS: 0.00  TNS: 0.00  Number of Violating Paths: 0


  Design (Hold)  WNS: 0.00  TNS: 0.00  Number of Violating Paths: 0

  --------------------------------------------------------------------


1
