 
****************************************
Report : reference
Design : recam_dss_l1x4_r_static_early_live_state_top
Version: W-2024.09-SP2
Date   : Mon Sep 28 19:32:48 2026
****************************************

Attributes:
    b - black box (unknown)
   bo - allows boundary optimization
    d - dont_touch
   mo - map_only
    h - hierarchical
    n - noncombinational
    r - removable
    s - synthetic operator
    u - contains unmapped logic

Reference          Library       Unit Area   Count    Total Area   Attributes
-----------------------------------------------------------------------------
AND2X4             slow          16.632000       1     16.632000  
BUFX1              slow          13.305600       1     13.305600  
BUFX8              slow          29.937599       1     29.937599  
BUFX12             slow          33.264000       1     33.264000  
BUFX16             slow          43.243198       1     43.243198  
dss_early_selected_address_mux_ROW_ADDR_W9_PHYS_COL_ADDR_W13
                               6346.771219       1   6346.771219  h
recam_dss_l1x4_r_static_early_live_state_core
                               2411.640020       1   2411.640020  h, n
recam_shared_config_analyzer_ROW_ADDR_W9_PHYS_COL_ADDR_W13_WORD_COL_ADDR_W5_HYBRID_LINE_ADDR_W13_HYBRID_ENTRIES7
                              93591.591225       1  93591.591225  h
-----------------------------------------------------------------------------
Total 8 references                                  102486.384861

****************************************
Design: dss_early_selected_address_mux_ROW_ADDR_W9_PHYS_COL_ADDR_W13 
****************************************
Reference          Library       Unit Area   Count    Total Area   Attributes
-----------------------------------------------------------------------------
AND2X2             slow          13.305600      20    266.112003  
AND2X4             slow          16.632000       1     16.632000  
AND3X4             slow          19.958401       5     99.792004  
AOI2BB1X2          slow          23.284800       3     69.854399  
AOI2BB2X2          slow          29.937599       1     29.937599  
AOI22X2            slow          29.937599      21    628.689583  
AOI22X4            slow          46.569599       3    139.708797  
AOI31X1            slow          16.632000       1     16.632000  
AOI31X2            slow          29.937599       2     59.875198  
AOI31X4            slow          29.937599       1     29.937599  
AOI33X2            slow          43.243198       1     43.243198  
AOI222X2           slow          46.569599       1     46.569599  
BUFX2              slow          13.305600       1     13.305600  
BUFX3              slow          13.305600       5     66.528001  
BUFX8              slow          29.937599       6    179.625595  
BUFX12             slow          33.264000       3     99.792000  
BUFX16             slow          43.243198       3    129.729595  
BUFX20             slow          53.222401       6    319.334404  
CLKINVX1           slow           9.979200       1      9.979200  
CLKINVX2           slow           9.979200       1      9.979200  
CLKINVX3           slow           9.979200      24    239.500809  
CLKINVX4           slow          13.305600       3     39.916800  
CLKINVX8           slow          19.958401       3     59.875202  
CLKINVX20          slow          96.465599       1     96.465599  
INVX1              slow           6.652800      33    219.542403  
INVX2              slow           9.979200       4     39.916801  
INVX3              slow          13.305600       1     13.305600  
INVX4              slow          13.305600      13    172.972802  
INVX8              slow          19.958401      14    279.417610  
INVX12             slow          43.243198       1     43.243198  
INVXL              slow           6.652800       2     13.305600  
MXI2XL             slow          23.284800       1     23.284800  
NAND2BX1           slow          13.305600       1     13.305600  
NAND2BX2           slow          19.958401       1     19.958401  
NAND2BX4           slow          26.611200       3     79.833601  
NAND2X1            slow           9.979200       1      9.979200  
NAND2X2            slow          16.632000       1     16.632000  
NAND2X4            slow          23.284800       3     69.854399  
NAND2XL            slow           9.979200       2     19.958401  
NAND3BX4           slow          36.590401       1     36.590401  
NAND3X1            slow          13.305600      12    159.667202  
NAND3X2            slow          23.284800       3     69.854399  
NAND3X4            slow          33.264000       2     66.528000  
NAND3XL            slow          13.305600       6     79.833601  
NAND4X2            slow          29.937599       4    119.750397  
NAND4X4            slow          56.548801       2    113.097603  
NOR2BX2            slow          19.958401       2     39.916801  
NOR2X1             slow           9.979200       2     19.958401  
NOR2X2             slow          16.632000       1     16.632000  
NOR2X4             slow          23.284800       1     23.284800  
OAI2BB1X1          slow          16.632000       4     66.528000  
OAI2BB1X2          slow          23.284800       9    209.563196  
OAI2BB1X4          slow          33.264000       7    232.848000  
OAI2BB2X2          slow          33.264000       2     66.528000  
OAI21X4            slow          36.590401       7    256.132805  
OAI32X2            slow          36.590401       1     36.590401  
OAI32X4            slow          33.264000       1     33.264000  
OAI32XL            slow          23.284800       1     23.284800  
OAI211X2           slow          33.264000       2     66.528000  
OAI221X2           slow          43.243198       3    129.729595  
OAI222X2           slow          49.896000       2     99.792000  
OR2X1              slow          13.305600       2     26.611200  
OR2X2              slow          13.305600      11    146.361602  
OR2X4              slow          19.958401       9    179.625607  
OR2XL              slow          13.305600       3     39.916800  
OR3X2              slow          19.958401       8    159.667206  
XOR2X1             slow          26.611200       1     26.611200  
XOR2X4             slow          56.548801       1     56.548801  
-----------------------------------------------------------------------------
Total 68 references                                  6346.771219

****************************************
Design: recam_dss_l1x4_r_static_early_live_state_core 
****************************************
Reference          Library       Unit Area   Count    Total Area   Attributes
-----------------------------------------------------------------------------
AND2X1             slow          13.305600       1     13.305600  
AND2X2             slow          13.305600       2     26.611200  
AND2X4             slow          16.632000       1     16.632000  
AND3X2             slow          16.632000       1     16.632000  
AND3X4             slow          19.958401       1     19.958401  
AOI2BB1X1          slow          16.632000       2     33.264000  
AOI2BB1X2          slow          23.284800       2     46.569599  
AOI2BB1XL          slow          16.632000       2     33.264000  
AOI21X4            slow          33.264000       1     33.264000  
AOI32X1            slow          23.284800       1     23.284800  
AOI211X2           slow          29.937599       1     29.937599  
AOI222X1           slow          26.611200       1     26.611200  
BUFX3              slow          13.305600       1     13.305600  
BUFX4              slow          16.632000       1     16.632000  
CLKINVX2           slow           9.979200       1      9.979200  
CLKINVX3           slow           9.979200       1      9.979200  
CLKINVX4           slow          13.305600       1     13.305600  
DFFHQX1            slow          53.222401       1     53.222401  n
DFFHQX4            slow          73.180801       2    146.361603  n
DFFHQXL            slow          53.222401      10    532.224007  n
DFFXL              slow          56.548801       1     56.548801  n
INVX1              slow           6.652800      20    133.056002  
INVX2              slow           9.979200       2     19.958401  
INVX4              slow          13.305600       3     39.916800  
INVX8              slow          19.958401       1     19.958401  
INVXL              slow           6.652800       1      6.652800  
MXI2X1             slow          23.284800       6    139.708797  
MXI2X2             slow          26.611200       2     53.222401  
MXI2XL             slow          23.284800       1     23.284800  
NAND2BX2           slow          19.958401       1     19.958401  
NAND2X1            slow           9.979200       2     19.958401  
NAND3X1            slow          13.305600       6     79.833601  
NAND3X2            slow          23.284800       1     23.284800  
NAND4BXL           slow          19.958401       1     19.958401  
NAND4X2            slow          29.937599       1     29.937599  
NOR2X1             slow           9.979200       1      9.979200  
OAI2BB1X1          slow          16.632000       2     33.264000  
OAI2BB1X2          slow          23.284800       2     46.569599  
OAI2BB1X4          slow          33.264000       1     33.264000  
OAI21XL            slow          13.305600       1     13.305600  
OAI22XL            slow          19.958401       1     19.958401  
OAI31X2            slow          29.937599       1     29.937599  
OAI32X1            slow          23.284800       1     23.284800  
OAI32XL            slow          23.284800       1     23.284800  
OR2X2              slow          13.305600      12    159.667202  
OR2X4              slow          19.958401       3     59.875202  
OR2XL              slow          13.305600       4     53.222401  
XOR2X1             slow          26.611200       4    106.444801  
-----------------------------------------------------------------------------
Total 48 references                                  2411.640020

****************************************
Design: recam_shared_config_analyzer_ROW_ADDR_W9_PHYS_COL_ADDR_W13_WORD_COL_ADDR_W5_HYBRID_LINE_ADDR_W13_HYBRID_ENTRIES7 
****************************************
Reference          Library       Unit Area   Count    Total Area   Attributes
-----------------------------------------------------------------------------
AND2X1             slow          13.305600       9    119.750401  
AND2X2             slow          13.305600      25    332.640004  
AND2X4             slow          16.632000       4     66.528000  
AND3X1             slow          16.632000       1     16.632000  
AND3X2             slow          16.632000      29    482.327999  
AND3X4             slow          19.958401      11    219.542408  
AND4X1             slow          19.958401       4     79.833603  
AND4X2             slow          19.958401      38    758.419228  
AND4X4             slow          36.590401      31   1134.302422  
AOI2BB1X1          slow          16.632000       5     83.160000  
AOI2BB1X2          slow          23.284800       2     46.569599  
AOI2BB1X4          slow          36.590401       1     36.590401  
AOI2BB1XL          slow          16.632000       1     16.632000  
AOI2BB2X1          slow          23.284800      34    791.683186  
AOI2BB2X2          slow          29.937599       4    119.750397  
AOI2BB2XL          slow          23.284800       3     69.854399  
AOI21X2            slow          23.284800       1     23.284800  
AOI21XL            slow          13.305600       1     13.305600  
AOI22X1            slow          16.632000       9    149.688000  
AOI31X1            slow          16.632000       2     33.264000  
AOI31X2            slow          29.937599       2     59.875198  
AOI33X1            slow          26.611200       2     53.222401  
AOI211X1           slow          16.632000       8    133.056000  
AOI211X2           slow          29.937599       3     89.812798  
AOI211X4           slow          33.264000       3     99.792000  
AOI221X1           slow          23.284800       8    186.278397  
AOI221X2           slow          39.916801       2     79.833603  
AOI221X4           slow          36.590401       4    146.361603  
AOI222X1           slow          26.611200      39   1037.836813  
AOI222X2           slow          46.569599       4    186.278397  
AOI222X4           slow          39.916801       1     39.916801  
AOI222XL           slow          26.611200       1     26.611200  
BUFX1              slow          13.305600      32    425.779205  
BUFX3              slow          13.305600      54    718.502409  
BUFX4              slow          16.632000      11    182.952000  
BUFX8              slow          29.937599      27    808.315178  
BUFX12             slow          33.264000      15    498.959999  
BUFX16             slow          43.243198       6    259.459190  
BUFX20             slow          53.222401       9    479.001606  
CLKBUFX2           slow          13.305600       1     13.305600  
CLKBUFX3           slow          13.305600       2     26.611200  
CLKBUFX8           slow          23.284800       7    162.993597  
CLKBUFXL           slow          13.305600       1     13.305600  
CLKINVX1           slow           9.979200       4     39.916801  
CLKINVX2           slow           9.979200      13    129.729605  
CLKINVX3           slow           9.979200     201   2005.819273  
CLKINVX4           slow          13.305600      23    306.028804  
CLKINVX8           slow          19.958401      44    878.169632  
CLKINVX12          slow          63.201599       2    126.403198  
CLKINVX20          slow          96.465599       3    289.396797  
CLKINVXL           slow           9.979200      29    289.396811  
DLY1X1             slow          19.958401       5     99.792004  
INVX1              slow           6.652800     569   3785.443247  
INVX2              slow           9.979200      50    498.960018  
INVX3              slow          13.305600       4     53.222401  
INVX4              slow          13.305600      72    958.003212  
INVX8              slow          19.958401      68   1357.171249  
INVX12             slow          43.243198       9    389.188786  
INVX16             slow          56.548801       7    395.841610  
INVX20             slow          63.201599       2    126.403198  
INVXL              slow           6.652800      62    412.473605  
MX2X1              slow          26.611200     141   3752.179247  
MX2X2              slow          29.937599      20    598.751984  
MX2X4              slow          33.264000      39   1297.295998  
MXI2X1             slow          23.284800      98   2281.910358  
MXI2X2             slow          26.611200     136   3619.123245  
MXI2X4             slow          46.569599      46   2142.201561  
MXI2XL             slow          23.284800      28    651.974388  
NAND2BX1           slow          13.305600       1     13.305600  
NAND2BX2           slow          19.958401       1     19.958401  
NAND2BX4           slow          26.611200       7    186.278402  
NAND2BXL           slow          13.305600       1     13.305600  
NAND2X1            slow           9.979200      50    498.960018  
NAND2X2            slow          16.632000      35    582.119999  
NAND2X4            slow          23.284800      52   1210.809578  
NAND2XL            slow           9.979200      15    149.688005  
NAND3BX1           slow          16.632000       1     16.632000  
NAND3BX2           slow          26.611200       1     26.611200  
NAND3BX4           slow          36.590401       4    146.361603  
NAND3BXL           slow          16.632000       3     49.896000  
NAND3X1            slow          13.305600     167   2222.035228  
NAND3X2            slow          23.284800      39    908.107183  
NAND3X4            slow          33.264000      40   1330.559998  
NAND3XL            slow          13.305600      27    359.251204  
NAND4BBX2          slow          36.590401       1     36.590401  
NAND4BBX4          slow          63.201599       3    189.604797  
NAND4BX1           slow          23.284800       2     46.569599  
NAND4BX2           slow          33.264000       2     66.528000  
NAND4BX4           slow          59.875198       2    119.750397  
NAND4BXL           slow          19.958401       3     59.875202  
NAND4X1            slow          16.632000      94   1563.407997  
NAND4X2            slow          29.937599      39   1167.566368  
NAND4X4            slow          56.548801      23   1300.622433  
NAND4XL            slow          16.632000      20    332.639999  
NOR2BX1            slow          13.305600       1     13.305600  
NOR2BX4            slow          26.611200       1     26.611200  
NOR2X1             slow           9.979200      46    459.043217  
NOR2X2             slow          16.632000      17    282.743999  
NOR2X4             slow          23.284800      25    582.119989  
NOR2XL             slow           9.979200       2     19.958401  
NOR3BX4            slow          36.590401       1     36.590401  
NOR3X1             slow          13.305600       1     13.305600  
NOR3X2             slow          23.284800       3     69.854399  
NOR3X4             slow          33.264000       7    232.848000  
NOR4BBX1           slow          26.611200       1     26.611200  
NOR4X1             slow          19.958401       1     19.958401  
NOR4X4             slow          56.548801       2    113.097603  
OAI2BB1X1          slow          16.632000      44    731.807999  
OAI2BB1X2          slow          23.284800      19    442.411192  
OAI2BB1X4          slow          33.264000      27    898.127998  
OAI2BB1XL          slow          16.632000       4     66.528000  
OAI2BB2X4          slow          49.896000       1     49.896000  
OAI21X2            slow          26.611200       2     53.222401  
OAI21X4            slow          36.590401       3    109.771202  
OAI22X1            slow          19.958401      59   1177.545643  
OAI22X2            slow          29.937599      27    808.315178  
OAI22X4            slow          46.569599       4    186.278397  
OAI22XL            slow          19.958401       6    119.750404  
OAI31X2            slow          29.937599       2     59.875198  
OAI31X4            slow          29.937599       1     29.937599  
OAI32X1            slow          23.284800       5    116.423998  
OAI32X2            slow          36.590401       4    146.361603  
OAI32X4            slow          33.264000       4    133.056000  
OAI211X1           slow          19.958401      14    279.417610  
OAI211X2           slow          33.264000       9    299.375999  
OAI211X4           slow          29.937599      14    419.126389  
OAI211XL           slow          19.958401       1     19.958401  
OAI221X2           slow          43.243198       1     43.243198  
OAI221X4           slow          36.590401       1     36.590401  
OAI221XL           slow          23.284800       2     46.569599  
OAI222X2           slow          49.896000       2     99.792000  
OAI222X4           slow          39.916801       5    199.584007  
OAI222XL           slow          26.611200       1     26.611200  
OR2X1              slow          13.305600       6     79.833601  
OR2X2              slow          13.305600     230   3060.288038  
OR2X4              slow          19.958401      76   1516.838455  
OR2XL              slow          13.305600      39    518.918406  
OR3X2              slow          19.958401       1     19.958401  
OR3XL              slow          16.632000       5     83.160000  
OR4X1              slow          19.958401       3     59.875202  
OR4X2              slow          19.958401      41    818.294430  
OR4X4              slow          36.590401      29   1061.121620  
XNOR2X1            slow          26.611200      39   1037.836813  
XNOR2X2            slow          36.590401      15    548.856010  
XNOR2X4            slow          56.548801      23   1300.622433  
XNOR2XL            slow          26.611200       4    106.444801  
XOR2X1             slow          26.611200     548  14582.937782  
XOR2X2             slow          33.264000     136   4523.903992  
XOR2X4             slow          56.548801      70   3958.416100  
XOR2XL             slow          26.611200      90   2395.008030  
-----------------------------------------------------------------------------
Total 150 references                                93591.591225
1
