 
****************************************
Report : qor
Design : recam_phase3j_full_early_top
Version: W-2024.09-SP2
Date   : Thu Sep 10 18:16:08 2026
****************************************


  Timing Path Group 'recam_clk'
  -----------------------------------
  Levels of Logic:              88.00
  Critical Path Length:         19.71
  Critical Path Slack:           0.01
  Critical Path Clk Period:     20.00
  Total Negative Slack:          0.00
  No. of Violating Paths:        0.00
  Worst Hold Violation:          0.00
  Total Hold Violation:          0.00
  No. of Hold Violations:        0.00
  -----------------------------------


  Cell Count
  -----------------------------------
  Hierarchical Cell Count:         10
  Hierarchical Port Count:       1361
  Leaf Cell Count:               5703
  Buf/Inv Cell Count:            1680
  Buf Cell Count:                  94
  Inv Cell Count:                1586
  CT Buf/Inv Cell Count:            0
  Combinational Cell Count:      5218
  Sequential Cell Count:          485
  Macro Count:                      0
  -----------------------------------


  Area
  -----------------------------------
  Combinational Area:    91336.291764
  Noncombinational Area: 25882.718727
  Buf/Inv Area:          14240.318628
  Total Buffer Area:          1586.69
  Total Inverter Area:       12653.63
  Macro/Black Box Area:      0.000000
  Net Area:             631543.205688
  -----------------------------------
  Cell Area:            117219.010491
  Design Area:          748762.216179


  Design Rules
  -----------------------------------
  Total Number of Nets:          5913
  Nets With Violations:             0
  Max Trans Violations:             0
  Max Cap Violations:               0
  -----------------------------------


  Hostname: Kaohsiung

  Compile CPU Statistics
  -----------------------------------------
  Resource Sharing:                    2.66
  Logic Optimization:                 21.84
  Mapping Optimization:                5.96
  -----------------------------------------
  Overall Compile Time:               36.68
  Overall Compile Wall Clock Time:    36.98

  --------------------------------------------------------------------

  Design  WNS: 0.00  TNS: 0.00  Number of Violating Paths: 0


  Design (Hold)  WNS: 0.00  TNS: 0.00  Number of Violating Paths: 0

  --------------------------------------------------------------------


1
