 
****************************************
Report : area
Design : recam_2r2c_analyzer
Version: W-2024.09-SP2
Date   : Wed Sep  9 20:29:19 2026
****************************************

Library(s) Used:

    slow (File: /cad/std_libraries/CBDK_TSMC018_Arm_f1.0/CIC/SynopsysDC/db/slow.db)

Number of ports:                          430
Number of nets:                          1707
Number of cells:                         1308
Number of combinational cells:           1303
Number of sequential cells:                 0
Number of macros/black boxes:               0
Number of buf/inv:                        241
Number of references:                       7

Combinational area:              21857.774723
Buf/Inv area:                     1869.436822
Noncombinational area:               0.000000
Macro/Black Box area:                0.000000
Net Interconnect area:          152974.100281

Total cell area:                 21857.774723
Total area:                     174831.875003

Hierarchical area distribution
------------------------------

                                  Global cell area            Local cell area
                                  -------------------  ----------------------------- 
Hierarchical cell                 Absolute    Percent  Combi-      Noncombi-  Black-
                                  Total       Total    national    national   boxes   Design
--------------------------------  ----------  -------  ----------  ---------  ------  ----------------------------------------------------
recam_2r2c_analyzer               21857.7747    100.0    103.1184     0.0000  0.0000  recam_2r2c_analyzer
matrix_builder                    21418.6899     98.0  21418.6899     0.0000  0.0000  recam_2r2c_matrix_builder_ADDR_W10_HYBRID_ENTRY_NUM4
pattern_analyzer                    189.6048      0.9    189.6048     0.0000  0.0000  recam_2r2c_pattern_analyzer
pattern_encoder                     146.3616      0.7    146.3616     0.0000  0.0000  recam_2r2c_pattern_encoder
--------------------------------  ----------  -------  ----------  ---------  ------  ----------------------------------------------------
Total                                                  21857.7747     0.0000  0.0000

1
