 
****************************************
Report : qor
Design : recam_2r2c_analyzer
Version: W-2024.09-SP2
Date   : Wed Sep  9 20:29:19 2026
****************************************


  Timing Path Group 'recam_boundary_clk'
  -----------------------------------
  Levels of Logic:              91.00
  Critical Path Length:         39.97
  Critical Path Slack:           0.03
  Critical Path Clk Period:     40.00
  Total Negative Slack:          0.00
  No. of Violating Paths:        0.00
  Worst Hold Violation:          0.00
  Total Hold Violation:          0.00
  No. of Hold Violations:        0.00
  -----------------------------------


  Cell Count
  -----------------------------------
  Hierarchical Cell Count:          3
  Hierarchical Port Count:        226
  Leaf Cell Count:               1303
  Buf/Inv Cell Count:             241
  Buf Cell Count:                  26
  Inv Cell Count:                 215
  CT Buf/Inv Cell Count:            0
  Combinational Cell Count:      1303
  Sequential Cell Count:            0
  Macro Count:                      0
  -----------------------------------


  Area
  -----------------------------------
  Combinational Area:    21857.774723
  Noncombinational Area:     0.000000
  Buf/Inv Area:           1869.436822
  Total Buffer Area:           392.52
  Total Inverter Area:        1476.92
  Macro/Black Box Area:      0.000000
  Net Area:             152974.100281
  -----------------------------------
  Cell Area:             21857.774723
  Design Area:          174831.875003


  Design Rules
  -----------------------------------
  Total Number of Nets:          1482
  Nets With Violations:             0
  Max Trans Violations:             0
  Max Cap Violations:               0
  -----------------------------------


  Hostname: Kaohsiung

  Compile CPU Statistics
  -----------------------------------------
  Resource Sharing:                    0.47
  Logic Optimization:                  0.81
  Mapping Optimization:                0.73
  -----------------------------------------
  Overall Compile Time:                2.84
  Overall Compile Wall Clock Time:     3.10

  --------------------------------------------------------------------

  Design  WNS: 0.00  TNS: 0.00  Number of Violating Paths: 0


  Design (Hold)  WNS: 0.00  TNS: 0.00  Number of Violating Paths: 0

  --------------------------------------------------------------------


1
