 
****************************************
Report : reference
Design : recam_2r2c_analyzer
Version: W-2024.09-SP2
Date   : Wed Sep  9 20:29:19 2026
****************************************

Attributes:
    b - black box (unknown)
   bo - allows boundary optimization
    d - dont_touch
   mo - map_only
    h - hierarchical
    n - noncombinational
    r - removable
    s - synthetic operator
    u - contains unmapped logic

Reference          Library       Unit Area   Count    Total Area   Attributes
-----------------------------------------------------------------------------
BUFX4              slow          16.632000       2     33.264000  
BUFX8              slow          29.937599       1     29.937599  
CLKINVX8           slow          19.958401       1     19.958401  
INVX8              slow          19.958401       1     19.958401  
recam_2r2c_matrix_builder_ADDR_W10_HYBRID_ENTRY_NUM4
                              21418.689917       1  21418.689917  h
recam_2r2c_pattern_analyzer     189.604803       1    189.604803  h
recam_2r2c_pattern_encoder      146.361602       1    146.361602  h
-----------------------------------------------------------------------------
Total 7 references                                  21857.774723

****************************************
Design: recam_2r2c_matrix_builder_ADDR_W10_HYBRID_ENTRY_NUM4 
****************************************
Reference          Library       Unit Area   Count    Total Area   Attributes
-----------------------------------------------------------------------------
AND2X1             slow          13.305600       3     39.916800  
AND2X2             slow          13.305600      18    239.500803  
AND4X2             slow          19.958401       6    119.750404  
AOI2BB1X1          slow          16.632000       2     33.264000  
AOI2BB1XL          slow          16.632000       1     16.632000  
AOI2BB2X1          slow          23.284800      20    465.695992  
AOI21X1            slow          13.305600       1     13.305600  
AOI21XL            slow          13.305600       2     26.611200  
AOI22X1            slow          16.632000      56    931.391998  
AOI22XL            slow          16.632000      61   1014.551998  
AOI31X1            slow          16.632000       2     33.264000  
AOI211X1           slow          16.632000       2     33.264000  
AOI211XL           slow          16.632000       2     33.264000  
BUFX1              slow          13.305600       8    106.444801  
BUFX3              slow          13.305600      13    172.972802  
BUFX8              slow          29.937599       1     29.937599  
CLKINVX8           slow          19.958401       1     19.958401  
DLY1X1             slow          19.958401       1     19.958401  
INVX1              slow           6.652800     185   1230.768015  
INVX4              slow          13.305600       1     13.305600  
INVXL              slow           6.652800      21    139.708802  
NAND2BX1           slow          13.305600       8    106.444801  
NAND2BXL           slow          13.305600       2     26.611200  
NAND2X1            slow           9.979200      57    568.814421  
NAND2X2            slow          16.632000       1     16.632000  
NAND2XL            slow           9.979200      83    828.273630  
NAND3BX1           slow          16.632000       2     33.264000  
NAND3X1            slow          13.305600      32    425.779205  
NAND3XL            slow          13.305600       2     26.611200  
NAND4BXL           slow          19.958401       5     99.792004  
NAND4X1            slow          16.632000      26    432.431999  
NAND4XL            slow          16.632000       6     99.792000  
NOR2BX1            slow          13.305600       8    106.444801  
NOR2BXL            slow          13.305600       1     13.305600  
NOR2X1             slow           9.979200      47    469.022417  
NOR2X2             slow          16.632000       1     16.632000  
NOR2X4             slow          23.284800       2     46.569599  
NOR2XL             slow           9.979200       1      9.979200  
NOR3BX1            slow          19.958401       6    119.750404  
NOR3X1             slow          13.305600      74    984.614412  
NOR3X2             slow          23.284800       1     23.284800  
NOR4BX1            slow          19.958401       2     39.916801  
NOR4X1             slow          19.958401       2     39.916801  
OAI2BB1X1          slow          16.632000       2     33.264000  
OAI21XL            slow          13.305600      18    239.500803  
OAI22X1            slow          19.958401      14    279.417610  
OAI22XL            slow          19.958401      92   1836.172867  
OAI31X1            slow          19.958401       4     79.833603  
OAI211X1           slow          19.958401       3     59.875202  
OAI221X2           slow          43.243198       2     86.486397  
OAI221X4           slow          36.590401       1     36.590401  
OAI221XL           slow          23.284800      10    232.847996  
OAI222XL           slow          26.611200      12    319.334404  
OR2X2              slow          13.305600       2     26.611200  
OR4X2              slow          19.958401      15    299.376011  
XNOR2X1            slow          26.611200     286   7610.803295  
XOR2X1             slow          26.611200      37    984.614412  
XOR2XL             slow          26.611200       1     26.611200  
-----------------------------------------------------------------------------
Total 58 references                                 21418.689917

****************************************
Design: recam_2r2c_pattern_analyzer 
****************************************
Reference          Library       Unit Area   Count    Total Area   Attributes
-----------------------------------------------------------------------------
INVX1              slow           6.652800       2     13.305600  
NAND2BX1           slow          13.305600       1     13.305600  
NAND2X1            slow           9.979200       1      9.979200  
NOR2X1             slow           9.979200       1      9.979200  
NOR4BX2            slow          33.264000       1     33.264000  
NOR4BXL            slow          19.958401       2     39.916801  
NOR4X1             slow          19.958401       2     39.916801  
NOR4X2             slow          29.937599       1     29.937599  
-----------------------------------------------------------------------------
Total 8 references                                    189.604803

****************************************
Design: recam_2r2c_pattern_encoder 
****************************************
Reference          Library       Unit Area   Count    Total Area   Attributes
-----------------------------------------------------------------------------
INVX1              slow           6.652800       3     19.958400  
NAND2X1            slow           9.979200       1      9.979200  
NAND3BX1           slow          16.632000       1     16.632000  
NAND3X1            slow          13.305600       3     39.916800  
NAND4X1            slow          16.632000       1     16.632000  
NOR2X1             slow           9.979200       1      9.979200  
OAI21XL            slow          13.305600       1     13.305600  
OAI211X1           slow          19.958401       1     19.958401  
-----------------------------------------------------------------------------
Total 8 references                                    146.361602
1
