 
****************************************
Report : timing
        -path full
        -delay max
        -max_paths 10
Design : recam_2r2c_analyzer
Version: W-2024.09-SP2
Date   : Wed Sep  9 20:29:19 2026
****************************************

Operating Conditions: slow   Library: slow
Wire Load Model Mode: top

  Startpoint: pivot_valid_i[1]
              (input port clocked by recam_boundary_clk)
  Endpoint: repairable_o
            (output port clocked by recam_boundary_clk)
  Path Group: recam_boundary_clk
  Path Type: max

  Des/Clust/Port     Wire Load Model       Library
  ------------------------------------------------
  recam_2r2c_analyzer
                     tsmc18_wl10           slow

  Point                                                   Incr       Path
  --------------------------------------------------------------------------
  clock recam_boundary_clk (rise edge)                    0.00       0.00
  clock network delay (ideal)                             0.00       0.00
  input external delay                                    0.00       0.00 r
  pivot_valid_i[1] (in)                                   0.00       0.00 r
  matrix_builder/pivot_valid_i[1] (recam_2r2c_matrix_builder_ADDR_W10_HYBRID_ENTRY_NUM4)
                                                          0.00       0.00 r
  matrix_builder/U902/Y (BUFX1)                           0.49       0.49 r
  matrix_builder/U1079/Y (XOR2XL)                         0.76       1.25 r
  matrix_builder/U1035/Y (XOR2X1)                         0.43       1.68 f
  matrix_builder/U1057/Y (NAND2XL)                        0.39       2.08 r
  matrix_builder/U633/Y (XOR2X1)                          0.48       2.56 f
  matrix_builder/U994/Y (NOR2X1)                          0.84       3.40 r
  matrix_builder/U984/Y (NAND2X1)                         1.00       4.40 f
  matrix_builder/U982/Y (NAND4XL)                         0.49       4.90 r
  matrix_builder/U409/Y (NAND4BXL)                        0.57       5.47 r
  matrix_builder/U104/Y (INVX1)                           0.29       5.76 f
  matrix_builder/U344/Y (NOR3X1)                          0.38       6.14 r
  matrix_builder/U552/Y (NAND4X1)                         0.49       6.63 f
  matrix_builder/U249/Y (NOR4BX1)                         0.39       7.02 f
  matrix_builder/U507/Y (NAND4X1)                         0.33       7.36 r
  matrix_builder/U993/Y (NAND4XL)                         0.28       7.63 f
  matrix_builder/U556/Y (OR4X2)                           0.52       8.16 f
  matrix_builder/U634/Y (NAND2X1)                         0.38       8.53 r
  matrix_builder/U662/Y (INVX1)                           0.31       8.85 f
  matrix_builder/U583/Y (NAND3X1)                         0.57       9.42 r
  matrix_builder/U582/Y (NAND2X1)                         0.42       9.84 f
  matrix_builder/U682/Y (NAND2X1)                         0.55      10.39 r
  matrix_builder/U266/Y (NOR2X1)                          0.41      10.80 f
  matrix_builder/U893/Y (NAND2X1)                         1.04      11.84 r
  matrix_builder/U1087/Y (OAI22XL)                        0.36      12.20 f
  matrix_builder/U131/Y (INVX1)                           0.34      12.53 r
  matrix_builder/U370/Y (XNOR2X1)                         0.33      12.87 f
  matrix_builder/U367/Y (NOR3X1)                          0.36      13.23 r
  matrix_builder/U560/Y (NAND4X1)                         0.41      13.65 f
  matrix_builder/U1270/Y (NAND4XL)                        0.39      14.04 r
  matrix_builder/U564/Y (OR4X2)                           0.33      14.37 r
  matrix_builder/U397/Y (NAND3X1)                         0.23      14.60 f
  matrix_builder/U391/Y (NOR3X1)                          0.35      14.95 r
  matrix_builder/U568/Y (NAND4X1)                         0.41      15.36 f
  matrix_builder/U575/Y (NAND2BX1)                        0.48      15.84 r
  matrix_builder/U668/Y (NAND2X1)                         0.62      16.46 f
  matrix_builder/U525/Y (NOR2BX1)                         0.55      17.01 f
  matrix_builder/U895/Y (NAND2X1)                         1.01      18.02 r
  matrix_builder/U974/Y (INVXL)                           0.24      18.26 f
  matrix_builder/U975/Y (INVXL)                           0.50      18.77 r
  matrix_builder/U877/Y (OR2X2)                           0.65      19.42 r
  matrix_builder/U896/Y (BUFX3)                           0.25      19.67 r
  matrix_builder/U1144/Y (OAI211X1)                       0.42      20.09 f
  matrix_builder/U8/Y (CLKINVX8)                          0.19      20.28 r
  matrix_builder/U7/Y (NOR2X2)                            0.26      20.53 f
  matrix_builder/U1191/Y (BUFX3)                          0.40      20.93 f
  matrix_builder/U985/Y (INVXL)                           0.47      21.40 r
  matrix_builder/U500/Y (NAND4X1)                         0.24      21.65 f
  matrix_builder/U624/Y (OR4X2)                           0.52      22.17 f
  matrix_builder/U486/Y (NAND3X1)                         0.26      22.43 r
  matrix_builder/U505/Y (NOR3X1)                          0.16      22.59 f
  matrix_builder/U628/Y (NAND4X1)                         0.36      22.95 r
  matrix_builder/U615/Y (NAND2BX1)                        0.33      23.28 f
  matrix_builder/U699/Y (NAND2X1)                         0.77      24.05 r
  matrix_builder/U489/Y (NAND2X1)                         0.39      24.44 f
  matrix_builder/U613/Y (NOR2X1)                          0.45      24.89 r
  matrix_builder/U700/Y (INVX1)                           0.41      25.30 f
  matrix_builder/U15/Y (NOR2X4)                           0.21      25.51 r
  matrix_builder/U13/Y (BUFX8)                            0.13      25.64 r
  matrix_builder/U978/Y (INVXL)                           0.09      25.74 f
  matrix_builder/U979/Y (INVXL)                           0.42      26.16 r
  matrix_builder/U889/Y (NOR2BX1)                         0.87      27.03 r
  matrix_builder/U914/Y (INVXL)                           0.23      27.26 f
  matrix_builder/U915/Y (INVXL)                           1.00      28.26 r
  matrix_builder/U1150/Y (AOI22XL)                        0.36      28.62 f
  matrix_builder/U310/Y (XNOR2X1)                         0.37      28.99 f
  matrix_builder/U307/Y (NOR3X1)                          0.37      29.36 r
  matrix_builder/U535/Y (NAND4X1)                         0.41      29.77 f
  matrix_builder/U199/Y (NAND2X1)                         0.29      30.07 r
  matrix_builder/U445/Y (AOI211X1)                        0.14      30.21 f
  matrix_builder/U442/Y (NAND3X1)                         0.34      30.55 r
  matrix_builder/U438/Y (NAND3X1)                         0.27      30.82 f
  matrix_builder/U319/Y (NOR3X1)                          0.35      31.17 r
  matrix_builder/U539/Y (NAND4X1)                         0.41      31.58 f
  matrix_builder/U597/Y (NAND2BX1)                        0.57      32.15 r
  matrix_builder/U655/Y (NAND2X1)                         0.55      32.70 f
  matrix_builder/U693/Y (NAND2BX1)                        0.53      33.23 r
  matrix_builder/U801/Y (OAI31X1)                         0.23      33.46 f
  matrix_builder/U800/Y (AOI21X1)                         0.29      33.75 r
  matrix_builder/U799/Y (INVX1)                           0.32      34.08 f
  matrix_builder/U787/Y (AOI22X1)                         0.39      34.46 r
  matrix_builder/U857/Y (OAI222XL)                        0.30      34.77 f
  matrix_builder/U855/Y (OR4X2)                           0.71      35.48 f
  matrix_builder/matrix_flat_o[13] (recam_2r2c_matrix_builder_ADDR_W10_HYBRID_ENTRY_NUM4)
                                                          0.00      35.48 f
  pattern_analyzer/matrix_flat_i[13] (recam_2r2c_pattern_analyzer)
                                                          0.00      35.48 f
  pattern_analyzer/U7/Y (NOR4BX2)                         0.91      36.40 r
  pattern_analyzer/candidate_valid_o[1] (recam_2r2c_pattern_analyzer)
                                                          0.00      36.40 r
  pattern_encoder/candidate_valid_i[1] (recam_2r2c_pattern_encoder)
                                                          0.00      36.40 r
  pattern_encoder/U8/Y (NOR2X1)                           0.60      37.00 f
  pattern_encoder/U5/Y (NAND3X1)                          0.39      37.39 r
  pattern_encoder/U4/Y (NAND2X1)                          0.24      37.64 f
  pattern_encoder/U3/Y (INVX1)                            0.31      37.95 r
  pattern_encoder/U7/Y (NAND3X1)                          0.36      38.31 f
  pattern_encoder/U6/Y (NAND4X1)                          0.46      38.76 r
  pattern_encoder/U13/Y (NAND3X1)                         0.51      39.28 f
  pattern_encoder/U14/Y (NAND3BX1)                        0.70      39.97 f
  pattern_encoder/repairable_o (recam_2r2c_pattern_encoder)
                                                          0.00      39.97 f
  repairable_o (out)                                      0.00      39.97 f
  data arrival time                                                 39.97

  clock recam_boundary_clk (rise edge)                   40.00      40.00
  clock network delay (ideal)                             0.00      40.00
  output external delay                                   0.00      40.00
  data required time                                                40.00
  --------------------------------------------------------------------------
  data required time                                                40.00
  data arrival time                                                -39.97
  --------------------------------------------------------------------------
  slack (MET)                                                        0.03


  Startpoint: pivot_valid_i[1]
              (input port clocked by recam_boundary_clk)
  Endpoint: pattern_id_o[1]
            (output port clocked by recam_boundary_clk)
  Path Group: recam_boundary_clk
  Path Type: max

  Des/Clust/Port     Wire Load Model       Library
  ------------------------------------------------
  recam_2r2c_analyzer
                     tsmc18_wl10           slow

  Point                                                   Incr       Path
  --------------------------------------------------------------------------
  clock recam_boundary_clk (rise edge)                    0.00       0.00
  clock network delay (ideal)                             0.00       0.00
  input external delay                                    0.00       0.00 r
  pivot_valid_i[1] (in)                                   0.00       0.00 r
  matrix_builder/pivot_valid_i[1] (recam_2r2c_matrix_builder_ADDR_W10_HYBRID_ENTRY_NUM4)
                                                          0.00       0.00 r
  matrix_builder/U902/Y (BUFX1)                           0.49       0.49 r
  matrix_builder/U1079/Y (XOR2XL)                         0.76       1.25 r
  matrix_builder/U1035/Y (XOR2X1)                         0.43       1.68 f
  matrix_builder/U1057/Y (NAND2XL)                        0.39       2.08 r
  matrix_builder/U633/Y (XOR2X1)                          0.48       2.56 f
  matrix_builder/U994/Y (NOR2X1)                          0.84       3.40 r
  matrix_builder/U984/Y (NAND2X1)                         1.00       4.40 f
  matrix_builder/U982/Y (NAND4XL)                         0.49       4.90 r
  matrix_builder/U409/Y (NAND4BXL)                        0.57       5.47 r
  matrix_builder/U104/Y (INVX1)                           0.29       5.76 f
  matrix_builder/U344/Y (NOR3X1)                          0.38       6.14 r
  matrix_builder/U552/Y (NAND4X1)                         0.49       6.63 f
  matrix_builder/U249/Y (NOR4BX1)                         0.39       7.02 f
  matrix_builder/U507/Y (NAND4X1)                         0.33       7.36 r
  matrix_builder/U993/Y (NAND4XL)                         0.28       7.63 f
  matrix_builder/U556/Y (OR4X2)                           0.52       8.16 f
  matrix_builder/U634/Y (NAND2X1)                         0.38       8.53 r
  matrix_builder/U662/Y (INVX1)                           0.31       8.85 f
  matrix_builder/U583/Y (NAND3X1)                         0.57       9.42 r
  matrix_builder/U582/Y (NAND2X1)                         0.42       9.84 f
  matrix_builder/U682/Y (NAND2X1)                         0.55      10.39 r
  matrix_builder/U266/Y (NOR2X1)                          0.41      10.80 f
  matrix_builder/U893/Y (NAND2X1)                         1.04      11.84 r
  matrix_builder/U1087/Y (OAI22XL)                        0.36      12.20 f
  matrix_builder/U131/Y (INVX1)                           0.34      12.53 r
  matrix_builder/U370/Y (XNOR2X1)                         0.33      12.87 f
  matrix_builder/U367/Y (NOR3X1)                          0.36      13.23 r
  matrix_builder/U560/Y (NAND4X1)                         0.41      13.65 f
  matrix_builder/U1270/Y (NAND4XL)                        0.39      14.04 r
  matrix_builder/U564/Y (OR4X2)                           0.33      14.37 r
  matrix_builder/U397/Y (NAND3X1)                         0.23      14.60 f
  matrix_builder/U391/Y (NOR3X1)                          0.35      14.95 r
  matrix_builder/U568/Y (NAND4X1)                         0.41      15.36 f
  matrix_builder/U575/Y (NAND2BX1)                        0.48      15.84 r
  matrix_builder/U668/Y (NAND2X1)                         0.62      16.46 f
  matrix_builder/U525/Y (NOR2BX1)                         0.55      17.01 f
  matrix_builder/U895/Y (NAND2X1)                         1.01      18.02 r
  matrix_builder/U974/Y (INVXL)                           0.24      18.26 f
  matrix_builder/U975/Y (INVXL)                           0.50      18.77 r
  matrix_builder/U877/Y (OR2X2)                           0.65      19.42 r
  matrix_builder/U896/Y (BUFX3)                           0.25      19.67 r
  matrix_builder/U1144/Y (OAI211X1)                       0.42      20.09 f
  matrix_builder/U8/Y (CLKINVX8)                          0.19      20.28 r
  matrix_builder/U7/Y (NOR2X2)                            0.26      20.53 f
  matrix_builder/U1191/Y (BUFX3)                          0.40      20.93 f
  matrix_builder/U985/Y (INVXL)                           0.47      21.40 r
  matrix_builder/U500/Y (NAND4X1)                         0.24      21.65 f
  matrix_builder/U624/Y (OR4X2)                           0.52      22.17 f
  matrix_builder/U486/Y (NAND3X1)                         0.26      22.43 r
  matrix_builder/U505/Y (NOR3X1)                          0.16      22.59 f
  matrix_builder/U628/Y (NAND4X1)                         0.36      22.95 r
  matrix_builder/U615/Y (NAND2BX1)                        0.33      23.28 f
  matrix_builder/U699/Y (NAND2X1)                         0.77      24.05 r
  matrix_builder/U489/Y (NAND2X1)                         0.39      24.44 f
  matrix_builder/U613/Y (NOR2X1)                          0.45      24.89 r
  matrix_builder/U700/Y (INVX1)                           0.41      25.30 f
  matrix_builder/U15/Y (NOR2X4)                           0.21      25.51 r
  matrix_builder/U13/Y (BUFX8)                            0.13      25.64 r
  matrix_builder/U978/Y (INVXL)                           0.09      25.74 f
  matrix_builder/U979/Y (INVXL)                           0.42      26.16 r
  matrix_builder/U889/Y (NOR2BX1)                         0.87      27.03 r
  matrix_builder/U914/Y (INVXL)                           0.23      27.26 f
  matrix_builder/U915/Y (INVXL)                           1.00      28.26 r
  matrix_builder/U1150/Y (AOI22XL)                        0.36      28.62 f
  matrix_builder/U310/Y (XNOR2X1)                         0.37      28.99 f
  matrix_builder/U307/Y (NOR3X1)                          0.37      29.36 r
  matrix_builder/U535/Y (NAND4X1)                         0.41      29.77 f
  matrix_builder/U199/Y (NAND2X1)                         0.29      30.07 r
  matrix_builder/U445/Y (AOI211X1)                        0.14      30.21 f
  matrix_builder/U442/Y (NAND3X1)                         0.34      30.55 r
  matrix_builder/U438/Y (NAND3X1)                         0.27      30.82 f
  matrix_builder/U319/Y (NOR3X1)                          0.35      31.17 r
  matrix_builder/U539/Y (NAND4X1)                         0.41      31.58 f
  matrix_builder/U656/Y (NAND2X1)                         0.47      32.05 r
  matrix_builder/U695/Y (INVX1)                           0.25      32.30 f
  matrix_builder/U652/Y (NOR2X1)                          0.85      33.15 r
  matrix_builder/U651/Y (INVX1)                           0.19      33.34 f
  matrix_builder/U650/Y (OAI221XL)                        1.12      34.46 r
  matrix_builder/U739/Y (AOI22X1)                         0.30      34.76 f
  matrix_builder/U829/Y (OAI222XL)                        0.41      35.17 r
  matrix_builder/U827/Y (OR4X2)                           0.58      35.76 r
  matrix_builder/matrix_flat_o[6] (recam_2r2c_matrix_builder_ADDR_W10_HYBRID_ENTRY_NUM4)
                                                          0.00      35.76 r
  pattern_analyzer/matrix_flat_i[6] (recam_2r2c_pattern_analyzer)
                                                          0.00      35.76 r
  pattern_analyzer/U8/Y (NOR4X2)                          0.36      36.12 f
  pattern_analyzer/candidate_valid_o[2] (recam_2r2c_pattern_analyzer)
                                                          0.00      36.12 f
  pattern_encoder/candidate_valid_i[2] (recam_2r2c_pattern_encoder)
                                                          0.00      36.12 f
  pattern_encoder/U8/Y (NOR2X1)                           0.87      37.00 r
  pattern_encoder/U5/Y (NAND3X1)                          0.41      37.40 f
  pattern_encoder/U4/Y (NAND2X1)                          0.36      37.76 r
  pattern_encoder/U3/Y (INVX1)                            0.22      37.98 f
  pattern_encoder/U7/Y (NAND3X1)                          0.37      38.35 r
  pattern_encoder/U6/Y (NAND4X1)                          0.32      38.67 f
  pattern_encoder/U12/Y (OAI21XL)                         0.79      39.46 r
  pattern_encoder/pattern_id_o[1] (recam_2r2c_pattern_encoder)
                                                          0.00      39.46 r
  pattern_id_o[1] (out)                                   0.00      39.46 r
  data arrival time                                                 39.46

  clock recam_boundary_clk (rise edge)                   40.00      40.00
  clock network delay (ideal)                             0.00      40.00
  output external delay                                   0.00      40.00
  data required time                                                40.00
  --------------------------------------------------------------------------
  data required time                                                40.00
  data arrival time                                                -39.46
  --------------------------------------------------------------------------
  slack (MET)                                                        0.54


  Startpoint: pivot_valid_i[1]
              (input port clocked by recam_boundary_clk)
  Endpoint: pattern_id_o[2]
            (output port clocked by recam_boundary_clk)
  Path Group: recam_boundary_clk
  Path Type: max

  Des/Clust/Port     Wire Load Model       Library
  ------------------------------------------------
  recam_2r2c_analyzer
                     tsmc18_wl10           slow

  Point                                                   Incr       Path
  --------------------------------------------------------------------------
  clock recam_boundary_clk (rise edge)                    0.00       0.00
  clock network delay (ideal)                             0.00       0.00
  input external delay                                    0.00       0.00 r
  pivot_valid_i[1] (in)                                   0.00       0.00 r
  matrix_builder/pivot_valid_i[1] (recam_2r2c_matrix_builder_ADDR_W10_HYBRID_ENTRY_NUM4)
                                                          0.00       0.00 r
  matrix_builder/U902/Y (BUFX1)                           0.49       0.49 r
  matrix_builder/U1079/Y (XOR2XL)                         0.76       1.25 r
  matrix_builder/U1035/Y (XOR2X1)                         0.43       1.68 f
  matrix_builder/U1057/Y (NAND2XL)                        0.39       2.08 r
  matrix_builder/U633/Y (XOR2X1)                          0.48       2.56 f
  matrix_builder/U994/Y (NOR2X1)                          0.84       3.40 r
  matrix_builder/U984/Y (NAND2X1)                         1.00       4.40 f
  matrix_builder/U982/Y (NAND4XL)                         0.49       4.90 r
  matrix_builder/U409/Y (NAND4BXL)                        0.57       5.47 r
  matrix_builder/U104/Y (INVX1)                           0.29       5.76 f
  matrix_builder/U344/Y (NOR3X1)                          0.38       6.14 r
  matrix_builder/U552/Y (NAND4X1)                         0.49       6.63 f
  matrix_builder/U249/Y (NOR4BX1)                         0.39       7.02 f
  matrix_builder/U507/Y (NAND4X1)                         0.33       7.36 r
  matrix_builder/U993/Y (NAND4XL)                         0.28       7.63 f
  matrix_builder/U556/Y (OR4X2)                           0.52       8.16 f
  matrix_builder/U634/Y (NAND2X1)                         0.38       8.53 r
  matrix_builder/U662/Y (INVX1)                           0.31       8.85 f
  matrix_builder/U583/Y (NAND3X1)                         0.57       9.42 r
  matrix_builder/U582/Y (NAND2X1)                         0.42       9.84 f
  matrix_builder/U682/Y (NAND2X1)                         0.55      10.39 r
  matrix_builder/U266/Y (NOR2X1)                          0.41      10.80 f
  matrix_builder/U893/Y (NAND2X1)                         1.04      11.84 r
  matrix_builder/U1087/Y (OAI22XL)                        0.36      12.20 f
  matrix_builder/U131/Y (INVX1)                           0.34      12.53 r
  matrix_builder/U370/Y (XNOR2X1)                         0.33      12.87 f
  matrix_builder/U367/Y (NOR3X1)                          0.36      13.23 r
  matrix_builder/U560/Y (NAND4X1)                         0.41      13.65 f
  matrix_builder/U1270/Y (NAND4XL)                        0.39      14.04 r
  matrix_builder/U564/Y (OR4X2)                           0.33      14.37 r
  matrix_builder/U397/Y (NAND3X1)                         0.23      14.60 f
  matrix_builder/U391/Y (NOR3X1)                          0.35      14.95 r
  matrix_builder/U568/Y (NAND4X1)                         0.41      15.36 f
  matrix_builder/U575/Y (NAND2BX1)                        0.48      15.84 r
  matrix_builder/U668/Y (NAND2X1)                         0.62      16.46 f
  matrix_builder/U525/Y (NOR2BX1)                         0.55      17.01 f
  matrix_builder/U895/Y (NAND2X1)                         1.01      18.02 r
  matrix_builder/U974/Y (INVXL)                           0.24      18.26 f
  matrix_builder/U975/Y (INVXL)                           0.50      18.77 r
  matrix_builder/U877/Y (OR2X2)                           0.65      19.42 r
  matrix_builder/U896/Y (BUFX3)                           0.25      19.67 r
  matrix_builder/U1144/Y (OAI211X1)                       0.42      20.09 f
  matrix_builder/U8/Y (CLKINVX8)                          0.19      20.28 r
  matrix_builder/U7/Y (NOR2X2)                            0.26      20.53 f
  matrix_builder/U1191/Y (BUFX3)                          0.40      20.93 f
  matrix_builder/U985/Y (INVXL)                           0.47      21.40 r
  matrix_builder/U500/Y (NAND4X1)                         0.24      21.65 f
  matrix_builder/U624/Y (OR4X2)                           0.52      22.17 f
  matrix_builder/U486/Y (NAND3X1)                         0.26      22.43 r
  matrix_builder/U505/Y (NOR3X1)                          0.16      22.59 f
  matrix_builder/U628/Y (NAND4X1)                         0.36      22.95 r
  matrix_builder/U615/Y (NAND2BX1)                        0.33      23.28 f
  matrix_builder/U699/Y (NAND2X1)                         0.77      24.05 r
  matrix_builder/U489/Y (NAND2X1)                         0.39      24.44 f
  matrix_builder/U613/Y (NOR2X1)                          0.45      24.89 r
  matrix_builder/U700/Y (INVX1)                           0.41      25.30 f
  matrix_builder/U15/Y (NOR2X4)                           0.21      25.51 r
  matrix_builder/U13/Y (BUFX8)                            0.13      25.64 r
  matrix_builder/U978/Y (INVXL)                           0.09      25.74 f
  matrix_builder/U979/Y (INVXL)                           0.42      26.16 r
  matrix_builder/U889/Y (NOR2BX1)                         0.87      27.03 r
  matrix_builder/U914/Y (INVXL)                           0.23      27.26 f
  matrix_builder/U915/Y (INVXL)                           1.00      28.26 r
  matrix_builder/U1150/Y (AOI22XL)                        0.36      28.62 f
  matrix_builder/U310/Y (XNOR2X1)                         0.37      28.99 f
  matrix_builder/U307/Y (NOR3X1)                          0.37      29.36 r
  matrix_builder/U535/Y (NAND4X1)                         0.41      29.77 f
  matrix_builder/U199/Y (NAND2X1)                         0.29      30.07 r
  matrix_builder/U445/Y (AOI211X1)                        0.14      30.21 f
  matrix_builder/U442/Y (NAND3X1)                         0.34      30.55 r
  matrix_builder/U438/Y (NAND3X1)                         0.27      30.82 f
  matrix_builder/U319/Y (NOR3X1)                          0.35      31.17 r
  matrix_builder/U539/Y (NAND4X1)                         0.41      31.58 f
  matrix_builder/U656/Y (NAND2X1)                         0.47      32.05 r
  matrix_builder/U695/Y (INVX1)                           0.25      32.30 f
  matrix_builder/U652/Y (NOR2X1)                          0.85      33.15 r
  matrix_builder/U651/Y (INVX1)                           0.19      33.34 f
  matrix_builder/U650/Y (OAI221XL)                        1.12      34.46 r
  matrix_builder/U739/Y (AOI22X1)                         0.30      34.76 f
  matrix_builder/U829/Y (OAI222XL)                        0.41      35.17 r
  matrix_builder/U827/Y (OR4X2)                           0.58      35.76 r
  matrix_builder/matrix_flat_o[6] (recam_2r2c_matrix_builder_ADDR_W10_HYBRID_ENTRY_NUM4)
                                                          0.00      35.76 r
  pattern_analyzer/matrix_flat_i[6] (recam_2r2c_pattern_analyzer)
                                                          0.00      35.76 r
  pattern_analyzer/U8/Y (NOR4X2)                          0.36      36.12 f
  pattern_analyzer/candidate_valid_o[2] (recam_2r2c_pattern_analyzer)
                                                          0.00      36.12 f
  pattern_encoder/candidate_valid_i[2] (recam_2r2c_pattern_encoder)
                                                          0.00      36.12 f
  pattern_encoder/U8/Y (NOR2X1)                           0.87      37.00 r
  pattern_encoder/U5/Y (NAND3X1)                          0.41      37.40 f
  pattern_encoder/U4/Y (NAND2X1)                          0.36      37.76 r
  pattern_encoder/U3/Y (INVX1)                            0.22      37.98 f
  pattern_encoder/U7/Y (NAND3X1)                          0.37      38.35 r
  pattern_encoder/U6/Y (NAND4X1)                          0.32      38.67 f
  pattern_encoder/U13/Y (NAND3X1)                         0.69      39.36 r
  pattern_encoder/pattern_id_o[2] (recam_2r2c_pattern_encoder)
                                                          0.00      39.36 r
  pattern_id_o[2] (out)                                   0.00      39.36 r
  data arrival time                                                 39.36

  clock recam_boundary_clk (rise edge)                   40.00      40.00
  clock network delay (ideal)                             0.00      40.00
  output external delay                                   0.00      40.00
  data required time                                                40.00
  --------------------------------------------------------------------------
  data required time                                                40.00
  data arrival time                                                -39.36
  --------------------------------------------------------------------------
  slack (MET)                                                        0.64


  Startpoint: pivot_valid_i[1]
              (input port clocked by recam_boundary_clk)
  Endpoint: pattern_id_o[0]
            (output port clocked by recam_boundary_clk)
  Path Group: recam_boundary_clk
  Path Type: max

  Des/Clust/Port     Wire Load Model       Library
  ------------------------------------------------
  recam_2r2c_analyzer
                     tsmc18_wl10           slow

  Point                                                   Incr       Path
  --------------------------------------------------------------------------
  clock recam_boundary_clk (rise edge)                    0.00       0.00
  clock network delay (ideal)                             0.00       0.00
  input external delay                                    0.00       0.00 r
  pivot_valid_i[1] (in)                                   0.00       0.00 r
  matrix_builder/pivot_valid_i[1] (recam_2r2c_matrix_builder_ADDR_W10_HYBRID_ENTRY_NUM4)
                                                          0.00       0.00 r
  matrix_builder/U902/Y (BUFX1)                           0.49       0.49 r
  matrix_builder/U1079/Y (XOR2XL)                         0.76       1.25 r
  matrix_builder/U1035/Y (XOR2X1)                         0.43       1.68 f
  matrix_builder/U1057/Y (NAND2XL)                        0.39       2.08 r
  matrix_builder/U633/Y (XOR2X1)                          0.48       2.56 f
  matrix_builder/U994/Y (NOR2X1)                          0.84       3.40 r
  matrix_builder/U984/Y (NAND2X1)                         1.00       4.40 f
  matrix_builder/U982/Y (NAND4XL)                         0.49       4.90 r
  matrix_builder/U409/Y (NAND4BXL)                        0.57       5.47 r
  matrix_builder/U104/Y (INVX1)                           0.29       5.76 f
  matrix_builder/U344/Y (NOR3X1)                          0.38       6.14 r
  matrix_builder/U552/Y (NAND4X1)                         0.49       6.63 f
  matrix_builder/U249/Y (NOR4BX1)                         0.39       7.02 f
  matrix_builder/U507/Y (NAND4X1)                         0.33       7.36 r
  matrix_builder/U993/Y (NAND4XL)                         0.28       7.63 f
  matrix_builder/U556/Y (OR4X2)                           0.52       8.16 f
  matrix_builder/U634/Y (NAND2X1)                         0.38       8.53 r
  matrix_builder/U662/Y (INVX1)                           0.31       8.85 f
  matrix_builder/U583/Y (NAND3X1)                         0.57       9.42 r
  matrix_builder/U582/Y (NAND2X1)                         0.42       9.84 f
  matrix_builder/U682/Y (NAND2X1)                         0.55      10.39 r
  matrix_builder/U266/Y (NOR2X1)                          0.41      10.80 f
  matrix_builder/U893/Y (NAND2X1)                         1.04      11.84 r
  matrix_builder/U1087/Y (OAI22XL)                        0.36      12.20 f
  matrix_builder/U131/Y (INVX1)                           0.34      12.53 r
  matrix_builder/U370/Y (XNOR2X1)                         0.33      12.87 f
  matrix_builder/U367/Y (NOR3X1)                          0.36      13.23 r
  matrix_builder/U560/Y (NAND4X1)                         0.41      13.65 f
  matrix_builder/U1270/Y (NAND4XL)                        0.39      14.04 r
  matrix_builder/U564/Y (OR4X2)                           0.33      14.37 r
  matrix_builder/U397/Y (NAND3X1)                         0.23      14.60 f
  matrix_builder/U391/Y (NOR3X1)                          0.35      14.95 r
  matrix_builder/U568/Y (NAND4X1)                         0.41      15.36 f
  matrix_builder/U575/Y (NAND2BX1)                        0.48      15.84 r
  matrix_builder/U668/Y (NAND2X1)                         0.62      16.46 f
  matrix_builder/U525/Y (NOR2BX1)                         0.55      17.01 f
  matrix_builder/U895/Y (NAND2X1)                         1.01      18.02 r
  matrix_builder/U974/Y (INVXL)                           0.24      18.26 f
  matrix_builder/U975/Y (INVXL)                           0.50      18.77 r
  matrix_builder/U877/Y (OR2X2)                           0.65      19.42 r
  matrix_builder/U896/Y (BUFX3)                           0.25      19.67 r
  matrix_builder/U1144/Y (OAI211X1)                       0.42      20.09 f
  matrix_builder/U8/Y (CLKINVX8)                          0.19      20.28 r
  matrix_builder/U7/Y (NOR2X2)                            0.26      20.53 f
  matrix_builder/U1191/Y (BUFX3)                          0.40      20.93 f
  matrix_builder/U985/Y (INVXL)                           0.47      21.40 r
  matrix_builder/U500/Y (NAND4X1)                         0.24      21.65 f
  matrix_builder/U624/Y (OR4X2)                           0.52      22.17 f
  matrix_builder/U486/Y (NAND3X1)                         0.26      22.43 r
  matrix_builder/U505/Y (NOR3X1)                          0.16      22.59 f
  matrix_builder/U628/Y (NAND4X1)                         0.36      22.95 r
  matrix_builder/U615/Y (NAND2BX1)                        0.33      23.28 f
  matrix_builder/U699/Y (NAND2X1)                         0.77      24.05 r
  matrix_builder/U489/Y (NAND2X1)                         0.39      24.44 f
  matrix_builder/U613/Y (NOR2X1)                          0.45      24.89 r
  matrix_builder/U700/Y (INVX1)                           0.41      25.30 f
  matrix_builder/U15/Y (NOR2X4)                           0.21      25.51 r
  matrix_builder/U13/Y (BUFX8)                            0.13      25.64 r
  matrix_builder/U978/Y (INVXL)                           0.09      25.74 f
  matrix_builder/U979/Y (INVXL)                           0.42      26.16 r
  matrix_builder/U889/Y (NOR2BX1)                         0.87      27.03 r
  matrix_builder/U914/Y (INVXL)                           0.23      27.26 f
  matrix_builder/U915/Y (INVXL)                           1.00      28.26 r
  matrix_builder/U1150/Y (AOI22XL)                        0.36      28.62 f
  matrix_builder/U310/Y (XNOR2X1)                         0.37      28.99 f
  matrix_builder/U307/Y (NOR3X1)                          0.37      29.36 r
  matrix_builder/U535/Y (NAND4X1)                         0.41      29.77 f
  matrix_builder/U199/Y (NAND2X1)                         0.29      30.07 r
  matrix_builder/U445/Y (AOI211X1)                        0.14      30.21 f
  matrix_builder/U442/Y (NAND3X1)                         0.34      30.55 r
  matrix_builder/U438/Y (NAND3X1)                         0.27      30.82 f
  matrix_builder/U319/Y (NOR3X1)                          0.35      31.17 r
  matrix_builder/U539/Y (NAND4X1)                         0.41      31.58 f
  matrix_builder/U597/Y (NAND2BX1)                        0.57      32.15 r
  matrix_builder/U655/Y (NAND2X1)                         0.55      32.70 f
  matrix_builder/U693/Y (NAND2BX1)                        0.53      33.23 r
  matrix_builder/U801/Y (OAI31X1)                         0.23      33.46 f
  matrix_builder/U800/Y (AOI21X1)                         0.29      33.75 r
  matrix_builder/U799/Y (INVX1)                           0.32      34.08 f
  matrix_builder/U787/Y (AOI22X1)                         0.39      34.46 r
  matrix_builder/U857/Y (OAI222XL)                        0.30      34.77 f
  matrix_builder/U855/Y (OR4X2)                           0.71      35.48 f
  matrix_builder/matrix_flat_o[13] (recam_2r2c_matrix_builder_ADDR_W10_HYBRID_ENTRY_NUM4)
                                                          0.00      35.48 f
  pattern_analyzer/matrix_flat_i[13] (recam_2r2c_pattern_analyzer)
                                                          0.00      35.48 f
  pattern_analyzer/U7/Y (NOR4BX2)                         0.91      36.40 r
  pattern_analyzer/candidate_valid_o[1] (recam_2r2c_pattern_analyzer)
                                                          0.00      36.40 r
  pattern_encoder/candidate_valid_i[1] (recam_2r2c_pattern_encoder)
                                                          0.00      36.40 r
  pattern_encoder/U8/Y (NOR2X1)                           0.60      37.00 f
  pattern_encoder/U5/Y (NAND3X1)                          0.39      37.39 r
  pattern_encoder/U4/Y (NAND2X1)                          0.24      37.64 f
  pattern_encoder/U3/Y (INVX1)                            0.31      37.95 r
  pattern_encoder/U7/Y (NAND3X1)                          0.36      38.31 f
  pattern_encoder/U10/Y (OAI211X1)                        0.63      38.94 r
  pattern_encoder/pattern_id_o[0] (recam_2r2c_pattern_encoder)
                                                          0.00      38.94 r
  pattern_id_o[0] (out)                                   0.00      38.94 r
  data arrival time                                                 38.94

  clock recam_boundary_clk (rise edge)                   40.00      40.00
  clock network delay (ideal)                             0.00      40.00
  output external delay                                   0.00      40.00
  data required time                                                40.00
  --------------------------------------------------------------------------
  data required time                                                40.00
  data arrival time                                                -38.94
  --------------------------------------------------------------------------
  slack (MET)                                                        1.06


  Startpoint: pivot_valid_i[1]
              (input port clocked by recam_boundary_clk)
  Endpoint: candidate_valid_o[4]
            (output port clocked by recam_boundary_clk)
  Path Group: recam_boundary_clk
  Path Type: max

  Des/Clust/Port     Wire Load Model       Library
  ------------------------------------------------
  recam_2r2c_analyzer
                     tsmc18_wl10           slow

  Point                                                   Incr       Path
  --------------------------------------------------------------------------
  clock recam_boundary_clk (rise edge)                    0.00       0.00
  clock network delay (ideal)                             0.00       0.00
  input external delay                                    0.00       0.00 r
  pivot_valid_i[1] (in)                                   0.00       0.00 r
  matrix_builder/pivot_valid_i[1] (recam_2r2c_matrix_builder_ADDR_W10_HYBRID_ENTRY_NUM4)
                                                          0.00       0.00 r
  matrix_builder/U902/Y (BUFX1)                           0.49       0.49 r
  matrix_builder/U1079/Y (XOR2XL)                         0.76       1.25 r
  matrix_builder/U1035/Y (XOR2X1)                         0.43       1.68 f
  matrix_builder/U1057/Y (NAND2XL)                        0.39       2.08 r
  matrix_builder/U633/Y (XOR2X1)                          0.48       2.56 f
  matrix_builder/U994/Y (NOR2X1)                          0.84       3.40 r
  matrix_builder/U984/Y (NAND2X1)                         1.00       4.40 f
  matrix_builder/U982/Y (NAND4XL)                         0.49       4.90 r
  matrix_builder/U409/Y (NAND4BXL)                        0.57       5.47 r
  matrix_builder/U104/Y (INVX1)                           0.29       5.76 f
  matrix_builder/U344/Y (NOR3X1)                          0.38       6.14 r
  matrix_builder/U552/Y (NAND4X1)                         0.49       6.63 f
  matrix_builder/U249/Y (NOR4BX1)                         0.39       7.02 f
  matrix_builder/U507/Y (NAND4X1)                         0.33       7.36 r
  matrix_builder/U993/Y (NAND4XL)                         0.28       7.63 f
  matrix_builder/U556/Y (OR4X2)                           0.52       8.16 f
  matrix_builder/U634/Y (NAND2X1)                         0.38       8.53 r
  matrix_builder/U662/Y (INVX1)                           0.31       8.85 f
  matrix_builder/U583/Y (NAND3X1)                         0.57       9.42 r
  matrix_builder/U582/Y (NAND2X1)                         0.42       9.84 f
  matrix_builder/U682/Y (NAND2X1)                         0.55      10.39 r
  matrix_builder/U266/Y (NOR2X1)                          0.41      10.80 f
  matrix_builder/U893/Y (NAND2X1)                         1.04      11.84 r
  matrix_builder/U1087/Y (OAI22XL)                        0.36      12.20 f
  matrix_builder/U131/Y (INVX1)                           0.34      12.53 r
  matrix_builder/U370/Y (XNOR2X1)                         0.33      12.87 f
  matrix_builder/U367/Y (NOR3X1)                          0.36      13.23 r
  matrix_builder/U560/Y (NAND4X1)                         0.41      13.65 f
  matrix_builder/U1270/Y (NAND4XL)                        0.39      14.04 r
  matrix_builder/U564/Y (OR4X2)                           0.33      14.37 r
  matrix_builder/U397/Y (NAND3X1)                         0.23      14.60 f
  matrix_builder/U391/Y (NOR3X1)                          0.35      14.95 r
  matrix_builder/U568/Y (NAND4X1)                         0.41      15.36 f
  matrix_builder/U575/Y (NAND2BX1)                        0.48      15.84 r
  matrix_builder/U668/Y (NAND2X1)                         0.62      16.46 f
  matrix_builder/U525/Y (NOR2BX1)                         0.55      17.01 f
  matrix_builder/U895/Y (NAND2X1)                         1.01      18.02 r
  matrix_builder/U974/Y (INVXL)                           0.24      18.26 f
  matrix_builder/U975/Y (INVXL)                           0.50      18.77 r
  matrix_builder/U877/Y (OR2X2)                           0.65      19.42 r
  matrix_builder/U896/Y (BUFX3)                           0.25      19.67 r
  matrix_builder/U1144/Y (OAI211X1)                       0.42      20.09 f
  matrix_builder/U8/Y (CLKINVX8)                          0.19      20.28 r
  matrix_builder/U7/Y (NOR2X2)                            0.26      20.53 f
  matrix_builder/U1191/Y (BUFX3)                          0.40      20.93 f
  matrix_builder/U985/Y (INVXL)                           0.47      21.40 r
  matrix_builder/U500/Y (NAND4X1)                         0.24      21.65 f
  matrix_builder/U624/Y (OR4X2)                           0.52      22.17 f
  matrix_builder/U486/Y (NAND3X1)                         0.26      22.43 r
  matrix_builder/U505/Y (NOR3X1)                          0.16      22.59 f
  matrix_builder/U628/Y (NAND4X1)                         0.36      22.95 r
  matrix_builder/U615/Y (NAND2BX1)                        0.33      23.28 f
  matrix_builder/U699/Y (NAND2X1)                         0.77      24.05 r
  matrix_builder/U489/Y (NAND2X1)                         0.39      24.44 f
  matrix_builder/U613/Y (NOR2X1)                          0.45      24.89 r
  matrix_builder/U700/Y (INVX1)                           0.41      25.30 f
  matrix_builder/U15/Y (NOR2X4)                           0.21      25.51 r
  matrix_builder/U13/Y (BUFX8)                            0.13      25.64 r
  matrix_builder/U978/Y (INVXL)                           0.09      25.74 f
  matrix_builder/U979/Y (INVXL)                           0.42      26.16 r
  matrix_builder/U889/Y (NOR2BX1)                         0.87      27.03 r
  matrix_builder/U914/Y (INVXL)                           0.23      27.26 f
  matrix_builder/U915/Y (INVXL)                           1.00      28.26 r
  matrix_builder/U1150/Y (AOI22XL)                        0.36      28.62 f
  matrix_builder/U310/Y (XNOR2X1)                         0.37      28.99 f
  matrix_builder/U307/Y (NOR3X1)                          0.37      29.36 r
  matrix_builder/U535/Y (NAND4X1)                         0.41      29.77 f
  matrix_builder/U199/Y (NAND2X1)                         0.29      30.07 r
  matrix_builder/U445/Y (AOI211X1)                        0.14      30.21 f
  matrix_builder/U442/Y (NAND3X1)                         0.34      30.55 r
  matrix_builder/U438/Y (NAND3X1)                         0.27      30.82 f
  matrix_builder/U319/Y (NOR3X1)                          0.35      31.17 r
  matrix_builder/U539/Y (NAND4X1)                         0.41      31.58 f
  matrix_builder/U597/Y (NAND2BX1)                        0.57      32.15 r
  matrix_builder/U655/Y (NAND2X1)                         0.55      32.70 f
  matrix_builder/U693/Y (NAND2BX1)                        0.53      33.23 r
  matrix_builder/U757/Y (OAI221XL)                        0.68      33.91 f
  matrix_builder/U751/Y (AOI22X1)                         0.47      34.38 r
  matrix_builder/U839/Y (OAI222XL)                        0.29      34.67 f
  matrix_builder/U837/Y (NAND4BXL)                        1.03      35.70 f
  matrix_builder/matrix_flat_o[8] (recam_2r2c_matrix_builder_ADDR_W10_HYBRID_ENTRY_NUM4)
                                                          0.00      35.70 f
  pattern_analyzer/matrix_flat_i[8] (recam_2r2c_pattern_analyzer)
                                                          0.00      35.70 f
  pattern_analyzer/U10/Y (NOR4X1)                         1.46      37.17 r
  pattern_analyzer/candidate_valid_o[4] (recam_2r2c_pattern_analyzer)
                                                          0.00      37.17 r
  candidate_valid_o[4] (out)                              0.00      37.17 r
  data arrival time                                                 37.17

  clock recam_boundary_clk (rise edge)                   40.00      40.00
  clock network delay (ideal)                             0.00      40.00
  output external delay                                   0.00      40.00
  data required time                                                40.00
  --------------------------------------------------------------------------
  data required time                                                40.00
  data arrival time                                                -37.17
  --------------------------------------------------------------------------
  slack (MET)                                                        2.83


  Startpoint: pivot_valid_i[1]
              (input port clocked by recam_boundary_clk)
  Endpoint: candidate_valid_o[5]
            (output port clocked by recam_boundary_clk)
  Path Group: recam_boundary_clk
  Path Type: max

  Des/Clust/Port     Wire Load Model       Library
  ------------------------------------------------
  recam_2r2c_analyzer
                     tsmc18_wl10           slow

  Point                                                   Incr       Path
  --------------------------------------------------------------------------
  clock recam_boundary_clk (rise edge)                    0.00       0.00
  clock network delay (ideal)                             0.00       0.00
  input external delay                                    0.00       0.00 r
  pivot_valid_i[1] (in)                                   0.00       0.00 r
  matrix_builder/pivot_valid_i[1] (recam_2r2c_matrix_builder_ADDR_W10_HYBRID_ENTRY_NUM4)
                                                          0.00       0.00 r
  matrix_builder/U902/Y (BUFX1)                           0.49       0.49 r
  matrix_builder/U1079/Y (XOR2XL)                         0.76       1.25 r
  matrix_builder/U1035/Y (XOR2X1)                         0.43       1.68 f
  matrix_builder/U1057/Y (NAND2XL)                        0.39       2.08 r
  matrix_builder/U633/Y (XOR2X1)                          0.48       2.56 f
  matrix_builder/U994/Y (NOR2X1)                          0.84       3.40 r
  matrix_builder/U984/Y (NAND2X1)                         1.00       4.40 f
  matrix_builder/U982/Y (NAND4XL)                         0.49       4.90 r
  matrix_builder/U409/Y (NAND4BXL)                        0.57       5.47 r
  matrix_builder/U104/Y (INVX1)                           0.29       5.76 f
  matrix_builder/U344/Y (NOR3X1)                          0.38       6.14 r
  matrix_builder/U552/Y (NAND4X1)                         0.49       6.63 f
  matrix_builder/U249/Y (NOR4BX1)                         0.39       7.02 f
  matrix_builder/U507/Y (NAND4X1)                         0.33       7.36 r
  matrix_builder/U993/Y (NAND4XL)                         0.28       7.63 f
  matrix_builder/U556/Y (OR4X2)                           0.52       8.16 f
  matrix_builder/U634/Y (NAND2X1)                         0.38       8.53 r
  matrix_builder/U662/Y (INVX1)                           0.31       8.85 f
  matrix_builder/U583/Y (NAND3X1)                         0.57       9.42 r
  matrix_builder/U582/Y (NAND2X1)                         0.42       9.84 f
  matrix_builder/U682/Y (NAND2X1)                         0.55      10.39 r
  matrix_builder/U266/Y (NOR2X1)                          0.41      10.80 f
  matrix_builder/U893/Y (NAND2X1)                         1.04      11.84 r
  matrix_builder/U1087/Y (OAI22XL)                        0.36      12.20 f
  matrix_builder/U131/Y (INVX1)                           0.34      12.53 r
  matrix_builder/U370/Y (XNOR2X1)                         0.33      12.87 f
  matrix_builder/U367/Y (NOR3X1)                          0.36      13.23 r
  matrix_builder/U560/Y (NAND4X1)                         0.41      13.65 f
  matrix_builder/U1270/Y (NAND4XL)                        0.39      14.04 r
  matrix_builder/U564/Y (OR4X2)                           0.33      14.37 r
  matrix_builder/U397/Y (NAND3X1)                         0.23      14.60 f
  matrix_builder/U391/Y (NOR3X1)                          0.35      14.95 r
  matrix_builder/U568/Y (NAND4X1)                         0.41      15.36 f
  matrix_builder/U575/Y (NAND2BX1)                        0.48      15.84 r
  matrix_builder/U668/Y (NAND2X1)                         0.62      16.46 f
  matrix_builder/U525/Y (NOR2BX1)                         0.55      17.01 f
  matrix_builder/U895/Y (NAND2X1)                         1.01      18.02 r
  matrix_builder/U974/Y (INVXL)                           0.24      18.26 f
  matrix_builder/U975/Y (INVXL)                           0.50      18.77 r
  matrix_builder/U877/Y (OR2X2)                           0.65      19.42 r
  matrix_builder/U896/Y (BUFX3)                           0.25      19.67 r
  matrix_builder/U1144/Y (OAI211X1)                       0.42      20.09 f
  matrix_builder/U8/Y (CLKINVX8)                          0.19      20.28 r
  matrix_builder/U7/Y (NOR2X2)                            0.26      20.53 f
  matrix_builder/U1191/Y (BUFX3)                          0.40      20.93 f
  matrix_builder/U985/Y (INVXL)                           0.47      21.40 r
  matrix_builder/U500/Y (NAND4X1)                         0.24      21.65 f
  matrix_builder/U624/Y (OR4X2)                           0.52      22.17 f
  matrix_builder/U486/Y (NAND3X1)                         0.26      22.43 r
  matrix_builder/U505/Y (NOR3X1)                          0.16      22.59 f
  matrix_builder/U628/Y (NAND4X1)                         0.36      22.95 r
  matrix_builder/U615/Y (NAND2BX1)                        0.33      23.28 f
  matrix_builder/U699/Y (NAND2X1)                         0.77      24.05 r
  matrix_builder/U489/Y (NAND2X1)                         0.39      24.44 f
  matrix_builder/U613/Y (NOR2X1)                          0.45      24.89 r
  matrix_builder/U700/Y (INVX1)                           0.41      25.30 f
  matrix_builder/U15/Y (NOR2X4)                           0.21      25.51 r
  matrix_builder/U13/Y (BUFX8)                            0.13      25.64 r
  matrix_builder/U978/Y (INVXL)                           0.09      25.74 f
  matrix_builder/U979/Y (INVXL)                           0.42      26.16 r
  matrix_builder/U889/Y (NOR2BX1)                         0.87      27.03 r
  matrix_builder/U914/Y (INVXL)                           0.23      27.26 f
  matrix_builder/U915/Y (INVXL)                           1.00      28.26 r
  matrix_builder/U1150/Y (AOI22XL)                        0.36      28.62 f
  matrix_builder/U310/Y (XNOR2X1)                         0.37      28.99 f
  matrix_builder/U307/Y (NOR3X1)                          0.37      29.36 r
  matrix_builder/U535/Y (NAND4X1)                         0.41      29.77 f
  matrix_builder/U199/Y (NAND2X1)                         0.29      30.07 r
  matrix_builder/U445/Y (AOI211X1)                        0.14      30.21 f
  matrix_builder/U442/Y (NAND3X1)                         0.34      30.55 r
  matrix_builder/U438/Y (NAND3X1)                         0.27      30.82 f
  matrix_builder/U319/Y (NOR3X1)                          0.35      31.17 r
  matrix_builder/U539/Y (NAND4X1)                         0.41      31.58 f
  matrix_builder/U597/Y (NAND2BX1)                        0.57      32.15 r
  matrix_builder/U655/Y (NAND2X1)                         0.55      32.70 f
  matrix_builder/U693/Y (NAND2BX1)                        0.53      33.23 r
  matrix_builder/U650/Y (OAI221XL)                        0.68      33.91 f
  matrix_builder/U724/Y (AOI22X1)                         0.47      34.38 r
  matrix_builder/U822/Y (OAI222XL)                        0.29      34.67 f
  matrix_builder/U820/Y (NAND4BXL)                        1.03      35.70 f
  matrix_builder/matrix_flat_o[4] (recam_2r2c_matrix_builder_ADDR_W10_HYBRID_ENTRY_NUM4)
                                                          0.00      35.70 f
  pattern_analyzer/matrix_flat_i[4] (recam_2r2c_pattern_analyzer)
                                                          0.00      35.70 f
  pattern_analyzer/U11/Y (NOR4X1)                         1.45      37.16 r
  pattern_analyzer/candidate_valid_o[5] (recam_2r2c_pattern_analyzer)
                                                          0.00      37.16 r
  candidate_valid_o[5] (out)                              0.00      37.16 r
  data arrival time                                                 37.16

  clock recam_boundary_clk (rise edge)                   40.00      40.00
  clock network delay (ideal)                             0.00      40.00
  output external delay                                   0.00      40.00
  data required time                                                40.00
  --------------------------------------------------------------------------
  data required time                                                40.00
  data arrival time                                                -37.16
  --------------------------------------------------------------------------
  slack (MET)                                                        2.84


  Startpoint: pivot_valid_i[1]
              (input port clocked by recam_boundary_clk)
  Endpoint: candidate_valid_o[3]
            (output port clocked by recam_boundary_clk)
  Path Group: recam_boundary_clk
  Path Type: max

  Des/Clust/Port     Wire Load Model       Library
  ------------------------------------------------
  recam_2r2c_analyzer
                     tsmc18_wl10           slow

  Point                                                   Incr       Path
  --------------------------------------------------------------------------
  clock recam_boundary_clk (rise edge)                    0.00       0.00
  clock network delay (ideal)                             0.00       0.00
  input external delay                                    0.00       0.00 r
  pivot_valid_i[1] (in)                                   0.00       0.00 r
  matrix_builder/pivot_valid_i[1] (recam_2r2c_matrix_builder_ADDR_W10_HYBRID_ENTRY_NUM4)
                                                          0.00       0.00 r
  matrix_builder/U902/Y (BUFX1)                           0.49       0.49 r
  matrix_builder/U1079/Y (XOR2XL)                         0.76       1.25 r
  matrix_builder/U1035/Y (XOR2X1)                         0.43       1.68 f
  matrix_builder/U1057/Y (NAND2XL)                        0.39       2.08 r
  matrix_builder/U633/Y (XOR2X1)                          0.48       2.56 f
  matrix_builder/U994/Y (NOR2X1)                          0.84       3.40 r
  matrix_builder/U984/Y (NAND2X1)                         1.00       4.40 f
  matrix_builder/U982/Y (NAND4XL)                         0.49       4.90 r
  matrix_builder/U409/Y (NAND4BXL)                        0.57       5.47 r
  matrix_builder/U104/Y (INVX1)                           0.29       5.76 f
  matrix_builder/U344/Y (NOR3X1)                          0.38       6.14 r
  matrix_builder/U552/Y (NAND4X1)                         0.49       6.63 f
  matrix_builder/U249/Y (NOR4BX1)                         0.39       7.02 f
  matrix_builder/U507/Y (NAND4X1)                         0.33       7.36 r
  matrix_builder/U993/Y (NAND4XL)                         0.28       7.63 f
  matrix_builder/U556/Y (OR4X2)                           0.52       8.16 f
  matrix_builder/U634/Y (NAND2X1)                         0.38       8.53 r
  matrix_builder/U662/Y (INVX1)                           0.31       8.85 f
  matrix_builder/U583/Y (NAND3X1)                         0.57       9.42 r
  matrix_builder/U582/Y (NAND2X1)                         0.42       9.84 f
  matrix_builder/U682/Y (NAND2X1)                         0.55      10.39 r
  matrix_builder/U266/Y (NOR2X1)                          0.41      10.80 f
  matrix_builder/U893/Y (NAND2X1)                         1.04      11.84 r
  matrix_builder/U1087/Y (OAI22XL)                        0.36      12.20 f
  matrix_builder/U131/Y (INVX1)                           0.34      12.53 r
  matrix_builder/U370/Y (XNOR2X1)                         0.33      12.87 f
  matrix_builder/U367/Y (NOR3X1)                          0.36      13.23 r
  matrix_builder/U560/Y (NAND4X1)                         0.41      13.65 f
  matrix_builder/U1270/Y (NAND4XL)                        0.39      14.04 r
  matrix_builder/U564/Y (OR4X2)                           0.33      14.37 r
  matrix_builder/U397/Y (NAND3X1)                         0.23      14.60 f
  matrix_builder/U391/Y (NOR3X1)                          0.35      14.95 r
  matrix_builder/U568/Y (NAND4X1)                         0.41      15.36 f
  matrix_builder/U575/Y (NAND2BX1)                        0.48      15.84 r
  matrix_builder/U668/Y (NAND2X1)                         0.62      16.46 f
  matrix_builder/U525/Y (NOR2BX1)                         0.55      17.01 f
  matrix_builder/U895/Y (NAND2X1)                         1.01      18.02 r
  matrix_builder/U974/Y (INVXL)                           0.24      18.26 f
  matrix_builder/U975/Y (INVXL)                           0.50      18.77 r
  matrix_builder/U877/Y (OR2X2)                           0.65      19.42 r
  matrix_builder/U896/Y (BUFX3)                           0.25      19.67 r
  matrix_builder/U1144/Y (OAI211X1)                       0.42      20.09 f
  matrix_builder/U8/Y (CLKINVX8)                          0.19      20.28 r
  matrix_builder/U7/Y (NOR2X2)                            0.26      20.53 f
  matrix_builder/U1191/Y (BUFX3)                          0.40      20.93 f
  matrix_builder/U985/Y (INVXL)                           0.47      21.40 r
  matrix_builder/U500/Y (NAND4X1)                         0.24      21.65 f
  matrix_builder/U624/Y (OR4X2)                           0.52      22.17 f
  matrix_builder/U486/Y (NAND3X1)                         0.26      22.43 r
  matrix_builder/U505/Y (NOR3X1)                          0.16      22.59 f
  matrix_builder/U628/Y (NAND4X1)                         0.36      22.95 r
  matrix_builder/U615/Y (NAND2BX1)                        0.33      23.28 f
  matrix_builder/U699/Y (NAND2X1)                         0.77      24.05 r
  matrix_builder/U489/Y (NAND2X1)                         0.39      24.44 f
  matrix_builder/U613/Y (NOR2X1)                          0.45      24.89 r
  matrix_builder/U700/Y (INVX1)                           0.41      25.30 f
  matrix_builder/U15/Y (NOR2X4)                           0.21      25.51 r
  matrix_builder/U13/Y (BUFX8)                            0.13      25.64 r
  matrix_builder/U978/Y (INVXL)                           0.09      25.74 f
  matrix_builder/U979/Y (INVXL)                           0.42      26.16 r
  matrix_builder/U889/Y (NOR2BX1)                         0.87      27.03 r
  matrix_builder/U914/Y (INVXL)                           0.23      27.26 f
  matrix_builder/U915/Y (INVXL)                           1.00      28.26 r
  matrix_builder/U1150/Y (AOI22XL)                        0.36      28.62 f
  matrix_builder/U310/Y (XNOR2X1)                         0.37      28.99 f
  matrix_builder/U307/Y (NOR3X1)                          0.37      29.36 r
  matrix_builder/U535/Y (NAND4X1)                         0.41      29.77 f
  matrix_builder/U199/Y (NAND2X1)                         0.29      30.07 r
  matrix_builder/U445/Y (AOI211X1)                        0.14      30.21 f
  matrix_builder/U442/Y (NAND3X1)                         0.34      30.55 r
  matrix_builder/U438/Y (NAND3X1)                         0.27      30.82 f
  matrix_builder/U319/Y (NOR3X1)                          0.35      31.17 r
  matrix_builder/U539/Y (NAND4X1)                         0.41      31.58 f
  matrix_builder/U597/Y (NAND2BX1)                        0.57      32.15 r
  matrix_builder/U655/Y (NAND2X1)                         0.55      32.70 f
  matrix_builder/U693/Y (NAND2BX1)                        0.53      33.23 r
  matrix_builder/U801/Y (OAI31X1)                         0.23      33.46 f
  matrix_builder/U800/Y (AOI21X1)                         0.29      33.75 r
  matrix_builder/U799/Y (INVX1)                           0.32      34.08 f
  matrix_builder/U781/Y (AOI22X1)                         0.39      34.46 r
  matrix_builder/U853/Y (OAI222XL)                        0.28      34.75 f
  matrix_builder/U851/Y (NAND4BXL)                        1.02      35.76 f
  matrix_builder/matrix_flat_o[12] (recam_2r2c_matrix_builder_ADDR_W10_HYBRID_ENTRY_NUM4)
                                                          0.00      35.76 f
  pattern_analyzer/matrix_flat_i[12] (recam_2r2c_pattern_analyzer)
                                                          0.00      35.76 f
  pattern_analyzer/U2/Y (NOR4BXL)                         0.72      36.48 r
  pattern_analyzer/candidate_valid_o[3] (recam_2r2c_pattern_analyzer)
                                                          0.00      36.48 r
  U1/Y (BUFX4)                                            0.31      36.79 r
  candidate_valid_o[3] (out)                              0.00      36.79 r
  data arrival time                                                 36.79

  clock recam_boundary_clk (rise edge)                   40.00      40.00
  clock network delay (ideal)                             0.00      40.00
  output external delay                                   0.00      40.00
  data required time                                                40.00
  --------------------------------------------------------------------------
  data required time                                                40.00
  data arrival time                                                -36.79
  --------------------------------------------------------------------------
  slack (MET)                                                        3.21


  Startpoint: pivot_valid_i[1]
              (input port clocked by recam_boundary_clk)
  Endpoint: candidate_valid_o[1]
            (output port clocked by recam_boundary_clk)
  Path Group: recam_boundary_clk
  Path Type: max

  Des/Clust/Port     Wire Load Model       Library
  ------------------------------------------------
  recam_2r2c_analyzer
                     tsmc18_wl10           slow

  Point                                                   Incr       Path
  --------------------------------------------------------------------------
  clock recam_boundary_clk (rise edge)                    0.00       0.00
  clock network delay (ideal)                             0.00       0.00
  input external delay                                    0.00       0.00 r
  pivot_valid_i[1] (in)                                   0.00       0.00 r
  matrix_builder/pivot_valid_i[1] (recam_2r2c_matrix_builder_ADDR_W10_HYBRID_ENTRY_NUM4)
                                                          0.00       0.00 r
  matrix_builder/U902/Y (BUFX1)                           0.49       0.49 r
  matrix_builder/U1079/Y (XOR2XL)                         0.76       1.25 r
  matrix_builder/U1035/Y (XOR2X1)                         0.43       1.68 f
  matrix_builder/U1057/Y (NAND2XL)                        0.39       2.08 r
  matrix_builder/U633/Y (XOR2X1)                          0.48       2.56 f
  matrix_builder/U994/Y (NOR2X1)                          0.84       3.40 r
  matrix_builder/U984/Y (NAND2X1)                         1.00       4.40 f
  matrix_builder/U982/Y (NAND4XL)                         0.49       4.90 r
  matrix_builder/U409/Y (NAND4BXL)                        0.57       5.47 r
  matrix_builder/U104/Y (INVX1)                           0.29       5.76 f
  matrix_builder/U344/Y (NOR3X1)                          0.38       6.14 r
  matrix_builder/U552/Y (NAND4X1)                         0.49       6.63 f
  matrix_builder/U249/Y (NOR4BX1)                         0.39       7.02 f
  matrix_builder/U507/Y (NAND4X1)                         0.33       7.36 r
  matrix_builder/U993/Y (NAND4XL)                         0.28       7.63 f
  matrix_builder/U556/Y (OR4X2)                           0.52       8.16 f
  matrix_builder/U634/Y (NAND2X1)                         0.38       8.53 r
  matrix_builder/U662/Y (INVX1)                           0.31       8.85 f
  matrix_builder/U583/Y (NAND3X1)                         0.57       9.42 r
  matrix_builder/U582/Y (NAND2X1)                         0.42       9.84 f
  matrix_builder/U682/Y (NAND2X1)                         0.55      10.39 r
  matrix_builder/U266/Y (NOR2X1)                          0.41      10.80 f
  matrix_builder/U893/Y (NAND2X1)                         1.04      11.84 r
  matrix_builder/U1087/Y (OAI22XL)                        0.36      12.20 f
  matrix_builder/U131/Y (INVX1)                           0.34      12.53 r
  matrix_builder/U370/Y (XNOR2X1)                         0.33      12.87 f
  matrix_builder/U367/Y (NOR3X1)                          0.36      13.23 r
  matrix_builder/U560/Y (NAND4X1)                         0.41      13.65 f
  matrix_builder/U1270/Y (NAND4XL)                        0.39      14.04 r
  matrix_builder/U564/Y (OR4X2)                           0.33      14.37 r
  matrix_builder/U397/Y (NAND3X1)                         0.23      14.60 f
  matrix_builder/U391/Y (NOR3X1)                          0.35      14.95 r
  matrix_builder/U568/Y (NAND4X1)                         0.41      15.36 f
  matrix_builder/U575/Y (NAND2BX1)                        0.48      15.84 r
  matrix_builder/U668/Y (NAND2X1)                         0.62      16.46 f
  matrix_builder/U525/Y (NOR2BX1)                         0.55      17.01 f
  matrix_builder/U895/Y (NAND2X1)                         1.01      18.02 r
  matrix_builder/U974/Y (INVXL)                           0.24      18.26 f
  matrix_builder/U975/Y (INVXL)                           0.50      18.77 r
  matrix_builder/U877/Y (OR2X2)                           0.65      19.42 r
  matrix_builder/U896/Y (BUFX3)                           0.25      19.67 r
  matrix_builder/U1144/Y (OAI211X1)                       0.42      20.09 f
  matrix_builder/U8/Y (CLKINVX8)                          0.19      20.28 r
  matrix_builder/U7/Y (NOR2X2)                            0.26      20.53 f
  matrix_builder/U1191/Y (BUFX3)                          0.40      20.93 f
  matrix_builder/U985/Y (INVXL)                           0.47      21.40 r
  matrix_builder/U500/Y (NAND4X1)                         0.24      21.65 f
  matrix_builder/U624/Y (OR4X2)                           0.52      22.17 f
  matrix_builder/U486/Y (NAND3X1)                         0.26      22.43 r
  matrix_builder/U505/Y (NOR3X1)                          0.16      22.59 f
  matrix_builder/U628/Y (NAND4X1)                         0.36      22.95 r
  matrix_builder/U615/Y (NAND2BX1)                        0.33      23.28 f
  matrix_builder/U699/Y (NAND2X1)                         0.77      24.05 r
  matrix_builder/U489/Y (NAND2X1)                         0.39      24.44 f
  matrix_builder/U613/Y (NOR2X1)                          0.45      24.89 r
  matrix_builder/U700/Y (INVX1)                           0.41      25.30 f
  matrix_builder/U15/Y (NOR2X4)                           0.21      25.51 r
  matrix_builder/U13/Y (BUFX8)                            0.13      25.64 r
  matrix_builder/U978/Y (INVXL)                           0.09      25.74 f
  matrix_builder/U979/Y (INVXL)                           0.42      26.16 r
  matrix_builder/U889/Y (NOR2BX1)                         0.87      27.03 r
  matrix_builder/U914/Y (INVXL)                           0.23      27.26 f
  matrix_builder/U915/Y (INVXL)                           1.00      28.26 r
  matrix_builder/U1150/Y (AOI22XL)                        0.36      28.62 f
  matrix_builder/U310/Y (XNOR2X1)                         0.37      28.99 f
  matrix_builder/U307/Y (NOR3X1)                          0.37      29.36 r
  matrix_builder/U535/Y (NAND4X1)                         0.41      29.77 f
  matrix_builder/U199/Y (NAND2X1)                         0.29      30.07 r
  matrix_builder/U445/Y (AOI211X1)                        0.14      30.21 f
  matrix_builder/U442/Y (NAND3X1)                         0.34      30.55 r
  matrix_builder/U438/Y (NAND3X1)                         0.27      30.82 f
  matrix_builder/U319/Y (NOR3X1)                          0.35      31.17 r
  matrix_builder/U539/Y (NAND4X1)                         0.41      31.58 f
  matrix_builder/U597/Y (NAND2BX1)                        0.57      32.15 r
  matrix_builder/U655/Y (NAND2X1)                         0.55      32.70 f
  matrix_builder/U693/Y (NAND2BX1)                        0.53      33.23 r
  matrix_builder/U801/Y (OAI31X1)                         0.23      33.46 f
  matrix_builder/U800/Y (AOI21X1)                         0.29      33.75 r
  matrix_builder/U799/Y (INVX1)                           0.32      34.08 f
  matrix_builder/U787/Y (AOI22X1)                         0.39      34.46 r
  matrix_builder/U857/Y (OAI222XL)                        0.30      34.77 f
  matrix_builder/U855/Y (OR4X2)                           0.71      35.48 f
  matrix_builder/matrix_flat_o[13] (recam_2r2c_matrix_builder_ADDR_W10_HYBRID_ENTRY_NUM4)
                                                          0.00      35.48 f
  pattern_analyzer/matrix_flat_i[13] (recam_2r2c_pattern_analyzer)
                                                          0.00      35.48 f
  pattern_analyzer/U7/Y (NOR4BX2)                         0.91      36.40 r
  pattern_analyzer/candidate_valid_o[1] (recam_2r2c_pattern_analyzer)
                                                          0.00      36.40 r
  candidate_valid_o[1] (out)                              0.00      36.40 r
  data arrival time                                                 36.40

  clock recam_boundary_clk (rise edge)                   40.00      40.00
  clock network delay (ideal)                             0.00      40.00
  output external delay                                   0.00      40.00
  data required time                                                40.00
  --------------------------------------------------------------------------
  data required time                                                40.00
  data arrival time                                                -36.40
  --------------------------------------------------------------------------
  slack (MET)                                                        3.60


  Startpoint: pivot_valid_i[1]
              (input port clocked by recam_boundary_clk)
  Endpoint: candidate_valid_o[0]
            (output port clocked by recam_boundary_clk)
  Path Group: recam_boundary_clk
  Path Type: max

  Des/Clust/Port     Wire Load Model       Library
  ------------------------------------------------
  recam_2r2c_analyzer
                     tsmc18_wl10           slow

  Point                                                   Incr       Path
  --------------------------------------------------------------------------
  clock recam_boundary_clk (rise edge)                    0.00       0.00
  clock network delay (ideal)                             0.00       0.00
  input external delay                                    0.00       0.00 r
  pivot_valid_i[1] (in)                                   0.00       0.00 r
  matrix_builder/pivot_valid_i[1] (recam_2r2c_matrix_builder_ADDR_W10_HYBRID_ENTRY_NUM4)
                                                          0.00       0.00 r
  matrix_builder/U902/Y (BUFX1)                           0.49       0.49 r
  matrix_builder/U1079/Y (XOR2XL)                         0.76       1.25 r
  matrix_builder/U1035/Y (XOR2X1)                         0.43       1.68 f
  matrix_builder/U1057/Y (NAND2XL)                        0.39       2.08 r
  matrix_builder/U633/Y (XOR2X1)                          0.48       2.56 f
  matrix_builder/U994/Y (NOR2X1)                          0.84       3.40 r
  matrix_builder/U984/Y (NAND2X1)                         1.00       4.40 f
  matrix_builder/U982/Y (NAND4XL)                         0.49       4.90 r
  matrix_builder/U409/Y (NAND4BXL)                        0.57       5.47 r
  matrix_builder/U104/Y (INVX1)                           0.29       5.76 f
  matrix_builder/U344/Y (NOR3X1)                          0.38       6.14 r
  matrix_builder/U552/Y (NAND4X1)                         0.49       6.63 f
  matrix_builder/U249/Y (NOR4BX1)                         0.39       7.02 f
  matrix_builder/U507/Y (NAND4X1)                         0.33       7.36 r
  matrix_builder/U993/Y (NAND4XL)                         0.28       7.63 f
  matrix_builder/U556/Y (OR4X2)                           0.52       8.16 f
  matrix_builder/U634/Y (NAND2X1)                         0.38       8.53 r
  matrix_builder/U662/Y (INVX1)                           0.31       8.85 f
  matrix_builder/U583/Y (NAND3X1)                         0.57       9.42 r
  matrix_builder/U582/Y (NAND2X1)                         0.42       9.84 f
  matrix_builder/U682/Y (NAND2X1)                         0.55      10.39 r
  matrix_builder/U266/Y (NOR2X1)                          0.41      10.80 f
  matrix_builder/U893/Y (NAND2X1)                         1.04      11.84 r
  matrix_builder/U1087/Y (OAI22XL)                        0.36      12.20 f
  matrix_builder/U131/Y (INVX1)                           0.34      12.53 r
  matrix_builder/U370/Y (XNOR2X1)                         0.33      12.87 f
  matrix_builder/U367/Y (NOR3X1)                          0.36      13.23 r
  matrix_builder/U560/Y (NAND4X1)                         0.41      13.65 f
  matrix_builder/U1270/Y (NAND4XL)                        0.39      14.04 r
  matrix_builder/U564/Y (OR4X2)                           0.33      14.37 r
  matrix_builder/U397/Y (NAND3X1)                         0.23      14.60 f
  matrix_builder/U391/Y (NOR3X1)                          0.35      14.95 r
  matrix_builder/U568/Y (NAND4X1)                         0.41      15.36 f
  matrix_builder/U575/Y (NAND2BX1)                        0.48      15.84 r
  matrix_builder/U668/Y (NAND2X1)                         0.62      16.46 f
  matrix_builder/U525/Y (NOR2BX1)                         0.55      17.01 f
  matrix_builder/U895/Y (NAND2X1)                         1.01      18.02 r
  matrix_builder/U974/Y (INVXL)                           0.24      18.26 f
  matrix_builder/U975/Y (INVXL)                           0.50      18.77 r
  matrix_builder/U877/Y (OR2X2)                           0.65      19.42 r
  matrix_builder/U896/Y (BUFX3)                           0.25      19.67 r
  matrix_builder/U1144/Y (OAI211X1)                       0.42      20.09 f
  matrix_builder/U8/Y (CLKINVX8)                          0.19      20.28 r
  matrix_builder/U7/Y (NOR2X2)                            0.26      20.53 f
  matrix_builder/U1191/Y (BUFX3)                          0.40      20.93 f
  matrix_builder/U985/Y (INVXL)                           0.47      21.40 r
  matrix_builder/U500/Y (NAND4X1)                         0.24      21.65 f
  matrix_builder/U624/Y (OR4X2)                           0.52      22.17 f
  matrix_builder/U486/Y (NAND3X1)                         0.26      22.43 r
  matrix_builder/U505/Y (NOR3X1)                          0.16      22.59 f
  matrix_builder/U628/Y (NAND4X1)                         0.36      22.95 r
  matrix_builder/U615/Y (NAND2BX1)                        0.33      23.28 f
  matrix_builder/U699/Y (NAND2X1)                         0.77      24.05 r
  matrix_builder/U489/Y (NAND2X1)                         0.39      24.44 f
  matrix_builder/U613/Y (NOR2X1)                          0.45      24.89 r
  matrix_builder/U700/Y (INVX1)                           0.41      25.30 f
  matrix_builder/U15/Y (NOR2X4)                           0.21      25.51 r
  matrix_builder/U13/Y (BUFX8)                            0.13      25.64 r
  matrix_builder/U978/Y (INVXL)                           0.09      25.74 f
  matrix_builder/U979/Y (INVXL)                           0.42      26.16 r
  matrix_builder/U889/Y (NOR2BX1)                         0.87      27.03 r
  matrix_builder/U914/Y (INVXL)                           0.23      27.26 f
  matrix_builder/U915/Y (INVXL)                           1.00      28.26 r
  matrix_builder/U1150/Y (AOI22XL)                        0.36      28.62 f
  matrix_builder/U310/Y (XNOR2X1)                         0.37      28.99 f
  matrix_builder/U307/Y (NOR3X1)                          0.37      29.36 r
  matrix_builder/U535/Y (NAND4X1)                         0.41      29.77 f
  matrix_builder/U199/Y (NAND2X1)                         0.29      30.07 r
  matrix_builder/U445/Y (AOI211X1)                        0.14      30.21 f
  matrix_builder/U442/Y (NAND3X1)                         0.34      30.55 r
  matrix_builder/U438/Y (NAND3X1)                         0.27      30.82 f
  matrix_builder/U319/Y (NOR3X1)                          0.35      31.17 r
  matrix_builder/U539/Y (NAND4X1)                         0.41      31.58 f
  matrix_builder/U597/Y (NAND2BX1)                        0.57      32.15 r
  matrix_builder/U655/Y (NAND2X1)                         0.55      32.70 f
  matrix_builder/U693/Y (NAND2BX1)                        0.53      33.23 r
  matrix_builder/U801/Y (OAI31X1)                         0.23      33.46 f
  matrix_builder/U800/Y (AOI21X1)                         0.29      33.75 r
  matrix_builder/U799/Y (INVX1)                           0.32      34.08 f
  matrix_builder/U794/Y (AOI22X1)                         0.39      34.46 r
  matrix_builder/U861/Y (OAI222XL)                        0.30      34.77 f
  matrix_builder/U859/Y (OR4X2)                           0.70      35.47 f
  matrix_builder/matrix_flat_o[14] (recam_2r2c_matrix_builder_ADDR_W10_HYBRID_ENTRY_NUM4)
                                                          0.00      35.47 f
  pattern_analyzer/matrix_flat_i[14] (recam_2r2c_pattern_analyzer)
                                                          0.00      35.47 f
  pattern_analyzer/U3/Y (NOR4BXL)                         0.56      36.03 r
  pattern_analyzer/candidate_valid_o[0] (recam_2r2c_pattern_analyzer)
                                                          0.00      36.03 r
  U2/Y (BUFX4)                                            0.31      36.34 r
  candidate_valid_o[0] (out)                              0.00      36.34 r
  data arrival time                                                 36.34

  clock recam_boundary_clk (rise edge)                   40.00      40.00
  clock network delay (ideal)                             0.00      40.00
  output external delay                                   0.00      40.00
  data required time                                                40.00
  --------------------------------------------------------------------------
  data required time                                                40.00
  data arrival time                                                -36.34
  --------------------------------------------------------------------------
  slack (MET)                                                        3.66


  Startpoint: pivot_valid_i[1]
              (input port clocked by recam_boundary_clk)
  Endpoint: candidate_valid_o[2]
            (output port clocked by recam_boundary_clk)
  Path Group: recam_boundary_clk
  Path Type: max

  Des/Clust/Port     Wire Load Model       Library
  ------------------------------------------------
  recam_2r2c_analyzer
                     tsmc18_wl10           slow

  Point                                                   Incr       Path
  --------------------------------------------------------------------------
  clock recam_boundary_clk (rise edge)                    0.00       0.00
  clock network delay (ideal)                             0.00       0.00
  input external delay                                    0.00       0.00 r
  pivot_valid_i[1] (in)                                   0.00       0.00 r
  matrix_builder/pivot_valid_i[1] (recam_2r2c_matrix_builder_ADDR_W10_HYBRID_ENTRY_NUM4)
                                                          0.00       0.00 r
  matrix_builder/U902/Y (BUFX1)                           0.49       0.49 r
  matrix_builder/U1079/Y (XOR2XL)                         0.76       1.25 r
  matrix_builder/U1035/Y (XOR2X1)                         0.43       1.68 f
  matrix_builder/U1057/Y (NAND2XL)                        0.39       2.08 r
  matrix_builder/U633/Y (XOR2X1)                          0.48       2.56 f
  matrix_builder/U994/Y (NOR2X1)                          0.84       3.40 r
  matrix_builder/U984/Y (NAND2X1)                         1.00       4.40 f
  matrix_builder/U982/Y (NAND4XL)                         0.49       4.90 r
  matrix_builder/U409/Y (NAND4BXL)                        0.57       5.47 r
  matrix_builder/U104/Y (INVX1)                           0.29       5.76 f
  matrix_builder/U344/Y (NOR3X1)                          0.38       6.14 r
  matrix_builder/U552/Y (NAND4X1)                         0.49       6.63 f
  matrix_builder/U249/Y (NOR4BX1)                         0.39       7.02 f
  matrix_builder/U507/Y (NAND4X1)                         0.33       7.36 r
  matrix_builder/U993/Y (NAND4XL)                         0.28       7.63 f
  matrix_builder/U556/Y (OR4X2)                           0.52       8.16 f
  matrix_builder/U634/Y (NAND2X1)                         0.38       8.53 r
  matrix_builder/U662/Y (INVX1)                           0.31       8.85 f
  matrix_builder/U583/Y (NAND3X1)                         0.57       9.42 r
  matrix_builder/U582/Y (NAND2X1)                         0.42       9.84 f
  matrix_builder/U682/Y (NAND2X1)                         0.55      10.39 r
  matrix_builder/U266/Y (NOR2X1)                          0.41      10.80 f
  matrix_builder/U893/Y (NAND2X1)                         1.04      11.84 r
  matrix_builder/U1087/Y (OAI22XL)                        0.36      12.20 f
  matrix_builder/U131/Y (INVX1)                           0.34      12.53 r
  matrix_builder/U370/Y (XNOR2X1)                         0.33      12.87 f
  matrix_builder/U367/Y (NOR3X1)                          0.36      13.23 r
  matrix_builder/U560/Y (NAND4X1)                         0.41      13.65 f
  matrix_builder/U1270/Y (NAND4XL)                        0.39      14.04 r
  matrix_builder/U564/Y (OR4X2)                           0.33      14.37 r
  matrix_builder/U397/Y (NAND3X1)                         0.23      14.60 f
  matrix_builder/U391/Y (NOR3X1)                          0.35      14.95 r
  matrix_builder/U568/Y (NAND4X1)                         0.41      15.36 f
  matrix_builder/U575/Y (NAND2BX1)                        0.48      15.84 r
  matrix_builder/U668/Y (NAND2X1)                         0.62      16.46 f
  matrix_builder/U525/Y (NOR2BX1)                         0.55      17.01 f
  matrix_builder/U895/Y (NAND2X1)                         1.01      18.02 r
  matrix_builder/U974/Y (INVXL)                           0.24      18.26 f
  matrix_builder/U975/Y (INVXL)                           0.50      18.77 r
  matrix_builder/U877/Y (OR2X2)                           0.65      19.42 r
  matrix_builder/U896/Y (BUFX3)                           0.25      19.67 r
  matrix_builder/U1144/Y (OAI211X1)                       0.42      20.09 f
  matrix_builder/U8/Y (CLKINVX8)                          0.19      20.28 r
  matrix_builder/U7/Y (NOR2X2)                            0.26      20.53 f
  matrix_builder/U1191/Y (BUFX3)                          0.40      20.93 f
  matrix_builder/U985/Y (INVXL)                           0.47      21.40 r
  matrix_builder/U500/Y (NAND4X1)                         0.24      21.65 f
  matrix_builder/U624/Y (OR4X2)                           0.52      22.17 f
  matrix_builder/U486/Y (NAND3X1)                         0.26      22.43 r
  matrix_builder/U505/Y (NOR3X1)                          0.16      22.59 f
  matrix_builder/U628/Y (NAND4X1)                         0.36      22.95 r
  matrix_builder/U615/Y (NAND2BX1)                        0.33      23.28 f
  matrix_builder/U699/Y (NAND2X1)                         0.77      24.05 r
  matrix_builder/U489/Y (NAND2X1)                         0.39      24.44 f
  matrix_builder/U613/Y (NOR2X1)                          0.45      24.89 r
  matrix_builder/U700/Y (INVX1)                           0.41      25.30 f
  matrix_builder/U15/Y (NOR2X4)                           0.21      25.51 r
  matrix_builder/U13/Y (BUFX8)                            0.13      25.64 r
  matrix_builder/U978/Y (INVXL)                           0.09      25.74 f
  matrix_builder/U979/Y (INVXL)                           0.42      26.16 r
  matrix_builder/U889/Y (NOR2BX1)                         0.87      27.03 r
  matrix_builder/U914/Y (INVXL)                           0.23      27.26 f
  matrix_builder/U915/Y (INVXL)                           1.00      28.26 r
  matrix_builder/U1150/Y (AOI22XL)                        0.36      28.62 f
  matrix_builder/U310/Y (XNOR2X1)                         0.37      28.99 f
  matrix_builder/U307/Y (NOR3X1)                          0.37      29.36 r
  matrix_builder/U535/Y (NAND4X1)                         0.41      29.77 f
  matrix_builder/U199/Y (NAND2X1)                         0.29      30.07 r
  matrix_builder/U445/Y (AOI211X1)                        0.14      30.21 f
  matrix_builder/U442/Y (NAND3X1)                         0.34      30.55 r
  matrix_builder/U438/Y (NAND3X1)                         0.27      30.82 f
  matrix_builder/U319/Y (NOR3X1)                          0.35      31.17 r
  matrix_builder/U539/Y (NAND4X1)                         0.41      31.58 f
  matrix_builder/U597/Y (NAND2BX1)                        0.57      32.15 r
  matrix_builder/U655/Y (NAND2X1)                         0.55      32.70 f
  matrix_builder/U693/Y (NAND2BX1)                        0.53      33.23 r
  matrix_builder/U650/Y (OAI221XL)                        0.68      33.91 f
  matrix_builder/U739/Y (AOI22X1)                         0.47      34.38 r
  matrix_builder/U829/Y (OAI222XL)                        0.31      34.69 f
  matrix_builder/U827/Y (OR4X2)                           0.71      35.40 f
  matrix_builder/matrix_flat_o[6] (recam_2r2c_matrix_builder_ADDR_W10_HYBRID_ENTRY_NUM4)
                                                          0.00      35.40 f
  pattern_analyzer/matrix_flat_i[6] (recam_2r2c_pattern_analyzer)
                                                          0.00      35.40 f
  pattern_analyzer/U8/Y (NOR4X2)                          0.91      36.31 r
  pattern_analyzer/candidate_valid_o[2] (recam_2r2c_pattern_analyzer)
                                                          0.00      36.31 r
  candidate_valid_o[2] (out)                              0.00      36.31 r
  data arrival time                                                 36.31

  clock recam_boundary_clk (rise edge)                   40.00      40.00
  clock network delay (ideal)                             0.00      40.00
  output external delay                                   0.00      40.00
  data required time                                                40.00
  --------------------------------------------------------------------------
  data required time                                                40.00
  data arrival time                                                -36.31
  --------------------------------------------------------------------------
  slack (MET)                                                        3.69


1
