 
****************************************
Report : area
Design : shared_fault_collector_HYBRID_SHARED_ENTRIES7
Version: W-2024.09-SP2
Date   : Wed Sep  9 14:42:51 2026
****************************************

Library(s) Used:

    slow (File: /cad/std_libraries/CBDK_TSMC018_Arm_f1.0/CIC/SynopsysDC/db/slow.db)

Number of ports:                         2325
Number of nets:                          4602
Number of cells:                         3393
Number of combinational cells:           2304
Number of sequential cells:              1071
Number of macros/black boxes:               0
Number of buf/inv:                        408
Number of references:                      27

Combinational area:              60350.875805
Buf/Inv area:                    16801.646518
Noncombinational area:           78496.388687
Macro/Black Box area:                0.000000
Net Interconnect area:          418555.411682

Total cell area:                138847.264493
Total area:                     557402.676175

Hierarchical area distribution
------------------------------

                                  Global cell area             Local cell area
                                  --------------------  ------------------------------ 
Hierarchical cell                 Absolute     Percent  Combi-      Noncombi-   Black-
                                  Total        Total    national    national    boxes   Design
--------------------------------  -----------  -------  ----------  ----------  ------  ---------------------------------------------------------------------------------
shared_fault_collector_HYBRID_SHARED_ENTRIES7
                                  138847.2645    100.0   3995.0065    412.4736  0.0000  shared_fault_collector_HYBRID_SHARED_ENTRIES7
counters                           53219.0744     38.3  26800.8050  26418.2693  0.0000  shared_fault_counter_ENTRY_NUM12_ROW_W10_COL_W10_COUNT_W4
hybrids                            29285.6261     21.1  10551.3409  18734.2852  0.0000  tagged_hybrid_store_ENTRY_NUM7_FAULT_REF_W4_ROW_W10_COL_W10_PIVOT_PTR_W3_NUM_CFG7
pivots                             12936.3698      9.3   4959.6624   7976.7074  0.0000  shared_pivot_cam_ROW_W10_COL_W10_MAX_K5_NUM_CFG7
reuse                              38998.7142     28.1  14044.0610  24954.6533  0.0000  cam_reuse_temp_buffer_ENTRY_NUM12_ROW_W10_COL_W10_NUM_CFG7
--------------------------------  -----------  -------  ----------  ----------  ------  ---------------------------------------------------------------------------------
Total                                                   60350.8758  78496.3887  0.0000

1
