Loading db file '/cad/std_libraries/CBDK_TSMC018_Arm_f1.0/CIC/SynopsysDC/db/slow.db'
Information: Propagating switching activity (low effort zero delay simulation). (PWR-6)
Warning: Design has unannotated primary inputs. (PWR-414)
Warning: Design has unannotated sequential cell outputs. (PWR-415)
 
****************************************
Report : power
        -analysis_effort low
Design : shared_fault_collector_HYBRID_SHARED_ENTRIES7
Version: W-2024.09-SP2
Date   : Wed Sep  9 14:42:51 2026
****************************************


Library(s) Used:

    slow (File: /cad/std_libraries/CBDK_TSMC018_Arm_f1.0/CIC/SynopsysDC/db/slow.db)


Operating Conditions: slow   Library: slow
Wire Load Model Mode: top

Design        Wire Load Model            Library
------------------------------------------------
shared_fault_collector_HYBRID_SHARED_ENTRIES7
                       tsmc18_wl10       slow


Global Operating Voltage = 1.62 
Power-specific unit information :
    Voltage Units = 1V
    Capacitance Units = 1.000000pf
    Time Units = 1ns
    Dynamic Power Units = 1mW    (derived from V,C,T units)
    Leakage Power Units = 1pW


Attributes
----------
i - Including register clock pin internal power


  Cell Internal Power  =   9.0309 mW   (77%)
  Net Switching Power  =   2.7012 mW   (23%)
                         ---------
Total Dynamic Power    =  11.7321 mW  (100%)

Cell Leakage Power     =   7.0951 uW


                 Internal         Switching           Leakage            Total
Power Group      Power            Power               Power              Power   (   %    )  Attrs
--------------------------------------------------------------------------------------------------
io_pad             0.0000            0.0000            0.0000            0.0000  (   0.00%)
memory             0.0000            0.0000            0.0000            0.0000  (   0.00%)
black_box          0.0000            0.0000            0.0000            0.0000  (   0.00%)
clock_network      8.9149            2.5362        1.0815e+06           11.4521  (  97.56%)  i
register       2.8945e-02        2.5136e-02        3.8906e+06        5.7971e-02  (   0.49%)
sequential         0.0000            0.0000            0.0000            0.0000  (   0.00%)
combinational  8.7070e-02            0.1398        2.1230e+06            0.2290  (   1.95%)
--------------------------------------------------------------------------------------------------
Total              9.0309 mW         2.7012 mW     7.0951e+06 pW        11.7391 mW
1
