 
****************************************
Report : qor
Design : shared_fault_collector_HYBRID_SHARED_ENTRIES7
Version: W-2024.09-SP2
Date   : Wed Sep  9 14:42:51 2026
****************************************


  Timing Path Group 'clk'
  -----------------------------------
  Levels of Logic:              24.00
  Critical Path Length:         17.67
  Critical Path Slack:           1.89
  Critical Path Clk Period:     20.00
  Total Negative Slack:          0.00
  No. of Violating Paths:        0.00
  Worst Hold Violation:          0.00
  Total Hold Violation:          0.00
  No. of Hold Violations:        0.00
  -----------------------------------


  Cell Count
  -----------------------------------
  Hierarchical Cell Count:          4
  Hierarchical Port Count:       1223
  Leaf Cell Count:               3375
  Buf/Inv Cell Count:             408
  Buf Cell Count:                   0
  Inv Cell Count:                 408
  CT Buf/Inv Cell Count:          165
  Combinational Cell Count:      2304
  Sequential Cell Count:         1071
  Macro Count:                      0
  -----------------------------------


  Area
  -----------------------------------
  Combinational Area:    60350.875805
  Noncombinational Area: 78496.388687
  Buf/Inv Area:          16801.646518
  Total Buffer Area:             0.00
  Total Inverter Area:       16801.65
  Macro/Black Box Area:      0.000000
  Net Area:             418555.411682
  -----------------------------------
  Cell Area:            138847.264493
  Design Area:          557402.676175


  Design Rules
  -----------------------------------
  Total Number of Nets:          3417
  Nets With Violations:            90
  Max Trans Violations:            32
  Max Cap Violations:              90
  Max Fanout Violations:           86
  -----------------------------------


  Hostname: Kaohsiung

  Compile CPU Statistics
  -----------------------------------------
  Resource Sharing:                    2.34
  Logic Optimization:                  1.69
  Mapping Optimization:                0.16
  -----------------------------------------
  Overall Compile Time:                5.28
  Overall Compile Wall Clock Time:     5.57

  --------------------------------------------------------------------

  Design  WNS: 0.00  TNS: 0.00  Number of Violating Paths: 0


  Design (Hold)  WNS: 0.00  TNS: 0.00  Number of Violating Paths: 0

  --------------------------------------------------------------------


1
