 
****************************************
Report : area
Design : recam_dss_g2x2_r_static_global_live_state_top
Version: W-2024.09-SP2
Date   : Tue Sep 29 16:55:15 2026
****************************************

Library(s) Used:

    slow (File: /cad/std_libraries/CBDK_TSMC018_Arm_f1.0/CIC/SynopsysDC/db/slow.db)

Number of ports:                         1795
Number of nets:                         10170
Number of cells:                         8784
Number of combinational cells:           8181
Number of sequential cells:               566
Number of macros/black boxes:               0
Number of buf/inv:                       2643
Number of references:                       8

Combinational area:             190892.118669
Buf/Inv area:                    39700.584600
Noncombinational area:           32246.122410
Macro/Black Box area:                0.000000
Net Interconnect area:          956951.510162

Total cell area:                223138.241078
Total area:                    1180089.751241

Hierarchical area distribution
------------------------------

                                  Global cell area              Local cell area
                                  --------------------  ------------------------------- 
Hierarchical cell                 Absolute     Percent  Combi-       Noncombi-   Black-
                                  Total        Total    national     national    boxes   Design
--------------------------------  -----------  -------  -----------  ----------  ------  ----------------------------------------------------------------------------------------------------------------
recam_dss_g2x2_r_static_global_live_state_top
                                  223138.2411    100.0     143.0352      0.0000  0.0000  recam_dss_g2x2_r_static_global_live_state_top
analyzer                          144997.7773     65.0  144997.7773      0.0000  0.0000  recam_shared_config_analyzer_ROW_ADDR_W9_PHYS_COL_ADDR_W13_WORD_COL_ADDR_W5_HYBRID_LINE_ADDR_W13_HYBRID_ENTRIES7
core                               33925.9538     15.2    3482.7408   3971.7217  0.0000  recam_dss_g2x2_r_static_global_live_state_core
core/candidate_store               21761.3089      9.8   18368.3808   3392.9281  0.0000  dss_v2_group_candidate_store
core/slot_decode                     146.3616      0.1     146.3616      0.0000  0.0000  dss_v2_group_slot_decode
core/static_selector                4563.8208      2.0    4563.8208      0.0000  0.0000  recam_dss_g2x2_r_static_selector
pivot_address_regs                 44071.4748     19.8   19190.0021  24881.4726  0.0000  dss_group_pivot_address_regs_ROW_ADDR_W9_PHYS_COL_ADDR_W13
--------------------------------  -----------  -------  -----------  ----------  ------  ----------------------------------------------------------------------------------------------------------------
Total                                                   190892.1187  32246.1224  0.0000

1
