 
****************************************
Report : constraint
        -all_violators
Design : recam_dss_g2x2_r_static_global_live_state_top
Version: W-2024.09-SP2
Date   : Tue Sep 29 16:55:15 2026
****************************************


   max_delay/setup ('recam_clk' group)

                             Required        Actual
   Endpoint                 Path Delay     Path Delay        Slack
   -----------------------------------------------------------------
   core/candidate_store/store_q_reg[41]/D
                                9.82          13.38 f        -3.56  (VIOLATED)
   core/candidate_store/store_q_reg[30]/D
                                9.91          13.46 r        -3.56  (VIOLATED)
   core/candidate_store/store_q_reg[54]/D
                                9.83          13.39 f        -3.56  (VIOLATED)
   core/candidate_store/store_q_reg[34]/D
                                9.83          13.38 f        -3.56  (VIOLATED)
   core/candidate_store/store_q_reg[19]/D
                                9.83          13.38 f        -3.56  (VIOLATED)
   core/candidate_store/store_q_reg[59]/D
                                9.91          13.46 r        -3.56  (VIOLATED)
   core/candidate_store/store_q_reg[35]/D
                                9.82          13.38 f        -3.56  (VIOLATED)
   core/candidate_store/store_q_reg[5]/D
                                9.91          13.46 r        -3.56  (VIOLATED)
   core/candidate_store/store_q_reg[23]/D
                                9.91          13.46 r        -3.56  (VIOLATED)
   core/candidate_store/store_q_reg[47]/D
                                9.91          13.46 r        -3.56  (VIOLATED)
   core/candidate_store/store_q_reg[28]/D
                                9.82          13.38 f        -3.55  (VIOLATED)
   core/candidate_store/store_q_reg[37]/D
                                9.91          13.46 r        -3.55  (VIOLATED)
   core/candidate_store/store_q_reg[26]/D
                                9.82          13.38 f        -3.55  (VIOLATED)
   core/candidate_store/store_q_reg[55]/D
                                9.91          13.46 r        -3.55  (VIOLATED)
   core/candidate_store/store_q_reg[10]/D
                                9.83          13.38 f        -3.55  (VIOLATED)
   core/candidate_store/store_q_reg[32]/D
                                9.91          13.46 r        -3.55  (VIOLATED)
   core/candidate_store/store_q_reg[31]/D
                                9.83          13.38 f        -3.55  (VIOLATED)
   core/candidate_store/store_q_reg[21]/D
                                9.91          13.46 r        -3.55  (VIOLATED)
   core/candidate_store/store_q_reg[7]/D
                                9.91          13.46 r        -3.55  (VIOLATED)
   core/candidate_store/store_q_reg[22]/D
                                9.91          13.46 r        -3.55  (VIOLATED)
   core/candidate_store/store_q_reg[2]/D
                                9.83          13.38 f        -3.55  (VIOLATED)
   core/candidate_store/store_q_reg[29]/D
                                9.91          13.46 r        -3.55  (VIOLATED)
   core/candidate_store/store_q_reg[33]/D
                                9.91          13.46 r        -3.55  (VIOLATED)
   core/candidate_store/store_q_reg[57]/D
                                9.91          13.46 r        -3.55  (VIOLATED)
   core/candidate_store/store_q_reg[25]/D
                                9.91          13.46 r        -3.55  (VIOLATED)
   core/candidate_store/store_q_reg[27]/D
                                9.83          13.38 f        -3.55  (VIOLATED)
   core/candidate_store/store_q_reg[20]/D
                                9.91          13.46 r        -3.55  (VIOLATED)
   core/candidate_store/store_q_reg[18]/D
                                9.91          13.46 r        -3.55  (VIOLATED)
   core/candidate_store/store_q_reg[43]/D
                                9.91          13.46 r        -3.55  (VIOLATED)
   core/candidate_store/store_q_reg[6]/D
                                9.83          13.38 f        -3.55  (VIOLATED)
   core/candidate_store/store_q_reg[38]/D
                                9.91          13.46 r        -3.55  (VIOLATED)
   core/candidate_store/store_q_reg[4]/D
                                9.91          13.46 r        -3.55  (VIOLATED)
   core/candidate_store/store_q_reg[48]/D
                                9.91          13.46 r        -3.55  (VIOLATED)
   core/candidate_store/store_q_reg[40]/D
                                9.82          13.37 f        -3.55  (VIOLATED)
   core/candidate_store/store_q_reg[16]/D
                                9.91          13.45 r        -3.55  (VIOLATED)
   core/candidate_store/store_q_reg[13]/D
                                9.91          13.46 r        -3.55  (VIOLATED)
   core/candidate_store/store_q_reg[51]/D
                                9.82          13.37 f        -3.55  (VIOLATED)
   core/candidate_store/store_q_reg[46]/D
                                9.82          13.37 f        -3.55  (VIOLATED)
   core/candidate_store/store_q_reg[9]/D
                                9.91          13.45 r        -3.55  (VIOLATED)
   core/candidate_store/store_q_reg[42]/D
                                9.82          13.37 f        -3.55  (VIOLATED)
   core/candidate_store/store_q_reg[56]/D
                                9.83          13.38 f        -3.55  (VIOLATED)
   core/candidate_store/store_q_reg[45]/D
                                9.91          13.45 r        -3.55  (VIOLATED)
   core/candidate_store/store_q_reg[24]/D
                                9.91          13.45 r        -3.55  (VIOLATED)
   core/candidate_store/store_q_reg[49]/D
                                9.83          13.37 f        -3.55  (VIOLATED)
   core/candidate_store/store_q_reg[15]/D
                                9.83          13.37 f        -3.55  (VIOLATED)
   core/candidate_store/store_q_reg[11]/D
                                9.83          13.37 f        -3.55  (VIOLATED)
   core/candidate_store/store_q_reg[8]/D
                                9.82          13.37 f        -3.54  (VIOLATED)
   core/candidate_store/store_q_reg[50]/D
                                9.91          13.45 r        -3.54  (VIOLATED)
   core/candidate_store/store_q_reg[44]/D
                                9.83          13.37 f        -3.54  (VIOLATED)
   core/candidate_store/store_q_reg[14]/D
                                9.91          13.45 r        -3.54  (VIOLATED)
   core/candidate_store/store_q_reg[36]/D
                                9.83          13.37 f        -3.54  (VIOLATED)
   core/candidate_store/store_q_reg[53]/D
                                9.91          13.45 r        -3.54  (VIOLATED)
   core/candidate_store/store_q_reg[17]/D
                                9.91          13.45 r        -3.54  (VIOLATED)
   core/candidate_store/store_q_reg[52]/D
                                9.91          13.44 r        -3.54  (VIOLATED)
   core/candidate_store/store_q_reg[58]/D
                                9.83          13.36 f        -3.54  (VIOLATED)
   core/candidate_store/store_q_reg[12]/D
                                9.83          13.36 f        -3.54  (VIOLATED)
   core/candidate_store/store_q_reg[39]/D
                                9.91          13.44 r        -3.53  (VIOLATED)
   core/candidate_store/store_q_reg[3]/D
                                9.91          13.42 r        -3.51  (VIOLATED)
   core/candidate_store/store_q_reg[1]/D
                                9.87          13.36 r        -3.49  (VIOLATED)
   core/candidate_store/store_q_reg[0]/D
                                9.82          13.14 f        -3.32  (VIOLATED)
   core/selected_pattern_flat_o_reg[12]/D
                                9.82          11.83 f        -2.01  (VIOLATED)
   core/selected_pattern_flat_o_reg[9]/D
                                9.82          11.83 f        -2.01  (VIOLATED)
   core/release_flat_o_reg[1]/D
                                9.83          11.83 f        -2.00  (VIOLATED)
   core/borrow_flat_o_reg[1]/D
                                9.83          11.83 f        -2.00  (VIOLATED)
   core/ledger_released_borrower_o_reg[1]/D
                                9.83          11.81 f        -1.98  (VIOLATED)
   core/selected_pattern_flat_o_reg[5]/D
                                9.83          11.81 f        -1.98  (VIOLATED)
   core/selected_pattern_flat_o_reg[3]/D
                                9.83          11.81 f        -1.98  (VIOLATED)
   core/ledger_released_borrower_o_reg[3]/D
                                9.83          11.79 f        -1.96  (VIOLATED)
   core/ledger_released_borrower_o_reg[5]/D
                                9.83          11.79 f        -1.96  (VIOLATED)
   core/ledger_released_borrower_o_reg[6]/D
                                9.83          11.78 f        -1.95  (VIOLATED)
   core/ledger_released_borrower_o_reg[8]/D
                                9.83          11.78 f        -1.95  (VIOLATED)
   core/selected_config_flat_o_reg[11]/D
                                9.83          11.77 f        -1.94  (VIOLATED)
   core/selected_pattern_flat_o_reg[8]/D
                                9.83          11.77 f        -1.93  (VIOLATED)
   core/selected_config_flat_o_reg[1]/D
                                9.83          11.77 f        -1.93  (VIOLATED)
   core/selected_pattern_flat_o_reg[0]/D
                                9.83          11.76 f        -1.93  (VIOLATED)
   core/selected_pattern_flat_o_reg[4]/D
                                9.83          11.76 f        -1.93  (VIOLATED)
   core/selected_pattern_flat_o_reg[13]/D
                                9.83          11.76 f        -1.93  (VIOLATED)
   core/selected_pattern_flat_o_reg[11]/D
                                9.83          11.76 f        -1.93  (VIOLATED)
   core/selected_config_flat_o_reg[2]/D
                                9.83          11.76 f        -1.93  (VIOLATED)
   core/selected_pattern_flat_o_reg[6]/D
                                9.83          11.76 f        -1.93  (VIOLATED)
   core/selected_pattern_flat_o_reg[10]/D
                                9.83          11.76 f        -1.93  (VIOLATED)
   core/selected_config_flat_o_reg[5]/D
                                9.83          11.76 f        -1.93  (VIOLATED)
   core/selected_config_flat_o_reg[8]/D
                                9.83          11.76 f        -1.93  (VIOLATED)
   core/selected_pattern_flat_o_reg[15]/D
                                9.83          11.76 f        -1.93  (VIOLATED)
   core/selected_config_flat_o_reg[10]/D
                                9.83          11.76 f        -1.93  (VIOLATED)
   core/selected_config_flat_o_reg[7]/D
                                9.83          11.76 f        -1.93  (VIOLATED)
   core/selected_pattern_flat_o_reg[1]/D
                                9.83          11.75 f        -1.92  (VIOLATED)
   core/selected_config_flat_o_reg[4]/D
                                9.83          11.74 f        -1.92  (VIOLATED)
   core/borrow_flat_o_reg[0]/D
                                9.83          11.73 f        -1.90  (VIOLATED)
   core/release_flat_o_reg[0]/D
                                9.83          11.73 f        -1.90  (VIOLATED)
   core/borrow_flat_o_reg[2]/D
                                9.83          11.71 f        -1.88  (VIOLATED)
   core/ledger_released_borrower_o_reg[0]/D
                                9.83          11.71 f        -1.88  (VIOLATED)
   core/release_flat_o_reg[2]/D
                                9.83          11.68 f        -1.85  (VIOLATED)
   core/borrow_flat_o_reg[3]/D
                                9.83          11.68 f        -1.85  (VIOLATED)
   core/release_flat_o_reg[3]/D
                                9.83          11.68 f        -1.85  (VIOLATED)
   core/ledger_released_borrower_o_reg[11]/D
                                9.83          11.68 f        -1.85  (VIOLATED)
   core/selected_pattern_flat_o_reg[7]/D
                                9.83          11.66 f        -1.83  (VIOLATED)
   core/selected_pattern_flat_o_reg[2]/D
                                9.83          11.66 f        -1.83  (VIOLATED)
   core/ledger_released_borrower_o_reg[2]/D
                                9.83          11.66 f        -1.83  (VIOLATED)
   core/selected_pattern_flat_o_reg[14]/D
                                9.83          11.59 f        -1.76  (VIOLATED)
   core/group_repairable_o_reg/D
                                9.81          11.13 f        -1.32  (VIOLATED)
   core/selected_donor_flat_o_reg[1]/D
                                9.81          11.13 f        -1.32  (VIOLATED)
   core/selected_donor_flat_o_reg[2]/D
                                9.81          11.13 f        -1.32  (VIOLATED)
   core/selected_donor_flat_o_reg[6]/D
                                9.81          11.13 f        -1.32  (VIOLATED)
   core/selected_donor_flat_o_reg[7]/D
                                9.81          11.13 f        -1.32  (VIOLATED)
   core/sa_commit_valid_o_reg[0]/D
                                9.83          10.97 f        -1.14  (VIOLATED)
   core/sa_commit_valid_o_reg[1]/D
                                9.83          10.97 f        -1.14  (VIOLATED)
   core/sa_commit_valid_o_reg[2]/D
                                9.83          10.97 f        -1.14  (VIOLATED)
   core/sa_commit_valid_o_reg[3]/D
                                9.83          10.97 f        -1.14  (VIOLATED)


   max_capacitance

                             Required        Actual
   Net                      Capacitance    Capacitance       Slack
   -----------------------------------------------------------------
   analyzer/n973                0.15           0.19          -0.04  (VIOLATED)
   analyzer/n1875               0.15           0.18          -0.03  (VIOLATED)
   analyzer/n1394               0.15           0.17          -0.02  (VIOLATED)
   hybrid_differing_flat_i[1]
                                0.15           0.17          -0.02  (VIOLATED)
   analyzer/n1898               0.15           0.17          -0.02  (VIOLATED)
   analyzer/n975                0.15           0.17          -0.02  (VIOLATED)
   selected_pattern_flat_o[11]
                                0.15           0.17          -0.02  (VIOLATED)
   analyzer/n880                0.15           0.17          -0.02  (VIOLATED)
   selected_pattern_flat_o[3]
                                0.15           0.17          -0.02  (VIOLATED)
   selected_pattern_flat_o[7]
                                0.15           0.17          -0.02  (VIOLATED)
   selected_pattern_flat_o[15]
                                0.15           0.17          -0.02  (VIOLATED)
   selected_pattern_flat_o[8]
                                0.15           0.16          -0.01  (VIOLATED)
   analyzer/n881                0.15           0.16          -0.01  (VIOLATED)
   analyzer/n2385               0.15           0.16          -0.01  (VIOLATED)
   scan_slot_o[0]               0.15           0.15           0.00  (VIOLATED: increase significant digits)
   analyzer/n785                0.15           0.15           0.00  (VIOLATED: increase significant digits)
   core/selected_borrow_comb[3]
                                0.15           0.15           0.00  (VIOLATED: increase significant digits)
   analyzer/n974                0.15           0.15           0.00  (VIOLATED: increase significant digits)
   analyzer/n4708               0.15           0.15           0.00  (VIOLATED: increase significant digits)

   -----------------------------------------------------------------
   Total                      19                 -0.27  

1
