 
****************************************
Report : qor
Design : recam_dss_g2x2_r_static_global_live_state_top
Version: W-2024.09-SP2
Date   : Tue Sep 29 16:55:15 2026
****************************************


  Timing Path Group 'recam_clk'
  -----------------------------------
  Levels of Logic:              76.00
  Critical Path Length:         13.38
  Critical Path Slack:          -3.56
  Critical Path Clk Period:     10.00
  Total Negative Slack:       -300.64
  No. of Violating Paths:      109.00
  Worst Hold Violation:          0.00
  Total Hold Violation:          0.00
  No. of Hold Violations:        0.00
  -----------------------------------


  Cell Count
  -----------------------------------
  Hierarchical Cell Count:          6
  Hierarchical Port Count:       1079
  Leaf Cell Count:               8747
  Buf/Inv Cell Count:            2643
  Buf Cell Count:                 399
  Inv Cell Count:                2244
  CT Buf/Inv Cell Count:            0
  Combinational Cell Count:      8181
  Sequential Cell Count:          566
  Macro Count:                      0
  -----------------------------------


  Area
  -----------------------------------
  Combinational Area:   190892.118669
  Noncombinational Area: 32246.122410
  Buf/Inv Area:          39700.584600
  Total Buffer Area:         10544.69
  Total Inverter Area:       29155.90
  Macro/Black Box Area:      0.000000
  Net Area:             956951.510162
  -----------------------------------
  Cell Area:            223138.241078
  Design Area:         1180089.751241


  Design Rules
  -----------------------------------
  Total Number of Nets:          9133
  Nets With Violations:            19
  Max Trans Violations:             0
  Max Cap Violations:              19
  -----------------------------------


  Hostname: Kaohsiung

  Compile CPU Statistics
  -----------------------------------------
  Resource Sharing:                    3.74
  Logic Optimization:                142.94
  Mapping Optimization:              124.76
  -----------------------------------------
  Overall Compile Time:              278.00
  Overall Compile Wall Clock Time:   278.59

  --------------------------------------------------------------------

  Design  WNS: 3.56  TNS: 300.64  Number of Violating Paths: 109


  Design (Hold)  WNS: 0.00  TNS: 0.00  Number of Violating Paths: 0

  --------------------------------------------------------------------


1
