 
****************************************
Report : reference
Design : recam_dss_g2x2_r_static_global_live_state_top
Version: W-2024.09-SP2
Date   : Tue Sep 29 16:55:15 2026
****************************************

Attributes:
    b - black box (unknown)
   bo - allows boundary optimization
    d - dont_touch
   mo - map_only
    h - hierarchical
    n - noncombinational
    r - removable
    s - synthetic operator
    u - contains unmapped logic

Reference          Library       Unit Area   Count    Total Area   Attributes
-----------------------------------------------------------------------------
AND2X4             slow          16.632000       1     16.632000  
AND3X1             slow          16.632000       1     16.632000  
AOI31XL            slow          16.632000       1     16.632000  
DLY1X1             slow          19.958401       2     39.916801  
XNOR2X1            slow          26.611200       2     53.222401  
dss_group_pivot_address_regs_ROW_ADDR_W9_PHYS_COL_ADDR_W13
                              44071.474772       1  44071.474772  h, n
recam_dss_g2x2_r_static_global_live_state_core
                              33925.953804       1  33925.953804  h, n
recam_shared_config_analyzer_ROW_ADDR_W9_PHYS_COL_ADDR_W13_WORD_COL_ADDR_W5_HYBRID_LINE_ADDR_W13_HYBRID_ENTRIES7
                              144997.777300
                                                 1  144997.777300 h
-----------------------------------------------------------------------------
Total 8 references                                  223138.241078

****************************************
Design: dss_group_pivot_address_regs_ROW_ADDR_W9_PHYS_COL_ADDR_W13 
****************************************
Reference          Library       Unit Area   Count    Total Area   Attributes
-----------------------------------------------------------------------------
AND2X2             slow          13.305600       7     93.139201  
AOI2BB1X1          slow          16.632000       3     49.896000  
AOI2BB2X1          slow          23.284800       4     93.139198  
AOI21X1            slow          13.305600      10    133.056002  
AOI21XL            slow          13.305600       5     66.528001  
AOI22X1            slow          16.632000       8    133.056000  
AOI22XL            slow          16.632000       4     66.528000  
AOI32X4            slow          33.264000       3     99.792000  
AOI33X1            slow          26.611200       1     26.611200  
AOI33XL            slow          26.611200       3     79.833601  
AOI222X1           slow          26.611200       1     26.611200  
BUFX3              slow          13.305600      21    279.417603  
CLKINVXL           slow           9.979200       4     39.916801  
DFFXL              slow          56.548801     440  24881.472626  n
INVX1              slow           6.652800     305   2029.104025  
INVXL              slow           6.652800      14     93.139201  
NAND2BX1           slow          13.305600       4     53.222401  
NAND2X1            slow           9.979200      35    349.272013  
NAND2XL            slow           9.979200      12    119.750404  
NAND3X1            slow          13.305600       7     93.139201  
NAND3XL            slow          13.305600       6     79.833601  
NOR2BX1            slow          13.305600       8    106.444801  
NOR2X1             slow           9.979200      21    209.563208  
NOR2XL             slow           9.979200      82    818.294430  
NOR3X1             slow          13.305600       5     66.528001  
OAI2BB1X1          slow          16.632000       1     16.632000  
OAI21XL            slow          13.305600      10    133.056002  
OAI22X1            slow          19.958401     392   7823.693085  
OAI22X2            slow          29.937599       9    269.438393  
OAI22XL            slow          19.958401     219   4370.889759  
OAI31X1            slow          19.958401       4     79.833603  
OAI32X4            slow          33.264000       8    266.112000  
OAI32XL            slow          23.284800       1     23.284800  
OAI33X4            slow          36.590401       4    146.361603  
OAI221X4           slow          36.590401       4    146.361603  
OAI221XL           slow          23.284800       3     69.854399  
XNOR2X1            slow          26.611200       4    106.444801  
XOR2X1             slow          26.611200      20    532.224007  
-----------------------------------------------------------------------------
Total 38 references                                 44071.474772

****************************************
Design: recam_dss_g2x2_r_static_global_live_state_core 
****************************************
Reference          Library       Unit Area   Count    Total Area   Attributes
-----------------------------------------------------------------------------
AND3X2             slow          16.632000       1     16.632000  
AOI2BB1X1          slow          16.632000       1     16.632000  
AOI21X1            slow          13.305600       5     66.528001  
AOI22X1            slow          16.632000       5     83.160000  
AOI22X2            slow          29.937599      10    299.375992  
AOI22X4            slow          46.569599      24   1117.670380  
AOI22XL            slow          16.632000       1     16.632000  
AOI31X1            slow          16.632000       3     49.896000  
AOI31XL            slow          16.632000       2     33.264000  
AOI211X1           slow          16.632000       1     16.632000  
BUFX3              slow          13.305600       1     13.305600  
CLKINVX2           slow           9.979200       2     19.958401  
CLKINVX3           slow           9.979200       3     29.937601  
CLKINVX4           slow          13.305600       1     13.305600  
DFFHQX2            slow          66.528000       1     66.528000  n
DFFHQXL            slow          53.222401       3    159.667202  n
DFFX2              slow          69.854401       1     69.854401  n
DFFX4              slow          83.160004       1     83.160004  n
DFFXL              slow          56.548801      50   2827.440071  n
EDFFXL             slow          76.507202      10    765.072021  n
INVX1              slow           6.652800      36    239.500803  
INVX2              slow           9.979200      45    449.064016  
INVX4              slow          13.305600       1     13.305600  
INVX8              slow          19.958401       2     39.916801  
INVXL              slow           6.652800      14     93.139201  
MXI2XL             slow          23.284800       1     23.284800  
NAND2X1            slow           9.979200       4     39.916801  
NAND2XL            slow           9.979200       1      9.979200  
NAND3BX4           slow          36.590401       1     36.590401  
NAND3X1            slow          13.305600       4     53.222401  
NAND3X4            slow          33.264000       1     33.264000  
NAND3XL            slow          13.305600       1     13.305600  
NOR2X1             slow           9.979200       2     19.958401  
NOR2X2             slow          16.632000       1     16.632000  
NOR2XL             slow           9.979200       1      9.979200  
NOR3X1             slow          13.305600       1     13.305600  
OAI2BB1X4          slow          33.264000       4    133.056000  
OAI2BB1XL          slow          16.632000       5     83.160000  
OAI21XL            slow          13.305600       7     93.139201  
OAI22X1            slow          19.958401       1     19.958401  
OAI31X1            slow          19.958401       1     19.958401  
OAI32X1            slow          23.284800       3     69.854399  
OAI211X1           slow          19.958401       1     19.958401  
OR2X2              slow          13.305600       2     26.611200  
OR2XL              slow          13.305600       1     13.305600  
XNOR2X1            slow          26.611200       2     53.222401  
XOR2X1             slow          26.611200       2     53.222401  
dss_v2_group_candidate_store  21761.308893       1  21761.308893  h, n
dss_v2_group_slot_decode        146.361602       1    146.361602  h
recam_dss_g2x2_r_static_selector
                               4563.820807       1   4563.820807  h
-----------------------------------------------------------------------------
Total 50 references                                 33925.953804

****************************************
Design: dss_v2_group_candidate_store 
****************************************
Reference          Library       Unit Area   Count    Total Area   Attributes
-----------------------------------------------------------------------------
ADDFX1             slow          69.854401       2    139.708801  r
ADDFX2             slow          69.854401       5    349.272003  r
AND2X1             slow          13.305600       9    119.750401  
AND2X2             slow          13.305600       7     93.139201  
AND3X1             slow          16.632000       3     49.896000  
AND3X4             slow          19.958401       1     19.958401  
AND4X2             slow          19.958401      17    339.292812  
AOI2BB1X1          slow          16.632000       1     16.632000  
AOI2BB2X1          slow          23.284800      18    419.126392  
AOI2BB2X2          slow          29.937599      67   2005.819145  
AOI2BB2X4          slow          49.896000      75   3742.199993  
AOI2BB2XL          slow          23.284800      12    279.417595  
AOI21X1            slow          13.305600      17    226.195203  
AOI21XL            slow          13.305600       1     13.305600  
AOI22X1            slow          16.632000      10    166.320000  
AOI22X2            slow          29.937599      10    299.375992  
AOI22X4            slow          46.569599      10    465.695992  
AOI22XL            slow          16.632000      30    498.959999  
AOI31X1            slow          16.632000      56    931.391998  
AOI221X1           slow          23.284800       1     23.284800  
AOI222X1           slow          26.611200       6    159.667202  
AOI222X2           slow          46.569599       1     46.569599  
AOI222X4           slow          39.916801       1     39.916801  
AOI222XL           slow          26.611200       6    159.667202  
BUFX3              slow          13.305600       5     66.528001  
BUFX8              slow          29.937599       1     29.937599  
BUFX12             slow          33.264000       2     66.528000  
BUFX16             slow          43.243198       3    129.729595  
BUFX20             slow          53.222401       5    266.112003  
CLKINVX3           slow           9.979200       3     29.937601  
CLKINVX8           slow          19.958401       7    139.708805  
CLKINVX20          slow          96.465599       1     96.465599  
CLKINVXL           slow           9.979200       1      9.979200  
DFFXL              slow          56.548801      60   3392.928085  n
INVX1              slow           6.652800     101    671.932808  
INVX2              slow           9.979200       1      9.979200  
INVX4              slow          13.305600      13    172.972802  
INVX8              slow          19.958401      65   1297.296047  
INVXL              slow           6.652800      13     86.486401  
MXI2X2             slow          26.611200       1     26.611200  
NAND2X1            slow           9.979200       5     49.896002  
NAND2X2            slow          16.632000       3     49.896000  
NAND2X4            slow          23.284800       2     46.569599  
NAND3BX4           slow          36.590401       1     36.590401  
NAND3X1            slow          13.305600      25    332.640004  
NAND3X2            slow          23.284800      27    628.689589  
NAND3X4            slow          33.264000      31   1031.183998  
NAND4BX4           slow          59.875198       1     59.875198  
NAND4X1            slow          16.632000       5     83.160000  
NOR2X1             slow           9.979200       6     59.875202  
NOR2XL             slow           9.979200       2     19.958401  
NOR3X1             slow          13.305600       6     79.833601  
NOR3XL             slow          13.305600       4     53.222401  
OAI2BB1X1          slow          16.632000       3     49.896000  
OAI2BB1XL          slow          16.632000       2     33.264000  
OAI21XL            slow          13.305600       3     39.916800  
OAI22X1            slow          19.958401       2     39.916801  
OAI22X2            slow          29.937599       1     29.937599  
OAI222X1           slow          29.937599       1     29.937599  
OR2X2              slow          13.305600      69    918.086411  
OR2X4              slow          19.958401       5     99.792004  
OR4X1              slow          19.958401       3     59.875202  
XOR2X1             slow          26.611200      13    345.945604  
XOR2XL             slow          26.611200       7    186.278402  
XOR3X2             slow          59.875198       5    299.375992  
-----------------------------------------------------------------------------
Total 65 references                                 21761.308893

****************************************
Design: dss_v2_group_slot_decode 
****************************************
Reference          Library       Unit Area   Count    Total Area   Attributes
-----------------------------------------------------------------------------
AND2X4             slow          16.632000       2     33.264000  
CLKINVX2           slow           9.979200       1      9.979200  
CLKINVXL           slow           9.979200       1      9.979200  
DLY1X1             slow          19.958401       1     19.958401  
INVX1              slow           6.652800       3     19.958400  
INVX2              slow           9.979200       1      9.979200  
INVX4              slow          13.305600       1     13.305600  
OAI2BB1X1          slow          16.632000       1     16.632000  
OR2XL              slow          13.305600       1     13.305600  
-----------------------------------------------------------------------------
Total 9 references                                    146.361602

****************************************
Design: recam_dss_g2x2_r_static_selector 
****************************************
Reference          Library       Unit Area   Count    Total Area   Attributes
-----------------------------------------------------------------------------
AND2X1             slow          13.305600       3     39.916800  
AND2X2             slow          13.305600      17    226.195203  
AND2X4             slow          16.632000       8    133.056000  
AND3X1             slow          16.632000       2     33.264000  
AND3X4             slow          19.958401       6    119.750404  
AND3XL             slow          16.632000       1     16.632000  
AND4X4             slow          36.590401       2     73.180801  
AOI21X4            slow          33.264000       1     33.264000  
AOI22X1            slow          16.632000      11    182.952000  
AOI22X2            slow          29.937599       2     59.875198  
AOI22XL            slow          16.632000       4     66.528000  
AOI211X2           slow          29.937599       3     89.812798  
BUFX12             slow          33.264000       2     66.528000  
CLKINVX4           slow          13.305600       5     66.528001  
INVX1              slow           6.652800       1      6.652800  
INVX2              slow           9.979200       3     29.937601  
INVXL              slow           6.652800       3     19.958400  
NAND2BX2           slow          19.958401       1     19.958401  
NAND2BX4           slow          26.611200       9    239.500803  
NAND2BXL           slow          13.305600       5     66.528001  
NAND2X1            slow           9.979200       5     49.896002  
NAND2X2            slow          16.632000      12    199.584000  
NAND2X4            slow          23.284800       5    116.423998  
NAND2XL            slow           9.979200      18    179.625607  
NAND3BX2           slow          26.611200       3     79.833601  
NAND3BX4           slow          36.590401       1     36.590401  
NAND3BXL           slow          16.632000       3     49.896000  
NAND3X2            slow          23.284800       2     46.569599  
NAND3X4            slow          33.264000       5    166.320000  
NAND3XL            slow          13.305600       1     13.305600  
NAND4BX4           slow          59.875198       5    299.375992  
NAND4BXL           slow          19.958401       2     39.916801  
NAND4X1            slow          16.632000       1     16.632000  
NAND4X2            slow          29.937599       5    149.687996  
NAND4XL            slow          16.632000       1     16.632000  
NOR2BX1            slow          13.305600       3     39.916800  
NOR2BX4            slow          26.611200       8    212.889603  
NOR2X4             slow          23.284800       4     93.139198  
NOR2XL             slow           9.979200       2     19.958401  
NOR3X1             slow          13.305600       1     13.305600  
NOR3X4             slow          33.264000       2     66.528000  
NOR3XL             slow          13.305600       1     13.305600  
NOR4BX1            slow          19.958401       1     19.958401  
NOR4BX4            slow          59.875198       5    299.375992  
OAI2BB1X2          slow          23.284800       5    116.423998  
OAI2BB1X4          slow          33.264000       1     33.264000  
OAI2BB1XL          slow          16.632000      10    166.320000  
OAI21X4            slow          36.590401       1     36.590401  
OAI21XL            slow          13.305600       3     39.916800  
OAI211X2           slow          33.264000       2     66.528000  
OR2XL              slow          13.305600       1     13.305600  
OR4X4              slow          36.590401       1     36.590401  
XNOR2X4            slow          56.548801       4    226.195206  
-----------------------------------------------------------------------------
Total 53 references                                  4563.820807

****************************************
Design: recam_shared_config_analyzer_ROW_ADDR_W9_PHYS_COL_ADDR_W13_WORD_COL_ADDR_W5_HYBRID_LINE_ADDR_W13_HYBRID_ENTRIES7 
****************************************
Reference          Library       Unit Area   Count    Total Area   Attributes
-----------------------------------------------------------------------------
AND2X1             slow          13.305600       8    106.444801  
AND2X2             slow          13.305600      29    385.862405  
AND2X4             slow          16.632000      48    798.335999  
AND2XL             slow          13.305600       2     26.611200  
AND3X1             slow          16.632000      13    216.216000  
AND3X2             slow          16.632000      12    199.584000  
AND3X4             slow          19.958401     111   2215.382481  
AND3XL             slow          16.632000       1     16.632000  
AND4X1             slow          19.958401       7    139.708805  
AND4X2             slow          19.958401      21    419.126415  
AND4X4             slow          36.590401      94   3439.497665  
AOI2BB1X1          slow          16.632000       2     33.264000  
AOI2BB1X2          slow          23.284800       9    209.563196  
AOI2BB1X4          slow          36.590401       9    329.313606  
AOI2BB1XL          slow          16.632000       1     16.632000  
AOI2BB2X1          slow          23.284800      11    256.132795  
AOI2BB2X2          slow          29.937599      13    389.188789  
AOI2BB2X4          slow          49.896000       6    299.375999  
AOI2BB2XL          slow          23.284800       8    186.278397  
AOI21X2            slow          23.284800       1     23.284800  
AOI21X4            slow          33.264000       5    166.320000  
AOI22X1            slow          16.632000       9    149.688000  
AOI22X2            slow          29.937599       2     59.875198  
AOI22X4            slow          46.569599       1     46.569599  
AOI31X1            slow          16.632000       5     83.160000  
AOI31X2            slow          29.937599      10    299.375992  
AOI31X4            slow          29.937599       5    149.687996  
AOI31XL            slow          16.632000       1     16.632000  
AOI32X2            slow          36.590401       6    219.542404  
AOI32X4            slow          33.264000       3     99.792000  
AOI33X1            slow          26.611200       1     26.611200  
AOI33X2            slow          43.243198       4    172.972794  
AOI33X4            slow          36.590401       2     73.180801  
AOI211X1           slow          16.632000       3     49.896000  
AOI211X2           slow          29.937599      16    479.001587  
AOI211X4           slow          33.264000       1     33.264000  
AOI221X1           slow          23.284800       2     46.569599  
AOI221X2           slow          39.916801      14    558.835220  
AOI221X4           slow          36.590401       5    182.952003  
AOI221XL           slow          23.284800       1     23.284800  
AOI222X1           slow          26.611200      20    532.224007  
AOI222X2           slow          46.569599       9    419.126392  
AOI222X4           slow          39.916801       2     79.833603  
BUFX1              slow          13.305600      27    359.251204  
BUFX2              slow          13.305600       9    119.750401  
BUFX3              slow          13.305600      40    532.224007  
BUFX4              slow          16.632000      17    282.743999  
BUFX8              slow          29.937599      65   1945.943947  
BUFX12             slow          33.264000      29    964.655998  
BUFX16             slow          43.243198      15    648.647976  
BUFX20             slow          53.222401      52   2767.564835  
CLKBUFX1           slow          13.305600       2     26.611200  
CLKBUFX2           slow          13.305600       6     79.833601  
CLKBUFX3           slow          13.305600       3     39.916800  
CLKBUFX4           slow          16.632000       2     33.264000  
CLKBUFX8           slow          23.284800      11    256.132795  
CLKBUFXL           slow          13.305600       7     93.139201  
CLKINVX1           slow           9.979200       8     79.833603  
CLKINVX2           slow           9.979200      34    339.292812  
CLKINVX3           slow           9.979200     227   2265.278482  
CLKINVX4           slow          13.305600      81   1077.753613  
CLKINVX8           slow          19.958401     134   2674.425697  
CLKINVX12          slow          63.201599       1     63.201599  
CLKINVX16          slow          83.160004       1     83.160004  
CLKINVX20          slow          96.465599      35   3376.295967  
CLKINVXL           slow           9.979200      63    628.689623  
DLY1X1             slow          19.958401      71   1417.046452  
INVX1              slow           6.652800     335   2228.688028  
INVX2              slow           9.979200     115   1147.608042  
INVX3              slow          13.305600      40    532.224007  
INVX4              slow          13.305600     161   2142.201627  
INVX8              slow          19.958401     224   4470.681763  
INVX12             slow          43.243198      15    648.647976  
INVX16             slow          56.548801       9    508.939213  
INVX20             slow          63.201599       7    442.411194  
INVXL              slow           6.652800     103    685.238409  
MX2X1              slow          26.611200      30    798.336010  
MX2X2              slow          29.937599      41   1227.441566  
MX2X4              slow          33.264000     152   5056.127991  
MX2XL              slow          26.611200      10    266.112003  
MXI2X1             slow          23.284800      20    465.695992  
MXI2X2             slow          26.611200     107   2847.398436  
MXI2X4             slow          46.569599     173   8056.540653  
MXI2XL             slow          23.284800      15    349.271994  
NAND2BX1           slow          13.305600       8    106.444801  
NAND2BX2           slow          19.958401       9    179.625607  
NAND2BX4           slow          26.611200      59   1570.060820  
NAND2BXL           slow          13.305600       1     13.305600  
NAND2X1            slow           9.979200      16    159.667206  
NAND2X2            slow          16.632000      37    615.383999  
NAND2X4            slow          23.284800     117   2724.321550  
NAND2XL            slow           9.979200      13    129.729605  
NAND3BX1           slow          16.632000       1     16.632000  
NAND3BX2           slow          26.611200       6    159.667202  
NAND3BX4           slow          36.590401      19    695.217613  
NAND3X1            slow          13.305600      97   1290.643216  
NAND3X2            slow          23.284800      37    861.537584  
NAND3X4            slow          33.264000      60   1995.839996  
NAND3XL            slow          13.305600      37    492.307206  
NAND4BBX2          slow          36.590401       6    219.542404  
NAND4BBX4          slow          63.201599      12    758.419189  
NAND4BX2           slow          33.264000       4    133.056000  
NAND4BX4           slow          59.875198      18   1077.753571  
NAND4X1            slow          16.632000      58    964.655998  
NAND4X2            slow          29.937599      30    898.127975  
NAND4X4            slow          56.548801      93   5259.038532  
NAND4XL            slow          16.632000      14    232.848000  
NOR2BX1            slow          13.305600       2     26.611200  
NOR2BX2            slow          19.958401       4     79.833603  
NOR2BX4            slow          26.611200      12    319.334404  
NOR2X1             slow           9.979200      11    109.771204  
NOR2X2             slow          16.632000      23    382.535999  
NOR2X4             slow          23.284800      91   2118.916761  
NOR2XL             slow           9.979200       9     89.812803  
NOR3BX4            slow          36.590401       3    109.771202  
NOR3X1             slow          13.305600       1     13.305600  
NOR3X2             slow          23.284800       2     46.569599  
NOR3X4             slow          33.264000       8    266.112000  
NOR3XL             slow          13.305600       1     13.305600  
NOR4BX2            slow          33.264000       1     33.264000  
NOR4X2             slow          29.937599       3     89.812798  
NOR4X4             slow          56.548801       9    508.939213  
OAI2BB1X1          slow          16.632000      17    282.743999  
OAI2BB1X2          slow          23.284800      30    698.543987  
OAI2BB1X4          slow          33.264000      55   1829.519997  
OAI2BB1XL          slow          16.632000      10    166.320000  
OAI2BB2X1          slow          23.284800       3     69.854399  
OAI2BB2X2          slow          33.264000       2     66.528000  
OAI2BB2X4          slow          49.896000       7    349.271999  
OAI21X1            slow          16.632000       1     16.632000  
OAI21X4            slow          36.590401       8    292.723206  
OAI21XL            slow          13.305600       1     13.305600  
OAI22X1            slow          19.958401      11    219.542408  
OAI22X2            slow          29.937599      10    299.375992  
OAI22X4            slow          46.569599       9    419.126392  
OAI22XL            slow          19.958401      23    459.043217  
OAI31X2            slow          29.937599       8    239.500793  
OAI31X4            slow          29.937599       1     29.937599  
OAI32X1            slow          23.284800       1     23.284800  
OAI32X2            slow          36.590401       4    146.361603  
OAI32X4            slow          33.264000       2     66.528000  
OAI33X4            slow          36.590401       6    219.542404  
OAI211X1           slow          19.958401       1     19.958401  
OAI211X2           slow          33.264000      27    898.127998  
OAI211X4           slow          29.937599      14    419.126389  
OAI221X2           slow          43.243198       4    172.972794  
OAI221XL           slow          23.284800       1     23.284800  
OAI222X1           slow          29.937599       1     29.937599  
OAI222X2           slow          49.896000       8    399.167999  
OAI222X4           slow          39.916801       2     79.833603  
OR2X1              slow          13.305600      16    212.889603  
OR2X2              slow          13.305600     196   2607.897633  
OR2X4              slow          19.958401     172   3432.844925  
OR2XL              slow          13.305600      50    665.280008  
OR3X4              slow          29.937599       2     59.875198  
OR3XL              slow          16.632000       1     16.632000  
OR4X1              slow          19.958401       3     59.875202  
OR4X2              slow          19.958401      20    399.168015  
OR4X4              slow          36.590401      15    548.856010  
XNOR2X1            slow          26.611200       7    186.278402  
XNOR2X2            slow          36.590401      21    768.398415  
XNOR2X4            slow          56.548801      93   5259.038532  
XNOR2XL            slow          26.611200       2     53.222401  
XOR2X1             slow          26.611200     205   5455.296068  
XOR2X2             slow          33.264000     298   9912.671982  
XOR2X4             slow          56.548801     262  14815.785973  
XOR2XL             slow          26.611200      80   2128.896027  
-----------------------------------------------------------------------------
Total 167 references                                144997.777300
1
