 
****************************************
Report : cell
Design : recam_dss_grid2x2_directional_rs2_cs2_m1_hyp02_early_live_state_top
Version: W-2024.09-SP2
Date   : Mon Sep 28 02:31:10 2026
****************************************

Attributes:
    b - black box (unknown)
    h - hierarchical
    n - noncombinational
    p - parameterized
    r - removable
    u - contains unmapped logic

Cell                      Reference       Library             Area  Attributes
--------------------------------------------------------------------------------
U2                        BUFX12          slow            33.264000 
U3                        BUFX8           slow            29.937599 
U4                        BUFX12          slow            33.264000 
U5                        BUFX3           slow            13.305600 
U6                        CLKBUFX8        slow            23.284800 
U7                        BUFX3           slow            13.305600 
U8                        BUFX3           slow            13.305600 
U9                        BUFX3           slow            13.305600 
U10                       BUFX3           slow            13.305600 
U11                       AND2X4          slow            16.632000 
analyzer                  recam_shared_config_analyzer_ROW_ADDR_W9_PHYS_COL_ADDR_W13_WORD_COL_ADDR_W5_HYBRID_LINE_ADDR_W13_HYBRID_ENTRIES7
                                                          95384.520799
                                                                    h, p
core                      recam_dss_grid2x2_directional_rs2_cs2_m1_hyp02_early_live_state_core
                                                          2970.475234
                                                                    h, n
selected_address_mux      dss_early_selected_address_mux_ROW_ADDR_W9_PHYS_COL_ADDR_W13
                                                          6110.596822
                                                                    h, p
--------------------------------------------------------------------------------
Total 13 cells                                            104668.503253
1
