 
****************************************
Report : area
Design : repair_decode_area_engine_ENTRY_NUM14
Version: W-2024.09-SP2
Date   : Wed Sep  9 14:42:40 2026
****************************************

Library(s) Used:

    slow (File: /cad/std_libraries/CBDK_TSMC018_Arm_f1.0/CIC/SynopsysDC/db/slow.db)

Number of ports:                         3707
Number of nets:                         11384
Number of cells:                         8133
Number of combinational cells:           7687
Number of sequential cells:               445
Number of macros/black boxes:               0
Number of buf/inv:                        984
Number of references:                      16

Combinational area:             167278.004297
Buf/Inv area:                    38785.824106
Noncombinational area:           45857.750656
Macro/Black Box area:                0.000000
Net Interconnect area:         1074878.775452

Total cell area:                213135.754953
Total area:                    1288014.530405

Hierarchical area distribution
------------------------------

                                  Global cell area              Local cell area
                                  --------------------  ------------------------------- 
Hierarchical cell                 Absolute     Percent  Combi-       Noncombi-   Black-
                                  Total        Total    national     national    boxes   Design
--------------------------------  -----------  -------  -----------  ----------  ------  -----------------------------------------------------------------------------------
repair_decode_area_engine_ENTRY_NUM14
                                  213135.7550    100.0   63683.9283  45857.7507  0.0000  repair_decode_area_engine_ENTRY_NUM14
decoder                           103594.0760     48.6  103594.0760      0.0000  0.0000  repair_decode_with_hybrid_MAX_K5_NUM_CFG7_ENTRY_NUM14_ROW_W10_COL_W10_PATTERN_ID_W4
--------------------------------  -----------  -------  -----------  ----------  ------  -----------------------------------------------------------------------------------
Total                                                   167278.0043  45857.7507  0.0000

1
