 
****************************************
check_design summary:
Version:     W-2024.09-SP2
Date:        Wed Sep  9 14:41:59 2026
****************************************

                   Name                                            Total
--------------------------------------------------------------------------------
Cells                                                             354
    Cells do not drive (LINT-1)                                   354
--------------------------------------------------------------------------------

Warning: In design 'repair_decode_area_engine_ENTRY_NUM14', cell 'C1911' does not drive any nets. (LINT-1)
Warning: In design 'repair_decode_with_hybrid_MAX_K5_NUM_CFG7_ENTRY_NUM14_ROW_W10_COL_W10_PATTERN_ID_W4', cell 'B_1657' does not drive any nets. (LINT-1)
Warning: In design 'repair_decode_with_hybrid_MAX_K5_NUM_CFG7_ENTRY_NUM14_ROW_W10_COL_W10_PATTERN_ID_W4', cell 'B_1658' does not drive any nets. (LINT-1)
Warning: In design 'repair_decode_with_hybrid_MAX_K5_NUM_CFG7_ENTRY_NUM14_ROW_W10_COL_W10_PATTERN_ID_W4', cell 'B_1659' does not drive any nets. (LINT-1)
Warning: In design 'repair_decode_with_hybrid_MAX_K5_NUM_CFG7_ENTRY_NUM14_ROW_W10_COL_W10_PATTERN_ID_W4', cell 'C18504' does not drive any nets. (LINT-1)
Warning: In design 'repair_decode_with_hybrid_MAX_K5_NUM_CFG7_ENTRY_NUM14_ROW_W10_COL_W10_PATTERN_ID_W4', cell 'C18510' does not drive any nets. (LINT-1)
Warning: In design 'repair_decode_with_hybrid_MAX_K5_NUM_CFG7_ENTRY_NUM14_ROW_W10_COL_W10_PATTERN_ID_W4', cell 'B_1678' does not drive any nets. (LINT-1)
Warning: In design 'repair_decode_with_hybrid_MAX_K5_NUM_CFG7_ENTRY_NUM14_ROW_W10_COL_W10_PATTERN_ID_W4', cell 'B_1679' does not drive any nets. (LINT-1)
Warning: In design 'repair_decode_with_hybrid_MAX_K5_NUM_CFG7_ENTRY_NUM14_ROW_W10_COL_W10_PATTERN_ID_W4', cell 'C18590' does not drive any nets. (LINT-1)
Warning: In design 'repair_decode_with_hybrid_MAX_K5_NUM_CFG7_ENTRY_NUM14_ROW_W10_COL_W10_PATTERN_ID_W4', cell 'C18596' does not drive any nets. (LINT-1)
Warning: In design 'repair_decode_with_hybrid_MAX_K5_NUM_CFG7_ENTRY_NUM14_ROW_W10_COL_W10_PATTERN_ID_W4', cell 'B_1696' does not drive any nets. (LINT-1)
Warning: In design 'repair_decode_with_hybrid_MAX_K5_NUM_CFG7_ENTRY_NUM14_ROW_W10_COL_W10_PATTERN_ID_W4', cell 'B_1697' does not drive any nets. (LINT-1)
Warning: In design 'repair_decode_with_hybrid_MAX_K5_NUM_CFG7_ENTRY_NUM14_ROW_W10_COL_W10_PATTERN_ID_W4', cell 'C18676' does not drive any nets. (LINT-1)
Warning: In design 'repair_decode_with_hybrid_MAX_K5_NUM_CFG7_ENTRY_NUM14_ROW_W10_COL_W10_PATTERN_ID_W4', cell 'C18682' does not drive any nets. (LINT-1)
Warning: In design 'repair_decode_with_hybrid_MAX_K5_NUM_CFG7_ENTRY_NUM14_ROW_W10_COL_W10_PATTERN_ID_W4', cell 'B_1714' does not drive any nets. (LINT-1)
Warning: In design 'repair_decode_with_hybrid_MAX_K5_NUM_CFG7_ENTRY_NUM14_ROW_W10_COL_W10_PATTERN_ID_W4', cell 'B_1715' does not drive any nets. (LINT-1)
Warning: In design 'repair_decode_with_hybrid_MAX_K5_NUM_CFG7_ENTRY_NUM14_ROW_W10_COL_W10_PATTERN_ID_W4', cell 'C18762' does not drive any nets. (LINT-1)
Warning: In design 'repair_decode_with_hybrid_MAX_K5_NUM_CFG7_ENTRY_NUM14_ROW_W10_COL_W10_PATTERN_ID_W4', cell 'C18768' does not drive any nets. (LINT-1)
Warning: In design 'repair_decode_with_hybrid_MAX_K5_NUM_CFG7_ENTRY_NUM14_ROW_W10_COL_W10_PATTERN_ID_W4', cell 'B_1732' does not drive any nets. (LINT-1)
Warning: In design 'repair_decode_with_hybrid_MAX_K5_NUM_CFG7_ENTRY_NUM14_ROW_W10_COL_W10_PATTERN_ID_W4', cell 'B_1733' does not drive any nets. (LINT-1)
Warning: In design 'repair_decode_with_hybrid_MAX_K5_NUM_CFG7_ENTRY_NUM14_ROW_W10_COL_W10_PATTERN_ID_W4', cell 'C18848' does not drive any nets. (LINT-1)
Warning: In design 'repair_decode_with_hybrid_MAX_K5_NUM_CFG7_ENTRY_NUM14_ROW_W10_COL_W10_PATTERN_ID_W4', cell 'C18854' does not drive any nets. (LINT-1)
Warning: In design 'repair_decode_with_hybrid_MAX_K5_NUM_CFG7_ENTRY_NUM14_ROW_W10_COL_W10_PATTERN_ID_W4', cell 'B_1750' does not drive any nets. (LINT-1)
Warning: In design 'repair_decode_with_hybrid_MAX_K5_NUM_CFG7_ENTRY_NUM14_ROW_W10_COL_W10_PATTERN_ID_W4', cell 'B_1751' does not drive any nets. (LINT-1)
Warning: In design 'repair_decode_with_hybrid_MAX_K5_NUM_CFG7_ENTRY_NUM14_ROW_W10_COL_W10_PATTERN_ID_W4', cell 'C18934' does not drive any nets. (LINT-1)
Warning: In design 'repair_decode_with_hybrid_MAX_K5_NUM_CFG7_ENTRY_NUM14_ROW_W10_COL_W10_PATTERN_ID_W4', cell 'C18940' does not drive any nets. (LINT-1)
Warning: In design 'repair_decode_with_hybrid_MAX_K5_NUM_CFG7_ENTRY_NUM14_ROW_W10_COL_W10_PATTERN_ID_W4', cell 'B_1768' does not drive any nets. (LINT-1)
Warning: In design 'repair_decode_with_hybrid_MAX_K5_NUM_CFG7_ENTRY_NUM14_ROW_W10_COL_W10_PATTERN_ID_W4', cell 'B_1769' does not drive any nets. (LINT-1)
Warning: In design 'repair_decode_with_hybrid_MAX_K5_NUM_CFG7_ENTRY_NUM14_ROW_W10_COL_W10_PATTERN_ID_W4', cell 'C19020' does not drive any nets. (LINT-1)
Warning: In design 'repair_decode_with_hybrid_MAX_K5_NUM_CFG7_ENTRY_NUM14_ROW_W10_COL_W10_PATTERN_ID_W4', cell 'C19026' does not drive any nets. (LINT-1)
Warning: In design 'repair_decode_with_hybrid_MAX_K5_NUM_CFG7_ENTRY_NUM14_ROW_W10_COL_W10_PATTERN_ID_W4', cell 'B_1786' does not drive any nets. (LINT-1)
Warning: In design 'repair_decode_with_hybrid_MAX_K5_NUM_CFG7_ENTRY_NUM14_ROW_W10_COL_W10_PATTERN_ID_W4', cell 'B_1787' does not drive any nets. (LINT-1)
Warning: In design 'repair_decode_with_hybrid_MAX_K5_NUM_CFG7_ENTRY_NUM14_ROW_W10_COL_W10_PATTERN_ID_W4', cell 'C19106' does not drive any nets. (LINT-1)
Warning: In design 'repair_decode_with_hybrid_MAX_K5_NUM_CFG7_ENTRY_NUM14_ROW_W10_COL_W10_PATTERN_ID_W4', cell 'C19112' does not drive any nets. (LINT-1)
Warning: In design 'repair_decode_with_hybrid_MAX_K5_NUM_CFG7_ENTRY_NUM14_ROW_W10_COL_W10_PATTERN_ID_W4', cell 'B_1804' does not drive any nets. (LINT-1)
Warning: In design 'repair_decode_with_hybrid_MAX_K5_NUM_CFG7_ENTRY_NUM14_ROW_W10_COL_W10_PATTERN_ID_W4', cell 'B_1805' does not drive any nets. (LINT-1)
Warning: In design 'repair_decode_with_hybrid_MAX_K5_NUM_CFG7_ENTRY_NUM14_ROW_W10_COL_W10_PATTERN_ID_W4', cell 'C19192' does not drive any nets. (LINT-1)
Warning: In design 'repair_decode_with_hybrid_MAX_K5_NUM_CFG7_ENTRY_NUM14_ROW_W10_COL_W10_PATTERN_ID_W4', cell 'C19198' does not drive any nets. (LINT-1)
Warning: In design 'repair_decode_with_hybrid_MAX_K5_NUM_CFG7_ENTRY_NUM14_ROW_W10_COL_W10_PATTERN_ID_W4', cell 'B_1822' does not drive any nets. (LINT-1)
Warning: In design 'repair_decode_with_hybrid_MAX_K5_NUM_CFG7_ENTRY_NUM14_ROW_W10_COL_W10_PATTERN_ID_W4', cell 'B_1823' does not drive any nets. (LINT-1)
Warning: In design 'repair_decode_with_hybrid_MAX_K5_NUM_CFG7_ENTRY_NUM14_ROW_W10_COL_W10_PATTERN_ID_W4', cell 'C19278' does not drive any nets. (LINT-1)
Warning: In design 'repair_decode_with_hybrid_MAX_K5_NUM_CFG7_ENTRY_NUM14_ROW_W10_COL_W10_PATTERN_ID_W4', cell 'C19284' does not drive any nets. (LINT-1)
Warning: In design 'repair_decode_with_hybrid_MAX_K5_NUM_CFG7_ENTRY_NUM14_ROW_W10_COL_W10_PATTERN_ID_W4', cell 'B_1840' does not drive any nets. (LINT-1)
Warning: In design 'repair_decode_with_hybrid_MAX_K5_NUM_CFG7_ENTRY_NUM14_ROW_W10_COL_W10_PATTERN_ID_W4', cell 'B_1841' does not drive any nets. (LINT-1)
Warning: In design 'repair_decode_with_hybrid_MAX_K5_NUM_CFG7_ENTRY_NUM14_ROW_W10_COL_W10_PATTERN_ID_W4', cell 'C19364' does not drive any nets. (LINT-1)
Warning: In design 'repair_decode_with_hybrid_MAX_K5_NUM_CFG7_ENTRY_NUM14_ROW_W10_COL_W10_PATTERN_ID_W4', cell 'C19370' does not drive any nets. (LINT-1)
Warning: In design 'repair_decode_with_hybrid_MAX_K5_NUM_CFG7_ENTRY_NUM14_ROW_W10_COL_W10_PATTERN_ID_W4', cell 'B_1858' does not drive any nets. (LINT-1)
Warning: In design 'repair_decode_with_hybrid_MAX_K5_NUM_CFG7_ENTRY_NUM14_ROW_W10_COL_W10_PATTERN_ID_W4', cell 'B_1859' does not drive any nets. (LINT-1)
Warning: In design 'repair_decode_with_hybrid_MAX_K5_NUM_CFG7_ENTRY_NUM14_ROW_W10_COL_W10_PATTERN_ID_W4', cell 'C19450' does not drive any nets. (LINT-1)
Warning: In design 'repair_decode_with_hybrid_MAX_K5_NUM_CFG7_ENTRY_NUM14_ROW_W10_COL_W10_PATTERN_ID_W4', cell 'C19456' does not drive any nets. (LINT-1)
Warning: In design 'repair_decode_with_hybrid_MAX_K5_NUM_CFG7_ENTRY_NUM14_ROW_W10_COL_W10_PATTERN_ID_W4', cell 'B_1876' does not drive any nets. (LINT-1)
Warning: In design 'repair_decode_with_hybrid_MAX_K5_NUM_CFG7_ENTRY_NUM14_ROW_W10_COL_W10_PATTERN_ID_W4', cell 'B_1877' does not drive any nets. (LINT-1)
Warning: In design 'repair_decode_with_hybrid_MAX_K5_NUM_CFG7_ENTRY_NUM14_ROW_W10_COL_W10_PATTERN_ID_W4', cell 'C19544' does not drive any nets. (LINT-1)
Warning: In design 'repair_decode_with_hybrid_MAX_K5_NUM_CFG7_ENTRY_NUM14_ROW_W10_COL_W10_PATTERN_ID_W4', cell 'C19550' does not drive any nets. (LINT-1)
Warning: In design 'repair_decode_with_hybrid_MAX_K5_NUM_CFG7_ENTRY_NUM14_ROW_W10_COL_W10_PATTERN_ID_W4', cell 'B_1894' does not drive any nets. (LINT-1)
Warning: In design 'repair_decode_with_hybrid_MAX_K5_NUM_CFG7_ENTRY_NUM14_ROW_W10_COL_W10_PATTERN_ID_W4', cell 'B_1895' does not drive any nets. (LINT-1)
Warning: In design 'repair_decode_with_hybrid_MAX_K5_NUM_CFG7_ENTRY_NUM14_ROW_W10_COL_W10_PATTERN_ID_W4', cell 'C19637' does not drive any nets. (LINT-1)
Warning: In design 'repair_decode_with_hybrid_MAX_K5_NUM_CFG7_ENTRY_NUM14_ROW_W10_COL_W10_PATTERN_ID_W4', cell 'C19643' does not drive any nets. (LINT-1)
Warning: In design 'repair_decode_with_hybrid_MAX_K5_NUM_CFG7_ENTRY_NUM14_ROW_W10_COL_W10_PATTERN_ID_W4', cell 'C19679' does not drive any nets. (LINT-1)
Warning: In design 'repair_decode_with_hybrid_MAX_K5_NUM_CFG7_ENTRY_NUM14_ROW_W10_COL_W10_PATTERN_ID_W4', cell 'C19682' does not drive any nets. (LINT-1)
Warning: In design 'repair_decode_with_hybrid_MAX_K5_NUM_CFG7_ENTRY_NUM14_ROW_W10_COL_W10_PATTERN_ID_W4', cell 'C19685' does not drive any nets. (LINT-1)
Warning: In design 'repair_decode_with_hybrid_MAX_K5_NUM_CFG7_ENTRY_NUM14_ROW_W10_COL_W10_PATTERN_ID_W4', cell 'C19688' does not drive any nets. (LINT-1)
Warning: In design 'repair_decode_with_hybrid_MAX_K5_NUM_CFG7_ENTRY_NUM14_ROW_W10_COL_W10_PATTERN_ID_W4', cell 'C19691' does not drive any nets. (LINT-1)
Warning: In design 'repair_decode_with_hybrid_MAX_K5_NUM_CFG7_ENTRY_NUM14_ROW_W10_COL_W10_PATTERN_ID_W4', cell 'C19721' does not drive any nets. (LINT-1)
Warning: In design 'repair_decode_with_hybrid_MAX_K5_NUM_CFG7_ENTRY_NUM14_ROW_W10_COL_W10_PATTERN_ID_W4', cell 'C19724' does not drive any nets. (LINT-1)
Warning: In design 'repair_decode_with_hybrid_MAX_K5_NUM_CFG7_ENTRY_NUM14_ROW_W10_COL_W10_PATTERN_ID_W4', cell 'C19727' does not drive any nets. (LINT-1)
Warning: In design 'repair_decode_with_hybrid_MAX_K5_NUM_CFG7_ENTRY_NUM14_ROW_W10_COL_W10_PATTERN_ID_W4', cell 'C19730' does not drive any nets. (LINT-1)
Warning: In design 'repair_decode_with_hybrid_MAX_K5_NUM_CFG7_ENTRY_NUM14_ROW_W10_COL_W10_PATTERN_ID_W4', cell 'C19733' does not drive any nets. (LINT-1)
Warning: In design 'repair_decode_with_hybrid_MAX_K5_NUM_CFG7_ENTRY_NUM14_ROW_W10_COL_W10_PATTERN_ID_W4', cell 'C19763' does not drive any nets. (LINT-1)
Warning: In design 'repair_decode_with_hybrid_MAX_K5_NUM_CFG7_ENTRY_NUM14_ROW_W10_COL_W10_PATTERN_ID_W4', cell 'C19766' does not drive any nets. (LINT-1)
Warning: In design 'repair_decode_with_hybrid_MAX_K5_NUM_CFG7_ENTRY_NUM14_ROW_W10_COL_W10_PATTERN_ID_W4', cell 'C19769' does not drive any nets. (LINT-1)
Warning: In design 'repair_decode_with_hybrid_MAX_K5_NUM_CFG7_ENTRY_NUM14_ROW_W10_COL_W10_PATTERN_ID_W4', cell 'C19772' does not drive any nets. (LINT-1)
Warning: In design 'repair_decode_with_hybrid_MAX_K5_NUM_CFG7_ENTRY_NUM14_ROW_W10_COL_W10_PATTERN_ID_W4', cell 'C19775' does not drive any nets. (LINT-1)
Warning: In design 'repair_decode_with_hybrid_MAX_K5_NUM_CFG7_ENTRY_NUM14_ROW_W10_COL_W10_PATTERN_ID_W4', cell 'C19805' does not drive any nets. (LINT-1)
Warning: In design 'repair_decode_with_hybrid_MAX_K5_NUM_CFG7_ENTRY_NUM14_ROW_W10_COL_W10_PATTERN_ID_W4', cell 'C19808' does not drive any nets. (LINT-1)
Warning: In design 'repair_decode_with_hybrid_MAX_K5_NUM_CFG7_ENTRY_NUM14_ROW_W10_COL_W10_PATTERN_ID_W4', cell 'C19811' does not drive any nets. (LINT-1)
Warning: In design 'repair_decode_with_hybrid_MAX_K5_NUM_CFG7_ENTRY_NUM14_ROW_W10_COL_W10_PATTERN_ID_W4', cell 'C19814' does not drive any nets. (LINT-1)
Warning: In design 'repair_decode_with_hybrid_MAX_K5_NUM_CFG7_ENTRY_NUM14_ROW_W10_COL_W10_PATTERN_ID_W4', cell 'C19817' does not drive any nets. (LINT-1)
Warning: In design 'repair_decode_with_hybrid_MAX_K5_NUM_CFG7_ENTRY_NUM14_ROW_W10_COL_W10_PATTERN_ID_W4', cell 'C19847' does not drive any nets. (LINT-1)
Warning: In design 'repair_decode_with_hybrid_MAX_K5_NUM_CFG7_ENTRY_NUM14_ROW_W10_COL_W10_PATTERN_ID_W4', cell 'C19850' does not drive any nets. (LINT-1)
Warning: In design 'repair_decode_with_hybrid_MAX_K5_NUM_CFG7_ENTRY_NUM14_ROW_W10_COL_W10_PATTERN_ID_W4', cell 'C19853' does not drive any nets. (LINT-1)
Warning: In design 'repair_decode_with_hybrid_MAX_K5_NUM_CFG7_ENTRY_NUM14_ROW_W10_COL_W10_PATTERN_ID_W4', cell 'C19856' does not drive any nets. (LINT-1)
Warning: In design 'repair_decode_with_hybrid_MAX_K5_NUM_CFG7_ENTRY_NUM14_ROW_W10_COL_W10_PATTERN_ID_W4', cell 'C19859' does not drive any nets. (LINT-1)
Warning: In design 'repair_decode_with_hybrid_MAX_K5_NUM_CFG7_ENTRY_NUM14_ROW_W10_COL_W10_PATTERN_ID_W4', cell 'C19889' does not drive any nets. (LINT-1)
Warning: In design 'repair_decode_with_hybrid_MAX_K5_NUM_CFG7_ENTRY_NUM14_ROW_W10_COL_W10_PATTERN_ID_W4', cell 'C19892' does not drive any nets. (LINT-1)
Warning: In design 'repair_decode_with_hybrid_MAX_K5_NUM_CFG7_ENTRY_NUM14_ROW_W10_COL_W10_PATTERN_ID_W4', cell 'C19895' does not drive any nets. (LINT-1)
Warning: In design 'repair_decode_with_hybrid_MAX_K5_NUM_CFG7_ENTRY_NUM14_ROW_W10_COL_W10_PATTERN_ID_W4', cell 'C19898' does not drive any nets. (LINT-1)
Warning: In design 'repair_decode_with_hybrid_MAX_K5_NUM_CFG7_ENTRY_NUM14_ROW_W10_COL_W10_PATTERN_ID_W4', cell 'C19901' does not drive any nets. (LINT-1)
Warning: In design 'repair_decode_with_hybrid_MAX_K5_NUM_CFG7_ENTRY_NUM14_ROW_W10_COL_W10_PATTERN_ID_W4', cell 'C19931' does not drive any nets. (LINT-1)
Warning: In design 'repair_decode_with_hybrid_MAX_K5_NUM_CFG7_ENTRY_NUM14_ROW_W10_COL_W10_PATTERN_ID_W4', cell 'C19934' does not drive any nets. (LINT-1)
Warning: In design 'repair_decode_with_hybrid_MAX_K5_NUM_CFG7_ENTRY_NUM14_ROW_W10_COL_W10_PATTERN_ID_W4', cell 'C19937' does not drive any nets. (LINT-1)
Warning: In design 'repair_decode_with_hybrid_MAX_K5_NUM_CFG7_ENTRY_NUM14_ROW_W10_COL_W10_PATTERN_ID_W4', cell 'C19940' does not drive any nets. (LINT-1)
Warning: In design 'repair_decode_with_hybrid_MAX_K5_NUM_CFG7_ENTRY_NUM14_ROW_W10_COL_W10_PATTERN_ID_W4', cell 'C19943' does not drive any nets. (LINT-1)
Warning: In design 'repair_decode_with_hybrid_MAX_K5_NUM_CFG7_ENTRY_NUM14_ROW_W10_COL_W10_PATTERN_ID_W4', cell 'C19973' does not drive any nets. (LINT-1)
Warning: In design 'repair_decode_with_hybrid_MAX_K5_NUM_CFG7_ENTRY_NUM14_ROW_W10_COL_W10_PATTERN_ID_W4', cell 'C19976' does not drive any nets. (LINT-1)
Warning: In design 'repair_decode_with_hybrid_MAX_K5_NUM_CFG7_ENTRY_NUM14_ROW_W10_COL_W10_PATTERN_ID_W4', cell 'C19979' does not drive any nets. (LINT-1)
Warning: In design 'repair_decode_with_hybrid_MAX_K5_NUM_CFG7_ENTRY_NUM14_ROW_W10_COL_W10_PATTERN_ID_W4', cell 'C19982' does not drive any nets. (LINT-1)
Warning: In design 'repair_decode_with_hybrid_MAX_K5_NUM_CFG7_ENTRY_NUM14_ROW_W10_COL_W10_PATTERN_ID_W4', cell 'C19985' does not drive any nets. (LINT-1)
Warning: In design 'repair_decode_with_hybrid_MAX_K5_NUM_CFG7_ENTRY_NUM14_ROW_W10_COL_W10_PATTERN_ID_W4', cell 'C20015' does not drive any nets. (LINT-1)
Warning: In design 'repair_decode_with_hybrid_MAX_K5_NUM_CFG7_ENTRY_NUM14_ROW_W10_COL_W10_PATTERN_ID_W4', cell 'C20018' does not drive any nets. (LINT-1)
Warning: In design 'repair_decode_with_hybrid_MAX_K5_NUM_CFG7_ENTRY_NUM14_ROW_W10_COL_W10_PATTERN_ID_W4', cell 'C20021' does not drive any nets. (LINT-1)
Warning: In design 'repair_decode_with_hybrid_MAX_K5_NUM_CFG7_ENTRY_NUM14_ROW_W10_COL_W10_PATTERN_ID_W4', cell 'C20024' does not drive any nets. (LINT-1)
Warning: In design 'repair_decode_with_hybrid_MAX_K5_NUM_CFG7_ENTRY_NUM14_ROW_W10_COL_W10_PATTERN_ID_W4', cell 'C20027' does not drive any nets. (LINT-1)
Warning: In design 'repair_decode_with_hybrid_MAX_K5_NUM_CFG7_ENTRY_NUM14_ROW_W10_COL_W10_PATTERN_ID_W4', cell 'C20057' does not drive any nets. (LINT-1)
Warning: In design 'repair_decode_with_hybrid_MAX_K5_NUM_CFG7_ENTRY_NUM14_ROW_W10_COL_W10_PATTERN_ID_W4', cell 'C20060' does not drive any nets. (LINT-1)
Warning: In design 'repair_decode_with_hybrid_MAX_K5_NUM_CFG7_ENTRY_NUM14_ROW_W10_COL_W10_PATTERN_ID_W4', cell 'C20063' does not drive any nets. (LINT-1)
Warning: In design 'repair_decode_with_hybrid_MAX_K5_NUM_CFG7_ENTRY_NUM14_ROW_W10_COL_W10_PATTERN_ID_W4', cell 'C20066' does not drive any nets. (LINT-1)
Warning: In design 'repair_decode_with_hybrid_MAX_K5_NUM_CFG7_ENTRY_NUM14_ROW_W10_COL_W10_PATTERN_ID_W4', cell 'C20069' does not drive any nets. (LINT-1)
Warning: In design 'repair_decode_with_hybrid_MAX_K5_NUM_CFG7_ENTRY_NUM14_ROW_W10_COL_W10_PATTERN_ID_W4', cell 'C20099' does not drive any nets. (LINT-1)
Warning: In design 'repair_decode_with_hybrid_MAX_K5_NUM_CFG7_ENTRY_NUM14_ROW_W10_COL_W10_PATTERN_ID_W4', cell 'C20102' does not drive any nets. (LINT-1)
Warning: In design 'repair_decode_with_hybrid_MAX_K5_NUM_CFG7_ENTRY_NUM14_ROW_W10_COL_W10_PATTERN_ID_W4', cell 'C20105' does not drive any nets. (LINT-1)
Warning: In design 'repair_decode_with_hybrid_MAX_K5_NUM_CFG7_ENTRY_NUM14_ROW_W10_COL_W10_PATTERN_ID_W4', cell 'C20108' does not drive any nets. (LINT-1)
Warning: In design 'repair_decode_with_hybrid_MAX_K5_NUM_CFG7_ENTRY_NUM14_ROW_W10_COL_W10_PATTERN_ID_W4', cell 'C20111' does not drive any nets. (LINT-1)
Warning: In design 'repair_decode_with_hybrid_MAX_K5_NUM_CFG7_ENTRY_NUM14_ROW_W10_COL_W10_PATTERN_ID_W4', cell 'C20141' does not drive any nets. (LINT-1)
Warning: In design 'repair_decode_with_hybrid_MAX_K5_NUM_CFG7_ENTRY_NUM14_ROW_W10_COL_W10_PATTERN_ID_W4', cell 'C20144' does not drive any nets. (LINT-1)
Warning: In design 'repair_decode_with_hybrid_MAX_K5_NUM_CFG7_ENTRY_NUM14_ROW_W10_COL_W10_PATTERN_ID_W4', cell 'C20147' does not drive any nets. (LINT-1)
Warning: In design 'repair_decode_with_hybrid_MAX_K5_NUM_CFG7_ENTRY_NUM14_ROW_W10_COL_W10_PATTERN_ID_W4', cell 'C20150' does not drive any nets. (LINT-1)
Warning: In design 'repair_decode_with_hybrid_MAX_K5_NUM_CFG7_ENTRY_NUM14_ROW_W10_COL_W10_PATTERN_ID_W4', cell 'C20153' does not drive any nets. (LINT-1)
Warning: In design 'repair_decode_with_hybrid_MAX_K5_NUM_CFG7_ENTRY_NUM14_ROW_W10_COL_W10_PATTERN_ID_W4', cell 'C20183' does not drive any nets. (LINT-1)
Warning: In design 'repair_decode_with_hybrid_MAX_K5_NUM_CFG7_ENTRY_NUM14_ROW_W10_COL_W10_PATTERN_ID_W4', cell 'C20186' does not drive any nets. (LINT-1)
Warning: In design 'repair_decode_with_hybrid_MAX_K5_NUM_CFG7_ENTRY_NUM14_ROW_W10_COL_W10_PATTERN_ID_W4', cell 'C20189' does not drive any nets. (LINT-1)
Warning: In design 'repair_decode_with_hybrid_MAX_K5_NUM_CFG7_ENTRY_NUM14_ROW_W10_COL_W10_PATTERN_ID_W4', cell 'C20192' does not drive any nets. (LINT-1)
Warning: In design 'repair_decode_with_hybrid_MAX_K5_NUM_CFG7_ENTRY_NUM14_ROW_W10_COL_W10_PATTERN_ID_W4', cell 'C20195' does not drive any nets. (LINT-1)
Warning: In design 'repair_decode_with_hybrid_MAX_K5_NUM_CFG7_ENTRY_NUM14_ROW_W10_COL_W10_PATTERN_ID_W4', cell 'C20225' does not drive any nets. (LINT-1)
Warning: In design 'repair_decode_with_hybrid_MAX_K5_NUM_CFG7_ENTRY_NUM14_ROW_W10_COL_W10_PATTERN_ID_W4', cell 'C20228' does not drive any nets. (LINT-1)
Warning: In design 'repair_decode_with_hybrid_MAX_K5_NUM_CFG7_ENTRY_NUM14_ROW_W10_COL_W10_PATTERN_ID_W4', cell 'C20231' does not drive any nets. (LINT-1)
Warning: In design 'repair_decode_with_hybrid_MAX_K5_NUM_CFG7_ENTRY_NUM14_ROW_W10_COL_W10_PATTERN_ID_W4', cell 'C20234' does not drive any nets. (LINT-1)
Warning: In design 'repair_decode_with_hybrid_MAX_K5_NUM_CFG7_ENTRY_NUM14_ROW_W10_COL_W10_PATTERN_ID_W4', cell 'C20237' does not drive any nets. (LINT-1)
Warning: In design 'repair_decode_with_hybrid_MAX_K5_NUM_CFG7_ENTRY_NUM14_ROW_W10_COL_W10_PATTERN_ID_W4', cell 'C20267' does not drive any nets. (LINT-1)
Warning: In design 'repair_decode_with_hybrid_MAX_K5_NUM_CFG7_ENTRY_NUM14_ROW_W10_COL_W10_PATTERN_ID_W4', cell 'C20270' does not drive any nets. (LINT-1)
Warning: In design 'repair_decode_with_hybrid_MAX_K5_NUM_CFG7_ENTRY_NUM14_ROW_W10_COL_W10_PATTERN_ID_W4', cell 'C20273' does not drive any nets. (LINT-1)
Warning: In design 'repair_decode_with_hybrid_MAX_K5_NUM_CFG7_ENTRY_NUM14_ROW_W10_COL_W10_PATTERN_ID_W4', cell 'C20276' does not drive any nets. (LINT-1)
Warning: In design 'repair_decode_with_hybrid_MAX_K5_NUM_CFG7_ENTRY_NUM14_ROW_W10_COL_W10_PATTERN_ID_W4', cell 'C20279' does not drive any nets. (LINT-1)
Warning: In design 'repair_decode_with_hybrid_MAX_K5_NUM_CFG7_ENTRY_NUM14_ROW_W10_COL_W10_PATTERN_ID_W4', cell 'C20309' does not drive any nets. (LINT-1)
Warning: In design 'repair_decode_with_hybrid_MAX_K5_NUM_CFG7_ENTRY_NUM14_ROW_W10_COL_W10_PATTERN_ID_W4', cell 'C20312' does not drive any nets. (LINT-1)
Warning: In design 'repair_decode_with_hybrid_MAX_K5_NUM_CFG7_ENTRY_NUM14_ROW_W10_COL_W10_PATTERN_ID_W4', cell 'C20315' does not drive any nets. (LINT-1)
Warning: In design 'repair_decode_with_hybrid_MAX_K5_NUM_CFG7_ENTRY_NUM14_ROW_W10_COL_W10_PATTERN_ID_W4', cell 'C20318' does not drive any nets. (LINT-1)
Warning: In design 'repair_decode_with_hybrid_MAX_K5_NUM_CFG7_ENTRY_NUM14_ROW_W10_COL_W10_PATTERN_ID_W4', cell 'C20321' does not drive any nets. (LINT-1)
Warning: In design 'repair_decode_with_hybrid_MAX_K5_NUM_CFG7_ENTRY_NUM14_ROW_W10_COL_W10_PATTERN_ID_W4', cell 'C20351' does not drive any nets. (LINT-1)
Warning: In design 'repair_decode_with_hybrid_MAX_K5_NUM_CFG7_ENTRY_NUM14_ROW_W10_COL_W10_PATTERN_ID_W4', cell 'C20354' does not drive any nets. (LINT-1)
Warning: In design 'repair_decode_with_hybrid_MAX_K5_NUM_CFG7_ENTRY_NUM14_ROW_W10_COL_W10_PATTERN_ID_W4', cell 'C20357' does not drive any nets. (LINT-1)
Warning: In design 'repair_decode_with_hybrid_MAX_K5_NUM_CFG7_ENTRY_NUM14_ROW_W10_COL_W10_PATTERN_ID_W4', cell 'C20360' does not drive any nets. (LINT-1)
Warning: In design 'repair_decode_with_hybrid_MAX_K5_NUM_CFG7_ENTRY_NUM14_ROW_W10_COL_W10_PATTERN_ID_W4', cell 'C20363' does not drive any nets. (LINT-1)
Warning: In design 'repair_decode_with_hybrid_MAX_K5_NUM_CFG7_ENTRY_NUM14_ROW_W10_COL_W10_PATTERN_ID_W4', cell 'C20393' does not drive any nets. (LINT-1)
Warning: In design 'repair_decode_with_hybrid_MAX_K5_NUM_CFG7_ENTRY_NUM14_ROW_W10_COL_W10_PATTERN_ID_W4', cell 'C20396' does not drive any nets. (LINT-1)
Warning: In design 'repair_decode_with_hybrid_MAX_K5_NUM_CFG7_ENTRY_NUM14_ROW_W10_COL_W10_PATTERN_ID_W4', cell 'C20399' does not drive any nets. (LINT-1)
Warning: In design 'repair_decode_with_hybrid_MAX_K5_NUM_CFG7_ENTRY_NUM14_ROW_W10_COL_W10_PATTERN_ID_W4', cell 'C20402' does not drive any nets. (LINT-1)
Warning: In design 'repair_decode_with_hybrid_MAX_K5_NUM_CFG7_ENTRY_NUM14_ROW_W10_COL_W10_PATTERN_ID_W4', cell 'C20405' does not drive any nets. (LINT-1)
Warning: In design 'repair_decode_with_hybrid_MAX_K5_NUM_CFG7_ENTRY_NUM14_ROW_W10_COL_W10_PATTERN_ID_W4', cell 'C20435' does not drive any nets. (LINT-1)
Warning: In design 'repair_decode_with_hybrid_MAX_K5_NUM_CFG7_ENTRY_NUM14_ROW_W10_COL_W10_PATTERN_ID_W4', cell 'C20438' does not drive any nets. (LINT-1)
Warning: In design 'repair_decode_with_hybrid_MAX_K5_NUM_CFG7_ENTRY_NUM14_ROW_W10_COL_W10_PATTERN_ID_W4', cell 'C20441' does not drive any nets. (LINT-1)
Warning: In design 'repair_decode_with_hybrid_MAX_K5_NUM_CFG7_ENTRY_NUM14_ROW_W10_COL_W10_PATTERN_ID_W4', cell 'C20444' does not drive any nets. (LINT-1)
Warning: In design 'repair_decode_with_hybrid_MAX_K5_NUM_CFG7_ENTRY_NUM14_ROW_W10_COL_W10_PATTERN_ID_W4', cell 'C20447' does not drive any nets. (LINT-1)
Warning: In design 'repair_decode_with_hybrid_MAX_K5_NUM_CFG7_ENTRY_NUM14_ROW_W10_COL_W10_PATTERN_ID_W4', cell 'C20477' does not drive any nets. (LINT-1)
Warning: In design 'repair_decode_with_hybrid_MAX_K5_NUM_CFG7_ENTRY_NUM14_ROW_W10_COL_W10_PATTERN_ID_W4', cell 'C20480' does not drive any nets. (LINT-1)
Warning: In design 'repair_decode_with_hybrid_MAX_K5_NUM_CFG7_ENTRY_NUM14_ROW_W10_COL_W10_PATTERN_ID_W4', cell 'C20483' does not drive any nets. (LINT-1)
Warning: In design 'repair_decode_with_hybrid_MAX_K5_NUM_CFG7_ENTRY_NUM14_ROW_W10_COL_W10_PATTERN_ID_W4', cell 'C20486' does not drive any nets. (LINT-1)
Warning: In design 'repair_decode_with_hybrid_MAX_K5_NUM_CFG7_ENTRY_NUM14_ROW_W10_COL_W10_PATTERN_ID_W4', cell 'C20489' does not drive any nets. (LINT-1)
Warning: In design 'repair_decode_with_hybrid_MAX_K5_NUM_CFG7_ENTRY_NUM14_ROW_W10_COL_W10_PATTERN_ID_W4', cell 'C20519' does not drive any nets. (LINT-1)
Warning: In design 'repair_decode_with_hybrid_MAX_K5_NUM_CFG7_ENTRY_NUM14_ROW_W10_COL_W10_PATTERN_ID_W4', cell 'C20522' does not drive any nets. (LINT-1)
Warning: In design 'repair_decode_with_hybrid_MAX_K5_NUM_CFG7_ENTRY_NUM14_ROW_W10_COL_W10_PATTERN_ID_W4', cell 'C20525' does not drive any nets. (LINT-1)
Warning: In design 'repair_decode_with_hybrid_MAX_K5_NUM_CFG7_ENTRY_NUM14_ROW_W10_COL_W10_PATTERN_ID_W4', cell 'C20528' does not drive any nets. (LINT-1)
Warning: In design 'repair_decode_with_hybrid_MAX_K5_NUM_CFG7_ENTRY_NUM14_ROW_W10_COL_W10_PATTERN_ID_W4', cell 'C20531' does not drive any nets. (LINT-1)
Warning: In design 'repair_decode_with_hybrid_MAX_K5_NUM_CFG7_ENTRY_NUM14_ROW_W10_COL_W10_PATTERN_ID_W4', cell 'C20561' does not drive any nets. (LINT-1)
Warning: In design 'repair_decode_with_hybrid_MAX_K5_NUM_CFG7_ENTRY_NUM14_ROW_W10_COL_W10_PATTERN_ID_W4', cell 'C20564' does not drive any nets. (LINT-1)
Warning: In design 'repair_decode_with_hybrid_MAX_K5_NUM_CFG7_ENTRY_NUM14_ROW_W10_COL_W10_PATTERN_ID_W4', cell 'C20567' does not drive any nets. (LINT-1)
Warning: In design 'repair_decode_with_hybrid_MAX_K5_NUM_CFG7_ENTRY_NUM14_ROW_W10_COL_W10_PATTERN_ID_W4', cell 'C20570' does not drive any nets. (LINT-1)
Warning: In design 'repair_decode_with_hybrid_MAX_K5_NUM_CFG7_ENTRY_NUM14_ROW_W10_COL_W10_PATTERN_ID_W4', cell 'C20573' does not drive any nets. (LINT-1)
Warning: In design 'repair_decode_with_hybrid_MAX_K5_NUM_CFG7_ENTRY_NUM14_ROW_W10_COL_W10_PATTERN_ID_W4', cell 'C20603' does not drive any nets. (LINT-1)
Warning: In design 'repair_decode_with_hybrid_MAX_K5_NUM_CFG7_ENTRY_NUM14_ROW_W10_COL_W10_PATTERN_ID_W4', cell 'C20606' does not drive any nets. (LINT-1)
Warning: In design 'repair_decode_with_hybrid_MAX_K5_NUM_CFG7_ENTRY_NUM14_ROW_W10_COL_W10_PATTERN_ID_W4', cell 'C20609' does not drive any nets. (LINT-1)
Warning: In design 'repair_decode_with_hybrid_MAX_K5_NUM_CFG7_ENTRY_NUM14_ROW_W10_COL_W10_PATTERN_ID_W4', cell 'C20612' does not drive any nets. (LINT-1)
Warning: In design 'repair_decode_with_hybrid_MAX_K5_NUM_CFG7_ENTRY_NUM14_ROW_W10_COL_W10_PATTERN_ID_W4', cell 'C20615' does not drive any nets. (LINT-1)
Warning: In design 'repair_decode_with_hybrid_MAX_K5_NUM_CFG7_ENTRY_NUM14_ROW_W10_COL_W10_PATTERN_ID_W4', cell 'C20645' does not drive any nets. (LINT-1)
Warning: In design 'repair_decode_with_hybrid_MAX_K5_NUM_CFG7_ENTRY_NUM14_ROW_W10_COL_W10_PATTERN_ID_W4', cell 'C20648' does not drive any nets. (LINT-1)
Warning: In design 'repair_decode_with_hybrid_MAX_K5_NUM_CFG7_ENTRY_NUM14_ROW_W10_COL_W10_PATTERN_ID_W4', cell 'C20651' does not drive any nets. (LINT-1)
Warning: In design 'repair_decode_with_hybrid_MAX_K5_NUM_CFG7_ENTRY_NUM14_ROW_W10_COL_W10_PATTERN_ID_W4', cell 'C20654' does not drive any nets. (LINT-1)
Warning: In design 'repair_decode_with_hybrid_MAX_K5_NUM_CFG7_ENTRY_NUM14_ROW_W10_COL_W10_PATTERN_ID_W4', cell 'C20657' does not drive any nets. (LINT-1)
Warning: In design 'repair_decode_with_hybrid_MAX_K5_NUM_CFG7_ENTRY_NUM14_ROW_W10_COL_W10_PATTERN_ID_W4', cell 'C20687' does not drive any nets. (LINT-1)
Warning: In design 'repair_decode_with_hybrid_MAX_K5_NUM_CFG7_ENTRY_NUM14_ROW_W10_COL_W10_PATTERN_ID_W4', cell 'C20690' does not drive any nets. (LINT-1)
Warning: In design 'repair_decode_with_hybrid_MAX_K5_NUM_CFG7_ENTRY_NUM14_ROW_W10_COL_W10_PATTERN_ID_W4', cell 'C20693' does not drive any nets. (LINT-1)
Warning: In design 'repair_decode_with_hybrid_MAX_K5_NUM_CFG7_ENTRY_NUM14_ROW_W10_COL_W10_PATTERN_ID_W4', cell 'C20696' does not drive any nets. (LINT-1)
Warning: In design 'repair_decode_with_hybrid_MAX_K5_NUM_CFG7_ENTRY_NUM14_ROW_W10_COL_W10_PATTERN_ID_W4', cell 'C20699' does not drive any nets. (LINT-1)
Warning: In design 'repair_decode_with_hybrid_MAX_K5_NUM_CFG7_ENTRY_NUM14_ROW_W10_COL_W10_PATTERN_ID_W4', cell 'C20729' does not drive any nets. (LINT-1)
Warning: In design 'repair_decode_with_hybrid_MAX_K5_NUM_CFG7_ENTRY_NUM14_ROW_W10_COL_W10_PATTERN_ID_W4', cell 'C20732' does not drive any nets. (LINT-1)
Warning: In design 'repair_decode_with_hybrid_MAX_K5_NUM_CFG7_ENTRY_NUM14_ROW_W10_COL_W10_PATTERN_ID_W4', cell 'C20735' does not drive any nets. (LINT-1)
Warning: In design 'repair_decode_with_hybrid_MAX_K5_NUM_CFG7_ENTRY_NUM14_ROW_W10_COL_W10_PATTERN_ID_W4', cell 'C20738' does not drive any nets. (LINT-1)
Warning: In design 'repair_decode_with_hybrid_MAX_K5_NUM_CFG7_ENTRY_NUM14_ROW_W10_COL_W10_PATTERN_ID_W4', cell 'C20741' does not drive any nets. (LINT-1)
Warning: In design 'repair_decode_with_hybrid_MAX_K5_NUM_CFG7_ENTRY_NUM14_ROW_W10_COL_W10_PATTERN_ID_W4', cell 'C20771' does not drive any nets. (LINT-1)
Warning: In design 'repair_decode_with_hybrid_MAX_K5_NUM_CFG7_ENTRY_NUM14_ROW_W10_COL_W10_PATTERN_ID_W4', cell 'C20774' does not drive any nets. (LINT-1)
Warning: In design 'repair_decode_with_hybrid_MAX_K5_NUM_CFG7_ENTRY_NUM14_ROW_W10_COL_W10_PATTERN_ID_W4', cell 'C20777' does not drive any nets. (LINT-1)
Warning: In design 'repair_decode_with_hybrid_MAX_K5_NUM_CFG7_ENTRY_NUM14_ROW_W10_COL_W10_PATTERN_ID_W4', cell 'C20780' does not drive any nets. (LINT-1)
Warning: In design 'repair_decode_with_hybrid_MAX_K5_NUM_CFG7_ENTRY_NUM14_ROW_W10_COL_W10_PATTERN_ID_W4', cell 'C20783' does not drive any nets. (LINT-1)
Warning: In design 'repair_decode_with_hybrid_MAX_K5_NUM_CFG7_ENTRY_NUM14_ROW_W10_COL_W10_PATTERN_ID_W4', cell 'C20813' does not drive any nets. (LINT-1)
Warning: In design 'repair_decode_with_hybrid_MAX_K5_NUM_CFG7_ENTRY_NUM14_ROW_W10_COL_W10_PATTERN_ID_W4', cell 'C20816' does not drive any nets. (LINT-1)
Warning: In design 'repair_decode_with_hybrid_MAX_K5_NUM_CFG7_ENTRY_NUM14_ROW_W10_COL_W10_PATTERN_ID_W4', cell 'C20819' does not drive any nets. (LINT-1)
Warning: In design 'repair_decode_with_hybrid_MAX_K5_NUM_CFG7_ENTRY_NUM14_ROW_W10_COL_W10_PATTERN_ID_W4', cell 'C20822' does not drive any nets. (LINT-1)
Warning: In design 'repair_decode_with_hybrid_MAX_K5_NUM_CFG7_ENTRY_NUM14_ROW_W10_COL_W10_PATTERN_ID_W4', cell 'C20825' does not drive any nets. (LINT-1)
Warning: In design 'repair_decode_with_hybrid_MAX_K5_NUM_CFG7_ENTRY_NUM14_ROW_W10_COL_W10_PATTERN_ID_W4', cell 'C20855' does not drive any nets. (LINT-1)
Warning: In design 'repair_decode_with_hybrid_MAX_K5_NUM_CFG7_ENTRY_NUM14_ROW_W10_COL_W10_PATTERN_ID_W4', cell 'C20858' does not drive any nets. (LINT-1)
Warning: In design 'repair_decode_with_hybrid_MAX_K5_NUM_CFG7_ENTRY_NUM14_ROW_W10_COL_W10_PATTERN_ID_W4', cell 'C20861' does not drive any nets. (LINT-1)
Warning: In design 'repair_decode_with_hybrid_MAX_K5_NUM_CFG7_ENTRY_NUM14_ROW_W10_COL_W10_PATTERN_ID_W4', cell 'C20864' does not drive any nets. (LINT-1)
Warning: In design 'repair_decode_with_hybrid_MAX_K5_NUM_CFG7_ENTRY_NUM14_ROW_W10_COL_W10_PATTERN_ID_W4', cell 'C20867' does not drive any nets. (LINT-1)
Warning: In design 'repair_decode_with_hybrid_MAX_K5_NUM_CFG7_ENTRY_NUM14_ROW_W10_COL_W10_PATTERN_ID_W4', cell 'C20897' does not drive any nets. (LINT-1)
Warning: In design 'repair_decode_with_hybrid_MAX_K5_NUM_CFG7_ENTRY_NUM14_ROW_W10_COL_W10_PATTERN_ID_W4', cell 'C20900' does not drive any nets. (LINT-1)
Warning: In design 'repair_decode_with_hybrid_MAX_K5_NUM_CFG7_ENTRY_NUM14_ROW_W10_COL_W10_PATTERN_ID_W4', cell 'C20903' does not drive any nets. (LINT-1)
Warning: In design 'repair_decode_with_hybrid_MAX_K5_NUM_CFG7_ENTRY_NUM14_ROW_W10_COL_W10_PATTERN_ID_W4', cell 'C20906' does not drive any nets. (LINT-1)
Warning: In design 'repair_decode_with_hybrid_MAX_K5_NUM_CFG7_ENTRY_NUM14_ROW_W10_COL_W10_PATTERN_ID_W4', cell 'C20909' does not drive any nets. (LINT-1)
Warning: In design 'repair_decode_with_hybrid_MAX_K5_NUM_CFG7_ENTRY_NUM14_ROW_W10_COL_W10_PATTERN_ID_W4', cell 'C20939' does not drive any nets. (LINT-1)
Warning: In design 'repair_decode_with_hybrid_MAX_K5_NUM_CFG7_ENTRY_NUM14_ROW_W10_COL_W10_PATTERN_ID_W4', cell 'C20942' does not drive any nets. (LINT-1)
Warning: In design 'repair_decode_with_hybrid_MAX_K5_NUM_CFG7_ENTRY_NUM14_ROW_W10_COL_W10_PATTERN_ID_W4', cell 'C20945' does not drive any nets. (LINT-1)
Warning: In design 'repair_decode_with_hybrid_MAX_K5_NUM_CFG7_ENTRY_NUM14_ROW_W10_COL_W10_PATTERN_ID_W4', cell 'C20948' does not drive any nets. (LINT-1)
Warning: In design 'repair_decode_with_hybrid_MAX_K5_NUM_CFG7_ENTRY_NUM14_ROW_W10_COL_W10_PATTERN_ID_W4', cell 'C20951' does not drive any nets. (LINT-1)
Warning: In design 'repair_decode_with_hybrid_MAX_K5_NUM_CFG7_ENTRY_NUM14_ROW_W10_COL_W10_PATTERN_ID_W4', cell 'C20981' does not drive any nets. (LINT-1)
Warning: In design 'repair_decode_with_hybrid_MAX_K5_NUM_CFG7_ENTRY_NUM14_ROW_W10_COL_W10_PATTERN_ID_W4', cell 'C20984' does not drive any nets. (LINT-1)
Warning: In design 'repair_decode_with_hybrid_MAX_K5_NUM_CFG7_ENTRY_NUM14_ROW_W10_COL_W10_PATTERN_ID_W4', cell 'C20987' does not drive any nets. (LINT-1)
Warning: In design 'repair_decode_with_hybrid_MAX_K5_NUM_CFG7_ENTRY_NUM14_ROW_W10_COL_W10_PATTERN_ID_W4', cell 'C20990' does not drive any nets. (LINT-1)
Warning: In design 'repair_decode_with_hybrid_MAX_K5_NUM_CFG7_ENTRY_NUM14_ROW_W10_COL_W10_PATTERN_ID_W4', cell 'C20993' does not drive any nets. (LINT-1)
Warning: In design 'repair_decode_with_hybrid_MAX_K5_NUM_CFG7_ENTRY_NUM14_ROW_W10_COL_W10_PATTERN_ID_W4', cell 'C21004' does not drive any nets. (LINT-1)
Warning: In design 'repair_decode_with_hybrid_MAX_K5_NUM_CFG7_ENTRY_NUM14_ROW_W10_COL_W10_PATTERN_ID_W4', cell 'C21018' does not drive any nets. (LINT-1)
Warning: In design 'repair_decode_with_hybrid_MAX_K5_NUM_CFG7_ENTRY_NUM14_ROW_W10_COL_W10_PATTERN_ID_W4', cell 'C21032' does not drive any nets. (LINT-1)
Warning: In design 'repair_decode_with_hybrid_MAX_K5_NUM_CFG7_ENTRY_NUM14_ROW_W10_COL_W10_PATTERN_ID_W4', cell 'C21046' does not drive any nets. (LINT-1)
Warning: In design 'repair_decode_with_hybrid_MAX_K5_NUM_CFG7_ENTRY_NUM14_ROW_W10_COL_W10_PATTERN_ID_W4', cell 'C21060' does not drive any nets. (LINT-1)
Warning: In design 'repair_decode_with_hybrid_MAX_K5_NUM_CFG7_ENTRY_NUM14_ROW_W10_COL_W10_PATTERN_ID_W4', cell 'C21065' does not drive any nets. (LINT-1)
Warning: In design 'repair_decode_with_hybrid_MAX_K5_NUM_CFG7_ENTRY_NUM14_ROW_W10_COL_W10_PATTERN_ID_W4', cell 'C21066' does not drive any nets. (LINT-1)
Warning: In design 'repair_decode_with_hybrid_MAX_K5_NUM_CFG7_ENTRY_NUM14_ROW_W10_COL_W10_PATTERN_ID_W4', cell 'C21067' does not drive any nets. (LINT-1)
Warning: In design 'repair_decode_with_hybrid_MAX_K5_NUM_CFG7_ENTRY_NUM14_ROW_W10_COL_W10_PATTERN_ID_W4', cell 'C21068' does not drive any nets. (LINT-1)
Warning: In design 'repair_decode_with_hybrid_MAX_K5_NUM_CFG7_ENTRY_NUM14_ROW_W10_COL_W10_PATTERN_ID_W4', cell 'C21069' does not drive any nets. (LINT-1)
Warning: In design 'repair_decode_with_hybrid_MAX_K5_NUM_CFG7_ENTRY_NUM14_ROW_W10_COL_W10_PATTERN_ID_W4', cell 'C21070' does not drive any nets. (LINT-1)
Warning: In design 'repair_decode_with_hybrid_MAX_K5_NUM_CFG7_ENTRY_NUM14_ROW_W10_COL_W10_PATTERN_ID_W4', cell 'C21071' does not drive any nets. (LINT-1)
Warning: In design 'repair_decode_with_hybrid_MAX_K5_NUM_CFG7_ENTRY_NUM14_ROW_W10_COL_W10_PATTERN_ID_W4', cell 'C21072' does not drive any nets. (LINT-1)
Warning: In design 'repair_decode_with_hybrid_MAX_K5_NUM_CFG7_ENTRY_NUM14_ROW_W10_COL_W10_PATTERN_ID_W4', cell 'C21073' does not drive any nets. (LINT-1)
Warning: In design 'repair_decode_with_hybrid_MAX_K5_NUM_CFG7_ENTRY_NUM14_ROW_W10_COL_W10_PATTERN_ID_W4', cell 'C21074' does not drive any nets. (LINT-1)
Warning: In design 'repair_decode_with_hybrid_MAX_K5_NUM_CFG7_ENTRY_NUM14_ROW_W10_COL_W10_PATTERN_ID_W4', cell 'C21075' does not drive any nets. (LINT-1)
Warning: In design 'repair_decode_with_hybrid_MAX_K5_NUM_CFG7_ENTRY_NUM14_ROW_W10_COL_W10_PATTERN_ID_W4', cell 'C21076' does not drive any nets. (LINT-1)
Warning: In design 'repair_decode_with_hybrid_MAX_K5_NUM_CFG7_ENTRY_NUM14_ROW_W10_COL_W10_PATTERN_ID_W4', cell 'C21077' does not drive any nets. (LINT-1)
Warning: In design 'repair_decode_with_hybrid_MAX_K5_NUM_CFG7_ENTRY_NUM14_ROW_W10_COL_W10_PATTERN_ID_W4', cell 'C21078' does not drive any nets. (LINT-1)
Warning: In design 'repair_decode_with_hybrid_MAX_K5_NUM_CFG7_ENTRY_NUM14_ROW_W10_COL_W10_PATTERN_ID_W4', cell 'C21079' does not drive any nets. (LINT-1)
Warning: In design 'repair_decode_with_hybrid_MAX_K5_NUM_CFG7_ENTRY_NUM14_ROW_W10_COL_W10_PATTERN_ID_W4', cell 'C21080' does not drive any nets. (LINT-1)
Warning: In design 'repair_decode_with_hybrid_MAX_K5_NUM_CFG7_ENTRY_NUM14_ROW_W10_COL_W10_PATTERN_ID_W4', cell 'C21081' does not drive any nets. (LINT-1)
Warning: In design 'repair_decode_with_hybrid_MAX_K5_NUM_CFG7_ENTRY_NUM14_ROW_W10_COL_W10_PATTERN_ID_W4', cell 'C21082' does not drive any nets. (LINT-1)
Warning: In design 'repair_decode_with_hybrid_MAX_K5_NUM_CFG7_ENTRY_NUM14_ROW_W10_COL_W10_PATTERN_ID_W4', cell 'C21083' does not drive any nets. (LINT-1)
Warning: In design 'repair_decode_with_hybrid_MAX_K5_NUM_CFG7_ENTRY_NUM14_ROW_W10_COL_W10_PATTERN_ID_W4', cell 'C21084' does not drive any nets. (LINT-1)
Warning: In design 'repair_decode_with_hybrid_MAX_K5_NUM_CFG7_ENTRY_NUM14_ROW_W10_COL_W10_PATTERN_ID_W4', cell 'C21085' does not drive any nets. (LINT-1)
Warning: In design 'repair_decode_with_hybrid_MAX_K5_NUM_CFG7_ENTRY_NUM14_ROW_W10_COL_W10_PATTERN_ID_W4', cell 'C21086' does not drive any nets. (LINT-1)
Warning: In design 'repair_decode_with_hybrid_MAX_K5_NUM_CFG7_ENTRY_NUM14_ROW_W10_COL_W10_PATTERN_ID_W4', cell 'C21087' does not drive any nets. (LINT-1)
Warning: In design 'repair_decode_with_hybrid_MAX_K5_NUM_CFG7_ENTRY_NUM14_ROW_W10_COL_W10_PATTERN_ID_W4', cell 'C21088' does not drive any nets. (LINT-1)
Warning: In design 'repair_decode_with_hybrid_MAX_K5_NUM_CFG7_ENTRY_NUM14_ROW_W10_COL_W10_PATTERN_ID_W4', cell 'C21089' does not drive any nets. (LINT-1)
Warning: In design 'repair_decode_with_hybrid_MAX_K5_NUM_CFG7_ENTRY_NUM14_ROW_W10_COL_W10_PATTERN_ID_W4', cell 'C21090' does not drive any nets. (LINT-1)
Warning: In design 'repair_decode_with_hybrid_MAX_K5_NUM_CFG7_ENTRY_NUM14_ROW_W10_COL_W10_PATTERN_ID_W4', cell 'C21091' does not drive any nets. (LINT-1)
Warning: In design 'repair_decode_with_hybrid_MAX_K5_NUM_CFG7_ENTRY_NUM14_ROW_W10_COL_W10_PATTERN_ID_W4', cell 'C21092' does not drive any nets. (LINT-1)
Warning: In design 'repair_decode_with_hybrid_MAX_K5_NUM_CFG7_ENTRY_NUM14_ROW_W10_COL_W10_PATTERN_ID_W4', cell 'C21093' does not drive any nets. (LINT-1)
Warning: In design 'repair_decode_with_hybrid_MAX_K5_NUM_CFG7_ENTRY_NUM14_ROW_W10_COL_W10_PATTERN_ID_W4', cell 'C21094' does not drive any nets. (LINT-1)
Warning: In design 'repair_decode_with_hybrid_MAX_K5_NUM_CFG7_ENTRY_NUM14_ROW_W10_COL_W10_PATTERN_ID_W4', cell 'C21095' does not drive any nets. (LINT-1)
Warning: In design 'repair_decode_with_hybrid_MAX_K5_NUM_CFG7_ENTRY_NUM14_ROW_W10_COL_W10_PATTERN_ID_W4', cell 'C21096' does not drive any nets. (LINT-1)
Warning: In design 'repair_decode_with_hybrid_MAX_K5_NUM_CFG7_ENTRY_NUM14_ROW_W10_COL_W10_PATTERN_ID_W4', cell 'C21097' does not drive any nets. (LINT-1)
Warning: In design 'repair_decode_with_hybrid_MAX_K5_NUM_CFG7_ENTRY_NUM14_ROW_W10_COL_W10_PATTERN_ID_W4', cell 'C21098' does not drive any nets. (LINT-1)
Warning: In design 'repair_decode_with_hybrid_MAX_K5_NUM_CFG7_ENTRY_NUM14_ROW_W10_COL_W10_PATTERN_ID_W4', cell 'C21099' does not drive any nets. (LINT-1)
Warning: In design 'repair_decode_with_hybrid_MAX_K5_NUM_CFG7_ENTRY_NUM14_ROW_W10_COL_W10_PATTERN_ID_W4', cell 'C21100' does not drive any nets. (LINT-1)
Warning: In design 'repair_decode_with_hybrid_MAX_K5_NUM_CFG7_ENTRY_NUM14_ROW_W10_COL_W10_PATTERN_ID_W4', cell 'C21101' does not drive any nets. (LINT-1)
Warning: In design 'repair_decode_with_hybrid_MAX_K5_NUM_CFG7_ENTRY_NUM14_ROW_W10_COL_W10_PATTERN_ID_W4', cell 'C21102' does not drive any nets. (LINT-1)
Warning: In design 'repair_decode_with_hybrid_MAX_K5_NUM_CFG7_ENTRY_NUM14_ROW_W10_COL_W10_PATTERN_ID_W4', cell 'C21103' does not drive any nets. (LINT-1)
Warning: In design 'repair_decode_with_hybrid_MAX_K5_NUM_CFG7_ENTRY_NUM14_ROW_W10_COL_W10_PATTERN_ID_W4', cell 'C21104' does not drive any nets. (LINT-1)
Warning: In design 'repair_decode_with_hybrid_MAX_K5_NUM_CFG7_ENTRY_NUM14_ROW_W10_COL_W10_PATTERN_ID_W4', cell 'C21105' does not drive any nets. (LINT-1)
Warning: In design 'repair_decode_with_hybrid_MAX_K5_NUM_CFG7_ENTRY_NUM14_ROW_W10_COL_W10_PATTERN_ID_W4', cell 'C21106' does not drive any nets. (LINT-1)
Warning: In design 'repair_decode_with_hybrid_MAX_K5_NUM_CFG7_ENTRY_NUM14_ROW_W10_COL_W10_PATTERN_ID_W4', cell 'C21107' does not drive any nets. (LINT-1)
Warning: In design 'repair_decode_with_hybrid_MAX_K5_NUM_CFG7_ENTRY_NUM14_ROW_W10_COL_W10_PATTERN_ID_W4', cell 'C21108' does not drive any nets. (LINT-1)
Warning: In design 'repair_decode_with_hybrid_MAX_K5_NUM_CFG7_ENTRY_NUM14_ROW_W10_COL_W10_PATTERN_ID_W4', cell 'C21109' does not drive any nets. (LINT-1)
Warning: In design 'repair_decode_with_hybrid_MAX_K5_NUM_CFG7_ENTRY_NUM14_ROW_W10_COL_W10_PATTERN_ID_W4', cell 'C21110' does not drive any nets. (LINT-1)
Warning: In design 'repair_decode_with_hybrid_MAX_K5_NUM_CFG7_ENTRY_NUM14_ROW_W10_COL_W10_PATTERN_ID_W4', cell 'C21111' does not drive any nets. (LINT-1)
Warning: In design 'repair_decode_with_hybrid_MAX_K5_NUM_CFG7_ENTRY_NUM14_ROW_W10_COL_W10_PATTERN_ID_W4', cell 'C21112' does not drive any nets. (LINT-1)
Warning: In design 'repair_decode_with_hybrid_MAX_K5_NUM_CFG7_ENTRY_NUM14_ROW_W10_COL_W10_PATTERN_ID_W4', cell 'C21113' does not drive any nets. (LINT-1)
Warning: In design 'repair_decode_with_hybrid_MAX_K5_NUM_CFG7_ENTRY_NUM14_ROW_W10_COL_W10_PATTERN_ID_W4', cell 'C21114' does not drive any nets. (LINT-1)
Warning: In design 'repair_decode_with_hybrid_MAX_K5_NUM_CFG7_ENTRY_NUM14_ROW_W10_COL_W10_PATTERN_ID_W4', cell 'C21115' does not drive any nets. (LINT-1)
Warning: In design 'repair_decode_with_hybrid_MAX_K5_NUM_CFG7_ENTRY_NUM14_ROW_W10_COL_W10_PATTERN_ID_W4', cell 'C21116' does not drive any nets. (LINT-1)
Warning: In design 'repair_decode_with_hybrid_MAX_K5_NUM_CFG7_ENTRY_NUM14_ROW_W10_COL_W10_PATTERN_ID_W4', cell 'C21117' does not drive any nets. (LINT-1)
Warning: In design 'repair_decode_with_hybrid_MAX_K5_NUM_CFG7_ENTRY_NUM14_ROW_W10_COL_W10_PATTERN_ID_W4', cell 'C21118' does not drive any nets. (LINT-1)
Warning: In design 'repair_decode_with_hybrid_MAX_K5_NUM_CFG7_ENTRY_NUM14_ROW_W10_COL_W10_PATTERN_ID_W4', cell 'C21119' does not drive any nets. (LINT-1)
Warning: In design 'repair_decode_with_hybrid_MAX_K5_NUM_CFG7_ENTRY_NUM14_ROW_W10_COL_W10_PATTERN_ID_W4', cell 'C21120' does not drive any nets. (LINT-1)
Warning: In design 'repair_decode_with_hybrid_MAX_K5_NUM_CFG7_ENTRY_NUM14_ROW_W10_COL_W10_PATTERN_ID_W4', cell 'C21121' does not drive any nets. (LINT-1)
Warning: In design 'repair_decode_with_hybrid_MAX_K5_NUM_CFG7_ENTRY_NUM14_ROW_W10_COL_W10_PATTERN_ID_W4', cell 'C21122' does not drive any nets. (LINT-1)
Warning: In design 'repair_decode_with_hybrid_MAX_K5_NUM_CFG7_ENTRY_NUM14_ROW_W10_COL_W10_PATTERN_ID_W4', cell 'C21123' does not drive any nets. (LINT-1)
Warning: In design 'repair_decode_with_hybrid_MAX_K5_NUM_CFG7_ENTRY_NUM14_ROW_W10_COL_W10_PATTERN_ID_W4', cell 'C21124' does not drive any nets. (LINT-1)
Warning: In design 'repair_decode_with_hybrid_MAX_K5_NUM_CFG7_ENTRY_NUM14_ROW_W10_COL_W10_PATTERN_ID_W4', cell 'C21125' does not drive any nets. (LINT-1)
Warning: In design 'repair_decode_with_hybrid_MAX_K5_NUM_CFG7_ENTRY_NUM14_ROW_W10_COL_W10_PATTERN_ID_W4', cell 'C21126' does not drive any nets. (LINT-1)
Warning: In design 'repair_decode_with_hybrid_MAX_K5_NUM_CFG7_ENTRY_NUM14_ROW_W10_COL_W10_PATTERN_ID_W4', cell 'C21127' does not drive any nets. (LINT-1)
Warning: In design 'repair_decode_with_hybrid_MAX_K5_NUM_CFG7_ENTRY_NUM14_ROW_W10_COL_W10_PATTERN_ID_W4', cell 'C21128' does not drive any nets. (LINT-1)
Warning: In design 'repair_decode_with_hybrid_MAX_K5_NUM_CFG7_ENTRY_NUM14_ROW_W10_COL_W10_PATTERN_ID_W4', cell 'C21129' does not drive any nets. (LINT-1)
Warning: In design 'repair_decode_with_hybrid_MAX_K5_NUM_CFG7_ENTRY_NUM14_ROW_W10_COL_W10_PATTERN_ID_W4', cell 'C21130' does not drive any nets. (LINT-1)
Warning: In design 'repair_decode_with_hybrid_MAX_K5_NUM_CFG7_ENTRY_NUM14_ROW_W10_COL_W10_PATTERN_ID_W4', cell 'C21131' does not drive any nets. (LINT-1)
Warning: In design 'repair_decode_with_hybrid_MAX_K5_NUM_CFG7_ENTRY_NUM14_ROW_W10_COL_W10_PATTERN_ID_W4', cell 'C21132' does not drive any nets. (LINT-1)
Warning: In design 'repair_decode_with_hybrid_MAX_K5_NUM_CFG7_ENTRY_NUM14_ROW_W10_COL_W10_PATTERN_ID_W4', cell 'C21133' does not drive any nets. (LINT-1)
Warning: In design 'repair_decode_with_hybrid_MAX_K5_NUM_CFG7_ENTRY_NUM14_ROW_W10_COL_W10_PATTERN_ID_W4', cell 'C21134' does not drive any nets. (LINT-1)
Warning: In design 'repair_decode_with_hybrid_MAX_K5_NUM_CFG7_ENTRY_NUM14_ROW_W10_COL_W10_PATTERN_ID_W4', cell 'C21135' does not drive any nets. (LINT-1)
Warning: In design 'repair_decode_with_hybrid_MAX_K5_NUM_CFG7_ENTRY_NUM14_ROW_W10_COL_W10_PATTERN_ID_W4', cell 'C21136' does not drive any nets. (LINT-1)
Warning: In design 'repair_decode_with_hybrid_MAX_K5_NUM_CFG7_ENTRY_NUM14_ROW_W10_COL_W10_PATTERN_ID_W4', cell 'C21137' does not drive any nets. (LINT-1)
Warning: In design 'repair_decode_with_hybrid_MAX_K5_NUM_CFG7_ENTRY_NUM14_ROW_W10_COL_W10_PATTERN_ID_W4', cell 'C21138' does not drive any nets. (LINT-1)
Warning: In design 'repair_decode_with_hybrid_MAX_K5_NUM_CFG7_ENTRY_NUM14_ROW_W10_COL_W10_PATTERN_ID_W4', cell 'C21139' does not drive any nets. (LINT-1)
Warning: In design 'repair_decode_with_hybrid_MAX_K5_NUM_CFG7_ENTRY_NUM14_ROW_W10_COL_W10_PATTERN_ID_W4', cell 'C21140' does not drive any nets. (LINT-1)
Warning: In design 'repair_decode_with_hybrid_MAX_K5_NUM_CFG7_ENTRY_NUM14_ROW_W10_COL_W10_PATTERN_ID_W4', cell 'C21141' does not drive any nets. (LINT-1)
Warning: In design 'repair_decode_with_hybrid_MAX_K5_NUM_CFG7_ENTRY_NUM14_ROW_W10_COL_W10_PATTERN_ID_W4', cell 'C21142' does not drive any nets. (LINT-1)
Warning: In design 'repair_decode_with_hybrid_MAX_K5_NUM_CFG7_ENTRY_NUM14_ROW_W10_COL_W10_PATTERN_ID_W4', cell 'C21143' does not drive any nets. (LINT-1)
Warning: In design 'repair_decode_with_hybrid_MAX_K5_NUM_CFG7_ENTRY_NUM14_ROW_W10_COL_W10_PATTERN_ID_W4', cell 'C21144' does not drive any nets. (LINT-1)
Warning: In design 'repair_decode_with_hybrid_MAX_K5_NUM_CFG7_ENTRY_NUM14_ROW_W10_COL_W10_PATTERN_ID_W4', cell 'C21145' does not drive any nets. (LINT-1)
Warning: In design 'repair_decode_with_hybrid_MAX_K5_NUM_CFG7_ENTRY_NUM14_ROW_W10_COL_W10_PATTERN_ID_W4', cell 'C21146' does not drive any nets. (LINT-1)
Warning: In design 'repair_decode_with_hybrid_MAX_K5_NUM_CFG7_ENTRY_NUM14_ROW_W10_COL_W10_PATTERN_ID_W4', cell 'C21147' does not drive any nets. (LINT-1)
Warning: In design 'repair_decode_with_hybrid_MAX_K5_NUM_CFG7_ENTRY_NUM14_ROW_W10_COL_W10_PATTERN_ID_W4', cell 'C21148' does not drive any nets. (LINT-1)
Warning: In design 'repair_decode_with_hybrid_MAX_K5_NUM_CFG7_ENTRY_NUM14_ROW_W10_COL_W10_PATTERN_ID_W4', cell 'C21149' does not drive any nets. (LINT-1)
Warning: In design 'repair_decode_with_hybrid_MAX_K5_NUM_CFG7_ENTRY_NUM14_ROW_W10_COL_W10_PATTERN_ID_W4', cell 'C21150' does not drive any nets. (LINT-1)
Warning: In design 'repair_decode_with_hybrid_MAX_K5_NUM_CFG7_ENTRY_NUM14_ROW_W10_COL_W10_PATTERN_ID_W4', cell 'C21151' does not drive any nets. (LINT-1)
Warning: In design 'repair_decode_with_hybrid_MAX_K5_NUM_CFG7_ENTRY_NUM14_ROW_W10_COL_W10_PATTERN_ID_W4', cell 'C21152' does not drive any nets. (LINT-1)
Warning: In design 'repair_decode_with_hybrid_MAX_K5_NUM_CFG7_ENTRY_NUM14_ROW_W10_COL_W10_PATTERN_ID_W4', cell 'C21153' does not drive any nets. (LINT-1)
Warning: In design 'repair_decode_with_hybrid_MAX_K5_NUM_CFG7_ENTRY_NUM14_ROW_W10_COL_W10_PATTERN_ID_W4', cell 'C21154' does not drive any nets. (LINT-1)
Warning: In design 'repair_decode_with_hybrid_MAX_K5_NUM_CFG7_ENTRY_NUM14_ROW_W10_COL_W10_PATTERN_ID_W4', cell 'C21155' does not drive any nets. (LINT-1)
Warning: In design 'repair_decode_with_hybrid_MAX_K5_NUM_CFG7_ENTRY_NUM14_ROW_W10_COL_W10_PATTERN_ID_W4', cell 'C21156' does not drive any nets. (LINT-1)
Warning: In design 'repair_decode_with_hybrid_MAX_K5_NUM_CFG7_ENTRY_NUM14_ROW_W10_COL_W10_PATTERN_ID_W4', cell 'C21157' does not drive any nets. (LINT-1)
Warning: In design 'repair_decode_with_hybrid_MAX_K5_NUM_CFG7_ENTRY_NUM14_ROW_W10_COL_W10_PATTERN_ID_W4', cell 'C21158' does not drive any nets. (LINT-1)
Warning: In design 'repair_decode_with_hybrid_MAX_K5_NUM_CFG7_ENTRY_NUM14_ROW_W10_COL_W10_PATTERN_ID_W4', cell 'C21159' does not drive any nets. (LINT-1)
Warning: In design 'repair_decode_with_hybrid_MAX_K5_NUM_CFG7_ENTRY_NUM14_ROW_W10_COL_W10_PATTERN_ID_W4', cell 'C21160' does not drive any nets. (LINT-1)
Warning: In design 'repair_decode_with_hybrid_MAX_K5_NUM_CFG7_ENTRY_NUM14_ROW_W10_COL_W10_PATTERN_ID_W4', cell 'C21161' does not drive any nets. (LINT-1)
Warning: In design 'repair_decode_with_hybrid_MAX_K5_NUM_CFG7_ENTRY_NUM14_ROW_W10_COL_W10_PATTERN_ID_W4', cell 'C21162' does not drive any nets. (LINT-1)
Warning: In design 'repair_decode_with_hybrid_MAX_K5_NUM_CFG7_ENTRY_NUM14_ROW_W10_COL_W10_PATTERN_ID_W4', cell 'C21163' does not drive any nets. (LINT-1)
Warning: In design 'repair_decode_with_hybrid_MAX_K5_NUM_CFG7_ENTRY_NUM14_ROW_W10_COL_W10_PATTERN_ID_W4', cell 'C21164' does not drive any nets. (LINT-1)
Warning: In design 'repair_decode_with_hybrid_MAX_K5_NUM_CFG7_ENTRY_NUM14_ROW_W10_COL_W10_PATTERN_ID_W4', cell 'C21165' does not drive any nets. (LINT-1)
Warning: In design 'repair_decode_with_hybrid_MAX_K5_NUM_CFG7_ENTRY_NUM14_ROW_W10_COL_W10_PATTERN_ID_W4', cell 'C21166' does not drive any nets. (LINT-1)
Warning: In design 'repair_decode_with_hybrid_MAX_K5_NUM_CFG7_ENTRY_NUM14_ROW_W10_COL_W10_PATTERN_ID_W4', cell 'C21167' does not drive any nets. (LINT-1)
Warning: In design 'repair_decode_with_hybrid_MAX_K5_NUM_CFG7_ENTRY_NUM14_ROW_W10_COL_W10_PATTERN_ID_W4', cell 'C21168' does not drive any nets. (LINT-1)
Warning: In design 'repair_decode_with_hybrid_MAX_K5_NUM_CFG7_ENTRY_NUM14_ROW_W10_COL_W10_PATTERN_ID_W4', cell 'C21169' does not drive any nets. (LINT-1)
Warning: In design 'repair_decode_with_hybrid_MAX_K5_NUM_CFG7_ENTRY_NUM14_ROW_W10_COL_W10_PATTERN_ID_W4', cell 'C21170' does not drive any nets. (LINT-1)
Warning: In design 'repair_decode_with_hybrid_MAX_K5_NUM_CFG7_ENTRY_NUM14_ROW_W10_COL_W10_PATTERN_ID_W4', cell 'C21171' does not drive any nets. (LINT-1)
Warning: In design 'repair_decode_with_hybrid_MAX_K5_NUM_CFG7_ENTRY_NUM14_ROW_W10_COL_W10_PATTERN_ID_W4', cell 'C21172' does not drive any nets. (LINT-1)
Warning: In design 'repair_decode_with_hybrid_MAX_K5_NUM_CFG7_ENTRY_NUM14_ROW_W10_COL_W10_PATTERN_ID_W4', cell 'C21173' does not drive any nets. (LINT-1)
Warning: In design 'repair_decode_with_hybrid_MAX_K5_NUM_CFG7_ENTRY_NUM14_ROW_W10_COL_W10_PATTERN_ID_W4', cell 'C21174' does not drive any nets. (LINT-1)
Warning: In design 'repair_decode_with_hybrid_MAX_K5_NUM_CFG7_ENTRY_NUM14_ROW_W10_COL_W10_PATTERN_ID_W4', cell 'C21175' does not drive any nets. (LINT-1)
Warning: In design 'repair_decode_with_hybrid_MAX_K5_NUM_CFG7_ENTRY_NUM14_ROW_W10_COL_W10_PATTERN_ID_W4', cell 'C21176' does not drive any nets. (LINT-1)
Warning: In design 'repair_decode_with_hybrid_MAX_K5_NUM_CFG7_ENTRY_NUM14_ROW_W10_COL_W10_PATTERN_ID_W4', cell 'C21177' does not drive any nets. (LINT-1)
Warning: In design 'repair_decode_with_hybrid_MAX_K5_NUM_CFG7_ENTRY_NUM14_ROW_W10_COL_W10_PATTERN_ID_W4', cell 'C21178' does not drive any nets. (LINT-1)
Warning: In design 'repair_decode_with_hybrid_MAX_K5_NUM_CFG7_ENTRY_NUM14_ROW_W10_COL_W10_PATTERN_ID_W4', cell 'C21179' does not drive any nets. (LINT-1)
Warning: In design 'repair_decode_with_hybrid_MAX_K5_NUM_CFG7_ENTRY_NUM14_ROW_W10_COL_W10_PATTERN_ID_W4', cell 'C21180' does not drive any nets. (LINT-1)
Warning: In design 'repair_decode_with_hybrid_MAX_K5_NUM_CFG7_ENTRY_NUM14_ROW_W10_COL_W10_PATTERN_ID_W4', cell 'C21181' does not drive any nets. (LINT-1)
Warning: In design 'repair_decode_with_hybrid_MAX_K5_NUM_CFG7_ENTRY_NUM14_ROW_W10_COL_W10_PATTERN_ID_W4', cell 'C21182' does not drive any nets. (LINT-1)
Warning: In design 'repair_decode_with_hybrid_MAX_K5_NUM_CFG7_ENTRY_NUM14_ROW_W10_COL_W10_PATTERN_ID_W4', cell 'C21183' does not drive any nets. (LINT-1)
Warning: In design 'repair_decode_with_hybrid_MAX_K5_NUM_CFG7_ENTRY_NUM14_ROW_W10_COL_W10_PATTERN_ID_W4', cell 'C21184' does not drive any nets. (LINT-1)
Warning: In design 'repair_decode_with_hybrid_MAX_K5_NUM_CFG7_ENTRY_NUM14_ROW_W10_COL_W10_PATTERN_ID_W4', cell 'C21185' does not drive any nets. (LINT-1)
Warning: In design 'repair_decode_with_hybrid_MAX_K5_NUM_CFG7_ENTRY_NUM14_ROW_W10_COL_W10_PATTERN_ID_W4', cell 'C21186' does not drive any nets. (LINT-1)
Warning: In design 'repair_decode_with_hybrid_MAX_K5_NUM_CFG7_ENTRY_NUM14_ROW_W10_COL_W10_PATTERN_ID_W4', cell 'C21187' does not drive any nets. (LINT-1)
Warning: In design 'repair_decode_with_hybrid_MAX_K5_NUM_CFG7_ENTRY_NUM14_ROW_W10_COL_W10_PATTERN_ID_W4', cell 'C21188' does not drive any nets. (LINT-1)
Warning: In design 'repair_decode_with_hybrid_MAX_K5_NUM_CFG7_ENTRY_NUM14_ROW_W10_COL_W10_PATTERN_ID_W4', cell 'C21189' does not drive any nets. (LINT-1)
Warning: In design 'repair_decode_with_hybrid_MAX_K5_NUM_CFG7_ENTRY_NUM14_ROW_W10_COL_W10_PATTERN_ID_W4', cell 'C21190' does not drive any nets. (LINT-1)
Warning: In design 'repair_decode_with_hybrid_MAX_K5_NUM_CFG7_ENTRY_NUM14_ROW_W10_COL_W10_PATTERN_ID_W4', cell 'C21191' does not drive any nets. (LINT-1)
Warning: In design 'repair_decode_with_hybrid_MAX_K5_NUM_CFG7_ENTRY_NUM14_ROW_W10_COL_W10_PATTERN_ID_W4', cell 'C21192' does not drive any nets. (LINT-1)
Warning: In design 'repair_decode_with_hybrid_MAX_K5_NUM_CFG7_ENTRY_NUM14_ROW_W10_COL_W10_PATTERN_ID_W4', cell 'C21193' does not drive any nets. (LINT-1)
Warning: In design 'repair_decode_with_hybrid_MAX_K5_NUM_CFG7_ENTRY_NUM14_ROW_W10_COL_W10_PATTERN_ID_W4', cell 'C21194' does not drive any nets. (LINT-1)
Warning: In design 'repair_decode_with_hybrid_MAX_K5_NUM_CFG7_ENTRY_NUM14_ROW_W10_COL_W10_PATTERN_ID_W4', cell 'C21195' does not drive any nets. (LINT-1)
1
