 
****************************************
Report : qor
Design : repair_decode_area_engine_ENTRY_NUM14
Version: W-2024.09-SP2
Date   : Wed Sep  9 14:42:42 2026
****************************************


  Timing Path Group 'clk'
  -----------------------------------
  Levels of Logic:             196.00
  Critical Path Length:        126.92
  Critical Path Slack:        -107.45
  Critical Path Clk Period:     20.00
  Total Negative Slack:     -57013.23
  No. of Violating Paths:      883.00
  Worst Hold Violation:          0.00
  Total Hold Violation:          0.00
  No. of Hold Violations:        0.00
  -----------------------------------


  Cell Count
  -----------------------------------
  Hierarchical Cell Count:          1
  Hierarchical Port Count:        741
  Leaf Cell Count:               8132
  Buf/Inv Cell Count:             984
  Buf Cell Count:                   0
  Inv Cell Count:                 984
  CT Buf/Inv Cell Count:            0
  Combinational Cell Count:      7687
  Sequential Cell Count:          445
  Macro Count:                      0
  -----------------------------------


  Area
  -----------------------------------
  Combinational Area:   167278.004297
  Noncombinational Area: 45857.750656
  Buf/Inv Area:          38785.824106
  Total Buffer Area:             0.00
  Total Inverter Area:       38785.82
  Macro/Black Box Area:      0.000000
  Net Area:            1074878.775452
  -----------------------------------
  Cell Area:            213135.754953
  Design Area:         1288014.530405


  Design Rules
  -----------------------------------
  Total Number of Nets:         10657
  Nets With Violations:           562
  Max Trans Violations:           238
  Max Cap Violations:             446
  Max Fanout Violations:          391
  -----------------------------------


  Hostname: Kaohsiung

  Compile CPU Statistics
  -----------------------------------------
  Resource Sharing:                   16.70
  Logic Optimization:                 20.95
  Mapping Optimization:                0.23
  -----------------------------------------
  Overall Compile Time:               40.88
  Overall Compile Wall Clock Time:    41.26

  --------------------------------------------------------------------

  Design  WNS: 107.45  TNS: 57013.23  Number of Violating Paths: 883


  Design (Hold)  WNS: 0.00  TNS: 0.00  Number of Violating Paths: 0

  --------------------------------------------------------------------


1
