 
****************************************
Report : reference
Design : repair_decode_area_engine_ENTRY_NUM14
Version: W-2024.09-SP2
Date   : Wed Sep  9 14:42:40 2026
****************************************

Attributes:
    b - black box (unknown)
   bo - allows boundary optimization
    d - dont_touch
   mo - map_only
    h - hierarchical
    n - noncombinational
    r - removable
    s - synthetic operator
    u - contains unmapped logic

Reference          Library       Unit Area   Count    Total Area   Attributes
-----------------------------------------------------------------------------
AND3X1             slow          16.632000       1     16.632000  
AOI21X1            slow          13.305600       2     26.611200  
AOI22X1            slow          16.632000    1260  20956.319962  
CLKINVX16          slow          83.160004      88   7318.080322  
CLKINVX20          slow          96.465599     284  27396.230133  
DFFHQX4            slow          73.180801       1     73.180801  n
EDFFX4             slow         103.118401     444  45784.569855  n
INVX1              slow           6.652800       5     33.264000  
NAND2X1            slow           9.979200     633   6316.833830  
NAND3BX1           slow          16.632000       1     16.632000  
NAND4X1            slow          16.632000       1     16.632000  
NOR2BX1            slow          13.305600     110   1463.616018  
NOR2X1             slow           9.979200       3     29.937601  
NOR4BBX1           slow          26.611200       1     26.611200  
OAI21XL            slow          13.305600       5     66.528001  
repair_decode_with_hybrid_MAX_K5_NUM_CFG7_ENTRY_NUM14_ROW_W10_COL_W10_PATTERN_ID_W4
                              103594.076029
                                                 1  103594.076029 h
-----------------------------------------------------------------------------
Total 16 references                                 213135.754953

****************************************
Design: repair_decode_with_hybrid_MAX_K5_NUM_CFG7_ENTRY_NUM14_ROW_W10_COL_W10_PATTERN_ID_W4 
****************************************
Reference          Library       Unit Area   Count    Total Area   Attributes
-----------------------------------------------------------------------------
AND2X1             slow          13.305600      30    399.168005  
AND3X1             slow          16.632000      24    399.167999  
AND4X1             slow          19.958401       8    159.667206  
AOI2BB1X1          slow          16.632000      14    232.848000  
AOI2BB2X1          slow          23.284800      22    512.265591  
AOI21X1            slow          13.305600      40    532.224007  
AOI22X1            slow          16.632000     224   3725.567993  
AOI31X1            slow          16.632000      30    498.959999  
AOI211X1           slow          16.632000      54    898.127998  
AOI221X1           slow          23.284800       6    139.708797  
AOI222X1           slow          26.611200     141   3752.179247  
INVX1              slow           6.652800     607   4038.249650  
MX2X1              slow          26.611200     488  12986.265762  
MXI2X1             slow          23.284800     592  13784.601349  
NAND2BX1           slow          13.305600      17    226.195203  
NAND2X1            slow           9.979200     187   1866.110468  
NAND3BX1           slow          16.632000       6     99.792000  
NAND3X1            slow          13.305600     139   1849.478423  
NAND4BXL           slow          19.958401      17    339.292812  
NAND4X1            slow          16.632000     196   3259.871994  
NOR2BX1            slow          13.305600      33    439.084805  
NOR2X1             slow           9.979200     224   2235.340881  
NOR3BX1            slow          19.958401       2     39.916801  
NOR3X1             slow          13.305600     291   3871.929648  
NOR4BBX1           slow          26.611200       1     26.611200  
NOR4BX1            slow          19.958401      15    299.376011  
NOR4X1             slow          19.958401      14    279.417610  
OAI2BB1X1          slow          16.632000      15    249.480000  
OAI21XL            slow          13.305600     106   1410.393618  
OAI22X1            slow          19.958401     141   2814.134502  
OAI31X1            slow          19.958401       3     59.875202  
OAI32X1            slow          23.284800       1     23.284800  
OAI33X1            slow          26.611200       2     53.222401  
OAI211X1           slow          19.958401      19    379.209614  
OAI221XL           slow          23.284800     125   2910.599947  
OAI222XL           slow          26.611200      40   1064.448013  
OR2X1              slow          13.305600       1     13.305600  
OR3XL              slow          16.632000       1     16.632000  
XNOR2X1            slow          26.611200     144   3832.012848  
XOR2X1             slow          26.611200    1273  33876.058023  
-----------------------------------------------------------------------------
Total 40 references                                 103594.076029
1
