 
****************************************
Report : qor
Design : recam_dss_l1x4_r_static_early_top
Version: W-2024.09-SP2
Date   : Thu Sep 24 07:04:22 2026
****************************************


  Timing Path Group 'recam_clk'
  -----------------------------------
  Levels of Logic:              78.00
  Critical Path Length:         20.00
  Critical Path Slack:           0.00
  Critical Path Clk Period:     20.00
  Total Negative Slack:          0.00
  No. of Violating Paths:        0.00
  Worst Hold Violation:          0.00
  Total Hold Violation:          0.00
  No. of Hold Violations:        0.00
  -----------------------------------


  Cell Count
  -----------------------------------
  Hierarchical Cell Count:          3
  Hierarchical Port Count:        501
  Leaf Cell Count:               4834
  Buf/Inv Cell Count:            1458
  Buf Cell Count:                 205
  Inv Cell Count:                1253
  CT Buf/Inv Cell Count:            0
  Combinational Cell Count:      4822
  Sequential Cell Count:           12
  Macro Count:                      0
  -----------------------------------


  Area
  -----------------------------------
  Combinational Area:    99016.949543
  Noncombinational Area:   678.585609
  Buf/Inv Area:          17496.864245
  Total Buffer Area:          4577.13
  Total Inverter Area:       12919.74
  Macro/Black Box Area:      0.000000
  Net Area:             507502.544403
  -----------------------------------
  Cell Area:             99695.535153
  Design Area:          607198.079556


  Design Rules
  -----------------------------------
  Total Number of Nets:          5111
  Nets With Violations:             0
  Max Trans Violations:             0
  Max Cap Violations:               0
  -----------------------------------


  Hostname: Kaohsiung

  Compile CPU Statistics
  -----------------------------------------
  Resource Sharing:                    2.47
  Logic Optimization:                 36.24
  Mapping Optimization:               13.79
  -----------------------------------------
  Overall Compile Time:               58.22
  Overall Compile Wall Clock Time:    58.51

  --------------------------------------------------------------------

  Design  WNS: 0.00  TNS: 0.00  Number of Violating Paths: 0


  Design (Hold)  WNS: 0.00  TNS: 0.00  Number of Violating Paths: 0

  --------------------------------------------------------------------


1
