 
****************************************
Report : reference
Design : recam_dss_l1x4_r_static_early_top
Version: W-2024.09-SP2
Date   : Thu Sep 24 07:04:22 2026
****************************************

Attributes:
    b - black box (unknown)
   bo - allows boundary optimization
    d - dont_touch
   mo - map_only
    h - hierarchical
    n - noncombinational
    r - removable
    s - synthetic operator
    u - contains unmapped logic

Reference          Library       Unit Area   Count    Total Area   Attributes
-----------------------------------------------------------------------------
AND2X2             slow          13.305600       1     13.305600  
BUFX20             slow          53.222401       1     53.222401  
CLKBUFX3           slow          13.305600       1     13.305600  
dss_early_selected_address_mux_ROW_ADDR_W9_PHYS_COL_ADDR_W13
                               5644.900818       1   5644.900818  h
recam_dss_l1x4_r_static_early_core
                               1666.526415       1   1666.526415  h, n
recam_shared_config_analyzer_ROW_ADDR_W9_PHYS_COL_ADDR_W13_WORD_COL_ADDR_W5_HYBRID_LINE_ADDR_W13_HYBRID_ENTRIES7
                              92304.274319       1  92304.274319  h
-----------------------------------------------------------------------------
Total 6 references                                  99695.535153

****************************************
Design: dss_early_selected_address_mux_ROW_ADDR_W9_PHYS_COL_ADDR_W13 
****************************************
Reference          Library       Unit Area   Count    Total Area   Attributes
-----------------------------------------------------------------------------
AND2X2             slow          13.305600      16    212.889603  
AND2X4             slow          16.632000       3     49.896000  
AND3X2             slow          16.632000       6     99.792000  
AND3X4             slow          19.958401       2     39.916801  
AND4X2             slow          19.958401       2     39.916801  
AOI2BB1X1          slow          16.632000       3     49.896000  
AOI2BB1X4          slow          36.590401       1     36.590401  
AOI2BB2X4          slow          49.896000       1     49.896000  
AOI21X1            slow          13.305600       1     13.305600  
AOI22X2            slow          29.937599      16    479.001587  
AOI22X4            slow          46.569599       7    325.987194  
AOI31X1            slow          16.632000       1     16.632000  
AOI31X4            slow          29.937599       2     59.875198  
BUFX3              slow          13.305600       3     39.916800  
BUFX4              slow          16.632000       1     16.632000  
BUFX8              slow          29.937599       4    119.750397  
BUFX12             slow          33.264000       2     66.528000  
BUFX20             slow          53.222401       6    319.334404  
CLKBUFX4           slow          16.632000       1     16.632000  
CLKBUFX8           slow          23.284800       1     23.284800  
CLKINVX2           slow           9.979200       1      9.979200  
CLKINVX3           slow           9.979200      11    109.771204  
CLKINVX4           slow          13.305600       4     53.222401  
CLKINVX8           slow          19.958401       4     79.833603  
INVX1              slow           6.652800      27    179.625602  
INVX2              slow           9.979200       6     59.875202  
INVX4              slow          13.305600      16    212.889603  
INVX8              slow          19.958401      16    319.334412  
INVXL              slow           6.652800       1      6.652800  
MXI2XL             slow          23.284800       1     23.284800  
NAND2BX1           slow          13.305600       1     13.305600  
NAND2X4            slow          23.284800       1     23.284800  
NAND2XL            slow           9.979200       3     29.937601  
NAND3X1            slow          13.305600      23    306.028804  
NAND3X2            slow          23.284800       4     93.139198  
NAND3X4            slow          33.264000       2     66.528000  
NAND3XL            slow          13.305600       5     66.528001  
NAND4X1            slow          16.632000       2     33.264000  
NAND4X4            slow          56.548801       2    113.097603  
NAND4XL            slow          16.632000       2     33.264000  
NOR2X1             slow           9.979200       1      9.979200  
NOR2X2             slow          16.632000       1     16.632000  
NOR2XL             slow           9.979200       2     19.958401  
OAI2BB1X1          slow          16.632000       3     49.896000  
OAI2BB1X2          slow          23.284800      17    395.841593  
OAI2BB1X4          slow          33.264000       8    266.112000  
OAI2BB2X4          slow          49.896000       4    199.584000  
OAI22X1            slow          19.958401       2     39.916801  
OAI31X2            slow          29.937599       2     59.875198  
OAI32X2            slow          36.590401       1     36.590401  
OAI211X2           slow          33.264000       3     99.792000  
OAI211X4           slow          29.937599       1     29.937599  
OAI221X2           slow          43.243198       1     43.243198  
OAI222X2           slow          49.896000       1     49.896000  
OR2X1              slow          13.305600       2     26.611200  
OR2X2              slow          13.305600      13    172.972802  
OR2X4              slow          19.958401       7    139.708805  
OR2XL              slow          13.305600       4     53.222401  
XOR2X1             slow          26.611200       1     26.611200  
-----------------------------------------------------------------------------
Total 59 references                                  5644.900818

****************************************
Design: recam_dss_l1x4_r_static_early_core 
****************************************
Reference          Library       Unit Area   Count    Total Area   Attributes
-----------------------------------------------------------------------------
AND2X2             slow          13.305600       1     13.305600  
AND2X4             slow          16.632000       2     33.264000  
AOI2BB1X1          slow          16.632000       2     33.264000  
AOI31X1            slow          16.632000       1     16.632000  
AOI222X1           slow          26.611200       1     26.611200  
CLKINVX3           slow           9.979200       1      9.979200  
DFFHQX1            slow          53.222401       9    479.001606  n
DFFHQX4            slow          73.180801       2    146.361603  n
DFFHQXL            slow          53.222401       1     53.222401  n
INVX1              slow           6.652800      19    126.403202  
INVX2              slow           9.979200       1      9.979200  
INVX4              slow          13.305600       3     39.916800  
INVX8              slow          19.958401       1     19.958401  
MXI2X1             slow          23.284800       8    186.278397  
NAND2X1            slow           9.979200       1      9.979200  
NAND3X1            slow          13.305600       2     26.611200  
NAND3X2            slow          23.284800       1     23.284800  
NAND4X4            slow          56.548801       1     56.548801  
NOR2X1             slow           9.979200       1      9.979200  
NOR2X2             slow          16.632000       1     16.632000  
OAI2BB1X1          slow          16.632000       1     16.632000  
OAI21XL            slow          13.305600       1     13.305600  
OAI22XL            slow          19.958401       1     19.958401  
OAI31X4            slow          29.937599       1     29.937599  
OAI32X1            slow          23.284800       1     23.284800  
OAI222XL           slow          26.611200       1     26.611200  
OR2X2              slow          13.305600      10    133.056002  
OR2X4              slow          19.958401       2     39.916801  
OR2XL              slow          13.305600       2     26.611200  
-----------------------------------------------------------------------------
Total 29 references                                  1666.526415

****************************************
Design: recam_shared_config_analyzer_ROW_ADDR_W9_PHYS_COL_ADDR_W13_WORD_COL_ADDR_W5_HYBRID_LINE_ADDR_W13_HYBRID_ENTRIES7 
****************************************
Reference          Library       Unit Area   Count    Total Area   Attributes
-----------------------------------------------------------------------------
AND2X1             slow          13.305600       8    106.444801  
AND2X2             slow          13.305600      18    239.500803  
AND2X4             slow          16.632000      10    166.320000  
AND3X1             slow          16.632000       2     33.264000  
AND3X2             slow          16.632000      17    282.743999  
AND3X4             slow          19.958401      13    259.459209  
AND4X1             slow          19.958401       3     59.875202  
AND4X2             slow          19.958401      39    778.377628  
AND4X4             slow          36.590401      28   1024.531219  
AOI2BB1X1          slow          16.632000       2     33.264000  
AOI2BB1X2          slow          23.284800       5    116.423998  
AOI2BB1X4          slow          36.590401       2     73.180801  
AOI2BB1XL          slow          16.632000       1     16.632000  
AOI2BB2X1          slow          23.284800      33    768.398386  
AOI2BB2X2          slow          29.937599       8    239.500793  
AOI2BB2XL          slow          23.284800       2     46.569599  
AOI21X4            slow          33.264000       1     33.264000  
AOI22X1            slow          16.632000       9    149.688000  
AOI22XL            slow          16.632000       1     16.632000  
AOI31X1            slow          16.632000       1     16.632000  
AOI31X2            slow          29.937599       2     59.875198  
AOI31X4            slow          29.937599       2     59.875198  
AOI32X1            slow          23.284800       1     23.284800  
AOI33X1            slow          26.611200       2     53.222401  
AOI211X1           slow          16.632000       7    116.424000  
AOI211X2           slow          29.937599       4    119.750397  
AOI221X1           slow          23.284800       4     93.139198  
AOI221X2           slow          39.916801       5    199.584007  
AOI221X4           slow          36.590401       6    219.542404  
AOI222X1           slow          26.611200      31    824.947210  
AOI222X2           slow          46.569599       3    139.708797  
AOI222X4           slow          39.916801       4    159.667206  
BUFX1              slow          13.305600      31    412.473605  
BUFX3              slow          13.305600      64    851.558411  
BUFX4              slow          16.632000      14    232.848000  
BUFX8              slow          29.937599      30    898.127975  
BUFX12             slow          33.264000      18    598.751999  
BUFX16             slow          43.243198       6    259.459190  
BUFX20             slow          53.222401       6    319.334404  
CLKBUFX3           slow          13.305600       1     13.305600  
CLKBUFX8           slow          23.284800       7    162.993597  
CLKINVX1           slow           9.979200       2     19.958401  
CLKINVX2           slow           9.979200       2     19.958401  
CLKINVX3           slow           9.979200     194   1935.964870  
CLKINVX4           slow          13.305600      35    465.696006  
CLKINVX8           slow          19.958401      41    818.294430  
CLKINVX12          slow          63.201599       1     63.201599  
CLKINVX20          slow          96.465599       1     96.465599  
CLKINVXL           slow           9.979200      38    379.209614  
DLY1X1             slow          19.958401       8    159.667206  
INVX1              slow           6.652800     569   3785.443247  
INVX2              slow           9.979200      35    349.272013  
INVX3              slow          13.305600       8    106.444801  
INVX4              slow          13.305600      53    705.196809  
INVX8              slow          19.958401      71   1417.046452  
INVX12             slow          43.243198      13    562.161579  
INVX16             slow          56.548801       3    169.646404  
INVX20             slow          63.201599       5    316.007996  
INVXL              slow           6.652800      71    472.348806  
MX2X1              slow          26.611200     140   3725.568047  
MX2X2              slow          29.937599      31    928.065575  
MX2X4              slow          33.264000      42   1397.087997  
MX2XL              slow          26.611200       1     26.611200  
MXI2X1             slow          23.284800     126   2933.884747  
MXI2X2             slow          26.611200      97   2581.286432  
MXI2X4             slow          46.569599      44   2049.062363  
MXI2XL             slow          23.284800      32    745.113586  
NAND2BX1           slow          13.305600       1     13.305600  
NAND2BX2           slow          19.958401       3     59.875202  
NAND2BX4           slow          26.611200       2     53.222401  
NAND2BXL           slow          13.305600       2     26.611200  
NAND2X1            slow           9.979200      52    518.918419  
NAND2X2            slow          16.632000      19    316.007999  
NAND2X4            slow          23.284800      48   1117.670380  
NAND2XL            slow           9.979200      12    119.750404  
NAND3BX1           slow          16.632000       2     33.264000  
NAND3BX2           slow          26.611200       1     26.611200  
NAND3X1            slow          13.305600     169   2248.646428  
NAND3X2            slow          23.284800      46   1071.100780  
NAND3X4            slow          33.264000      28    931.391998  
NAND3XL            slow          13.305600      35    465.696006  
NAND4BBX1          slow          26.611200       1     26.611200  
NAND4BBX2          slow          36.590401       1     36.590401  
NAND4BBX4          slow          63.201599       6    379.209595  
NAND4BX1           slow          23.284800       1     23.284800  
NAND4BX2           slow          33.264000       3     99.792000  
NAND4BX4           slow          59.875198       3    179.625595  
NAND4BXL           slow          19.958401       1     19.958401  
NAND4X1            slow          16.632000      98   1629.935997  
NAND4X2            slow          29.937599      50   1496.879959  
NAND4X4            slow          56.548801      22   1244.073631  
NAND4XL            slow          16.632000      18    299.375999  
NOR2BX2            slow          19.958401       1     19.958401  
NOR2BX4            slow          26.611200       2     53.222401  
NOR2X1             slow           9.979200      31    309.355211  
NOR2X2             slow          16.632000      18    299.375999  
NOR2X4             slow          23.284800      12    279.417595  
NOR2XL             slow           9.979200       2     19.958401  
NOR3BX1            slow          19.958401       1     19.958401  
NOR3BX4            slow          36.590401       2     73.180801  
NOR3X2             slow          23.284800       2     46.569599  
NOR3X4             slow          33.264000       6    199.584000  
NOR4X2             slow          29.937599       1     29.937599  
OAI2BB1X1          slow          16.632000      39    648.647999  
OAI2BB1X2          slow          23.284800      18    419.126392  
OAI2BB1X4          slow          33.264000      34   1130.975998  
OAI2BB1XL          slow          16.632000       8    133.056000  
OAI2BB2X4          slow          49.896000       1     49.896000  
OAI21X4            slow          36.590401       1     36.590401  
OAI21XL            slow          13.305600       3     39.916800  
OAI22X1            slow          19.958401      58   1157.587242  
OAI22X2            slow          29.937599      20    598.751984  
OAI22X4            slow          46.569599       6    279.417595  
OAI22XL            slow          19.958401      17    339.292812  
OAI31X2            slow          29.937599       5    149.687996  
OAI31X4            slow          29.937599       4    119.750397  
OAI32X2            slow          36.590401       2     73.180801  
OAI32X4            slow          33.264000       8    266.112000  
OAI32XL            slow          23.284800       1     23.284800  
OAI211X1           slow          19.958401       8    159.667206  
OAI211X2           slow          33.264000       1     33.264000  
OAI211X4           slow          29.937599      16    479.001587  
OAI211XL           slow          19.958401       2     39.916801  
OAI221X2           slow          43.243198       2     86.486397  
OAI221X4           slow          36.590401       3    109.771202  
OAI221XL           slow          23.284800       3     69.854399  
OAI222X2           slow          49.896000       2     99.792000  
OAI222X4           slow          39.916801       3    119.750404  
OAI222XL           slow          26.611200       1     26.611200  
OR2X1              slow          13.305600       7     93.139201  
OR2X2              slow          13.305600     233   3100.204839  
OR2X4              slow          19.958401      81   1616.630459  
OR2XL              slow          13.305600      40    532.224007  
OR3X4              slow          29.937599       3     89.812798  
OR3XL              slow          16.632000       5     83.160000  
OR4X1              slow          19.958401       1     19.958401  
OR4X2              slow          19.958401      41    818.294430  
OR4X4              slow          36.590401      33   1207.483223  
XNOR2X1            slow          26.611200      39   1037.836813  
XNOR2X2            slow          36.590401       8    292.723206  
XNOR2X4            slow          56.548801      10    565.488014  
XNOR2XL            slow          26.611200       4    106.444801  
XOR2X1             slow          26.611200     572  15221.606590  
XOR2X2             slow          33.264000     131   4357.583992  
XOR2X4             slow          56.548801      49   2770.891270  
XOR2XL             slow          26.611200     128   3406.233643  
-----------------------------------------------------------------------------
Total 146 references                                92304.274319
1
