 
****************************************
check_design summary:
Version:     W-2024.09-SP2
Date:        Thu Sep 10 03:30:49 2026
****************************************

                   Name                                            Total
--------------------------------------------------------------------------------
Inputs/Outputs                                                      5
    Unconnected ports (LINT-28)                                     4
    Constant outputs (LINT-52)                                      1

Cells                                                              16
    Cells do not drive (LINT-1)                                    16
--------------------------------------------------------------------------------

Warning: In design 'recam_2r2c_matrix_builder_ROW_ADDR_W9_COL_ADDR_W5_HYBRID_ENTRY_NUM7', cell 'B_514' does not drive any nets. (LINT-1)
Warning: In design 'recam_2r2c_matrix_builder_ROW_ADDR_W9_COL_ADDR_W5_HYBRID_ENTRY_NUM7', cell 'B_515' does not drive any nets. (LINT-1)
Warning: In design 'recam_2r2c_matrix_builder_ROW_ADDR_W9_COL_ADDR_W5_HYBRID_ENTRY_NUM7', cell 'B_516' does not drive any nets. (LINT-1)
Warning: In design 'recam_2r2c_matrix_builder_ROW_ADDR_W9_COL_ADDR_W5_HYBRID_ENTRY_NUM7', cell 'B_523' does not drive any nets. (LINT-1)
Warning: In design 'recam_2r2c_matrix_builder_ROW_ADDR_W9_COL_ADDR_W5_HYBRID_ENTRY_NUM7', cell 'C7922' does not drive any nets. (LINT-1)
Warning: In design 'recam_2r2c_matrix_builder_ROW_ADDR_W9_COL_ADDR_W5_HYBRID_ENTRY_NUM7', cell 'C7926' does not drive any nets. (LINT-1)
Warning: In design 'recam_2r2c_matrix_builder_ROW_ADDR_W9_COL_ADDR_W5_HYBRID_ENTRY_NUM7', cell 'C7936' does not drive any nets. (LINT-1)
Warning: In design 'recam_2r2c_matrix_builder_ROW_ADDR_W9_COL_ADDR_W5_HYBRID_ENTRY_NUM7', cell 'C7940' does not drive any nets. (LINT-1)
Warning: In design 'recam_2r2c_matrix_builder_ROW_ADDR_W9_COL_ADDR_W5_HYBRID_ENTRY_NUM7', cell 'C7955' does not drive any nets. (LINT-1)
Warning: In design 'recam_2r2c_matrix_builder_ROW_ADDR_W9_COL_ADDR_W5_HYBRID_ENTRY_NUM7', cell 'C7959' does not drive any nets. (LINT-1)
Warning: In design 'recam_2r2c_matrix_builder_ROW_ADDR_W9_COL_ADDR_W5_HYBRID_ENTRY_NUM7', cell 'C7974' does not drive any nets. (LINT-1)
Warning: In design 'recam_2r2c_matrix_builder_ROW_ADDR_W9_COL_ADDR_W5_HYBRID_ENTRY_NUM7', cell 'C7978' does not drive any nets. (LINT-1)
Warning: In design 'recam_2r2c_matrix_builder_ROW_ADDR_W9_COL_ADDR_W5_HYBRID_ENTRY_NUM7', cell 'C7993' does not drive any nets. (LINT-1)
Warning: In design 'recam_2r2c_matrix_builder_ROW_ADDR_W9_COL_ADDR_W5_HYBRID_ENTRY_NUM7', cell 'C7997' does not drive any nets. (LINT-1)
Warning: In design 'recam_2r2c_matrix_builder_ROW_ADDR_W9_COL_ADDR_W5_HYBRID_ENTRY_NUM7', cell 'C8012' does not drive any nets. (LINT-1)
Warning: In design 'recam_2r2c_matrix_builder_ROW_ADDR_W9_COL_ADDR_W5_HYBRID_ENTRY_NUM7', cell 'C8016' does not drive any nets. (LINT-1)
Warning: In design 'recam_2r2c_pattern_analyzer', port 'matrix_flat_i[15]' is not connected to any nets. (LINT-28)
Warning: In design 'recam_2r2c_pattern_analyzer', port 'matrix_flat_i[10]' is not connected to any nets. (LINT-28)
Warning: In design 'recam_2r2c_pattern_analyzer', port 'matrix_flat_i[5]' is not connected to any nets. (LINT-28)
Warning: In design 'recam_2r2c_pattern_analyzer', port 'matrix_flat_i[0]' is not connected to any nets. (LINT-28)
Warning: In design 'recam_2r2c_pattern_encoder', output port 'pattern_id_o[3]' is connected directly to 'logic 0'. (LINT-52)
1
