 
****************************************
Report : constraint
        -all_violators
Design : recam_2r2c_analyzer
Version: W-2024.09-SP2
Date   : Thu Sep 10 03:30:55 2026
****************************************


   max_delay/setup ('recam_boundary_clk' group)

                             Required        Actual
   Endpoint                 Path Delay     Path Delay        Slack
   -----------------------------------------------------------------
   pattern_id_o[2]             20.00          71.92 r       -51.92  (VIOLATED)
   repairable_o                20.00          71.90 r       -51.90  (VIOLATED)
   pattern_id_o[0]             20.00          71.59 r       -51.59  (VIOLATED)
   pattern_id_o[1]             20.00          71.50 r       -51.50  (VIOLATED)
   candidate_valid_o[0]        20.00          69.42 r       -49.42  (VIOLATED)
   candidate_valid_o[4]        20.00          69.34 r       -49.34  (VIOLATED)
   candidate_valid_o[1]        20.00          69.21 r       -49.21  (VIOLATED)
   candidate_valid_o[5]        20.00          69.20 r       -49.20  (VIOLATED)
   candidate_valid_o[3]        20.00          69.11 r       -49.11  (VIOLATED)
   candidate_valid_o[2]        20.00          69.01 r       -49.01  (VIOLATED)
   matrix_flat_o[13]           20.00          68.17 r       -48.17  (VIOLATED)
   matrix_flat_o[9]            20.00          68.15 r       -48.15  (VIOLATED)
   matrix_flat_o[6]            20.00          68.15 r       -48.15  (VIOLATED)
   matrix_flat_o[14]           20.00          68.15 r       -48.15  (VIOLATED)
   matrix_flat_o[11]           20.00          68.02 r       -48.02  (VIOLATED)
   matrix_flat_o[7]            20.00          67.98 r       -47.98  (VIOLATED)
   matrix_flat_o[2]            20.00          67.64 r       -47.64  (VIOLATED)
   matrix_flat_o[1]            20.00          67.63 r       -47.63  (VIOLATED)
   matrix_flat_o[10]           20.00          67.53 r       -47.53  (VIOLATED)
   matrix_flat_o[3]            20.00          67.47 r       -47.47  (VIOLATED)
   matrix_flat_o[5]            20.00          67.46 r       -47.46  (VIOLATED)
   matrix_flat_o[15]           20.00          67.37 r       -47.37  (VIOLATED)
   matrix_flat_o[12]           20.00          67.34 r       -47.34  (VIOLATED)
   matrix_flat_o[8]            20.00          67.33 r       -47.33  (VIOLATED)
   matrix_flat_o[4]            20.00          67.33 r       -47.33  (VIOLATED)


   max_transition

                             Required        Actual
   Net                      Transition     Transition        Slack
   -----------------------------------------------------------------
   matrix_builder/n704          3.00           4.82          -1.82  (VIOLATED)
       PIN :   matrix_builder/U657/A
                                3.00           4.82          -1.82  (VIOLATED)
       PIN :   matrix_builder/U588/B0
                                3.00           4.82          -1.82  (VIOLATED)
       PIN :   matrix_builder/U586/B0
                                3.00           4.82          -1.82  (VIOLATED)
       PIN :   matrix_builder/U583/B0
                                3.00           4.82          -1.82  (VIOLATED)
       PIN :   matrix_builder/U580/B0
                                3.00           4.82          -1.82  (VIOLATED)
       PIN :   matrix_builder/U577/B0
                                3.00           4.82          -1.82  (VIOLATED)
       PIN :   matrix_builder/U575/B0
                                3.00           4.82          -1.82  (VIOLATED)
       PIN :   matrix_builder/U573/B0
                                3.00           4.82          -1.82  (VIOLATED)
       PIN :   matrix_builder/U570/B0
                                3.00           4.82          -1.82  (VIOLATED)
       PIN :   matrix_builder/U567/B0
                                3.00           4.82          -1.82  (VIOLATED)
       PIN :   matrix_builder/U562/A
                                3.00           4.82          -1.82  (VIOLATED)
       PIN :   matrix_builder/U524/A0
                                3.00           4.82          -1.82  (VIOLATED)
       PIN :   matrix_builder/U658/Y
                                3.00           4.82          -1.82  (VIOLATED)
   matrix_builder/n1511         3.00           3.43          -0.43  (VIOLATED)
       PIN :   matrix_builder/U1465/B1
                                3.00           3.43          -0.43  (VIOLATED)
       PIN :   matrix_builder/U1462/B1
                                3.00           3.43          -0.43  (VIOLATED)
       PIN :   matrix_builder/U1459/B1
                                3.00           3.43          -0.43  (VIOLATED)
       PIN :   matrix_builder/U1456/B1
                                3.00           3.43          -0.43  (VIOLATED)
       PIN :   matrix_builder/U1453/B1
                                3.00           3.43          -0.43  (VIOLATED)
       PIN :   matrix_builder/U1447/B1
                                3.00           3.43          -0.43  (VIOLATED)
       PIN :   matrix_builder/U1443/B1
                                3.00           3.43          -0.43  (VIOLATED)
       PIN :   matrix_builder/U1439/B1
                                3.00           3.43          -0.43  (VIOLATED)
       PIN :   matrix_builder/U1435/B1
                                3.00           3.43          -0.43  (VIOLATED)
       PIN :   matrix_builder/U1466/Y
                                3.00           3.43          -0.43  (VIOLATED)
   matrix_builder/n531          3.00           3.41          -0.41  (VIOLATED)
       PIN :   matrix_builder/U460/B
                                3.00           3.41          -0.41  (VIOLATED)
       PIN :   matrix_builder/U395/B0
                                3.00           3.41          -0.41  (VIOLATED)
       PIN :   matrix_builder/U393/B0
                                3.00           3.41          -0.41  (VIOLATED)
       PIN :   matrix_builder/U391/B0
                                3.00           3.41          -0.41  (VIOLATED)
       PIN :   matrix_builder/U389/B0
                                3.00           3.41          -0.41  (VIOLATED)
       PIN :   matrix_builder/U386/B0
                                3.00           3.41          -0.41  (VIOLATED)
       PIN :   matrix_builder/U384/B0
                                3.00           3.41          -0.41  (VIOLATED)
       PIN :   matrix_builder/U382/B0
                                3.00           3.41          -0.41  (VIOLATED)
       PIN :   matrix_builder/U379/B0
                                3.00           3.41          -0.41  (VIOLATED)
       PIN :   matrix_builder/U377/B0
                                3.00           3.41          -0.41  (VIOLATED)
       PIN :   matrix_builder/U461/Y
                                3.00           3.41          -0.41  (VIOLATED)

   -----------------------------------------------------------------
   Total                      3                  -2.66  

   max_fanout

                             Required        Actual
   Net                        Fanout         Fanout          Slack
   -----------------------------------------------------------------
   pivot_valid_i[0]            10.00          16.00          -6.00  (VIOLATED)
   matrix_builder/n704         10.00          12.00          -2.00  (VIOLATED)

   -----------------------------------------------------------------
   Total                      2                  -8.00  

   max_capacitance

                             Required        Actual
   Net                      Capacitance    Capacitance       Slack
   -----------------------------------------------------------------
   pivot_valid_i[0]             0.15           0.22          -0.07  (VIOLATED)
   matrix_builder/n704          0.15           0.17          -0.02  (VIOLATED)

   -----------------------------------------------------------------
   Total                      2                  -0.09  

1
