 
****************************************
Report : area
Design : recam_2r2c_analyzer
Version: W-2024.09-SP2
Date   : Thu Sep 10 03:30:55 2026
****************************************

Library(s) Used:

    slow (File: /cad/std_libraries/CBDK_TSMC018_Arm_f1.0/CIC/SynopsysDC/db/slow.db)

Number of ports:                          424
Number of nets:                          2078
Number of cells:                         1689
Number of combinational cells:           1684
Number of sequential cells:                 0
Number of macros/black boxes:               0
Number of buf/inv:                        322
Number of references:                       3

Combinational area:              28071.490005
Buf/Inv area:                     2142.201627
Noncombinational area:               0.000000
Macro/Black Box area:                0.000000
Net Interconnect area:          207154.371796

Total cell area:                 28071.490005
Total area:                     235225.861800

Hierarchical area distribution
------------------------------

                                  Global cell area            Local cell area
                                  -------------------  ----------------------------- 
Hierarchical cell                 Absolute    Percent  Combi-      Noncombi-  Black-
                                  Total       Total    national    national   boxes   Design
--------------------------------  ----------  -------  ----------  ---------  ------  -------------------------------------------------------------------
recam_2r2c_analyzer               28071.4900    100.0      0.0000     0.0000  0.0000  recam_2r2c_analyzer
matrix_builder                    27732.1972     98.8  27732.1972     0.0000  0.0000  recam_2r2c_matrix_builder_ROW_ADDR_W9_COL_ADDR_W5_HYBRID_ENTRY_NUM7
pattern_analyzer                    179.6256      0.6    179.6256     0.0000  0.0000  recam_2r2c_pattern_analyzer
pattern_encoder                     159.6672      0.6    159.6672     0.0000  0.0000  recam_2r2c_pattern_encoder
--------------------------------  ----------  -------  ----------  ---------  ------  -------------------------------------------------------------------
Total                                                  28071.4900     0.0000  0.0000

1
