 
****************************************
check_design summary:
Version:     W-2024.09-SP2
Date:        Wed Sep  9 14:12:35 2026
****************************************

                   Name                                            Total
--------------------------------------------------------------------------------
Inputs/Outputs                                                     41
    Shorted outputs (LINT-31)                                      34
    Constant outputs (LINT-52)                                      7

Cells                                                              12
    Cells do not drive (LINT-1)                                    12

Nets                                                                3
    Unloaded nets (LINT-2)                                          3
--------------------------------------------------------------------------------

Warning: In design 'shared_fault_collector_HYBRID_SHARED_ENTRIES14', cell 'C355' does not drive any nets. (LINT-1)
Warning: In design 'shared_fault_collector_HYBRID_SHARED_ENTRIES14', cell 'C365' does not drive any nets. (LINT-1)
Warning: In design 'shared_fault_collector_HYBRID_SHARED_ENTRIES14', cell 'C377' does not drive any nets. (LINT-1)
Warning: In design 'shared_fault_collector_HYBRID_SHARED_ENTRIES14', cell 'C389' does not drive any nets. (LINT-1)
Warning: In design 'shared_fault_collector_HYBRID_SHARED_ENTRIES14', cell 'C401' does not drive any nets. (LINT-1)
Warning: In design 'shared_fault_collector_HYBRID_SHARED_ENTRIES14', cell 'C471' does not drive any nets. (LINT-1)
Warning: In design 'shared_pivot_cam_ROW_W10_COL_W10_MAX_K5_NUM_CFG7', cell 'C537' does not drive any nets. (LINT-1)
Warning: In design 'shared_fault_counter_ENTRY_NUM12_ROW_W10_COL_W10_COUNT_W4', cell 'C4969' does not drive any nets. (LINT-1)
Warning: In design 'shared_fault_counter_ENTRY_NUM12_ROW_W10_COL_W10_COUNT_W4', cell 'C4974' does not drive any nets. (LINT-1)
Warning: In design 'shared_fault_counter_ENTRY_NUM12_ROW_W10_COL_W10_COUNT_W4', cell 'C4977' does not drive any nets. (LINT-1)
Warning: In design 'tagged_hybrid_store_ENTRY_NUM14_FAULT_REF_W4_ROW_W10_COL_W10_PIVOT_PTR_W3_NUM_CFG7', cell 'C2271' does not drive any nets. (LINT-1)
Warning: In design 'cam_reuse_temp_buffer_ENTRY_NUM12_ROW_W10_COL_W10_NUM_CFG7', cell 'C1517' does not drive any nets. (LINT-1)
Warning: In design 'shared_fault_collector_HYBRID_SHARED_ENTRIES14', net 'reuse_full' driven by pin 'reuse/full_o' has no loads. (LINT-2)
Warning: In design 'shared_fault_collector_HYBRID_SHARED_ENTRIES14', net 'hybrid_full' driven by pin 'hybrids/full_o' has no loads. (LINT-2)
Warning: In design 'shared_fault_collector_HYBRID_SHARED_ENTRIES14', net 'pivot_store_overflow' driven by pin 'pivots/overflow_o' has no loads. (LINT-2)
Warning: In design 'shared_pivot_cam_ROW_W10_COL_W10_MAX_K5_NUM_CFG7', output port 'valid_o[4]' is connected directly to output port 'cfg_entry_valid_o[33]'. (LINT-31)
Warning: In design 'shared_pivot_cam_ROW_W10_COL_W10_MAX_K5_NUM_CFG7', output port 'valid_o[4]' is connected directly to output port 'cfg_entry_valid_o[30]'. (LINT-31)
Warning: In design 'shared_pivot_cam_ROW_W10_COL_W10_MAX_K5_NUM_CFG7', output port 'valid_o[3]' is connected directly to output port 'cfg_entry_valid_o[27]'. (LINT-31)
Warning: In design 'shared_pivot_cam_ROW_W10_COL_W10_MAX_K5_NUM_CFG7', output port 'valid_o[3]' is connected directly to output port 'cfg_entry_valid_o[26]'. (LINT-31)
Warning: In design 'shared_pivot_cam_ROW_W10_COL_W10_MAX_K5_NUM_CFG7', output port 'valid_o[3]' is connected directly to output port 'cfg_entry_valid_o[24]'. (LINT-31)
Warning: In design 'shared_pivot_cam_ROW_W10_COL_W10_MAX_K5_NUM_CFG7', output port 'valid_o[3]' is connected directly to output port 'cfg_entry_valid_o[23]'. (LINT-31)
Warning: In design 'shared_pivot_cam_ROW_W10_COL_W10_MAX_K5_NUM_CFG7', output port 'valid_o[3]' is connected directly to output port 'cfg_entry_valid_o[21]'. (LINT-31)
Warning: In design 'shared_pivot_cam_ROW_W10_COL_W10_MAX_K5_NUM_CFG7', output port 'valid_o[2]' is connected directly to output port 'cfg_entry_valid_o[20]'. (LINT-31)
Warning: In design 'shared_pivot_cam_ROW_W10_COL_W10_MAX_K5_NUM_CFG7', output port 'valid_o[2]' is connected directly to output port 'cfg_entry_valid_o[19]'. (LINT-31)
Warning: In design 'shared_pivot_cam_ROW_W10_COL_W10_MAX_K5_NUM_CFG7', output port 'valid_o[2]' is connected directly to output port 'cfg_entry_valid_o[18]'. (LINT-31)
Warning: In design 'shared_pivot_cam_ROW_W10_COL_W10_MAX_K5_NUM_CFG7', output port 'valid_o[2]' is connected directly to output port 'cfg_entry_valid_o[17]'. (LINT-31)
Warning: In design 'shared_pivot_cam_ROW_W10_COL_W10_MAX_K5_NUM_CFG7', output port 'valid_o[2]' is connected directly to output port 'cfg_entry_valid_o[16]'. (LINT-31)
Warning: In design 'shared_pivot_cam_ROW_W10_COL_W10_MAX_K5_NUM_CFG7', output port 'valid_o[2]' is connected directly to output port 'cfg_entry_valid_o[15]'. (LINT-31)
Warning: In design 'shared_pivot_cam_ROW_W10_COL_W10_MAX_K5_NUM_CFG7', output port 'valid_o[2]' is connected directly to output port 'cfg_entry_valid_o[14]'. (LINT-31)
Warning: In design 'shared_pivot_cam_ROW_W10_COL_W10_MAX_K5_NUM_CFG7', output port 'valid_o[1]' is connected directly to output port 'cfg_entry_valid_o[13]'. (LINT-31)
Warning: In design 'shared_pivot_cam_ROW_W10_COL_W10_MAX_K5_NUM_CFG7', output port 'valid_o[1]' is connected directly to output port 'cfg_entry_valid_o[12]'. (LINT-31)
Warning: In design 'shared_pivot_cam_ROW_W10_COL_W10_MAX_K5_NUM_CFG7', output port 'valid_o[1]' is connected directly to output port 'cfg_entry_valid_o[11]'. (LINT-31)
Warning: In design 'shared_pivot_cam_ROW_W10_COL_W10_MAX_K5_NUM_CFG7', output port 'valid_o[1]' is connected directly to output port 'cfg_entry_valid_o[10]'. (LINT-31)
Warning: In design 'shared_pivot_cam_ROW_W10_COL_W10_MAX_K5_NUM_CFG7', output port 'valid_o[1]' is connected directly to output port 'cfg_entry_valid_o[9]'. (LINT-31)
Warning: In design 'shared_pivot_cam_ROW_W10_COL_W10_MAX_K5_NUM_CFG7', output port 'valid_o[1]' is connected directly to output port 'cfg_entry_valid_o[8]'. (LINT-31)
Warning: In design 'shared_pivot_cam_ROW_W10_COL_W10_MAX_K5_NUM_CFG7', output port 'valid_o[1]' is connected directly to output port 'cfg_entry_valid_o[7]'. (LINT-31)
Warning: In design 'shared_pivot_cam_ROW_W10_COL_W10_MAX_K5_NUM_CFG7', output port 'valid_o[0]' is connected directly to output port 'cfg_entry_valid_o[6]'. (LINT-31)
Warning: In design 'shared_pivot_cam_ROW_W10_COL_W10_MAX_K5_NUM_CFG7', output port 'valid_o[0]' is connected directly to output port 'cfg_entry_valid_o[5]'. (LINT-31)
Warning: In design 'shared_pivot_cam_ROW_W10_COL_W10_MAX_K5_NUM_CFG7', output port 'valid_o[0]' is connected directly to output port 'cfg_entry_valid_o[4]'. (LINT-31)
Warning: In design 'shared_pivot_cam_ROW_W10_COL_W10_MAX_K5_NUM_CFG7', output port 'valid_o[0]' is connected directly to output port 'cfg_entry_valid_o[3]'. (LINT-31)
Warning: In design 'shared_pivot_cam_ROW_W10_COL_W10_MAX_K5_NUM_CFG7', output port 'valid_o[0]' is connected directly to output port 'cfg_entry_valid_o[2]'. (LINT-31)
Warning: In design 'shared_pivot_cam_ROW_W10_COL_W10_MAX_K5_NUM_CFG7', output port 'valid_o[0]' is connected directly to output port 'cfg_entry_valid_o[1]'. (LINT-31)
Warning: In design 'shared_pivot_cam_ROW_W10_COL_W10_MAX_K5_NUM_CFG7', output port 'valid_o[0]' is connected directly to output port 'cfg_entry_valid_o[0]'. (LINT-31)
Warning: In design 'shared_pivot_cam_ROW_W10_COL_W10_MAX_K5_NUM_CFG7', output port 'cfg_entry_valid_o[34]' is connected directly to output port 'cfg_entry_valid_o[32]'. (LINT-31)
Warning: In design 'shared_pivot_cam_ROW_W10_COL_W10_MAX_K5_NUM_CFG7', output port 'cfg_entry_valid_o[34]' is connected directly to output port 'cfg_entry_valid_o[31]'. (LINT-31)
Warning: In design 'shared_pivot_cam_ROW_W10_COL_W10_MAX_K5_NUM_CFG7', output port 'cfg_entry_valid_o[34]' is connected directly to output port 'cfg_entry_valid_o[29]'. (LINT-31)
Warning: In design 'shared_pivot_cam_ROW_W10_COL_W10_MAX_K5_NUM_CFG7', output port 'cfg_entry_valid_o[34]' is connected directly to output port 'cfg_entry_valid_o[28]'. (LINT-31)
Warning: In design 'shared_pivot_cam_ROW_W10_COL_W10_MAX_K5_NUM_CFG7', output port 'cfg_entry_valid_o[34]' is connected directly to output port 'cfg_entry_valid_o[25]'. (LINT-31)
Warning: In design 'shared_pivot_cam_ROW_W10_COL_W10_MAX_K5_NUM_CFG7', output port 'cfg_entry_valid_o[34]' is connected directly to output port 'cfg_entry_valid_o[22]'. (LINT-31)
Warning: In design 'shared_pivot_cam_ROW_W10_COL_W10_MAX_K5_NUM_CFG7', output port 'cfg_entry_valid_o[34]' is connected directly to 'logic 0'. (LINT-52)
Warning: In design 'shared_pivot_cam_ROW_W10_COL_W10_MAX_K5_NUM_CFG7', output port 'cfg_entry_valid_o[32]' is connected directly to 'logic 0'. (LINT-52)
Warning: In design 'shared_pivot_cam_ROW_W10_COL_W10_MAX_K5_NUM_CFG7', output port 'cfg_entry_valid_o[31]' is connected directly to 'logic 0'. (LINT-52)
Warning: In design 'shared_pivot_cam_ROW_W10_COL_W10_MAX_K5_NUM_CFG7', output port 'cfg_entry_valid_o[29]' is connected directly to 'logic 0'. (LINT-52)
Warning: In design 'shared_pivot_cam_ROW_W10_COL_W10_MAX_K5_NUM_CFG7', output port 'cfg_entry_valid_o[28]' is connected directly to 'logic 0'. (LINT-52)
Warning: In design 'shared_pivot_cam_ROW_W10_COL_W10_MAX_K5_NUM_CFG7', output port 'cfg_entry_valid_o[25]' is connected directly to 'logic 0'. (LINT-52)
Warning: In design 'shared_pivot_cam_ROW_W10_COL_W10_MAX_K5_NUM_CFG7', output port 'cfg_entry_valid_o[22]' is connected directly to 'logic 0'. (LINT-52)
1
