 
****************************************
Report : constraint
        -all_violators
Design : shared_fault_collector_HYBRID_SHARED_ENTRIES14
Version: W-2024.09-SP2
Date   : Wed Sep  9 14:12:40 2026
****************************************


   max_fanout

                             Required        Actual
   Net                        Fanout         Fanout          Slack
   -----------------------------------------------------------------
   fault_col_i[4]              10.00          20.00         -10.00  (VIOLATED)
   fault_col_i[8]              10.00          20.00         -10.00  (VIOLATED)
   fault_col_i[9]              10.00          20.00         -10.00  (VIOLATED)
   fault_row_i[4]              10.00          20.00         -10.00  (VIOLATED)
   fault_row_i[8]              10.00          20.00         -10.00  (VIOLATED)
   fault_row_i[9]              10.00          20.00         -10.00  (VIOLATED)
   hybrids/n24                 10.00          17.00          -7.00  (VIOLATED)
   hybrids/n25                 10.00          17.00          -7.00  (VIOLATED)
   reuse/n11                   10.00          17.00          -7.00  (VIOLATED)
   counters/n26                10.00          16.00          -6.00  (VIOLATED)
   counters/n27                10.00          16.00          -6.00  (VIOLATED)
   counters/n28                10.00          16.00          -6.00  (VIOLATED)
   counters/n29                10.00          16.00          -6.00  (VIOLATED)
   counters/n30                10.00          16.00          -6.00  (VIOLATED)
   counters/n31                10.00          16.00          -6.00  (VIOLATED)
   counters/n32                10.00          16.00          -6.00  (VIOLATED)
   counters/n33                10.00          16.00          -6.00  (VIOLATED)
   counters/n34                10.00          16.00          -6.00  (VIOLATED)
   counters/n35                10.00          16.00          -6.00  (VIOLATED)
   counters/n36                10.00          16.00          -6.00  (VIOLATED)
   counters/n37                10.00          16.00          -6.00  (VIOLATED)
   counters/n9                 10.00          15.00          -5.00  (VIOLATED)
   counters/n10                10.00          15.00          -5.00  (VIOLATED)
   counters/n11                10.00          15.00          -5.00  (VIOLATED)
   counters/n12                10.00          15.00          -5.00  (VIOLATED)
   counters/n13                10.00          15.00          -5.00  (VIOLATED)
   counters/n14                10.00          15.00          -5.00  (VIOLATED)
   counters/n15                10.00          15.00          -5.00  (VIOLATED)
   counters/n16                10.00          15.00          -5.00  (VIOLATED)
   counters/n17                10.00          15.00          -5.00  (VIOLATED)
   counters/n20                10.00          15.00          -5.00  (VIOLATED)
   counters/n24                10.00          15.00          -5.00  (VIOLATED)
   counters/n25                10.00          15.00          -5.00  (VIOLATED)
   reuse/n10                   10.00          15.00          -5.00  (VIOLATED)
   hybrids/n3                  10.00          14.00          -4.00  (VIOLATED)
   hybrids/n4                  10.00          14.00          -4.00  (VIOLATED)
   hybrids/n5                  10.00          14.00          -4.00  (VIOLATED)
   hybrids/n6                  10.00          14.00          -4.00  (VIOLATED)
   hybrids/n7                  10.00          14.00          -4.00  (VIOLATED)
   hybrids/n8                  10.00          14.00          -4.00  (VIOLATED)
   hybrids/n9                  10.00          14.00          -4.00  (VIOLATED)
   hybrids/n10                 10.00          14.00          -4.00  (VIOLATED)
   hybrids/n13                 10.00          14.00          -4.00  (VIOLATED)
   hybrids/n14                 10.00          14.00          -4.00  (VIOLATED)
   hybrids/n15                 10.00          14.00          -4.00  (VIOLATED)
   hybrids/n16                 10.00          14.00          -4.00  (VIOLATED)
   hybrids/n17                 10.00          14.00          -4.00  (VIOLATED)
   hybrids/n18                 10.00          14.00          -4.00  (VIOLATED)
   hybrids/n19                 10.00          14.00          -4.00  (VIOLATED)
   hybrids/n20                 10.00          14.00          -4.00  (VIOLATED)
   hybrids/n21                 10.00          14.00          -4.00  (VIOLATED)
   hybrids/n22                 10.00          14.00          -4.00  (VIOLATED)
   hybrids/n23                 10.00          14.00          -4.00  (VIOLATED)
   hybrids/n1205               10.00          14.00          -4.00  (VIOLATED)
   counters/n1                 10.00          13.00          -3.00  (VIOLATED)
   counters/n2                 10.00          13.00          -3.00  (VIOLATED)
   counters/n3                 10.00          13.00          -3.00  (VIOLATED)
   counters/n4                 10.00          13.00          -3.00  (VIOLATED)
   counters/n5                 10.00          13.00          -3.00  (VIOLATED)
   counters/n6                 10.00          13.00          -3.00  (VIOLATED)
   counters/n8                 10.00          12.00          -2.00  (VIOLATED)
   counters/n18                10.00          12.00          -2.00  (VIOLATED)
   counters/n19                10.00          12.00          -2.00  (VIOLATED)
   counters/n21                10.00          12.00          -2.00  (VIOLATED)
   counters/n22                10.00          12.00          -2.00  (VIOLATED)
   counters/n23                10.00          12.00          -2.00  (VIOLATED)
   counters/n38                10.00          12.00          -2.00  (VIOLATED)
   counters/n39                10.00          12.00          -2.00  (VIOLATED)
   counters/n40                10.00          12.00          -2.00  (VIOLATED)
   counters/n41                10.00          12.00          -2.00  (VIOLATED)
   counters/n42                10.00          12.00          -2.00  (VIOLATED)
   fault_col_i[1]              10.00          12.00          -2.00  (VIOLATED)
   reuse/n1                    10.00          12.00          -2.00  (VIOLATED)
   reuse/n2                    10.00          12.00          -2.00  (VIOLATED)
   reuse/n3                    10.00          12.00          -2.00  (VIOLATED)
   reuse/n4                    10.00          12.00          -2.00  (VIOLATED)
   reuse/n5                    10.00          12.00          -2.00  (VIOLATED)
   reuse/n6                    10.00          12.00          -2.00  (VIOLATED)
   reuse/n7                    10.00          12.00          -2.00  (VIOLATED)
   reuse/n8                    10.00          12.00          -2.00  (VIOLATED)
   reuse/n9                    10.00          12.00          -2.00  (VIOLATED)
   reuse/n768                  10.00          12.00          -2.00  (VIOLATED)
   reuse/n769                  10.00          12.00          -2.00  (VIOLATED)
   reuse/n773                  10.00          12.00          -2.00  (VIOLATED)
   reuse/n774                  10.00          12.00          -2.00  (VIOLATED)
   reuse/n775                  10.00          12.00          -2.00  (VIOLATED)
   pivots/n173                 10.00          11.00          -1.00  (VIOLATED)

   -----------------------------------------------------------------
   Total                      87               -369.00  

   max_capacitance

                             Required        Actual
   Net                      Capacitance    Capacitance       Slack
   -----------------------------------------------------------------
   fault_row_i[4]               0.15           0.64          -0.49  (VIOLATED)
   fault_row_i[8]               0.15           0.64          -0.49  (VIOLATED)
   fault_row_i[9]               0.15           0.64          -0.49  (VIOLATED)
   fault_col_i[4]               0.15           0.53          -0.38  (VIOLATED)
   fault_col_i[8]               0.15           0.53          -0.38  (VIOLATED)
   fault_col_i[9]               0.15           0.53          -0.38  (VIOLATED)
   hybrids/n25                  0.15           0.46          -0.31  (VIOLATED)
   reuse/n11                    0.15           0.46          -0.31  (VIOLATED)
   hybrids/n10                  0.15           0.40          -0.25  (VIOLATED)
   hybrids/n1205                0.15           0.40          -0.25  (VIOLATED)
   counters/n26                 0.15           0.39          -0.24  (VIOLATED)
   counters/n27                 0.15           0.39          -0.24  (VIOLATED)
   counters/n28                 0.15           0.39          -0.24  (VIOLATED)
   counters/n29                 0.15           0.39          -0.24  (VIOLATED)
   counters/n30                 0.15           0.39          -0.24  (VIOLATED)
   counters/n31                 0.15           0.39          -0.24  (VIOLATED)
   counters/n32                 0.15           0.39          -0.24  (VIOLATED)
   counters/n33                 0.15           0.39          -0.24  (VIOLATED)
   counters/n34                 0.15           0.39          -0.24  (VIOLATED)
   counters/n35                 0.15           0.39          -0.24  (VIOLATED)
   counters/n36                 0.15           0.39          -0.24  (VIOLATED)
   counters/n37                 0.15           0.39          -0.24  (VIOLATED)
   hybrids/n3                   0.15           0.38          -0.23  (VIOLATED)
   hybrids/n4                   0.15           0.38          -0.23  (VIOLATED)
   hybrids/n5                   0.15           0.38          -0.23  (VIOLATED)
   hybrids/n6                   0.15           0.38          -0.23  (VIOLATED)
   hybrids/n7                   0.15           0.38          -0.23  (VIOLATED)
   hybrids/n8                   0.15           0.38          -0.23  (VIOLATED)
   hybrids/n9                   0.15           0.38          -0.23  (VIOLATED)
   hybrids/n13                  0.15           0.38          -0.23  (VIOLATED)
   hybrids/n14                  0.15           0.38          -0.23  (VIOLATED)
   hybrids/n15                  0.15           0.38          -0.23  (VIOLATED)
   hybrids/n16                  0.15           0.38          -0.23  (VIOLATED)
   hybrids/n17                  0.15           0.38          -0.23  (VIOLATED)
   hybrids/n18                  0.15           0.38          -0.23  (VIOLATED)
   hybrids/n19                  0.15           0.38          -0.23  (VIOLATED)
   hybrids/n20                  0.15           0.38          -0.23  (VIOLATED)
   hybrids/n21                  0.15           0.38          -0.23  (VIOLATED)
   hybrids/n22                  0.15           0.38          -0.23  (VIOLATED)
   hybrids/n23                  0.15           0.38          -0.23  (VIOLATED)
   counters/n4                  0.15           0.38          -0.23  (VIOLATED)
   counters/n5                  0.15           0.38          -0.23  (VIOLATED)
   counters/n6                  0.15           0.38          -0.23  (VIOLATED)
   counters/n3                  0.15           0.38          -0.23  (VIOLATED)
   counters/n1                  0.15           0.38          -0.23  (VIOLATED)
   counters/n2                  0.15           0.38          -0.23  (VIOLATED)
   counters/n9                  0.15           0.37          -0.22  (VIOLATED)
   counters/n25                 0.15           0.37          -0.22  (VIOLATED)
   counters/n20                 0.15           0.37          -0.22  (VIOLATED)
   counters/n24                 0.15           0.37          -0.22  (VIOLATED)
   counters/n10                 0.15           0.37          -0.22  (VIOLATED)
   counters/n11                 0.15           0.37          -0.22  (VIOLATED)
   counters/n12                 0.15           0.37          -0.22  (VIOLATED)
   counters/n13                 0.15           0.37          -0.22  (VIOLATED)
   counters/n14                 0.15           0.37          -0.22  (VIOLATED)
   counters/n15                 0.15           0.37          -0.22  (VIOLATED)
   counters/n16                 0.15           0.37          -0.22  (VIOLATED)
   counters/n17                 0.15           0.37          -0.22  (VIOLATED)
   counters/n8                  0.15           0.34          -0.19  (VIOLATED)
   reuse/n6                     0.15           0.34          -0.19  (VIOLATED)
   reuse/n7                     0.15           0.34          -0.19  (VIOLATED)
   reuse/n8                     0.15           0.34          -0.19  (VIOLATED)
   reuse/n9                     0.15           0.34          -0.19  (VIOLATED)
   counters/n19                 0.15           0.33          -0.18  (VIOLATED)
   counters/n21                 0.15           0.33          -0.18  (VIOLATED)
   counters/n22                 0.15           0.33          -0.18  (VIOLATED)
   counters/n23                 0.15           0.33          -0.18  (VIOLATED)
   counters/n39                 0.15           0.33          -0.18  (VIOLATED)
   counters/n40                 0.15           0.33          -0.18  (VIOLATED)
   counters/n41                 0.15           0.33          -0.18  (VIOLATED)
   counters/n42                 0.15           0.33          -0.18  (VIOLATED)
   reuse/n1                     0.15           0.33          -0.18  (VIOLATED)
   reuse/n2                     0.15           0.33          -0.18  (VIOLATED)
   reuse/n3                     0.15           0.33          -0.18  (VIOLATED)
   reuse/n4                     0.15           0.33          -0.18  (VIOLATED)
   reuse/n5                     0.15           0.33          -0.18  (VIOLATED)
   reuse/n768                   0.15           0.33          -0.18  (VIOLATED)
   reuse/n769                   0.15           0.33          -0.18  (VIOLATED)
   reuse/n773                   0.15           0.33          -0.18  (VIOLATED)
   reuse/n774                   0.15           0.33          -0.18  (VIOLATED)
   reuse/n775                   0.15           0.33          -0.18  (VIOLATED)
   counters/n7                  0.15           0.32          -0.17  (VIOLATED)
   fault_col_i[1]               0.15           0.32          -0.17  (VIOLATED)
   pivots/n173                  0.15           0.28          -0.13  (VIOLATED)
   hybrids/n24                  0.15           0.26          -0.11  (VIOLATED)
   hybrid_occupancy_o[0]        0.15           0.24          -0.09  (VIOLATED)
   reuse/n10                    0.15           0.24          -0.09  (VIOLATED)
   pivot_occupancy_o[0]         0.15           0.23          -0.08  (VIOLATED)
   hybrid_occupancy_o[1]        0.15           0.22          -0.07  (VIOLATED)
   pivot_occupancy_o[1]         0.15           0.22          -0.07  (VIOLATED)
   counters/n18                 0.15           0.22          -0.07  (VIOLATED)
   counters/n38                 0.15           0.22          -0.07  (VIOLATED)
   hybrid_occupancy_o[2]        0.15           0.21          -0.06  (VIOLATED)
   hybrids/n11                  0.15           0.20          -0.05  (VIOLATED)
   hybrids/n12                  0.15           0.20          -0.05  (VIOLATED)
   counters/n355                0.15           0.19          -0.04  (VIOLATED)
   counters/n363                0.15           0.19          -0.04  (VIOLATED)
   counters/n379                0.15           0.19          -0.04  (VIOLATED)
   counters/n387                0.15           0.19          -0.04  (VIOLATED)
   counters/n395                0.15           0.19          -0.04  (VIOLATED)
   counters/n403                0.15           0.19          -0.04  (VIOLATED)
   counters/n411                0.15           0.19          -0.04  (VIOLATED)
   counters/n419                0.15           0.19          -0.04  (VIOLATED)
   counters/n427                0.15           0.19          -0.04  (VIOLATED)
   counters/n435                0.15           0.19          -0.04  (VIOLATED)
   counters/n371                0.15           0.19          -0.04  (VIOLATED)
   hybrids/n1                   0.15           0.19          -0.04  (VIOLATED)
   hybrids/n2                   0.15           0.19          -0.04  (VIOLATED)
   counters/n347                0.15           0.19          -0.04  (VIOLATED)
   cam_reuse_occupancy_o[0]     0.15           0.19          -0.04  (VIOLATED)
   counters/n788                0.15           0.18          -0.03  (VIOLATED)
   counters/n617                0.15           0.18          -0.03  (VIOLATED)
   counters/n625                0.15           0.18          -0.03  (VIOLATED)
   counters/n628                0.15           0.18          -0.03  (VIOLATED)
   counters/n631                0.15           0.18          -0.03  (VIOLATED)
   counters/n634                0.15           0.18          -0.03  (VIOLATED)
   counters/n637                0.15           0.18          -0.03  (VIOLATED)
   counters/n640                0.15           0.18          -0.03  (VIOLATED)
   counters/n643                0.15           0.18          -0.03  (VIOLATED)
   counters/n646                0.15           0.18          -0.03  (VIOLATED)
   counters/n649                0.15           0.18          -0.03  (VIOLATED)
   counters/n652                0.15           0.18          -0.03  (VIOLATED)
   counters/n655                0.15           0.18          -0.03  (VIOLATED)
   counters/n792                0.15           0.18          -0.03  (VIOLATED)
   counters/n797                0.15           0.18          -0.03  (VIOLATED)
   counters/n800                0.15           0.18          -0.03  (VIOLATED)
   counters/n803                0.15           0.18          -0.03  (VIOLATED)
   counters/n806                0.15           0.18          -0.03  (VIOLATED)
   counters/n809                0.15           0.18          -0.03  (VIOLATED)
   counters/n812                0.15           0.18          -0.03  (VIOLATED)
   counters/n815                0.15           0.18          -0.03  (VIOLATED)
   counters/n817                0.15           0.18          -0.03  (VIOLATED)
   counters/n821                0.15           0.18          -0.03  (VIOLATED)
   counters/n824                0.15           0.18          -0.03  (VIOLATED)
   fault_count_o[1]             0.15           0.17          -0.02  (VIOLATED)
   cam_reuse_occupancy_o[2]     0.15           0.17          -0.02  (VIOLATED)
   fault_count_o[0]             0.15           0.17          -0.02  (VIOLATED)
   fault_count_o[2]             0.15           0.17          -0.02  (VIOLATED)
   counters/n217                0.15           0.17          -0.02  (VIOLATED)
   counters/n224                0.15           0.17          -0.02  (VIOLATED)
   counters/n231                0.15           0.17          -0.02  (VIOLATED)
   counters/n238                0.15           0.17          -0.02  (VIOLATED)
   counters/n245                0.15           0.17          -0.02  (VIOLATED)
   counters/n252                0.15           0.17          -0.02  (VIOLATED)
   counters/n260                0.15           0.17          -0.02  (VIOLATED)
   counters/n267                0.15           0.17          -0.02  (VIOLATED)
   counters/n274                0.15           0.17          -0.02  (VIOLATED)
   counters/n281                0.15           0.17          -0.02  (VIOLATED)
   counters/n288                0.15           0.17          -0.02  (VIOLATED)
   counters/n295                0.15           0.17          -0.02  (VIOLATED)
   cam_reuse_occupancy_o[1]     0.15           0.16          -0.01  (VIOLATED)
   hybrid_cfg_mask[6]           0.15           0.16          -0.01  (VIOLATED)

   -----------------------------------------------------------------
   Total                      152               -22.03  

1
