Loading db file '/cad/std_libraries/CBDK_TSMC018_Arm_f1.0/CIC/SynopsysDC/db/slow.db'
Information: Propagating switching activity (low effort zero delay simulation). (PWR-6)
Warning: Design has unannotated primary inputs. (PWR-414)
Warning: Design has unannotated sequential cell outputs. (PWR-415)
 
****************************************
Report : power
        -analysis_effort low
Design : shared_fault_collector_HYBRID_SHARED_ENTRIES14
Version: W-2024.09-SP2
Date   : Wed Sep  9 14:12:40 2026
****************************************


Library(s) Used:

    slow (File: /cad/std_libraries/CBDK_TSMC018_Arm_f1.0/CIC/SynopsysDC/db/slow.db)


Operating Conditions: slow   Library: slow
Wire Load Model Mode: top

Design        Wire Load Model            Library
------------------------------------------------
shared_fault_collector_HYBRID_SHARED_ENTRIES14
                       tsmc18_wl10       slow


Global Operating Voltage = 1.62 
Power-specific unit information :
    Voltage Units = 1V
    Capacitance Units = 1.000000pf
    Time Units = 1ns
    Dynamic Power Units = 1mW    (derived from V,C,T units)
    Leakage Power Units = 1pW


Attributes
----------
i - Including register clock pin internal power


  Cell Internal Power  =   6.5855 mW   (91%)
  Net Switching Power  = 639.5834 uW    (9%)
                         ---------
Total Dynamic Power    =   7.2251 mW  (100%)

Cell Leakage Power     =  19.6943 uW


                 Internal         Switching           Leakage            Total
Power Group      Power            Power               Power              Power   (   %    )  Attrs
--------------------------------------------------------------------------------------------------
io_pad             0.0000            0.0000            0.0000            0.0000  (   0.00%)
memory             0.0000            0.0000            0.0000            0.0000  (   0.00%)
black_box          0.0000            0.0000            0.0000            0.0000  (   0.00%)
clock_network      5.4299            0.0000            0.0000            5.4299  (  74.95%)  i
register       2.8478e-02        2.9558e-02        4.8095e+06        6.2845e-02  (   0.87%)
sequential         0.0000            0.0000            0.0000            0.0000  (   0.00%)
combinational      1.1272            0.6100        1.4885e+07            1.7521  (  24.18%)
--------------------------------------------------------------------------------------------------
Total              6.5855 mW         0.6396 mW     1.9694e+07 pW         7.2448 mW
1
