 
****************************************
Report : qor
Design : shared_fault_collector_HYBRID_SHARED_ENTRIES14
Version: W-2024.09-SP2
Date   : Wed Sep  9 14:12:40 2026
****************************************


  Timing Path Group 'clk'
  -----------------------------------
  Levels of Logic:              55.00
  Critical Path Length:         12.76
  Critical Path Slack:           6.81
  Critical Path Clk Period:     20.00
  Total Negative Slack:          0.00
  No. of Violating Paths:        0.00
  Worst Hold Violation:          0.00
  Total Hold Violation:          0.00
  No. of Hold Violations:        0.00
  -----------------------------------


  Cell Count
  -----------------------------------
  Hierarchical Cell Count:          4
  Hierarchical Port Count:       1476
  Leaf Cell Count:               5505
  Buf/Inv Cell Count:            1835
  Buf Cell Count:                  85
  Inv Cell Count:                1750
  CT Buf/Inv Cell Count:            0
  Combinational Cell Count:      4181
  Sequential Cell Count:         1324
  Macro Count:                      0
  -----------------------------------


  Area
  -----------------------------------
  Combinational Area:   240734.895671
  Noncombinational Area: 97011.131439
  Buf/Inv Area:         136598.617143
  Total Buffer Area:          6785.86
  Total Inverter Area:      129812.76
  Macro/Black Box Area:      0.000000
  Net Area:             632289.948059
  -----------------------------------
  Cell Area:            337746.027111
  Design Area:          970035.975170


  Design Rules
  -----------------------------------
  Total Number of Nets:          5543
  Nets With Violations:           152
  Max Trans Violations:             0
  Max Cap Violations:             152
  Max Fanout Violations:           87
  -----------------------------------


  Hostname: Kaohsiung

  Compile CPU Statistics
  -----------------------------------------
  Resource Sharing:                    0.79
  Logic Optimization:                  1.88
  Mapping Optimization:                0.27
  -----------------------------------------
  Overall Compile Time:                4.11
  Overall Compile Wall Clock Time:     4.39

  --------------------------------------------------------------------

  Design  WNS: 0.00  TNS: 0.00  Number of Violating Paths: 0


  Design (Hold)  WNS: 0.00  TNS: 0.00  Number of Violating Paths: 0

  --------------------------------------------------------------------


1
