 
****************************************
Report : resources
Design : shared_fault_collector_HYBRID_SHARED_ENTRIES14
Version: W-2024.09-SP2
Date   : Wed Sep  9 14:12:40 2026
****************************************

Resource Sharing Report for design
        shared_fault_collector_HYBRID_SHARED_ENTRIES14 in file
        /home/asd9112000/repair_rate/rtl/dss_2x2/analyzer/shared_fault_collector.sv

===============================================================================
|          |              |            | Contained     |                      |
| Resource | Module       | Parameters | Resources     | Contained Operations |
===============================================================================
| r473     | DW_cmp       | width=3    |               | lt_62 lt_62_I4       |
|          |              |            |               | lt_62_I7             |
| r474     | DW_cmp       | width=3    |               | gte_63 gte_63_I4     |
|          |              |            |               | gte_63_I7            |
| r475     | DW_cmp       | width=3    |               | lt_62_I2 lt_62_I5    |
| r476     | DW_cmp       | width=3    |               | gte_63_I2 gte_63_I5  |
| r477     | DW_cmp       | width=3    |               | lt_62_I3 lt_62_I6    |
| r478     | DW_cmp       | width=3    |               | gte_63_I3 gte_63_I6  |
| r494     | DW_cmp       | width=10   |               | eq_53                |
| r496     | DW_cmp       | width=10   |               | eq_55                |
| r498     | DW_cmp       | width=10   |               | eq_53_I2             |
| r500     | DW_cmp       | width=10   |               | eq_55_I2             |
| r502     | DW_cmp       | width=10   |               | eq_53_I3             |
| r504     | DW_cmp       | width=10   |               | eq_55_I3             |
| r506     | DW_cmp       | width=10   |               | eq_53_I4             |
| r508     | DW_cmp       | width=10   |               | eq_55_I4             |
| r510     | DW_cmp       | width=10   |               | eq_53_I5             |
| r512     | DW_cmp       | width=10   |               | eq_55_I5             |
| r514     | DW_cmp       | width=4    |               | lt_66                |
| r516     | DW01_inc     | width=4    |               | add_73_S2            |
===============================================================================


No implementations to report
 
****************************************
Design : cam_reuse_temp_buffer_ENTRY_NUM12_ROW_W10_COL_W10_NUM_CFG7
****************************************
Resource Sharing Report for design
        cam_reuse_temp_buffer_ENTRY_NUM12_ROW_W10_COL_W10_NUM_CFG7 in file
        /home/asd9112000/repair_rate/rtl/dss_2x2/analyzer/cam_reuse_temp_buffer.sv

===============================================================================
|          |              |            | Contained     |                      |
| Resource | Module       | Parameters | Resources     | Contained Operations |
===============================================================================
| r371     | DW01_inc     | width=4    |               | add_40               |
===============================================================================


No implementations to report
 
****************************************
Design : tagged_hybrid_store_ENTRY_NUM14_FAULT_REF_W4_ROW_W10_COL_W10_PIVOT_PTR_W3_NUM_CFG7
****************************************
Resource Sharing Report for design
        tagged_hybrid_store_ENTRY_NUM14_FAULT_REF_W4_ROW_W10_COL_W10_PIVOT_PTR_W3_NUM_CFG7
        in file
        /home/asd9112000/repair_rate/rtl/dss_2x2/analyzer/tagged_hybrid_store.sv

===============================================================================
|          |              |            | Contained     |                      |
| Resource | Module       | Parameters | Resources     | Contained Operations |
===============================================================================
| r377     | DW01_inc     | width=4    |               | add_74               |
===============================================================================


No implementations to report
 
****************************************
Design : shared_fault_counter_ENTRY_NUM12_ROW_W10_COL_W10_COUNT_W4
****************************************
Resource Sharing Report for design
        shared_fault_counter_ENTRY_NUM12_ROW_W10_COL_W10_COUNT_W4 in file
        /home/asd9112000/repair_rate/rtl/dss_2x2/analyzer/shared_fault_counter.sv

===============================================================================
|          |              |            | Contained     |                      |
| Resource | Module       | Parameters | Resources     | Contained Operations |
===============================================================================
| r648     | DW_cmp       | width=10   |               | eq_50                |
| r650     | DW_cmp       | width=10   |               | eq_52                |
| r652     | DW_cmp       | width=10   |               | eq_50_I2             |
| r654     | DW_cmp       | width=32   |               | lt_50_I2             |
| r656     | DW_cmp       | width=32   |               | lt_51_I2             |
| r658     | DW_cmp       | width=10   |               | eq_52_I2             |
| r660     | DW_cmp       | width=32   |               | lt_52_I2             |
| r662     | DW_cmp       | width=32   |               | lt_53_I2             |
| r664     | DW_cmp       | width=10   |               | eq_50_I3             |
| r666     | DW_cmp       | width=32   |               | lt_50_I3             |
| r668     | DW_cmp       | width=32   |               | lt_51_I3             |
| r670     | DW_cmp       | width=10   |               | eq_52_I3             |
| r672     | DW_cmp       | width=32   |               | lt_52_I3             |
| r674     | DW_cmp       | width=32   |               | lt_53_I3             |
| r676     | DW_cmp       | width=10   |               | eq_50_I4             |
| r678     | DW_cmp       | width=32   |               | lt_50_I4             |
| r680     | DW_cmp       | width=32   |               | lt_51_I4             |
| r682     | DW_cmp       | width=10   |               | eq_52_I4             |
| r684     | DW_cmp       | width=32   |               | lt_52_I4             |
| r686     | DW_cmp       | width=32   |               | lt_53_I4             |
| r688     | DW_cmp       | width=10   |               | eq_50_I5             |
| r690     | DW_cmp       | width=32   |               | lt_50_I5             |
| r692     | DW_cmp       | width=32   |               | lt_51_I5             |
| r694     | DW_cmp       | width=10   |               | eq_52_I5             |
| r696     | DW_cmp       | width=32   |               | lt_52_I5             |
| r698     | DW_cmp       | width=32   |               | lt_53_I5             |
| r700     | DW_cmp       | width=10   |               | eq_50_I6             |
| r702     | DW_cmp       | width=32   |               | lt_50_I6             |
| r704     | DW_cmp       | width=32   |               | lt_51_I6             |
| r706     | DW_cmp       | width=10   |               | eq_52_I6             |
| r708     | DW_cmp       | width=32   |               | lt_52_I6             |
| r710     | DW_cmp       | width=32   |               | lt_53_I6             |
| r712     | DW_cmp       | width=10   |               | eq_50_I7             |
| r714     | DW_cmp       | width=32   |               | lt_50_I7             |
| r716     | DW_cmp       | width=32   |               | lt_51_I7             |
| r718     | DW_cmp       | width=10   |               | eq_52_I7             |
| r720     | DW_cmp       | width=32   |               | lt_52_I7             |
| r722     | DW_cmp       | width=32   |               | lt_53_I7             |
| r724     | DW_cmp       | width=10   |               | eq_50_I8             |
| r726     | DW_cmp       | width=32   |               | lt_50_I8             |
| r728     | DW_cmp       | width=32   |               | lt_51_I8             |
| r730     | DW_cmp       | width=10   |               | eq_52_I8             |
| r732     | DW_cmp       | width=32   |               | lt_52_I8             |
| r734     | DW_cmp       | width=32   |               | lt_53_I8             |
| r736     | DW_cmp       | width=10   |               | eq_50_I9             |
| r738     | DW_cmp       | width=32   |               | lt_50_I9             |
| r740     | DW_cmp       | width=32   |               | lt_51_I9             |
| r742     | DW_cmp       | width=10   |               | eq_52_I9             |
| r744     | DW_cmp       | width=32   |               | lt_52_I9             |
| r746     | DW_cmp       | width=32   |               | lt_53_I9             |
| r748     | DW_cmp       | width=10   |               | eq_50_I10            |
| r750     | DW_cmp       | width=32   |               | lt_50_I10            |
| r752     | DW_cmp       | width=32   |               | lt_51_I10            |
| r754     | DW_cmp       | width=10   |               | eq_52_I10            |
| r756     | DW_cmp       | width=32   |               | lt_52_I10            |
| r758     | DW_cmp       | width=32   |               | lt_53_I10            |
| r760     | DW_cmp       | width=10   |               | eq_50_I11            |
| r762     | DW_cmp       | width=32   |               | lt_50_I11            |
| r764     | DW_cmp       | width=32   |               | lt_51_I11            |
| r766     | DW_cmp       | width=10   |               | eq_52_I11            |
| r768     | DW_cmp       | width=32   |               | lt_52_I11            |
| r770     | DW_cmp       | width=32   |               | lt_53_I11            |
| r772     | DW_cmp       | width=10   |               | eq_50_I12            |
| r774     | DW_cmp       | width=32   |               | lt_50_I12            |
| r776     | DW_cmp       | width=32   |               | lt_51_I12            |
| r778     | DW_cmp       | width=10   |               | eq_52_I12            |
| r780     | DW_cmp       | width=32   |               | lt_52_I12            |
| r782     | DW_cmp       | width=32   |               | lt_53_I12            |
| r784     | DW_cmp       | width=32   |               | gte_56               |
| r786     | DW_cmp       | width=32   |               | gte_57               |
| r788     | DW01_inc     | width=4    |               | add_56_S2            |
| r790     | DW_cmp       | width=32   |               | gte_61               |
| r792     | DW_cmp       | width=32   |               | gte_62               |
| r794     | DW01_inc     | width=4    |               | add_61_S2            |
===============================================================================


No implementations to report
 
****************************************
Design : shared_pivot_cam_ROW_W10_COL_W10_MAX_K5_NUM_CFG7
****************************************
Resource Sharing Report for design
        shared_pivot_cam_ROW_W10_COL_W10_MAX_K5_NUM_CFG7 in file
        /home/asd9112000/repair_rate/rtl/dss_2x2/analyzer/shared_pivot_cam.sv

===============================================================================
|          |              |            | Contained     |                      |
| Resource | Module       | Parameters | Resources     | Contained Operations |
===============================================================================
| r369     | DW01_inc     | width=3    |               | add_64               |
===============================================================================


No implementations to report
1
