 
****************************************
Report : cell
Design : recam_dss_g2x2_r_static_early_top
Version: W-2024.09-SP2
Date   : Thu Sep 24 07:04:22 2026
****************************************

Attributes:
    b - black box (unknown)
    h - hierarchical
    n - noncombinational
    p - parameterized
    r - removable
    u - contains unmapped logic

Cell                      Reference       Library             Area  Attributes
--------------------------------------------------------------------------------
U2                        BUFX8           slow            29.937599 
U3                        BUFX8           slow            29.937599 
U4                        BUFX8           slow            29.937599 
U5                        BUFX8           slow            29.937599 
U6                        BUFX8           slow            29.937599 
U7                        BUFX8           slow            29.937599 
U8                        BUFX8           slow            29.937599 
U9                        BUFX8           slow            29.937599 
U10                       BUFX3           slow            13.305600 
U11                       BUFX3           slow            13.305600 
U12                       BUFX3           slow            13.305600 
U13                       BUFX12          slow            33.264000 
U14                       AND2X4          slow            16.632000 
analyzer                  recam_shared_config_analyzer_ROW_ADDR_W9_PHYS_COL_ADDR_W13_WORD_COL_ADDR_W5_HYBRID_LINE_ADDR_W13_HYBRID_ENTRIES7
                                                          92121.322284
                                                                    h, p
core                      recam_dss_g2x2_r_static_early_core
                                                          1746.360015
                                                                    h, n
selected_address_mux      dss_early_selected_address_mux_ROW_ADDR_W9_PHYS_COL_ADDR_W13
                                                          5491.886407
                                                                    h, p
--------------------------------------------------------------------------------
Total 16 cells                                            99688.882299
1
