 
****************************************
Report : area
Design : recam_dss_g2x2_r_static_early_top
Version: W-2024.09-SP2
Date   : Thu Sep 24 07:04:22 2026
****************************************

Library(s) Used:

    slow (File: /cad/std_libraries/CBDK_TSMC018_Arm_f1.0/CIC/SynopsysDC/db/slow.db)

Number of ports:                          866
Number of nets:                          5575
Number of cells:                         4816
Number of combinational cells:           4798
Number of sequential cells:                13
Number of macros/black boxes:               0
Number of buf/inv:                       1446
Number of references:                       7

Combinational area:              98937.115885
Buf/Inv area:                    17317.238597
Noncombinational area:             751.766415
Macro/Black Box area:                0.000000
Net Interconnect area:          503815.859222

Total cell area:                 99688.882299
Total area:                     603504.741522

Hierarchical area distribution
------------------------------

                                  Global cell area            Local cell area
                                  -------------------  ----------------------------- 
Hierarchical cell                 Absolute    Percent  Combi-      Noncombi-  Black-
                                  Total       Total    national    national   boxes   Design
--------------------------------  ----------  -------  ----------  ---------  ------  ----------------------------------------------------------------------------------------------------------------
recam_dss_g2x2_r_static_early_top 99688.8823    100.0    329.3136     0.0000  0.0000  recam_dss_g2x2_r_static_early_top
analyzer                          92121.3223     92.4  92121.3223     0.0000  0.0000  recam_shared_config_analyzer_ROW_ADDR_W9_PHYS_COL_ADDR_W13_WORD_COL_ADDR_W5_HYBRID_LINE_ADDR_W13_HYBRID_ENTRIES7
core                               1746.3600      1.8    994.5936   751.7664  0.0000  recam_dss_g2x2_r_static_early_core
selected_address_mux               5491.8864      5.5   5491.8864     0.0000  0.0000  dss_early_selected_address_mux_ROW_ADDR_W9_PHYS_COL_ADDR_W13
--------------------------------  ----------  -------  ----------  ---------  ------  ----------------------------------------------------------------------------------------------------------------
Total                                                  98937.1159   751.7664  0.0000

1
