 
****************************************
Report : qor
Design : recam_dss_g2x2_r_static_early_top
Version: W-2024.09-SP2
Date   : Thu Sep 24 07:04:22 2026
****************************************


  Timing Path Group 'recam_clk'
  -----------------------------------
  Levels of Logic:              86.00
  Critical Path Length:         20.00
  Critical Path Slack:           0.00
  Critical Path Clk Period:     20.00
  Total Negative Slack:          0.00
  No. of Violating Paths:        0.00
  Worst Hold Violation:          0.00
  Total Hold Violation:          0.00
  No. of Hold Violations:        0.00
  -----------------------------------


  Cell Count
  -----------------------------------
  Hierarchical Cell Count:          3
  Hierarchical Port Count:        501
  Leaf Cell Count:               4811
  Buf/Inv Cell Count:            1446
  Buf Cell Count:                 207
  Inv Cell Count:                1239
  CT Buf/Inv Cell Count:            0
  Combinational Cell Count:      4798
  Sequential Cell Count:           13
  Macro Count:                      0
  -----------------------------------


  Area
  -----------------------------------
  Combinational Area:    98937.115885
  Noncombinational Area:   751.766415
  Buf/Inv Area:          17317.238597
  Total Buffer Area:          4613.72
  Total Inverter Area:       12703.52
  Macro/Black Box Area:      0.000000
  Net Area:             503815.859222
  -----------------------------------
  Cell Area:             99688.882299
  Design Area:          603504.741522


  Design Rules
  -----------------------------------
  Total Number of Nets:          5090
  Nets With Violations:             0
  Max Trans Violations:             0
  Max Cap Violations:               0
  -----------------------------------


  Hostname: Kaohsiung

  Compile CPU Statistics
  -----------------------------------------
  Resource Sharing:                    2.50
  Logic Optimization:                 37.32
  Mapping Optimization:               13.04
  -----------------------------------------
  Overall Compile Time:               58.60
  Overall Compile Wall Clock Time:    58.89

  --------------------------------------------------------------------

  Design  WNS: 0.00  TNS: 0.00  Number of Violating Paths: 0


  Design (Hold)  WNS: 0.00  TNS: 0.00  Number of Violating Paths: 0

  --------------------------------------------------------------------


1
