 
****************************************
Report : reference
Design : recam_dss_g2x2_r_static_early_top
Version: W-2024.09-SP2
Date   : Thu Sep 24 07:04:22 2026
****************************************

Attributes:
    b - black box (unknown)
   bo - allows boundary optimization
    d - dont_touch
   mo - map_only
    h - hierarchical
    n - noncombinational
    r - removable
    s - synthetic operator
    u - contains unmapped logic

Reference          Library       Unit Area   Count    Total Area   Attributes
-----------------------------------------------------------------------------
AND2X4             slow          16.632000       1     16.632000  
BUFX3              slow          13.305600       3     39.916800  
BUFX8              slow          29.937599       8    239.500793  
BUFX12             slow          33.264000       1     33.264000  
dss_early_selected_address_mux_ROW_ADDR_W9_PHYS_COL_ADDR_W13
                               5491.886407       1   5491.886407  h
recam_dss_g2x2_r_static_early_core
                               1746.360015       1   1746.360015  h, n
recam_shared_config_analyzer_ROW_ADDR_W9_PHYS_COL_ADDR_W13_WORD_COL_ADDR_W5_HYBRID_LINE_ADDR_W13_HYBRID_ENTRIES7
                              92121.322284       1  92121.322284  h
-----------------------------------------------------------------------------
Total 7 references                                  99688.882299

****************************************
Design: dss_early_selected_address_mux_ROW_ADDR_W9_PHYS_COL_ADDR_W13 
****************************************
Reference          Library       Unit Area   Count    Total Area   Attributes
-----------------------------------------------------------------------------
AND2X2             slow          13.305600      20    266.112003  
AND2X4             slow          16.632000       3     49.896000  
AND3X2             slow          16.632000       4     66.528000  
AND3X4             slow          19.958401       3     59.875202  
AND4X2             slow          19.958401       1     19.958401  
AOI2BB1X2          slow          23.284800       1     23.284800  
AOI2BB2X1          slow          23.284800       1     23.284800  
AOI22X2            slow          29.937599      24    718.502380  
AOI22X4            slow          46.569599       2     93.139198  
AOI31X2            slow          29.937599       1     29.937599  
AOI31X4            slow          29.937599       3     89.812798  
AOI33X4            slow          36.590401       1     36.590401  
AOI211X1           slow          16.632000       2     33.264000  
BUFX3              slow          13.305600       7     93.139201  
BUFX4              slow          16.632000       1     16.632000  
BUFX8              slow          29.937599       4    119.750397  
BUFX12             slow          33.264000       4    133.056000  
BUFX16             slow          43.243198       5    216.215992  
BUFX20             slow          53.222401       2    106.444801  
CLKINVX3           slow           9.979200      24    239.500809  
CLKINVX4           slow          13.305600       4     53.222401  
CLKINVX8           slow          19.958401       4     79.833603  
CLKINVXL           slow           9.979200       2     19.958401  
INVX1              slow           6.652800      20    133.056002  
INVX2              slow           9.979200       3     29.937601  
INVX4              slow          13.305600      11    146.361602  
INVX8              slow          19.958401      12    239.500809  
INVXL              slow           6.652800       2     13.305600  
MXI2X4             slow          46.569599       1     46.569599  
MXI2XL             slow          23.284800       1     23.284800  
NAND2BX1           slow          13.305600       1     13.305600  
NAND2X2            slow          16.632000       1     16.632000  
NAND2X4            slow          23.284800       3     69.854399  
NAND3BX1           slow          16.632000       1     16.632000  
NAND3X1            slow          13.305600      17    226.195203  
NAND3X2            slow          23.284800       6    139.708797  
NAND3X4            slow          33.264000       2     66.528000  
NAND3XL            slow          13.305600       7     93.139201  
NAND4X1            slow          16.632000       3     49.896000  
NAND4X4            slow          56.548801       2    113.097603  
NAND4XL            slow          16.632000       1     16.632000  
NOR2X2             slow          16.632000       1     16.632000  
NOR2X4             slow          23.284800       1     23.284800  
OAI2BB1X1          slow          16.632000      12    199.584000  
OAI2BB1X2          slow          23.284800      12    279.417595  
OAI2BB1X4          slow          33.264000       1     33.264000  
OAI21X2            slow          26.611200       1     26.611200  
OAI22X1            slow          19.958401       1     19.958401  
OAI22X2            slow          29.937599       1     29.937599  
OAI31X4            slow          29.937599       1     29.937599  
OAI32X1            slow          23.284800       1     23.284800  
OAI211X2           slow          33.264000       3     99.792000  
OAI211XL           slow          19.958401       1     19.958401  
OAI222X2           slow          49.896000       2     99.792000  
OAI222X4           slow          39.916801       2     79.833603  
OR2X2              slow          13.305600      12    159.667202  
OR2X4              slow          19.958401       8    159.667206  
OR2XL              slow          13.305600       5     66.528001  
XOR2X1             slow          26.611200       1     26.611200  
XOR2X4             slow          56.548801       1     56.548801  
-----------------------------------------------------------------------------
Total 60 references                                  5491.886407

****************************************
Design: recam_dss_g2x2_r_static_early_core 
****************************************
Reference          Library       Unit Area   Count    Total Area   Attributes
-----------------------------------------------------------------------------
AND2X1             slow          13.305600       1     13.305600  
AND2X2             slow          13.305600       1     13.305600  
AOI2BB1X1          slow          16.632000       1     16.632000  
AOI31X1            slow          16.632000       1     16.632000  
BUFX3              slow          13.305600       1     13.305600  
CLKINVX3           slow           9.979200       1      9.979200  
DFFHQX1            slow          53.222401       7    372.556805  n
DFFHQX4            slow          73.180801       1     73.180801  n
DFFHQXL            slow          53.222401       1     53.222401  n
DFFX4              slow          83.160004       1     83.160004  n
DFFXL              slow          56.548801       3    169.646404  n
INVX1              slow           6.652800      20    133.056002  
INVX2              slow           9.979200       1      9.979200  
INVX3              slow          13.305600       1     13.305600  
MXI2X1             slow          23.284800      11    256.132795  
MXI2XL             slow          23.284800       1     23.284800  
NAND2X1            slow           9.979200       1      9.979200  
NAND3X1            slow          13.305600       2     26.611200  
NAND3X2            slow          23.284800       1     23.284800  
NAND3X4            slow          33.264000       1     33.264000  
NAND3XL            slow          13.305600       2     26.611200  
NAND4X2            slow          29.937599       1     29.937599  
NOR2X1             slow           9.979200       1      9.979200  
NOR2X4             slow          23.284800       1     23.284800  
OAI2BB1X1          slow          16.632000       2     33.264000  
OAI22XL            slow          19.958401       1     19.958401  
OAI31X2            slow          29.937599       1     29.937599  
OAI221XL           slow          23.284800       1     23.284800  
OR2X2              slow          13.305600       8    106.444801  
OR2X4              slow          19.958401       2     39.916801  
OR2XL              slow          13.305600       3     39.916800  
-----------------------------------------------------------------------------
Total 31 references                                  1746.360015

****************************************
Design: recam_shared_config_analyzer_ROW_ADDR_W9_PHYS_COL_ADDR_W13_WORD_COL_ADDR_W5_HYBRID_LINE_ADDR_W13_HYBRID_ENTRIES7 
****************************************
Reference          Library       Unit Area   Count    Total Area   Attributes
-----------------------------------------------------------------------------
AND2X1             slow          13.305600      11    146.361602  
AND2X2             slow          13.305600      23    306.028804  
AND2X4             slow          16.632000       8    133.056000  
AND2XL             slow          13.305600       1     13.305600  
AND3X2             slow          16.632000      22    365.903999  
AND3X4             slow          19.958401      11    219.542408  
AND4X1             slow          19.958401       1     19.958401  
AND4X2             slow          19.958401      32    638.668823  
AND4X4             slow          36.590401      12    439.084808  
AOI2BB1X1          slow          16.632000       6     99.792000  
AOI2BB1X4          slow          36.590401       1     36.590401  
AOI2BB2X1          slow          23.284800      39    908.107183  
AOI2BB2X2          slow          29.937599       9    269.438393  
AOI2BB2X4          slow          49.896000       1     49.896000  
AOI2BB2XL          slow          23.284800       6    139.708797  
AOI21X2            slow          23.284800       1     23.284800  
AOI21X4            slow          33.264000       1     33.264000  
AOI22X1            slow          16.632000       9    149.688000  
AOI31X1            slow          16.632000       3     49.896000  
AOI31X2            slow          29.937599       3     89.812798  
AOI31X4            slow          29.937599       1     29.937599  
AOI33X1            slow          26.611200       2     53.222401  
AOI211X1           slow          16.632000       5     83.160000  
AOI211X2           slow          29.937599       1     29.937599  
AOI211XL           slow          16.632000       1     16.632000  
AOI221X1           slow          23.284800       3     69.854399  
AOI221X2           slow          39.916801       1     39.916801  
AOI221X4           slow          36.590401       7    256.132805  
AOI222X1           slow          26.611200      38   1011.225613  
AOI222X2           slow          46.569599       5    232.847996  
AOI222X4           slow          39.916801       1     39.916801  
BUFX1              slow          13.305600      36    479.001606  
BUFX3              slow          13.305600      55    731.808009  
BUFX4              slow          16.632000      16    266.112000  
BUFX8              slow          29.937599      26    778.377579  
BUFX12             slow          33.264000      13    432.431999  
BUFX16             slow          43.243198       6    259.459190  
BUFX20             slow          53.222401       8    425.779205  
CLKBUFX2           slow          13.305600       2     26.611200  
CLKBUFX8           slow          23.284800       7    162.993597  
CLKINVX1           slow           9.979200       5     49.896002  
CLKINVX2           slow           9.979200      11    109.771204  
CLKINVX3           slow           9.979200     175   1746.360064  
CLKINVX4           slow          13.305600      33    439.084805  
CLKINVX8           slow          19.958401      33    658.627224  
CLKINVX20          slow          96.465599       2    192.931198  
CLKINVXL           slow           9.979200      29    289.396811  
DLY1X1             slow          19.958401       2     39.916801  
INVX1              slow           6.652800     583   3878.582448  
INVX2              slow           9.979200      34    339.292812  
INVX3              slow          13.305600       7     93.139201  
INVX4              slow          13.305600      75    997.920012  
INVX8              slow          19.958401      58   1157.587242  
INVX12             slow          43.243198      21    908.107166  
INVX16             slow          56.548801       2    113.097603  
INVX20             slow          63.201599       3    189.604797  
INVXL              slow           6.652800      63    419.126405  
MX2X1              slow          26.611200     148   3938.457649  
MX2X2              slow          29.937599      27    808.315178  
MX2X4              slow          33.264000      33   1097.711998  
MX2XL              slow          26.611200       2     53.222401  
MXI2X1             slow          23.284800     121   2817.460749  
MXI2X2             slow          26.611200     113   3007.065638  
MXI2X4             slow          46.569599      40   1862.783966  
MXI2XL             slow          23.284800      22    512.265591  
NAND2BX2           slow          19.958401       1     19.958401  
NAND2BX4           slow          26.611200       1     26.611200  
NAND2X1            slow           9.979200      48    479.001617  
NAND2X2            slow          16.632000      39    648.647999  
NAND2X4            slow          23.284800      51   1187.524778  
NAND2XL            slow           9.979200      12    119.750404  
NAND3BX2           slow          26.611200       2     53.222401  
NAND3BX4           slow          36.590401       3    109.771202  
NAND3BXL           slow          16.632000       1     16.632000  
NAND3X1            slow          13.305600     179   2381.702430  
NAND3X2            slow          23.284800      41    954.676783  
NAND3X4            slow          33.264000      35   1164.239998  
NAND3XL            slow          13.305600      30    399.168005  
NAND4BBX2          slow          36.590401       1     36.590401  
NAND4BBX4          slow          63.201599       2    126.403198  
NAND4BX2           slow          33.264000       2     66.528000  
NAND4BX4           slow          59.875198       5    299.375992  
NAND4BXL           slow          19.958401       1     19.958401  
NAND4X1            slow          16.632000     105   1746.359997  
NAND4X2            slow          29.937599      32    958.003174  
NAND4X4            slow          56.548801      36   2035.756851  
NAND4XL            slow          16.632000      16    266.112000  
NOR2BX4            slow          26.611200       2     53.222401  
NOR2X1             slow           9.979200      43    429.105616  
NOR2X2             slow          16.632000      19    316.007999  
NOR2X4             slow          23.284800      26    605.404789  
NOR2XL             slow           9.979200       1      9.979200  
NOR3BX4            slow          36.590401       1     36.590401  
NOR3X1             slow          13.305600       3     39.916800  
NOR3X2             slow          23.284800       3     69.854399  
NOR3X4             slow          33.264000       7    232.848000  
NOR4BBX4           slow          66.528000       1     66.528000  
NOR4BX2            slow          33.264000       1     33.264000  
NOR4X4             slow          56.548801       2    113.097603  
NOR4XL             slow          19.958401       1     19.958401  
OAI2BB1X1          slow          16.632000      40    665.279999  
OAI2BB1X2          slow          23.284800      16    372.556793  
OAI2BB1X4          slow          33.264000      26    864.863998  
OAI2BB1XL          slow          16.632000       8    133.056000  
OAI21X2            slow          26.611200       1     26.611200  
OAI21X4            slow          36.590401       3    109.771202  
OAI21XL            slow          13.305600       2     26.611200  
OAI22X1            slow          19.958401      42    838.252831  
OAI22X2            slow          29.937599      37   1107.691170  
OAI22X4            slow          46.569599      16    745.113586  
OAI22XL            slow          19.958401       4     79.833603  
OAI31X2            slow          29.937599       3     89.812798  
OAI31X4            slow          29.937599       3     89.812798  
OAI32X1            slow          23.284800       3     69.854399  
OAI32X2            slow          36.590401       1     36.590401  
OAI32X4            slow          33.264000       4    133.056000  
OAI32XL            slow          23.284800       1     23.284800  
OAI33X1            slow          26.611200       1     26.611200  
OAI211X1           slow          19.958401       6    119.750404  
OAI211X2           slow          33.264000       2     66.528000  
OAI211X4           slow          29.937599      15    449.063988  
OAI221X1           slow          26.611200       1     26.611200  
OAI221X2           slow          43.243198       2     86.486397  
OAI221X4           slow          36.590401       4    146.361603  
OAI221XL           slow          23.284800       2     46.569599  
OAI222X4           slow          39.916801       2     79.833603  
OR2X1              slow          13.305600       4     53.222401  
OR2X2              slow          13.305600     230   3060.288038  
OR2X4              slow          19.958401      78   1556.755257  
OR2XL              slow          13.305600      27    359.251204  
OR3X2              slow          19.958401       2     39.916801  
OR3X4              slow          29.937599       8    239.500793  
OR3XL              slow          16.632000       5     83.160000  
OR4X1              slow          19.958401       2     39.916801  
OR4X2              slow          19.958401      40    798.336029  
OR4X4              slow          36.590401      35   1280.664024  
XNOR2X1            slow          26.611200      52   1383.782417  
XNOR2X2            slow          36.590401      12    439.084808  
XNOR2X4            slow          56.548801      10    565.488014  
XNOR2XL            slow          26.611200       1     26.611200  
XOR2X1             slow          26.611200     573  15248.217791  
XOR2X2             slow          33.264000     119   3958.415993  
XOR2X4             slow          56.548801      61   3449.476887  
XOR2XL             slow          26.611200     100   2661.120033  
-----------------------------------------------------------------------------
Total 144 references                                92121.322284
1
