 
****************************************
Report : area
Design : recam_group_compressed_solution_selector
Version: W-2024.09-SP2
Date   : Thu Sep 10 07:52:56 2026
****************************************

Library(s) Used:

    slow (File: /cad/std_libraries/CBDK_TSMC018_Arm_f1.0/CIC/SynopsysDC/db/slow.db)

Number of ports:                          104
Number of nets:                           164
Number of cells:                           83
Number of combinational cells:             83
Number of sequential cells:                 0
Number of macros/black boxes:               0
Number of buf/inv:                         12
Number of references:                      17

Combinational area:               1127.649610
Buf/Inv area:                       99.792001
Noncombinational area:               0.000000
Macro/Black Box area:                0.000000
Net Interconnect area:           12366.728668

Total cell area:                  1127.649610
Total area:                      13494.378278

Hierarchical area distribution
------------------------------

                                  Global cell area          Local cell area
                                  ------------------  ---------------------------- 
Hierarchical cell                 Absolute   Percent  Combi-     Noncombi-  Black-
                                  Total      Total    national   national   boxes   Design
--------------------------------  ---------  -------  ---------  ---------  ------  ---------
recam_group_compressed_solution_selector
                                  1127.6496    100.0  1127.6496     0.0000  0.0000  recam_group_compressed_solution_selector
--------------------------------  ---------  -------  ---------  ---------  ------  ---------
Total                                                 1127.6496     0.0000  0.0000

1
