 
****************************************
Report : reference
Design : recam_group_compressed_solution_selector
Version: W-2024.09-SP2
Date   : Thu Sep 10 07:52:56 2026
****************************************

Attributes:
    b - black box (unknown)
   bo - allows boundary optimization
    d - dont_touch
   mo - map_only
    h - hierarchical
    n - noncombinational
    r - removable
    s - synthetic operator
    u - contains unmapped logic

Reference          Library       Unit Area   Count    Total Area   Attributes
-----------------------------------------------------------------------------
AOI2BB2X1          slow          23.284800       1     23.284800  
AOI22X1            slow          16.632000       1     16.632000  
AOI22XL            slow          16.632000      34    565.487999  
BUFX1              slow          13.305600       1     13.305600  
BUFX3              slow          13.305600       2     26.611200  
INVX1              slow           6.652800       5     33.264000  
INVXL              slow           6.652800       4     26.611200  
NAND2X1            slow           9.979200      21    209.563208  
NAND3X1            slow          13.305600       1     13.305600  
NAND4X1            slow          16.632000       3     49.896000  
NOR2X1             slow           9.979200       2     19.958401  
NOR2XL             slow           9.979200       1      9.979200  
NOR3X2             slow          23.284800       1     23.284800  
OAI21XL            slow          13.305600       3     39.916800  
OAI31X1            slow          19.958401       1     19.958401  
OR3XL              slow          16.632000       1     16.632000  
OR4X1              slow          19.958401       1     19.958401  
-----------------------------------------------------------------------------
Total 17 references                                  1127.649610
1
