 
****************************************
Report : timing
        -path full
        -delay max
        -max_paths 10
Design : recam_group_compressed_solution_selector
Version: W-2024.09-SP2
Date   : Thu Sep 10 07:52:56 2026
****************************************

Operating Conditions: slow   Library: slow
Wire Load Model Mode: top

  Startpoint: config_pattern_map_i[4]
              (input port clocked by recam_boundary_clk)
  Endpoint: selected_config_id_o[2]
            (output port clocked by recam_boundary_clk)
  Path Group: recam_boundary_clk
  Path Type: max

  Des/Clust/Port     Wire Load Model       Library
  ------------------------------------------------
  recam_group_compressed_solution_selector
                     tsmc18_wl10           slow

  Point                                    Incr       Path
  -----------------------------------------------------------
  clock recam_boundary_clk (rise edge)     0.00       0.00
  clock network delay (ideal)              0.00       0.00
  input external delay                     0.00       0.00 r
  config_pattern_map_i[4] (in)             0.00       0.00 r
  U81/Y (NAND3X1)                          0.40       0.40 f
  U90/Y (INVX1)                            0.53       0.93 r
  U85/Y (NAND2X1)                          0.17       1.10 f
  U84/Y (NAND4X1)                          0.42       1.52 r
  U91/Y (INVX1)                            0.49       2.01 f
  U89/Y (OAI21XL)                          0.44       2.46 r
  U88/Y (NAND4X1)                          0.50       2.96 f
  U83/Y (INVX1)                            0.69       3.65 r
  U82/Y (AOI2BB2X1)                        0.42       4.07 r
  U87/Y (OAI31X1)                          0.25       4.31 f
  U86/Y (NAND4X1)                          0.53       4.84 r
  U113/Y (NAND2X1)                         0.67       5.51 f
  U117/Y (NOR2X1)                          1.55       7.06 r
  U118/Y (INVXL)                           0.25       7.31 f
  U119/Y (INVXL)                           1.25       8.56 r
  U135/Y (AOI22XL)                         0.39       8.95 f
  U111/Y (NAND2X1)                         0.60       9.55 r
  selected_config_id_o[2] (out)            0.00       9.55 r
  data arrival time                                   9.55

  clock recam_boundary_clk (rise edge)    20.00      20.00
  clock network delay (ideal)              0.00      20.00
  output external delay                    0.00      20.00
  data required time                                 20.00
  -----------------------------------------------------------
  data required time                                 20.00
  data arrival time                                  -9.55
  -----------------------------------------------------------
  slack (MET)                                        10.45


  Startpoint: config_pattern_map_i[4]
              (input port clocked by recam_boundary_clk)
  Endpoint: selected_config_id_o[1]
            (output port clocked by recam_boundary_clk)
  Path Group: recam_boundary_clk
  Path Type: max

  Des/Clust/Port     Wire Load Model       Library
  ------------------------------------------------
  recam_group_compressed_solution_selector
                     tsmc18_wl10           slow

  Point                                    Incr       Path
  -----------------------------------------------------------
  clock recam_boundary_clk (rise edge)     0.00       0.00
  clock network delay (ideal)              0.00       0.00
  input external delay                     0.00       0.00 r
  config_pattern_map_i[4] (in)             0.00       0.00 r
  U81/Y (NAND3X1)                          0.40       0.40 f
  U90/Y (INVX1)                            0.53       0.93 r
  U85/Y (NAND2X1)                          0.17       1.10 f
  U84/Y (NAND4X1)                          0.42       1.52 r
  U91/Y (INVX1)                            0.49       2.01 f
  U89/Y (OAI21XL)                          0.44       2.46 r
  U88/Y (NAND4X1)                          0.50       2.96 f
  U83/Y (INVX1)                            0.69       3.65 r
  U82/Y (AOI2BB2X1)                        0.42       4.07 r
  U87/Y (OAI31X1)                          0.25       4.31 f
  U86/Y (NAND4X1)                          0.53       4.84 r
  U113/Y (NAND2X1)                         0.67       5.51 f
  U117/Y (NOR2X1)                          1.55       7.06 r
  U118/Y (INVXL)                           0.25       7.31 f
  U119/Y (INVXL)                           1.25       8.56 r
  U134/Y (AOI22XL)                         0.39       8.95 f
  U110/Y (NAND2X1)                         0.60       9.55 r
  selected_config_id_o[1] (out)            0.00       9.55 r
  data arrival time                                   9.55

  clock recam_boundary_clk (rise edge)    20.00      20.00
  clock network delay (ideal)              0.00      20.00
  output external delay                    0.00      20.00
  data required time                                 20.00
  -----------------------------------------------------------
  data required time                                 20.00
  data arrival time                                  -9.55
  -----------------------------------------------------------
  slack (MET)                                        10.45


  Startpoint: config_pattern_map_i[4]
              (input port clocked by recam_boundary_clk)
  Endpoint: selected_config_id_o[0]
            (output port clocked by recam_boundary_clk)
  Path Group: recam_boundary_clk
  Path Type: max

  Des/Clust/Port     Wire Load Model       Library
  ------------------------------------------------
  recam_group_compressed_solution_selector
                     tsmc18_wl10           slow

  Point                                    Incr       Path
  -----------------------------------------------------------
  clock recam_boundary_clk (rise edge)     0.00       0.00
  clock network delay (ideal)              0.00       0.00
  input external delay                     0.00       0.00 r
  config_pattern_map_i[4] (in)             0.00       0.00 r
  U81/Y (NAND3X1)                          0.40       0.40 f
  U90/Y (INVX1)                            0.53       0.93 r
  U85/Y (NAND2X1)                          0.17       1.10 f
  U84/Y (NAND4X1)                          0.42       1.52 r
  U91/Y (INVX1)                            0.49       2.01 f
  U89/Y (OAI21XL)                          0.44       2.46 r
  U88/Y (NAND4X1)                          0.50       2.96 f
  U83/Y (INVX1)                            0.69       3.65 r
  U82/Y (AOI2BB2X1)                        0.42       4.07 r
  U87/Y (OAI31X1)                          0.25       4.31 f
  U86/Y (NAND4X1)                          0.53       4.84 r
  U113/Y (NAND2X1)                         0.67       5.51 f
  U117/Y (NOR2X1)                          1.55       7.06 r
  U118/Y (INVXL)                           0.25       7.31 f
  U119/Y (INVXL)                           1.25       8.56 r
  U133/Y (AOI22XL)                         0.39       8.95 f
  U109/Y (NAND2X1)                         0.60       9.55 r
  selected_config_id_o[0] (out)            0.00       9.55 r
  data arrival time                                   9.55

  clock recam_boundary_clk (rise edge)    20.00      20.00
  clock network delay (ideal)              0.00      20.00
  output external delay                    0.00      20.00
  data required time                                 20.00
  -----------------------------------------------------------
  data required time                                 20.00
  data arrival time                                  -9.55
  -----------------------------------------------------------
  slack (MET)                                        10.45


  Startpoint: config_pattern_map_i[4]
              (input port clocked by recam_boundary_clk)
  Endpoint: selected_pattern_id_o[3]
            (output port clocked by recam_boundary_clk)
  Path Group: recam_boundary_clk
  Path Type: max

  Des/Clust/Port     Wire Load Model       Library
  ------------------------------------------------
  recam_group_compressed_solution_selector
                     tsmc18_wl10           slow

  Point                                    Incr       Path
  -----------------------------------------------------------
  clock recam_boundary_clk (rise edge)     0.00       0.00
  clock network delay (ideal)              0.00       0.00
  input external delay                     0.00       0.00 r
  config_pattern_map_i[4] (in)             0.00       0.00 r
  U81/Y (NAND3X1)                          0.40       0.40 f
  U90/Y (INVX1)                            0.53       0.93 r
  U85/Y (NAND2X1)                          0.17       1.10 f
  U84/Y (NAND4X1)                          0.42       1.52 r
  U91/Y (INVX1)                            0.49       2.01 f
  U89/Y (OAI21XL)                          0.44       2.46 r
  U88/Y (NAND4X1)                          0.50       2.96 f
  U83/Y (INVX1)                            0.69       3.65 r
  U82/Y (AOI2BB2X1)                        0.42       4.07 r
  U87/Y (OAI31X1)                          0.25       4.31 f
  U86/Y (NAND4X1)                          0.53       4.84 r
  U113/Y (NAND2X1)                         0.67       5.51 f
  U117/Y (NOR2X1)                          1.55       7.06 r
  U118/Y (INVXL)                           0.25       7.31 f
  U119/Y (INVXL)                           1.25       8.56 r
  U139/Y (AOI22XL)                         0.39       8.95 f
  U108/Y (NAND2X1)                         0.60       9.55 r
  selected_pattern_id_o[3] (out)           0.00       9.55 r
  data arrival time                                   9.55

  clock recam_boundary_clk (rise edge)    20.00      20.00
  clock network delay (ideal)              0.00      20.00
  output external delay                    0.00      20.00
  data required time                                 20.00
  -----------------------------------------------------------
  data required time                                 20.00
  data arrival time                                  -9.55
  -----------------------------------------------------------
  slack (MET)                                        10.45


  Startpoint: config_pattern_map_i[4]
              (input port clocked by recam_boundary_clk)
  Endpoint: selected_pattern_id_o[2]
            (output port clocked by recam_boundary_clk)
  Path Group: recam_boundary_clk
  Path Type: max

  Des/Clust/Port     Wire Load Model       Library
  ------------------------------------------------
  recam_group_compressed_solution_selector
                     tsmc18_wl10           slow

  Point                                    Incr       Path
  -----------------------------------------------------------
  clock recam_boundary_clk (rise edge)     0.00       0.00
  clock network delay (ideal)              0.00       0.00
  input external delay                     0.00       0.00 r
  config_pattern_map_i[4] (in)             0.00       0.00 r
  U81/Y (NAND3X1)                          0.40       0.40 f
  U90/Y (INVX1)                            0.53       0.93 r
  U85/Y (NAND2X1)                          0.17       1.10 f
  U84/Y (NAND4X1)                          0.42       1.52 r
  U91/Y (INVX1)                            0.49       2.01 f
  U89/Y (OAI21XL)                          0.44       2.46 r
  U88/Y (NAND4X1)                          0.50       2.96 f
  U83/Y (INVX1)                            0.69       3.65 r
  U82/Y (AOI2BB2X1)                        0.42       4.07 r
  U87/Y (OAI31X1)                          0.25       4.31 f
  U86/Y (NAND4X1)                          0.53       4.84 r
  U113/Y (NAND2X1)                         0.67       5.51 f
  U117/Y (NOR2X1)                          1.55       7.06 r
  U118/Y (INVXL)                           0.25       7.31 f
  U119/Y (INVXL)                           1.25       8.56 r
  U138/Y (AOI22XL)                         0.39       8.95 f
  U107/Y (NAND2X1)                         0.60       9.55 r
  selected_pattern_id_o[2] (out)           0.00       9.55 r
  data arrival time                                   9.55

  clock recam_boundary_clk (rise edge)    20.00      20.00
  clock network delay (ideal)              0.00      20.00
  output external delay                    0.00      20.00
  data required time                                 20.00
  -----------------------------------------------------------
  data required time                                 20.00
  data arrival time                                  -9.55
  -----------------------------------------------------------
  slack (MET)                                        10.45


  Startpoint: config_pattern_map_i[4]
              (input port clocked by recam_boundary_clk)
  Endpoint: selected_pattern_id_o[1]
            (output port clocked by recam_boundary_clk)
  Path Group: recam_boundary_clk
  Path Type: max

  Des/Clust/Port     Wire Load Model       Library
  ------------------------------------------------
  recam_group_compressed_solution_selector
                     tsmc18_wl10           slow

  Point                                    Incr       Path
  -----------------------------------------------------------
  clock recam_boundary_clk (rise edge)     0.00       0.00
  clock network delay (ideal)              0.00       0.00
  input external delay                     0.00       0.00 r
  config_pattern_map_i[4] (in)             0.00       0.00 r
  U81/Y (NAND3X1)                          0.40       0.40 f
  U90/Y (INVX1)                            0.53       0.93 r
  U85/Y (NAND2X1)                          0.17       1.10 f
  U84/Y (NAND4X1)                          0.42       1.52 r
  U91/Y (INVX1)                            0.49       2.01 f
  U89/Y (OAI21XL)                          0.44       2.46 r
  U88/Y (NAND4X1)                          0.50       2.96 f
  U83/Y (INVX1)                            0.69       3.65 r
  U82/Y (AOI2BB2X1)                        0.42       4.07 r
  U87/Y (OAI31X1)                          0.25       4.31 f
  U86/Y (NAND4X1)                          0.53       4.84 r
  U113/Y (NAND2X1)                         0.67       5.51 f
  U117/Y (NOR2X1)                          1.55       7.06 r
  U118/Y (INVXL)                           0.25       7.31 f
  U119/Y (INVXL)                           1.25       8.56 r
  U137/Y (AOI22XL)                         0.39       8.95 f
  U106/Y (NAND2X1)                         0.60       9.55 r
  selected_pattern_id_o[1] (out)           0.00       9.55 r
  data arrival time                                   9.55

  clock recam_boundary_clk (rise edge)    20.00      20.00
  clock network delay (ideal)              0.00      20.00
  output external delay                    0.00      20.00
  data required time                                 20.00
  -----------------------------------------------------------
  data required time                                 20.00
  data arrival time                                  -9.55
  -----------------------------------------------------------
  slack (MET)                                        10.45


  Startpoint: config_pattern_map_i[4]
              (input port clocked by recam_boundary_clk)
  Endpoint: selected_pattern_id_o[0]
            (output port clocked by recam_boundary_clk)
  Path Group: recam_boundary_clk
  Path Type: max

  Des/Clust/Port     Wire Load Model       Library
  ------------------------------------------------
  recam_group_compressed_solution_selector
                     tsmc18_wl10           slow

  Point                                    Incr       Path
  -----------------------------------------------------------
  clock recam_boundary_clk (rise edge)     0.00       0.00
  clock network delay (ideal)              0.00       0.00
  input external delay                     0.00       0.00 r
  config_pattern_map_i[4] (in)             0.00       0.00 r
  U81/Y (NAND3X1)                          0.40       0.40 f
  U90/Y (INVX1)                            0.53       0.93 r
  U85/Y (NAND2X1)                          0.17       1.10 f
  U84/Y (NAND4X1)                          0.42       1.52 r
  U91/Y (INVX1)                            0.49       2.01 f
  U89/Y (OAI21XL)                          0.44       2.46 r
  U88/Y (NAND4X1)                          0.50       2.96 f
  U83/Y (INVX1)                            0.69       3.65 r
  U82/Y (AOI2BB2X1)                        0.42       4.07 r
  U87/Y (OAI31X1)                          0.25       4.31 f
  U86/Y (NAND4X1)                          0.53       4.84 r
  U113/Y (NAND2X1)                         0.67       5.51 f
  U117/Y (NOR2X1)                          1.55       7.06 r
  U118/Y (INVXL)                           0.25       7.31 f
  U119/Y (INVXL)                           1.25       8.56 r
  U136/Y (AOI22XL)                         0.39       8.95 f
  U105/Y (NAND2X1)                         0.60       9.55 r
  selected_pattern_id_o[0] (out)           0.00       9.55 r
  data arrival time                                   9.55

  clock recam_boundary_clk (rise edge)    20.00      20.00
  clock network delay (ideal)              0.00      20.00
  output external delay                    0.00      20.00
  data required time                                 20.00
  -----------------------------------------------------------
  data required time                                 20.00
  data arrival time                                  -9.55
  -----------------------------------------------------------
  slack (MET)                                        10.45


  Startpoint: config_pattern_map_i[4]
              (input port clocked by recam_boundary_clk)
  Endpoint: selected_candidate_valid_o[9]
            (output port clocked by recam_boundary_clk)
  Path Group: recam_boundary_clk
  Path Type: max

  Des/Clust/Port     Wire Load Model       Library
  ------------------------------------------------
  recam_group_compressed_solution_selector
                     tsmc18_wl10           slow

  Point                                    Incr       Path
  -----------------------------------------------------------
  clock recam_boundary_clk (rise edge)     0.00       0.00
  clock network delay (ideal)              0.00       0.00
  input external delay                     0.00       0.00 r
  config_pattern_map_i[4] (in)             0.00       0.00 r
  U81/Y (NAND3X1)                          0.40       0.40 f
  U90/Y (INVX1)                            0.53       0.93 r
  U85/Y (NAND2X1)                          0.17       1.10 f
  U84/Y (NAND4X1)                          0.42       1.52 r
  U91/Y (INVX1)                            0.49       2.01 f
  U89/Y (OAI21XL)                          0.44       2.46 r
  U88/Y (NAND4X1)                          0.50       2.96 f
  U83/Y (INVX1)                            0.69       3.65 r
  U82/Y (AOI2BB2X1)                        0.42       4.07 r
  U87/Y (OAI31X1)                          0.25       4.31 f
  U86/Y (NAND4X1)                          0.53       4.84 r
  U113/Y (NAND2X1)                         0.67       5.51 f
  U117/Y (NOR2X1)                          1.55       7.06 r
  U118/Y (INVXL)                           0.25       7.31 f
  U119/Y (INVXL)                           1.25       8.56 r
  U132/Y (AOI22XL)                         0.39       8.95 f
  U104/Y (NAND2X1)                         0.60       9.55 r
  selected_candidate_valid_o[9] (out)      0.00       9.55 r
  data arrival time                                   9.55

  clock recam_boundary_clk (rise edge)    20.00      20.00
  clock network delay (ideal)              0.00      20.00
  output external delay                    0.00      20.00
  data required time                                 20.00
  -----------------------------------------------------------
  data required time                                 20.00
  data arrival time                                  -9.55
  -----------------------------------------------------------
  slack (MET)                                        10.45


  Startpoint: config_pattern_map_i[4]
              (input port clocked by recam_boundary_clk)
  Endpoint: selected_candidate_valid_o[0]
            (output port clocked by recam_boundary_clk)
  Path Group: recam_boundary_clk
  Path Type: max

  Des/Clust/Port     Wire Load Model       Library
  ------------------------------------------------
  recam_group_compressed_solution_selector
                     tsmc18_wl10           slow

  Point                                    Incr       Path
  -----------------------------------------------------------
  clock recam_boundary_clk (rise edge)     0.00       0.00
  clock network delay (ideal)              0.00       0.00
  input external delay                     0.00       0.00 r
  config_pattern_map_i[4] (in)             0.00       0.00 r
  U81/Y (NAND3X1)                          0.40       0.40 f
  U90/Y (INVX1)                            0.53       0.93 r
  U85/Y (NAND2X1)                          0.17       1.10 f
  U84/Y (NAND4X1)                          0.42       1.52 r
  U91/Y (INVX1)                            0.49       2.01 f
  U89/Y (OAI21XL)                          0.44       2.46 r
  U88/Y (NAND4X1)                          0.50       2.96 f
  U83/Y (INVX1)                            0.69       3.65 r
  U82/Y (AOI2BB2X1)                        0.42       4.07 r
  U87/Y (OAI31X1)                          0.25       4.31 f
  U86/Y (NAND4X1)                          0.53       4.84 r
  U113/Y (NAND2X1)                         0.67       5.51 f
  U117/Y (NOR2X1)                          1.55       7.06 r
  U118/Y (INVXL)                           0.25       7.31 f
  U119/Y (INVXL)                           1.25       8.56 r
  U123/Y (AOI22XL)                         0.39       8.95 f
  U95/Y (NAND2X1)                          0.59       9.54 r
  selected_candidate_valid_o[0] (out)      0.00       9.54 r
  data arrival time                                   9.54

  clock recam_boundary_clk (rise edge)    20.00      20.00
  clock network delay (ideal)              0.00      20.00
  output external delay                    0.00      20.00
  data required time                                 20.00
  -----------------------------------------------------------
  data required time                                 20.00
  data arrival time                                  -9.54
  -----------------------------------------------------------
  slack (MET)                                        10.46


  Startpoint: config_pattern_map_i[4]
              (input port clocked by recam_boundary_clk)
  Endpoint: selected_candidate_valid_o[1]
            (output port clocked by recam_boundary_clk)
  Path Group: recam_boundary_clk
  Path Type: max

  Des/Clust/Port     Wire Load Model       Library
  ------------------------------------------------
  recam_group_compressed_solution_selector
                     tsmc18_wl10           slow

  Point                                    Incr       Path
  -----------------------------------------------------------
  clock recam_boundary_clk (rise edge)     0.00       0.00
  clock network delay (ideal)              0.00       0.00
  input external delay                     0.00       0.00 r
  config_pattern_map_i[4] (in)             0.00       0.00 r
  U81/Y (NAND3X1)                          0.40       0.40 f
  U90/Y (INVX1)                            0.53       0.93 r
  U85/Y (NAND2X1)                          0.17       1.10 f
  U84/Y (NAND4X1)                          0.42       1.52 r
  U91/Y (INVX1)                            0.49       2.01 f
  U89/Y (OAI21XL)                          0.44       2.46 r
  U88/Y (NAND4X1)                          0.50       2.96 f
  U83/Y (INVX1)                            0.69       3.65 r
  U82/Y (AOI2BB2X1)                        0.42       4.07 r
  U87/Y (OAI31X1)                          0.25       4.31 f
  U86/Y (NAND4X1)                          0.53       4.84 r
  U113/Y (NAND2X1)                         0.67       5.51 f
  U116/Y (NOR3X2)                          1.15       6.65 r
  U120/Y (INVXL)                           0.24       6.90 f
  U121/Y (INVXL)                           1.25       8.14 r
  U143/Y (AOI22XL)                         0.29       8.44 f
  U96/Y (NAND2X1)                          0.57       9.01 r
  selected_candidate_valid_o[1] (out)      0.00       9.01 r
  data arrival time                                   9.01

  clock recam_boundary_clk (rise edge)    20.00      20.00
  clock network delay (ideal)              0.00      20.00
  output external delay                    0.00      20.00
  data required time                                 20.00
  -----------------------------------------------------------
  data required time                                 20.00
  data arrival time                                  -9.01
  -----------------------------------------------------------
  slack (MET)                                        10.99


1
