 
****************************************
Report : cell
Design : recam_dss_grid2x2_directional_rs2_cs2_m1_hyp02_early_live_state_top
Version: W-2024.09-SP2
Date   : Mon Sep 28 03:25:31 2026
****************************************

Attributes:
    b - black box (unknown)
    h - hierarchical
    n - noncombinational
    p - parameterized
    r - removable
    u - contains unmapped logic

Cell                      Reference       Library             Area  Attributes
--------------------------------------------------------------------------------
U2                        DLY1X1          slow            19.958401 
U3                        INVX8           slow            19.958401 
U4                        BUFX12          slow            33.264000 
U5                        INVX1           slow            6.652800  
U6                        INVX1           slow            6.652800  
U7                        BUFX3           slow            13.305600 
U8                        BUFX3           slow            13.305600 
U9                        INVX8           slow            19.958401 
U10                       BUFX1           slow            13.305600 
U11                       BUFX12          slow            33.264000 
U12                       AND2X4          slow            16.632000 
analyzer                  recam_shared_config_analyzer_ROW_ADDR_W9_PHYS_COL_ADDR_W13_WORD_COL_ADDR_W5_HYBRID_LINE_ADDR_W13_HYBRID_ENTRIES7
                                                          81114.264678
                                                                    h, p
core                      recam_dss_grid2x2_directional_rs2_cs2_m1_hyp02_early_live_state_core
                                                          2840.745618
                                                                    h, n
selected_address_mux      dss_early_selected_address_mux_ROW_ADDR_W9_PHYS_COL_ADDR_W13
                                                          4806.648004
                                                                    h, p
--------------------------------------------------------------------------------
Total 14 cells                                            88957.915904
1
