 
****************************************
Report : qor
Design : recam_dss_grid2x2_directional_rs2_cs2_m1_hyp02_early_live_state_top
Version: W-2024.09-SP2
Date   : Mon Sep 28 03:25:31 2026
****************************************


  Timing Path Group 'recam_clk'
  -----------------------------------
  Levels of Logic:             115.00
  Critical Path Length:         25.00
  Critical Path Slack:           0.00
  Critical Path Clk Period:     25.00
  Total Negative Slack:          0.00
  No. of Violating Paths:        0.00
  Worst Hold Violation:          0.00
  Total Hold Violation:          0.00
  No. of Hold Violations:        0.00
  -----------------------------------


  Cell Count
  -----------------------------------
  Hierarchical Cell Count:          3
  Hierarchical Port Count:        506
  Leaf Cell Count:               4408
  Buf/Inv Cell Count:            1255
  Buf Cell Count:                 159
  Inv Cell Count:                1096
  CT Buf/Inv Cell Count:            0
  Combinational Cell Count:      4393
  Sequential Cell Count:           15
  Macro Count:                      0
  -----------------------------------


  Area
  -----------------------------------
  Combinational Area:    88116.336691
  Noncombinational Area:   841.579212
  Buf/Inv Area:          13282.315361
  Total Buffer Area:          3519.33
  Total Inverter Area:        9762.98
  Macro/Black Box Area:      0.000000
  Net Area:             475069.048370
  -----------------------------------
  Cell Area:             88957.915904
  Design Area:          564026.964274


  Design Rules
  -----------------------------------
  Total Number of Nets:          4692
  Nets With Violations:             0
  Max Trans Violations:             0
  Max Cap Violations:               0
  -----------------------------------


  Hostname: Kaohsiung

  Compile CPU Statistics
  -----------------------------------------
  Resource Sharing:                    2.75
  Logic Optimization:                 22.10
  Mapping Optimization:                9.22
  -----------------------------------------
  Overall Compile Time:               39.98
  Overall Compile Wall Clock Time:    40.30

  --------------------------------------------------------------------

  Design  WNS: 0.00  TNS: 0.00  Number of Violating Paths: 0


  Design (Hold)  WNS: 0.00  TNS: 0.00  Number of Violating Paths: 0

  --------------------------------------------------------------------


1
