 
****************************************
Report : constraint
        -all_violators
Design : recam_2r2c_analyzer
Version: W-2024.09-SP2
Date   : Thu Sep 10 03:31:03 2026
****************************************


   max_delay/setup ('recam_boundary_clk' group)

                             Required        Actual
   Endpoint                 Path Delay     Path Delay        Slack
   -----------------------------------------------------------------
   pattern_id_o[2]             15.00          71.92 r       -56.92  (VIOLATED)
   repairable_o                15.00          71.90 r       -56.90  (VIOLATED)
   pattern_id_o[0]             15.00          71.59 r       -56.59  (VIOLATED)
   pattern_id_o[1]             15.00          71.50 r       -56.50  (VIOLATED)
   candidate_valid_o[0]        15.00          69.42 r       -54.42  (VIOLATED)
   candidate_valid_o[4]        15.00          69.34 r       -54.34  (VIOLATED)
   candidate_valid_o[1]        15.00          69.21 r       -54.21  (VIOLATED)
   candidate_valid_o[5]        15.00          69.20 r       -54.20  (VIOLATED)
   candidate_valid_o[3]        15.00          69.11 r       -54.11  (VIOLATED)
   candidate_valid_o[2]        15.00          69.01 r       -54.01  (VIOLATED)
   matrix_flat_o[13]           15.00          68.17 r       -53.17  (VIOLATED)
   matrix_flat_o[9]            15.00          68.15 r       -53.15  (VIOLATED)
   matrix_flat_o[6]            15.00          68.15 r       -53.15  (VIOLATED)
   matrix_flat_o[14]           15.00          68.15 r       -53.15  (VIOLATED)
   matrix_flat_o[11]           15.00          68.02 r       -53.02  (VIOLATED)
   matrix_flat_o[7]            15.00          67.98 r       -52.98  (VIOLATED)
   matrix_flat_o[2]            15.00          67.64 r       -52.64  (VIOLATED)
   matrix_flat_o[1]            15.00          67.63 r       -52.63  (VIOLATED)
   matrix_flat_o[10]           15.00          67.53 r       -52.53  (VIOLATED)
   matrix_flat_o[3]            15.00          67.47 r       -52.47  (VIOLATED)
   matrix_flat_o[5]            15.00          67.46 r       -52.46  (VIOLATED)
   matrix_flat_o[15]           15.00          67.37 r       -52.37  (VIOLATED)
   matrix_flat_o[12]           15.00          67.34 r       -52.34  (VIOLATED)
   matrix_flat_o[8]            15.00          67.33 r       -52.33  (VIOLATED)
   matrix_flat_o[4]            15.00          67.33 r       -52.33  (VIOLATED)


   max_transition

                             Required        Actual
   Net                      Transition     Transition        Slack
   -----------------------------------------------------------------
   matrix_builder/n704          3.00           4.82          -1.82  (VIOLATED)
       PIN :   matrix_builder/U657/A
                                3.00           4.82          -1.82  (VIOLATED)
       PIN :   matrix_builder/U588/B0
                                3.00           4.82          -1.82  (VIOLATED)
       PIN :   matrix_builder/U586/B0
                                3.00           4.82          -1.82  (VIOLATED)
       PIN :   matrix_builder/U583/B0
                                3.00           4.82          -1.82  (VIOLATED)
       PIN :   matrix_builder/U580/B0
                                3.00           4.82          -1.82  (VIOLATED)
       PIN :   matrix_builder/U577/B0
                                3.00           4.82          -1.82  (VIOLATED)
       PIN :   matrix_builder/U575/B0
                                3.00           4.82          -1.82  (VIOLATED)
       PIN :   matrix_builder/U573/B0
                                3.00           4.82          -1.82  (VIOLATED)
       PIN :   matrix_builder/U570/B0
                                3.00           4.82          -1.82  (VIOLATED)
       PIN :   matrix_builder/U567/B0
                                3.00           4.82          -1.82  (VIOLATED)
       PIN :   matrix_builder/U562/A
                                3.00           4.82          -1.82  (VIOLATED)
       PIN :   matrix_builder/U524/A0
                                3.00           4.82          -1.82  (VIOLATED)
       PIN :   matrix_builder/U658/Y
                                3.00           4.82          -1.82  (VIOLATED)
   matrix_builder/n1511         3.00           3.43          -0.43  (VIOLATED)
       PIN :   matrix_builder/U1465/B1
                                3.00           3.43          -0.43  (VIOLATED)
       PIN :   matrix_builder/U1462/B1
                                3.00           3.43          -0.43  (VIOLATED)
       PIN :   matrix_builder/U1459/B1
                                3.00           3.43          -0.43  (VIOLATED)
       PIN :   matrix_builder/U1456/B1
                                3.00           3.43          -0.43  (VIOLATED)
       PIN :   matrix_builder/U1453/B1
                                3.00           3.43          -0.43  (VIOLATED)
       PIN :   matrix_builder/U1447/B1
                                3.00           3.43          -0.43  (VIOLATED)
       PIN :   matrix_builder/U1443/B1
                                3.00           3.43          -0.43  (VIOLATED)
       PIN :   matrix_builder/U1439/B1
                                3.00           3.43          -0.43  (VIOLATED)
       PIN :   matrix_builder/U1435/B1
                                3.00           3.43          -0.43  (VIOLATED)
       PIN :   matrix_builder/U1466/Y
                                3.00           3.43          -0.43  (VIOLATED)
   matrix_builder/n531          3.00           3.41          -0.41  (VIOLATED)
       PIN :   matrix_builder/U460/B
                                3.00           3.41          -0.41  (VIOLATED)
       PIN :   matrix_builder/U395/B0
                                3.00           3.41          -0.41  (VIOLATED)
       PIN :   matrix_builder/U393/B0
                                3.00           3.41          -0.41  (VIOLATED)
       PIN :   matrix_builder/U391/B0
                                3.00           3.41          -0.41  (VIOLATED)
       PIN :   matrix_builder/U389/B0
                                3.00           3.41          -0.41  (VIOLATED)
       PIN :   matrix_builder/U386/B0
                                3.00           3.41          -0.41  (VIOLATED)
       PIN :   matrix_builder/U384/B0
                                3.00           3.41          -0.41  (VIOLATED)
       PIN :   matrix_builder/U382/B0
                                3.00           3.41          -0.41  (VIOLATED)
       PIN :   matrix_builder/U379/B0
                                3.00           3.41          -0.41  (VIOLATED)
       PIN :   matrix_builder/U377/B0
                                3.00           3.41          -0.41  (VIOLATED)
       PIN :   matrix_builder/U461/Y
                                3.00           3.41          -0.41  (VIOLATED)

   -----------------------------------------------------------------
   Total                      3                  -2.66  

   max_fanout

                             Required        Actual
   Net                        Fanout         Fanout          Slack
   -----------------------------------------------------------------
   pivot_valid_i[0]            10.00          16.00          -6.00  (VIOLATED)
   matrix_builder/n704         10.00          12.00          -2.00  (VIOLATED)

   -----------------------------------------------------------------
   Total                      2                  -8.00  

   max_capacitance

                             Required        Actual
   Net                      Capacitance    Capacitance       Slack
   -----------------------------------------------------------------
   pivot_valid_i[0]             0.15           0.22          -0.07  (VIOLATED)
   matrix_builder/n704          0.15           0.17          -0.02  (VIOLATED)

   -----------------------------------------------------------------
   Total                      2                  -0.09  

1
