 
****************************************
Report : reference
Design : recam_dss_g2x2_r_static_global_live_state_top
Version: W-2024.09-SP2
Date   : Tue Sep 29 16:58:29 2026
****************************************

Attributes:
    b - black box (unknown)
   bo - allows boundary optimization
    d - dont_touch
   mo - map_only
    h - hierarchical
    n - noncombinational
    r - removable
    s - synthetic operator
    u - contains unmapped logic

Reference          Library       Unit Area   Count    Total Area   Attributes
-----------------------------------------------------------------------------
AND2X4             slow          16.632000       1     16.632000  
AND3X1             slow          16.632000       1     16.632000  
AOI31XL            slow          16.632000       1     16.632000  
BUFX3              slow          13.305600       1     13.305600  
DLY1X1             slow          19.958401       1     19.958401  
XNOR2X1            slow          26.611200       2     53.222401  
dss_group_pivot_address_regs_ROW_ADDR_W9_PHYS_COL_ADDR_W13
                              44520.538785       1  44520.538785  h, n
recam_dss_g2x2_r_static_global_live_state_core
                              29598.307323       1  29598.307323  h, n
recam_shared_config_analyzer_ROW_ADDR_W9_PHYS_COL_ADDR_W13_WORD_COL_ADDR_W5_HYBRID_LINE_ADDR_W13_HYBRID_ENTRIES7
                              126865.570697
                                                 1  126865.570697 h
-----------------------------------------------------------------------------
Total 9 references                                  201120.799206

****************************************
Design: dss_group_pivot_address_regs_ROW_ADDR_W9_PHYS_COL_ADDR_W13 
****************************************
Reference          Library       Unit Area   Count    Total Area   Attributes
-----------------------------------------------------------------------------
AND2X2             slow          13.305600       7     93.139201  
AOI2BB1X1          slow          16.632000       3     49.896000  
AOI2BB2X1          slow          23.284800       4     93.139198  
AOI21X1            slow          13.305600      14    186.278402  
AOI21XL            slow          13.305600       1     13.305600  
AOI22X1            slow          16.632000      10    166.320000  
AOI22XL            slow          16.632000       2     33.264000  
AOI32X1            slow          23.284800       3     69.854399  
AOI33X1            slow          26.611200       4    106.444801  
AOI222X1           slow          26.611200       1     26.611200  
BUFX1              slow          13.305600      20    266.112003  
BUFX3              slow          13.305600      21    279.417603  
CLKINVXL           slow           9.979200       1      9.979200  
DFFXL              slow          56.548801     440  24881.472626  n
INVX1              slow           6.652800     392   2607.897633  
INVXL              slow           6.652800       3     19.958400  
NAND2BX1           slow          13.305600       4     53.222401  
NAND2X1            slow           9.979200      36    359.251213  
NAND2XL            slow           9.979200      11    109.771204  
NAND3X1            slow          13.305600      13    172.972802  
NOR2BX1            slow          13.305600       8    106.444801  
NOR2X1             slow           9.979200      18    179.625607  
NOR2XL             slow           9.979200      85    848.232031  
NOR3X1             slow          13.305600       5     66.528001  
OAI2BB1X1          slow          16.632000       1     16.632000  
OAI21XL            slow          13.305600      10    133.056002  
OAI22X1            slow          19.958401     440   8781.696320  
OAI22XL            slow          19.958401     180   3592.512131  
OAI31X1            slow          19.958401       4     79.833603  
OAI32X1            slow          23.284800       9    209.563196  
OAI33X1            slow          26.611200       4    106.444801  
OAI221XL           slow          23.284800       7    162.993597  
XNOR2X1            slow          26.611200       4    106.444801  
XOR2X1             slow          26.611200      20    532.224007  
-----------------------------------------------------------------------------
Total 34 references                                 44520.538785

****************************************
Design: recam_dss_g2x2_r_static_global_live_state_core 
****************************************
Reference          Library       Unit Area   Count    Total Area   Attributes
-----------------------------------------------------------------------------
AND2X2             slow          13.305600       4     53.222401  
AND3X2             slow          16.632000       1     16.632000  
AOI2BB1X1          slow          16.632000       1     16.632000  
AOI21X1            slow          13.305600       5     66.528001  
AOI22X1            slow          16.632000      38    632.015999  
AOI22XL            slow          16.632000       2     33.264000  
AOI31X1            slow          16.632000       5     83.160000  
AOI211X1           slow          16.632000       1     16.632000  
CLKINVX3           slow           9.979200       1      9.979200  
CLKINVX4           slow          13.305600       1     13.305600  
DFFHQX2            slow          66.528000       1     66.528000  n
DFFHQXL            slow          53.222401      64   3406.233643  n
DFFXL              slow          56.548801       1     56.548801  n
DLY1X1             slow          19.958401       3     59.875202  
INVX1              slow           6.652800      78    518.918406  
INVX8              slow          19.958401       1     19.958401  
INVXL              slow           6.652800       3     19.958400  
MXI2XL             slow          23.284800       1     23.284800  
NAND2X1            slow           9.979200       5     49.896002  
NAND3BX1           slow          16.632000       1     16.632000  
NAND3X1            slow          13.305600       5     66.528001  
NAND3X2            slow          23.284800       1     23.284800  
NOR2X1             slow           9.979200       4     39.916801  
NOR3X1             slow          13.305600       1     13.305600  
OAI2BB1X1          slow          16.632000       9    149.688000  
OAI2BB2X1          slow          23.284800       6    139.708797  
OAI21XL            slow          13.305600       7     93.139201  
OAI22X1            slow          19.958401       1     19.958401  
OAI31X1            slow          19.958401       1     19.958401  
OAI32X1            slow          23.284800       3     69.854399  
OAI211X1           slow          19.958401       1     19.958401  
OR2X2              slow          13.305600       2     26.611200  
OR2XL              slow          13.305600       1     13.305600  
XNOR2X1            slow          26.611200       2     53.222401  
XOR2X1             slow          26.611200       2     53.222401  
dss_v2_group_candidate_store  20377.526425       1  20377.526425  h, n
dss_v2_group_slot_decode         89.812801       1     89.812801  h
recam_dss_g2x2_r_static_selector
                               3150.100838       1   3150.100838  h
-----------------------------------------------------------------------------
Total 38 references                                 29598.307323

****************************************
Design: dss_v2_group_candidate_store 
****************************************
Reference          Library       Unit Area   Count    Total Area   Attributes
-----------------------------------------------------------------------------
ADDFX1             slow          69.854401       2    139.708801  r
ADDFX2             slow          69.854401       5    349.272003  r
AND2X1             slow          13.305600       6     79.833601  
AND2X2             slow          13.305600      10    133.056002  
AND3X1             slow          16.632000       3     49.896000  
AND3X4             slow          19.958401       2     39.916801  
AND4X2             slow          19.958401      16    319.334412  
AOI2BB1X1          slow          16.632000       2     33.264000  
AOI2BB2X1          slow          23.284800      26    605.404789  
AOI2BB2X2          slow          29.937599     114   3412.886307  
AOI2BB2X4          slow          49.896000      45   2245.319996  
AOI2BB2XL          slow          23.284800       2     46.569599  
AOI21X1            slow          13.305600      18    239.500803  
AOI22X1            slow          16.632000      29    482.327999  
AOI22X2            slow          29.937599       6    179.625595  
AOI22X4            slow          46.569599       1     46.569599  
AOI22XL            slow          16.632000      11    182.952000  
AOI31X1            slow          16.632000      56    931.391998  
AOI221X1           slow          23.284800       1     23.284800  
AOI222X1           slow          26.611200       8    212.889603  
AOI222XL           slow          26.611200       5    133.056002  
BUFX3              slow          13.305600       5     66.528001  
BUFX12             slow          33.264000       1     33.264000  
BUFX16             slow          43.243198       1     43.243198  
CLKINVX3           slow           9.979200       2     19.958401  
CLKINVX4           slow          13.305600       1     13.305600  
CLKINVX8           slow          19.958401      15    299.376011  
DFFHQXL            slow          53.222401      19   1011.225613  n
DFFXL              slow          56.548801      41   2318.500858  n
INVX1              slow           6.652800     132    878.169611  
INVX2              slow           9.979200       1      9.979200  
INVX4              slow          13.305600       1     13.305600  
INVX8              slow          19.958401      36    718.502426  
INVX12             slow          43.243198       4    172.972794  
INVX16             slow          56.548801       1     56.548801  
INVX20             slow          63.201599       5    316.007996  
INVXL              slow           6.652800      10     66.528001  
MXI2X1             slow          23.284800       1     23.284800  
NAND2X1            slow           9.979200       5     49.896002  
NAND2X2            slow          16.632000       2     33.264000  
NAND2X4            slow          23.284800       3     69.854399  
NAND3BX4           slow          36.590401       2     73.180801  
NAND3X1            slow          13.305600      25    332.640004  
NAND3X2            slow          23.284800      47   1094.385580  
NAND3X4            slow          33.264000      10    332.639999  
NAND3XL            slow          13.305600       1     13.305600  
NAND4X1            slow          16.632000       6     99.792000  
NAND4X2            slow          29.937599       1     29.937599  
NOR2X1             slow           9.979200       6     59.875202  
NOR2XL             slow           9.979200       2     19.958401  
NOR3X1             slow          13.305600       6     79.833601  
NOR3XL             slow          13.305600       4     53.222401  
OAI2BB1X1          slow          16.632000       4     66.528000  
OAI21X4            slow          36.590401       1     36.590401  
OAI21XL            slow          13.305600       1     13.305600  
OAI22X1            slow          19.958401       2     39.916801  
OAI211X1           slow          19.958401       1     19.958401  
OAI222X2           slow          49.896000       1     49.896000  
OR2X2              slow          13.305600      70    931.392012  
OR2X4              slow          19.958401       2     39.916801  
OR4X1              slow          19.958401       3     59.875202  
XOR2X1             slow          26.611200      12    319.334404  
XOR2XL             slow          26.611200       8    212.889603  
XOR3X2             slow          59.875198       5    299.375992  
-----------------------------------------------------------------------------
Total 64 references                                 20377.526425

****************************************
Design: dss_v2_group_slot_decode 
****************************************
Reference          Library       Unit Area   Count    Total Area   Attributes
-----------------------------------------------------------------------------
AND2X4             slow          16.632000       2     33.264000  
CLKINVX8           slow          19.958401       1     19.958401  
INVX1              slow           6.652800       1      6.652800  
OAI2BB1X1          slow          16.632000       1     16.632000  
OR2XL              slow          13.305600       1     13.305600  
-----------------------------------------------------------------------------
Total 5 references                                     89.812801

****************************************
Design: recam_dss_g2x2_r_static_selector 
****************************************
Reference          Library       Unit Area   Count    Total Area   Attributes
-----------------------------------------------------------------------------
AND2X1             slow          13.305600       2     26.611200  
AND2X2             slow          13.305600      26    345.945604  
AND3X2             slow          16.632000       7    116.424000  
AND3X4             slow          19.958401       2     39.916801  
AND4X2             slow          19.958401       2     39.916801  
AOI21X1            slow          13.305600       1     13.305600  
AOI22X1            slow          16.632000      16    266.112000  
AOI22XL            slow          16.632000       1     16.632000  
AOI211X2           slow          29.937599       1     29.937599  
AOI211XL           slow          16.632000       2     33.264000  
CLKINVX3           slow           9.979200       1      9.979200  
CLKINVX4           slow          13.305600       1     13.305600  
INVX1              slow           6.652800      10     66.528001  
NAND2BX1           slow          13.305600      14    186.278402  
NAND2BXL           slow          13.305600       1     13.305600  
NAND2X1            slow           9.979200      21    209.563208  
NAND2X4            slow          23.284800       1     23.284800  
NAND2XL            slow           9.979200      18    179.625607  
NAND3BX1           slow          16.632000       6     99.792000  
NAND3BXL           slow          16.632000       1     16.632000  
NAND3X1            slow          13.305600       5     66.528001  
NAND3X2            slow          23.284800       2     46.569599  
NAND3XL            slow          13.305600       1     13.305600  
NAND4BX2           slow          33.264000       1     33.264000  
NAND4BX4           slow          59.875198       1     59.875198  
NAND4BXL           slow          19.958401       5     99.792004  
NAND4X1            slow          16.632000       2     33.264000  
NAND4X2            slow          29.937599       2     59.875198  
NAND4XL            slow          16.632000       3     49.896000  
NOR2BX1            slow          13.305600      10    133.056002  
NOR2BX4            slow          26.611200       1     26.611200  
NOR2X1             slow           9.979200       5     49.896002  
NOR2XL             slow           9.979200       1      9.979200  
NOR3X1             slow          13.305600       3     39.916800  
NOR3X4             slow          33.264000       1     33.264000  
NOR4BX1            slow          19.958401       6    119.750404  
OAI2BB1X1          slow          16.632000      10    166.320000  
OAI2BB1XL          slow          16.632000       6     99.792000  
OAI21XL            slow          13.305600       4     53.222401  
OAI211X1           slow          19.958401       1     19.958401  
OAI211XL           slow          19.958401       1     19.958401  
OR2X2              slow          13.305600       1     13.305600  
OR4X2              slow          19.958401       1     19.958401  
XNOR2X1            slow          26.611200       3     79.833601  
XNOR2X4            slow          56.548801       1     56.548801  
-----------------------------------------------------------------------------
Total 45 references                                  3150.100838

****************************************
Design: recam_shared_config_analyzer_ROW_ADDR_W9_PHYS_COL_ADDR_W13_WORD_COL_ADDR_W5_HYBRID_LINE_ADDR_W13_HYBRID_ENTRIES7 
****************************************
Reference          Library       Unit Area   Count    Total Area   Attributes
-----------------------------------------------------------------------------
AND2X1             slow          13.305600      19    252.806403  
AND2X2             slow          13.305600      46    612.057608  
AND2X4             slow          16.632000      36    598.751999  
AND3X1             slow          16.632000       2     33.264000  
AND3X2             slow          16.632000      22    365.903999  
AND3X4             slow          19.958401      63   1257.379246  
AND4X1             slow          19.958401       3     59.875202  
AND4X2             slow          19.958401      46    918.086433  
AND4X4             slow          36.590401      51   1866.110435  
AOI2BB1X1          slow          16.632000       4     66.528000  
AOI2BB1X2          slow          23.284800       8    186.278397  
AOI2BB1X4          slow          36.590401       4    146.361603  
AOI2BB1XL          slow          16.632000       1     16.632000  
AOI2BB2X1          slow          23.284800      20    465.695992  
AOI2BB2X2          slow          29.937599       1     29.937599  
AOI2BB2X4          slow          49.896000       3    149.688000  
AOI2BB2XL          slow          23.284800       3     69.854399  
AOI21X1            slow          13.305600       3     39.916800  
AOI21X2            slow          23.284800       5    116.423998  
AOI21X4            slow          33.264000       3     99.792000  
AOI21XL            slow          13.305600       2     26.611200  
AOI22X1            slow          16.632000       9    149.688000  
AOI22X2            slow          29.937599       2     59.875198  
AOI31X1            slow          16.632000       5     83.160000  
AOI31X2            slow          29.937599       8    239.500793  
AOI31X4            slow          29.937599       3     89.812798  
AOI31XL            slow          16.632000       2     33.264000  
AOI32X1            slow          23.284800       4     93.139198  
AOI32X2            slow          36.590401       6    219.542404  
AOI32X4            slow          33.264000       4    133.056000  
AOI32XL            slow          23.284800       1     23.284800  
AOI33X1            slow          26.611200       4    106.444801  
AOI33X2            slow          43.243198       2     86.486397  
AOI211X1           slow          16.632000       9    149.688000  
AOI211X2           slow          29.937599      10    299.375992  
AOI221X1           slow          23.284800      11    256.132795  
AOI221X2           slow          39.916801      13    518.918419  
AOI221X4           slow          36.590401       4    146.361603  
AOI221XL           slow          23.284800       2     46.569599  
AOI222X1           slow          26.611200      25    665.280008  
AOI222X2           slow          46.569599       9    419.126392  
AOI222X4           slow          39.916801       1     39.916801  
BUFX1              slow          13.305600      46    612.057608  
BUFX2              slow          13.305600       1     13.305600  
BUFX3              slow          13.305600      78   1037.836813  
BUFX4              slow          16.632000       6     99.792000  
BUFX8              slow          29.937599      41   1227.441566  
BUFX12             slow          33.264000      21    698.543999  
BUFX16             slow          43.243198       8    345.945587  
BUFX20             slow          53.222401      18    958.003212  
CLKBUFX2           slow          13.305600       4     53.222401  
CLKBUFX8           slow          23.284800       1     23.284800  
CLKBUFXL           slow          13.305600       5     66.528001  
CLKINVX1           slow           9.979200      11    109.771204  
CLKINVX2           slow           9.979200      18    179.625607  
CLKINVX3           slow           9.979200     172   1716.422462  
CLKINVX4           slow          13.305600      42    558.835207  
CLKINVX8           slow          19.958401      93   1856.131268  
CLKINVX12          slow          63.201599       2    126.403198  
CLKINVX20          slow          96.465599       3    289.396797  
CLKINVXL           slow           9.979200      31    309.355211  
DLY1X1             slow          19.958401      21    419.126415  
INVX1              slow           6.652800     648   4311.014454  
INVX2              slow           9.979200      58    578.793621  
INVX3              slow          13.305600      18    239.500803  
INVX4              slow          13.305600     140   1862.784023  
INVX8              slow          19.958401     129   2574.633694  
INVX12             slow          43.243198      16    691.891174  
INVX16             slow          56.548801       5    282.744007  
INVX20             slow          63.201599       4    252.806396  
INVXL              slow           6.652800      81    538.876807  
MX2X1              slow          26.611200      76   2022.451225  
MX2X2              slow          29.937599      48   1437.004761  
MX2X4              slow          33.264000      52   1729.727997  
MX2XL              slow          26.611200       2     53.222401  
MXI2X1             slow          23.284800      69   1606.651171  
MXI2X2             slow          26.611200     115   3060.288038  
MXI2X4             slow          46.569599     106   4936.377510  
MXI2XL             slow          23.284800      54   1257.379177  
NAND2BX1           slow          13.305600       2     26.611200  
NAND2BX2           slow          19.958401      10    199.584007  
NAND2BX4           slow          26.611200      25    665.280008  
NAND2BXL           slow          13.305600       1     13.305600  
NAND2X1            slow           9.979200      47    469.022417  
NAND2X2            slow          16.632000      61   1014.551998  
NAND2X4            slow          23.284800     109   2538.043154  
NAND2XL            slow           9.979200      14    139.708805  
NAND3BX1           slow          16.632000       1     16.632000  
NAND3BX2           slow          26.611200       3     79.833601  
NAND3BX4           slow          36.590401      17    622.036812  
NAND3X1            slow          13.305600     144   1916.006424  
NAND3X2            slow          23.284800      49   1140.955179  
NAND3X4            slow          33.264000      76   2528.063995  
NAND3XL            slow          13.305600      34    452.390406  
NAND4BBX2          slow          36.590401       1     36.590401  
NAND4BBX4          slow          63.201599       4    252.806396  
NAND4BX4           slow          59.875198      11    658.627182  
NAND4X1            slow          16.632000      73   1214.135998  
NAND4X2            slow          29.937599      44   1317.254364  
NAND4X4            slow          56.548801      68   3845.318497  
NAND4XL            slow          16.632000      21    349.271999  
NOR2BX1            slow          13.305600       2     26.611200  
NOR2BX2            slow          19.958401       3     59.875202  
NOR2BX4            slow          26.611200       5    133.056002  
NOR2X1             slow           9.979200      47    469.022417  
NOR2X2             slow          16.632000      29    482.327999  
NOR2X4             slow          23.284800      74   1723.075169  
NOR2XL             slow           9.979200      11    109.771204  
NOR3BX1            slow          19.958401       1     19.958401  
NOR3BX4            slow          36.590401       2     73.180801  
NOR3X4             slow          33.264000       8    266.112000  
NOR4BX4            slow          59.875198       2    119.750397  
NOR4X4             slow          56.548801      10    565.488014  
OAI2BB1X1          slow          16.632000      49    814.967999  
OAI2BB1X2          slow          23.284800      20    465.695992  
OAI2BB1X4          slow          33.264000      51   1696.463997  
OAI2BB1XL          slow          16.632000      10    166.320000  
OAI2BB2X2          slow          33.264000       2     66.528000  
OAI2BB2X4          slow          49.896000       3    149.688000  
OAI21X1            slow          16.632000       1     16.632000  
OAI21X2            slow          26.611200       5    133.056002  
OAI21X4            slow          36.590401       7    256.132805  
OAI22X1            slow          19.958401      29    578.793621  
OAI22X2            slow          29.937599       6    179.625595  
OAI22X4            slow          46.569599      16    745.113586  
OAI22XL            slow          19.958401       2     39.916801  
OAI31X1            slow          19.958401       1     19.958401  
OAI31X2            slow          29.937599      10    299.375992  
OAI31X4            slow          29.937599       3     89.812798  
OAI32X2            slow          36.590401       1     36.590401  
OAI32X4            slow          33.264000       7    232.848000  
OAI33X2            slow          43.243198       3    129.729595  
OAI211X1           slow          19.958401       8    159.667206  
OAI211X2           slow          33.264000      21    698.543999  
OAI211X4           slow          29.937599      18    538.876785  
OAI211XL           slow          19.958401       1     19.958401  
OAI221X2           slow          43.243198       2     86.486397  
OAI221X4           slow          36.590401       1     36.590401  
OAI221XL           slow          23.284800       4     93.139198  
OAI222X1           slow          29.937599       1     29.937599  
OAI222X2           slow          49.896000       4    199.584000  
OAI222XL           slow          26.611200       1     26.611200  
OR2X1              slow          13.305600      11    146.361602  
OR2X2              slow          13.305600     322   4284.403254  
OR2X4              slow          19.958401     227   4530.556965  
OR2XL              slow          13.305600      61    811.641610  
OR3X2              slow          19.958401       1     19.958401  
OR3X4              slow          29.937599       3     89.812798  
OR3XL              slow          16.632000       5     83.160000  
OR4X2              slow          19.958401      35    698.544025  
OR4X4              slow          36.590401      17    622.036812  
OR4XL              slow          19.958401       2     39.916801  
XNOR2X1            slow          26.611200      20    532.224007  
XNOR2X2            slow          36.590401      12    439.084808  
XNOR2X4            slow          56.548801      22   1244.073631  
XNOR2XL            slow          26.611200       1     26.611200  
XNOR3X2            slow          59.875198       1     59.875198  
XOR2X1             slow          26.611200     476  12666.931358  
XOR2X2             slow          33.264000     200   6652.799988  
XOR2X4             slow          56.548801     186  10518.077065  
XOR2XL             slow          26.611200      93   2474.841631  
-----------------------------------------------------------------------------
Total 161 references                                126865.570697
1
