 
****************************************
Report : area
Design : recam_dss_l1x4_r_static_early_live_state_top
Version: W-2024.09-SP2
Date   : Tue Sep 29 16:57:49 2026
****************************************

Library(s) Used:

    slow (File: /cad/std_libraries/CBDK_TSMC018_Arm_f1.0/CIC/SynopsysDC/db/slow.db)

Number of ports:                          883
Number of nets:                          7233
Number of cells:                         6454
Number of combinational cells:           6435
Number of sequential cells:                14
Number of macros/black boxes:               0
Number of buf/inv:                       2150
Number of references:                       7

Combinational area:             157857.639669
Buf/Inv area:                    36048.197361
Noncombinational area:             834.926422
Macro/Black Box area:                0.000000
Net Interconnect area:          653009.940521

Total cell area:                158692.566091
Total area:                     811702.506612

Hierarchical area distribution
------------------------------

                                  Global cell area             Local cell area
                                  --------------------  ------------------------------ 
Hierarchical cell                 Absolute     Percent  Combi-       Noncombi-  Black-
                                  Total        Total    national     national   boxes   Design
--------------------------------  -----------  -------  -----------  ---------  ------  ----------------------------------------------------------------------------------------------------------------
recam_dss_l1x4_r_static_early_live_state_top
                                  158692.5661    100.0     216.2160     0.0000  0.0000  recam_dss_l1x4_r_static_early_live_state_top
analyzer                          146890.4988     92.6  146890.4988     0.0000  0.0000  recam_shared_config_analyzer_ROW_ADDR_W9_PHYS_COL_ADDR_W13_WORD_COL_ADDR_W5_HYBRID_LINE_ADDR_W13_HYBRID_ENTRIES7
core                                3170.0592      2.0    2335.1328   834.9264  0.0000  recam_dss_l1x4_r_static_early_live_state_core
selected_address_mux                8415.7921      5.3    8415.7921     0.0000  0.0000  dss_early_selected_address_mux_ROW_ADDR_W9_PHYS_COL_ADDR_W13
--------------------------------  -----------  -------  -----------  ---------  ------  ----------------------------------------------------------------------------------------------------------------
Total                                                   157857.6397   834.9264  0.0000

1
