 
****************************************
Report : cell
Design : recam_dss_l1x4_r_static_early_live_state_top
Version: W-2024.09-SP2
Date   : Tue Sep 29 16:57:50 2026
****************************************

Attributes:
    b - black box (unknown)
    h - hierarchical
    n - noncombinational
    p - parameterized
    r - removable
    u - contains unmapped logic

Cell                      Reference       Library             Area  Attributes
--------------------------------------------------------------------------------
U2                        DLY1X1          slow            19.958401 
U3                        BUFX20          slow            53.222401 
U4                        BUFX1           slow            13.305600 
U5                        BUFX1           slow            13.305600 
U6                        DLY1X1          slow            19.958401 
U7                        DLY1X1          slow            19.958401 
U8                        DLY1X1          slow            19.958401 
U9                        DLY1X1          slow            19.958401 
U10                       DLY1X1          slow            19.958401 
U11                       AND2X4          slow            16.632000 
analyzer                  recam_shared_config_analyzer_ROW_ADDR_W9_PHYS_COL_ADDR_W13_WORD_COL_ADDR_W5_HYBRID_LINE_ADDR_W13_HYBRID_ENTRIES7
                                                          146890.498794
                                                                    h, p
core                      recam_dss_l1x4_r_static_early_live_state_core
                                                          3170.059231
                                                                    h, n
selected_address_mux      dss_early_selected_address_mux_ROW_ADDR_W9_PHYS_COL_ADDR_W13
                                                          8415.792061
                                                                    h, p
--------------------------------------------------------------------------------
Total 13 cells                                            158692.566091
1
