 
****************************************
Report : constraint
        -all_violators
Design : recam_dss_l1x4_r_static_early_live_state_top
Version: W-2024.09-SP2
Date   : Tue Sep 29 16:57:50 2026
****************************************


   max_delay/setup ('recam_clk' group)

                             Required        Actual
   Endpoint                 Path Delay     Path Delay        Slack
   -----------------------------------------------------------------
   solution_line_address_flat_o[9]
                               10.00          13.65 r        -3.65  (VIOLATED)
   solution_line_address_flat_o[10]
                               10.00          13.65 r        -3.65  (VIOLATED)
   solution_line_address_flat_o[11]
                               10.00          13.65 r        -3.65  (VIOLATED)
   solution_line_address_flat_o[12]
                               10.00          13.65 r        -3.65  (VIOLATED)
   solution_line_address_flat_o[41]
                               10.00          13.65 f        -3.65  (VIOLATED)
   solution_line_address_flat_o[39]
                               10.00          13.65 f        -3.65  (VIOLATED)
   solution_line_address_flat_o[40]
                               10.00          13.65 f        -3.65  (VIOLATED)
   solution_line_address_flat_o[42]
                               10.00          13.65 f        -3.65  (VIOLATED)
   solution_line_address_flat_o[43]
                               10.00          13.65 f        -3.65  (VIOLATED)
   solution_line_address_flat_o[44]
                               10.00          13.65 f        -3.65  (VIOLATED)
   solution_line_address_flat_o[45]
                               10.00          13.65 f        -3.65  (VIOLATED)
   solution_line_address_flat_o[46]
                               10.00          13.65 f        -3.65  (VIOLATED)
   solution_line_address_flat_o[47]
                               10.00          13.65 f        -3.65  (VIOLATED)
   solution_line_address_flat_o[14]
                               10.00          13.64 r        -3.64  (VIOLATED)
   solution_line_address_flat_o[17]
                               10.00          13.64 r        -3.64  (VIOLATED)
   solution_line_is_row_o[2]
                               10.00          13.64 r        -3.64  (VIOLATED)
   solution_line_address_flat_o[16]
                               10.00          13.64 r        -3.64  (VIOLATED)
   solution_line_address_flat_o[20]
                               10.00          13.64 r        -3.64  (VIOLATED)
   solution_line_address_flat_o[21]
                               10.00          13.64 r        -3.64  (VIOLATED)
   solution_line_address_flat_o[13]
                               10.00          13.64 r        -3.64  (VIOLATED)
   solution_line_address_flat_o[15]
                               10.00          13.64 r        -3.64  (VIOLATED)
   solution_line_address_flat_o[0]
                               10.00          13.64 f        -3.64  (VIOLATED)
   solution_line_address_flat_o[1]
                               10.00          13.64 f        -3.64  (VIOLATED)
   solution_line_address_flat_o[2]
                               10.00          13.64 f        -3.64  (VIOLATED)
   solution_line_address_flat_o[3]
                               10.00          13.64 f        -3.64  (VIOLATED)
   solution_line_address_flat_o[4]
                               10.00          13.64 f        -3.64  (VIOLATED)
   solution_line_address_flat_o[5]
                               10.00          13.64 f        -3.64  (VIOLATED)
   solution_line_address_flat_o[7]
                               10.00          13.64 f        -3.64  (VIOLATED)
   solution_line_address_flat_o[8]
                               10.00          13.64 f        -3.64  (VIOLATED)
   solution_line_address_flat_o[35]
                               10.00          13.64 r        -3.64  (VIOLATED)
   solution_line_address_flat_o[36]
                               10.00          13.64 r        -3.64  (VIOLATED)
   solution_line_address_flat_o[37]
                               10.00          13.64 r        -3.64  (VIOLATED)
   solution_line_address_flat_o[38]
                               10.00          13.64 r        -3.64  (VIOLATED)
   solution_line_address_flat_o[27]
                               10.00          13.64 r        -3.64  (VIOLATED)
   solution_line_address_flat_o[29]
                               10.00          13.64 r        -3.64  (VIOLATED)
   solution_line_address_flat_o[34]
                               10.00          13.64 r        -3.64  (VIOLATED)
   solution_line_address_flat_o[26]
                               10.00          13.64 r        -3.64  (VIOLATED)
   solution_line_address_flat_o[28]
                               10.00          13.64 r        -3.64  (VIOLATED)
   solution_line_address_flat_o[31]
                               10.00          13.64 r        -3.64  (VIOLATED)
   solution_line_address_flat_o[32]
                               10.00          13.64 f        -3.64  (VIOLATED)
   solution_line_address_flat_o[33]
                               10.00          13.64 f        -3.64  (VIOLATED)
   solution_line_address_flat_o[30]
                               10.00          13.64 f        -3.64  (VIOLATED)
   solution_line_address_flat_o[53]
                               10.00          13.63 f        -3.63  (VIOLATED)
   solution_line_address_flat_o[54]
                               10.00          13.63 f        -3.63  (VIOLATED)
   solution_line_address_flat_o[6]
                               10.00          13.63 r        -3.63  (VIOLATED)
   solution_line_address_flat_o[18]
                               10.00          13.63 r        -3.63  (VIOLATED)
   solution_line_address_flat_o[19]
                               10.00          13.63 r        -3.63  (VIOLATED)
   solution_line_address_flat_o[52]
                               10.00          13.63 r        -3.63  (VIOLATED)
   solution_line_address_flat_o[22]
                               10.00          13.62 r        -3.62  (VIOLATED)
   solution_line_address_flat_o[23]
                               10.00          13.62 r        -3.62  (VIOLATED)
   solution_line_address_flat_o[48]
                               10.00          13.62 r        -3.62  (VIOLATED)
   solution_line_address_flat_o[49]
                               10.00          13.62 r        -3.62  (VIOLATED)
   solution_line_address_flat_o[50]
                               10.00          13.62 r        -3.62  (VIOLATED)
   solution_line_address_flat_o[51]
                               10.00          13.62 r        -3.62  (VIOLATED)
   solution_line_address_flat_o[61]
                               10.00          13.61 r        -3.61  (VIOLATED)
   solution_line_address_flat_o[55]
                               10.00          13.61 r        -3.61  (VIOLATED)
   solution_line_address_flat_o[56]
                               10.00          13.61 r        -3.61  (VIOLATED)
   solution_line_address_flat_o[57]
                               10.00          13.61 r        -3.61  (VIOLATED)
   solution_line_address_flat_o[58]
                               10.00          13.61 r        -3.61  (VIOLATED)
   solution_line_address_flat_o[59]
                               10.00          13.61 r        -3.61  (VIOLATED)
   solution_line_address_flat_o[60]
                               10.00          13.61 r        -3.61  (VIOLATED)
   solution_line_address_flat_o[24]
                               10.00          13.61 r        -3.61  (VIOLATED)
   solution_line_address_flat_o[25]
                               10.00          13.61 r        -3.61  (VIOLATED)
   solution_line_is_row_o[3]
                               10.00          13.52 r        -3.52  (VIOLATED)
   solution_line_is_row_o[4]
                               10.00          13.50 f        -3.50  (VIOLATED)
   solution_line_address_flat_o[62]
                               10.00          13.50 r        -3.50  (VIOLATED)
   solution_line_address_flat_o[63]
                               10.00          13.50 r        -3.50  (VIOLATED)
   solution_line_address_flat_o[64]
                               10.00          13.50 r        -3.50  (VIOLATED)
   solution_line_is_row_o[0]
                               10.00          13.47 r        -3.47  (VIOLATED)
   solution_line_is_row_o[1]
                               10.00          13.44 f        -3.44  (VIOLATED)
   core/done_o_reg/D            9.74          13.17 f        -3.43  (VIOLATED)
   core/b_released_q_reg/D      9.81          13.21 f        -3.40  (VIOLATED)
   core/state_q_reg[0]/D        9.88          13.26 r        -3.38  (VIOLATED)
   core/state_q_reg[1]/D        9.83          13.19 f        -3.36  (VIOLATED)
   core/active_sa_q_reg[1]/D
                                9.79          13.14 f        -3.35  (VIOLATED)
   core/active_sa_q_reg[0]/D
                                9.71          13.06 f        -3.35  (VIOLATED)
   core/failure_position_o_reg[0]/D
                                9.82          13.15 f        -3.33  (VIOLATED)
   core/test_done_seen_q_reg/D
                                9.73          13.04 f        -3.31  (VIOLATED)
   core/failure_position_o_reg[1]/D
                                9.82          13.10 f        -3.28  (VIOLATED)
   core/priority_rank_q_reg[0]/D
                                9.74          12.93 f        -3.20  (VIOLATED)
   core/a_released_q_reg/D      9.81          12.98 f        -3.17  (VIOLATED)
   core/priority_rank_q_reg[1]/D
                                9.85          13.01 r        -3.16  (VIOLATED)
   core/c_released_q_reg/D      9.81          12.97 f        -3.16  (VIOLATED)
   core/group_repairable_o_reg/D
                                9.89          13.00 r        -3.11  (VIOLATED)
   solution_commit_valid_o     10.00          12.76 r        -2.76  (VIOLATED)
   solution_pattern_o[3]       10.00          12.65 r        -2.65  (VIOLATED)
   solution_pattern_o[0]       10.00          12.62 r        -2.62  (VIOLATED)
   solution_pattern_o[2]       10.00          12.59 r        -2.59  (VIOLATED)
   solution_pattern_o[1]       10.00          12.53 r        -2.53  (VIOLATED)


1
