 
****************************************
Report : qor
Design : recam_dss_l1x4_r_static_early_live_state_top
Version: W-2024.09-SP2
Date   : Tue Sep 29 16:57:50 2026
****************************************


  Timing Path Group 'recam_clk'
  -----------------------------------
  Levels of Logic:              71.00
  Critical Path Length:         13.65
  Critical Path Slack:          -3.65
  Critical Path Clk Period:     10.00
  Total Negative Slack:       -312.54
  No. of Violating Paths:       89.00
  Worst Hold Violation:          0.00
  Total Hold Violation:          0.00
  No. of Hold Violations:        0.00
  -----------------------------------


  Cell Count
  -----------------------------------
  Hierarchical Cell Count:          3
  Hierarchical Port Count:        506
  Leaf Cell Count:               6449
  Buf/Inv Cell Count:            2150
  Buf Cell Count:                 392
  Inv Cell Count:                1758
  CT Buf/Inv Cell Count:            0
  Combinational Cell Count:      6435
  Sequential Cell Count:           14
  Macro Count:                      0
  -----------------------------------


  Area
  -----------------------------------
  Combinational Area:   157857.639669
  Noncombinational Area:   834.926422
  Buf/Inv Area:          36048.197361
  Total Buffer Area:         11309.76
  Total Inverter Area:       24738.44
  Macro/Black Box Area:      0.000000
  Net Area:             653009.940521
  -----------------------------------
  Cell Area:            158692.566091
  Design Area:          811702.506612


  Design Rules
  -----------------------------------
  Total Number of Nets:          6741
  Nets With Violations:             0
  Max Trans Violations:             0
  Max Cap Violations:               0
  -----------------------------------


  Hostname: Kaohsiung

  Compile CPU Statistics
  -----------------------------------------
  Resource Sharing:                    2.71
  Logic Optimization:                325.69
  Mapping Optimization:               98.42
  -----------------------------------------
  Overall Compile Time:              433.00
  Overall Compile Wall Clock Time:   433.86

  --------------------------------------------------------------------

  Design  WNS: 3.65  TNS: 312.54  Number of Violating Paths: 89


  Design (Hold)  WNS: 0.00  TNS: 0.00  Number of Violating Paths: 0

  --------------------------------------------------------------------


1
