 
****************************************
Report : reference
Design : recam_dss_l1x4_r_static_early_live_state_top
Version: W-2024.09-SP2
Date   : Tue Sep 29 16:57:49 2026
****************************************

Attributes:
    b - black box (unknown)
   bo - allows boundary optimization
    d - dont_touch
   mo - map_only
    h - hierarchical
    n - noncombinational
    r - removable
    s - synthetic operator
    u - contains unmapped logic

Reference          Library       Unit Area   Count    Total Area   Attributes
-----------------------------------------------------------------------------
AND2X4             slow          16.632000       1     16.632000  
BUFX1              slow          13.305600       2     26.611200  
BUFX20             slow          53.222401       1     53.222401  
DLY1X1             slow          19.958401       6    119.750404  
dss_early_selected_address_mux_ROW_ADDR_W9_PHYS_COL_ADDR_W13
                               8415.792061       1   8415.792061  h
recam_dss_l1x4_r_static_early_live_state_core
                               3170.059231       1   3170.059231  h, n
recam_shared_config_analyzer_ROW_ADDR_W9_PHYS_COL_ADDR_W13_WORD_COL_ADDR_W5_HYBRID_LINE_ADDR_W13_HYBRID_ENTRIES7
                              146890.498794
                                                 1  146890.498794 h
-----------------------------------------------------------------------------
Total 7 references                                  158692.566091

****************************************
Design: dss_early_selected_address_mux_ROW_ADDR_W9_PHYS_COL_ADDR_W13 
****************************************
Reference          Library       Unit Area   Count    Total Area   Attributes
-----------------------------------------------------------------------------
AND2X1             slow          13.305600       1     13.305600  
AND2X2             slow          13.305600       9    119.750401  
AND2X4             slow          16.632000      13    216.216000  
AND3X2             slow          16.632000       3     49.896000  
AND3X4             slow          19.958401      14    279.417610  
AND4X4             slow          36.590401       1     36.590401  
AOI2BB1X2          slow          23.284800       1     23.284800  
AOI2BB1X4          slow          36.590401       1     36.590401  
AOI21X4            slow          33.264000       3     99.792000  
AOI22X2            slow          29.937599       9    269.438393  
AOI22X4            slow          46.569599       8    372.556793  
AOI31X2            slow          29.937599       4    119.750397  
AOI32X2            slow          36.590401       2     73.180801  
AOI33X4            slow          36.590401       9    329.313606  
AOI222X2           slow          46.569599       1     46.569599  
BUFX3              slow          13.305600       9    119.750401  
BUFX4              slow          16.632000       1     16.632000  
BUFX8              slow          29.937599       4    119.750397  
BUFX12             slow          33.264000       6    199.584000  
BUFX16             slow          43.243198       2     86.486397  
BUFX20             slow          53.222401       6    319.334404  
CLKBUFX4           slow          16.632000       1     16.632000  
CLKBUFX8           slow          23.284800       1     23.284800  
CLKINVX2           slow           9.979200       1      9.979200  
CLKINVX3           slow           9.979200       6     59.875202  
CLKINVX4           slow          13.305600       2     26.611200  
CLKINVX8           slow          19.958401      15    299.376011  
CLKINVX20          slow          96.465599       1     96.465599  
CLKINVXL           slow           9.979200       2     19.958401  
INVX1              slow           6.652800      11     73.180801  
INVX2              slow           9.979200       2     19.958401  
INVX3              slow          13.305600       1     13.305600  
INVX4              slow          13.305600      13    172.972802  
INVX8              slow          19.958401      38    758.419228  
INVX12             slow          43.243198       1     43.243198  
INVX16             slow          56.548801       2    113.097603  
INVXL              slow           6.652800       1      6.652800  
MXI2XL             slow          23.284800       1     23.284800  
NAND2BX1           slow          13.305600       1     13.305600  
NAND2BX2           slow          19.958401       1     19.958401  
NAND2BX4           slow          26.611200       5    133.056002  
NAND2X1            slow           9.979200       5     49.896002  
NAND2X2            slow          16.632000       7    116.424000  
NAND2X4            slow          23.284800       9    209.563196  
NAND2XL            slow           9.979200       3     29.937601  
NAND3BX2           slow          26.611200       1     26.611200  
NAND3BX4           slow          36.590401       4    146.361603  
NAND3X1            slow          13.305600       8    106.444801  
NAND3X2            slow          23.284800       3     69.854399  
NAND3X4            slow          33.264000       7    232.848000  
NAND3XL            slow          13.305600       1     13.305600  
NAND4BX4           slow          59.875198       1     59.875198  
NAND4X1            slow          16.632000       2     33.264000  
NAND4X2            slow          29.937599       2     59.875198  
NAND4X4            slow          56.548801       4    226.195206  
NOR2X1             slow           9.979200       1      9.979200  
NOR2X2             slow          16.632000       1     16.632000  
NOR2X4             slow          23.284800       5    116.423998  
NOR3X2             slow          23.284800       1     23.284800  
NOR3X4             slow          33.264000       3     99.792000  
OAI2BB1X1          slow          16.632000       2     33.264000  
OAI2BB1X4          slow          33.264000      23    765.071999  
OAI2BB2X2          slow          33.264000       1     33.264000  
OAI2BB2X4          slow          49.896000       2     99.792000  
OAI21X4            slow          36.590401       2     73.180801  
OAI22X4            slow          46.569599       1     46.569599  
OAI31X2            slow          29.937599       1     29.937599  
OAI32X2            slow          36.590401       1     36.590401  
OAI211X1           slow          19.958401       1     19.958401  
OAI211X2           slow          33.264000       4    133.056000  
OAI221X2           slow          43.243198       1     43.243198  
OR2X2              slow          13.305600       9    119.750401  
OR2X4              slow          19.958401      15    299.376011  
OR2XL              slow          13.305600       2     26.611200  
OR3X4              slow          29.937599       1     29.937599  
XOR2X2             slow          33.264000       1     33.264000  
XOR2X4             slow          56.548801       1     56.548801  
-----------------------------------------------------------------------------
Total 77 references                                  8415.792061

****************************************
Design: recam_dss_l1x4_r_static_early_live_state_core 
****************************************
Reference          Library       Unit Area   Count    Total Area   Attributes
-----------------------------------------------------------------------------
AND2X2             slow          13.305600       4     53.222401  
AND3X2             slow          16.632000       1     16.632000  
AOI2BB1X2          slow          23.284800       1     23.284800  
AOI2BB1X4          slow          36.590401       3    109.771202  
AOI2BB2X2          slow          29.937599       2     59.875198  
AOI21X4            slow          33.264000       1     33.264000  
AOI31X1            slow          16.632000       1     16.632000  
AOI31X2            slow          29.937599       2     59.875198  
AOI211X2           slow          29.937599       1     29.937599  
AOI222X1           slow          26.611200       1     26.611200  
BUFX3              slow          13.305600       3     39.916800  
BUFX12             slow          33.264000       1     33.264000  
CLKINVX3           slow           9.979200       1      9.979200  
CLKINVX4           slow          13.305600       2     26.611200  
DFFHQXL            slow          53.222401       3    159.667202  n
DFFX4              slow          83.160004       2    166.320007  n
DFFXL              slow          56.548801       9    508.939213  n
DLY1X1             slow          19.958401       1     19.958401  
INVX1              slow           6.652800      20    133.056002  
INVX2              slow           9.979200       2     19.958401  
INVX4              slow          13.305600       4     53.222401  
INVX8              slow          19.958401       3     59.875202  
INVX20             slow          63.201599       1     63.201599  
INVXL              slow           6.652800       1      6.652800  
MXI2X2             slow          26.611200       4    106.444801  
MXI2X4             slow          46.569599       5    232.847996  
NAND2BX4           slow          26.611200       1     26.611200  
NAND2X2            slow          16.632000       1     16.632000  
NAND2X4            slow          23.284800       2     46.569599  
NAND3X1            slow          13.305600       3     39.916800  
NAND3X4            slow          33.264000       1     33.264000  
NAND4X1            slow          16.632000       1     16.632000  
NAND4X4            slow          56.548801       1     56.548801  
NOR2X1             slow           9.979200       1      9.979200  
NOR2X4             slow          23.284800       3     69.854399  
OAI2BB1X1          slow          16.632000       1     16.632000  
OAI2BB1X4          slow          33.264000       1     33.264000  
OAI21XL            slow          13.305600       1     13.305600  
OAI22X1            slow          19.958401       1     19.958401  
OAI22X2            slow          29.937599       2     59.875198  
OAI31X2            slow          29.937599       1     29.937599  
OAI32X1            slow          23.284800       1     23.284800  
OAI221X1           slow          26.611200       1     26.611200  
OAI221X2           slow          43.243198       1     43.243198  
OR2X2              slow          13.305600      16    212.889603  
OR2X4              slow          19.958401       8    159.667206  
OR2XL              slow          13.305600       3     39.916800  
XOR2X1             slow          26.611200       4    106.444801  
-----------------------------------------------------------------------------
Total 48 references                                  3170.059231

****************************************
Design: recam_shared_config_analyzer_ROW_ADDR_W9_PHYS_COL_ADDR_W13_WORD_COL_ADDR_W5_HYBRID_LINE_ADDR_W13_HYBRID_ENTRIES7 
****************************************
Reference          Library       Unit Area   Count    Total Area   Attributes
-----------------------------------------------------------------------------
AND2X1             slow          13.305600      21    279.417603  
AND2X2             slow          13.305600      41    545.529607  
AND2X4             slow          16.632000      65   1081.079998  
AND3X1             slow          16.632000       9    149.688000  
AND3X2             slow          16.632000       7    116.424000  
AND3X4             slow          19.958401      98   1955.923271  
AND4X1             slow          19.958401       4     79.833603  
AND4X2             slow          19.958401      36    718.502426  
AND4X4             slow          36.590401      92   3366.316864  
AOI2BB1X1          slow          16.632000       9    149.688000  
AOI2BB1X2          slow          23.284800      12    279.417595  
AOI2BB1X4          slow          36.590401       9    329.313606  
AOI2BB1XL          slow          16.632000       2     33.264000  
AOI2BB2X1          slow          23.284800      20    465.695992  
AOI2BB2X2          slow          29.937599      15    449.063988  
AOI2BB2X4          slow          49.896000      19    948.023998  
AOI2BB2XL          slow          23.284800       2     46.569599  
AOI21X1            slow          13.305600       2     26.611200  
AOI21X2            slow          23.284800       1     23.284800  
AOI21X4            slow          33.264000       6    199.584000  
AOI21XL            slow          13.305600       1     13.305600  
AOI22X1            slow          16.632000      10    166.320000  
AOI22X2            slow          29.937599       2     59.875198  
AOI22X4            slow          46.569599       3    139.708797  
AOI22XL            slow          16.632000       4     66.528000  
AOI31X1            slow          16.632000       5     83.160000  
AOI31X2            slow          29.937599      15    449.063988  
AOI31X4            slow          29.937599       6    179.625595  
AOI31XL            slow          16.632000       1     16.632000  
AOI32X2            slow          36.590401       7    256.132805  
AOI32X4            slow          33.264000       1     33.264000  
AOI33X1            slow          26.611200       1     26.611200  
AOI33X2            slow          43.243198       2     86.486397  
AOI33X4            slow          36.590401       4    146.361603  
AOI211X1           slow          16.632000       1     16.632000  
AOI211X2           slow          29.937599      16    479.001587  
AOI211X4           slow          33.264000       3     99.792000  
AOI221X1           slow          23.284800       2     46.569599  
AOI221X2           slow          39.916801      11    439.084816  
AOI221X4           slow          36.590401       6    219.542404  
AOI222X1           slow          26.611200      15    399.168005  
AOI222X2           slow          46.569599       9    419.126392  
AOI222X4           slow          39.916801       2     79.833603  
BUFX1              slow          13.305600      19    252.806403  
BUFX2              slow          13.305600       4     53.222401  
BUFX3              slow          13.305600      41    545.529607  
BUFX4              slow          16.632000      16    266.112000  
BUFX8              slow          29.937599      62   1856.131149  
BUFX12             slow          33.264000      34   1130.975998  
BUFX16             slow          43.243198      19    821.620770  
BUFX20             slow          53.222401      66   3512.678444  
CLKBUFX1           slow          13.305600       3     39.916800  
CLKBUFX2           slow          13.305600       6     79.833601  
CLKBUFX3           slow          13.305600       1     13.305600  
CLKBUFX4           slow          16.632000       5     83.160000  
CLKBUFX8           slow          23.284800      11    256.132795  
CLKBUFXL           slow          13.305600       2     26.611200  
CLKINVX1           slow           9.979200       9     89.812803  
CLKINVX2           slow           9.979200      41    409.147215  
CLKINVX3           slow           9.979200     249   2484.820890  
CLKINVX4           slow          13.305600      73    971.308812  
CLKINVX8           slow          19.958401     131   2614.550495  
CLKINVX12          slow          63.201599       1     63.201599  
CLKINVX20          slow          96.465599      21   2025.777580  
CLKINVXL           slow           9.979200      58    578.793621  
DLY1X1             slow          19.958401      59   1177.545643  
INVX1              slow           6.652800     311   2069.020826  
INVX2              slow           9.979200     145   1446.984053  
INVX3              slow          13.305600      52    691.891209  
INVX4              slow          13.305600     169   2248.646428  
INVX8              slow          19.958401     231   4610.390568  
INVX12             slow          43.243198      15    648.647976  
INVX16             slow          56.548801      11    622.036816  
INVX20             slow          63.201599       6    379.209595  
INVXL              slow           6.652800     105    698.544009  
MX2X1              slow          26.611200      23    612.057608  
MX2X2              slow          29.937599      40   1197.503967  
MX2X4              slow          33.264000     144   4790.015991  
MX2XL              slow          26.611200       5    133.056002  
MXI2X1             slow          23.284800      32    745.113586  
MXI2X2             slow          26.611200     113   3007.065638  
MXI2X4             slow          46.569599     140   6519.743881  
MXI2XL             slow          23.284800      34    791.683186  
NAND2BX1           slow          13.305600       4     53.222401  
NAND2BX2           slow          19.958401      20    399.168015  
NAND2BX4           slow          26.611200      50   1330.560017  
NAND2BXL           slow          13.305600       4     53.222401  
NAND2X1            slow           9.979200      20    199.584007  
NAND2X2            slow          16.632000      50    831.599998  
NAND2X4            slow          23.284800     115   2677.751951  
NAND2XL            slow           9.979200       6     59.875202  
NAND3BX1           slow          16.632000       4     66.528000  
NAND3BX2           slow          26.611200       4    106.444801  
NAND3BX4           slow          36.590401      11    402.494408  
NAND3X1            slow          13.305600     122   1623.283220  
NAND3X2            slow          23.284800      45   1047.815981  
NAND3X4            slow          33.264000      96   3193.343994  
NAND3XL            slow          13.305600      33    439.084805  
NAND4BBX2          slow          36.590401       4    146.361603  
NAND4BBX4          slow          63.201599      10    632.015991  
NAND4BX2           slow          33.264000       2     66.528000  
NAND4BX4           slow          59.875198      32   1916.006348  
NAND4BXL           slow          19.958401       1     19.958401  
NAND4X1            slow          16.632000      74   1230.767998  
NAND4X2            slow          29.937599      28    838.252777  
NAND4X4            slow          56.548801      76   4297.708908  
NAND4XL            slow          16.632000      23    382.535999  
NOR2BX1            slow          13.305600       3     39.916800  
NOR2BX4            slow          26.611200       6    159.667202  
NOR2BXL            slow          13.305600       1     13.305600  
NOR2X1             slow           9.979200      16    159.667206  
NOR2X2             slow          16.632000      21    349.271999  
NOR2X4             slow          23.284800      84   1955.923164  
NOR2XL             slow           9.979200      11    109.771204  
NOR3BX2            slow          26.611200       2     53.222401  
NOR3BX4            slow          36.590401       2     73.180801  
NOR3BXL            slow          19.958401       1     19.958401  
NOR3X1             slow          13.305600       2     26.611200  
NOR3X2             slow          23.284800       1     23.284800  
NOR3X4             slow          33.264000      11    365.903999  
NOR4BX4            slow          59.875198       1     59.875198  
NOR4X2             slow          29.937599       1     29.937599  
NOR4X4             slow          56.548801       8    452.390411  
OAI2BB1X1          slow          16.632000      18    299.375999  
OAI2BB1X2          slow          23.284800      38    884.822384  
OAI2BB1X4          slow          33.264000      55   1829.519997  
OAI2BB1XL          slow          16.632000       5     83.160000  
OAI2BB2X1          slow          23.284800       3     69.854399  
OAI2BB2X2          slow          33.264000       5    166.320000  
OAI2BB2X4          slow          49.896000       8    399.167999  
OAI2BB2XL          slow          23.284800       1     23.284800  
OAI21X1            slow          16.632000       1     16.632000  
OAI21X2            slow          26.611200       1     26.611200  
OAI21X4            slow          36.590401      11    402.494408  
OAI21XL            slow          13.305600       1     13.305600  
OAI22X1            slow          19.958401       7    139.708805  
OAI22X2            slow          29.937599      15    449.063988  
OAI22X4            slow          46.569599       7    325.987194  
OAI22XL            slow          19.958401      22    439.084816  
OAI31X1            slow          19.958401       1     19.958401  
OAI31X2            slow          29.937599      10    299.375992  
OAI31X4            slow          29.937599       2     59.875198  
OAI32X1            slow          23.284800       3     69.854399  
OAI32X2            slow          36.590401       7    256.132805  
OAI32X4            slow          33.264000       8    266.112000  
OAI33X2            slow          43.243198       2     86.486397  
OAI211X2           slow          33.264000      28    931.391998  
OAI211X4           slow          29.937599      22    658.627182  
OAI211XL           slow          19.958401       3     59.875202  
OAI221X2           slow          43.243198       3    129.729595  
OAI221XL           slow          23.284800       3     69.854399  
OAI222X1           slow          29.937599       3     89.812798  
OAI222X2           slow          49.896000       6    299.375999  
OAI222X4           slow          39.916801       2     79.833603  
OR2X1              slow          13.305600      27    359.251204  
OR2X2              slow          13.305600     256   3406.233643  
OR2X4              slow          19.958401     193   3851.971340  
OR2XL              slow          13.305600      31    412.473605  
OR3X1              slow          19.958401       1     19.958401  
OR3X2              slow          19.958401       1     19.958401  
OR3X4              slow          29.937599       5    149.687996  
OR4X1              slow          19.958401       3     59.875202  
OR4X2              slow          19.958401      25    498.960018  
OR4X4              slow          36.590401      15    548.856010  
XNOR2X1            slow          26.611200      11    292.723204  
XNOR2X2            slow          36.590401      16    585.446411  
XNOR2X4            slow          56.548801      48   2714.342468  
XNOR2XL            slow          26.611200       2     53.222401  
XOR2X1             slow          26.611200     202   5375.462467  
XOR2X2             slow          33.264000     337  11209.967979  
XOR2X4             slow          56.548801     228  12893.126724  
XOR2XL             slow          26.611200     145   3858.624048  
-----------------------------------------------------------------------------
Total 172 references                                146890.498794
1
