 
****************************************
Report : qor
Design : recam_dss_v2_group_top
Version: W-2024.09-SP2
Date   : Fri Sep 11 14:53:00 2026
****************************************


  Timing Path Group 'recam_clk'
  -----------------------------------
  Levels of Logic:              93.00
  Critical Path Length:         19.74
  Critical Path Slack:           0.00
  Critical Path Clk Period:     20.00
  Total Negative Slack:          0.00
  No. of Violating Paths:        0.00
  Worst Hold Violation:          0.00
  Total Hold Violation:          0.00
  No. of Hold Violations:        0.00
  -----------------------------------


  Cell Count
  -----------------------------------
  Hierarchical Cell Count:          9
  Hierarchical Port Count:        722
  Leaf Cell Count:               5319
  Buf/Inv Cell Count:            1606
  Buf Cell Count:                 138
  Inv Cell Count:                1468
  CT Buf/Inv Cell Count:            0
  Combinational Cell Count:      5162
  Sequential Cell Count:          157
  Macro Count:                      0
  -----------------------------------


  Area
  -----------------------------------
  Combinational Area:    96611.962423
  Noncombinational Area:  8781.696129
  Buf/Inv Area:          17011.209851
  Total Buffer Area:          2940.54
  Total Inverter Area:       14070.67
  Macro/Black Box Area:      0.000000
  Net Area:             585342.944061
  -----------------------------------
  Cell Area:            105393.658552
  Design Area:          690736.602613


  Design Rules
  -----------------------------------
  Total Number of Nets:          5537
  Nets With Violations:             0
  Max Trans Violations:             0
  Max Cap Violations:               0
  -----------------------------------


  Hostname: Kaohsiung

  Compile CPU Statistics
  -----------------------------------------
  Resource Sharing:                    3.29
  Logic Optimization:                 34.02
  Mapping Optimization:               12.66
  -----------------------------------------
  Overall Compile Time:               56.05
  Overall Compile Wall Clock Time:    56.38

  --------------------------------------------------------------------

  Design  WNS: 0.00  TNS: 0.00  Number of Violating Paths: 0


  Design (Hold)  WNS: 0.00  TNS: 0.00  Number of Violating Paths: 0

  --------------------------------------------------------------------


1
