 
****************************************
Report : constraint
        -all_violators
Design : recam_dss_g2x2_r_static_early_live_state_top
Version: W-2024.09-SP2
Date   : Tue Sep 29 16:49:45 2026
****************************************


   max_delay/setup ('recam_clk' group)

                             Required        Actual
   Endpoint                 Path Delay     Path Delay        Slack
   -----------------------------------------------------------------
   solution_line_address_flat_o[40]
                               10.00          13.75 r        -3.75  (VIOLATED)
   solution_line_address_flat_o[41]
                               10.00          13.75 r        -3.75  (VIOLATED)
   solution_line_address_flat_o[42]
                               10.00          13.75 r        -3.75  (VIOLATED)
   solution_line_address_flat_o[43]
                               10.00          13.75 r        -3.75  (VIOLATED)
   solution_line_address_flat_o[44]
                               10.00          13.75 r        -3.75  (VIOLATED)
   solution_line_address_flat_o[59]
                               10.00          13.75 r        -3.75  (VIOLATED)
   solution_line_address_flat_o[60]
                               10.00          13.75 r        -3.75  (VIOLATED)
   solution_line_address_flat_o[1]
                               10.00          13.75 r        -3.75  (VIOLATED)
   solution_line_address_flat_o[3]
                               10.00          13.75 r        -3.75  (VIOLATED)
   solution_line_address_flat_o[5]
                               10.00          13.75 r        -3.75  (VIOLATED)
   solution_line_address_flat_o[6]
                               10.00          13.75 r        -3.75  (VIOLATED)
   solution_line_address_flat_o[8]
                               10.00          13.75 r        -3.75  (VIOLATED)
   solution_line_address_flat_o[13]
                               10.00          13.75 r        -3.75  (VIOLATED)
   solution_line_address_flat_o[17]
                               10.00          13.75 r        -3.75  (VIOLATED)
   solution_line_address_flat_o[26]
                               10.00          13.75 r        -3.75  (VIOLATED)
   solution_line_address_flat_o[27]
                               10.00          13.75 r        -3.75  (VIOLATED)
   solution_line_address_flat_o[28]
                               10.00          13.75 r        -3.75  (VIOLATED)
   solution_line_address_flat_o[33]
                               10.00          13.75 r        -3.75  (VIOLATED)
   solution_line_address_flat_o[57]
                               10.00          13.75 f        -3.75  (VIOLATED)
   solution_line_address_flat_o[52]
                               10.00          13.75 f        -3.75  (VIOLATED)
   solution_line_address_flat_o[53]
                               10.00          13.75 f        -3.75  (VIOLATED)
   solution_line_address_flat_o[54]
                               10.00          13.75 f        -3.75  (VIOLATED)
   solution_line_address_flat_o[55]
                               10.00          13.75 f        -3.75  (VIOLATED)
   solution_line_address_flat_o[56]
                               10.00          13.75 f        -3.75  (VIOLATED)
   solution_line_address_flat_o[0]
                               10.00          13.75 r        -3.75  (VIOLATED)
   solution_line_address_flat_o[2]
                               10.00          13.75 r        -3.75  (VIOLATED)
   solution_line_address_flat_o[4]
                               10.00          13.75 r        -3.75  (VIOLATED)
   solution_line_address_flat_o[39]
                               10.00          13.74 r        -3.74  (VIOLATED)
   solution_line_address_flat_o[45]
                               10.00          13.74 r        -3.74  (VIOLATED)
   solution_line_address_flat_o[46]
                               10.00          13.74 r        -3.74  (VIOLATED)
   solution_line_address_flat_o[47]
                               10.00          13.74 r        -3.74  (VIOLATED)
   solution_line_address_flat_o[29]
                               10.00          13.74 r        -3.74  (VIOLATED)
   solution_line_address_flat_o[30]
                               10.00          13.74 r        -3.74  (VIOLATED)
   solution_line_address_flat_o[31]
                               10.00          13.74 r        -3.74  (VIOLATED)
   solution_line_address_flat_o[32]
                               10.00          13.74 r        -3.74  (VIOLATED)
   solution_line_address_flat_o[34]
                               10.00          13.74 r        -3.74  (VIOLATED)
   solution_line_address_flat_o[58]
                               10.00          13.73 f        -3.73  (VIOLATED)
   solution_line_is_row_o[2]
                               10.00          13.73 r        -3.73  (VIOLATED)
   solution_line_address_flat_o[61]
                               10.00          13.71 r        -3.71  (VIOLATED)
   solution_line_address_flat_o[62]
                               10.00          13.71 r        -3.71  (VIOLATED)
   solution_line_address_flat_o[63]
                               10.00          13.71 r        -3.71  (VIOLATED)
   solution_line_address_flat_o[64]
                               10.00          13.71 r        -3.71  (VIOLATED)
   solution_line_address_flat_o[19]
                               10.00          13.68 f        -3.68  (VIOLATED)
   solution_line_address_flat_o[20]
                               10.00          13.68 f        -3.68  (VIOLATED)
   core/test_done_seen_q_reg/D
                                9.73          13.42 f        -3.68  (VIOLATED)
   solution_line_is_row_o[3]
                               10.00          13.68 r        -3.68  (VIOLATED)
   solution_line_address_flat_o[7]
                               10.00          13.67 f        -3.67  (VIOLATED)
   solution_line_address_flat_o[16]
                               10.00          13.67 f        -3.67  (VIOLATED)
   solution_line_address_flat_o[18]
                               10.00          13.67 r        -3.67  (VIOLATED)
   solution_line_address_flat_o[14]
                               10.00          13.67 r        -3.67  (VIOLATED)
   solution_line_address_flat_o[15]
                               10.00          13.66 r        -3.66  (VIOLATED)
   solution_line_address_flat_o[21]
                               10.00          13.66 r        -3.66  (VIOLATED)
   core/state_q_reg[0]/D        9.83          13.48 f        -3.65  (VIOLATED)
   solution_line_address_flat_o[22]
                               10.00          13.65 r        -3.65  (VIOLATED)
   solution_line_address_flat_o[25]
                               10.00          13.65 r        -3.65  (VIOLATED)
   solution_line_address_flat_o[9]
                               10.00          13.64 r        -3.64  (VIOLATED)
   solution_line_address_flat_o[10]
                               10.00          13.64 r        -3.64  (VIOLATED)
   solution_line_address_flat_o[11]
                               10.00          13.64 r        -3.64  (VIOLATED)
   solution_line_address_flat_o[12]
                               10.00          13.64 r        -3.64  (VIOLATED)
   core/a_borrows_q_reg/D       9.81          13.45 f        -3.64  (VIOLATED)
   core/a_released_q_reg/D      9.81          13.45 f        -3.64  (VIOLATED)
   solution_line_address_flat_o[24]
                               10.00          13.63 r        -3.63  (VIOLATED)
   solution_line_address_flat_o[23]
                               10.00          13.63 r        -3.63  (VIOLATED)
   solution_line_is_row_o[0]
                               10.00          13.60 r        -3.60  (VIOLATED)
   core/active_sa_q_reg[0]/D
                                9.80          13.40 f        -3.60  (VIOLATED)
   solution_line_address_flat_o[50]
                               10.00          13.59 r        -3.59  (VIOLATED)
   solution_line_address_flat_o[35]
                               10.00          13.58 f        -3.58  (VIOLATED)
   solution_line_address_flat_o[36]
                               10.00          13.58 f        -3.58  (VIOLATED)
   solution_line_address_flat_o[37]
                               10.00          13.58 f        -3.58  (VIOLATED)
   solution_line_address_flat_o[38]
                               10.00          13.58 f        -3.58  (VIOLATED)
   solution_line_address_flat_o[48]
                               10.00          13.58 f        -3.58  (VIOLATED)
   solution_line_address_flat_o[49]
                               10.00          13.58 f        -3.58  (VIOLATED)
   solution_line_address_flat_o[51]
                               10.00          13.58 f        -3.58  (VIOLATED)
   core/b_borrows_q_reg/D       9.82          13.38 f        -3.56  (VIOLATED)
   core/c_released_q_reg/D      9.82          13.38 f        -3.56  (VIOLATED)
   core/state_q_reg[1]/D        9.72          13.28 f        -3.56  (VIOLATED)
   core/failure_position_o_reg[0]/D
                                9.82          13.37 f        -3.56  (VIOLATED)
   core/failure_position_o_reg[1]/D
                                9.82          13.37 f        -3.55  (VIOLATED)
   core/group_repairable_o_reg/D
                                9.81          13.36 f        -3.55  (VIOLATED)
   core/priority_rank_q_reg[0]/D
                                9.71          13.22 f        -3.51  (VIOLATED)
   solution_line_is_row_o[4]
                               10.00          13.49 r        -3.49  (VIOLATED)
   solution_line_is_row_o[1]
                               10.00          13.46 r        -3.46  (VIOLATED)
   core/priority_rank_q_reg[1]/D
                                9.88          13.27 r        -3.39  (VIOLATED)
   core/active_sa_q_reg[1]/D
                                9.81          13.13 f        -3.32  (VIOLATED)
   core/done_o_reg/D            9.80          13.08 f        -3.28  (VIOLATED)
   solution_commit_valid_o     10.00          12.79 f        -2.79  (VIOLATED)
   solution_pattern_o[2]       10.00          12.57 r        -2.57  (VIOLATED)
   solution_pattern_o[1]       10.00          12.53 r        -2.53  (VIOLATED)
   solution_pattern_o[0]       10.00          12.48 r        -2.48  (VIOLATED)
   solution_pattern_o[3]       10.00          12.39 r        -2.39  (VIOLATED)


   max_capacitance

                             Required        Actual
   Net                      Capacitance    Capacitance       Slack
   -----------------------------------------------------------------
   scan_config_o[2]             0.15           0.16          -0.01  (VIOLATED)
   analyzer/n837                0.15           0.15           0.00  (VIOLATED: increase significant digits)
   analyzer/n1848               0.15           0.15           0.00  (VIOLATED: increase significant digits)
   analyzer/n836                0.15           0.15           0.00  (VIOLATED: increase significant digits)
   analyzer/n1415               0.15           0.15           0.00  (VIOLATED: increase significant digits)
   analyzer/n1756               0.15           0.15           0.00  (VIOLATED: increase significant digits)

   -----------------------------------------------------------------
   Total                      6                  -0.01  

1
