 
****************************************
Report : qor
Design : recam_dss_g2x2_r_static_early_live_state_top
Version: W-2024.09-SP2
Date   : Tue Sep 29 16:49:45 2026
****************************************


  Timing Path Group 'recam_clk'
  -----------------------------------
  Levels of Logic:              69.00
  Critical Path Length:         13.75
  Critical Path Slack:          -3.75
  Critical Path Clk Period:     10.00
  Total Negative Slack:       -324.39
  No. of Violating Paths:       90.00
  Worst Hold Violation:          0.00
  Total Hold Violation:          0.00
  No. of Hold Violations:        0.00
  -----------------------------------


  Cell Count
  -----------------------------------
  Hierarchical Cell Count:          3
  Hierarchical Port Count:        506
  Leaf Cell Count:               6444
  Buf/Inv Cell Count:            2201
  Buf Cell Count:                 388
  Inv Cell Count:                1813
  CT Buf/Inv Cell Count:            0
  Combinational Cell Count:      6429
  Sequential Cell Count:           15
  Macro Count:                      0
  -----------------------------------


  Area
  -----------------------------------
  Combinational Area:   158632.690933
  Noncombinational Area:   894.801624
  Buf/Inv Area:          36447.365362
  Total Buffer Area:         11306.43
  Total Inverter Area:       25140.93
  Macro/Black Box Area:      0.000000
  Net Area:             643769.894165
  -----------------------------------
  Cell Area:            159527.492558
  Design Area:          803297.386723


  Design Rules
  -----------------------------------
  Total Number of Nets:          6735
  Nets With Violations:             6
  Max Trans Violations:             0
  Max Cap Violations:               6
  -----------------------------------


  Hostname: Kaohsiung

  Compile CPU Statistics
  -----------------------------------------
  Resource Sharing:                    2.19
  Logic Optimization:                256.03
  Mapping Optimization:               87.35
  -----------------------------------------
  Overall Compile Time:              350.67
  Overall Compile Wall Clock Time:   351.44

  --------------------------------------------------------------------

  Design  WNS: 3.75  TNS: 324.39  Number of Violating Paths: 90


  Design (Hold)  WNS: 0.00  TNS: 0.00  Number of Violating Paths: 0

  --------------------------------------------------------------------


1
