 
****************************************
Report : reference
Design : recam_dss_g2x2_r_static_early_live_state_top
Version: W-2024.09-SP2
Date   : Tue Sep 29 16:49:45 2026
****************************************

Attributes:
    b - black box (unknown)
   bo - allows boundary optimization
    d - dont_touch
   mo - map_only
    h - hierarchical
    n - noncombinational
    r - removable
    s - synthetic operator
    u - contains unmapped logic

Reference          Library       Unit Area   Count    Total Area   Attributes
-----------------------------------------------------------------------------
AND2X4             slow          16.632000       1     16.632000  
BUFX1              slow          13.305600       1     13.305600  
BUFX8              slow          29.937599       2     59.875198  
BUFX12             slow          33.264000       1     33.264000  
BUFX20             slow          53.222401       1     53.222401  
CLKINVX4           slow          13.305600       1     13.305600  
CLKINVXL           slow           9.979200       1      9.979200  
DLY1X1             slow          19.958401       5     99.792004  
dss_early_selected_address_mux_ROW_ADDR_W9_PHYS_COL_ADDR_W13
                               8312.673623       1   8312.673623  h
recam_dss_g2x2_r_static_early_live_state_core
                               2967.148833       1   2967.148833  h, n
recam_shared_config_analyzer_ROW_ADDR_W9_PHYS_COL_ADDR_W13_WORD_COL_ADDR_W5_HYBRID_LINE_ADDR_W13_HYBRID_ENTRIES7
                              147948.294099
                                                 1  147948.294099 h
-----------------------------------------------------------------------------
Total 11 references                                 159527.492558

****************************************
Design: dss_early_selected_address_mux_ROW_ADDR_W9_PHYS_COL_ADDR_W13 
****************************************
Reference          Library       Unit Area   Count    Total Area   Attributes
-----------------------------------------------------------------------------
AND2X2             slow          13.305600       6     79.833601  
AND2X4             slow          16.632000      23    382.535999  
AND3X2             slow          16.632000       2     33.264000  
AND3X4             slow          19.958401       3     59.875202  
AND4X2             slow          19.958401       1     19.958401  
AOI2BB1X1          slow          16.632000       1     16.632000  
AOI2BB2X4          slow          49.896000       1     49.896000  
AOI21X2            slow          23.284800       1     23.284800  
AOI21X4            slow          33.264000       1     33.264000  
AOI22X1            slow          16.632000       1     16.632000  
AOI22X2            slow          29.937599      14    419.126389  
AOI22X4            slow          46.569599      14    651.974388  
AOI31X2            slow          29.937599       4    119.750397  
AOI211X2           slow          29.937599       2     59.875198  
BUFX1              slow          13.305600       1     13.305600  
BUFX3              slow          13.305600       2     26.611200  
BUFX8              slow          29.937599       5    149.687996  
BUFX12             slow          33.264000       5    166.320000  
BUFX16             slow          43.243198       4    172.972794  
BUFX20             slow          53.222401       8    425.779205  
CLKINVX3           slow           9.979200       3     29.937601  
CLKINVX4           slow          13.305600       5     66.528001  
CLKINVX8           slow          19.958401      17    339.292812  
CLKINVX20          slow          96.465599       3    289.396797  
CLKINVXL           slow           9.979200       1      9.979200  
INVX1              slow           6.652800      21    139.708802  
INVX2              slow           9.979200       4     39.916801  
INVX3              slow          13.305600       3     39.916800  
INVX4              slow          13.305600      24    319.334404  
INVX8              slow          19.958401      31    618.710423  
INVX20             slow          63.201599       3    189.604797  
INVXL              slow           6.652800       2     13.305600  
MXI2XL             slow          23.284800       1     23.284800  
NAND2BX1           slow          13.305600       2     26.611200  
NAND2BX2           slow          19.958401       4     79.833603  
NAND2BX4           slow          26.611200       7    186.278402  
NAND2X1            slow           9.979200       3     29.937601  
NAND2X2            slow          16.632000       2     33.264000  
NAND2X4            slow          23.284800       5    116.423998  
NAND3BX1           slow          16.632000       1     16.632000  
NAND3X1            slow          13.305600       8    106.444801  
NAND3X2            slow          23.284800       1     23.284800  
NAND3X4            slow          33.264000       6    199.584000  
NAND4BBX2          slow          36.590401       1     36.590401  
NAND4X2            slow          29.937599       1     29.937599  
NAND4X4            slow          56.548801       6    339.292809  
NOR2X2             slow          16.632000       1     16.632000  
NOR2X4             slow          23.284800       4     93.139198  
NOR3X4             slow          33.264000       1     33.264000  
OAI2BB1X1          slow          16.632000       2     33.264000  
OAI2BB1X2          slow          23.284800       2     46.569599  
OAI2BB1X4          slow          33.264000      12    399.167999  
OAI2BB2X4          slow          49.896000       8    399.167999  
OAI21X2            slow          26.611200       1     26.611200  
OAI21X4            slow          36.590401       2     73.180801  
OAI33X2            slow          43.243198       1     43.243198  
OAI211X1           slow          19.958401       1     19.958401  
OAI221X2           slow          43.243198       6    259.459190  
OAI222X2           slow          49.896000       1     49.896000  
OR2X1              slow          13.305600       1     13.305600  
OR2X2              slow          13.305600      10    133.056002  
OR2X4              slow          19.958401      14    279.417610  
OR2XL              slow          13.305600       3     39.916800  
XOR2X2             slow          33.264000       1     33.264000  
XOR2X4             slow          56.548801       1     56.548801  
-----------------------------------------------------------------------------
Total 65 references                                  8312.673623

****************************************
Design: recam_dss_g2x2_r_static_early_live_state_core 
****************************************
Reference          Library       Unit Area   Count    Total Area   Attributes
-----------------------------------------------------------------------------
AND2X1             slow          13.305600       1     13.305600  
AND3X2             slow          16.632000       1     16.632000  
AOI2BB1X4          slow          36.590401       1     36.590401  
AOI21X4            slow          33.264000       1     33.264000  
AOI31X2            slow          29.937599       1     29.937599  
AOI31X4            slow          29.937599       2     59.875198  
AOI211X4           slow          33.264000       1     33.264000  
AOI221X2           slow          39.916801       1     39.916801  
BUFX1              slow          13.305600       1     13.305600  
BUFX20             slow          53.222401       1     53.222401  
CLKINVX3           slow           9.979200       2     19.958401  
CLKINVX4           slow          13.305600       1     13.305600  
CLKINVX8           slow          19.958401       1     19.958401  
CLKINVXL           slow           9.979200       1      9.979200  
DFFHQXL            slow          53.222401       2    106.444801  n
DFFX4              slow          83.160004       2    166.320007  n
DFFXL              slow          56.548801      11    622.036816  n
DLY1X1             slow          19.958401       2     39.916801  
INVX1              slow           6.652800       8     53.222401  
INVX2              slow           9.979200       2     19.958401  
INVX3              slow          13.305600       1     13.305600  
INVX4              slow          13.305600       3     39.916800  
INVX8              slow          19.958401       2     39.916801  
INVXL              slow           6.652800       3     19.958400  
MXI2X1             slow          23.284800       2     46.569599  
MXI2X2             slow          26.611200       4    106.444801  
MXI2X4             slow          46.569599       4    186.278397  
MXI2XL             slow          23.284800       1     23.284800  
NAND2X1            slow           9.979200       1      9.979200  
NAND2X2            slow          16.632000       2     33.264000  
NAND2X4            slow          23.284800       2     46.569599  
NAND3BX4           slow          36.590401       2     73.180801  
NAND3X1            slow          13.305600       2     26.611200  
NAND3X2            slow          23.284800       1     23.284800  
NAND3X4            slow          33.264000       1     33.264000  
NAND3XL            slow          13.305600       1     13.305600  
NAND4X1            slow          16.632000       2     33.264000  
NAND4X2            slow          29.937599       1     29.937599  
NOR2X1             slow           9.979200       1      9.979200  
NOR2X4             slow          23.284800       3     69.854399  
OAI2BB1X1          slow          16.632000       1     16.632000  
OAI2BB1X4          slow          33.264000       2     66.528000  
OAI2BB2X1          slow          23.284800       1     23.284800  
OAI2BB2X4          slow          49.896000       1     49.896000  
OAI21X4            slow          36.590401       2     73.180801  
OAI21XL            slow          13.305600       1     13.305600  
OAI22XL            slow          19.958401       1     19.958401  
OAI31X2            slow          29.937599       2     59.875198  
OAI211X1           slow          19.958401       1     19.958401  
OAI211X2           slow          33.264000       2     66.528000  
OR2X1              slow          13.305600       1     13.305600  
OR2X2              slow          13.305600       5     66.528001  
OR2X4              slow          19.958401       2     39.916801  
OR2XL              slow          13.305600       4     53.222401  
XOR2X1             slow          26.611200       4    106.444801  
-----------------------------------------------------------------------------
Total 55 references                                  2967.148833

****************************************
Design: recam_shared_config_analyzer_ROW_ADDR_W9_PHYS_COL_ADDR_W13_WORD_COL_ADDR_W5_HYBRID_LINE_ADDR_W13_HYBRID_ENTRIES7 
****************************************
Reference          Library       Unit Area   Count    Total Area   Attributes
-----------------------------------------------------------------------------
AND2X1             slow          13.305600      21    279.417603  
AND2X2             slow          13.305600      37    492.307206  
AND2X4             slow          16.632000      67   1114.343998  
AND3X1             slow          16.632000       4     66.528000  
AND3X2             slow          16.632000      15    249.480000  
AND3X4             slow          19.958401     109   2175.465679  
AND4X1             slow          19.958401       6    119.750404  
AND4X2             slow          19.958401      30    598.752022  
AND4X4             slow          36.590401      92   3366.316864  
AOI2BB1X1          slow          16.632000       4     66.528000  
AOI2BB1X2          slow          23.284800       9    209.563196  
AOI2BB1X4          slow          36.590401      11    402.494408  
AOI2BB1XL          slow          16.632000       4     66.528000  
AOI2BB2X1          slow          23.284800      13    302.702394  
AOI2BB2X2          slow          29.937599      13    389.188789  
AOI2BB2X4          slow          49.896000      13    648.647999  
AOI2BB2XL          slow          23.284800       9    209.563196  
AOI21X4            slow          33.264000       5    166.320000  
AOI21XL            slow          13.305600       2     26.611200  
AOI22X1            slow          16.632000       9    149.688000  
AOI22X2            slow          29.937599       2     59.875198  
AOI22X4            slow          46.569599       1     46.569599  
AOI31X2            slow          29.937599      13    389.188789  
AOI31X4            slow          29.937599       4    119.750397  
AOI31XL            slow          16.632000       4     66.528000  
AOI32X1            slow          23.284800       3     69.854399  
AOI32X2            slow          36.590401       9    329.313606  
AOI32X4            slow          33.264000       3     99.792000  
AOI33X1            slow          26.611200       1     26.611200  
AOI33X2            slow          43.243198       7    302.702389  
AOI33X4            slow          36.590401       5    182.952003  
AOI211X2           slow          29.937599      17    508.939186  
AOI211X4           slow          33.264000       3     99.792000  
AOI221X1           slow          23.284800       2     46.569599  
AOI221X2           slow          39.916801      14    558.835220  
AOI221X4           slow          36.590401       6    219.542404  
AOI222X1           slow          26.611200      18    479.001606  
AOI222X2           slow          46.569599      15    698.543987  
AOI222X4           slow          39.916801       6    239.500809  
BUFX1              slow          13.305600      26    345.945604  
BUFX2              slow          13.305600       3     39.916800  
BUFX3              slow          13.305600      46    612.057608  
BUFX4              slow          16.632000      23    382.535999  
BUFX8              slow          29.937599      59   1766.318352  
BUFX12             slow          33.264000      32   1064.447998  
BUFX16             slow          43.243198      13    562.161579  
BUFX20             slow          53.222401      70   3725.568047  
CLKBUFX1           slow          13.305600       2     26.611200  
CLKBUFX2           slow          13.305600       5     66.528001  
CLKBUFX3           slow          13.305600       1     13.305600  
CLKBUFX4           slow          16.632000       3     49.896000  
CLKBUFX8           slow          23.284800      10    232.847996  
CLKBUFXL           slow          13.305600       3     39.916800  
CLKINVX1           slow           9.979200      10     99.792004  
CLKINVX2           slow           9.979200      43    429.105616  
CLKINVX3           slow           9.979200     279   2784.196901  
CLKINVX4           slow          13.305600      86   1144.281614  
CLKINVX8           slow          19.958401     129   2574.633694  
CLKINVX20          slow          96.465599      19   1832.846382  
CLKINVXL           slow           9.979200      70    698.544025  
DLY1X1             slow          19.958401      53   1057.795238  
INVX1              slow           6.652800     330   2195.424027  
INVX2              slow           9.979200     105   1047.816038  
INVX3              slow          13.305600      35    465.696006  
INVX4              slow          13.305600     218   2900.620836  
INVX8              slow          19.958401     236   4710.182571  
INVX12             slow          43.243198      15    648.647976  
INVX16             slow          56.548801       2    113.097603  
INVX20             slow          63.201599       9    568.814392  
INVXL              slow           6.652800      84    558.835207  
MX2X1              slow          26.611200      26    691.891209  
MX2X2              slow          29.937599      40   1197.503967  
MX2X4              slow          33.264000     163   5422.031990  
MX2XL              slow          26.611200       1     26.611200  
MXI2X1             slow          23.284800      35    814.967985  
MXI2X2             slow          26.611200     117   3113.510439  
MXI2X4             slow          46.569599     138   6426.604683  
MXI2XL             slow          23.284800      18    419.126392  
NAND2BX1           slow          13.305600       5     66.528001  
NAND2BX2           slow          19.958401      14    279.417610  
NAND2BX4           slow          26.611200      50   1330.560017  
NAND2X1            slow           9.979200      17    169.646406  
NAND2X2            slow          16.632000      55    914.759998  
NAND2X4            slow          23.284800     147   3422.865538  
NAND2XL            slow           9.979200      11    109.771204  
NAND3BX1           slow          16.632000       1     16.632000  
NAND3BX2           slow          26.611200       4    106.444801  
NAND3BX4           slow          36.590401      19    695.217613  
NAND3X1            slow          13.305600     116   1543.449619  
NAND3X2            slow          23.284800      46   1071.100780  
NAND3X4            slow          33.264000      88   2927.231995  
NAND3XL            slow          13.305600      33    439.084805  
NAND4BBX2          slow          36.590401       4    146.361603  
NAND4BBX4          slow          63.201599       9    568.814392  
NAND4BX2           slow          33.264000       3     99.792000  
NAND4BX4           slow          59.875198      16    958.003174  
NAND4BXL           slow          19.958401       1     19.958401  
NAND4X1            slow          16.632000      57    948.023998  
NAND4X2            slow          29.937599      23    688.564781  
NAND4X4            slow          56.548801      78   4410.806511  
NAND4XL            slow          16.632000      17    282.743999  
NOR2BX1            slow          13.305600       1     13.305600  
NOR2BX2            slow          19.958401       2     39.916801  
NOR2BX4            slow          26.611200      10    266.112003  
NOR2BXL            slow          13.305600       1     13.305600  
NOR2X1             slow           9.979200      15    149.688005  
NOR2X2             slow          16.632000      37    615.383999  
NOR2X4             slow          23.284800     101   2351.764757  
NOR2XL             slow           9.979200      14    139.708805  
NOR3BX1            slow          19.958401       1     19.958401  
NOR3BX4            slow          36.590401       5    182.952003  
NOR3X2             slow          23.284800       1     23.284800  
NOR3X4             slow          33.264000      11    365.903999  
NOR3XL             slow          13.305600       2     26.611200  
NOR4BBX4           slow          66.528000       1     66.528000  
NOR4X2             slow          29.937599       2     59.875198  
NOR4X4             slow          56.548801       8    452.390411  
OAI2BB1X1          slow          16.632000      12    199.584000  
OAI2BB1X2          slow          23.284800      39    908.107183  
OAI2BB1X4          slow          33.264000      48   1596.671997  
OAI2BB1XL          slow          16.632000       6     99.792000  
OAI2BB2X1          slow          23.284800       1     23.284800  
OAI2BB2X4          slow          49.896000       3    149.688000  
OAI21X2            slow          26.611200       2     53.222401  
OAI21X4            slow          36.590401      13    475.675209  
OAI22X1            slow          19.958401       5     99.792004  
OAI22X2            slow          29.937599      37   1107.691170  
OAI22X4            slow          46.569599      11    512.265591  
OAI22XL            slow          19.958401       3     59.875202  
OAI31X1            slow          19.958401       1     19.958401  
OAI31X2            slow          29.937599       7    209.563194  
OAI31X4            slow          29.937599       4    119.750397  
OAI32X1            slow          23.284800       1     23.284800  
OAI32X2            slow          36.590401       8    292.723206  
OAI32X4            slow          33.264000       5    166.320000  
OAI33X2            slow          43.243198       3    129.729595  
OAI211X1           slow          19.958401       3     59.875202  
OAI211X2           slow          33.264000      25    831.599998  
OAI211X4           slow          29.937599      16    479.001587  
OAI221X2           slow          43.243198       5    216.215992  
OAI221X4           slow          36.590401       1     36.590401  
OAI221XL           slow          23.284800       2     46.569599  
OAI222X2           slow          49.896000       3    149.688000  
OAI222X4           slow          39.916801       1     39.916801  
OR2X1              slow          13.305600      20    266.112003  
OR2X2              slow          13.305600     224   2980.454437  
OR2X4              slow          19.958401     235   4690.224171  
OR2XL              slow          13.305600      33    439.084805  
OR3X2              slow          19.958401       2     39.916801  
OR3X4              slow          29.937599       8    239.500793  
OR4X1              slow          19.958401       1     19.958401  
OR4X2              slow          19.958401      20    399.168015  
OR4X4              slow          36.590401      15    548.856010  
OR4XL              slow          19.958401       1     19.958401  
XNOR2X1            slow          26.611200      13    345.945604  
XNOR2X2            slow          36.590401      19    695.217613  
XNOR2X4            slow          56.548801      75   4241.160107  
XNOR2XL            slow          26.611200       4    106.444801  
XOR2X1             slow          26.611200     212   5641.574471  
XOR2X2             slow          33.264000     293   9746.351982  
XOR2X4             slow          56.548801     250  14137.200356  
XOR2XL             slow          26.611200     104   2767.564835  
-----------------------------------------------------------------------------
Total 162 references                                147948.294099
1
