 
****************************************
Report : area
Design : recam_2r2c_analyzer
Version: W-2024.09-SP2
Date   : Thu Sep 10 03:29:01 2026
****************************************

Library(s) Used:

    slow (File: /cad/std_libraries/CBDK_TSMC018_Arm_f1.0/CIC/SynopsysDC/db/slow.db)

Number of ports:                          424
Number of nets:                          2807
Number of cells:                         2418
Number of combinational cells:           2413
Number of sequential cells:                 0
Number of macros/black boxes:               0
Number of buf/inv:                        808
Number of references:                      11

Combinational area:              50877.288438
Buf/Inv area:                     9729.720156
Noncombinational area:               0.000000
Macro/Black Box area:                0.000000
Net Interconnect area:          259514.634430

Total cell area:                 50877.288438
Total area:                     310391.922868

Hierarchical area distribution
------------------------------

                                  Global cell area            Local cell area
                                  -------------------  ----------------------------- 
Hierarchical cell                 Absolute    Percent  Combi-      Noncombi-  Black-
                                  Total       Total    national    national   boxes   Design
--------------------------------  ----------  -------  ----------  ---------  ------  -------------------------------------------------------------------
recam_2r2c_analyzer               50877.2884    100.0    169.6464     0.0000  0.0000  recam_2r2c_analyzer
matrix_builder                    49689.7636     97.7  49689.7636     0.0000  0.0000  recam_2r2c_matrix_builder_ROW_ADDR_W9_COL_ADDR_W5_HYBRID_ENTRY_NUM7
pattern_analyzer                    565.4880      1.1    565.4880     0.0000  0.0000  recam_2r2c_pattern_analyzer
pattern_encoder                     452.3904      0.9    452.3904     0.0000  0.0000  recam_2r2c_pattern_encoder
--------------------------------  ----------  -------  ----------  ---------  ------  -------------------------------------------------------------------
Total                                                  50877.2884     0.0000  0.0000

1
