 
****************************************
Report : qor
Design : recam_2r2c_analyzer
Version: W-2024.09-SP2
Date   : Thu Sep 10 03:29:01 2026
****************************************


  Timing Path Group 'recam_boundary_clk'
  -----------------------------------
  Levels of Logic:              93.00
  Critical Path Length:         20.00
  Critical Path Slack:           0.00
  Critical Path Clk Period:     20.00
  Total Negative Slack:          0.00
  No. of Violating Paths:        0.00
  Worst Hold Violation:          0.00
  Total Hold Violation:          0.00
  No. of Hold Violations:        0.00
  -----------------------------------


  Cell Count
  -----------------------------------
  Hierarchical Cell Count:          3
  Hierarchical Port Count:        223
  Leaf Cell Count:               2413
  Buf/Inv Cell Count:             808
  Buf Cell Count:                  77
  Inv Cell Count:                 731
  CT Buf/Inv Cell Count:            0
  Combinational Cell Count:      2413
  Sequential Cell Count:            0
  Macro Count:                      0
  -----------------------------------


  Area
  -----------------------------------
  Combinational Area:    50877.288438
  Noncombinational Area:     0.000000
  Buf/Inv Area:           9729.720156
  Total Buffer Area:          1985.86
  Total Inverter Area:        7743.86
  Macro/Black Box Area:      0.000000
  Net Area:             259514.634430
  -----------------------------------
  Cell Area:             50877.288438
  Design Area:          310391.922868


  Design Rules
  -----------------------------------
  Total Number of Nets:          2589
  Nets With Violations:             0
  Max Trans Violations:             0
  Max Cap Violations:               0
  -----------------------------------


  Hostname: Kaohsiung

  Compile CPU Statistics
  -----------------------------------------
  Resource Sharing:                    0.89
  Logic Optimization:                 14.66
  Mapping Optimization:                6.66
  -----------------------------------------
  Overall Compile Time:               23.39
  Overall Compile Wall Clock Time:    23.73

  --------------------------------------------------------------------

  Design  WNS: 0.00  TNS: 0.00  Number of Violating Paths: 0


  Design (Hold)  WNS: 0.00  TNS: 0.00  Number of Violating Paths: 0

  --------------------------------------------------------------------


1
