 
****************************************
Report : reference
Design : recam_2r2c_analyzer
Version: W-2024.09-SP2
Date   : Thu Sep 10 03:29:01 2026
****************************************

Attributes:
    b - black box (unknown)
   bo - allows boundary optimization
    d - dont_touch
   mo - map_only
    h - hierarchical
    n - noncombinational
    r - removable
    s - synthetic operator
    u - contains unmapped logic

Reference          Library       Unit Area   Count    Total Area   Attributes
-----------------------------------------------------------------------------
BUFX2              slow          13.305600       2     26.611200  
BUFX3              slow          13.305600       3     39.916800  
BUFX12             slow          33.264000       1     33.264000  
CLKBUFX3           slow          13.305600       1     13.305600  
CLKINVX3           slow           9.979200       2     19.958401  
CLKINVXL           slow           9.979200       1      9.979200  
DLY1X1             slow          19.958401       1     19.958401  
INVX1              slow           6.652800       1      6.652800  
recam_2r2c_matrix_builder_ROW_ADDR_W9_COL_ADDR_W5_HYBRID_ENTRY_NUM7
                              49689.763622       1  49689.763622  h
recam_2r2c_pattern_analyzer     565.488008       1    565.488008  h
recam_2r2c_pattern_encoder      452.390405       1    452.390405  h
-----------------------------------------------------------------------------
Total 11 references                                 50877.288438

****************************************
Design: recam_2r2c_matrix_builder_ROW_ADDR_W9_COL_ADDR_W5_HYBRID_ENTRY_NUM7 
****************************************
Reference          Library       Unit Area   Count    Total Area   Attributes
-----------------------------------------------------------------------------
AND2X1             slow          13.305600       3     39.916800  
AND2X2             slow          13.305600      24    319.334404  
AND2X4             slow          16.632000       6     99.792000  
AND3X1             slow          16.632000       2     33.264000  
AND3X2             slow          16.632000       8    133.056000  
AND3X4             slow          19.958401       6    119.750404  
AND4X2             slow          19.958401      32    638.668823  
AND4X4             slow          36.590401      12    439.084808  
AOI2BB1X1          slow          16.632000       2     33.264000  
AOI2BB1X2          slow          23.284800       1     23.284800  
AOI2BB1X4          slow          36.590401       4    146.361603  
AOI2BB1XL          slow          16.632000       4     66.528000  
AOI2BB2X1          slow          23.284800      22    512.265591  
AOI2BB2X2          slow          29.937599      18    538.876785  
AOI2BB2X4          slow          49.896000       5    249.480000  
AOI2BB2XL          slow          23.284800       3     69.854399  
AOI21X4            slow          33.264000       1     33.264000  
AOI31X2            slow          29.937599       7    209.563194  
AOI32X1            slow          23.284800       2     46.569599  
AOI32X2            slow          36.590401       3    109.771202  
AOI32X4            slow          33.264000       6    199.584000  
AOI33X1            slow          26.611200       1     26.611200  
AOI33X2            slow          43.243198       3    129.729595  
AOI211X1           slow          16.632000       5     83.160000  
AOI211X2           slow          29.937599       3     89.812798  
AOI211X4           slow          33.264000       1     33.264000  
AOI221X1           slow          23.284800       4     93.139198  
AOI221X2           slow          39.916801       2     79.833603  
AOI222X1           slow          26.611200      35    931.392012  
AOI222X2           slow          46.569599       3    139.708797  
AOI222X4           slow          39.916801       3    119.750404  
AOI222XL           slow          26.611200       1     26.611200  
BUFX1              slow          13.305600       1     13.305600  
BUFX3              slow          13.305600      13    172.972802  
BUFX4              slow          16.632000       7    116.424000  
BUFX8              slow          29.937599      20    598.751984  
BUFX12             slow          33.264000      12    399.167999  
BUFX16             slow          43.243198       3    129.729595  
BUFX20             slow          53.222401       5    266.112003  
CLKBUFX3           slow          13.305600       1     13.305600  
CLKBUFX8           slow          23.284800       3     69.854399  
CLKBUFXL           slow          13.305600       1     13.305600  
CLKINVX2           slow           9.979200       1      9.979200  
CLKINVX3           slow           9.979200     101   1007.899237  
CLKINVX4           slow          13.305600      14    186.278402  
CLKINVX8           slow          19.958401      36    718.502426  
CLKINVXL           slow           9.979200      12    119.750404  
DLY1X1             slow          19.958401       3     59.875202  
INVX1              slow           6.652800     323   2148.854427  
INVX2              slow           9.979200      23    229.521608  
INVX3              slow          13.305600      11    146.361602  
INVX4              slow          13.305600      87   1157.587214  
INVX8              slow          19.958401      55   1097.712040  
INVX12             slow          43.243198       3    129.729595  
INVX16             slow          56.548801       1     56.548801  
INVX20             slow          63.201599       2    126.403198  
INVXL              slow           6.652800      37    246.153603  
MX2X1              slow          26.611200      16    425.779205  
MX2X4              slow          33.264000       2     66.528000  
MXI2X1             slow          23.284800      21    488.980791  
MXI2X2             slow          26.611200      10    266.112003  
MXI2X4             slow          46.569599       2     93.139198  
MXI2XL             slow          23.284800      26    605.404789  
NAND2BX4           slow          26.611200       4    106.444801  
NAND2X1            slow           9.979200      12    119.750404  
NAND2X2            slow          16.632000      14    232.848000  
NAND2X4            slow          23.284800       8    186.278397  
NAND2XL            slow           9.979200       6     59.875202  
NAND3BX1           slow          16.632000       4     66.528000  
NAND3BX4           slow          36.590401       3    109.771202  
NAND3BXL           slow          16.632000       2     33.264000  
NAND3X1            slow          13.305600      36    479.001606  
NAND3X2            slow          23.284800      25    582.119989  
NAND3X4            slow          33.264000      38   1264.031998  
NAND3XL            slow          13.305600      11    146.361602  
NAND4BBX1          slow          26.611200       1     26.611200  
NAND4BBX4          slow          63.201599       1     63.201599  
NAND4BX2           slow          33.264000       1     33.264000  
NAND4BX4           slow          59.875198       3    179.625595  
NAND4BXL           slow          19.958401       3     59.875202  
NAND4X1            slow          16.632000      39    648.647999  
NAND4X2            slow          29.937599      16    479.001587  
NAND4X4            slow          56.548801      20   1130.976028  
NAND4XL            slow          16.632000       3     49.896000  
NOR2BX1            slow          13.305600       2     26.611200  
NOR2BX2            slow          19.958401       1     19.958401  
NOR2BX4            slow          26.611200       2     53.222401  
NOR2X1             slow           9.979200      32    319.334412  
NOR2X2             slow          16.632000       8    133.056000  
NOR2X4             slow          23.284800      23    535.550390  
NOR2XL             slow           9.979200       9     89.812803  
NOR3BX1            slow          19.958401       2     39.916801  
NOR3BX2            slow          26.611200       1     26.611200  
NOR3BX4            slow          36.590401       1     36.590401  
NOR3X1             slow          13.305600       2     26.611200  
NOR3X2             slow          23.284800       2     46.569599  
NOR4BX4            slow          59.875198       1     59.875198  
NOR4X1             slow          19.958401       6    119.750404  
NOR4X2             slow          29.937599       1     29.937599  
NOR4X4             slow          56.548801       4    226.195206  
NOR4XL             slow          19.958401       1     19.958401  
OAI2BB1X1          slow          16.632000      14    232.848000  
OAI2BB1X2          slow          23.284800       8    186.278397  
OAI2BB1X4          slow          33.264000      15    498.959999  
OAI2BB2X2          slow          33.264000       1     33.264000  
OAI2BB2X4          slow          49.896000       1     49.896000  
OAI21X1            slow          16.632000       1     16.632000  
OAI21X4            slow          36.590401       1     36.590401  
OAI21XL            slow          13.305600       1     13.305600  
OAI22X1            slow          19.958401      29    578.793621  
OAI22X2            slow          29.937599      42   1257.379166  
OAI22X4            slow          46.569599      13    605.404789  
OAI22XL            slow          19.958401      17    339.292812  
OAI31X1            slow          19.958401       7    139.708805  
OAI31X2            slow          29.937599      14    419.126389  
OAI31X4            slow          29.937599      12    359.251190  
OAI32X1            slow          23.284800       6    139.708797  
OAI32X2            slow          36.590401      21    768.398415  
OAI32X4            slow          33.264000      35   1164.239998  
OAI32XL            slow          23.284800       1     23.284800  
OAI211X1           slow          19.958401       3     59.875202  
OAI211X2           slow          33.264000       4    133.056000  
OAI211X4           slow          29.937599       3     89.812798  
OAI221X4           slow          36.590401       9    329.313606  
OAI221XL           slow          23.284800       4     93.139198  
OAI222X2           slow          49.896000       3    149.688000  
OR2X1              slow          13.305600       5     66.528001  
OR2X2              slow          13.305600     164   2182.118427  
OR2X4              slow          19.958401      82   1636.588860  
OR2XL              slow          13.305600      34    452.390406  
OR3X2              slow          19.958401       1     19.958401  
OR3X4              slow          29.937599       1     29.937599  
OR4X2              slow          19.958401      11    219.542408  
OR4X4              slow          36.590401       9    329.313606  
XNOR2X1            slow          26.611200      18    479.001606  
XNOR2X2            slow          36.590401       3    109.771202  
XNOR2X4            slow          56.548801      12    678.585617  
XNOR3X2            slow          59.875198       1     59.875198  
XOR2X1             slow          26.611200     161   4284.403254  
XOR2X2             slow          33.264000      97   3226.607994  
XOR2X4             slow          56.548801      59   3336.379284  
-----------------------------------------------------------------------------
Total 141 references                                49689.763622

****************************************
Design: recam_2r2c_pattern_analyzer 
****************************************
Reference          Library       Unit Area   Count    Total Area   Attributes
-----------------------------------------------------------------------------
AND2X1             slow          13.305600       1     13.305600  
AND2X2             slow          13.305600       1     13.305600  
AND2X4             slow          16.632000       1     16.632000  
AND4X4             slow          36.590401       4    146.361603  
CLKINVX4           slow          13.305600       1     13.305600  
INVX1              slow           6.652800       1      6.652800  
INVX2              slow           9.979200       1      9.979200  
INVX4              slow          13.305600       4     53.222401  
INVX8              slow          19.958401       6    119.750404  
NAND2X4            slow          23.284800       2     46.569599  
NAND3BX4           slow          36.590401       1     36.590401  
NAND3X4            slow          33.264000       1     33.264000  
NOR2X1             slow           9.979200       1      9.979200  
NOR2X4             slow          23.284800       2     46.569599  
-----------------------------------------------------------------------------
Total 14 references                                   565.488008

****************************************
Design: recam_2r2c_pattern_encoder 
****************************************
Reference          Library       Unit Area   Count    Total Area   Attributes
-----------------------------------------------------------------------------
CLKINVX3           slow           9.979200       1      9.979200  
CLKINVX4           slow          13.305600       1     13.305600  
CLKINVX8           slow          19.958401       2     39.916801  
INVX4              slow          13.305600       3     39.916800  
INVX8              slow          19.958401       1     19.958401  
NAND2X4            slow          23.284800       1     23.284800  
NAND3X2            slow          23.284800       1     23.284800  
NAND3X4            slow          33.264000       2     66.528000  
NAND4X4            slow          56.548801       1     56.548801  
NOR2X4             slow          23.284800       1     23.284800  
NOR3X4             slow          33.264000       1     33.264000  
OAI2BB1X4          slow          33.264000       1     33.264000  
OR2X2              slow          13.305600       1     13.305600  
OR2X4              slow          19.958401       1     19.958401  
OR4X4              slow          36.590401       1     36.590401  
-----------------------------------------------------------------------------
Total 15 references                                   452.390405
1
