 
****************************************
Report : area
Design : recam_dss_grid2x2_directional_rs2_cs2_m1_hyp02_early_live_state_top
Version: W-2024.09-SP2
Date   : Mon Sep 28 03:05:34 2026
****************************************

Library(s) Used:

    slow (File: /cad/std_libraries/CBDK_TSMC018_Arm_f1.0/CIC/SynopsysDC/db/slow.db)

Number of ports:                          883
Number of nets:                          7548
Number of cells:                         6770
Number of combinational cells:           6752
Number of sequential cells:                15
Number of macros/black boxes:               0
Number of buf/inv:                       2286
Number of references:                       6

Combinational area:             165348.692599
Buf/Inv area:                    38217.010224
Noncombinational area:             894.801620
Macro/Black Box area:                0.000000
Net Interconnect area:          677230.061920

Total cell area:                166243.494219
Total area:                     843473.556139

Hierarchical area distribution
------------------------------

                                  Global cell area             Local cell area
                                  --------------------  ------------------------------ 
Hierarchical cell                 Absolute     Percent  Combi-       Noncombi-  Black-
                                  Total        Total    national     national   boxes   Design
--------------------------------  -----------  -------  -----------  ---------  ------  ----------------------------------------------------------------------------------------------------------------
recam_dss_grid2x2_directional_rs2_cs2_m1_hyp02_early_live_state_top
                                  166243.4942    100.0     169.6464     0.0000  0.0000  recam_dss_grid2x2_directional_rs2_cs2_m1_hyp02_early_live_state_top
analyzer                          154464.7118     92.9  154464.7118     0.0000  0.0000  recam_shared_config_analyzer_ROW_ADDR_W9_PHYS_COL_ADDR_W13_WORD_COL_ADDR_W5_HYBRID_LINE_ADDR_W13_HYBRID_ENTRIES7
core                                3469.4352      2.1    2574.6336   894.8016  0.0000  recam_dss_grid2x2_directional_rs2_cs2_m1_hyp02_early_live_state_core
selected_address_mux                8139.7008      4.9    8139.7008     0.0000  0.0000  dss_early_selected_address_mux_ROW_ADDR_W9_PHYS_COL_ADDR_W13
--------------------------------  -----------  -------  -----------  ---------  ------  ----------------------------------------------------------------------------------------------------------------
Total                                                   165348.6926   894.8016  0.0000

1
