 
****************************************
Report : cell
Design : recam_dss_grid2x2_directional_rs2_cs2_m1_hyp02_early_live_state_top
Version: W-2024.09-SP2
Date   : Mon Sep 28 03:05:35 2026
****************************************

Attributes:
    b - black box (unknown)
    h - hierarchical
    n - noncombinational
    p - parameterized
    r - removable
    u - contains unmapped logic

Cell                      Reference       Library             Area  Attributes
--------------------------------------------------------------------------------
U2                        DLY1X1          slow            19.958401 
U3                        BUFX1           slow            13.305600 
U4                        DLY1X1          slow            19.958401 
U5                        DLY1X1          slow            19.958401 
U6                        DLY1X1          slow            19.958401 
U7                        DLY1X1          slow            19.958401 
U8                        DLY1X1          slow            19.958401 
U9                        DLY1X1          slow            19.958401 
U10                       AND2X4          slow            16.632000 
analyzer                  recam_shared_config_analyzer_ROW_ADDR_W9_PHYS_COL_ADDR_W13_WORD_COL_ADDR_W5_HYBRID_LINE_ADDR_W13_HYBRID_ENTRIES7
                                                          154464.711753
                                                                    h, p
core                      recam_dss_grid2x2_directional_rs2_cs2_m1_hyp02_early_live_state_core
                                                          3469.435244
                                                                    h, n
selected_address_mux      dss_early_selected_address_mux_ROW_ADDR_W9_PHYS_COL_ADDR_W13
                                                          8139.700817
                                                                    h, p
--------------------------------------------------------------------------------
Total 12 cells                                            166243.494219
1
