 
****************************************
check_design summary:
Version:     W-2024.09-SP2
Date:        Mon Sep 28 03:05:34 2026
****************************************

                   Name                                            Total
--------------------------------------------------------------------------------
Inputs/Outputs                                                      8
    Unconnected ports (LINT-28)                                     2
    Shorted outputs (LINT-31)                                       6
--------------------------------------------------------------------------------

Warning: In design 'recam_shared_config_analyzer_ROW_ADDR_W9_PHYS_COL_ADDR_W13_WORD_COL_ADDR_W5_HYBRID_LINE_ADDR_W13_HYBRID_ENTRIES7', port 'row_gt1_i[4]' is not connected to any nets. (LINT-28)
Warning: In design 'recam_shared_config_analyzer_ROW_ADDR_W9_PHYS_COL_ADDR_W13_WORD_COL_ADDR_W5_HYBRID_LINE_ADDR_W13_HYBRID_ENTRIES7', port 'col_gt1_i[4]' is not connected to any nets. (LINT-28)
Warning: In design 'recam_dss_grid2x2_directional_rs2_cs2_m1_hyp02_early_live_state_top', output port 'active_sa_o[1]' is connected directly to output port 'solution_sa_o[1]'. (LINT-31)
Warning: In design 'recam_dss_grid2x2_directional_rs2_cs2_m1_hyp02_early_live_state_top', output port 'active_sa_o[0]' is connected directly to output port 'solution_sa_o[0]'. (LINT-31)
Warning: In design 'recam_dss_grid2x2_directional_rs2_cs2_m1_hyp02_early_live_state_top', output port 'scan_config_o[2]' is connected directly to output port 'solution_config_o[2]'. (LINT-31)
Warning: In design 'recam_dss_grid2x2_directional_rs2_cs2_m1_hyp02_early_live_state_top', output port 'scan_config_o[0]' is connected directly to output port 'solution_config_o[0]'. (LINT-31)
Warning: In design 'recam_shared_config_analyzer_ROW_ADDR_W9_PHYS_COL_ADDR_W13_WORD_COL_ADDR_W5_HYBRID_LINE_ADDR_W13_HYBRID_ENTRIES7', output port 'solution_valid_o' is connected directly to output port 'repairable_o'. (LINT-31)
Warning: In design 'dss_early_selected_address_mux_ROW_ADDR_W9_PHYS_COL_ADDR_W13', output port 'solution_line_valid_o[2]' is connected directly to output port 'solution_line_valid_o[1]'. (LINT-31)
1
