 
****************************************
Report : constraint
        -all_violators
Design : recam_dss_grid2x2_directional_rs2_cs2_m1_hyp02_early_live_state_top
Version: W-2024.09-SP2
Date   : Mon Sep 28 03:05:34 2026
****************************************


   max_delay/setup ('recam_clk' group)

                             Required        Actual
   Endpoint                 Path Delay     Path Delay        Slack
   -----------------------------------------------------------------
   solution_line_address_flat_o[39]
                               10.00          14.47 r        -4.47  (VIOLATED)
   solution_line_address_flat_o[41]
                               10.00          14.47 r        -4.47  (VIOLATED)
   solution_line_address_flat_o[42]
                               10.00          14.47 r        -4.47  (VIOLATED)
   solution_line_address_flat_o[43]
                               10.00          14.47 r        -4.47  (VIOLATED)
   solution_line_address_flat_o[44]
                               10.00          14.47 r        -4.47  (VIOLATED)
   solution_line_address_flat_o[45]
                               10.00          14.47 r        -4.47  (VIOLATED)
   solution_line_address_flat_o[46]
                               10.00          14.47 r        -4.47  (VIOLATED)
   solution_line_address_flat_o[47]
                               10.00          14.47 r        -4.47  (VIOLATED)
   solution_line_address_flat_o[40]
                               10.00          14.47 r        -4.47  (VIOLATED)
   solution_line_address_flat_o[53]
                               10.00          14.47 r        -4.47  (VIOLATED)
   solution_line_address_flat_o[54]
                               10.00          14.47 r        -4.47  (VIOLATED)
   solution_line_address_flat_o[55]
                               10.00          14.47 r        -4.47  (VIOLATED)
   solution_line_address_flat_o[56]
                               10.00          14.47 r        -4.47  (VIOLATED)
   solution_line_address_flat_o[14]
                               10.00          14.47 f        -4.47  (VIOLATED)
   solution_line_address_flat_o[26]
                               10.00          14.47 f        -4.47  (VIOLATED)
   solution_line_address_flat_o[27]
                               10.00          14.47 f        -4.47  (VIOLATED)
   solution_line_address_flat_o[57]
                               10.00          14.47 r        -4.47  (VIOLATED)
   solution_line_address_flat_o[13]
                               10.00          14.47 f        -4.47  (VIOLATED)
   solution_line_address_flat_o[17]
                               10.00          14.47 f        -4.47  (VIOLATED)
   solution_line_address_flat_o[18]
                               10.00          14.47 f        -4.47  (VIOLATED)
   solution_line_address_flat_o[19]
                               10.00          14.47 f        -4.47  (VIOLATED)
   solution_line_address_flat_o[15]
                               10.00          14.47 r        -4.47  (VIOLATED)
   solution_line_address_flat_o[16]
                               10.00          14.47 r        -4.47  (VIOLATED)
   solution_line_address_flat_o[28]
                               10.00          14.46 f        -4.46  (VIOLATED)
   solution_line_address_flat_o[29]
                               10.00          14.46 f        -4.46  (VIOLATED)
   solution_line_address_flat_o[30]
                               10.00          14.46 f        -4.46  (VIOLATED)
   solution_line_address_flat_o[32]
                               10.00          14.46 f        -4.46  (VIOLATED)
   solution_line_address_flat_o[33]
                               10.00          14.46 f        -4.46  (VIOLATED)
   solution_line_address_flat_o[34]
                               10.00          14.46 f        -4.46  (VIOLATED)
   solution_line_address_flat_o[1]
                               10.00          14.46 r        -4.46  (VIOLATED)
   solution_line_address_flat_o[3]
                               10.00          14.46 r        -4.46  (VIOLATED)
   solution_line_address_flat_o[31]
                               10.00          14.46 f        -4.46  (VIOLATED)
   solution_line_is_row_o[3]
                               10.00          14.46 r        -4.46  (VIOLATED)
   solution_line_address_flat_o[48]
                               10.00          14.45 r        -4.45  (VIOLATED)
   solution_line_address_flat_o[49]
                               10.00          14.45 r        -4.45  (VIOLATED)
   solution_line_address_flat_o[50]
                               10.00          14.45 r        -4.45  (VIOLATED)
   solution_line_address_flat_o[51]
                               10.00          14.45 r        -4.45  (VIOLATED)
   solution_line_address_flat_o[22]
                               10.00          14.45 r        -4.45  (VIOLATED)
   solution_line_address_flat_o[23]
                               10.00          14.45 r        -4.45  (VIOLATED)
   solution_line_address_flat_o[24]
                               10.00          14.45 r        -4.45  (VIOLATED)
   solution_line_address_flat_o[25]
                               10.00          14.45 r        -4.45  (VIOLATED)
   solution_line_address_flat_o[4]
                               10.00          14.45 f        -4.45  (VIOLATED)
   solution_line_address_flat_o[60]
                               10.00          14.44 r        -4.44  (VIOLATED)
   solution_line_address_flat_o[0]
                               10.00          14.42 f        -4.42  (VIOLATED)
   solution_line_address_flat_o[2]
                               10.00          14.42 f        -4.42  (VIOLATED)
   solution_line_address_flat_o[6]
                               10.00          14.42 f        -4.42  (VIOLATED)
   solution_line_address_flat_o[7]
                               10.00          14.42 f        -4.42  (VIOLATED)
   solution_line_address_flat_o[58]
                               10.00          14.39 r        -4.39  (VIOLATED)
   solution_line_address_flat_o[59]
                               10.00          14.39 r        -4.39  (VIOLATED)
   solution_line_address_flat_o[52]
                               10.00          14.39 r        -4.39  (VIOLATED)
   solution_line_address_flat_o[8]
                               10.00          14.39 r        -4.39  (VIOLATED)
   solution_line_address_flat_o[9]
                               10.00          14.38 r        -4.38  (VIOLATED)
   solution_line_address_flat_o[10]
                               10.00          14.38 r        -4.38  (VIOLATED)
   solution_line_address_flat_o[11]
                               10.00          14.38 r        -4.38  (VIOLATED)
   solution_line_address_flat_o[20]
                               10.00          14.38 f        -4.38  (VIOLATED)
   solution_line_address_flat_o[21]
                               10.00          14.38 f        -4.38  (VIOLATED)
   solution_line_address_flat_o[5]
                               10.00          14.38 f        -4.38  (VIOLATED)
   solution_line_address_flat_o[12]
                               10.00          14.37 r        -4.37  (VIOLATED)
   solution_line_address_flat_o[35]
                               10.00          14.36 r        -4.36  (VIOLATED)
   solution_line_address_flat_o[36]
                               10.00          14.36 r        -4.36  (VIOLATED)
   solution_line_address_flat_o[37]
                               10.00          14.36 r        -4.36  (VIOLATED)
   solution_line_address_flat_o[38]
                               10.00          14.36 r        -4.36  (VIOLATED)
   solution_line_address_flat_o[61]
                               10.00          14.36 r        -4.36  (VIOLATED)
   solution_line_address_flat_o[62]
                               10.00          14.36 r        -4.36  (VIOLATED)
   solution_line_address_flat_o[63]
                               10.00          14.36 r        -4.36  (VIOLATED)
   solution_line_address_flat_o[64]
                               10.00          14.36 r        -4.36  (VIOLATED)
   core/priority_rank_q_reg[1]/D
                                9.73          14.04 f        -4.31  (VIOLATED)
   core/b_borrows_q_reg/D       9.82          14.12 f        -4.31  (VIOLATED)
   core/c_released_q_reg/D      9.73          14.03 f        -4.30  (VIOLATED)
   core/failure_position_o_reg[0]/D
                                9.82          14.08 f        -4.25  (VIOLATED)
   core/failure_position_o_reg[1]/D
                                9.82          14.08 f        -4.25  (VIOLATED)
   core/group_repairable_o_reg/D
                                9.82          14.05 f        -4.24  (VIOLATED)
   solution_line_is_row_o[0]
                               10.00          14.23 f        -4.23  (VIOLATED)
   core/state_q_reg[0]/D        9.91          14.12 r        -4.21  (VIOLATED)
   core/priority_rank_q_reg[0]/D
                                9.66          13.84 f        -4.18  (VIOLATED)
   solution_line_is_row_o[4]
                               10.00          14.17 r        -4.17  (VIOLATED)
   core/a_released_q_reg/D      9.73          13.90 f        -4.17  (VIOLATED)
   solution_line_is_row_o[1]
                               10.00          14.16 r        -4.16  (VIOLATED)
   solution_line_is_row_o[2]
                               10.00          14.14 r        -4.14  (VIOLATED)
   core/state_q_reg[1]/D        9.73          13.83 f        -4.09  (VIOLATED)
   core/a_borrows_q_reg/D       9.82          13.90 f        -4.08  (VIOLATED)
   core/active_sa_q_reg[0]/D
                                9.81          13.87 f        -4.05  (VIOLATED)
   core/done_o_reg/D            9.74          13.71 f        -3.97  (VIOLATED)
   core/test_done_seen_q_reg/D
                                9.90          13.79 r        -3.89  (VIOLATED)
   core/active_sa_q_reg[1]/D
                                9.67          13.52 f        -3.85  (VIOLATED)
   solution_commit_valid_o     10.00          13.72 f        -3.72  (VIOLATED)
   solution_pattern_o[0]       10.00          13.36 r        -3.36  (VIOLATED)
   solution_pattern_o[3]       10.00          13.30 r        -3.30  (VIOLATED)
   solution_pattern_o[2]       10.00          13.30 r        -3.30  (VIOLATED)
   solution_pattern_o[1]       10.00          13.21 r        -3.21  (VIOLATED)


   max_capacitance

                             Required        Actual
   Net                      Capacitance    Capacitance       Slack
   -----------------------------------------------------------------
   solution_config_o[0]         0.15           0.16          -0.01  (VIOLATED)
   analyzer/n1858               0.15           0.15           0.00  (VIOLATED: increase significant digits)

   -----------------------------------------------------------------
   Total                      2                  -0.01  

1
