 
****************************************
Report : area
Design : recam_dss_canonical_rs2_streaming_early_top
Version: W-2024.09-SP2
Date   : Fri Sep 18 16:05:23 2026
****************************************

Library(s) Used:

    slow (File: /cad/std_libraries/CBDK_TSMC018_Arm_f1.0/CIC/SynopsysDC/db/slow.db)

Number of ports:                          775
Number of nets:                          4913
Number of cells:                         4243
Number of combinational cells:           4140
Number of sequential cells:                91
Number of macros/black boxes:               0
Number of buf/inv:                       1311
Number of references:                       2

Combinational area:              78819.048729
Buf/Inv area:                    13555.080184
Noncombinational area:            5012.884884
Macro/Black Box area:                0.000000
Net Interconnect area:          446975.577728

Total cell area:                 83831.933613
Total area:                     530807.511342

Hierarchical area distribution
------------------------------

                                  Global cell area            Local cell area
                                  -------------------  ----------------------------- 
Hierarchical cell                 Absolute    Percent  Combi-      Noncombi-  Black-
                                  Total       Total    national    national   boxes   Design
--------------------------------  ----------  -------  ----------  ---------  ------  ---------------------------------------------------------------------------------
recam_dss_canonical_rs2_streaming_early_top
                                  83831.9336    100.0      0.0000     0.0000  0.0000  recam_dss_canonical_rs2_streaming_early_top
analyzer                          72718.4311     86.7  72718.4311     0.0000  0.0000  recam_shared_config_analyzer_ROW_ADDR_W9_COL_ADDR_W5_DIFF_ADDR_W9_HYBRID_ENTRIES7
policy_core                       11113.5026     13.3   3582.5329  4014.9649  0.0000  recam_dss_canonical_streaming_early_core_RESOURCE_POINT2_PATTERN_ID_W6
policy_core/generate_rs2_decode.config_decode
                                    359.2512      0.4    359.2512     0.0000  0.0000  dss_v2_group_slot_decode
policy_core/generate_rs2_decode.feasibility
                                    595.4256      0.7    352.5984     0.0000  0.0000  dss_v2_resource_feasibility
policy_core/generate_rs2_decode.feasibility/topology
                                    242.8272      0.3    242.8272     0.0000  0.0000  dss_topology_2x2_directional
policy_core/ledger_diagnostic       345.9456      0.4    345.9456     0.0000  0.0000  dss_v2_legacy_ledger_diagnostic_adapter
policy_core/resource_ledger        2215.3824      2.6   1217.4624   997.9200  0.0000  dss_v2_resource_ledger
--------------------------------  ----------  -------  ----------  ---------  ------  ---------------------------------------------------------------------------------
Total                                                  78819.0487  5012.8849  0.0000

1
