 
****************************************
Report : qor
Design : recam_dss_canonical_rs2_streaming_early_top
Version: W-2024.09-SP2
Date   : Fri Sep 18 16:05:23 2026
****************************************


  Timing Path Group 'recam_clk'
  -----------------------------------
  Levels of Logic:              75.00
  Critical Path Length:         19.79
  Critical Path Slack:           0.01
  Critical Path Clk Period:     20.00
  Total Negative Slack:          0.00
  No. of Violating Paths:        0.00
  Worst Hold Violation:          0.00
  Total Hold Violation:          0.00
  No. of Hold Violations:        0.00
  -----------------------------------


  Cell Count
  -----------------------------------
  Hierarchical Cell Count:          7
  Hierarchical Port Count:        464
  Leaf Cell Count:               4231
  Buf/Inv Cell Count:            1311
  Buf Cell Count:                 109
  Inv Cell Count:                1202
  CT Buf/Inv Cell Count:            0
  Combinational Cell Count:      4140
  Sequential Cell Count:           91
  Macro Count:                      0
  -----------------------------------


  Area
  -----------------------------------
  Combinational Area:    78819.048729
  Noncombinational Area:  5012.884884
  Buf/Inv Area:          13555.080184
  Total Buffer Area:          2697.71
  Total Inverter Area:       10857.37
  Macro/Black Box Area:      0.000000
  Net Area:             446975.577728
  -----------------------------------
  Cell Area:             83831.933613
  Design Area:          530807.511342


  Design Rules
  -----------------------------------
  Total Number of Nets:          4467
  Nets With Violations:             0
  Max Trans Violations:             0
  Max Cap Violations:               0
  -----------------------------------


  Hostname: Kaohsiung

  Compile CPU Statistics
  -----------------------------------------
  Resource Sharing:                    2.55
  Logic Optimization:                 36.82
  Mapping Optimization:                7.87
  -----------------------------------------
  Overall Compile Time:               53.58
  Overall Compile Wall Clock Time:    54.01

  --------------------------------------------------------------------

  Design  WNS: 0.00  TNS: 0.00  Number of Violating Paths: 0


  Design (Hold)  WNS: 0.00  TNS: 0.00  Number of Violating Paths: 0

  --------------------------------------------------------------------


1
