 
****************************************
Report : reference
Design : recam_dss_canonical_rs2_streaming_early_top
Version: W-2024.09-SP2
Date   : Fri Sep 18 16:05:23 2026
****************************************

Attributes:
    b - black box (unknown)
   bo - allows boundary optimization
    d - dont_touch
   mo - map_only
    h - hierarchical
    n - noncombinational
    r - removable
    s - synthetic operator
    u - contains unmapped logic

Reference          Library       Unit Area   Count    Total Area   Attributes
-----------------------------------------------------------------------------
recam_dss_canonical_streaming_early_core_RESOURCE_POINT2_PATTERN_ID_W6
                              11113.502554       1  11113.502554  h, n
recam_shared_config_analyzer_ROW_ADDR_W9_COL_ADDR_W5_DIFF_ADDR_W9_HYBRID_ENTRIES7
                              72718.431059       1  72718.431059  h
-----------------------------------------------------------------------------
Total 2 references                                  83831.933613

****************************************
Design: recam_dss_canonical_streaming_early_core_RESOURCE_POINT2_PATTERN_ID_W6 
****************************************
Reference          Library       Unit Area   Count    Total Area   Attributes
-----------------------------------------------------------------------------
AND2X2             slow          13.305600       3     39.916800  
AND4X2             slow          19.958401       1     19.958401  
BUFX1              slow          13.305600       2     26.611200  
BUFX3              slow          13.305600       1     13.305600  
BUFX4              slow          16.632000       1     16.632000  
BUFX8              slow          29.937599       1     29.937599  
BUFX12             slow          33.264000       3     99.792000  
BUFX16             slow          43.243198       4    172.972794  
BUFX20             slow          53.222401       5    266.112003  
CLKBUFX3           slow          13.305600       1     13.305600  
CLKBUFX8           slow          23.284800       4     93.139198  
CLKINVX3           slow           9.979200       4     39.916801  
CLKINVX4           slow          13.305600       1     13.305600  
CLKINVX8           slow          19.958401       1     19.958401  
DFFHQX4            slow          73.180801       4    292.723206  n
DFFHQXL            slow          53.222401      54   2874.009636  n
DFFXL              slow          56.548801      15    848.232021  n
INVX1              slow           6.652800      71    472.348806  
INVX2              slow           9.979200       1      9.979200  
INVX4              slow          13.305600       4     53.222401  
INVX8              slow          19.958401       3     59.875202  
INVXL              slow           6.652800       3     19.958400  
MXI2X1             slow          23.284800       4     93.139198  
MXI2X2             slow          26.611200       1     26.611200  
MXI2XL             slow          23.284800       1     23.284800  
NAND2BX1           slow          13.305600       2     26.611200  
NAND3X1            slow          13.305600       2     26.611200  
NAND3X4            slow          33.264000       1     33.264000  
NAND3XL            slow          13.305600       1     13.305600  
OAI2BB1X1          slow          16.632000       5     83.160000  
OAI2BB1X2          slow          23.284800       1     23.284800  
OAI2BB1X4          slow          33.264000       1     33.264000  
OAI22X1            slow          19.958401      12    239.500809  
OAI22XL            slow          19.958401      49    977.961636  
OAI31X2            slow          29.937599       1     29.937599  
OAI31X4            slow          29.937599       3     89.812798  
OAI32X1            slow          23.284800       1     23.284800  
OAI211XL           slow          19.958401       1     19.958401  
OR2X2              slow          13.305600      19    252.806403  
OR2X4              slow          19.958401       3     59.875202  
OR2XL              slow          13.305600       2     26.611200  
dss_v2_group_slot_decode        359.251205       1    359.251205  h
dss_v2_legacy_ledger_diagnostic_adapter
                                345.945604       1    345.945604  h
dss_v2_resource_feasibility     595.425608       1    595.425608  h
dss_v2_resource_ledger         2215.382421       1   2215.382421  h, n
-----------------------------------------------------------------------------
Total 45 references                                 11113.502554

****************************************
Design: dss_v2_group_slot_decode 
****************************************
Reference          Library       Unit Area   Count    Total Area   Attributes
-----------------------------------------------------------------------------
AND2X4             slow          16.632000       1     16.632000  
AOI2BB1X2          slow          23.284800       1     23.284800  
AOI31X1            slow          16.632000       1     16.632000  
CLKINVX2           slow           9.979200       1      9.979200  
CLKINVX3           slow           9.979200       1      9.979200  
INVX1              slow           6.652800       1      6.652800  
INVX4              slow          13.305600       2     26.611200  
NAND3XL            slow          13.305600       1     13.305600  
OAI2BB1X1          slow          16.632000       2     33.264000  
OAI32X2            slow          36.590401       1     36.590401  
OR2XL              slow          13.305600       2     26.611200  
XOR2X4             slow          56.548801       2    113.097603  
XOR2XL             slow          26.611200       1     26.611200  
-----------------------------------------------------------------------------
Total 13 references                                   359.251205

****************************************
Design: dss_v2_legacy_ledger_diagnostic_adapter 
****************************************
Reference          Library       Unit Area   Count    Total Area   Attributes
-----------------------------------------------------------------------------
AND2X2             slow          13.305600       1     13.305600  
AOI21X1            slow          13.305600       2     26.611200  
AOI31X1            slow          16.632000       4     66.528000  
INVX1              slow           6.652800       9     59.875201  
INVXL              slow           6.652800       2     13.305600  
NOR3X1             slow          13.305600       1     13.305600  
OAI2BB1X1          slow          16.632000       2     33.264000  
OAI21XL            slow          13.305600       2     26.611200  
OAI31X1            slow          19.958401       2     39.916801  
XOR2X1             slow          26.611200       2     53.222401  
-----------------------------------------------------------------------------
Total 10 references                                   345.945604

****************************************
Design: dss_v2_resource_feasibility 
****************************************
Reference          Library       Unit Area   Count    Total Area   Attributes
-----------------------------------------------------------------------------
AOI22X1            slow          16.632000       3     49.896000  
AOI22XL            slow          16.632000       4     66.528000  
AOI221X1           slow          23.284800       1     23.284800  
INVX1              slow           6.652800      11     73.180801  
NAND2BX1           slow          13.305600       1     13.305600  
NOR2BX1            slow          13.305600       1     13.305600  
NOR2X1             slow           9.979200       4     39.916801  
OAI21XL            slow          13.305600       1     13.305600  
OAI22X1            slow          19.958401       2     39.916801  
OAI211X1           slow          19.958401       1     19.958401  
dss_topology_2x2_directional    242.827204       1    242.827204  h
-----------------------------------------------------------------------------
Total 11 references                                   595.425608

****************************************
Design: dss_topology_2x2_directional 
****************************************
Reference          Library       Unit Area   Count    Total Area   Attributes
-----------------------------------------------------------------------------
AND2X2             slow          13.305600       2     26.611200  
INVX1              slow           6.652800       4     26.611200  
NAND2BX1           slow          13.305600       1     13.305600  
NAND2X1            slow           9.979200       1      9.979200  
NAND3BX1           slow          16.632000       1     16.632000  
NAND4BXL           slow          19.958401       1     19.958401  
NAND4X1            slow          16.632000       2     33.264000  
NOR2X1             slow           9.979200       2     19.958401  
NOR4BX1            slow          19.958401       1     19.958401  
OAI2BB1X1          slow          16.632000       1     16.632000  
OAI21XL            slow          13.305600       1     13.305600  
XOR2XL             slow          26.611200       1     26.611200  
-----------------------------------------------------------------------------
Total 12 references                                   242.827204

****************************************
Design: dss_v2_resource_ledger 
****************************************
Reference          Library       Unit Area   Count    Total Area   Attributes
-----------------------------------------------------------------------------
AND2X1             slow          13.305600       2     26.611200  
AND2X2             slow          13.305600       6     79.833601  
AND3X1             slow          16.632000       2     33.264000  
AND3X2             slow          16.632000       2     33.264000  
AOI31X1            slow          16.632000       4     66.528000  
BUFX8              slow          29.937599       1     29.937599  
CLKINVX3           slow           9.979200       2     19.958401  
CLKINVX4           slow          13.305600       1     13.305600  
DFFHQXL            slow          53.222401       6    319.334404  n
DFFXL              slow          56.548801      12    678.585617  n
INVX1              slow           6.652800      13     86.486401  
INVX8              slow          19.958401       2     39.916801  
INVXL              slow           6.652800       1      6.652800  
MX4X1              slow          66.528000       1     66.528000  
MX4XL              slow          66.528000       1     66.528000  
MXI2X1             slow          23.284800       6    139.708797  
MXI2X2             slow          26.611200       6    159.667202  
MXI2XL             slow          23.284800       4     93.139198  
NAND2X1            slow           9.979200       1      9.979200  
NAND2XL            slow           9.979200       2     19.958401  
NAND4X1            slow          16.632000       4     66.528000  
OAI22X1            slow          19.958401       1     19.958401  
OAI31X2            slow          29.937599       2     59.875198  
OAI31X4            slow          29.937599       2     59.875198  
OR2X4              slow          19.958401       1     19.958401  
-----------------------------------------------------------------------------
Total 25 references                                  2215.382421

****************************************
Design: recam_shared_config_analyzer_ROW_ADDR_W9_COL_ADDR_W5_DIFF_ADDR_W9_HYBRID_ENTRIES7 
****************************************
Reference          Library       Unit Area   Count    Total Area   Attributes
-----------------------------------------------------------------------------
AND2X1             slow          13.305600       6     79.833601  
AND2X2             slow          13.305600      31    412.473605  
AND2X4             slow          16.632000       6     99.792000  
AND3X2             slow          16.632000      11    182.952000  
AND3X4             slow          19.958401       5     99.792004  
AND4X1             slow          19.958401       4     79.833603  
AND4X2             slow          19.958401      47    938.044834  
AND4X4             slow          36.590401      21    768.398415  
AOI2BB1X1          slow          16.632000       2     33.264000  
AOI2BB1X2          slow          23.284800       2     46.569599  
AOI2BB1X4          slow          36.590401       2     73.180801  
AOI2BB2X1          slow          23.284800      32    745.113586  
AOI2BB2X2          slow          29.937599       9    269.438393  
AOI2BB2X4          slow          49.896000       2     99.792000  
AOI2BB2XL          slow          23.284800       3     69.854399  
AOI21X4            slow          33.264000       1     33.264000  
AOI22X1            slow          16.632000       6     99.792000  
AOI22XL            slow          16.632000       1     16.632000  
AOI31X1            slow          16.632000       5     83.160000  
AOI31X2            slow          29.937599       3     89.812798  
AOI31X4            slow          29.937599       1     29.937599  
AOI32X1            slow          23.284800       1     23.284800  
AOI32X2            slow          36.590401       1     36.590401  
AOI33X1            slow          26.611200       3     79.833601  
AOI211X1           slow          16.632000       6     99.792000  
AOI211X2           slow          29.937599       2     59.875198  
AOI211X4           slow          33.264000       1     33.264000  
AOI211XL           slow          16.632000       1     16.632000  
AOI221X1           slow          23.284800      13    302.702394  
AOI221X2           slow          39.916801       6    239.500809  
AOI221X4           slow          36.590401       1     36.590401  
AOI222X1           slow          26.611200      31    824.947210  
AOI222X2           slow          46.569599       8    372.556793  
BUFX1              slow          13.305600      16    212.889603  
BUFX3              slow          13.305600      21    279.417603  
BUFX4              slow          16.632000      11    182.952000  
BUFX8              slow          29.937599      16    479.001587  
BUFX12             slow          33.264000       7    232.848000  
BUFX16             slow          43.243198       4    172.972794  
BUFX20             slow          53.222401       5    266.112003  
CLKBUFX2           slow          13.305600       1     13.305600  
CLKBUFX8           slow          23.284800       1     23.284800  
CLKBUFXL           slow          13.305600       1     13.305600  
CLKINVX2           slow           9.979200       8     79.833603  
CLKINVX3           slow           9.979200     171   1706.443262  
CLKINVX4           slow          13.305600      23    306.028804  
CLKINVX8           slow          19.958401      25    498.960018  
CLKINVX12          slow          63.201599       1     63.201599  
CLKINVX16          slow          83.160004       1     83.160004  
CLKINVXL           slow           9.979200      30    299.376011  
DLY1X1             slow          19.958401       3     59.875202  
INVX1              slow           6.652800     593   3945.110449  
INVX2              slow           9.979200      21    209.563208  
INVX3              slow          13.305600       7     93.139201  
INVX4              slow          13.305600      40    532.224007  
INVX8              slow          19.958401      38    758.419228  
INVX12             slow          43.243198      12    518.918381  
INVX20             slow          63.201599       1     63.201599  
INVXL              slow           6.652800      93    618.710408  
MX2X1              slow          26.611200      75   1995.840025  
MX2X2              slow          29.937599      11    329.313591  
MX2X4              slow          33.264000       8    266.112000  
MX2XL              slow          26.611200       1     26.611200  
MXI2X1             slow          23.284800      86   2002.492764  
MXI2X2             slow          26.611200     112   2980.454437  
MXI2X4             slow          46.569599      34   1583.366371  
MXI2XL             slow          23.284800      37    861.537584  
NAND2BX1           slow          13.305600       1     13.305600  
NAND2BX2           slow          19.958401       1     19.958401  
NAND2BX4           slow          26.611200       1     26.611200  
NAND2X1            slow           9.979200      48    479.001617  
NAND2X2            slow          16.632000       2     33.264000  
NAND2X4            slow          23.284800       5    116.423998  
NAND2XL            slow           9.979200       1      9.979200  
NAND3BX1           slow          16.632000       1     16.632000  
NAND3BX2           slow          26.611200       1     26.611200  
NAND3BX4           slow          36.590401       2     73.180801  
NAND3BXL           slow          16.632000       1     16.632000  
NAND3X1            slow          13.305600     191   2541.369632  
NAND3X2            slow          23.284800      18    419.126392  
NAND3X4            slow          33.264000      31   1031.183998  
NAND3XL            slow          13.305600      29    385.862405  
NAND4BX2           slow          33.264000       2     66.528000  
NAND4BX4           slow          59.875198       5    299.375992  
NAND4BXL           slow          19.958401       2     39.916801  
NAND4X1            slow          16.632000      83   1380.455997  
NAND4X2            slow          29.937599      24    718.502380  
NAND4X4            slow          56.548801      23   1300.622433  
NAND4XL            slow          16.632000      14    232.848000  
NOR2BX2            slow          19.958401       1     19.958401  
NOR2BX4            slow          26.611200       1     26.611200  
NOR2X1             slow           9.979200      50    498.960018  
NOR2X2             slow          16.632000      21    349.271999  
NOR2X4             slow          23.284800      10    232.847996  
NOR2XL             slow           9.979200       1      9.979200  
NOR3BX2            slow          26.611200       1     26.611200  
NOR3BX4            slow          36.590401       3    109.771202  
NOR3X1             slow          13.305600       6     79.833601  
NOR3X2             slow          23.284800       1     23.284800  
NOR3X4             slow          33.264000       4    133.056000  
NOR3XL             slow          13.305600       1     13.305600  
NOR4X1             slow          19.958401       4     79.833603  
NOR4X2             slow          29.937599       2     59.875198  
NOR4X4             slow          56.548801       2    113.097603  
OAI2BB1X1          slow          16.632000      51    848.231998  
OAI2BB1X2          slow          23.284800      16    372.556793  
OAI2BB1X4          slow          33.264000      20    665.279999  
OAI2BB1XL          slow          16.632000      11    182.952000  
OAI21X4            slow          36.590401       1     36.590401  
OAI21XL            slow          13.305600       1     13.305600  
OAI22X1            slow          19.958401      31    618.710423  
OAI22X2            slow          29.937599      20    598.751984  
OAI22X4            slow          46.569599       5    232.847996  
OAI22XL            slow          19.958401       3     59.875202  
OAI31X1            slow          19.958401       1     19.958401  
OAI31X2            slow          29.937599       5    149.687996  
OAI31X4            slow          29.937599       3     89.812798  
OAI32X2            slow          36.590401       1     36.590401  
OAI32X4            slow          33.264000       6    199.584000  
OAI33X4            slow          36.590401       1     36.590401  
OAI211X1           slow          19.958401      10    199.584007  
OAI211X2           slow          33.264000       8    266.112000  
OAI211X4           slow          29.937599       5    149.687996  
OAI211XL           slow          19.958401       1     19.958401  
OAI221X1           slow          26.611200       1     26.611200  
OAI221X2           slow          43.243198       3    129.729595  
OAI221X4           slow          36.590401       2     73.180801  
OAI221XL           slow          23.284800       2     46.569599  
OAI222X1           slow          29.937599       3     89.812798  
OAI222X2           slow          49.896000       3    149.688000  
OAI222X4           slow          39.916801       2     79.833603  
OAI222XL           slow          26.611200       2     53.222401  
OR2X1              slow          13.305600       5     66.528001  
OR2X2              slow          13.305600     275   3659.040046  
OR2X4              slow          19.958401      98   1955.923271  
OR2XL              slow          13.305600      34    452.390406  
OR3X4              slow          29.937599       2     59.875198  
OR3XL              slow          16.632000       1     16.632000  
OR4X1              slow          19.958401       1     19.958401  
OR4X2              slow          19.958401      60   1197.504044  
OR4X4              slow          36.590401      18    658.627213  
XNOR2X1            slow          26.611200      39   1037.836813  
XNOR2X2            slow          36.590401      12    439.084808  
XNOR2X4            slow          56.548801      11    622.036816  
XNOR2XL            slow          26.611200       3     79.833601  
XNOR3X2            slow          59.875198       1     59.875198  
XOR2X1             slow          26.611200     416  11070.259338  
XOR2X2             slow          33.264000     105   3492.719994  
XOR2X4             slow          56.548801      36   2035.756851  
XOR2XL             slow          26.611200      41   1091.059214  
-----------------------------------------------------------------------------
Total 150 references                                72718.431059
1
