 
****************************************
Report : constraint
        -all_violators
Design : pending_repair_buffer_HYBRID_ENTRIES14
Version: W-2024.09-SP2
Date   : Wed Sep  9 14:41:53 2026
****************************************


   max_fanout

                             Required        Actual
   Net                        Fanout         Fanout          Slack
   -----------------------------------------------------------------
   clk_i (dont_touch)          10.00          86.00         -76.00  (VIOLATED)
   n12                         10.00          13.00          -3.00  (VIOLATED)
   n13                         10.00          13.00          -3.00  (VIOLATED)
   n14                         10.00          13.00          -3.00  (VIOLATED)
   n15                         10.00          13.00          -3.00  (VIOLATED)
   n16                         10.00          13.00          -3.00  (VIOLATED)
   n17                         10.00          13.00          -3.00  (VIOLATED)
   n18                         10.00          13.00          -3.00  (VIOLATED)
   n19                         10.00          13.00          -3.00  (VIOLATED)
   n20                         10.00          13.00          -3.00  (VIOLATED)
   n21                         10.00          13.00          -3.00  (VIOLATED)
   n22                         10.00          13.00          -3.00  (VIOLATED)
   n23                         10.00          13.00          -3.00  (VIOLATED)
   n24                         10.00          13.00          -3.00  (VIOLATED)
   n25                         10.00          13.00          -3.00  (VIOLATED)
   n26                         10.00          13.00          -3.00  (VIOLATED)
   n27                         10.00          13.00          -3.00  (VIOLATED)
   n28                         10.00          13.00          -3.00  (VIOLATED)
   n29                         10.00          13.00          -3.00  (VIOLATED)
   n30                         10.00          13.00          -3.00  (VIOLATED)
   n31                         10.00          13.00          -3.00  (VIOLATED)
   n32                         10.00          13.00          -3.00  (VIOLATED)
   n33                         10.00          13.00          -3.00  (VIOLATED)
   n34                         10.00          13.00          -3.00  (VIOLATED)
   n35                         10.00          13.00          -3.00  (VIOLATED)
   n36                         10.00          13.00          -3.00  (VIOLATED)
   n37                         10.00          13.00          -3.00  (VIOLATED)
   n38                         10.00          13.00          -3.00  (VIOLATED)
   n39                         10.00          13.00          -3.00  (VIOLATED)
   n40                         10.00          13.00          -3.00  (VIOLATED)
   n41                         10.00          13.00          -3.00  (VIOLATED)
   n42                         10.00          13.00          -3.00  (VIOLATED)
   n43                         10.00          13.00          -3.00  (VIOLATED)
   n44                         10.00          13.00          -3.00  (VIOLATED)
   n45                         10.00          13.00          -3.00  (VIOLATED)
   n46                         10.00          13.00          -3.00  (VIOLATED)
   n47                         10.00          13.00          -3.00  (VIOLATED)
   n48                         10.00          13.00          -3.00  (VIOLATED)
   n49                         10.00          13.00          -3.00  (VIOLATED)
   n50                         10.00          13.00          -3.00  (VIOLATED)
   n51                         10.00          13.00          -3.00  (VIOLATED)
   n52                         10.00          13.00          -3.00  (VIOLATED)
   n53                         10.00          13.00          -3.00  (VIOLATED)
   n54                         10.00          13.00          -3.00  (VIOLATED)
   n55                         10.00          13.00          -3.00  (VIOLATED)
   n56                         10.00          13.00          -3.00  (VIOLATED)
   n57                         10.00          13.00          -3.00  (VIOLATED)
   n58                         10.00          13.00          -3.00  (VIOLATED)
   n59                         10.00          13.00          -3.00  (VIOLATED)
   n60                         10.00          13.00          -3.00  (VIOLATED)
   n61                         10.00          13.00          -3.00  (VIOLATED)
   n62                         10.00          13.00          -3.00  (VIOLATED)
   n63                         10.00          13.00          -3.00  (VIOLATED)
   n64                         10.00          13.00          -3.00  (VIOLATED)
   n65                         10.00          13.00          -3.00  (VIOLATED)
   n66                         10.00          13.00          -3.00  (VIOLATED)
   n67                         10.00          13.00          -3.00  (VIOLATED)
   n68                         10.00          13.00          -3.00  (VIOLATED)
   n69                         10.00          13.00          -3.00  (VIOLATED)
   n70                         10.00          13.00          -3.00  (VIOLATED)
   n71                         10.00          13.00          -3.00  (VIOLATED)
   n72                         10.00          13.00          -3.00  (VIOLATED)
   n73                         10.00          13.00          -3.00  (VIOLATED)
   n74                         10.00          13.00          -3.00  (VIOLATED)
   n75                         10.00          13.00          -3.00  (VIOLATED)
   n76                         10.00          13.00          -3.00  (VIOLATED)
   n77                         10.00          13.00          -3.00  (VIOLATED)
   n78                         10.00          13.00          -3.00  (VIOLATED)
   n79                         10.00          13.00          -3.00  (VIOLATED)
   n80                         10.00          13.00          -3.00  (VIOLATED)
   n81                         10.00          13.00          -3.00  (VIOLATED)
   n82                         10.00          13.00          -3.00  (VIOLATED)
   n83                         10.00          13.00          -3.00  (VIOLATED)
   n84                         10.00          13.00          -3.00  (VIOLATED)
   n85                         10.00          13.00          -3.00  (VIOLATED)
   n86                         10.00          13.00          -3.00  (VIOLATED)
   n87                         10.00          13.00          -3.00  (VIOLATED)
   n88                         10.00          13.00          -3.00  (VIOLATED)
   n89                         10.00          13.00          -3.00  (VIOLATED)
   n90                         10.00          13.00          -3.00  (VIOLATED)
   n91                         10.00          13.00          -3.00  (VIOLATED)
   n92                         10.00          13.00          -3.00  (VIOLATED)
   n93                         10.00          13.00          -3.00  (VIOLATED)
   n94                         10.00          13.00          -3.00  (VIOLATED)
   n95                         10.00          13.00          -3.00  (VIOLATED)
   n96                         10.00          13.00          -3.00  (VIOLATED)
   n97                         10.00          13.00          -3.00  (VIOLATED)
   n98                         10.00          13.00          -3.00  (VIOLATED)
   n99                         10.00          13.00          -3.00  (VIOLATED)
   n100                        10.00          13.00          -3.00  (VIOLATED)
   n101                        10.00          13.00          -3.00  (VIOLATED)
   n102                        10.00          13.00          -3.00  (VIOLATED)
   n103                        10.00          13.00          -3.00  (VIOLATED)
   n104                        10.00          13.00          -3.00  (VIOLATED)
   n105                        10.00          13.00          -3.00  (VIOLATED)
   n106                        10.00          13.00          -3.00  (VIOLATED)
   n107                        10.00          13.00          -3.00  (VIOLATED)
   n108                        10.00          13.00          -3.00  (VIOLATED)
   n109                        10.00          13.00          -3.00  (VIOLATED)
   n110                        10.00          13.00          -3.00  (VIOLATED)
   n111                        10.00          13.00          -3.00  (VIOLATED)
   n112                        10.00          13.00          -3.00  (VIOLATED)
   n113                        10.00          13.00          -3.00  (VIOLATED)
   n114                        10.00          13.00          -3.00  (VIOLATED)
   n115                        10.00          13.00          -3.00  (VIOLATED)
   n116                        10.00          13.00          -3.00  (VIOLATED)
   n117                        10.00          13.00          -3.00  (VIOLATED)
   n118                        10.00          13.00          -3.00  (VIOLATED)
   n119                        10.00          13.00          -3.00  (VIOLATED)
   n120                        10.00          13.00          -3.00  (VIOLATED)
   n121                        10.00          13.00          -3.00  (VIOLATED)
   n122                        10.00          13.00          -3.00  (VIOLATED)
   n123                        10.00          13.00          -3.00  (VIOLATED)
   n124                        10.00          13.00          -3.00  (VIOLATED)
   n125                        10.00          13.00          -3.00  (VIOLATED)
   n126                        10.00          13.00          -3.00  (VIOLATED)
   n127                        10.00          13.00          -3.00  (VIOLATED)
   n128                        10.00          13.00          -3.00  (VIOLATED)
   n129                        10.00          13.00          -3.00  (VIOLATED)
   n130                        10.00          13.00          -3.00  (VIOLATED)
   n131                        10.00          13.00          -3.00  (VIOLATED)
   n132                        10.00          13.00          -3.00  (VIOLATED)
   n133                        10.00          13.00          -3.00  (VIOLATED)
   n134                        10.00          13.00          -3.00  (VIOLATED)
   n135                        10.00          13.00          -3.00  (VIOLATED)
   n136                        10.00          13.00          -3.00  (VIOLATED)
   n137                        10.00          13.00          -3.00  (VIOLATED)
   n138                        10.00          13.00          -3.00  (VIOLATED)
   n139                        10.00          13.00          -3.00  (VIOLATED)
   n140                        10.00          13.00          -3.00  (VIOLATED)
   n141                        10.00          13.00          -3.00  (VIOLATED)
   n142                        10.00          13.00          -3.00  (VIOLATED)
   n143                        10.00          13.00          -3.00  (VIOLATED)
   n144                        10.00          13.00          -3.00  (VIOLATED)
   n145                        10.00          13.00          -3.00  (VIOLATED)
   n146                        10.00          13.00          -3.00  (VIOLATED)
   n147                        10.00          13.00          -3.00  (VIOLATED)
   n148                        10.00          13.00          -3.00  (VIOLATED)
   n149                        10.00          13.00          -3.00  (VIOLATED)
   n150                        10.00          13.00          -3.00  (VIOLATED)
   n151                        10.00          13.00          -3.00  (VIOLATED)
   n152                        10.00          13.00          -3.00  (VIOLATED)
   n153                        10.00          13.00          -3.00  (VIOLATED)
   n154                        10.00          13.00          -3.00  (VIOLATED)
   n155                        10.00          13.00          -3.00  (VIOLATED)
   n156                        10.00          13.00          -3.00  (VIOLATED)
   n157                        10.00          13.00          -3.00  (VIOLATED)
   n158                        10.00          13.00          -3.00  (VIOLATED)
   n159                        10.00          13.00          -3.00  (VIOLATED)
   n160                        10.00          13.00          -3.00  (VIOLATED)
   n161                        10.00          13.00          -3.00  (VIOLATED)
   n162                        10.00          13.00          -3.00  (VIOLATED)
   n163                        10.00          13.00          -3.00  (VIOLATED)
   n164                        10.00          13.00          -3.00  (VIOLATED)
   n165                        10.00          13.00          -3.00  (VIOLATED)
   n166                        10.00          13.00          -3.00  (VIOLATED)
   n167                        10.00          13.00          -3.00  (VIOLATED)
   n168                        10.00          13.00          -3.00  (VIOLATED)
   n169                        10.00          13.00          -3.00  (VIOLATED)
   n170                        10.00          13.00          -3.00  (VIOLATED)
   n171                        10.00          13.00          -3.00  (VIOLATED)
   n172                        10.00          13.00          -3.00  (VIOLATED)
   n173                        10.00          13.00          -3.00  (VIOLATED)
   n174                        10.00          13.00          -3.00  (VIOLATED)
   n175                        10.00          13.00          -3.00  (VIOLATED)
   n176                        10.00          13.00          -3.00  (VIOLATED)
   n177                        10.00          13.00          -3.00  (VIOLATED)
   n178                        10.00          13.00          -3.00  (VIOLATED)
   n179                        10.00          13.00          -3.00  (VIOLATED)
   n180                        10.00          13.00          -3.00  (VIOLATED)
   n181                        10.00          13.00          -3.00  (VIOLATED)
   n182                        10.00          13.00          -3.00  (VIOLATED)
   n183                        10.00          13.00          -3.00  (VIOLATED)
   n184                        10.00          13.00          -3.00  (VIOLATED)
   n185                        10.00          13.00          -3.00  (VIOLATED)
   n186                        10.00          13.00          -3.00  (VIOLATED)
   n187                        10.00          13.00          -3.00  (VIOLATED)
   n188                        10.00          13.00          -3.00  (VIOLATED)
   n189                        10.00          13.00          -3.00  (VIOLATED)
   n190                        10.00          13.00          -3.00  (VIOLATED)
   n191                        10.00          13.00          -3.00  (VIOLATED)
   n192                        10.00          13.00          -3.00  (VIOLATED)
   n193                        10.00          13.00          -3.00  (VIOLATED)
   n194                        10.00          13.00          -3.00  (VIOLATED)
   n195                        10.00          13.00          -3.00  (VIOLATED)
   n196                        10.00          13.00          -3.00  (VIOLATED)
   n197                        10.00          13.00          -3.00  (VIOLATED)
   n198                        10.00          13.00          -3.00  (VIOLATED)
   n199                        10.00          13.00          -3.00  (VIOLATED)
   n200                        10.00          13.00          -3.00  (VIOLATED)
   n201                        10.00          13.00          -3.00  (VIOLATED)
   n202                        10.00          13.00          -3.00  (VIOLATED)
   n203                        10.00          13.00          -3.00  (VIOLATED)
   n204                        10.00          13.00          -3.00  (VIOLATED)
   n205                        10.00          13.00          -3.00  (VIOLATED)
   n206                        10.00          13.00          -3.00  (VIOLATED)
   n207                        10.00          13.00          -3.00  (VIOLATED)
   n208                        10.00          13.00          -3.00  (VIOLATED)
   n209                        10.00          13.00          -3.00  (VIOLATED)
   n210                        10.00          13.00          -3.00  (VIOLATED)
   n211                        10.00          13.00          -3.00  (VIOLATED)
   n212                        10.00          13.00          -3.00  (VIOLATED)
   n213                        10.00          13.00          -3.00  (VIOLATED)
   n214                        10.00          13.00          -3.00  (VIOLATED)
   n215                        10.00          13.00          -3.00  (VIOLATED)
   n216                        10.00          13.00          -3.00  (VIOLATED)
   n217                        10.00          13.00          -3.00  (VIOLATED)
   n218                        10.00          13.00          -3.00  (VIOLATED)
   n219                        10.00          13.00          -3.00  (VIOLATED)
   n220                        10.00          13.00          -3.00  (VIOLATED)
   n221                        10.00          13.00          -3.00  (VIOLATED)
   n222                        10.00          13.00          -3.00  (VIOLATED)
   n223                        10.00          13.00          -3.00  (VIOLATED)
   n224                        10.00          13.00          -3.00  (VIOLATED)
   n225                        10.00          13.00          -3.00  (VIOLATED)
   n226                        10.00          13.00          -3.00  (VIOLATED)
   n227                        10.00          13.00          -3.00  (VIOLATED)
   n228                        10.00          13.00          -3.00  (VIOLATED)
   n229                        10.00          13.00          -3.00  (VIOLATED)
   n230                        10.00          13.00          -3.00  (VIOLATED)
   n231                        10.00          13.00          -3.00  (VIOLATED)
   n232                        10.00          13.00          -3.00  (VIOLATED)
   n233                        10.00          13.00          -3.00  (VIOLATED)
   n234                        10.00          13.00          -3.00  (VIOLATED)
   n235                        10.00          13.00          -3.00  (VIOLATED)
   n236                        10.00          13.00          -3.00  (VIOLATED)
   n237                        10.00          13.00          -3.00  (VIOLATED)
   n238                        10.00          13.00          -3.00  (VIOLATED)
   n239                        10.00          13.00          -3.00  (VIOLATED)
   n240                        10.00          13.00          -3.00  (VIOLATED)
   n241                        10.00          13.00          -3.00  (VIOLATED)
   n242                        10.00          13.00          -3.00  (VIOLATED)
   n243                        10.00          13.00          -3.00  (VIOLATED)
   n244                        10.00          13.00          -3.00  (VIOLATED)
   n245                        10.00          13.00          -3.00  (VIOLATED)
   n246                        10.00          13.00          -3.00  (VIOLATED)
   n247                        10.00          13.00          -3.00  (VIOLATED)
   n248                        10.00          13.00          -3.00  (VIOLATED)
   n357                        10.00          12.00          -2.00  (VIOLATED)
   n358                        10.00          12.00          -2.00  (VIOLATED)
   n359                        10.00          12.00          -2.00  (VIOLATED)
   n360                        10.00          12.00          -2.00  (VIOLATED)
   n361                        10.00          12.00          -2.00  (VIOLATED)
   n362                        10.00          12.00          -2.00  (VIOLATED)
   n363                        10.00          12.00          -2.00  (VIOLATED)
   n364                        10.00          12.00          -2.00  (VIOLATED)
   n365                        10.00          12.00          -2.00  (VIOLATED)
   n366                        10.00          12.00          -2.00  (VIOLATED)
   n367                        10.00          12.00          -2.00  (VIOLATED)
   n368                        10.00          12.00          -2.00  (VIOLATED)
   n369                        10.00          12.00          -2.00  (VIOLATED)
   n370                        10.00          12.00          -2.00  (VIOLATED)
   n371                        10.00          12.00          -2.00  (VIOLATED)
   n372                        10.00          12.00          -2.00  (VIOLATED)
   n373                        10.00          12.00          -2.00  (VIOLATED)
   n374                        10.00          12.00          -2.00  (VIOLATED)
   n375                        10.00          12.00          -2.00  (VIOLATED)
   n376                        10.00          12.00          -2.00  (VIOLATED)
   n377                        10.00          12.00          -2.00  (VIOLATED)
   n378                        10.00          12.00          -2.00  (VIOLATED)
   n379                        10.00          12.00          -2.00  (VIOLATED)
   n380                        10.00          12.00          -2.00  (VIOLATED)
   n381                        10.00          12.00          -2.00  (VIOLATED)
   n382                        10.00          12.00          -2.00  (VIOLATED)
   n383                        10.00          12.00          -2.00  (VIOLATED)
   n384                        10.00          12.00          -2.00  (VIOLATED)
   n385                        10.00          12.00          -2.00  (VIOLATED)
   n386                        10.00          12.00          -2.00  (VIOLATED)
   n387                        10.00          12.00          -2.00  (VIOLATED)
   n388                        10.00          12.00          -2.00  (VIOLATED)
   n389                        10.00          12.00          -2.00  (VIOLATED)
   n390                        10.00          12.00          -2.00  (VIOLATED)
   n391                        10.00          12.00          -2.00  (VIOLATED)
   n392                        10.00          12.00          -2.00  (VIOLATED)
   n393                        10.00          12.00          -2.00  (VIOLATED)
   n394                        10.00          12.00          -2.00  (VIOLATED)
   n395                        10.00          12.00          -2.00  (VIOLATED)
   n396                        10.00          12.00          -2.00  (VIOLATED)
   n397                        10.00          12.00          -2.00  (VIOLATED)
   n398                        10.00          12.00          -2.00  (VIOLATED)
   n399                        10.00          12.00          -2.00  (VIOLATED)
   n400                        10.00          12.00          -2.00  (VIOLATED)
   n401                        10.00          12.00          -2.00  (VIOLATED)
   n402                        10.00          12.00          -2.00  (VIOLATED)
   n403                        10.00          12.00          -2.00  (VIOLATED)
   n404                        10.00          12.00          -2.00  (VIOLATED)
   n405                        10.00          12.00          -2.00  (VIOLATED)
   n406                        10.00          12.00          -2.00  (VIOLATED)
   n407                        10.00          12.00          -2.00  (VIOLATED)
   n408                        10.00          12.00          -2.00  (VIOLATED)
   n409                        10.00          12.00          -2.00  (VIOLATED)
   n410                        10.00          12.00          -2.00  (VIOLATED)
   n411                        10.00          12.00          -2.00  (VIOLATED)
   n412                        10.00          12.00          -2.00  (VIOLATED)
   n413                        10.00          12.00          -2.00  (VIOLATED)
   n414                        10.00          12.00          -2.00  (VIOLATED)
   n415                        10.00          12.00          -2.00  (VIOLATED)
   n416                        10.00          12.00          -2.00  (VIOLATED)
   n417                        10.00          12.00          -2.00  (VIOLATED)
   n418                        10.00          12.00          -2.00  (VIOLATED)
   n419                        10.00          12.00          -2.00  (VIOLATED)
   n420                        10.00          12.00          -2.00  (VIOLATED)
   n421                        10.00          12.00          -2.00  (VIOLATED)
   n422                        10.00          12.00          -2.00  (VIOLATED)
   n423                        10.00          12.00          -2.00  (VIOLATED)
   n424                        10.00          12.00          -2.00  (VIOLATED)
   n425                        10.00          12.00          -2.00  (VIOLATED)
   n426                        10.00          12.00          -2.00  (VIOLATED)
   n427                        10.00          12.00          -2.00  (VIOLATED)
   n428                        10.00          12.00          -2.00  (VIOLATED)
   n429                        10.00          12.00          -2.00  (VIOLATED)
   n430                        10.00          12.00          -2.00  (VIOLATED)
   n431                        10.00          12.00          -2.00  (VIOLATED)
   n432                        10.00          12.00          -2.00  (VIOLATED)
   n433                        10.00          12.00          -2.00  (VIOLATED)
   n434                        10.00          12.00          -2.00  (VIOLATED)
   n435                        10.00          12.00          -2.00  (VIOLATED)
   n436                        10.00          12.00          -2.00  (VIOLATED)
   n437                        10.00          12.00          -2.00  (VIOLATED)
   n438                        10.00          12.00          -2.00  (VIOLATED)
   n439                        10.00          12.00          -2.00  (VIOLATED)
   n440                        10.00          12.00          -2.00  (VIOLATED)
   n441                        10.00          12.00          -2.00  (VIOLATED)
   n442                        10.00          12.00          -2.00  (VIOLATED)
   n443                        10.00          12.00          -2.00  (VIOLATED)
   n444                        10.00          12.00          -2.00  (VIOLATED)
   n445                        10.00          12.00          -2.00  (VIOLATED)
   n446                        10.00          12.00          -2.00  (VIOLATED)
   n447                        10.00          12.00          -2.00  (VIOLATED)
   n448                        10.00          12.00          -2.00  (VIOLATED)
   n449                        10.00          12.00          -2.00  (VIOLATED)
   n450                        10.00          12.00          -2.00  (VIOLATED)
   n451                        10.00          12.00          -2.00  (VIOLATED)
   n452                        10.00          12.00          -2.00  (VIOLATED)
   n453                        10.00          12.00          -2.00  (VIOLATED)
   n454                        10.00          12.00          -2.00  (VIOLATED)
   n455                        10.00          12.00          -2.00  (VIOLATED)
   n456                        10.00          12.00          -2.00  (VIOLATED)
   n457                        10.00          12.00          -2.00  (VIOLATED)
   n458                        10.00          12.00          -2.00  (VIOLATED)
   n459                        10.00          12.00          -2.00  (VIOLATED)
   n460                        10.00          12.00          -2.00  (VIOLATED)
   n461                        10.00          12.00          -2.00  (VIOLATED)
   n462                        10.00          12.00          -2.00  (VIOLATED)
   n463                        10.00          12.00          -2.00  (VIOLATED)
   n464                        10.00          12.00          -2.00  (VIOLATED)
   n465                        10.00          12.00          -2.00  (VIOLATED)
   n466                        10.00          12.00          -2.00  (VIOLATED)
   n467                        10.00          12.00          -2.00  (VIOLATED)
   n468                        10.00          12.00          -2.00  (VIOLATED)
   n469                        10.00          12.00          -2.00  (VIOLATED)
   n470                        10.00          12.00          -2.00  (VIOLATED)
   n471                        10.00          12.00          -2.00  (VIOLATED)
   n472                        10.00          12.00          -2.00  (VIOLATED)
   n473                        10.00          12.00          -2.00  (VIOLATED)
   n474                        10.00          12.00          -2.00  (VIOLATED)
   n475                        10.00          12.00          -2.00  (VIOLATED)
   n476                        10.00          12.00          -2.00  (VIOLATED)
   n477                        10.00          12.00          -2.00  (VIOLATED)
   n478                        10.00          12.00          -2.00  (VIOLATED)
   n479                        10.00          12.00          -2.00  (VIOLATED)
   n480                        10.00          12.00          -2.00  (VIOLATED)
   n481                        10.00          12.00          -2.00  (VIOLATED)
   n482                        10.00          12.00          -2.00  (VIOLATED)
   n483                        10.00          12.00          -2.00  (VIOLATED)
   n484                        10.00          12.00          -2.00  (VIOLATED)
   n485                        10.00          12.00          -2.00  (VIOLATED)
   n486                        10.00          12.00          -2.00  (VIOLATED)
   n487                        10.00          12.00          -2.00  (VIOLATED)
   n488                        10.00          12.00          -2.00  (VIOLATED)
   n489                        10.00          12.00          -2.00  (VIOLATED)
   n490                        10.00          12.00          -2.00  (VIOLATED)
   n491                        10.00          12.00          -2.00  (VIOLATED)
   n492                        10.00          12.00          -2.00  (VIOLATED)
   n493                        10.00          12.00          -2.00  (VIOLATED)
   n494                        10.00          12.00          -2.00  (VIOLATED)
   n495                        10.00          12.00          -2.00  (VIOLATED)
   n496                        10.00          12.00          -2.00  (VIOLATED)
   n497                        10.00          12.00          -2.00  (VIOLATED)
   n498                        10.00          12.00          -2.00  (VIOLATED)
   n499                        10.00          12.00          -2.00  (VIOLATED)
   n500                        10.00          12.00          -2.00  (VIOLATED)
   n501                        10.00          12.00          -2.00  (VIOLATED)
   n502                        10.00          12.00          -2.00  (VIOLATED)
   n503                        10.00          12.00          -2.00  (VIOLATED)
   n504                        10.00          12.00          -2.00  (VIOLATED)
   n505                        10.00          12.00          -2.00  (VIOLATED)
   n506                        10.00          12.00          -2.00  (VIOLATED)
   n507                        10.00          12.00          -2.00  (VIOLATED)
   n508                        10.00          12.00          -2.00  (VIOLATED)
   n509                        10.00          12.00          -2.00  (VIOLATED)
   n510                        10.00          12.00          -2.00  (VIOLATED)
   n511                        10.00          12.00          -2.00  (VIOLATED)
   n512                        10.00          12.00          -2.00  (VIOLATED)
   n513                        10.00          12.00          -2.00  (VIOLATED)
   n514                        10.00          12.00          -2.00  (VIOLATED)
   n515                        10.00          12.00          -2.00  (VIOLATED)
   n516                        10.00          12.00          -2.00  (VIOLATED)
   n517                        10.00          12.00          -2.00  (VIOLATED)
   n518                        10.00          12.00          -2.00  (VIOLATED)
   n519                        10.00          12.00          -2.00  (VIOLATED)
   n520                        10.00          12.00          -2.00  (VIOLATED)
   n521                        10.00          12.00          -2.00  (VIOLATED)
   n522                        10.00          12.00          -2.00  (VIOLATED)
   n523                        10.00          12.00          -2.00  (VIOLATED)
   n524                        10.00          12.00          -2.00  (VIOLATED)
   n525                        10.00          12.00          -2.00  (VIOLATED)
   n526                        10.00          12.00          -2.00  (VIOLATED)
   n527                        10.00          12.00          -2.00  (VIOLATED)
   n528                        10.00          12.00          -2.00  (VIOLATED)
   n529                        10.00          12.00          -2.00  (VIOLATED)
   n530                        10.00          12.00          -2.00  (VIOLATED)
   n531                        10.00          12.00          -2.00  (VIOLATED)
   n532                        10.00          12.00          -2.00  (VIOLATED)
   n533                        10.00          12.00          -2.00  (VIOLATED)
   n534                        10.00          12.00          -2.00  (VIOLATED)
   n535                        10.00          12.00          -2.00  (VIOLATED)
   n536                        10.00          12.00          -2.00  (VIOLATED)
   n537                        10.00          12.00          -2.00  (VIOLATED)
   n538                        10.00          12.00          -2.00  (VIOLATED)
   n539                        10.00          12.00          -2.00  (VIOLATED)
   n540                        10.00          12.00          -2.00  (VIOLATED)
   n541                        10.00          12.00          -2.00  (VIOLATED)
   n542                        10.00          12.00          -2.00  (VIOLATED)
   n543                        10.00          12.00          -2.00  (VIOLATED)
   n544                        10.00          12.00          -2.00  (VIOLATED)
   n545                        10.00          12.00          -2.00  (VIOLATED)
   n546                        10.00          12.00          -2.00  (VIOLATED)
   n547                        10.00          12.00          -2.00  (VIOLATED)
   n548                        10.00          12.00          -2.00  (VIOLATED)
   n549                        10.00          12.00          -2.00  (VIOLATED)
   n550                        10.00          12.00          -2.00  (VIOLATED)
   n551                        10.00          12.00          -2.00  (VIOLATED)
   n552                        10.00          12.00          -2.00  (VIOLATED)
   n553                        10.00          12.00          -2.00  (VIOLATED)
   n554                        10.00          12.00          -2.00  (VIOLATED)
   n555                        10.00          12.00          -2.00  (VIOLATED)
   n556                        10.00          12.00          -2.00  (VIOLATED)
   n557                        10.00          12.00          -2.00  (VIOLATED)
   n558                        10.00          12.00          -2.00  (VIOLATED)
   n559                        10.00          12.00          -2.00  (VIOLATED)
   n560                        10.00          12.00          -2.00  (VIOLATED)
   n561                        10.00          12.00          -2.00  (VIOLATED)
   n562                        10.00          12.00          -2.00  (VIOLATED)
   n563                        10.00          12.00          -2.00  (VIOLATED)
   n564                        10.00          12.00          -2.00  (VIOLATED)
   n565                        10.00          12.00          -2.00  (VIOLATED)
   n566                        10.00          12.00          -2.00  (VIOLATED)
   n567                        10.00          12.00          -2.00  (VIOLATED)
   n568                        10.00          12.00          -2.00  (VIOLATED)
   n569                        10.00          12.00          -2.00  (VIOLATED)
   n570                        10.00          12.00          -2.00  (VIOLATED)
   n571                        10.00          12.00          -2.00  (VIOLATED)
   n572                        10.00          12.00          -2.00  (VIOLATED)
   n573                        10.00          12.00          -2.00  (VIOLATED)
   n574                        10.00          12.00          -2.00  (VIOLATED)
   n575                        10.00          12.00          -2.00  (VIOLATED)
   n576                        10.00          12.00          -2.00  (VIOLATED)
   n577                        10.00          12.00          -2.00  (VIOLATED)
   n578                        10.00          12.00          -2.00  (VIOLATED)
   n579                        10.00          12.00          -2.00  (VIOLATED)
   n580                        10.00          12.00          -2.00  (VIOLATED)
   n581                        10.00          12.00          -2.00  (VIOLATED)
   n582                        10.00          12.00          -2.00  (VIOLATED)
   n583                        10.00          12.00          -2.00  (VIOLATED)
   n584                        10.00          12.00          -2.00  (VIOLATED)
   n585                        10.00          12.00          -2.00  (VIOLATED)
   n586                        10.00          12.00          -2.00  (VIOLATED)
   n587                        10.00          12.00          -2.00  (VIOLATED)
   n588                        10.00          12.00          -2.00  (VIOLATED)
   n589                        10.00          12.00          -2.00  (VIOLATED)
   n590                        10.00          12.00          -2.00  (VIOLATED)
   n591                        10.00          12.00          -2.00  (VIOLATED)
   n592                        10.00          12.00          -2.00  (VIOLATED)
   n593                        10.00          12.00          -2.00  (VIOLATED)
   n594                        10.00          12.00          -2.00  (VIOLATED)
   n595                        10.00          12.00          -2.00  (VIOLATED)
   n596                        10.00          12.00          -2.00  (VIOLATED)
   n597                        10.00          12.00          -2.00  (VIOLATED)
   n598                        10.00          12.00          -2.00  (VIOLATED)
   n599                        10.00          12.00          -2.00  (VIOLATED)
   n600                        10.00          12.00          -2.00  (VIOLATED)
   n601                        10.00          12.00          -2.00  (VIOLATED)
   n602                        10.00          12.00          -2.00  (VIOLATED)
   n603                        10.00          12.00          -2.00  (VIOLATED)
   n604                        10.00          12.00          -2.00  (VIOLATED)
   n605                        10.00          12.00          -2.00  (VIOLATED)
   n606                        10.00          12.00          -2.00  (VIOLATED)
   n607                        10.00          12.00          -2.00  (VIOLATED)
   n608                        10.00          12.00          -2.00  (VIOLATED)
   n609                        10.00          12.00          -2.00  (VIOLATED)
   n610                        10.00          12.00          -2.00  (VIOLATED)
   n611                        10.00          12.00          -2.00  (VIOLATED)
   n612                        10.00          12.00          -2.00  (VIOLATED)

   -----------------------------------------------------------------
   Total                      494             -1299.00  

   max_capacitance

                             Required        Actual
   Net                      Capacitance    Capacitance       Slack
   -----------------------------------------------------------------
   clk_i (dont_touch)           0.15           1.59          -1.44  (VIOLATED)
   n357                         0.15           0.19          -0.04  (VIOLATED)
   n358                         0.15           0.19          -0.04  (VIOLATED)
   n359                         0.15           0.19          -0.04  (VIOLATED)
   n360                         0.15           0.19          -0.04  (VIOLATED)
   n361                         0.15           0.19          -0.04  (VIOLATED)
   n362                         0.15           0.19          -0.04  (VIOLATED)
   n363                         0.15           0.19          -0.04  (VIOLATED)
   n364                         0.15           0.19          -0.04  (VIOLATED)
   n365                         0.15           0.19          -0.04  (VIOLATED)
   n366                         0.15           0.19          -0.04  (VIOLATED)
   n367                         0.15           0.19          -0.04  (VIOLATED)
   n368                         0.15           0.19          -0.04  (VIOLATED)
   n369                         0.15           0.19          -0.04  (VIOLATED)
   n370                         0.15           0.19          -0.04  (VIOLATED)
   n371                         0.15           0.19          -0.04  (VIOLATED)
   n372                         0.15           0.19          -0.04  (VIOLATED)
   n373                         0.15           0.19          -0.04  (VIOLATED)
   n374                         0.15           0.19          -0.04  (VIOLATED)
   n375                         0.15           0.19          -0.04  (VIOLATED)
   n376                         0.15           0.19          -0.04  (VIOLATED)
   n377                         0.15           0.19          -0.04  (VIOLATED)
   n378                         0.15           0.19          -0.04  (VIOLATED)
   n379                         0.15           0.19          -0.04  (VIOLATED)
   n380                         0.15           0.19          -0.04  (VIOLATED)
   n381                         0.15           0.19          -0.04  (VIOLATED)
   n382                         0.15           0.19          -0.04  (VIOLATED)
   n383                         0.15           0.19          -0.04  (VIOLATED)
   n384                         0.15           0.19          -0.04  (VIOLATED)
   n385                         0.15           0.19          -0.04  (VIOLATED)
   n386                         0.15           0.19          -0.04  (VIOLATED)
   n387                         0.15           0.19          -0.04  (VIOLATED)
   n388                         0.15           0.19          -0.04  (VIOLATED)
   n389                         0.15           0.19          -0.04  (VIOLATED)
   n390                         0.15           0.19          -0.04  (VIOLATED)
   n391                         0.15           0.19          -0.04  (VIOLATED)
   n392                         0.15           0.19          -0.04  (VIOLATED)
   n393                         0.15           0.19          -0.04  (VIOLATED)
   n394                         0.15           0.19          -0.04  (VIOLATED)
   n395                         0.15           0.19          -0.04  (VIOLATED)
   n396                         0.15           0.19          -0.04  (VIOLATED)
   n397                         0.15           0.19          -0.04  (VIOLATED)
   n398                         0.15           0.19          -0.04  (VIOLATED)
   n399                         0.15           0.19          -0.04  (VIOLATED)
   n400                         0.15           0.19          -0.04  (VIOLATED)
   n401                         0.15           0.19          -0.04  (VIOLATED)
   n402                         0.15           0.19          -0.04  (VIOLATED)
   n403                         0.15           0.19          -0.04  (VIOLATED)
   n404                         0.15           0.19          -0.04  (VIOLATED)
   n405                         0.15           0.19          -0.04  (VIOLATED)
   n406                         0.15           0.19          -0.04  (VIOLATED)
   n407                         0.15           0.19          -0.04  (VIOLATED)
   n408                         0.15           0.19          -0.04  (VIOLATED)
   n409                         0.15           0.19          -0.04  (VIOLATED)
   n410                         0.15           0.19          -0.04  (VIOLATED)
   n411                         0.15           0.19          -0.04  (VIOLATED)
   n412                         0.15           0.19          -0.04  (VIOLATED)
   n413                         0.15           0.19          -0.04  (VIOLATED)
   n414                         0.15           0.19          -0.04  (VIOLATED)
   n415                         0.15           0.19          -0.04  (VIOLATED)
   n416                         0.15           0.19          -0.04  (VIOLATED)
   n417                         0.15           0.19          -0.04  (VIOLATED)
   n418                         0.15           0.19          -0.04  (VIOLATED)
   n419                         0.15           0.19          -0.04  (VIOLATED)
   n420                         0.15           0.19          -0.04  (VIOLATED)
   n421                         0.15           0.19          -0.04  (VIOLATED)
   n422                         0.15           0.19          -0.04  (VIOLATED)
   n423                         0.15           0.19          -0.04  (VIOLATED)
   n424                         0.15           0.19          -0.04  (VIOLATED)
   n425                         0.15           0.19          -0.04  (VIOLATED)
   n426                         0.15           0.19          -0.04  (VIOLATED)
   n427                         0.15           0.19          -0.04  (VIOLATED)
   n428                         0.15           0.19          -0.04  (VIOLATED)
   n429                         0.15           0.19          -0.04  (VIOLATED)
   n430                         0.15           0.19          -0.04  (VIOLATED)
   n431                         0.15           0.19          -0.04  (VIOLATED)
   n432                         0.15           0.19          -0.04  (VIOLATED)
   n433                         0.15           0.19          -0.04  (VIOLATED)
   n434                         0.15           0.19          -0.04  (VIOLATED)
   n435                         0.15           0.19          -0.04  (VIOLATED)
   n436                         0.15           0.19          -0.04  (VIOLATED)
   n437                         0.15           0.19          -0.04  (VIOLATED)
   n438                         0.15           0.19          -0.04  (VIOLATED)
   n439                         0.15           0.19          -0.04  (VIOLATED)
   n440                         0.15           0.19          -0.04  (VIOLATED)
   n441                         0.15           0.19          -0.04  (VIOLATED)
   n442                         0.15           0.19          -0.04  (VIOLATED)
   n443                         0.15           0.19          -0.04  (VIOLATED)
   n444                         0.15           0.19          -0.04  (VIOLATED)
   n445                         0.15           0.19          -0.04  (VIOLATED)
   n446                         0.15           0.19          -0.04  (VIOLATED)
   n447                         0.15           0.19          -0.04  (VIOLATED)
   n448                         0.15           0.19          -0.04  (VIOLATED)
   n449                         0.15           0.19          -0.04  (VIOLATED)
   n450                         0.15           0.19          -0.04  (VIOLATED)
   n451                         0.15           0.19          -0.04  (VIOLATED)
   n452                         0.15           0.19          -0.04  (VIOLATED)
   n453                         0.15           0.19          -0.04  (VIOLATED)
   n454                         0.15           0.19          -0.04  (VIOLATED)
   n455                         0.15           0.19          -0.04  (VIOLATED)
   n456                         0.15           0.19          -0.04  (VIOLATED)
   n457                         0.15           0.19          -0.04  (VIOLATED)
   n458                         0.15           0.19          -0.04  (VIOLATED)
   n459                         0.15           0.19          -0.04  (VIOLATED)
   n460                         0.15           0.19          -0.04  (VIOLATED)
   n461                         0.15           0.19          -0.04  (VIOLATED)
   n462                         0.15           0.19          -0.04  (VIOLATED)
   n463                         0.15           0.19          -0.04  (VIOLATED)
   n464                         0.15           0.19          -0.04  (VIOLATED)
   n465                         0.15           0.19          -0.04  (VIOLATED)
   n466                         0.15           0.19          -0.04  (VIOLATED)
   n467                         0.15           0.19          -0.04  (VIOLATED)
   n468                         0.15           0.19          -0.04  (VIOLATED)
   n469                         0.15           0.19          -0.04  (VIOLATED)
   n470                         0.15           0.19          -0.04  (VIOLATED)
   n471                         0.15           0.19          -0.04  (VIOLATED)
   n472                         0.15           0.19          -0.04  (VIOLATED)
   n473                         0.15           0.19          -0.04  (VIOLATED)
   n474                         0.15           0.19          -0.04  (VIOLATED)
   n475                         0.15           0.19          -0.04  (VIOLATED)
   n476                         0.15           0.19          -0.04  (VIOLATED)
   n477                         0.15           0.19          -0.04  (VIOLATED)
   n478                         0.15           0.19          -0.04  (VIOLATED)
   n479                         0.15           0.19          -0.04  (VIOLATED)
   n480                         0.15           0.19          -0.04  (VIOLATED)
   n481                         0.15           0.19          -0.04  (VIOLATED)
   n482                         0.15           0.19          -0.04  (VIOLATED)
   n483                         0.15           0.19          -0.04  (VIOLATED)
   n484                         0.15           0.19          -0.04  (VIOLATED)
   n485                         0.15           0.19          -0.04  (VIOLATED)
   n486                         0.15           0.19          -0.04  (VIOLATED)
   n487                         0.15           0.19          -0.04  (VIOLATED)
   n488                         0.15           0.19          -0.04  (VIOLATED)
   n489                         0.15           0.19          -0.04  (VIOLATED)
   n490                         0.15           0.19          -0.04  (VIOLATED)
   n491                         0.15           0.19          -0.04  (VIOLATED)
   n492                         0.15           0.19          -0.04  (VIOLATED)
   n493                         0.15           0.19          -0.04  (VIOLATED)
   n494                         0.15           0.19          -0.04  (VIOLATED)
   n495                         0.15           0.19          -0.04  (VIOLATED)
   n496                         0.15           0.19          -0.04  (VIOLATED)
   n497                         0.15           0.19          -0.04  (VIOLATED)
   n498                         0.15           0.19          -0.04  (VIOLATED)
   n499                         0.15           0.19          -0.04  (VIOLATED)
   n500                         0.15           0.19          -0.04  (VIOLATED)
   n501                         0.15           0.19          -0.04  (VIOLATED)
   n502                         0.15           0.19          -0.04  (VIOLATED)
   n503                         0.15           0.19          -0.04  (VIOLATED)
   n504                         0.15           0.19          -0.04  (VIOLATED)
   n505                         0.15           0.19          -0.04  (VIOLATED)
   n506                         0.15           0.19          -0.04  (VIOLATED)
   n507                         0.15           0.19          -0.04  (VIOLATED)
   n508                         0.15           0.19          -0.04  (VIOLATED)
   n509                         0.15           0.19          -0.04  (VIOLATED)
   n510                         0.15           0.19          -0.04  (VIOLATED)
   n511                         0.15           0.19          -0.04  (VIOLATED)
   n512                         0.15           0.19          -0.04  (VIOLATED)
   n513                         0.15           0.19          -0.04  (VIOLATED)
   n514                         0.15           0.19          -0.04  (VIOLATED)
   n515                         0.15           0.19          -0.04  (VIOLATED)
   n516                         0.15           0.19          -0.04  (VIOLATED)
   n517                         0.15           0.19          -0.04  (VIOLATED)
   n518                         0.15           0.19          -0.04  (VIOLATED)
   n519                         0.15           0.19          -0.04  (VIOLATED)
   n520                         0.15           0.19          -0.04  (VIOLATED)
   n521                         0.15           0.19          -0.04  (VIOLATED)
   n522                         0.15           0.19          -0.04  (VIOLATED)
   n523                         0.15           0.19          -0.04  (VIOLATED)
   n524                         0.15           0.19          -0.04  (VIOLATED)
   n525                         0.15           0.19          -0.04  (VIOLATED)
   n526                         0.15           0.19          -0.04  (VIOLATED)
   n527                         0.15           0.19          -0.04  (VIOLATED)
   n528                         0.15           0.19          -0.04  (VIOLATED)
   n529                         0.15           0.19          -0.04  (VIOLATED)
   n530                         0.15           0.19          -0.04  (VIOLATED)
   n531                         0.15           0.19          -0.04  (VIOLATED)
   n532                         0.15           0.19          -0.04  (VIOLATED)
   n533                         0.15           0.19          -0.04  (VIOLATED)
   n534                         0.15           0.19          -0.04  (VIOLATED)
   n535                         0.15           0.19          -0.04  (VIOLATED)
   n536                         0.15           0.19          -0.04  (VIOLATED)
   n537                         0.15           0.19          -0.04  (VIOLATED)
   n538                         0.15           0.19          -0.04  (VIOLATED)
   n539                         0.15           0.19          -0.04  (VIOLATED)
   n540                         0.15           0.19          -0.04  (VIOLATED)
   n541                         0.15           0.19          -0.04  (VIOLATED)
   n542                         0.15           0.19          -0.04  (VIOLATED)
   n543                         0.15           0.19          -0.04  (VIOLATED)
   n544                         0.15           0.19          -0.04  (VIOLATED)
   n545                         0.15           0.19          -0.04  (VIOLATED)
   n546                         0.15           0.19          -0.04  (VIOLATED)
   n547                         0.15           0.19          -0.04  (VIOLATED)
   n548                         0.15           0.19          -0.04  (VIOLATED)
   n549                         0.15           0.19          -0.04  (VIOLATED)
   n550                         0.15           0.19          -0.04  (VIOLATED)
   n551                         0.15           0.19          -0.04  (VIOLATED)
   n552                         0.15           0.19          -0.04  (VIOLATED)
   n553                         0.15           0.19          -0.04  (VIOLATED)
   n554                         0.15           0.19          -0.04  (VIOLATED)
   n555                         0.15           0.19          -0.04  (VIOLATED)
   n556                         0.15           0.19          -0.04  (VIOLATED)
   n557                         0.15           0.19          -0.04  (VIOLATED)
   n558                         0.15           0.19          -0.04  (VIOLATED)
   n559                         0.15           0.19          -0.04  (VIOLATED)
   n560                         0.15           0.19          -0.04  (VIOLATED)
   n561                         0.15           0.19          -0.04  (VIOLATED)
   n562                         0.15           0.19          -0.04  (VIOLATED)
   n563                         0.15           0.19          -0.04  (VIOLATED)
   n564                         0.15           0.19          -0.04  (VIOLATED)
   n565                         0.15           0.19          -0.04  (VIOLATED)
   n566                         0.15           0.19          -0.04  (VIOLATED)
   n567                         0.15           0.19          -0.04  (VIOLATED)
   n568                         0.15           0.19          -0.04  (VIOLATED)
   n569                         0.15           0.19          -0.04  (VIOLATED)
   n570                         0.15           0.19          -0.04  (VIOLATED)
   n571                         0.15           0.19          -0.04  (VIOLATED)
   n572                         0.15           0.19          -0.04  (VIOLATED)
   n573                         0.15           0.19          -0.04  (VIOLATED)
   n574                         0.15           0.19          -0.04  (VIOLATED)
   n575                         0.15           0.19          -0.04  (VIOLATED)
   n576                         0.15           0.19          -0.04  (VIOLATED)
   n577                         0.15           0.19          -0.04  (VIOLATED)
   n578                         0.15           0.19          -0.04  (VIOLATED)
   n579                         0.15           0.19          -0.04  (VIOLATED)
   n580                         0.15           0.19          -0.04  (VIOLATED)
   n581                         0.15           0.19          -0.04  (VIOLATED)
   n582                         0.15           0.19          -0.04  (VIOLATED)
   n583                         0.15           0.19          -0.04  (VIOLATED)
   n584                         0.15           0.19          -0.04  (VIOLATED)
   n585                         0.15           0.19          -0.04  (VIOLATED)
   n586                         0.15           0.19          -0.04  (VIOLATED)
   n587                         0.15           0.19          -0.04  (VIOLATED)
   n588                         0.15           0.19          -0.04  (VIOLATED)
   n589                         0.15           0.19          -0.04  (VIOLATED)
   n590                         0.15           0.19          -0.04  (VIOLATED)
   n591                         0.15           0.19          -0.04  (VIOLATED)
   n592                         0.15           0.19          -0.04  (VIOLATED)
   n593                         0.15           0.19          -0.04  (VIOLATED)
   n594                         0.15           0.19          -0.04  (VIOLATED)
   n595                         0.15           0.19          -0.04  (VIOLATED)
   n596                         0.15           0.19          -0.04  (VIOLATED)
   n597                         0.15           0.19          -0.04  (VIOLATED)
   n598                         0.15           0.19          -0.04  (VIOLATED)
   n599                         0.15           0.19          -0.04  (VIOLATED)
   n600                         0.15           0.19          -0.04  (VIOLATED)
   n601                         0.15           0.19          -0.04  (VIOLATED)
   n602                         0.15           0.19          -0.04  (VIOLATED)
   n603                         0.15           0.19          -0.04  (VIOLATED)
   n604                         0.15           0.19          -0.04  (VIOLATED)
   n605                         0.15           0.19          -0.04  (VIOLATED)
   n606                         0.15           0.19          -0.04  (VIOLATED)
   n607                         0.15           0.19          -0.04  (VIOLATED)
   n608                         0.15           0.19          -0.04  (VIOLATED)
   n609                         0.15           0.19          -0.04  (VIOLATED)
   n610                         0.15           0.19          -0.04  (VIOLATED)
   n611                         0.15           0.19          -0.04  (VIOLATED)
   n612                         0.15           0.19          -0.04  (VIOLATED)
   n12                          0.15           0.18          -0.03  (VIOLATED)
   n13                          0.15           0.18          -0.03  (VIOLATED)
   n14                          0.15           0.18          -0.03  (VIOLATED)
   n15                          0.15           0.18          -0.03  (VIOLATED)
   n16                          0.15           0.18          -0.03  (VIOLATED)
   n17                          0.15           0.18          -0.03  (VIOLATED)
   n18                          0.15           0.18          -0.03  (VIOLATED)
   n19                          0.15           0.18          -0.03  (VIOLATED)
   n20                          0.15           0.18          -0.03  (VIOLATED)
   n21                          0.15           0.18          -0.03  (VIOLATED)
   n22                          0.15           0.18          -0.03  (VIOLATED)
   n23                          0.15           0.18          -0.03  (VIOLATED)
   n24                          0.15           0.18          -0.03  (VIOLATED)
   n25                          0.15           0.18          -0.03  (VIOLATED)
   n26                          0.15           0.18          -0.03  (VIOLATED)
   n27                          0.15           0.18          -0.03  (VIOLATED)
   n28                          0.15           0.18          -0.03  (VIOLATED)
   n29                          0.15           0.18          -0.03  (VIOLATED)
   n30                          0.15           0.18          -0.03  (VIOLATED)
   n31                          0.15           0.18          -0.03  (VIOLATED)
   n32                          0.15           0.18          -0.03  (VIOLATED)
   n33                          0.15           0.18          -0.03  (VIOLATED)
   n34                          0.15           0.18          -0.03  (VIOLATED)
   n35                          0.15           0.18          -0.03  (VIOLATED)
   n36                          0.15           0.18          -0.03  (VIOLATED)
   n37                          0.15           0.18          -0.03  (VIOLATED)
   n38                          0.15           0.18          -0.03  (VIOLATED)
   n39                          0.15           0.18          -0.03  (VIOLATED)
   n40                          0.15           0.18          -0.03  (VIOLATED)
   n41                          0.15           0.18          -0.03  (VIOLATED)
   n42                          0.15           0.18          -0.03  (VIOLATED)
   n43                          0.15           0.18          -0.03  (VIOLATED)
   n44                          0.15           0.18          -0.03  (VIOLATED)
   n45                          0.15           0.18          -0.03  (VIOLATED)
   n46                          0.15           0.18          -0.03  (VIOLATED)
   n47                          0.15           0.18          -0.03  (VIOLATED)
   n48                          0.15           0.18          -0.03  (VIOLATED)
   n49                          0.15           0.18          -0.03  (VIOLATED)
   n50                          0.15           0.18          -0.03  (VIOLATED)
   n51                          0.15           0.18          -0.03  (VIOLATED)
   n52                          0.15           0.18          -0.03  (VIOLATED)
   n53                          0.15           0.18          -0.03  (VIOLATED)
   n54                          0.15           0.18          -0.03  (VIOLATED)
   n55                          0.15           0.18          -0.03  (VIOLATED)
   n56                          0.15           0.18          -0.03  (VIOLATED)
   n57                          0.15           0.18          -0.03  (VIOLATED)
   n58                          0.15           0.18          -0.03  (VIOLATED)
   n59                          0.15           0.18          -0.03  (VIOLATED)
   n60                          0.15           0.18          -0.03  (VIOLATED)
   n61                          0.15           0.18          -0.03  (VIOLATED)
   n62                          0.15           0.18          -0.03  (VIOLATED)
   n63                          0.15           0.18          -0.03  (VIOLATED)
   n64                          0.15           0.18          -0.03  (VIOLATED)
   n65                          0.15           0.18          -0.03  (VIOLATED)
   n66                          0.15           0.18          -0.03  (VIOLATED)
   n67                          0.15           0.18          -0.03  (VIOLATED)
   n68                          0.15           0.18          -0.03  (VIOLATED)
   n69                          0.15           0.18          -0.03  (VIOLATED)
   n70                          0.15           0.18          -0.03  (VIOLATED)
   n71                          0.15           0.18          -0.03  (VIOLATED)
   n72                          0.15           0.18          -0.03  (VIOLATED)
   n73                          0.15           0.18          -0.03  (VIOLATED)
   n74                          0.15           0.18          -0.03  (VIOLATED)
   n75                          0.15           0.18          -0.03  (VIOLATED)
   n76                          0.15           0.18          -0.03  (VIOLATED)
   n77                          0.15           0.18          -0.03  (VIOLATED)
   n78                          0.15           0.18          -0.03  (VIOLATED)
   n79                          0.15           0.18          -0.03  (VIOLATED)
   n80                          0.15           0.18          -0.03  (VIOLATED)
   n81                          0.15           0.18          -0.03  (VIOLATED)
   n82                          0.15           0.18          -0.03  (VIOLATED)
   n83                          0.15           0.18          -0.03  (VIOLATED)
   n84                          0.15           0.18          -0.03  (VIOLATED)
   n85                          0.15           0.18          -0.03  (VIOLATED)
   n86                          0.15           0.18          -0.03  (VIOLATED)
   n87                          0.15           0.18          -0.03  (VIOLATED)
   n88                          0.15           0.18          -0.03  (VIOLATED)
   n89                          0.15           0.18          -0.03  (VIOLATED)
   n90                          0.15           0.18          -0.03  (VIOLATED)
   n91                          0.15           0.18          -0.03  (VIOLATED)
   n92                          0.15           0.18          -0.03  (VIOLATED)
   n93                          0.15           0.18          -0.03  (VIOLATED)
   n94                          0.15           0.18          -0.03  (VIOLATED)
   n95                          0.15           0.18          -0.03  (VIOLATED)
   n96                          0.15           0.18          -0.03  (VIOLATED)
   n97                          0.15           0.18          -0.03  (VIOLATED)
   n98                          0.15           0.18          -0.03  (VIOLATED)
   n99                          0.15           0.18          -0.03  (VIOLATED)
   n100                         0.15           0.18          -0.03  (VIOLATED)
   n101                         0.15           0.18          -0.03  (VIOLATED)
   n102                         0.15           0.18          -0.03  (VIOLATED)
   n103                         0.15           0.18          -0.03  (VIOLATED)
   n104                         0.15           0.18          -0.03  (VIOLATED)
   n105                         0.15           0.18          -0.03  (VIOLATED)
   n106                         0.15           0.18          -0.03  (VIOLATED)
   n107                         0.15           0.18          -0.03  (VIOLATED)
   n108                         0.15           0.18          -0.03  (VIOLATED)
   n109                         0.15           0.18          -0.03  (VIOLATED)
   n110                         0.15           0.18          -0.03  (VIOLATED)
   n111                         0.15           0.18          -0.03  (VIOLATED)
   n112                         0.15           0.18          -0.03  (VIOLATED)
   n113                         0.15           0.18          -0.03  (VIOLATED)
   n114                         0.15           0.18          -0.03  (VIOLATED)
   n115                         0.15           0.18          -0.03  (VIOLATED)
   n116                         0.15           0.18          -0.03  (VIOLATED)
   n117                         0.15           0.18          -0.03  (VIOLATED)
   n118                         0.15           0.18          -0.03  (VIOLATED)
   n119                         0.15           0.18          -0.03  (VIOLATED)
   n120                         0.15           0.18          -0.03  (VIOLATED)
   n121                         0.15           0.18          -0.03  (VIOLATED)
   n122                         0.15           0.18          -0.03  (VIOLATED)
   n123                         0.15           0.18          -0.03  (VIOLATED)
   n124                         0.15           0.18          -0.03  (VIOLATED)
   n125                         0.15           0.18          -0.03  (VIOLATED)
   n126                         0.15           0.18          -0.03  (VIOLATED)
   n127                         0.15           0.18          -0.03  (VIOLATED)
   n128                         0.15           0.18          -0.03  (VIOLATED)
   n129                         0.15           0.18          -0.03  (VIOLATED)
   n130                         0.15           0.18          -0.03  (VIOLATED)
   n131                         0.15           0.18          -0.03  (VIOLATED)
   n132                         0.15           0.18          -0.03  (VIOLATED)
   n133                         0.15           0.18          -0.03  (VIOLATED)
   n134                         0.15           0.18          -0.03  (VIOLATED)
   n135                         0.15           0.18          -0.03  (VIOLATED)
   n136                         0.15           0.18          -0.03  (VIOLATED)
   n137                         0.15           0.18          -0.03  (VIOLATED)
   n138                         0.15           0.18          -0.03  (VIOLATED)
   n139                         0.15           0.18          -0.03  (VIOLATED)
   n140                         0.15           0.18          -0.03  (VIOLATED)
   n141                         0.15           0.18          -0.03  (VIOLATED)
   n142                         0.15           0.18          -0.03  (VIOLATED)
   n143                         0.15           0.18          -0.03  (VIOLATED)
   n144                         0.15           0.18          -0.03  (VIOLATED)
   n145                         0.15           0.18          -0.03  (VIOLATED)
   n146                         0.15           0.18          -0.03  (VIOLATED)
   n147                         0.15           0.18          -0.03  (VIOLATED)
   n148                         0.15           0.18          -0.03  (VIOLATED)
   n149                         0.15           0.18          -0.03  (VIOLATED)
   n150                         0.15           0.18          -0.03  (VIOLATED)
   n151                         0.15           0.18          -0.03  (VIOLATED)
   n152                         0.15           0.18          -0.03  (VIOLATED)
   n153                         0.15           0.18          -0.03  (VIOLATED)
   n154                         0.15           0.18          -0.03  (VIOLATED)
   n155                         0.15           0.18          -0.03  (VIOLATED)
   n156                         0.15           0.18          -0.03  (VIOLATED)
   n157                         0.15           0.18          -0.03  (VIOLATED)
   n158                         0.15           0.18          -0.03  (VIOLATED)
   n159                         0.15           0.18          -0.03  (VIOLATED)
   n160                         0.15           0.18          -0.03  (VIOLATED)
   n161                         0.15           0.18          -0.03  (VIOLATED)
   n162                         0.15           0.18          -0.03  (VIOLATED)
   n163                         0.15           0.18          -0.03  (VIOLATED)
   n164                         0.15           0.18          -0.03  (VIOLATED)
   n165                         0.15           0.18          -0.03  (VIOLATED)
   n166                         0.15           0.18          -0.03  (VIOLATED)
   n167                         0.15           0.18          -0.03  (VIOLATED)
   n168                         0.15           0.18          -0.03  (VIOLATED)
   n169                         0.15           0.18          -0.03  (VIOLATED)
   n170                         0.15           0.18          -0.03  (VIOLATED)
   n171                         0.15           0.18          -0.03  (VIOLATED)
   n172                         0.15           0.18          -0.03  (VIOLATED)
   n173                         0.15           0.18          -0.03  (VIOLATED)
   n174                         0.15           0.18          -0.03  (VIOLATED)
   n175                         0.15           0.18          -0.03  (VIOLATED)
   n176                         0.15           0.18          -0.03  (VIOLATED)
   n177                         0.15           0.18          -0.03  (VIOLATED)
   n178                         0.15           0.18          -0.03  (VIOLATED)
   n179                         0.15           0.18          -0.03  (VIOLATED)
   n180                         0.15           0.18          -0.03  (VIOLATED)
   n181                         0.15           0.18          -0.03  (VIOLATED)
   n182                         0.15           0.18          -0.03  (VIOLATED)
   n183                         0.15           0.18          -0.03  (VIOLATED)
   n184                         0.15           0.18          -0.03  (VIOLATED)
   n185                         0.15           0.18          -0.03  (VIOLATED)
   n186                         0.15           0.18          -0.03  (VIOLATED)
   n187                         0.15           0.18          -0.03  (VIOLATED)
   n188                         0.15           0.18          -0.03  (VIOLATED)
   n189                         0.15           0.18          -0.03  (VIOLATED)
   n190                         0.15           0.18          -0.03  (VIOLATED)
   n191                         0.15           0.18          -0.03  (VIOLATED)
   n192                         0.15           0.18          -0.03  (VIOLATED)
   n193                         0.15           0.18          -0.03  (VIOLATED)
   n194                         0.15           0.18          -0.03  (VIOLATED)
   n195                         0.15           0.18          -0.03  (VIOLATED)
   n196                         0.15           0.18          -0.03  (VIOLATED)
   n197                         0.15           0.18          -0.03  (VIOLATED)
   n198                         0.15           0.18          -0.03  (VIOLATED)
   n199                         0.15           0.18          -0.03  (VIOLATED)
   n200                         0.15           0.18          -0.03  (VIOLATED)
   n201                         0.15           0.18          -0.03  (VIOLATED)
   n202                         0.15           0.18          -0.03  (VIOLATED)
   n203                         0.15           0.18          -0.03  (VIOLATED)
   n204                         0.15           0.18          -0.03  (VIOLATED)
   n205                         0.15           0.18          -0.03  (VIOLATED)
   n206                         0.15           0.18          -0.03  (VIOLATED)
   n207                         0.15           0.18          -0.03  (VIOLATED)
   n208                         0.15           0.18          -0.03  (VIOLATED)
   n209                         0.15           0.18          -0.03  (VIOLATED)
   n210                         0.15           0.18          -0.03  (VIOLATED)
   n211                         0.15           0.18          -0.03  (VIOLATED)
   n212                         0.15           0.18          -0.03  (VIOLATED)
   n213                         0.15           0.18          -0.03  (VIOLATED)
   n214                         0.15           0.18          -0.03  (VIOLATED)
   n215                         0.15           0.18          -0.03  (VIOLATED)
   n216                         0.15           0.18          -0.03  (VIOLATED)
   n217                         0.15           0.18          -0.03  (VIOLATED)
   n218                         0.15           0.18          -0.03  (VIOLATED)
   n219                         0.15           0.18          -0.03  (VIOLATED)
   n220                         0.15           0.18          -0.03  (VIOLATED)
   n221                         0.15           0.18          -0.03  (VIOLATED)
   n222                         0.15           0.18          -0.03  (VIOLATED)
   n223                         0.15           0.18          -0.03  (VIOLATED)
   n224                         0.15           0.18          -0.03  (VIOLATED)
   n225                         0.15           0.18          -0.03  (VIOLATED)
   n226                         0.15           0.18          -0.03  (VIOLATED)
   n227                         0.15           0.18          -0.03  (VIOLATED)
   n228                         0.15           0.18          -0.03  (VIOLATED)
   n229                         0.15           0.18          -0.03  (VIOLATED)
   n230                         0.15           0.18          -0.03  (VIOLATED)
   n231                         0.15           0.18          -0.03  (VIOLATED)
   n232                         0.15           0.18          -0.03  (VIOLATED)
   n233                         0.15           0.18          -0.03  (VIOLATED)
   n234                         0.15           0.18          -0.03  (VIOLATED)
   n235                         0.15           0.18          -0.03  (VIOLATED)
   n236                         0.15           0.18          -0.03  (VIOLATED)
   n237                         0.15           0.18          -0.03  (VIOLATED)
   n238                         0.15           0.18          -0.03  (VIOLATED)
   n239                         0.15           0.18          -0.03  (VIOLATED)
   n240                         0.15           0.18          -0.03  (VIOLATED)
   n241                         0.15           0.18          -0.03  (VIOLATED)
   n242                         0.15           0.18          -0.03  (VIOLATED)
   n243                         0.15           0.18          -0.03  (VIOLATED)
   n244                         0.15           0.18          -0.03  (VIOLATED)
   n245                         0.15           0.18          -0.03  (VIOLATED)
   n246                         0.15           0.18          -0.03  (VIOLATED)
   n247                         0.15           0.18          -0.03  (VIOLATED)
   n248                         0.15           0.18          -0.03  (VIOLATED)

   -----------------------------------------------------------------
   Total                      494               -19.29  

1
