Loading db file '/cad/std_libraries/CBDK_TSMC018_Arm_f1.0/CIC/SynopsysDC/db/slow.db'
Information: Propagating switching activity (low effort zero delay simulation). (PWR-6)
Warning: Design has unannotated primary inputs. (PWR-414)
Warning: Design has unannotated sequential cell outputs. (PWR-415)
 
****************************************
Report : power
        -analysis_effort low
Design : pending_repair_buffer_HYBRID_ENTRIES14
Version: W-2024.09-SP2
Date   : Wed Sep  9 14:41:54 2026
****************************************


Library(s) Used:

    slow (File: /cad/std_libraries/CBDK_TSMC018_Arm_f1.0/CIC/SynopsysDC/db/slow.db)


Operating Conditions: slow   Library: slow
Wire Load Model Mode: top

Design        Wire Load Model            Library
------------------------------------------------
pending_repair_buffer_HYBRID_ENTRIES14
                       tsmc18_wl10       slow


Global Operating Voltage = 1.62 
Power-specific unit information :
    Voltage Units = 1V
    Capacitance Units = 1.000000pf
    Time Units = 1ns
    Dynamic Power Units = 1mW    (derived from V,C,T units)
    Leakage Power Units = 1pW


Attributes
----------
i - Including register clock pin internal power


  Cell Internal Power  =  26.2012 mW   (76%)
  Net Switching Power  =   8.2088 mW   (24%)
                         ---------
Total Dynamic Power    =  34.4100 mW  (100%)

Cell Leakage Power     =  18.2830 uW


                 Internal         Switching           Leakage            Total
Power Group      Power            Power               Power              Power   (   %    )  Attrs
--------------------------------------------------------------------------------------------------
io_pad             0.0000            0.0000            0.0000            0.0000  (   0.00%)
memory             0.0000            0.0000            0.0000            0.0000  (   0.00%)
black_box          0.0000            0.0000            0.0000            0.0000  (   0.00%)
clock_network     24.1241            7.3036        1.5705e+06           31.4293  (  91.29%)  i
register           1.4458            0.2779        1.1594e+07            1.7352  (   5.04%)
sequential         0.0000            0.0000            0.0000            0.0000  (   0.00%)
combinational      0.6314            0.6273        5.1180e+06            1.2637  (   3.67%)
--------------------------------------------------------------------------------------------------
Total             26.2012 mW         8.2087 mW     1.8283e+07 pW        34.4282 mW
1
