 
****************************************
Report : qor
Design : pending_repair_buffer_HYBRID_ENTRIES14
Version: W-2024.09-SP2
Date   : Wed Sep  9 14:41:54 2026
****************************************


  Timing Path Group 'clk'
  -----------------------------------
  Levels of Logic:               8.00
  Critical Path Length:          2.27
  Critical Path Slack:          17.04
  Critical Path Clk Period:     20.00
  Total Negative Slack:          0.00
  No. of Violating Paths:        0.00
  Worst Hold Violation:          0.00
  Total Hold Violation:          0.00
  No. of Hold Violations:        0.00
  -----------------------------------


  Cell Count
  -----------------------------------
  Hierarchical Cell Count:          0
  Hierarchical Port Count:          0
  Leaf Cell Count:               7249
  Buf/Inv Cell Count:            1084
  Buf Cell Count:                   0
  Inv Cell Count:                1084
  CT Buf/Inv Cell Count:          343
  Combinational Cell Count:      4167
  Sequential Cell Count:         3082
  Macro Count:                      0
  -----------------------------------


  Area
  -----------------------------------
  Combinational Area:   117431.899777
  Noncombinational Area:
                        317780.972969
  Buf/Inv Area:          76414.060864
  Total Buffer Area:             0.00
  Total Inverter Area:       76414.06
  Macro/Black Box Area:      0.000000
  Net Area:             913691.243286
  -----------------------------------
  Cell Area:            435212.872746
  Design Area:         1348904.116033


  Design Rules
  -----------------------------------
  Total Number of Nets:         10334
  Nets With Violations:           494
  Max Trans Violations:             0
  Max Cap Violations:             494
  Max Fanout Violations:          494
  -----------------------------------


  Hostname: Kaohsiung

  Compile CPU Statistics
  -----------------------------------------
  Resource Sharing:                    0.73
  Logic Optimization:                  1.10
  Mapping Optimization:                0.53
  -----------------------------------------
  Overall Compile Time:                3.44
  Overall Compile Wall Clock Time:     3.72

  --------------------------------------------------------------------

  Design  WNS: 0.00  TNS: 0.00  Number of Violating Paths: 0


  Design (Hold)  WNS: 0.00  TNS: 0.00  Number of Violating Paths: 0

  --------------------------------------------------------------------


1
