 
****************************************
Report : timing
        -path full
        -delay max
        -max_paths 10
Design : pending_repair_buffer_HYBRID_ENTRIES14
Version: W-2024.09-SP2
Date   : Wed Sep  9 14:41:53 2026
****************************************

Operating Conditions: slow   Library: slow
Wire Load Model Mode: top

  Startpoint: clear_i (input port clocked by clk)
  Endpoint: cam_reuse_flat_o_reg[9]
            (rising edge-triggered flip-flop clocked by clk)
  Path Group: clk
  Path Type: max

  Des/Clust/Port     Wire Load Model       Library
  ------------------------------------------------
  pending_repair_buffer_HYBRID_ENTRIES14
                     tsmc18_wl10           slow

  Point                                    Incr       Path
  -----------------------------------------------------------
  clock clk (rise edge)                    0.00       0.00
  clock network delay (ideal)              0.00       0.00
  input external delay                     0.00       0.00 r
  clear_i (in)                             0.00       0.00 r
  U7255/Y (INVX1)                          0.24       0.24 f
  U4281/Y (NAND3X1)                        0.46       0.70 r
  U3438/Y (CLKINVX16)                      0.35       1.05 f
  U3436/Y (CLKINVX20)                      0.23       1.28 r
  U3822/Y (CLKINVX16)                      0.23       1.51 f
  U3794/Y (CLKINVX20)                      0.23       1.74 r
  U3752/Y (CLKINVX16)                      0.23       1.98 f
  U3535/Y (CLKINVX12)                      0.29       2.27 r
  cam_reuse_flat_o_reg[9]/E (EDFFX4)       0.00       2.27 r
  data arrival time                                   2.27

  clock clk (rise edge)                   20.00      20.00
  clock network delay (ideal)              0.00      20.00
  clock uncertainty                       -0.10      19.90
  cam_reuse_flat_o_reg[9]/CK (EDFFX4)      0.00      19.90 r
  library setup time                      -0.59      19.31
  data required time                                 19.31
  -----------------------------------------------------------
  data required time                                 19.31
  data arrival time                                  -2.27
  -----------------------------------------------------------
  slack (MET)                                        17.04


  Startpoint: clear_i (input port clocked by clk)
  Endpoint: cam_reuse_flat_o_reg[8]
            (rising edge-triggered flip-flop clocked by clk)
  Path Group: clk
  Path Type: max

  Des/Clust/Port     Wire Load Model       Library
  ------------------------------------------------
  pending_repair_buffer_HYBRID_ENTRIES14
                     tsmc18_wl10           slow

  Point                                    Incr       Path
  -----------------------------------------------------------
  clock clk (rise edge)                    0.00       0.00
  clock network delay (ideal)              0.00       0.00
  input external delay                     0.00       0.00 r
  clear_i (in)                             0.00       0.00 r
  U7255/Y (INVX1)                          0.24       0.24 f
  U4281/Y (NAND3X1)                        0.46       0.70 r
  U3438/Y (CLKINVX16)                      0.35       1.05 f
  U3436/Y (CLKINVX20)                      0.23       1.28 r
  U3822/Y (CLKINVX16)                      0.23       1.51 f
  U3794/Y (CLKINVX20)                      0.23       1.74 r
  U3751/Y (CLKINVX16)                      0.23       1.98 f
  U3536/Y (CLKINVX12)                      0.29       2.27 r
  cam_reuse_flat_o_reg[8]/E (EDFFX4)       0.00       2.27 r
  data arrival time                                   2.27

  clock clk (rise edge)                   20.00      20.00
  clock network delay (ideal)              0.00      20.00
  clock uncertainty                       -0.10      19.90
  cam_reuse_flat_o_reg[8]/CK (EDFFX4)      0.00      19.90 r
  library setup time                      -0.59      19.31
  data required time                                 19.31
  -----------------------------------------------------------
  data required time                                 19.31
  data arrival time                                  -2.27
  -----------------------------------------------------------
  slack (MET)                                        17.04


  Startpoint: clear_i (input port clocked by clk)
  Endpoint: cam_reuse_flat_o_reg[7]
            (rising edge-triggered flip-flop clocked by clk)
  Path Group: clk
  Path Type: max

  Des/Clust/Port     Wire Load Model       Library
  ------------------------------------------------
  pending_repair_buffer_HYBRID_ENTRIES14
                     tsmc18_wl10           slow

  Point                                    Incr       Path
  -----------------------------------------------------------
  clock clk (rise edge)                    0.00       0.00
  clock network delay (ideal)              0.00       0.00
  input external delay                     0.00       0.00 r
  clear_i (in)                             0.00       0.00 r
  U7255/Y (INVX1)                          0.24       0.24 f
  U4281/Y (NAND3X1)                        0.46       0.70 r
  U3438/Y (CLKINVX16)                      0.35       1.05 f
  U3436/Y (CLKINVX20)                      0.23       1.28 r
  U3822/Y (CLKINVX16)                      0.23       1.51 f
  U3794/Y (CLKINVX20)                      0.23       1.74 r
  U3751/Y (CLKINVX16)                      0.23       1.98 f
  U3536/Y (CLKINVX12)                      0.29       2.27 r
  cam_reuse_flat_o_reg[7]/E (EDFFX4)       0.00       2.27 r
  data arrival time                                   2.27

  clock clk (rise edge)                   20.00      20.00
  clock network delay (ideal)              0.00      20.00
  clock uncertainty                       -0.10      19.90
  cam_reuse_flat_o_reg[7]/CK (EDFFX4)      0.00      19.90 r
  library setup time                      -0.59      19.31
  data required time                                 19.31
  -----------------------------------------------------------
  data required time                                 19.31
  data arrival time                                  -2.27
  -----------------------------------------------------------
  slack (MET)                                        17.04


  Startpoint: clear_i (input port clocked by clk)
  Endpoint: cam_reuse_flat_o_reg[6]
            (rising edge-triggered flip-flop clocked by clk)
  Path Group: clk
  Path Type: max

  Des/Clust/Port     Wire Load Model       Library
  ------------------------------------------------
  pending_repair_buffer_HYBRID_ENTRIES14
                     tsmc18_wl10           slow

  Point                                    Incr       Path
  -----------------------------------------------------------
  clock clk (rise edge)                    0.00       0.00
  clock network delay (ideal)              0.00       0.00
  input external delay                     0.00       0.00 r
  clear_i (in)                             0.00       0.00 r
  U7255/Y (INVX1)                          0.24       0.24 f
  U4281/Y (NAND3X1)                        0.46       0.70 r
  U3438/Y (CLKINVX16)                      0.35       1.05 f
  U3436/Y (CLKINVX20)                      0.23       1.28 r
  U3822/Y (CLKINVX16)                      0.23       1.51 f
  U3794/Y (CLKINVX20)                      0.23       1.74 r
  U3751/Y (CLKINVX16)                      0.23       1.98 f
  U3536/Y (CLKINVX12)                      0.29       2.27 r
  cam_reuse_flat_o_reg[6]/E (EDFFX4)       0.00       2.27 r
  data arrival time                                   2.27

  clock clk (rise edge)                   20.00      20.00
  clock network delay (ideal)              0.00      20.00
  clock uncertainty                       -0.10      19.90
  cam_reuse_flat_o_reg[6]/CK (EDFFX4)      0.00      19.90 r
  library setup time                      -0.59      19.31
  data required time                                 19.31
  -----------------------------------------------------------
  data required time                                 19.31
  data arrival time                                  -2.27
  -----------------------------------------------------------
  slack (MET)                                        17.04


  Startpoint: clear_i (input port clocked by clk)
  Endpoint: cam_reuse_flat_o_reg[5]
            (rising edge-triggered flip-flop clocked by clk)
  Path Group: clk
  Path Type: max

  Des/Clust/Port     Wire Load Model       Library
  ------------------------------------------------
  pending_repair_buffer_HYBRID_ENTRIES14
                     tsmc18_wl10           slow

  Point                                    Incr       Path
  -----------------------------------------------------------
  clock clk (rise edge)                    0.00       0.00
  clock network delay (ideal)              0.00       0.00
  input external delay                     0.00       0.00 r
  clear_i (in)                             0.00       0.00 r
  U7255/Y (INVX1)                          0.24       0.24 f
  U4281/Y (NAND3X1)                        0.46       0.70 r
  U3438/Y (CLKINVX16)                      0.35       1.05 f
  U3436/Y (CLKINVX20)                      0.23       1.28 r
  U3822/Y (CLKINVX16)                      0.23       1.51 f
  U3794/Y (CLKINVX20)                      0.23       1.74 r
  U3751/Y (CLKINVX16)                      0.23       1.98 f
  U3536/Y (CLKINVX12)                      0.29       2.27 r
  cam_reuse_flat_o_reg[5]/E (EDFFX4)       0.00       2.27 r
  data arrival time                                   2.27

  clock clk (rise edge)                   20.00      20.00
  clock network delay (ideal)              0.00      20.00
  clock uncertainty                       -0.10      19.90
  cam_reuse_flat_o_reg[5]/CK (EDFFX4)      0.00      19.90 r
  library setup time                      -0.59      19.31
  data required time                                 19.31
  -----------------------------------------------------------
  data required time                                 19.31
  data arrival time                                  -2.27
  -----------------------------------------------------------
  slack (MET)                                        17.04


  Startpoint: clear_i (input port clocked by clk)
  Endpoint: cam_reuse_flat_o_reg[4]
            (rising edge-triggered flip-flop clocked by clk)
  Path Group: clk
  Path Type: max

  Des/Clust/Port     Wire Load Model       Library
  ------------------------------------------------
  pending_repair_buffer_HYBRID_ENTRIES14
                     tsmc18_wl10           slow

  Point                                    Incr       Path
  -----------------------------------------------------------
  clock clk (rise edge)                    0.00       0.00
  clock network delay (ideal)              0.00       0.00
  input external delay                     0.00       0.00 r
  clear_i (in)                             0.00       0.00 r
  U7255/Y (INVX1)                          0.24       0.24 f
  U4281/Y (NAND3X1)                        0.46       0.70 r
  U3438/Y (CLKINVX16)                      0.35       1.05 f
  U3436/Y (CLKINVX20)                      0.23       1.28 r
  U3822/Y (CLKINVX16)                      0.23       1.51 f
  U3794/Y (CLKINVX20)                      0.23       1.74 r
  U3751/Y (CLKINVX16)                      0.23       1.98 f
  U3536/Y (CLKINVX12)                      0.29       2.27 r
  cam_reuse_flat_o_reg[4]/E (EDFFX4)       0.00       2.27 r
  data arrival time                                   2.27

  clock clk (rise edge)                   20.00      20.00
  clock network delay (ideal)              0.00      20.00
  clock uncertainty                       -0.10      19.90
  cam_reuse_flat_o_reg[4]/CK (EDFFX4)      0.00      19.90 r
  library setup time                      -0.59      19.31
  data required time                                 19.31
  -----------------------------------------------------------
  data required time                                 19.31
  data arrival time                                  -2.27
  -----------------------------------------------------------
  slack (MET)                                        17.04


  Startpoint: clear_i (input port clocked by clk)
  Endpoint: cam_reuse_flat_o_reg[3]
            (rising edge-triggered flip-flop clocked by clk)
  Path Group: clk
  Path Type: max

  Des/Clust/Port     Wire Load Model       Library
  ------------------------------------------------
  pending_repair_buffer_HYBRID_ENTRIES14
                     tsmc18_wl10           slow

  Point                                    Incr       Path
  -----------------------------------------------------------
  clock clk (rise edge)                    0.00       0.00
  clock network delay (ideal)              0.00       0.00
  input external delay                     0.00       0.00 r
  clear_i (in)                             0.00       0.00 r
  U7255/Y (INVX1)                          0.24       0.24 f
  U4281/Y (NAND3X1)                        0.46       0.70 r
  U3438/Y (CLKINVX16)                      0.35       1.05 f
  U3436/Y (CLKINVX20)                      0.23       1.28 r
  U3822/Y (CLKINVX16)                      0.23       1.51 f
  U3794/Y (CLKINVX20)                      0.23       1.74 r
  U3751/Y (CLKINVX16)                      0.23       1.98 f
  U3536/Y (CLKINVX12)                      0.29       2.27 r
  cam_reuse_flat_o_reg[3]/E (EDFFX4)       0.00       2.27 r
  data arrival time                                   2.27

  clock clk (rise edge)                   20.00      20.00
  clock network delay (ideal)              0.00      20.00
  clock uncertainty                       -0.10      19.90
  cam_reuse_flat_o_reg[3]/CK (EDFFX4)      0.00      19.90 r
  library setup time                      -0.59      19.31
  data required time                                 19.31
  -----------------------------------------------------------
  data required time                                 19.31
  data arrival time                                  -2.27
  -----------------------------------------------------------
  slack (MET)                                        17.04


  Startpoint: clear_i (input port clocked by clk)
  Endpoint: cam_reuse_flat_o_reg[2]
            (rising edge-triggered flip-flop clocked by clk)
  Path Group: clk
  Path Type: max

  Des/Clust/Port     Wire Load Model       Library
  ------------------------------------------------
  pending_repair_buffer_HYBRID_ENTRIES14
                     tsmc18_wl10           slow

  Point                                    Incr       Path
  -----------------------------------------------------------
  clock clk (rise edge)                    0.00       0.00
  clock network delay (ideal)              0.00       0.00
  input external delay                     0.00       0.00 r
  clear_i (in)                             0.00       0.00 r
  U7255/Y (INVX1)                          0.24       0.24 f
  U4281/Y (NAND3X1)                        0.46       0.70 r
  U3438/Y (CLKINVX16)                      0.35       1.05 f
  U3436/Y (CLKINVX20)                      0.23       1.28 r
  U3822/Y (CLKINVX16)                      0.23       1.51 f
  U3794/Y (CLKINVX20)                      0.23       1.74 r
  U3751/Y (CLKINVX16)                      0.23       1.98 f
  U3536/Y (CLKINVX12)                      0.29       2.27 r
  cam_reuse_flat_o_reg[2]/E (EDFFX4)       0.00       2.27 r
  data arrival time                                   2.27

  clock clk (rise edge)                   20.00      20.00
  clock network delay (ideal)              0.00      20.00
  clock uncertainty                       -0.10      19.90
  cam_reuse_flat_o_reg[2]/CK (EDFFX4)      0.00      19.90 r
  library setup time                      -0.59      19.31
  data required time                                 19.31
  -----------------------------------------------------------
  data required time                                 19.31
  data arrival time                                  -2.27
  -----------------------------------------------------------
  slack (MET)                                        17.04


  Startpoint: clear_i (input port clocked by clk)
  Endpoint: cam_reuse_flat_o_reg[1]
            (rising edge-triggered flip-flop clocked by clk)
  Path Group: clk
  Path Type: max

  Des/Clust/Port     Wire Load Model       Library
  ------------------------------------------------
  pending_repair_buffer_HYBRID_ENTRIES14
                     tsmc18_wl10           slow

  Point                                    Incr       Path
  -----------------------------------------------------------
  clock clk (rise edge)                    0.00       0.00
  clock network delay (ideal)              0.00       0.00
  input external delay                     0.00       0.00 r
  clear_i (in)                             0.00       0.00 r
  U7255/Y (INVX1)                          0.24       0.24 f
  U4281/Y (NAND3X1)                        0.46       0.70 r
  U3438/Y (CLKINVX16)                      0.35       1.05 f
  U3436/Y (CLKINVX20)                      0.23       1.28 r
  U3822/Y (CLKINVX16)                      0.23       1.51 f
  U3794/Y (CLKINVX20)                      0.23       1.74 r
  U3751/Y (CLKINVX16)                      0.23       1.98 f
  U3536/Y (CLKINVX12)                      0.29       2.27 r
  cam_reuse_flat_o_reg[1]/E (EDFFX4)       0.00       2.27 r
  data arrival time                                   2.27

  clock clk (rise edge)                   20.00      20.00
  clock network delay (ideal)              0.00      20.00
  clock uncertainty                       -0.10      19.90
  cam_reuse_flat_o_reg[1]/CK (EDFFX4)      0.00      19.90 r
  library setup time                      -0.59      19.31
  data required time                                 19.31
  -----------------------------------------------------------
  data required time                                 19.31
  data arrival time                                  -2.27
  -----------------------------------------------------------
  slack (MET)                                        17.04


  Startpoint: clear_i (input port clocked by clk)
  Endpoint: cam_reuse_flat_o_reg[0]
            (rising edge-triggered flip-flop clocked by clk)
  Path Group: clk
  Path Type: max

  Des/Clust/Port     Wire Load Model       Library
  ------------------------------------------------
  pending_repair_buffer_HYBRID_ENTRIES14
                     tsmc18_wl10           slow

  Point                                    Incr       Path
  -----------------------------------------------------------
  clock clk (rise edge)                    0.00       0.00
  clock network delay (ideal)              0.00       0.00
  input external delay                     0.00       0.00 r
  clear_i (in)                             0.00       0.00 r
  U7255/Y (INVX1)                          0.24       0.24 f
  U4281/Y (NAND3X1)                        0.46       0.70 r
  U3438/Y (CLKINVX16)                      0.35       1.05 f
  U3436/Y (CLKINVX20)                      0.23       1.28 r
  U3822/Y (CLKINVX16)                      0.23       1.51 f
  U3794/Y (CLKINVX20)                      0.23       1.74 r
  U3751/Y (CLKINVX16)                      0.23       1.98 f
  U3536/Y (CLKINVX12)                      0.29       2.27 r
  cam_reuse_flat_o_reg[0]/E (EDFFX4)       0.00       2.27 r
  data arrival time                                   2.27

  clock clk (rise edge)                   20.00      20.00
  clock network delay (ideal)              0.00      20.00
  clock uncertainty                       -0.10      19.90
  cam_reuse_flat_o_reg[0]/CK (EDFFX4)      0.00      19.90 r
  library setup time                      -0.59      19.31
  data required time                                 19.31
  -----------------------------------------------------------
  data required time                                 19.31
  data arrival time                                  -2.27
  -----------------------------------------------------------
  slack (MET)                                        17.04


1
