 
****************************************
Report : area
Design : recam_2r2c_analyzer
Version: W-2024.09-SP2
Date   : Wed Sep  9 20:47:34 2026
****************************************

Library(s) Used:

    slow (File: /cad/std_libraries/CBDK_TSMC018_Arm_f1.0/CIC/SynopsysDC/db/slow.db)

Number of ports:                          430
Number of nets:                          2492
Number of cells:                         2093
Number of combinational cells:           2088
Number of sequential cells:                 0
Number of macros/black boxes:               0
Number of buf/inv:                        680
Number of references:                      11

Combinational area:              44859.830774
Buf/Inv area:                     8778.369745
Noncombinational area:               0.000000
Macro/Black Box area:                0.000000
Net Interconnect area:          220221.104095

Total cell area:                 44859.830774
Total area:                     265080.934869

Hierarchical area distribution
------------------------------

                                  Global cell area            Local cell area
                                  -------------------  ----------------------------- 
Hierarchical cell                 Absolute    Percent  Combi-      Noncombi-  Black-
                                  Total       Total    national    national   boxes   Design
--------------------------------  ----------  -------  ----------  ---------  ------  ----------------------------------------------------
recam_2r2c_analyzer               44859.8308    100.0    449.0640     0.0000  0.0000  recam_2r2c_analyzer
matrix_builder                    43559.2084     97.1  43559.2084     0.0000  0.0000  recam_2r2c_matrix_builder_ADDR_W10_HYBRID_ENTRY_NUM4
pattern_analyzer                    425.7792      0.9    425.7792     0.0000  0.0000  recam_2r2c_pattern_analyzer
pattern_encoder                     425.7792      0.9    425.7792     0.0000  0.0000  recam_2r2c_pattern_encoder
--------------------------------  ----------  -------  ----------  ---------  ------  ----------------------------------------------------
Total                                                  44859.8308     0.0000  0.0000

1
