 
****************************************
Report : qor
Design : recam_2r2c_analyzer
Version: W-2024.09-SP2
Date   : Wed Sep  9 20:47:34 2026
****************************************


  Timing Path Group 'recam_boundary_clk'
  -----------------------------------
  Levels of Logic:              49.00
  Critical Path Length:         10.00
  Critical Path Slack:           0.00
  Critical Path Clk Period:     10.00
  Total Negative Slack:          0.00
  No. of Violating Paths:        0.00
  Worst Hold Violation:          0.00
  Total Hold Violation:          0.00
  No. of Hold Violations:        0.00
  -----------------------------------


  Cell Count
  -----------------------------------
  Hierarchical Cell Count:          3
  Hierarchical Port Count:        226
  Leaf Cell Count:               2088
  Buf/Inv Cell Count:             680
  Buf Cell Count:                  75
  Inv Cell Count:                 605
  CT Buf/Inv Cell Count:            0
  Combinational Cell Count:      2088
  Sequential Cell Count:            0
  Macro Count:                      0
  -----------------------------------


  Area
  -----------------------------------
  Combinational Area:    44859.830774
  Noncombinational Area:     0.000000
  Buf/Inv Area:           8778.369745
  Total Buffer Area:          2175.47
  Total Inverter Area:        6602.90
  Macro/Black Box Area:      0.000000
  Net Area:             220221.104095
  -----------------------------------
  Cell Area:             44859.830774
  Design Area:          265080.934869


  Design Rules
  -----------------------------------
  Total Number of Nets:          2267
  Nets With Violations:             0
  Max Trans Violations:             0
  Max Cap Violations:               0
  -----------------------------------


  Hostname: Kaohsiung

  Compile CPU Statistics
  -----------------------------------------
  Resource Sharing:                    0.46
  Logic Optimization:                103.24
  Mapping Optimization:                4.68
  -----------------------------------------
  Overall Compile Time:              109.23
  Overall Compile Wall Clock Time:   109.69

  --------------------------------------------------------------------

  Design  WNS: 0.00  TNS: 0.00  Number of Violating Paths: 0


  Design (Hold)  WNS: 0.00  TNS: 0.00  Number of Violating Paths: 0

  --------------------------------------------------------------------


1
