 
****************************************
Report : reference
Design : recam_2r2c_analyzer
Version: W-2024.09-SP2
Date   : Wed Sep  9 20:47:34 2026
****************************************

Attributes:
    b - black box (unknown)
   bo - allows boundary optimization
    d - dont_touch
   mo - map_only
    h - hierarchical
    n - noncombinational
    r - removable
    s - synthetic operator
    u - contains unmapped logic

Reference          Library       Unit Area   Count    Total Area   Attributes
-----------------------------------------------------------------------------
BUFX1              slow          13.305600       1     13.305600  
BUFX3              slow          13.305600       8    106.444801  
BUFX8              slow          29.937599       3     89.812798  
BUFX12             slow          33.264000       5    166.320000  
CLKBUFX2           slow          13.305600       1     13.305600  
CLKBUFX3           slow          13.305600       1     13.305600  
CLKBUFXL           slow          13.305600       2     26.611200  
DLY1X1             slow          19.958401       1     19.958401  
recam_2r2c_matrix_builder_ADDR_W10_HYBRID_ENTRY_NUM4
                              43559.208363       1  43559.208363  h
recam_2r2c_pattern_analyzer     425.779205       1    425.779205  h
recam_2r2c_pattern_encoder      425.779206       1    425.779206  h
-----------------------------------------------------------------------------
Total 11 references                                 44859.830774

****************************************
Design: recam_2r2c_matrix_builder_ADDR_W10_HYBRID_ENTRY_NUM4 
****************************************
Reference          Library       Unit Area   Count    Total Area   Attributes
-----------------------------------------------------------------------------
AND2X1             slow          13.305600       4     53.222401  
AND2X2             slow          13.305600      39    518.918406  
AND2X4             slow          16.632000       8    133.056000  
AND3X1             slow          16.632000       3     49.896000  
AND3X2             slow          16.632000       4     66.528000  
AND3X4             slow          19.958401       9    179.625607  
AND4X1             slow          19.958401       2     39.916801  
AND4X2             slow          19.958401      20    399.168015  
AND4X4             slow          36.590401      14    512.265610  
AOI2BB1X1          slow          16.632000       6     99.792000  
AOI2BB1X2          slow          23.284800       3     69.854399  
AOI2BB1XL          slow          16.632000       2     33.264000  
AOI2BB2X1          slow          23.284800      24    558.835190  
AOI2BB2X2          slow          29.937599      10    299.375992  
AOI2BB2X4          slow          49.896000       7    349.271999  
AOI2BB2XL          slow          23.284800       7    162.993597  
AOI21X4            slow          33.264000       2     66.528000  
AOI21XL            slow          13.305600       1     13.305600  
AOI22X1            slow          16.632000       1     16.632000  
AOI22X2            slow          29.937599       3     89.812798  
AOI22X4            slow          46.569599       1     46.569599  
AOI22XL            slow          16.632000       1     16.632000  
AOI31X1            slow          16.632000       1     16.632000  
AOI31X2            slow          29.937599       3     89.812798  
AOI32X1            slow          23.284800       4     93.139198  
AOI32X2            slow          36.590401       3    109.771202  
AOI32X4            slow          33.264000       1     33.264000  
AOI33X1            slow          26.611200       1     26.611200  
AOI33X2            slow          43.243198       1     43.243198  
AOI211X1           slow          16.632000       3     49.896000  
AOI211X2           slow          29.937599       3     89.812798  
AOI221X1           slow          23.284800       5    116.423998  
AOI221X2           slow          39.916801       5    199.584007  
AOI221X4           slow          36.590401       1     36.590401  
AOI222X1           slow          26.611200       4    106.444801  
AOI222X2           slow          46.569599       8    372.556793  
AOI222X4           slow          39.916801       1     39.916801  
BUFX3              slow          13.305600       7     93.139201  
BUFX4              slow          16.632000       2     33.264000  
BUFX8              slow          29.937599      12    359.251190  
BUFX12             slow          33.264000      10    332.639999  
BUFX16             slow          43.243198       3    129.729595  
BUFX20             slow          53.222401      12    638.668808  
CLKBUFX2           slow          13.305600       1     13.305600  
CLKBUFX8           slow          23.284800       1     23.284800  
CLKBUFXL           slow          13.305600       1     13.305600  
CLKINVX2           slow           9.979200       3     29.937601  
CLKINVX3           slow           9.979200     108   1077.753639  
CLKINVX4           slow          13.305600      17    226.195203  
CLKINVX8           slow          19.958401      26    518.918419  
CLKINVX20          slow          96.465599       1     96.465599  
CLKINVXL           slow           9.979200       3     29.937601  
DLY1X1             slow          19.958401       3     59.875202  
INVX1              slow           6.652800     234   1556.755219  
INVX2              slow           9.979200      19    189.604807  
INVX3              slow          13.305600       3     39.916800  
INVX4              slow          13.305600      83   1104.364814  
INVX8              slow          19.958401      59   1177.545643  
INVX12             slow          43.243198       3    129.729595  
INVX16             slow          56.548801       1     56.548801  
INVXL              slow           6.652800      36    239.500803  
MX2X1              slow          26.611200       1     26.611200  
MX2X2              slow          29.937599       2     59.875198  
MXI2X1             slow          23.284800      12    279.417595  
MXI2X2             slow          26.611200      15    399.168005  
MXI2X4             slow          46.569599       8    372.556793  
MXI2XL             slow          23.284800      14    325.987194  
NAND2BX1           slow          13.305600      13    172.972802  
NAND2BX2           slow          19.958401       2     39.916801  
NAND2BX4           slow          26.611200       4    106.444801  
NAND2X1            slow           9.979200      19    189.604807  
NAND2X2            slow          16.632000      16    266.112000  
NAND2X4            slow          23.284800      21    488.980791  
NAND2XL            slow           9.979200       1      9.979200  
NAND3BX1           slow          16.632000       3     49.896000  
NAND3BX2           slow          26.611200       6    159.667202  
NAND3BX4           slow          36.590401       3    109.771202  
NAND3BXL           slow          16.632000       1     16.632000  
NAND3X1            slow          13.305600      29    385.862405  
NAND3X2            slow          23.284800      21    488.980791  
NAND3X4            slow          33.264000      25    831.599998  
NAND3XL            slow          13.305600      13    172.972802  
NAND4BBX1          slow          26.611200       1     26.611200  
NAND4BBX4          slow          63.201599       5    316.007996  
NAND4BBXL          slow          26.611200       1     26.611200  
NAND4BX2           slow          33.264000       5    166.320000  
NAND4BX4           slow          59.875198       7    419.126389  
NAND4BXL           slow          19.958401       1     19.958401  
NAND4X1            slow          16.632000      24    399.167999  
NAND4X2            slow          29.937599      20    598.751984  
NAND4X4            slow          56.548801      27   1526.817638  
NAND4XL            slow          16.632000      14    232.848000  
NOR2BX1            slow          13.305600       3     39.916800  
NOR2BX4            slow          26.611200       1     26.611200  
NOR2BXL            slow          13.305600       2     26.611200  
NOR2X1             slow           9.979200      15    149.688005  
NOR2X2             slow          16.632000      11    182.952000  
NOR2X4             slow          23.284800      17    395.841593  
NOR2XL             slow           9.979200       6     59.875202  
NOR3BX4            slow          36.590401       1     36.590401  
NOR3X2             slow          23.284800       2     46.569599  
NOR3X4             slow          33.264000       3     99.792000  
NOR4X1             slow          19.958401       2     39.916801  
NOR4X2             slow          29.937599       1     29.937599  
NOR4X4             slow          56.548801       7    395.841610  
OAI2BB1X1          slow          16.632000      11    182.952000  
OAI2BB1X2          slow          23.284800      12    279.417595  
OAI2BB1X4          slow          33.264000      16    532.223999  
OAI2BB2X4          slow          49.896000       1     49.896000  
OAI21X1            slow          16.632000       1     16.632000  
OAI21X2            slow          26.611200       4    106.444801  
OAI21X4            slow          36.590401       6    219.542404  
OAI21XL            slow          13.305600       2     26.611200  
OAI22X1            slow          19.958401      11    219.542408  
OAI22X2            slow          29.937599      15    449.063988  
OAI22X4            slow          46.569599      15    698.543987  
OAI22XL            slow          19.958401      11    219.542408  
OAI31X1            slow          19.958401       1     19.958401  
OAI31X2            slow          29.937599       7    209.563194  
OAI31X4            slow          29.937599       6    179.625595  
OAI32X1            slow          23.284800       9    209.563196  
OAI32X2            slow          36.590401      20    731.808014  
OAI32X4            slow          33.264000      26    864.863998  
OAI211X1           slow          19.958401       2     39.916801  
OAI211X2           slow          33.264000      12    399.167999  
OAI211X4           slow          29.937599       4    119.750397  
OAI221X2           slow          43.243198       1     43.243198  
OAI221X4           slow          36.590401       2     73.180801  
OAI221XL           slow          23.284800       2     46.569599  
OAI222X1           slow          29.937599       1     29.937599  
OAI222XL           slow          26.611200       1     26.611200  
OR2X1              slow          13.305600      10    133.056002  
OR2X2              slow          13.305600     163   2168.812827  
OR2X4              slow          19.958401      85   1696.464062  
OR2XL              slow          13.305600      20    266.112003  
OR3X4              slow          29.937599       1     29.937599  
OR3XL              slow          16.632000       1     16.632000  
OR4X2              slow          19.958401      10    199.584007  
OR4X4              slow          36.590401       3    109.771202  
OR4XL              slow          19.958401       1     19.958401  
XNOR2X1            slow          26.611200       6    159.667202  
XNOR2X2            slow          36.590401       2     73.180801  
XNOR2X4            slow          56.548801       3    169.646404  
XOR2X1             slow          26.611200     130   3459.456043  
XOR2X2             slow          33.264000      69   2295.215996  
XOR2X4             slow          56.548801      47   2657.793667  
XOR2XL             slow          26.611200      16    425.779205  
XOR3X4             slow          99.792000       1     99.792000  
-----------------------------------------------------------------------------
Total 148 references                                43559.208363

****************************************
Design: recam_2r2c_pattern_analyzer 
****************************************
Reference          Library       Unit Area   Count    Total Area   Attributes
-----------------------------------------------------------------------------
AND3X4             slow          19.958401       1     19.958401  
BUFX8              slow          29.937599       1     29.937599  
CLKINVX8           slow          19.958401       1     19.958401  
INVX1              slow           6.652800       1      6.652800  
NAND3BX4           slow          36.590401       1     36.590401  
NOR3X4             slow          33.264000       3     99.792000  
NOR4X4             slow          56.548801       3    169.646404  
OR2X2              slow          13.305600       1     13.305600  
OR3X4              slow          29.937599       1     29.937599  
-----------------------------------------------------------------------------
Total 9 references                                    425.779205

****************************************
Design: recam_2r2c_pattern_encoder 
****************************************
Reference          Library       Unit Area   Count    Total Area   Attributes
-----------------------------------------------------------------------------
AND2X4             slow          16.632000       1     16.632000  
AOI31X2            slow          29.937599       1     29.937599  
CLKINVX2           slow           9.979200       1      9.979200  
CLKINVX3           slow           9.979200       1      9.979200  
INVX2              slow           9.979200       1      9.979200  
INVX4              slow          13.305600       1     13.305600  
INVX8              slow          19.958401       3     59.875202  
NAND2BX4           slow          26.611200       1     26.611200  
NAND3BX4           slow          36.590401       1     36.590401  
NAND3X2            slow          23.284800       1     23.284800  
NAND3X4            slow          33.264000       1     33.264000  
NAND4X4            slow          56.548801       1     56.548801  
NOR2X4             slow          23.284800       1     23.284800  
OAI21X4            slow          36.590401       1     36.590401  
OR2X4              slow          19.958401       2     39.916801  
-----------------------------------------------------------------------------
Total 15 references                                   425.779206
1
