 
****************************************
Report : cell
Design : recam_dss_grid2x2_directional_rs2_cs2_m1_hyp02_early_noscratch_top
Version: W-2024.09-SP2
Date   : Thu Sep 24 07:04:28 2026
****************************************

Attributes:
    b - black box (unknown)
    h - hierarchical
    n - noncombinational
    p - parameterized
    r - removable
    u - contains unmapped logic

Cell                      Reference       Library             Area  Attributes
--------------------------------------------------------------------------------
U2                        BUFX20          slow            53.222401 
U3                        BUFX8           slow            29.937599 
U4                        BUFX20          slow            53.222401 
U5                        BUFX8           slow            29.937599 
U6                        BUFX16          slow            43.243198 
U7                        BUFX3           slow            13.305600 
U8                        BUFX8           slow            29.937599 
U9                        INVX4           slow            13.305600 
U10                       INVX8           slow            19.958401 
U11                       AND2X2          slow            13.305600 
analyzer                  recam_shared_config_analyzer_ROW_ADDR_W9_PHYS_COL_ADDR_W13_WORD_COL_ADDR_W5_HYBRID_LINE_ADDR_W13_HYBRID_ENTRIES7
                                                          94027.349531
                                                                    h, p
core                      recam_dss_grid2x2_directional_rs2_cs2_m1_hyp02_early_noscratch_core
                                                          2145.528019
                                                                    h, n
selected_address_mux      dss_early_selected_address_mux_ROW_ADDR_W9_PHYS_COL_ADDR_W13
                                                          5824.526411
                                                                    h, p
--------------------------------------------------------------------------------
Total 13 cells                                            102296.779959
1
