 
****************************************
Report : area
Design : recam_dss_grid2x2_directional_rs2_cs2_m1_hyp02_early_noscratch_top
Version: W-2024.09-SP2
Date   : Thu Sep 24 07:04:28 2026
****************************************

Library(s) Used:

    slow (File: /cad/std_libraries/CBDK_TSMC018_Arm_f1.0/CIC/SynopsysDC/db/slow.db)

Number of ports:                          866
Number of nets:                          5653
Number of cells:                         4895
Number of combinational cells:           4879
Number of sequential cells:                13
Number of macros/black boxes:               0
Number of buf/inv:                       1454
Number of references:                      10

Combinational area:             101518.402346
Buf/Inv area:                    18125.553841
Noncombinational area:             778.377613
Macro/Black Box area:                0.000000
Net Interconnect area:          517209.259705

Total cell area:                102296.779959
Total area:                     619506.039664

Hierarchical area distribution
------------------------------

                                  Global cell area             Local cell area
                                  --------------------  ------------------------------ 
Hierarchical cell                 Absolute     Percent  Combi-       Noncombi-  Black-
                                  Total        Total    national     national   boxes   Design
--------------------------------  -----------  -------  -----------  ---------  ------  ----------------------------------------------------------------------------------------------------------------
recam_dss_grid2x2_directional_rs2_cs2_m1_hyp02_early_noscratch_top
                                  102296.7800    100.0     299.3760     0.0000  0.0000  recam_dss_grid2x2_directional_rs2_cs2_m1_hyp02_early_noscratch_top
analyzer                           94027.3495     91.9   94027.3495     0.0000  0.0000  recam_shared_config_analyzer_ROW_ADDR_W9_PHYS_COL_ADDR_W13_WORD_COL_ADDR_W5_HYBRID_LINE_ADDR_W13_HYBRID_ENTRIES7
core                                2145.5280      2.1    1367.1504   778.3776  0.0000  recam_dss_grid2x2_directional_rs2_cs2_m1_hyp02_early_noscratch_core
selected_address_mux                5824.5264      5.7    5824.5264     0.0000  0.0000  dss_early_selected_address_mux_ROW_ADDR_W9_PHYS_COL_ADDR_W13
--------------------------------  -----------  -------  -----------  ---------  ------  ----------------------------------------------------------------------------------------------------------------
Total                                                   101518.4023   778.3776  0.0000

1
