 
****************************************
Report : qor
Design : recam_dss_grid2x2_directional_rs2_cs2_m1_hyp02_early_noscratch_top
Version: W-2024.09-SP2
Date   : Thu Sep 24 07:04:28 2026
****************************************


  Timing Path Group 'recam_clk'
  -----------------------------------
  Levels of Logic:              83.00
  Critical Path Length:         19.97
  Critical Path Slack:           0.03
  Critical Path Clk Period:     20.00
  Total Negative Slack:          0.00
  No. of Violating Paths:        0.00
  Worst Hold Violation:          0.00
  Total Hold Violation:          0.00
  No. of Hold Violations:        0.00
  -----------------------------------


  Cell Count
  -----------------------------------
  Hierarchical Cell Count:          3
  Hierarchical Port Count:        501
  Leaf Cell Count:               4892
  Buf/Inv Cell Count:            1454
  Buf Cell Count:                 206
  Inv Cell Count:                1248
  CT Buf/Inv Cell Count:            0
  Combinational Cell Count:      4879
  Sequential Cell Count:           13
  Macro Count:                      0
  -----------------------------------


  Area
  -----------------------------------
  Combinational Area:   101518.402346
  Noncombinational Area:   778.377613
  Buf/Inv Area:          18125.553841
  Total Buffer Area:          4573.80
  Total Inverter Area:       13551.75
  Macro/Black Box Area:      0.000000
  Net Area:             517209.259705
  -----------------------------------
  Cell Area:            102296.779959
  Design Area:          619506.039664


  Design Rules
  -----------------------------------
  Total Number of Nets:          5167
  Nets With Violations:             0
  Max Trans Violations:             0
  Max Cap Violations:               0
  -----------------------------------


  Hostname: Kaohsiung

  Compile CPU Statistics
  -----------------------------------------
  Resource Sharing:                    2.49
  Logic Optimization:                 45.13
  Mapping Optimization:               11.25
  -----------------------------------------
  Overall Compile Time:               64.55
  Overall Compile Wall Clock Time:    64.89

  --------------------------------------------------------------------

  Design  WNS: 0.00  TNS: 0.00  Number of Violating Paths: 0


  Design (Hold)  WNS: 0.00  TNS: 0.00  Number of Violating Paths: 0

  --------------------------------------------------------------------


1
