 
****************************************
Report : qor
Design : recam_early_solution_selector
Version: W-2024.09-SP2
Date   : Thu Sep 10 11:53:31 2026
****************************************


  Timing Path Group 'recam_boundary_clk'
  -----------------------------------
  Levels of Logic:              12.00
  Critical Path Length:          6.49
  Critical Path Slack:          13.51
  Critical Path Clk Period:     20.00
  Total Negative Slack:          0.00
  No. of Violating Paths:        0.00
  Worst Hold Violation:          0.00
  Total Hold Violation:          0.00
  No. of Hold Violations:        0.00
  -----------------------------------


  Cell Count
  -----------------------------------
  Hierarchical Cell Count:          0
  Hierarchical Port Count:          0
  Leaf Cell Count:                 71
  Buf/Inv Cell Count:              10
  Buf Cell Count:                   4
  Inv Cell Count:                   6
  CT Buf/Inv Cell Count:            0
  Combinational Cell Count:        71
  Sequential Cell Count:            0
  Macro Count:                      0
  -----------------------------------


  Area
  -----------------------------------
  Combinational Area:      967.982408
  Noncombinational Area:     0.000000
  Buf/Inv Area:             93.139201
  Total Buffer Area:            53.22
  Total Inverter Area:          39.92
  Macro/Black Box Area:      0.000000
  Net Area:              10826.720947
  -----------------------------------
  Cell Area:               967.982408
  Design Area:           11794.703355


  Design Rules
  -----------------------------------
  Total Number of Nets:           151
  Nets With Violations:             0
  Max Trans Violations:             0
  Max Cap Violations:               0
  -----------------------------------


  Hostname: Kaohsiung

  Compile CPU Statistics
  -----------------------------------------
  Resource Sharing:                    0.02
  Logic Optimization:                  0.06
  Mapping Optimization:                0.21
  -----------------------------------------
  Overall Compile Time:                0.82
  Overall Compile Wall Clock Time:     1.06

  --------------------------------------------------------------------

  Design  WNS: 0.00  TNS: 0.00  Number of Violating Paths: 0


  Design (Hold)  WNS: 0.00  TNS: 0.00  Number of Violating Paths: 0

  --------------------------------------------------------------------


1
