 
****************************************
Report : reference
Design : recam_early_solution_selector
Version: W-2024.09-SP2
Date   : Thu Sep 10 11:53:31 2026
****************************************

Attributes:
    b - black box (unknown)
   bo - allows boundary optimization
    d - dont_touch
   mo - map_only
    h - hierarchical
    n - noncombinational
    r - removable
    s - synthetic operator
    u - contains unmapped logic

Reference          Library       Unit Area   Count    Total Area   Attributes
-----------------------------------------------------------------------------
AOI22XL            slow          16.632000      34    565.487999  
BUFX3              slow          13.305600       4     53.222401  
INVX1              slow           6.652800       4     26.611200  
INVXL              slow           6.652800       2     13.305600  
NAND2X1            slow           9.979200      19    189.604807  
NAND3X1            slow          13.305600       1     13.305600  
NAND4X1            slow          16.632000       4     66.528000  
NOR2XL             slow           9.979200       1      9.979200  
NOR3XL             slow          13.305600       1     13.305600  
OR3XL              slow          16.632000       1     16.632000  
-----------------------------------------------------------------------------
Total 10 references                                   967.982408
1
