 
****************************************
Report : cell
Design : recam_dss_l1x4_r_static_global_top
Version: W-2024.09-SP2
Date   : Thu Sep 24 03:24:15 2026
****************************************

Attributes:
    b - black box (unknown)
    h - hierarchical
    n - noncombinational
    p - parameterized
    r - removable
    u - contains unmapped logic

Cell                      Reference       Library             Area  Attributes
--------------------------------------------------------------------------------
U3                        AND2X4          slow            16.632000 
analyzer                  recam_shared_config_analyzer_ROW_ADDR_W9_COL_ADDR_W5_DIFF_ADDR_W9_HYBRID_ENTRIES7
                                                          72665.208584
                                                                    h, p
core                      recam_dss_l1x4_r_static_global_core
                                                          24216.192269
                                                                    h, n
--------------------------------------------------------------------------------
Total 3 cells                                             96898.032853
1
