 
****************************************
Report : area
Design : recam_shared_config_analyzer
Version: W-2024.09-SP2
Date   : Thu Sep 10 03:30:17 2026
****************************************

Library(s) Used:

    slow (File: /cad/std_libraries/CBDK_TSMC018_Arm_f1.0/CIC/SynopsysDC/db/slow.db)

Number of ports:                          224
Number of nets:                          3719
Number of cells:                         3514
Number of combinational cells:           3514
Number of sequential cells:                 0
Number of macros/black boxes:               0
Number of buf/inv:                       1098
Number of references:                     141

Combinational area:              67229.870944
Buf/Inv area:                    10508.097767
Noncombinational area:               0.000000
Macro/Black Box area:                0.000000
Net Interconnect area:          366755.172089

Total cell area:                 67229.870944
Total area:                     433985.043033

Hierarchical area distribution
------------------------------

                                  Global cell area            Local cell area
                                  -------------------  ----------------------------- 
Hierarchical cell                 Absolute    Percent  Combi-      Noncombi-  Black-
                                  Total       Total    national    national   boxes   Design
--------------------------------  ----------  -------  ----------  ---------  ------  ---------
recam_shared_config_analyzer      67229.8709    100.0  67229.8709     0.0000  0.0000  recam_shared_config_analyzer
--------------------------------  ----------  -------  ----------  ---------  ------  ---------
Total                                                  67229.8709     0.0000  0.0000

1
