 
****************************************
Report : qor
Design : recam_shared_config_analyzer
Version: W-2024.09-SP2
Date   : Thu Sep 10 03:30:17 2026
****************************************


  Timing Path Group 'recam_boundary_clk'
  -----------------------------------
  Levels of Logic:              84.00
  Critical Path Length:         19.98
  Critical Path Slack:           0.02
  Critical Path Clk Period:     20.00
  Total Negative Slack:          0.00
  No. of Violating Paths:        0.00
  Worst Hold Violation:          0.00
  Total Hold Violation:          0.00
  No. of Hold Violations:        0.00
  -----------------------------------


  Cell Count
  -----------------------------------
  Hierarchical Cell Count:          0
  Hierarchical Port Count:          0
  Leaf Cell Count:               3514
  Buf/Inv Cell Count:            1098
  Buf Cell Count:                  87
  Inv Cell Count:                1011
  CT Buf/Inv Cell Count:            0
  Combinational Cell Count:      3514
  Sequential Cell Count:            0
  Macro Count:                      0
  -----------------------------------


  Area
  -----------------------------------
  Combinational Area:    67229.870944
  Noncombinational Area:     0.000000
  Buf/Inv Area:          10508.097767
  Total Buffer Area:          1613.30
  Total Inverter Area:        8894.79
  Macro/Black Box Area:      0.000000
  Net Area:             366755.172089
  -----------------------------------
  Cell Area:             67229.870944
  Design Area:          433985.043033


  Design Rules
  -----------------------------------
  Total Number of Nets:          3719
  Nets With Violations:             0
  Max Trans Violations:             0
  Max Cap Violations:               0
  -----------------------------------


  Hostname: Kaohsiung

  Compile CPU Statistics
  -----------------------------------------
  Resource Sharing:                    2.47
  Logic Optimization:                 19.98
  Mapping Optimization:                5.22
  -----------------------------------------
  Overall Compile Time:               33.83
  Overall Compile Wall Clock Time:    34.12

  --------------------------------------------------------------------

  Design  WNS: 0.00  TNS: 0.00  Number of Violating Paths: 0


  Design (Hold)  WNS: 0.00  TNS: 0.00  Number of Violating Paths: 0

  --------------------------------------------------------------------


1
