 
****************************************
Report : reference
Design : recam_shared_config_analyzer
Version: W-2024.09-SP2
Date   : Thu Sep 10 03:30:17 2026
****************************************

Attributes:
    b - black box (unknown)
   bo - allows boundary optimization
    d - dont_touch
   mo - map_only
    h - hierarchical
    n - noncombinational
    r - removable
    s - synthetic operator
    u - contains unmapped logic

Reference          Library       Unit Area   Count    Total Area   Attributes
-----------------------------------------------------------------------------
AND2X1             slow          13.305600       4     53.222401  
AND2X2             slow          13.305600      35    465.696006  
AND2X4             slow          16.632000       3     49.896000  
AND3X1             slow          16.632000       3     49.896000  
AND3X2             slow          16.632000      10    166.320000  
AND3X4             slow          19.958401       6    119.750404  
AND4X1             slow          19.958401       1     19.958401  
AND4X2             slow          19.958401      34    678.585625  
AND4X4             slow          36.590401       9    329.313606  
AOI2BB1X1          slow          16.632000       5     83.160000  
AOI2BB1X2          slow          23.284800       2     46.569599  
AOI2BB1X4          slow          36.590401       3    109.771202  
AOI2BB2X1          slow          23.284800      61   1420.372774  
AOI2BB2X2          slow          29.937599      21    628.689583  
AOI2BB2X4          slow          49.896000       4    199.584000  
AOI2BB2XL          slow          23.284800       1     23.284800  
AOI21X1            slow          13.305600       1     13.305600  
AOI21X2            slow          23.284800       1     23.284800  
AOI21X4            slow          33.264000       1     33.264000  
AOI22X1            slow          16.632000       5     83.160000  
AOI31X1            slow          16.632000       3     49.896000  
AOI31X2            slow          29.937599       1     29.937599  
AOI31X4            slow          29.937599       1     29.937599  
AOI32X1            slow          23.284800       1     23.284800  
AOI211X1           slow          16.632000       3     49.896000  
AOI211X2           slow          29.937599       3     89.812798  
AOI221X1           slow          23.284800       4     93.139198  
AOI221X2           slow          39.916801       2     79.833603  
AOI221XL           slow          23.284800       3     69.854399  
AOI222X1           slow          26.611200      17    452.390406  
AOI222X2           slow          46.569599       3    139.708797  
AOI222X4           slow          39.916801       2     79.833603  
BUFX1              slow          13.305600       5     66.528001  
BUFX2              slow          13.305600       1     13.305600  
BUFX3              slow          13.305600      46    612.057608  
BUFX4              slow          16.632000      10    166.320000  
BUFX8              slow          29.937599      11    329.313591  
BUFX12             slow          33.264000       7    232.848000  
BUFX16             slow          43.243198       1     43.243198  
BUFX20             slow          53.222401       1     53.222401  
CLKBUFX2           slow          13.305600       1     13.305600  
CLKBUFX3           slow          13.305600       1     13.305600  
CLKBUFX8           slow          23.284800       3     69.854399  
CLKINVX2           slow           9.979200       5     49.896002  
CLKINVX3           slow           9.979200     132   1317.254448  
CLKINVX4           slow          13.305600      18    239.500803  
CLKINVX8           slow          19.958401      18    359.251213  
CLKINVXL           slow           9.979200      12    119.750404  
INVX1              slow           6.652800     557   3705.609646  
INVX2              slow           9.979200      32    319.334412  
INVX3              slow          13.305600       6     79.833601  
INVX4              slow          13.305600      54    718.502409  
INVX8              slow          19.958401      39    778.377628  
INVX12             slow          43.243198       5    216.215992  
INVX16             slow          56.548801       1     56.548801  
INVX20             slow          63.201599       1     63.201599  
INVXL              slow           6.652800     131    871.516811  
MX2X1              slow          26.611200      82   2182.118427  
MX2X2              slow          29.937599       6    179.625595  
MX2X4              slow          33.264000       5    166.320000  
MX2XL              slow          26.611200       4    106.444801  
MXI2X1             slow          23.284800      82   1909.353565  
MXI2X2             slow          26.611200      86   2288.563229  
MXI2X4             slow          46.569599      17    791.683186  
MXI2XL             slow          23.284800      98   2281.910358  
NAND2BX1           slow          13.305600       1     13.305600  
NAND2BX4           slow          26.611200       1     26.611200  
NAND2X1            slow           9.979200      28    279.417610  
NAND2X2            slow          16.632000       8    133.056000  
NAND2X4            slow          23.284800       4     93.139198  
NAND2XL            slow           9.979200       8     79.833603  
NAND3BX1           slow          16.632000       1     16.632000  
NAND3BX4           slow          36.590401       1     36.590401  
NAND3BXL           slow          16.632000       2     33.264000  
NAND3X1            slow          13.305600     182   2421.619230  
NAND3X2            slow          23.284800      16    372.556793  
NAND3X4            slow          33.264000      30    997.919998  
NAND3XL            slow          13.305600      20    266.112003  
NAND4BBX1          slow          26.611200       2     53.222401  
NAND4BBX2          slow          36.590401       1     36.590401  
NAND4BX4           slow          59.875198       1     59.875198  
NAND4BXL           slow          19.958401       1     19.958401  
NAND4X1            slow          16.632000      80   1330.559998  
NAND4X2            slow          29.937599      20    598.751984  
NAND4X4            slow          56.548801      22   1244.073631  
NAND4XL            slow          16.632000      16    266.112000  
NOR2BX1            slow          13.305600       2     26.611200  
NOR2X1             slow           9.979200      21    209.563208  
NOR2X2             slow          16.632000      13    216.216000  
NOR2X4             slow          23.284800      14    325.987194  
NOR2XL             slow           9.979200       2     19.958401  
NOR3X1             slow          13.305600       4     53.222401  
NOR3X4             slow          33.264000       1     33.264000  
NOR3XL             slow          13.305600       1     13.305600  
NOR4X1             slow          19.958401       1     19.958401  
NOR4X2             slow          29.937599       4    119.750397  
NOR4X4             slow          56.548801       1     56.548801  
OAI2BB1X1          slow          16.632000      44    731.807999  
OAI2BB1X2          slow          23.284800      16    372.556793  
OAI2BB1X4          slow          33.264000      24    798.335999  
OAI2BB1XL          slow          16.632000       1     16.632000  
OAI22X1            slow          19.958401      35    698.544025  
OAI22X2            slow          29.937599      14    419.126389  
OAI22X4            slow          46.569599       5    232.847996  
OAI22XL            slow          19.958401       7    139.708805  
OAI31X2            slow          29.937599       7    209.563194  
OAI31X4            slow          29.937599       2     59.875198  
OAI32X1            slow          23.284800       1     23.284800  
OAI32X2            slow          36.590401       1     36.590401  
OAI32X4            slow          33.264000       1     33.264000  
OAI33X1            slow          26.611200       1     26.611200  
OAI211X1           slow          19.958401       5     99.792004  
OAI211X2           slow          33.264000       2     66.528000  
OAI211X4           slow          29.937599      14    419.126389  
OAI211XL           slow          19.958401       1     19.958401  
OAI221X1           slow          26.611200       1     26.611200  
OAI221X2           slow          43.243198       5    216.215992  
OAI221X4           slow          36.590401       1     36.590401  
OAI221XL           slow          23.284800       2     46.569599  
OAI222X1           slow          29.937599       1     29.937599  
OAI222X2           slow          49.896000       2     99.792000  
OAI222X4           slow          39.916801       7    279.417610  
OAI222XL           slow          26.611200       2     53.222401  
OR2X1              slow          13.305600       1     13.305600  
OR2X2              slow          13.305600     253   3366.316842  
OR2X4              slow          19.958401      68   1357.171249  
OR2XL              slow          13.305600      29    385.862405  
OR3X2              slow          19.958401       3     59.875202  
OR3X4              slow          29.937599       1     29.937599  
OR3XL              slow          16.632000       3     49.896000  
OR4X1              slow          19.958401       1     19.958401  
OR4X2              slow          19.958401      59   1177.545643  
OR4X4              slow          36.590401      23    841.579216  
OR4XL              slow          19.958401       1     19.958401  
XNOR2X1            slow          26.611200      39   1037.836813  
XNOR2X2            slow          36.590401      13    475.675209  
XNOR2X4            slow          56.548801       8    452.390411  
XOR2X1             slow          26.611200     363   9659.865721  
XOR2X2             slow          33.264000     125   4157.999992  
XOR2X4             slow          56.548801      36   2035.756851  
XOR2XL             slow          26.611200      46   1224.115215  
-----------------------------------------------------------------------------
Total 141 references                                67229.870944
1
