 
****************************************
Report : timing
        -path full
        -delay max
        -max_paths 10
Design : recam_shared_config_analyzer
Version: W-2024.09-SP2
Date   : Thu Sep 10 03:30:17 2026
****************************************

Operating Conditions: slow   Library: slow
Wire Load Model Mode: top

  Startpoint: config_id_i[2]
              (input port clocked by recam_boundary_clk)
  Endpoint: pattern_id_o[1]
            (output port clocked by recam_boundary_clk)
  Path Group: recam_boundary_clk
  Path Type: max

  Des/Clust/Port     Wire Load Model       Library
  ------------------------------------------------
  recam_shared_config_analyzer
                     tsmc18_wl10           slow

  Point                                    Incr       Path
  -----------------------------------------------------------
  clock recam_boundary_clk (rise edge)     0.00       0.00
  clock network delay (ideal)              0.00       0.00
  input external delay                     0.00       0.00 f
  config_id_i[2] (in)                      0.00       0.00 f
  U2838/Y (CLKINVX8)                       0.11       0.11 r
  U3713/Y (XOR2X2)                         0.23       0.34 f
  U3712/Y (OR2X2)                          0.31       0.65 f
  U5144/Y (INVX4)                          0.13       0.78 r
  U5232/Y (OR2X4)                          0.20       0.98 r
  U5266/Y (NAND2X2)                        0.12       1.09 f
  U4642/Y (BUFX12)                         0.18       1.27 f
  U4287/Y (OR2X2)                          0.26       1.53 f
  U3268/Y (BUFX4)                          0.26       1.79 f
  U4286/Y (BUFX16)                         0.19       1.99 f
  U3265/Y (OAI22X2)                        0.27       2.26 r
  U2727/Y (INVX2)                          0.13       2.39 f
  U5355/Y (XOR2X2)                         0.26       2.65 f
  U4279/Y (AND4X2)                         0.30       2.94 f
  U2749/Y (NAND3X4)                        0.17       3.11 r
  U5199/Y (AND4X4)                         0.25       3.37 r
  U5233/Y (NAND3X4)                        0.18       3.55 f
  U4599/Y (OR2X2)                          0.33       3.88 f
  U5133/Y (OR2X4)                          0.31       4.19 f
  U2920/Y (INVX4)                          0.20       4.39 r
  U2767/Y (MX2X4)                          0.38       4.77 r
  U4633/Y (XOR2X4)                         0.24       5.00 f
  U4631/Y (OR2X4)                          0.25       5.25 f
  U3645/Y (CLKINVX3)                       0.08       5.33 r
  U4578/Y (NAND3X2)                        0.12       5.46 f
  U5202/Y (OR4X4)                          0.44       5.90 f
  U5236/Y (NAND4X4)                        0.28       6.18 r
  U5196/Y (INVX8)                          0.10       6.28 f
  U4734/Y (NAND3X4)                        0.26       6.54 r
  U4643/Y (INVX8)                          0.10       6.65 f
  U5525/Y (MXI2X2)                         0.20       6.84 f
  U3323/Y (BUFX4)                          0.24       7.09 f
  U5526/Y (XNOR2X4)                        0.24       7.33 f
  U5528/Y (NOR2X4)                         0.16       7.49 r
  U4641/Y (NAND3X4)                        0.11       7.60 f
  U4954/Y (OR4X4)                          0.31       7.91 f
  U5235/Y (NAND4X4)                        0.28       8.19 r
  U5206/Y (INVX8)                          0.09       8.28 f
  U5545/Y (NAND3X1)                        0.22       8.49 r
  U4919/Y (INVX16)                         0.26       8.75 f
  U4635/Y (MXI2X2)                         0.28       9.04 r
  U2730/Y (XOR2X4)                         0.30       9.33 f
  U2785/Y (AOI2BB1X2)                      0.19       9.52 r
  U4916/Y (NAND4X2)                        0.17       9.69 f
  U5054/Y (OR4X4)                          0.45      10.14 f
  U5108/Y (OR2X4)                          0.28      10.42 f
  U5002/Y (NAND3X2)                        0.20      10.62 r
  U5229/Y (OR2X4)                          0.22      10.84 r
  U5204/Y (XOR2X4)                         0.34      11.17 r
  U5203/Y (INVX8)                          0.10      11.27 f
  U4653/Y (OAI2BB1X4)                      0.19      11.45 f
  U3026/Y (INVX4)                          0.11      11.56 r
  U4480/Y (NAND3X4)                        0.09      11.65 f
  U5234/Y (OAI211X4)                       0.60      12.25 r
  U5201/Y (INVX8)                          0.14      12.39 f
  U4547/Y (MXI2X1)                         0.27      12.66 f
  U4615/Y (INVX4)                          0.17      12.83 r
  U5662/Y (XOR2X2)                         0.27      13.10 r
  U3441/Y (AND2X2)                         0.21      13.30 r
  U4949/Y (NAND4X2)                        0.14      13.44 f
  U5211/Y (OR4X4)                          0.44      13.88 f
  U5210/Y (OR2X4)                          0.32      14.20 f
  U5231/Y (NAND3X4)                        0.25      14.45 r
  U5136/Y (OAI2BB1X4)                      0.27      14.73 r
  U4474/Y (INVX4)                          0.10      14.82 f
  U4473/Y (AND2X2)                         0.20      15.02 f
  U5230/Y (OR4X4)                          0.46      15.48 f
  U5177/Y (OAI211X4)                       0.57      16.06 r
  U5169/Y (INVX8)                          0.08      16.13 f
  U3749/Y (NAND3X1)                        0.28      16.42 r
  U3780/Y (INVX4)                          0.12      16.53 f
  U4603/Y (AND2X4)                         0.19      16.73 f
  U5069/Y (OR4X4)                          0.47      17.20 f
  U5107/Y (OR2X4)                          0.26      17.46 f
  U5093/Y (OR2X4)                          0.26      17.72 f
  U6106/Y (AOI211X2)                       0.32      18.04 r
  U5075/Y (NAND4X2)                        0.20      18.24 f
  U5194/Y (NAND3X4)                        0.22      18.45 r
  U4964/Y (INVX4)                          0.09      18.55 f
  U2795/Y (NAND3X4)                        0.21      18.75 r
  U4065/Y (INVX2)                          0.12      18.87 f
  U5172/Y (OR4X4)                          0.49      19.37 f
  U5225/Y (NAND3X4)                        0.29      19.65 r
  U4968/Y (NAND4BBX2)                      0.33      19.98 f
  pattern_id_o[1] (out)                    0.00      19.98 f
  data arrival time                                  19.98

  clock recam_boundary_clk (rise edge)    20.00      20.00
  clock network delay (ideal)              0.00      20.00
  output external delay                    0.00      20.00
  data required time                                 20.00
  -----------------------------------------------------------
  data required time                                 20.00
  data arrival time                                 -19.98
  -----------------------------------------------------------
  slack (MET)                                         0.02


  Startpoint: config_id_i[2]
              (input port clocked by recam_boundary_clk)
  Endpoint: solution_valid_o
            (output port clocked by recam_boundary_clk)
  Path Group: recam_boundary_clk
  Path Type: max

  Des/Clust/Port     Wire Load Model       Library
  ------------------------------------------------
  recam_shared_config_analyzer
                     tsmc18_wl10           slow

  Point                                    Incr       Path
  -----------------------------------------------------------
  clock recam_boundary_clk (rise edge)     0.00       0.00
  clock network delay (ideal)              0.00       0.00
  input external delay                     0.00       0.00 f
  config_id_i[2] (in)                      0.00       0.00 f
  U2838/Y (CLKINVX8)                       0.11       0.11 r
  U3713/Y (XOR2X2)                         0.23       0.34 f
  U3712/Y (OR2X2)                          0.31       0.65 f
  U5144/Y (INVX4)                          0.13       0.78 r
  U5232/Y (OR2X4)                          0.20       0.98 r
  U5266/Y (NAND2X2)                        0.12       1.09 f
  U4642/Y (BUFX12)                         0.18       1.27 f
  U4287/Y (OR2X2)                          0.26       1.53 f
  U3268/Y (BUFX4)                          0.26       1.79 f
  U4286/Y (BUFX16)                         0.19       1.99 f
  U3265/Y (OAI22X2)                        0.27       2.26 r
  U2727/Y (INVX2)                          0.13       2.39 f
  U5355/Y (XOR2X2)                         0.26       2.65 f
  U4279/Y (AND4X2)                         0.30       2.94 f
  U2749/Y (NAND3X4)                        0.17       3.11 r
  U5199/Y (AND4X4)                         0.25       3.37 r
  U5233/Y (NAND3X4)                        0.18       3.55 f
  U4599/Y (OR2X2)                          0.33       3.88 f
  U5133/Y (OR2X4)                          0.31       4.19 f
  U2920/Y (INVX4)                          0.20       4.39 r
  U2767/Y (MX2X4)                          0.38       4.77 r
  U4633/Y (XOR2X4)                         0.24       5.00 f
  U4631/Y (OR2X4)                          0.25       5.25 f
  U3645/Y (CLKINVX3)                       0.08       5.33 r
  U4578/Y (NAND3X2)                        0.12       5.46 f
  U5202/Y (OR4X4)                          0.44       5.90 f
  U5236/Y (NAND4X4)                        0.28       6.18 r
  U5196/Y (INVX8)                          0.10       6.28 f
  U4734/Y (NAND3X4)                        0.26       6.54 r
  U4643/Y (INVX8)                          0.10       6.65 f
  U5525/Y (MXI2X2)                         0.20       6.84 f
  U3323/Y (BUFX4)                          0.24       7.09 f
  U5526/Y (XNOR2X4)                        0.24       7.33 f
  U5528/Y (NOR2X4)                         0.16       7.49 r
  U4641/Y (NAND3X4)                        0.11       7.60 f
  U4954/Y (OR4X4)                          0.31       7.91 f
  U5235/Y (NAND4X4)                        0.28       8.19 r
  U5206/Y (INVX8)                          0.09       8.28 f
  U5545/Y (NAND3X1)                        0.22       8.49 r
  U4919/Y (INVX16)                         0.26       8.75 f
  U4635/Y (MXI2X2)                         0.28       9.04 r
  U2730/Y (XOR2X4)                         0.30       9.33 f
  U2785/Y (AOI2BB1X2)                      0.19       9.52 r
  U4916/Y (NAND4X2)                        0.17       9.69 f
  U5054/Y (OR4X4)                          0.45      10.14 f
  U5108/Y (OR2X4)                          0.28      10.42 f
  U5002/Y (NAND3X2)                        0.20      10.62 r
  U5229/Y (OR2X4)                          0.22      10.84 r
  U5204/Y (XOR2X4)                         0.34      11.17 r
  U5203/Y (INVX8)                          0.10      11.27 f
  U4653/Y (OAI2BB1X4)                      0.19      11.45 f
  U3026/Y (INVX4)                          0.11      11.56 r
  U4480/Y (NAND3X4)                        0.09      11.65 f
  U5234/Y (OAI211X4)                       0.60      12.25 r
  U5201/Y (INVX8)                          0.14      12.39 f
  U4547/Y (MXI2X1)                         0.27      12.66 f
  U4615/Y (INVX4)                          0.17      12.83 r
  U5662/Y (XOR2X2)                         0.27      13.10 r
  U3441/Y (AND2X2)                         0.21      13.30 r
  U4949/Y (NAND4X2)                        0.14      13.44 f
  U5211/Y (OR4X4)                          0.44      13.88 f
  U5210/Y (OR2X4)                          0.32      14.20 f
  U5231/Y (NAND3X4)                        0.25      14.45 r
  U5136/Y (OAI2BB1X4)                      0.27      14.73 r
  U4474/Y (INVX4)                          0.10      14.82 f
  U4473/Y (AND2X2)                         0.20      15.02 f
  U5230/Y (OR4X4)                          0.46      15.48 f
  U5177/Y (OAI211X4)                       0.57      16.06 r
  U5169/Y (INVX8)                          0.08      16.13 f
  U3749/Y (NAND3X1)                        0.28      16.42 r
  U3780/Y (INVX4)                          0.12      16.53 f
  U4603/Y (AND2X4)                         0.19      16.73 f
  U5069/Y (OR4X4)                          0.47      17.20 f
  U5107/Y (OR2X4)                          0.26      17.46 f
  U5093/Y (OR2X4)                          0.26      17.72 f
  U6106/Y (AOI211X2)                       0.32      18.04 r
  U5075/Y (NAND4X2)                        0.20      18.24 f
  U5194/Y (NAND3X4)                        0.22      18.45 r
  U4964/Y (INVX4)                          0.09      18.55 f
  U2795/Y (NAND3X4)                        0.21      18.75 r
  U4065/Y (INVX2)                          0.12      18.87 f
  U5172/Y (OR4X4)                          0.49      19.37 f
  U5225/Y (NAND3X4)                        0.29      19.65 r
  U5224/Y (NAND4X4)                        0.32      19.97 f
  solution_valid_o (out)                   0.00      19.97 f
  data arrival time                                  19.97

  clock recam_boundary_clk (rise edge)    20.00      20.00
  clock network delay (ideal)              0.00      20.00
  output external delay                    0.00      20.00
  data required time                                 20.00
  -----------------------------------------------------------
  data required time                                 20.00
  data arrival time                                 -19.97
  -----------------------------------------------------------
  slack (MET)                                         0.03


  Startpoint: config_id_i[2]
              (input port clocked by recam_boundary_clk)
  Endpoint: repairable_o
            (output port clocked by recam_boundary_clk)
  Path Group: recam_boundary_clk
  Path Type: max

  Des/Clust/Port     Wire Load Model       Library
  ------------------------------------------------
  recam_shared_config_analyzer
                     tsmc18_wl10           slow

  Point                                    Incr       Path
  -----------------------------------------------------------
  clock recam_boundary_clk (rise edge)     0.00       0.00
  clock network delay (ideal)              0.00       0.00
  input external delay                     0.00       0.00 f
  config_id_i[2] (in)                      0.00       0.00 f
  U2838/Y (CLKINVX8)                       0.11       0.11 r
  U3713/Y (XOR2X2)                         0.23       0.34 f
  U3712/Y (OR2X2)                          0.31       0.65 f
  U5144/Y (INVX4)                          0.13       0.78 r
  U5232/Y (OR2X4)                          0.20       0.98 r
  U5266/Y (NAND2X2)                        0.12       1.09 f
  U4642/Y (BUFX12)                         0.18       1.27 f
  U4287/Y (OR2X2)                          0.26       1.53 f
  U3268/Y (BUFX4)                          0.26       1.79 f
  U4286/Y (BUFX16)                         0.19       1.99 f
  U3265/Y (OAI22X2)                        0.27       2.26 r
  U2727/Y (INVX2)                          0.13       2.39 f
  U5355/Y (XOR2X2)                         0.26       2.65 f
  U4279/Y (AND4X2)                         0.30       2.94 f
  U2749/Y (NAND3X4)                        0.17       3.11 r
  U5199/Y (AND4X4)                         0.25       3.37 r
  U5233/Y (NAND3X4)                        0.18       3.55 f
  U4599/Y (OR2X2)                          0.33       3.88 f
  U5133/Y (OR2X4)                          0.31       4.19 f
  U2920/Y (INVX4)                          0.20       4.39 r
  U2767/Y (MX2X4)                          0.38       4.77 r
  U4633/Y (XOR2X4)                         0.24       5.00 f
  U4631/Y (OR2X4)                          0.25       5.25 f
  U3645/Y (CLKINVX3)                       0.08       5.33 r
  U4578/Y (NAND3X2)                        0.12       5.46 f
  U5202/Y (OR4X4)                          0.44       5.90 f
  U5236/Y (NAND4X4)                        0.28       6.18 r
  U5196/Y (INVX8)                          0.10       6.28 f
  U4734/Y (NAND3X4)                        0.26       6.54 r
  U4643/Y (INVX8)                          0.10       6.65 f
  U5525/Y (MXI2X2)                         0.20       6.84 f
  U3323/Y (BUFX4)                          0.24       7.09 f
  U5526/Y (XNOR2X4)                        0.24       7.33 f
  U5528/Y (NOR2X4)                         0.16       7.49 r
  U4641/Y (NAND3X4)                        0.11       7.60 f
  U4954/Y (OR4X4)                          0.31       7.91 f
  U5235/Y (NAND4X4)                        0.28       8.19 r
  U5206/Y (INVX8)                          0.09       8.28 f
  U5545/Y (NAND3X1)                        0.22       8.49 r
  U4919/Y (INVX16)                         0.26       8.75 f
  U4635/Y (MXI2X2)                         0.28       9.04 r
  U2730/Y (XOR2X4)                         0.30       9.33 f
  U2785/Y (AOI2BB1X2)                      0.19       9.52 r
  U4916/Y (NAND4X2)                        0.17       9.69 f
  U5054/Y (OR4X4)                          0.45      10.14 f
  U5108/Y (OR2X4)                          0.28      10.42 f
  U5002/Y (NAND3X2)                        0.20      10.62 r
  U5229/Y (OR2X4)                          0.22      10.84 r
  U5204/Y (XOR2X4)                         0.34      11.17 r
  U5203/Y (INVX8)                          0.10      11.27 f
  U4653/Y (OAI2BB1X4)                      0.19      11.45 f
  U3026/Y (INVX4)                          0.11      11.56 r
  U4480/Y (NAND3X4)                        0.09      11.65 f
  U5234/Y (OAI211X4)                       0.60      12.25 r
  U5201/Y (INVX8)                          0.14      12.39 f
  U4547/Y (MXI2X1)                         0.27      12.66 f
  U4615/Y (INVX4)                          0.17      12.83 r
  U5662/Y (XOR2X2)                         0.27      13.10 r
  U3441/Y (AND2X2)                         0.21      13.30 r
  U4949/Y (NAND4X2)                        0.14      13.44 f
  U5211/Y (OR4X4)                          0.44      13.88 f
  U5210/Y (OR2X4)                          0.32      14.20 f
  U5231/Y (NAND3X4)                        0.25      14.45 r
  U5136/Y (OAI2BB1X4)                      0.27      14.73 r
  U4474/Y (INVX4)                          0.10      14.82 f
  U4473/Y (AND2X2)                         0.20      15.02 f
  U5230/Y (OR4X4)                          0.46      15.48 f
  U5177/Y (OAI211X4)                       0.57      16.06 r
  U5169/Y (INVX8)                          0.08      16.13 f
  U3749/Y (NAND3X1)                        0.28      16.42 r
  U3780/Y (INVX4)                          0.12      16.53 f
  U4603/Y (AND2X4)                         0.19      16.73 f
  U5069/Y (OR4X4)                          0.47      17.20 f
  U5107/Y (OR2X4)                          0.26      17.46 f
  U5093/Y (OR2X4)                          0.26      17.72 f
  U6106/Y (AOI211X2)                       0.32      18.04 r
  U5075/Y (NAND4X2)                        0.20      18.24 f
  U5194/Y (NAND3X4)                        0.22      18.45 r
  U4964/Y (INVX4)                          0.09      18.55 f
  U2795/Y (NAND3X4)                        0.21      18.75 r
  U4065/Y (INVX2)                          0.12      18.87 f
  U5172/Y (OR4X4)                          0.49      19.37 f
  U5225/Y (NAND3X4)                        0.29      19.65 r
  U5224/Y (NAND4X4)                        0.32      19.97 f
  repairable_o (out)                       0.00      19.97 f
  data arrival time                                  19.97

  clock recam_boundary_clk (rise edge)    20.00      20.00
  clock network delay (ideal)              0.00      20.00
  output external delay                    0.00      20.00
  data required time                                 20.00
  -----------------------------------------------------------
  data required time                                 20.00
  data arrival time                                 -19.97
  -----------------------------------------------------------
  slack (MET)                                         0.03


  Startpoint: config_id_i[2]
              (input port clocked by recam_boundary_clk)
  Endpoint: pattern_id_o[3]
            (output port clocked by recam_boundary_clk)
  Path Group: recam_boundary_clk
  Path Type: max

  Des/Clust/Port     Wire Load Model       Library
  ------------------------------------------------
  recam_shared_config_analyzer
                     tsmc18_wl10           slow

  Point                                    Incr       Path
  -----------------------------------------------------------
  clock recam_boundary_clk (rise edge)     0.00       0.00
  clock network delay (ideal)              0.00       0.00
  input external delay                     0.00       0.00 f
  config_id_i[2] (in)                      0.00       0.00 f
  U2838/Y (CLKINVX8)                       0.11       0.11 r
  U3713/Y (XOR2X2)                         0.23       0.34 f
  U3712/Y (OR2X2)                          0.31       0.65 f
  U5144/Y (INVX4)                          0.13       0.78 r
  U5232/Y (OR2X4)                          0.20       0.98 r
  U5266/Y (NAND2X2)                        0.12       1.09 f
  U4642/Y (BUFX12)                         0.18       1.27 f
  U4287/Y (OR2X2)                          0.26       1.53 f
  U3268/Y (BUFX4)                          0.26       1.79 f
  U4286/Y (BUFX16)                         0.19       1.99 f
  U3265/Y (OAI22X2)                        0.27       2.26 r
  U2727/Y (INVX2)                          0.13       2.39 f
  U5355/Y (XOR2X2)                         0.26       2.65 f
  U4279/Y (AND4X2)                         0.30       2.94 f
  U2749/Y (NAND3X4)                        0.17       3.11 r
  U5199/Y (AND4X4)                         0.25       3.37 r
  U5233/Y (NAND3X4)                        0.18       3.55 f
  U4599/Y (OR2X2)                          0.33       3.88 f
  U5133/Y (OR2X4)                          0.31       4.19 f
  U2920/Y (INVX4)                          0.20       4.39 r
  U2767/Y (MX2X4)                          0.38       4.77 r
  U4633/Y (XOR2X4)                         0.24       5.00 f
  U4631/Y (OR2X4)                          0.25       5.25 f
  U3645/Y (CLKINVX3)                       0.08       5.33 r
  U4578/Y (NAND3X2)                        0.12       5.46 f
  U5202/Y (OR4X4)                          0.44       5.90 f
  U5236/Y (NAND4X4)                        0.28       6.18 r
  U5196/Y (INVX8)                          0.10       6.28 f
  U4734/Y (NAND3X4)                        0.26       6.54 r
  U4643/Y (INVX8)                          0.10       6.65 f
  U5525/Y (MXI2X2)                         0.20       6.84 f
  U3323/Y (BUFX4)                          0.24       7.09 f
  U5526/Y (XNOR2X4)                        0.24       7.33 f
  U5528/Y (NOR2X4)                         0.16       7.49 r
  U4641/Y (NAND3X4)                        0.11       7.60 f
  U4954/Y (OR4X4)                          0.31       7.91 f
  U5235/Y (NAND4X4)                        0.28       8.19 r
  U5206/Y (INVX8)                          0.09       8.28 f
  U5545/Y (NAND3X1)                        0.22       8.49 r
  U4919/Y (INVX16)                         0.26       8.75 f
  U4635/Y (MXI2X2)                         0.28       9.04 r
  U2730/Y (XOR2X4)                         0.30       9.33 f
  U2785/Y (AOI2BB1X2)                      0.19       9.52 r
  U4916/Y (NAND4X2)                        0.17       9.69 f
  U5054/Y (OR4X4)                          0.45      10.14 f
  U5108/Y (OR2X4)                          0.28      10.42 f
  U5002/Y (NAND3X2)                        0.20      10.62 r
  U5229/Y (OR2X4)                          0.22      10.84 r
  U5204/Y (XOR2X4)                         0.34      11.17 r
  U5203/Y (INVX8)                          0.10      11.27 f
  U4653/Y (OAI2BB1X4)                      0.19      11.45 f
  U3026/Y (INVX4)                          0.11      11.56 r
  U4480/Y (NAND3X4)                        0.09      11.65 f
  U5234/Y (OAI211X4)                       0.60      12.25 r
  U5201/Y (INVX8)                          0.14      12.39 f
  U4547/Y (MXI2X1)                         0.27      12.66 f
  U4615/Y (INVX4)                          0.17      12.83 r
  U5662/Y (XOR2X2)                         0.27      13.10 r
  U3441/Y (AND2X2)                         0.21      13.30 r
  U4949/Y (NAND4X2)                        0.14      13.44 f
  U5211/Y (OR4X4)                          0.44      13.88 f
  U5210/Y (OR2X4)                          0.32      14.20 f
  U5231/Y (NAND3X4)                        0.25      14.45 r
  U5136/Y (OAI2BB1X4)                      0.27      14.73 r
  U4474/Y (INVX4)                          0.10      14.82 f
  U4473/Y (AND2X2)                         0.20      15.02 f
  U5230/Y (OR4X4)                          0.46      15.48 f
  U5177/Y (OAI211X4)                       0.57      16.06 r
  U5169/Y (INVX8)                          0.08      16.13 f
  U3749/Y (NAND3X1)                        0.28      16.42 r
  U2786/Y (OR2XL)                          0.29      16.70 r
  U5919/Y (AND4X2)                         0.28      16.98 r
  U4068/Y (AND4X2)                         0.40      17.38 r
  U4636/Y (NAND3X4)                        0.15      17.53 f
  U5963/Y (CLKINVX3)                       0.17      17.69 r
  U6203/Y (NAND3X1)                        0.18      17.87 f
  U5176/Y (OR4X4)                          0.56      18.44 f
  U5012/Y (NAND4X4)                        0.24      18.68 r
  U4963/Y (INVX2)                          0.13      18.81 f
  U4253/Y (NOR2X2)                         0.32      19.12 r
  U4096/Y (NAND3X2)                        0.17      19.29 f
  U2881/Y (BUFX12)                         0.19      19.48 f
  U2880/Y (INVX8)                          0.08      19.55 r
  U4111/Y (NAND3X2)                        0.12      19.67 f
  U5212/Y (NAND3X2)                        0.27      19.95 r
  pattern_id_o[3] (out)                    0.00      19.95 r
  data arrival time                                  19.95

  clock recam_boundary_clk (rise edge)    20.00      20.00
  clock network delay (ideal)              0.00      20.00
  output external delay                    0.00      20.00
  data required time                                 20.00
  -----------------------------------------------------------
  data required time                                 20.00
  data arrival time                                 -19.95
  -----------------------------------------------------------
  slack (MET)                                         0.05


  Startpoint: config_id_i[2]
              (input port clocked by recam_boundary_clk)
  Endpoint: pattern_id_o[0]
            (output port clocked by recam_boundary_clk)
  Path Group: recam_boundary_clk
  Path Type: max

  Des/Clust/Port     Wire Load Model       Library
  ------------------------------------------------
  recam_shared_config_analyzer
                     tsmc18_wl10           slow

  Point                                    Incr       Path
  -----------------------------------------------------------
  clock recam_boundary_clk (rise edge)     0.00       0.00
  clock network delay (ideal)              0.00       0.00
  input external delay                     0.00       0.00 f
  config_id_i[2] (in)                      0.00       0.00 f
  U2838/Y (CLKINVX8)                       0.11       0.11 r
  U3713/Y (XOR2X2)                         0.23       0.34 f
  U3712/Y (OR2X2)                          0.31       0.65 f
  U5144/Y (INVX4)                          0.13       0.78 r
  U5232/Y (OR2X4)                          0.20       0.98 r
  U5266/Y (NAND2X2)                        0.12       1.09 f
  U4642/Y (BUFX12)                         0.18       1.27 f
  U4287/Y (OR2X2)                          0.26       1.53 f
  U3268/Y (BUFX4)                          0.26       1.79 f
  U4286/Y (BUFX16)                         0.19       1.99 f
  U3265/Y (OAI22X2)                        0.27       2.26 r
  U2727/Y (INVX2)                          0.13       2.39 f
  U5355/Y (XOR2X2)                         0.26       2.65 f
  U4279/Y (AND4X2)                         0.30       2.94 f
  U2749/Y (NAND3X4)                        0.17       3.11 r
  U5199/Y (AND4X4)                         0.25       3.37 r
  U5233/Y (NAND3X4)                        0.18       3.55 f
  U4599/Y (OR2X2)                          0.33       3.88 f
  U5133/Y (OR2X4)                          0.31       4.19 f
  U2920/Y (INVX4)                          0.20       4.39 r
  U2767/Y (MX2X4)                          0.38       4.77 r
  U4633/Y (XOR2X4)                         0.24       5.00 f
  U4631/Y (OR2X4)                          0.25       5.25 f
  U3645/Y (CLKINVX3)                       0.08       5.33 r
  U4578/Y (NAND3X2)                        0.12       5.46 f
  U5202/Y (OR4X4)                          0.44       5.90 f
  U5236/Y (NAND4X4)                        0.28       6.18 r
  U5196/Y (INVX8)                          0.10       6.28 f
  U4734/Y (NAND3X4)                        0.26       6.54 r
  U4643/Y (INVX8)                          0.10       6.65 f
  U5525/Y (MXI2X2)                         0.20       6.84 f
  U3323/Y (BUFX4)                          0.24       7.09 f
  U5526/Y (XNOR2X4)                        0.24       7.33 f
  U5528/Y (NOR2X4)                         0.16       7.49 r
  U4641/Y (NAND3X4)                        0.11       7.60 f
  U4954/Y (OR4X4)                          0.31       7.91 f
  U5235/Y (NAND4X4)                        0.28       8.19 r
  U5206/Y (INVX8)                          0.09       8.28 f
  U5545/Y (NAND3X1)                        0.22       8.49 r
  U4919/Y (INVX16)                         0.26       8.75 f
  U4635/Y (MXI2X2)                         0.28       9.04 r
  U2730/Y (XOR2X4)                         0.30       9.33 f
  U2785/Y (AOI2BB1X2)                      0.19       9.52 r
  U4916/Y (NAND4X2)                        0.17       9.69 f
  U5054/Y (OR4X4)                          0.45      10.14 f
  U5108/Y (OR2X4)                          0.28      10.42 f
  U5002/Y (NAND3X2)                        0.20      10.62 r
  U5229/Y (OR2X4)                          0.22      10.84 r
  U5204/Y (XOR2X4)                         0.34      11.17 r
  U5203/Y (INVX8)                          0.10      11.27 f
  U4653/Y (OAI2BB1X4)                      0.19      11.45 f
  U3026/Y (INVX4)                          0.11      11.56 r
  U4480/Y (NAND3X4)                        0.09      11.65 f
  U5234/Y (OAI211X4)                       0.60      12.25 r
  U5201/Y (INVX8)                          0.14      12.39 f
  U4547/Y (MXI2X1)                         0.27      12.66 f
  U4615/Y (INVX4)                          0.17      12.83 r
  U5662/Y (XOR2X2)                         0.27      13.10 r
  U3441/Y (AND2X2)                         0.21      13.30 r
  U4949/Y (NAND4X2)                        0.14      13.44 f
  U5211/Y (OR4X4)                          0.44      13.88 f
  U5210/Y (OR2X4)                          0.32      14.20 f
  U5231/Y (NAND3X4)                        0.25      14.45 r
  U5136/Y (OAI2BB1X4)                      0.27      14.73 r
  U4474/Y (INVX4)                          0.10      14.82 f
  U4473/Y (AND2X2)                         0.20      15.02 f
  U5230/Y (OR4X4)                          0.46      15.48 f
  U5177/Y (OAI211X4)                       0.57      16.06 r
  U5169/Y (INVX8)                          0.08      16.13 f
  U3749/Y (NAND3X1)                        0.28      16.42 r
  U3780/Y (INVX4)                          0.12      16.53 f
  U4603/Y (AND2X4)                         0.19      16.73 f
  U5069/Y (OR4X4)                          0.47      17.20 f
  U5107/Y (OR2X4)                          0.26      17.46 f
  U5093/Y (OR2X4)                          0.26      17.72 f
  U6106/Y (AOI211X2)                       0.32      18.04 r
  U5075/Y (NAND4X2)                        0.20      18.24 f
  U5194/Y (NAND3X4)                        0.22      18.45 r
  U4964/Y (INVX4)                          0.09      18.55 f
  U2795/Y (NAND3X4)                        0.21      18.75 r
  U4065/Y (INVX2)                          0.12      18.87 f
  U5172/Y (OR4X4)                          0.49      19.37 f
  U5004/Y (NAND4BBX1)                      0.53      19.90 r
  pattern_id_o[0] (out)                    0.00      19.90 r
  data arrival time                                  19.90

  clock recam_boundary_clk (rise edge)    20.00      20.00
  clock network delay (ideal)              0.00      20.00
  output external delay                    0.00      20.00
  data required time                                 20.00
  -----------------------------------------------------------
  data required time                                 20.00
  data arrival time                                 -19.90
  -----------------------------------------------------------
  slack (MET)                                         0.10


  Startpoint: config_id_i[2]
              (input port clocked by recam_boundary_clk)
  Endpoint: pattern_id_o[2]
            (output port clocked by recam_boundary_clk)
  Path Group: recam_boundary_clk
  Path Type: max

  Des/Clust/Port     Wire Load Model       Library
  ------------------------------------------------
  recam_shared_config_analyzer
                     tsmc18_wl10           slow

  Point                                    Incr       Path
  -----------------------------------------------------------
  clock recam_boundary_clk (rise edge)     0.00       0.00
  clock network delay (ideal)              0.00       0.00
  input external delay                     0.00       0.00 f
  config_id_i[2] (in)                      0.00       0.00 f
  U2838/Y (CLKINVX8)                       0.11       0.11 r
  U3713/Y (XOR2X2)                         0.23       0.34 f
  U3712/Y (OR2X2)                          0.31       0.65 f
  U5144/Y (INVX4)                          0.13       0.78 r
  U5232/Y (OR2X4)                          0.20       0.98 r
  U5266/Y (NAND2X2)                        0.12       1.09 f
  U4642/Y (BUFX12)                         0.18       1.27 f
  U4287/Y (OR2X2)                          0.26       1.53 f
  U3268/Y (BUFX4)                          0.26       1.79 f
  U4286/Y (BUFX16)                         0.19       1.99 f
  U3265/Y (OAI22X2)                        0.27       2.26 r
  U2727/Y (INVX2)                          0.13       2.39 f
  U5355/Y (XOR2X2)                         0.26       2.65 f
  U4279/Y (AND4X2)                         0.30       2.94 f
  U2749/Y (NAND3X4)                        0.17       3.11 r
  U5199/Y (AND4X4)                         0.25       3.37 r
  U5233/Y (NAND3X4)                        0.18       3.55 f
  U4599/Y (OR2X2)                          0.33       3.88 f
  U5133/Y (OR2X4)                          0.31       4.19 f
  U2920/Y (INVX4)                          0.20       4.39 r
  U2767/Y (MX2X4)                          0.38       4.77 r
  U4633/Y (XOR2X4)                         0.24       5.00 f
  U4631/Y (OR2X4)                          0.25       5.25 f
  U3645/Y (CLKINVX3)                       0.08       5.33 r
  U4578/Y (NAND3X2)                        0.12       5.46 f
  U5202/Y (OR4X4)                          0.44       5.90 f
  U5236/Y (NAND4X4)                        0.28       6.18 r
  U5196/Y (INVX8)                          0.10       6.28 f
  U4734/Y (NAND3X4)                        0.26       6.54 r
  U4643/Y (INVX8)                          0.10       6.65 f
  U5525/Y (MXI2X2)                         0.20       6.84 f
  U3323/Y (BUFX4)                          0.24       7.09 f
  U5526/Y (XNOR2X4)                        0.24       7.33 f
  U5528/Y (NOR2X4)                         0.16       7.49 r
  U4641/Y (NAND3X4)                        0.11       7.60 f
  U4954/Y (OR4X4)                          0.31       7.91 f
  U5235/Y (NAND4X4)                        0.28       8.19 r
  U5206/Y (INVX8)                          0.09       8.28 f
  U5545/Y (NAND3X1)                        0.22       8.49 r
  U4919/Y (INVX16)                         0.26       8.75 f
  U4635/Y (MXI2X2)                         0.28       9.04 r
  U2730/Y (XOR2X4)                         0.30       9.33 f
  U2785/Y (AOI2BB1X2)                      0.19       9.52 r
  U4916/Y (NAND4X2)                        0.17       9.69 f
  U5054/Y (OR4X4)                          0.45      10.14 f
  U5108/Y (OR2X4)                          0.28      10.42 f
  U5002/Y (NAND3X2)                        0.20      10.62 r
  U5229/Y (OR2X4)                          0.22      10.84 r
  U5204/Y (XOR2X4)                         0.34      11.17 r
  U5203/Y (INVX8)                          0.10      11.27 f
  U4653/Y (OAI2BB1X4)                      0.19      11.45 f
  U3026/Y (INVX4)                          0.11      11.56 r
  U4480/Y (NAND3X4)                        0.09      11.65 f
  U5234/Y (OAI211X4)                       0.60      12.25 r
  U5201/Y (INVX8)                          0.14      12.39 f
  U4547/Y (MXI2X1)                         0.27      12.66 f
  U4615/Y (INVX4)                          0.17      12.83 r
  U5662/Y (XOR2X2)                         0.27      13.10 r
  U3441/Y (AND2X2)                         0.21      13.30 r
  U4949/Y (NAND4X2)                        0.14      13.44 f
  U5211/Y (OR4X4)                          0.44      13.88 f
  U5210/Y (OR2X4)                          0.32      14.20 f
  U5231/Y (NAND3X4)                        0.25      14.45 r
  U5136/Y (OAI2BB1X4)                      0.27      14.73 r
  U4474/Y (INVX4)                          0.10      14.82 f
  U4473/Y (AND2X2)                         0.20      15.02 f
  U5230/Y (OR4X4)                          0.46      15.48 f
  U5177/Y (OAI211X4)                       0.57      16.06 r
  U5169/Y (INVX8)                          0.08      16.13 f
  U3749/Y (NAND3X1)                        0.28      16.42 r
  U2786/Y (OR2XL)                          0.29      16.70 r
  U5919/Y (AND4X2)                         0.28      16.98 r
  U4068/Y (AND4X2)                         0.40      17.38 r
  U4636/Y (NAND3X4)                        0.15      17.53 f
  U5963/Y (CLKINVX3)                       0.17      17.69 r
  U6203/Y (NAND3X1)                        0.18      17.87 f
  U5176/Y (OR4X4)                          0.56      18.44 f
  U5012/Y (NAND4X4)                        0.24      18.68 r
  U4963/Y (INVX2)                          0.13      18.81 f
  U4253/Y (NOR2X2)                         0.32      19.12 r
  U4096/Y (NAND3X2)                        0.17      19.29 f
  U2881/Y (BUFX12)                         0.19      19.48 f
  pattern_id_o[2] (out)                    0.00      19.48 f
  data arrival time                                  19.48

  clock recam_boundary_clk (rise edge)    20.00      20.00
  clock network delay (ideal)              0.00      20.00
  output external delay                    0.00      20.00
  data required time                                 20.00
  -----------------------------------------------------------
  data required time                                 20.00
  data arrival time                                 -19.48
  -----------------------------------------------------------
  slack (MET)                                         0.52


  Startpoint: config_id_i[2]
              (input port clocked by recam_boundary_clk)
  Endpoint: candidate_valid_o[8]
            (output port clocked by recam_boundary_clk)
  Path Group: recam_boundary_clk
  Path Type: max

  Des/Clust/Port     Wire Load Model       Library
  ------------------------------------------------
  recam_shared_config_analyzer
                     tsmc18_wl10           slow

  Point                                    Incr       Path
  -----------------------------------------------------------
  clock recam_boundary_clk (rise edge)     0.00       0.00
  clock network delay (ideal)              0.00       0.00
  input external delay                     0.00       0.00 f
  config_id_i[2] (in)                      0.00       0.00 f
  U2838/Y (CLKINVX8)                       0.11       0.11 r
  U3713/Y (XOR2X2)                         0.23       0.34 f
  U3712/Y (OR2X2)                          0.31       0.65 f
  U5144/Y (INVX4)                          0.13       0.78 r
  U5232/Y (OR2X4)                          0.20       0.98 r
  U2833/Y (CLKINVX2)                       0.15       1.12 f
  U2832/Y (NOR2X4)                         0.18       1.30 r
  U5192/Y (NAND2X4)                        0.14       1.44 f
  U5245/Y (AOI31X2)                        0.28       1.72 r
  U2822/Y (NAND3X4)                        0.20       1.93 f
  U2835/Y (CLKINVX4)                       0.13       2.05 r
  U5250/Y (XOR2X4)                         0.35       2.41 f
  U4943/Y (OAI222X2)                       0.31       2.72 r
  U2854/Y (BUFX8)                          0.20       2.92 r
  U3052/Y (INVX2)                          0.06       2.98 f
  U2858/Y (AOI31X4)                        0.39       3.37 r
  U5343/Y (OAI31X2)                        0.16       3.53 f
  U4995/Y (CLKINVX4)                       0.11       3.63 r
  U5248/Y (NAND4X4)                        0.21       3.84 f
  U5183/Y (OR2X4)                          0.31       4.15 f
  U2807/Y (CLKINVX8)                       0.16       4.31 r
  U2862/Y (MXI2X2)                         0.27       4.58 r
  U3352/Y (XNOR2X1)                        0.54       5.12 r
  U5395/Y (AND2X2)                         0.24       5.36 r
  U2969/Y (NAND4X2)                        0.17       5.53 f
  U5161/Y (OR4X4)                          0.47       6.00 f
  U5249/Y (AND4X4)                         0.29       6.29 f
  U5557/Y (OAI31X2)                        0.16       6.46 r
  U5184/Y (OR2X4)                          0.26       6.72 r
  U5063/Y (OR2X4)                          0.25       6.97 r
  U4612/Y (INVX8)                          0.07       7.04 f
  U5239/Y (MXI2X4)                         0.21       7.25 r
  U4553/Y (XNOR2X4)                        0.29       7.55 r
  U5215/Y (AND4X4)                         0.27       7.81 r
  U5214/Y (NAND4X4)                        0.14       7.95 f
  U5242/Y (OR4X4)                          0.47       8.42 f
  U5241/Y (NAND3X4)                        0.25       8.67 r
  U2747/Y (INVX8)                          0.08       8.75 f
  U5142/Y (NAND3X4)                        0.22       8.97 r
  U4601/Y (OAI2BB1X2)                      0.23       9.21 r
  U3547/Y (CLKBUFX8)                       0.18       9.38 r
  U5188/Y (INVX8)                          0.07       9.46 f
  U5187/Y (OR2X4)                          0.25       9.71 f
  U5257/Y (CLKINVX8)                       0.15       9.86 r
  U4133/Y (CLKBUFX3)                       0.27      10.13 r
  U5219/Y (OR3X4)                          0.23      10.37 r
  U5244/Y (NAND3X4)                        0.16      10.52 f
  U4542/Y (INVX4)                          0.13      10.66 r
  U5243/Y (NAND3X4)                        0.15      10.81 f
  U5141/Y (OR2X4)                          0.33      11.14 f
  U4555/Y (INVX8)                          0.13      11.26 r
  U4984/Y (MXI2XL)                         0.35      11.62 r
  U4983/Y (BUFX4)                          0.23      11.85 r
  U4911/Y (XNOR2X2)                        0.32      12.17 r
  U4910/Y (NAND4X2)                        0.14      12.30 f
  U5179/Y (OR4X4)                          0.49      12.80 f
  U3672/Y (CLKINVX3)                       0.08      12.88 r
  U5237/Y (OR2X4)                          0.20      13.08 r
  U5145/Y (OR2X4)                          0.17      13.25 r
  U3167/Y (INVX1)                          0.09      13.34 f
  U5124/Y (NAND3XL)                        0.30      13.64 r
  U3166/Y (INVX4)                          0.26      13.90 f
  U3272/Y (INVX1)                          0.22      14.12 r
  U2739/Y (CLKINVX3)                       0.16      14.28 f
  U2760/Y (MXI2X2)                         0.29      14.57 r
  U5914/Y (CLKINVX3)                       0.15      14.72 f
  U5915/Y (XOR2X2)                         0.27      14.99 r
  U5917/Y (NAND3X1)                        0.16      15.15 f
  U3748/Y (OR4X2)                          0.57      15.72 f
  U5086/Y (OAI2BB1X4)                      0.20      15.91 r
  U3801/Y (INVX1)                          0.21      16.13 f
  U5068/Y (NAND3X4)                        0.22      16.34 r
  U5019/Y (INVX8)                          0.09      16.43 f
  U5015/Y (AOI222X4)                       0.48      16.91 r
  U6214/Y (AND4X2)                         0.28      17.19 r
  U6215/Y (NAND4X1)                        0.33      17.52 f
  U4091/Y (INVX1)                          0.34      17.86 r
  U6217/Y (AND2X2)                         0.22      18.07 r
  U6218/Y (NAND4X1)                        0.32      18.39 f
  U4101/Y (INVX1)                          0.55      18.94 r
  candidate_valid_o[8] (out)               0.00      18.94 r
  data arrival time                                  18.94

  clock recam_boundary_clk (rise edge)    20.00      20.00
  clock network delay (ideal)              0.00      20.00
  output external delay                    0.00      20.00
  data required time                                 20.00
  -----------------------------------------------------------
  data required time                                 20.00
  data arrival time                                 -18.94
  -----------------------------------------------------------
  slack (MET)                                         1.06


  Startpoint: config_id_i[2]
              (input port clocked by recam_boundary_clk)
  Endpoint: candidate_valid_o[1]
            (output port clocked by recam_boundary_clk)
  Path Group: recam_boundary_clk
  Path Type: max

  Des/Clust/Port     Wire Load Model       Library
  ------------------------------------------------
  recam_shared_config_analyzer
                     tsmc18_wl10           slow

  Point                                    Incr       Path
  -----------------------------------------------------------
  clock recam_boundary_clk (rise edge)     0.00       0.00
  clock network delay (ideal)              0.00       0.00
  input external delay                     0.00       0.00 f
  config_id_i[2] (in)                      0.00       0.00 f
  U2838/Y (CLKINVX8)                       0.11       0.11 r
  U3713/Y (XOR2X2)                         0.23       0.34 f
  U3712/Y (OR2X2)                          0.31       0.65 f
  U5144/Y (INVX4)                          0.13       0.78 r
  U5232/Y (OR2X4)                          0.20       0.98 r
  U5266/Y (NAND2X2)                        0.12       1.09 f
  U4642/Y (BUFX12)                         0.18       1.27 f
  U4287/Y (OR2X2)                          0.26       1.53 f
  U3268/Y (BUFX4)                          0.26       1.79 f
  U4286/Y (BUFX16)                         0.19       1.99 f
  U3265/Y (OAI22X2)                        0.27       2.26 r
  U2727/Y (INVX2)                          0.13       2.39 f
  U5355/Y (XOR2X2)                         0.26       2.65 f
  U4279/Y (AND4X2)                         0.30       2.94 f
  U2749/Y (NAND3X4)                        0.17       3.11 r
  U5199/Y (AND4X4)                         0.25       3.37 r
  U5233/Y (NAND3X4)                        0.18       3.55 f
  U4599/Y (OR2X2)                          0.33       3.88 f
  U5133/Y (OR2X4)                          0.31       4.19 f
  U2920/Y (INVX4)                          0.20       4.39 r
  U2767/Y (MX2X4)                          0.38       4.77 r
  U4633/Y (XOR2X4)                         0.24       5.00 f
  U4631/Y (OR2X4)                          0.25       5.25 f
  U3645/Y (CLKINVX3)                       0.08       5.33 r
  U4578/Y (NAND3X2)                        0.12       5.46 f
  U5202/Y (OR4X4)                          0.44       5.90 f
  U5236/Y (NAND4X4)                        0.28       6.18 r
  U5196/Y (INVX8)                          0.10       6.28 f
  U4734/Y (NAND3X4)                        0.26       6.54 r
  U4643/Y (INVX8)                          0.10       6.65 f
  U5525/Y (MXI2X2)                         0.20       6.84 f
  U3323/Y (BUFX4)                          0.24       7.09 f
  U5526/Y (XNOR2X4)                        0.24       7.33 f
  U5528/Y (NOR2X4)                         0.16       7.49 r
  U4641/Y (NAND3X4)                        0.11       7.60 f
  U4954/Y (OR4X4)                          0.31       7.91 f
  U5235/Y (NAND4X4)                        0.28       8.19 r
  U5206/Y (INVX8)                          0.09       8.28 f
  U5545/Y (NAND3X1)                        0.22       8.49 r
  U4919/Y (INVX16)                         0.26       8.75 f
  U4635/Y (MXI2X2)                         0.28       9.04 r
  U2730/Y (XOR2X4)                         0.30       9.33 f
  U2785/Y (AOI2BB1X2)                      0.19       9.52 r
  U4916/Y (NAND4X2)                        0.17       9.69 f
  U5054/Y (OR4X4)                          0.45      10.14 f
  U5108/Y (OR2X4)                          0.28      10.42 f
  U5002/Y (NAND3X2)                        0.20      10.62 r
  U5229/Y (OR2X4)                          0.22      10.84 r
  U5204/Y (XOR2X4)                         0.34      11.17 r
  U5203/Y (INVX8)                          0.10      11.27 f
  U4653/Y (OAI2BB1X4)                      0.19      11.45 f
  U3026/Y (INVX4)                          0.11      11.56 r
  U4480/Y (NAND3X4)                        0.09      11.65 f
  U5234/Y (OAI211X4)                       0.60      12.25 r
  U5201/Y (INVX8)                          0.14      12.39 f
  U4547/Y (MXI2X1)                         0.27      12.66 f
  U4615/Y (INVX4)                          0.17      12.83 r
  U5662/Y (XOR2X2)                         0.27      13.10 r
  U3441/Y (AND2X2)                         0.21      13.30 r
  U4949/Y (NAND4X2)                        0.14      13.44 f
  U5211/Y (OR4X4)                          0.44      13.88 f
  U5210/Y (OR2X4)                          0.32      14.20 f
  U5231/Y (NAND3X4)                        0.25      14.45 r
  U5136/Y (OAI2BB1X4)                      0.27      14.73 r
  U4474/Y (INVX4)                          0.10      14.82 f
  U4473/Y (AND2X2)                         0.20      15.02 f
  U5230/Y (OR4X4)                          0.46      15.48 f
  U5177/Y (OAI211X4)                       0.57      16.06 r
  U5169/Y (INVX8)                          0.08      16.13 f
  U3749/Y (NAND3X1)                        0.28      16.42 r
  U2786/Y (OR2XL)                          0.29      16.70 r
  U5919/Y (AND4X2)                         0.28      16.98 r
  U4068/Y (AND4X2)                         0.40      17.38 r
  U4636/Y (NAND3X4)                        0.15      17.53 f
  U5963/Y (CLKINVX3)                       0.17      17.69 r
  U6203/Y (NAND3X1)                        0.18      17.87 f
  U5176/Y (OR4X4)                          0.56      18.44 f
  U4098/Y (INVX1)                          0.49      18.93 r
  candidate_valid_o[1] (out)               0.00      18.93 r
  data arrival time                                  18.93

  clock recam_boundary_clk (rise edge)    20.00      20.00
  clock network delay (ideal)              0.00      20.00
  output external delay                    0.00      20.00
  data required time                                 20.00
  -----------------------------------------------------------
  data required time                                 20.00
  data arrival time                                 -18.93
  -----------------------------------------------------------
  slack (MET)                                         1.07


  Startpoint: config_id_i[2]
              (input port clocked by recam_boundary_clk)
  Endpoint: candidate_valid_o[9]
            (output port clocked by recam_boundary_clk)
  Path Group: recam_boundary_clk
  Path Type: max

  Des/Clust/Port     Wire Load Model       Library
  ------------------------------------------------
  recam_shared_config_analyzer
                     tsmc18_wl10           slow

  Point                                    Incr       Path
  -----------------------------------------------------------
  clock recam_boundary_clk (rise edge)     0.00       0.00
  clock network delay (ideal)              0.00       0.00
  input external delay                     0.00       0.00 f
  config_id_i[2] (in)                      0.00       0.00 f
  U2838/Y (CLKINVX8)                       0.11       0.11 r
  U3713/Y (XOR2X2)                         0.23       0.34 f
  U3712/Y (OR2X2)                          0.31       0.65 f
  U5144/Y (INVX4)                          0.13       0.78 r
  U5232/Y (OR2X4)                          0.20       0.98 r
  U2833/Y (CLKINVX2)                       0.15       1.12 f
  U2832/Y (NOR2X4)                         0.18       1.30 r
  U5192/Y (NAND2X4)                        0.14       1.44 f
  U5245/Y (AOI31X2)                        0.28       1.72 r
  U2822/Y (NAND3X4)                        0.20       1.93 f
  U2835/Y (CLKINVX4)                       0.13       2.05 r
  U5250/Y (XOR2X4)                         0.35       2.41 f
  U4943/Y (OAI222X2)                       0.31       2.72 r
  U2854/Y (BUFX8)                          0.20       2.92 r
  U3052/Y (INVX2)                          0.06       2.98 f
  U2858/Y (AOI31X4)                        0.39       3.37 r
  U5343/Y (OAI31X2)                        0.16       3.53 f
  U4995/Y (CLKINVX4)                       0.11       3.63 r
  U5248/Y (NAND4X4)                        0.21       3.84 f
  U5183/Y (OR2X4)                          0.31       4.15 f
  U2807/Y (CLKINVX8)                       0.16       4.31 r
  U2862/Y (MXI2X2)                         0.27       4.58 r
  U3352/Y (XNOR2X1)                        0.54       5.12 r
  U5395/Y (AND2X2)                         0.24       5.36 r
  U2969/Y (NAND4X2)                        0.17       5.53 f
  U5161/Y (OR4X4)                          0.47       6.00 f
  U5249/Y (AND4X4)                         0.29       6.29 f
  U5557/Y (OAI31X2)                        0.16       6.46 r
  U5184/Y (OR2X4)                          0.26       6.72 r
  U5063/Y (OR2X4)                          0.25       6.97 r
  U4612/Y (INVX8)                          0.07       7.04 f
  U5239/Y (MXI2X4)                         0.21       7.25 r
  U4553/Y (XNOR2X4)                        0.29       7.55 r
  U5215/Y (AND4X4)                         0.27       7.81 r
  U5214/Y (NAND4X4)                        0.14       7.95 f
  U5242/Y (OR4X4)                          0.47       8.42 f
  U5241/Y (NAND3X4)                        0.25       8.67 r
  U2747/Y (INVX8)                          0.08       8.75 f
  U5142/Y (NAND3X4)                        0.22       8.97 r
  U4601/Y (OAI2BB1X2)                      0.23       9.21 r
  U3547/Y (CLKBUFX8)                       0.18       9.38 r
  U5188/Y (INVX8)                          0.07       9.46 f
  U5187/Y (OR2X4)                          0.25       9.71 f
  U5257/Y (CLKINVX8)                       0.15       9.86 r
  U4133/Y (CLKBUFX3)                       0.27      10.13 r
  U5219/Y (OR3X4)                          0.23      10.37 r
  U5244/Y (NAND3X4)                        0.16      10.52 f
  U4542/Y (INVX4)                          0.13      10.66 r
  U5243/Y (NAND3X4)                        0.15      10.81 f
  U5141/Y (OR2X4)                          0.33      11.14 f
  U4555/Y (INVX8)                          0.13      11.26 r
  U4984/Y (MXI2XL)                         0.35      11.62 r
  U4983/Y (BUFX4)                          0.23      11.85 r
  U4911/Y (XNOR2X2)                        0.32      12.17 r
  U4910/Y (NAND4X2)                        0.14      12.30 f
  U5179/Y (OR4X4)                          0.49      12.80 f
  U3672/Y (CLKINVX3)                       0.08      12.88 r
  U5237/Y (OR2X4)                          0.20      13.08 r
  U5145/Y (OR2X4)                          0.17      13.25 r
  U3167/Y (INVX1)                          0.09      13.34 f
  U5124/Y (NAND3XL)                        0.30      13.64 r
  U3166/Y (INVX4)                          0.26      13.90 f
  U3272/Y (INVX1)                          0.22      14.12 r
  U2739/Y (CLKINVX3)                       0.16      14.28 f
  U2760/Y (MXI2X2)                         0.29      14.57 r
  U5914/Y (CLKINVX3)                       0.15      14.72 f
  U5915/Y (XOR2X2)                         0.27      14.99 r
  U5917/Y (NAND3X1)                        0.16      15.15 f
  U3748/Y (OR4X2)                          0.57      15.72 f
  U5086/Y (OAI2BB1X4)                      0.20      15.91 r
  U3801/Y (INVX1)                          0.21      16.13 f
  U5068/Y (NAND3X4)                        0.22      16.34 r
  U5019/Y (INVX8)                          0.09      16.43 f
  U5015/Y (AOI222X4)                       0.48      16.91 r
  U6214/Y (AND4X2)                         0.28      17.19 r
  U6215/Y (NAND4X1)                        0.33      17.52 f
  U4091/Y (INVX1)                          0.34      17.86 r
  U5114/Y (NAND3XL)                        0.24      18.09 f
  U5013/Y (OR4X2)                          0.50      18.59 f
  U6220/Y (CLKINVX3)                       0.22      18.81 r
  candidate_valid_o[9] (out)               0.00      18.81 r
  data arrival time                                  18.81

  clock recam_boundary_clk (rise edge)    20.00      20.00
  clock network delay (ideal)              0.00      20.00
  output external delay                    0.00      20.00
  data required time                                 20.00
  -----------------------------------------------------------
  data required time                                 20.00
  data arrival time                                 -18.81
  -----------------------------------------------------------
  slack (MET)                                         1.19


  Startpoint: config_id_i[2]
              (input port clocked by recam_boundary_clk)
  Endpoint: candidate_valid_o[3]
            (output port clocked by recam_boundary_clk)
  Path Group: recam_boundary_clk
  Path Type: max

  Des/Clust/Port     Wire Load Model       Library
  ------------------------------------------------
  recam_shared_config_analyzer
                     tsmc18_wl10           slow

  Point                                    Incr       Path
  -----------------------------------------------------------
  clock recam_boundary_clk (rise edge)     0.00       0.00
  clock network delay (ideal)              0.00       0.00
  input external delay                     0.00       0.00 f
  config_id_i[2] (in)                      0.00       0.00 f
  U2838/Y (CLKINVX8)                       0.11       0.11 r
  U3713/Y (XOR2X2)                         0.23       0.34 f
  U3712/Y (OR2X2)                          0.31       0.65 f
  U5144/Y (INVX4)                          0.13       0.78 r
  U5232/Y (OR2X4)                          0.20       0.98 r
  U5266/Y (NAND2X2)                        0.12       1.09 f
  U4642/Y (BUFX12)                         0.18       1.27 f
  U4287/Y (OR2X2)                          0.26       1.53 f
  U3268/Y (BUFX4)                          0.26       1.79 f
  U4286/Y (BUFX16)                         0.19       1.99 f
  U3265/Y (OAI22X2)                        0.27       2.26 r
  U2727/Y (INVX2)                          0.13       2.39 f
  U5355/Y (XOR2X2)                         0.26       2.65 f
  U4279/Y (AND4X2)                         0.30       2.94 f
  U2749/Y (NAND3X4)                        0.17       3.11 r
  U5199/Y (AND4X4)                         0.25       3.37 r
  U5233/Y (NAND3X4)                        0.18       3.55 f
  U4599/Y (OR2X2)                          0.33       3.88 f
  U5133/Y (OR2X4)                          0.31       4.19 f
  U2920/Y (INVX4)                          0.20       4.39 r
  U2767/Y (MX2X4)                          0.38       4.77 r
  U4633/Y (XOR2X4)                         0.24       5.00 f
  U4631/Y (OR2X4)                          0.25       5.25 f
  U3645/Y (CLKINVX3)                       0.08       5.33 r
  U4578/Y (NAND3X2)                        0.12       5.46 f
  U5202/Y (OR4X4)                          0.44       5.90 f
  U5236/Y (NAND4X4)                        0.28       6.18 r
  U5196/Y (INVX8)                          0.10       6.28 f
  U4734/Y (NAND3X4)                        0.26       6.54 r
  U4643/Y (INVX8)                          0.10       6.65 f
  U5525/Y (MXI2X2)                         0.20       6.84 f
  U3323/Y (BUFX4)                          0.24       7.09 f
  U5526/Y (XNOR2X4)                        0.24       7.33 f
  U5528/Y (NOR2X4)                         0.16       7.49 r
  U4641/Y (NAND3X4)                        0.11       7.60 f
  U4954/Y (OR4X4)                          0.31       7.91 f
  U5235/Y (NAND4X4)                        0.28       8.19 r
  U5206/Y (INVX8)                          0.09       8.28 f
  U5545/Y (NAND3X1)                        0.22       8.49 r
  U4919/Y (INVX16)                         0.26       8.75 f
  U4635/Y (MXI2X2)                         0.28       9.04 r
  U2730/Y (XOR2X4)                         0.30       9.33 f
  U2785/Y (AOI2BB1X2)                      0.19       9.52 r
  U4916/Y (NAND4X2)                        0.17       9.69 f
  U5054/Y (OR4X4)                          0.45      10.14 f
  U5108/Y (OR2X4)                          0.28      10.42 f
  U5002/Y (NAND3X2)                        0.20      10.62 r
  U5229/Y (OR2X4)                          0.22      10.84 r
  U5204/Y (XOR2X4)                         0.34      11.17 r
  U5203/Y (INVX8)                          0.10      11.27 f
  U4653/Y (OAI2BB1X4)                      0.19      11.45 f
  U3026/Y (INVX4)                          0.11      11.56 r
  U4480/Y (NAND3X4)                        0.09      11.65 f
  U5234/Y (OAI211X4)                       0.60      12.25 r
  U5201/Y (INVX8)                          0.14      12.39 f
  U4547/Y (MXI2X1)                         0.27      12.66 f
  U4615/Y (INVX4)                          0.17      12.83 r
  U5662/Y (XOR2X2)                         0.27      13.10 r
  U3441/Y (AND2X2)                         0.21      13.30 r
  U4949/Y (NAND4X2)                        0.14      13.44 f
  U5211/Y (OR4X4)                          0.44      13.88 f
  U5210/Y (OR2X4)                          0.32      14.20 f
  U5231/Y (NAND3X4)                        0.25      14.45 r
  U5136/Y (OAI2BB1X4)                      0.27      14.73 r
  U4474/Y (INVX4)                          0.10      14.82 f
  U4473/Y (AND2X2)                         0.20      15.02 f
  U5230/Y (OR4X4)                          0.46      15.48 f
  U3803/Y (NOR2X2)                         0.20      15.68 r
  U2959/Y (AOI21X2)                        0.14      15.82 f
  U5746/Y (OAI2BB1X4)                      0.19      16.01 r
  U4638/Y (INVX4)                          0.09      16.10 f
  U4637/Y (OAI2BB1X4)                      0.21      16.32 f
  U5035/Y (CLKINVX4)                       0.07      16.38 r
  U5034/Y (OR2X4)                          0.17      16.56 r
  U2860/Y (AOI2BB2X2)                      0.26      16.82 r
  U2859/Y (NAND4X4)                        0.15      16.97 f
  U4026/Y (CLKINVX3)                       0.12      17.09 r
  U4006/Y (OR2X2)                          0.33      17.42 r
  U2808/Y (INVX4)                          0.06      17.48 f
  U4609/Y (AOI211X2)                       0.30      17.78 r
  U4948/Y (NAND4X2)                        0.18      17.96 f
  U2796/Y (BUFX8)                          0.21      18.17 f
  U2794/Y (INVXL)                          0.61      18.78 r
  candidate_valid_o[3] (out)               0.00      18.78 r
  data arrival time                                  18.78

  clock recam_boundary_clk (rise edge)    20.00      20.00
  clock network delay (ideal)              0.00      20.00
  output external delay                    0.00      20.00
  data required time                                 20.00
  -----------------------------------------------------------
  data required time                                 20.00
  data arrival time                                 -18.78
  -----------------------------------------------------------
  slack (MET)                                         1.22


1
