 
****************************************
Report : qor
Design : recam_dss_l1x4_r_static_global_top
Version: W-2024.09-SP2
Date   : Thu Sep 24 05:34:16 2026
****************************************


  Timing Path Group 'recam_clk'
  -----------------------------------
  Levels of Logic:              83.00
  Critical Path Length:         19.83
  Critical Path Slack:           0.00
  Critical Path Clk Period:     20.00
  Total Negative Slack:          0.00
  No. of Violating Paths:        0.00
  Worst Hold Violation:          0.00
  Total Hold Violation:          0.00
  No. of Hold Violations:        0.00
  -----------------------------------


  Cell Count
  -----------------------------------
  Hierarchical Cell Count:          6
  Hierarchical Port Count:       1072
  Leaf Cell Count:               7141
  Buf/Inv Cell Count:            1885
  Buf Cell Count:                 211
  Inv Cell Count:                1674
  CT Buf/Inv Cell Count:            0
  Combinational Cell Count:      6580
  Sequential Cell Count:          561
  Macro Count:                      0
  -----------------------------------


  Area
  -----------------------------------
  Combinational Area:   122867.238163
  Noncombinational Area: 31520.967148
  Buf/Inv Area:          18827.424273
  Total Buffer Area:          4041.58
  Total Inverter Area:       14785.85
  Macro/Black Box Area:      0.000000
  Net Area:             822737.504456
  -----------------------------------
  Cell Area:            154388.205311
  Design Area:          977125.709767


  Design Rules
  -----------------------------------
  Total Number of Nets:          7503
  Nets With Violations:             0
  Max Trans Violations:             0
  Max Cap Violations:               0
  -----------------------------------


  Hostname: Kaohsiung

  Compile CPU Statistics
  -----------------------------------------
  Resource Sharing:                    3.34
  Logic Optimization:                 32.95
  Mapping Optimization:               17.13
  -----------------------------------------
  Overall Compile Time:               58.87
  Overall Compile Wall Clock Time:    59.28

  --------------------------------------------------------------------

  Design  WNS: 0.00  TNS: 0.00  Number of Violating Paths: 0


  Design (Hold)  WNS: 0.00  TNS: 0.00  Number of Violating Paths: 0

  --------------------------------------------------------------------


1
