 
****************************************
Report : area
Design : recam_shared_config_analyzer
Version: W-2024.09-SP2
Date   : Thu Sep 10 03:31:37 2026
****************************************

Library(s) Used:

    slow (File: /cad/std_libraries/CBDK_TSMC018_Arm_f1.0/CIC/SynopsysDC/db/slow.db)

Number of ports:                          224
Number of nets:                          2664
Number of cells:                         2459
Number of combinational cells:           2459
Number of sequential cells:                 0
Number of macros/black boxes:               0
Number of buf/inv:                        298
Number of references:                      39

Combinational area:              45545.069181
Buf/Inv area:                     1982.534425
Noncombinational area:               0.000000
Macro/Black Box area:                0.000000
Net Interconnect area:          302401.514221

Total cell area:                 45545.069181
Total area:                     347946.583403

Hierarchical area distribution
------------------------------

                                  Global cell area            Local cell area
                                  -------------------  ----------------------------- 
Hierarchical cell                 Absolute    Percent  Combi-      Noncombi-  Black-
                                  Total       Total    national    national   boxes   Design
--------------------------------  ----------  -------  ----------  ---------  ------  ---------
recam_shared_config_analyzer      45545.0692    100.0  45545.0692     0.0000  0.0000  recam_shared_config_analyzer
--------------------------------  ----------  -------  ----------  ---------  ------  ---------
Total                                                  45545.0692     0.0000  0.0000

1
