 
****************************************
Report : qor
Design : recam_shared_config_analyzer
Version: W-2024.09-SP2
Date   : Thu Sep 10 03:31:37 2026
****************************************


  Timing Path Group 'recam_boundary_clk'
  -----------------------------------
  Levels of Logic:             123.00
  Critical Path Length:         76.69
  Critical Path Slack:         -61.69
  Critical Path Clk Period:     15.00
  Total Negative Slack:       -925.68
  No. of Violating Paths:       17.00
  Worst Hold Violation:          0.00
  Total Hold Violation:          0.00
  No. of Hold Violations:        0.00
  -----------------------------------


  Cell Count
  -----------------------------------
  Hierarchical Cell Count:          0
  Hierarchical Port Count:          0
  Leaf Cell Count:               2459
  Buf/Inv Cell Count:             298
  Buf Cell Count:                   0
  Inv Cell Count:                 298
  CT Buf/Inv Cell Count:            0
  Combinational Cell Count:      2459
  Sequential Cell Count:            0
  Macro Count:                      0
  -----------------------------------


  Area
  -----------------------------------
  Combinational Area:    45545.069181
  Noncombinational Area:     0.000000
  Buf/Inv Area:           1982.534425
  Total Buffer Area:             0.00
  Total Inverter Area:        1982.53
  Macro/Black Box Area:      0.000000
  Net Area:             302401.514221
  -----------------------------------
  Cell Area:             45545.069181
  Design Area:          347946.583403


  Design Rules
  -----------------------------------
  Total Number of Nets:          2664
  Nets With Violations:           100
  Max Trans Violations:            20
  Max Cap Violations:              96
  Max Fanout Violations:           73
  -----------------------------------


  Hostname: Kaohsiung

  Compile CPU Statistics
  -----------------------------------------
  Resource Sharing:                    3.77
  Logic Optimization:                  4.25
  Mapping Optimization:                0.16
  -----------------------------------------
  Overall Compile Time:               13.31
  Overall Compile Wall Clock Time:    13.69

  --------------------------------------------------------------------

  Design  WNS: 61.69  TNS: 925.68  Number of Violating Paths: 17


  Design (Hold)  WNS: 0.00  TNS: 0.00  Number of Violating Paths: 0

  --------------------------------------------------------------------


1
