 
****************************************
Report : reference
Design : recam_shared_config_analyzer
Version: W-2024.09-SP2
Date   : Thu Sep 10 03:31:37 2026
****************************************

Attributes:
    b - black box (unknown)
   bo - allows boundary optimization
    d - dont_touch
   mo - map_only
    h - hierarchical
    n - noncombinational
    r - removable
    s - synthetic operator
    u - contains unmapped logic

Reference          Library       Unit Area   Count    Total Area   Attributes
-----------------------------------------------------------------------------
AND2X1             slow          13.305600      25    332.640004  
AND3X1             slow          16.632000      30    498.959999  
AND4X1             slow          19.958401      32    638.668823  
AOI21X1            slow          13.305600      15    199.584002  
AOI22X1            slow          16.632000     128   2128.895996  
AOI31X1            slow          16.632000      17    282.743999  
AOI32X1            slow          23.284800       7    162.993597  
AOI33X1            slow          26.611200       7    186.278402  
AOI211X1           slow          16.632000      20    332.639999  
AOI221X1           slow          23.284800      18    419.126392  
AOI222X1           slow          26.611200      14    372.556805  
INVX1              slow           6.652800     298   1982.534425  
MX2X1              slow          26.611200     113   3007.065638  
MXI2X1             slow          23.284800     265   6170.471888  
NAND2BX1           slow          13.305600      20    266.112003  
NAND2X1            slow           9.979200     138   1377.129650  
NAND3BX1           slow          16.632000       6     99.792000  
NAND3X1            slow          13.305600      42    558.835207  
NAND4BXL           slow          19.958401      32    638.668823  
NAND4X1            slow          16.632000     105   1746.359997  
NOR2BX1            slow          13.305600      30    399.168005  
NOR2X1             slow           9.979200      76    758.419228  
NOR3BX1            slow          19.958401       3     59.875202  
NOR3X1             slow          13.305600     173   2301.868829  
NOR4BBX1           slow          26.611200       3     79.833601  
NOR4BX1            slow          19.958401      21    419.126415  
NOR4X1             slow          19.958401       9    179.625607  
OAI2BB1X1          slow          16.632000       3     49.896000  
OAI21XL            slow          13.305600      87   1157.587214  
OAI22X1            slow          19.958401      33    658.627224  
OAI31X1            slow          19.958401       1     19.958401  
OAI32X1            slow          23.284800       1     23.284800  
OAI211X1           slow          19.958401      10    199.584007  
OAI221XL           slow          23.284800      32    745.113586  
OAI222XL           slow          26.611200       5    133.056002  
OR2X1              slow          13.305600       1     13.305600  
OR3XL              slow          16.632000       6     99.792000  
XNOR2X1            slow          26.611200       2     53.222401  
XOR2X1             slow          26.611200     631  16791.667410  
-----------------------------------------------------------------------------
Total 39 references                                 45545.069181
1
