 
****************************************
Report : qor
Design : recam_2r2c_analyzer
Version: W-2024.09-SP2
Date   : Thu Sep 10 03:29:50 2026
****************************************


  Timing Path Group 'recam_boundary_clk'
  -----------------------------------
  Levels of Logic:              59.00
  Critical Path Length:         14.99
  Critical Path Slack:           0.01
  Critical Path Clk Period:     15.00
  Total Negative Slack:          0.00
  No. of Violating Paths:        0.00
  Worst Hold Violation:          0.00
  Total Hold Violation:          0.00
  No. of Hold Violations:        0.00
  -----------------------------------


  Cell Count
  -----------------------------------
  Hierarchical Cell Count:          0
  Hierarchical Port Count:          0
  Leaf Cell Count:               2200
  Buf/Inv Cell Count:             459
  Buf Cell Count:                  52
  Inv Cell Count:                 407
  CT Buf/Inv Cell Count:            0
  Combinational Cell Count:      2200
  Sequential Cell Count:            0
  Macro Count:                      0
  -----------------------------------


  Area
  -----------------------------------
  Combinational Area:    40768.358658
  Noncombinational Area:     0.000000
  Buf/Inv Area:           4387.521638
  Total Buffer Area:          1274.01
  Total Inverter Area:        3113.51
  Macro/Black Box Area:      0.000000
  Net Area:             228341.144806
  -----------------------------------
  Cell Area:             40768.358658
  Design Area:          269109.503464


  Design Rules
  -----------------------------------
  Total Number of Nets:          2375
  Nets With Violations:             0
  Max Trans Violations:             0
  Max Cap Violations:               0
  -----------------------------------


  Hostname: Kaohsiung

  Compile CPU Statistics
  -----------------------------------------
  Resource Sharing:                    0.86
  Logic Optimization:                 40.84
  Mapping Optimization:                1.72
  -----------------------------------------
  Overall Compile Time:               52.11
  Overall Compile Wall Clock Time:    52.60

  --------------------------------------------------------------------

  Design  WNS: 0.00  TNS: 0.00  Number of Violating Paths: 0


  Design (Hold)  WNS: 0.00  TNS: 0.00  Number of Violating Paths: 0

  --------------------------------------------------------------------


1
