 
****************************************
Report : reference
Design : recam_2r2c_analyzer
Version: W-2024.09-SP2
Date   : Thu Sep 10 03:29:50 2026
****************************************

Attributes:
    b - black box (unknown)
   bo - allows boundary optimization
    d - dont_touch
   mo - map_only
    h - hierarchical
    n - noncombinational
    r - removable
    s - synthetic operator
    u - contains unmapped logic

Reference          Library       Unit Area   Count    Total Area   Attributes
-----------------------------------------------------------------------------
AND2X1             slow          13.305600       7     93.139201  
AND2X2             slow          13.305600      20    266.112003  
AND2X4             slow          16.632000      14    232.848000  
AND2XL             slow          13.305600      11    146.361602  
AND3X1             slow          16.632000       1     16.632000  
AND3X2             slow          16.632000       3     49.896000  
AND3X4             slow          19.958401       2     39.916801  
AND4X1             slow          19.958401       1     19.958401  
AND4X2             slow          19.958401       2     39.916801  
AND4X4             slow          36.590401       2     73.180801  
AOI2BB1X1          slow          16.632000       7    116.424000  
AOI2BB1X2          slow          23.284800       6    139.708797  
AOI2BB1X4          slow          36.590401       3    109.771202  
AOI2BB1XL          slow          16.632000       9    149.688000  
AOI2BB2X1          slow          23.284800       2     46.569599  
AOI2BB2X4          slow          49.896000       9    449.063999  
AOI2BB2XL          slow          23.284800       3     69.854399  
AOI21X1            slow          13.305600      20    266.112003  
AOI21X2            slow          23.284800       3     69.854399  
AOI21X4            slow          33.264000       4    133.056000  
AOI21XL            slow          13.305600      47    625.363208  
AOI22X1            slow          16.632000      10    166.320000  
AOI22X2            slow          29.937599       6    179.625595  
AOI22XL            slow          16.632000      10    166.320000  
AOI211X1           slow          16.632000       3     49.896000  
AOI211X4           slow          33.264000       1     33.264000  
AOI211XL           slow          16.632000       2     33.264000  
BUFX1              slow          13.305600       3     39.916800  
BUFX2              slow          13.305600       1     13.305600  
BUFX3              slow          13.305600       8    106.444801  
BUFX4              slow          16.632000       5     83.160000  
BUFX8              slow          29.937599      16    479.001587  
BUFX12             slow          33.264000      11    365.903999  
CLKBUFX8           slow          23.284800       8    186.278397  
CLKINVX2           slow           9.979200       3     29.937601  
CLKINVX3           slow           9.979200      29    289.396811  
CLKINVX4           slow          13.305600       1     13.305600  
INVX1              slow           6.652800     157   1044.489613  
INVX2              slow           9.979200      10     99.792004  
INVX4              slow          13.305600      21    279.417603  
INVX8              slow          19.958401       9    179.625607  
INVXL              slow           6.652800     177   1177.545615  
MX2X4              slow          33.264000       1     33.264000  
MXI2X1             slow          23.284800      78   1816.214367  
MXI2X2             slow          26.611200      81   2155.507227  
MXI2X4             slow          46.569599      54   2514.758354  
MXI2XL             slow          23.284800       2     46.569599  
NAND2BX1           slow          13.305600       5     66.528001  
NAND2BX2           slow          19.958401       4     79.833603  
NAND2BX4           slow          26.611200       3     79.833601  
NAND2BXL           slow          13.305600      12    159.667202  
NAND2X1            slow           9.979200     116   1157.587242  
NAND2X2            slow          16.632000      60    997.919998  
NAND2X4            slow          23.284800      46   1071.100780  
NAND2XL            slow           9.979200      86    858.211231  
NAND3BX1           slow          16.632000       3     49.896000  
NAND3BX2           slow          26.611200       3     79.833601  
NAND3BX4           slow          36.590401       4    146.361603  
NAND3BXL           slow          16.632000       1     16.632000  
NAND3X1            slow          13.305600      31    412.473605  
NAND3X2            slow          23.284800      11    256.132795  
NAND3X4            slow          33.264000       5    166.320000  
NAND3XL            slow          13.305600      22    292.723204  
NAND4BBX1          slow          26.611200       3     79.833601  
NAND4BBX4          slow          63.201599       1     63.201599  
NAND4BX1           slow          23.284800       1     23.284800  
NAND4BX2           slow          33.264000       5    166.320000  
NAND4BX4           slow          59.875198       4    239.500793  
NAND4BXL           slow          19.958401       2     39.916801  
NAND4X1            slow          16.632000      43    715.175999  
NAND4X2            slow          29.937599      17    508.939186  
NAND4X4            slow          56.548801      20   1130.976028  
NAND4XL            slow          16.632000      24    399.167999  
NOR2BX1            slow          13.305600       2     26.611200  
NOR2BX4            slow          26.611200       2     53.222401  
NOR2BXL            slow          13.305600       2     26.611200  
NOR2X1             slow           9.979200      96    958.003235  
NOR2X2             slow          16.632000      51    848.231998  
NOR2X4             slow          23.284800      13    302.702394  
NOR2XL             slow           9.979200      32    319.334412  
NOR3X1             slow          13.305600       3     39.916800  
NOR3X2             slow          23.284800       1     23.284800  
NOR3X4             slow          33.264000       1     33.264000  
NOR3XL             slow          13.305600       3     39.916800  
OAI2BB1X1          slow          16.632000      16    266.112000  
OAI2BB1X2          slow          23.284800       5    116.423998  
OAI2BB1X4          slow          33.264000       9    299.375999  
OAI2BB1XL          slow          16.632000      19    316.007999  
OAI2BB2X1          slow          23.284800       1     23.284800  
OAI21X1            slow          16.632000       4     66.528000  
OAI21X2            slow          26.611200       8    212.889603  
OAI21X4            slow          36.590401       5    182.952003  
OAI21XL            slow          13.305600      76   1011.225613  
OAI22X1            slow          19.958401       2     39.916801  
OAI22X4            slow          46.569599       2     93.139198  
OAI22XL            slow          19.958401       1     19.958401  
OAI31XL            slow          19.958401       1     19.958401  
OAI33X1            slow          26.611200       1     26.611200  
OR2X1              slow          13.305600       2     26.611200  
OR2X2              slow          13.305600       9    119.750401  
OR2X4              slow          19.958401      11    219.542408  
OR2XL              slow          13.305600      11    146.361602  
OR3X2              slow          19.958401       4     79.833603  
OR3X4              slow          29.937599       3     89.812798  
OR3XL              slow          16.632000       2     33.264000  
OR4X2              slow          19.958401       1     19.958401  
OR4X4              slow          36.590401       2     73.180801  
XNOR2X1            slow          26.611200      19    505.612806  
XNOR2X2            slow          36.590401       1     36.590401  
XNOR2XL            slow          26.611200       2     53.222401  
XOR2X1             slow          26.611200     210   5588.352070  
XOR2X2             slow          33.264000      38   1264.031998  
XOR2X4             slow          56.548801       4    226.195206  
XOR2XL             slow          26.611200     110   2927.232037  
-----------------------------------------------------------------------------
Total 114 references                                40768.358658
1
