 
****************************************
Report : area
Design : recam_dss_hyp02_static_global_live_state_top
Version: W-2024.09-SP2
Date   : Mon Sep 28 03:26:37 2026
****************************************

Library(s) Used:

    slow (File: /cad/std_libraries/CBDK_TSMC018_Arm_f1.0/CIC/SynopsysDC/db/slow.db)

Number of ports:                         1871
Number of nets:                          9127
Number of cells:                         7747
Number of combinational cells:           7134
Number of sequential cells:               586
Number of macros/black boxes:               0
Number of buf/inv:                       2044
Number of references:                       8

Combinational area:             127836.879898
Buf/Inv area:                    19615.781066
Noncombinational area:           32738.429527
Macro/Black Box area:                0.000000
Net Interconnect area:          884104.480225

Total cell area:                160575.309425
Total area:                    1044679.789650

Hierarchical area distribution
------------------------------

                                  Global cell area              Local cell area
                                  --------------------  ------------------------------- 
Hierarchical cell                 Absolute     Percent  Combi-       Noncombi-   Black-
                                  Total        Total    national     national    boxes   Design
--------------------------------  -----------  -------  -----------  ----------  ------  ----------------------------------------------------------------------------------------------------------------
recam_dss_hyp02_static_global_live_state_top
                                  160575.3094    100.0     136.3824      0.0000  0.0000  recam_dss_hyp02_static_global_live_state_top
analyzer                           82095.5527     51.1   82095.5527      0.0000  0.0000  recam_shared_config_analyzer_ROW_ADDR_W9_PHYS_COL_ADDR_W13_WORD_COL_ADDR_W5_HYBRID_LINE_ADDR_W13_HYBRID_ENTRIES7
core                               33899.3428     21.1    2611.2240   3599.1648  0.0000  recam_dss_hyp02_static_global_live_state_core
core/candidate_store               22100.6018     13.8   17842.8098   4257.7921  0.0000  dss_v2_group_candidate_store
core/slot_decode                     382.5360      0.2     382.5360      0.0000  0.0000  dss_v2_group_slot_decode
core/static_selector                5205.8161      3.2    5205.8161      0.0000  0.0000  recam_dss_hyp02_static_selector
pivot_address_regs                 44444.0316     27.7   19562.5590  24881.4726  0.0000  dss_group_pivot_address_regs_ROW_ADDR_W9_PHYS_COL_ADDR_W13
--------------------------------  -----------  -------  -----------  ----------  ------  ----------------------------------------------------------------------------------------------------------------
Total                                                   127836.8799  32738.4295  0.0000

1
