 
****************************************
Report : cell
Design : recam_dss_hyp02_static_global_live_state_top
Version: W-2024.09-SP2
Date   : Mon Sep 28 03:26:37 2026
****************************************

Attributes:
    b - black box (unknown)
    h - hierarchical
    n - noncombinational
    p - parameterized
    r - removable
    u - contains unmapped logic

Cell                      Reference       Library             Area  Attributes
--------------------------------------------------------------------------------
U6                        BUFX12          slow            33.264000 
U7                        NAND3X1         slow            13.305600 
U8                        AND4X1          slow            19.958401 
U9                        XNOR2XL         slow            26.611200 
U10                       XNOR2XL         slow            26.611200 
U11                       AND2X4          slow            16.632000 
analyzer                  recam_shared_config_analyzer_ROW_ADDR_W9_PHYS_COL_ADDR_W13_WORD_COL_ADDR_W5_HYBRID_LINE_ADDR_W13_HYBRID_ENTRIES7
                                                          82095.552662
                                                                    h, p
core                      recam_dss_hyp02_static_global_live_state_core
                                                          33899.342778
                                                                    h, n
pivot_address_regs        dss_group_pivot_address_regs_ROW_ADDR_W9_PHYS_COL_ADDR_W13
                                                          44444.031584
                                                                    h, n, p
--------------------------------------------------------------------------------
Total 9 cells                                             160575.309425
1
