 
****************************************
Report : reference
Design : recam_dss_hyp02_static_global_live_state_top
Version: W-2024.09-SP2
Date   : Mon Sep 28 03:26:37 2026
****************************************

Attributes:
    b - black box (unknown)
   bo - allows boundary optimization
    d - dont_touch
   mo - map_only
    h - hierarchical
    n - noncombinational
    r - removable
    s - synthetic operator
    u - contains unmapped logic

Reference          Library       Unit Area   Count    Total Area   Attributes
-----------------------------------------------------------------------------
AND2X4             slow          16.632000       1     16.632000  
AND4X1             slow          19.958401       1     19.958401  
BUFX12             slow          33.264000       1     33.264000  
NAND3X1            slow          13.305600       1     13.305600  
XNOR2XL            slow          26.611200       2     53.222401  
dss_group_pivot_address_regs_ROW_ADDR_W9_PHYS_COL_ADDR_W13
                              44444.031584       1  44444.031584  h, n
recam_dss_hyp02_static_global_live_state_core
                              33899.342778       1  33899.342778  h, n
recam_shared_config_analyzer_ROW_ADDR_W9_PHYS_COL_ADDR_W13_WORD_COL_ADDR_W5_HYBRID_LINE_ADDR_W13_HYBRID_ENTRIES7
                              82095.552662       1  82095.552662  h
-----------------------------------------------------------------------------
Total 8 references                                  160575.309425

****************************************
Design: dss_group_pivot_address_regs_ROW_ADDR_W9_PHYS_COL_ADDR_W13 
****************************************
Reference          Library       Unit Area   Count    Total Area   Attributes
-----------------------------------------------------------------------------
AND2X2             slow          13.305600       7     93.139201  
AOI2BB1X1          slow          16.632000       1     16.632000  
AOI2BB1XL          slow          16.632000       2     33.264000  
AOI2BB2X1          slow          23.284800       4     93.139198  
AOI21X1            slow          13.305600      14    186.278402  
AOI21XL            slow          13.305600       1     13.305600  
AOI22X1            slow          16.632000       6     99.792000  
AOI22XL            slow          16.632000       6     99.792000  
AOI32X1            slow          23.284800       3     69.854399  
AOI33X1            slow          26.611200       3     79.833601  
AOI33X4            slow          36.590401       1     36.590401  
AOI222X1           slow          26.611200       1     26.611200  
BUFX1              slow          13.305600      12    159.667202  
BUFX3              slow          13.305600      21    279.417603  
CLKINVXL           slow           9.979200       1      9.979200  
DFFXL              slow          56.548801     440  24881.472626  n
INVX1              slow           6.652800     395   2627.856033  
INVXL              slow           6.652800       3     19.958400  
NAND2BX1           slow          13.305600       4     53.222401  
NAND2X1            slow           9.979200      35    349.272013  
NAND2XL            slow           9.979200      12    119.750404  
NAND3X1            slow          13.305600      13    172.972802  
NOR2BX1            slow          13.305600       8    106.444801  
NOR2X1             slow           9.979200      20    199.584007  
NOR2XL             slow           9.979200      83    828.273630  
NOR3X1             slow          13.305600       3     39.916800  
NOR3XL             slow          13.305600       2     26.611200  
OAI2BB1X1          slow          16.632000       1     16.632000  
OAI21XL            slow          13.305600      10    133.056002  
OAI22X1            slow          19.958401     440   8781.696320  
OAI22XL            slow          19.958401     180   3592.512131  
OAI31X1            slow          19.958401       4     79.833603  
OAI32X1            slow          23.284800       9    209.563196  
OAI33X1            slow          26.611200       4    106.444801  
OAI221XL           slow          23.284800       7    162.993597  
XNOR2XL            slow          26.611200       4    106.444801  
XOR2X1             slow          26.611200      20    532.224007  
-----------------------------------------------------------------------------
Total 37 references                                 44444.031584

****************************************
Design: recam_dss_hyp02_static_global_live_state_core 
****************************************
Reference          Library       Unit Area   Count    Total Area   Attributes
-----------------------------------------------------------------------------
AND2X2             slow          13.305600       2     26.611200  
AND3X2             slow          16.632000       1     16.632000  
AOI2BB1X1          slow          16.632000       3     49.896000  
AOI21X1            slow          13.305600       4     53.222401  
AOI22X1            slow          16.632000      35    582.119999  
AOI22XL            slow          16.632000       7    116.424000  
AOI31X1            slow          16.632000       1     16.632000  
AOI211X1           slow          16.632000       1     16.632000  
BUFX1              slow          13.305600       2     26.611200  
BUFX3              slow          13.305600       3     39.916800  
BUFX4              slow          16.632000       2     33.264000  
BUFX8              slow          29.937599       2     59.875198  
DFFHQX2            slow          66.528000       1     66.528000  n
DFFHQXL            slow          53.222401      61   3246.566441  n
DFFXL              slow          56.548801       1     56.548801  n
EDFFXL             slow          76.507202       3    229.521606  n
INVX1              slow           6.652800      88    585.446407  
INVXL              slow           6.652800       1      6.652800  
MXI2X1             slow          23.284800       4     93.139198  
MXI2XL             slow          23.284800       2     46.569599  
NAND3BX1           slow          16.632000       1     16.632000  
NAND3X1            slow          13.305600       5     66.528001  
NAND3XL            slow          13.305600       1     13.305600  
NOR2X1             slow           9.979200       2     19.958401  
OAI2BB1X1          slow          16.632000      11    182.952000  
OAI2BB2X1          slow          23.284800       2     46.569599  
OAI21XL            slow          13.305600       4     53.222401  
OAI22X1            slow          19.958401       2     39.916801  
OAI31X1            slow          19.958401       3     59.875202  
OAI32X1            slow          23.284800       3     69.854399  
OAI211X1           slow          19.958401       1     19.958401  
OR2X2              slow          13.305600       9    119.750401  
OR2XL              slow          13.305600       2     26.611200  
XOR2X1             slow          26.611200       4    106.444801  
dss_v2_group_candidate_store  22100.601842       1  22100.601842  h, n
dss_v2_group_slot_decode        382.536005       1    382.536005  h
recam_dss_hyp02_static_selector
                               5205.816072       1   5205.816072  h
-----------------------------------------------------------------------------
Total 37 references                                 33899.342778

****************************************
Design: dss_v2_group_candidate_store 
****************************************
Reference          Library       Unit Area   Count    Total Area   Attributes
-----------------------------------------------------------------------------
ADDFX2             slow          69.854401       2    139.708801  r
AND2X1             slow          13.305600      42    558.835207  
AND2X2             slow          13.305600     184   2448.230431  
AND3X2             slow          16.632000       9    149.688000  
AND3X4             slow          19.958401       2     39.916801  
AND4X2             slow          19.958401      25    498.960018  
AOI2BB2X1          slow          23.284800      39    908.107183  
AOI2BB2XL          slow          23.284800       8    186.278397  
AOI22X1            slow          16.632000      16    266.112000  
AOI31X1            slow          16.632000      74   1230.767998  
AOI222X1           slow          26.611200      18    479.001606  
BUFX1              slow          13.305600       2     26.611200  
BUFX3              slow          13.305600       2     26.611200  
BUFX4              slow          16.632000       4     66.528000  
BUFX20             slow          53.222401       2    106.444801  
CLKINVX1           slow           9.979200       4     39.916801  
CLKINVX2           slow           9.979200       3     29.937601  
CLKINVX3           slow           9.979200       1      9.979200  
CLKINVX4           slow          13.305600       3     39.916800  
CLKINVX8           slow          19.958401      25    498.960018  
CLKINVX20          slow          96.465599       1     96.465599  
CLKINVXL           slow           9.979200       2     19.958401  
DFFHQXL            slow          53.222401      80   4257.792053  n
INVX1              slow           6.652800     209   1390.435217  
INVX2              slow           9.979200      12    119.750404  
INVX3              slow          13.305600       2     26.611200  
INVX4              slow          13.305600       6     79.833601  
INVX8              slow          19.958401      21    419.126415  
INVX12             slow          43.243198       9    389.188786  
INVX16             slow          56.548801       2    113.097603  
INVXL              slow           6.652800      15     99.792001  
MXI2X1             slow          23.284800       1     23.284800  
NAND2X1            slow           9.979200      17    169.646406  
NAND2XL            slow           9.979200       1      9.979200  
NAND3X1            slow          13.305600      16    212.889603  
NAND3X4            slow          33.264000       1     33.264000  
NAND3XL            slow          13.305600       1     13.305600  
NAND4X1            slow          16.632000      12    199.584000  
NOR2BX1            slow          13.305600       1     13.305600  
NOR2BXL            slow          13.305600       1     13.305600  
NOR2X1             slow           9.979200       6     59.875202  
NOR2XL             slow           9.979200       3     29.937601  
NOR3X1             slow          13.305600       2     26.611200  
NOR3X2             slow          23.284800       2     46.569599  
OAI2BB1X1          slow          16.632000       6     99.792000  
OAI21XL            slow          13.305600       5     66.528001  
OAI211X1           slow          19.958401       1     19.958401  
OAI221XL           slow          23.284800      17    395.841593  
OAI222X1           slow          29.937599      15    449.063988  
OAI222X2           slow          49.896000       3    149.688000  
OAI222XL           slow          26.611200      57   1516.838419  
OR2X2              slow          13.305600     148   1969.228825  
OR2X4              slow          19.958401       1     19.958401  
OR4X2              slow          19.958401      73   1456.963253  
OR4X4              slow          36.590401       5    182.952003  
XOR2X1             slow          26.611200       3     79.833601  
XOR2XL             slow          26.611200       3     79.833601  
-----------------------------------------------------------------------------
Total 57 references                                 22100.601842

****************************************
Design: dss_v2_group_slot_decode 
****************************************
Reference          Library       Unit Area   Count    Total Area   Attributes
-----------------------------------------------------------------------------
AOI2BB1X4          slow          36.590401       1     36.590401  
BUFX3              slow          13.305600       1     13.305600  
INVX1              slow           6.652800       3     19.958400  
INVX4              slow          13.305600       2     26.611200  
NAND2BX4           slow          26.611200       1     26.611200  
NOR2X4             slow          23.284800       1     23.284800  
OAI2BB1X2          slow          23.284800       1     23.284800  
OAI2BB1XL          slow          16.632000       1     16.632000  
OR2X4              slow          19.958401       2     39.916801  
OR2XL              slow          13.305600       1     13.305600  
XNOR2X1            slow          26.611200       1     26.611200  
XOR2X1             slow          26.611200       1     26.611200  
XOR2X2             slow          33.264000       1     33.264000  
XOR2X4             slow          56.548801       1     56.548801  
-----------------------------------------------------------------------------
Total 14 references                                   382.536005

****************************************
Design: recam_dss_hyp02_static_selector 
****************************************
Reference          Library       Unit Area   Count    Total Area   Attributes
-----------------------------------------------------------------------------
AND2X1             slow          13.305600      13    172.972802  
AND2X2             slow          13.305600      14    186.278402  
AND3X1             slow          16.632000       1     16.632000  
AND3X2             slow          16.632000      27    449.063999  
AOI21X1            slow          13.305600       2     26.611200  
AOI22X1            slow          16.632000      33    548.855999  
AOI211X1           slow          16.632000       3     49.896000  
AOI221XL           slow          23.284800       1     23.284800  
BUFX1              slow          13.305600       9    119.750401  
BUFX3              slow          13.305600       4     53.222401  
INVX1              slow           6.652800      26    172.972802  
NAND2BX1           slow          13.305600      12    159.667202  
NAND2X1            slow           9.979200      48    479.001617  
NAND2XL            slow           9.979200      30    299.376011  
NAND3BX1           slow          16.632000      27    449.063999  
NAND3X1            slow          13.305600      14    186.278402  
NAND3XL            slow          13.305600      15    199.584002  
NAND4BX2           slow          33.264000       1     33.264000  
NAND4BX4           slow          59.875198       1     59.875198  
NAND4BXL           slow          19.958401       5     99.792004  
NAND4X1            slow          16.632000       6     99.792000  
NOR2BX1            slow          13.305600      21    279.417603  
NOR2BX2            slow          19.958401       1     19.958401  
NOR2BX4            slow          26.611200       1     26.611200  
NOR2X1             slow           9.979200      24    239.500809  
NOR3BX1            slow          19.958401       6    119.750404  
NOR3X1             slow          13.305600      16    212.889603  
NOR4BX1            slow          19.958401       6    119.750404  
NOR4BX2            slow          33.264000       1     33.264000  
NOR4X1             slow          19.958401       2     39.916801  
OAI21XL            slow          13.305600       4     53.222401  
OAI211X1           slow          19.958401       1     19.958401  
OR2X2              slow          13.305600       1     13.305600  
OR3XL              slow          16.632000       5     83.160000  
OR4X2              slow          19.958401       3     59.875202  
-----------------------------------------------------------------------------
Total 35 references                                  5205.816072

****************************************
Design: recam_shared_config_analyzer_ROW_ADDR_W9_PHYS_COL_ADDR_W13_WORD_COL_ADDR_W5_HYBRID_LINE_ADDR_W13_HYBRID_ENTRIES7 
****************************************
Reference          Library       Unit Area   Count    Total Area   Attributes
-----------------------------------------------------------------------------
AND2X1             slow          13.305600       3     39.916800  
AND2X2             slow          13.305600      16    212.889603  
AND2X4             slow          16.632000       8    133.056000  
AND3X2             slow          16.632000       6     99.792000  
AND3X4             slow          19.958401       3     59.875202  
AND4X1             slow          19.958401       2     39.916801  
AND4X2             slow          19.958401      37    738.460827  
AND4X4             slow          36.590401      17    622.036812  
AOI2BB1X1          slow          16.632000      12    199.584000  
AOI2BB1X4          slow          36.590401       1     36.590401  
AOI2BB1XL          slow          16.632000       3     49.896000  
AOI2BB2X1          slow          23.284800      69   1606.651171  
AOI2BB2X2          slow          29.937599      16    479.001587  
AOI2BB2X4          slow          49.896000       3    149.688000  
AOI2BB2XL          slow          23.284800      10    232.847996  
AOI22X1            slow          16.632000      10    166.320000  
AOI31X1            slow          16.632000       1     16.632000  
AOI31X2            slow          29.937599       2     59.875198  
AOI31X4            slow          29.937599       1     29.937599  
AOI32X2            slow          36.590401       2     73.180801  
AOI33X1            slow          26.611200       2     53.222401  
AOI211X1           slow          16.632000       2     33.264000  
AOI211X2           slow          29.937599       1     29.937599  
AOI211X4           slow          33.264000       1     33.264000  
AOI221X1           slow          23.284800       6    139.708797  
AOI221X2           slow          39.916801       3    119.750404  
AOI222X1           slow          26.611200      20    532.224007  
AOI222X2           slow          46.569599       6    279.417595  
BUFX1              slow          13.305600      29    385.862405  
BUFX3              slow          13.305600      46    612.057608  
BUFX4              slow          16.632000      15    249.480000  
BUFX8              slow          29.937599      16    479.001587  
BUFX12             slow          33.264000      10    332.639999  
BUFX16             slow          43.243198       5    216.215992  
BUFX20             slow          53.222401       8    425.779205  
CLKBUFX2           slow          13.305600       1     13.305600  
CLKBUFX3           slow          13.305600       1     13.305600  
CLKBUFX8           slow          23.284800       5    116.423998  
CLKINVX1           slow           9.979200       2     19.958401  
CLKINVX2           slow           9.979200       7     69.854403  
CLKINVX3           slow           9.979200     144   1437.004852  
CLKINVX4           slow          13.305600      18    239.500803  
CLKINVX8           slow          19.958401      14    279.417610  
CLKINVX20          slow          96.465599       1     96.465599  
CLKINVXL           slow           9.979200      13    129.729605  
DLY1X1             slow          19.958401       1     19.958401  
INVX1              slow           6.652800     610   4058.208051  
INVX2              slow           9.979200      22    219.542408  
INVX3              slow          13.305600       4     53.222401  
INVX4              slow          13.305600      50    665.280008  
INVX8              slow          19.958401      39    778.377628  
INVX12             slow          43.243198       3    129.729595  
INVX16             slow          56.548801       1     56.548801  
INVX20             slow          63.201599       2    126.403198  
INVXL              slow           6.652800      76    505.612806  
MX2X1              slow          26.611200     172   4577.126457  
MX2X2              slow          29.937599      18    538.876785  
MX2X4              slow          33.264000      31   1031.183998  
MX2XL              slow          26.611200      11    292.723204  
MXI2X1             slow          23.284800     130   3027.023945  
MXI2X2             slow          26.611200      77   2049.062426  
MXI2X4             slow          46.569599      36   1676.505569  
MXI2XL             slow          23.284800      48   1117.670380  
NAND2X1            slow           9.979200      33    329.313612  
NAND2X2            slow          16.632000       2     33.264000  
NAND2X4            slow          23.284800       4     93.139198  
NAND2XL            slow           9.979200       4     39.916801  
NAND3BX2           slow          26.611200       1     26.611200  
NAND3BX4           slow          36.590401       1     36.590401  
NAND3BXL           slow          16.632000       2     33.264000  
NAND3X1            slow          13.305600     173   2301.868829  
NAND3X2            slow          23.284800      25    582.119989  
NAND3X4            slow          33.264000      26    864.863998  
NAND3XL            slow          13.305600      26    345.945604  
NAND4BBX1          slow          26.611200       2     53.222401  
NAND4BX4           slow          59.875198       2    119.750397  
NAND4BXL           slow          19.958401       3     59.875202  
NAND4X1            slow          16.632000     124   2062.367996  
NAND4X2            slow          29.937599      31    928.065575  
NAND4X4            slow          56.548801      25   1413.720036  
NAND4XL            slow          16.632000      13    216.216000  
NOR2BX1            slow          13.305600       1     13.305600  
NOR2BX4            slow          26.611200       1     26.611200  
NOR2X1             slow           9.979200      40    399.168015  
NOR2X2             slow          16.632000       3     49.896000  
NOR2X4             slow          23.284800       8    186.278397  
NOR2XL             slow           9.979200       2     19.958401  
NOR3X1             slow          13.305600       2     26.611200  
NOR3X2             slow          23.284800       1     23.284800  
NOR3X4             slow          33.264000       2     66.528000  
NOR3XL             slow          13.305600       3     39.916800  
NOR4X1             slow          19.958401       1     19.958401  
NOR4X4             slow          56.548801       1     56.548801  
OAI2BB1X1          slow          16.632000      37    615.383999  
OAI2BB1X2          slow          23.284800      17    395.841593  
OAI2BB1X4          slow          33.264000      15    498.959999  
OAI2BB1XL          slow          16.632000       7    116.424000  
OAI21X4            slow          36.590401       2     73.180801  
OAI22X1            slow          19.958401      39    778.377628  
OAI22X2            slow          29.937599      22    658.627182  
OAI22X4            slow          46.569599       5    232.847996  
OAI22XL            slow          19.958401      37    738.460827  
OAI31X1            slow          19.958401       1     19.958401  
OAI31X2            slow          29.937599       1     29.937599  
OAI32X1            slow          23.284800       4     93.139198  
OAI32X4            slow          33.264000       5    166.320000  
OAI211X1           slow          19.958401      13    259.459209  
OAI211X2           slow          33.264000       2     66.528000  
OAI211X4           slow          29.937599      11    329.313591  
OAI221X2           slow          43.243198       3    129.729595  
OAI221XL           slow          23.284800       3     69.854399  
OAI222X2           slow          49.896000       2     99.792000  
OAI222X4           slow          39.916801       9    359.251213  
OAI222XL           slow          26.611200       1     26.611200  
OR2X1              slow          13.305600       3     39.916800  
OR2X2              slow          13.305600     185   2461.536031  
OR2X4              slow          19.958401      82   1636.588860  
OR2XL              slow          13.305600      28    372.556805  
OR3XL              slow          16.632000       4     66.528000  
OR4X2              slow          19.958401      51   1017.878437  
OR4X4              slow          36.590401      33   1207.483223  
XNOR2X1            slow          26.611200      38   1011.225613  
XNOR2X2            slow          36.590401      12    439.084808  
XNOR2X4            slow          56.548801       4    226.195206  
XNOR2XL            slow          26.611200       7    186.278402  
XOR2X1             slow          26.611200     563  14982.105787  
XOR2X2             slow          33.264000     149   4956.335991  
XOR2X4             slow          56.548801      35   1979.208050  
XOR2XL             slow          26.611200     112   2980.454437  
-----------------------------------------------------------------------------
Total 129 references                                82095.552662
1
