 
****************************************
Report : reference
Design : recam_dss_grid2x2_directional_rs2_cs2_m1_hyp02_early_noscratch_top
Version: W-2024.09-SP2
Date   : Thu Sep 24 07:04:28 2026
****************************************

Attributes:
    b - black box (unknown)
   bo - allows boundary optimization
    d - dont_touch
   mo - map_only
    h - hierarchical
    n - noncombinational
    r - removable
    s - synthetic operator
    u - contains unmapped logic

Reference          Library       Unit Area   Count    Total Area   Attributes
-----------------------------------------------------------------------------
AND2X2             slow          13.305600       1     13.305600  
BUFX3              slow          13.305600       1     13.305600  
BUFX8              slow          29.937599       3     89.812798  
BUFX16             slow          43.243198       1     43.243198  
BUFX20             slow          53.222401       2    106.444801  
INVX4              slow          13.305600       1     13.305600  
INVX8              slow          19.958401       1     19.958401  
dss_early_selected_address_mux_ROW_ADDR_W9_PHYS_COL_ADDR_W13
                               5824.526411       1   5824.526411  h
recam_dss_grid2x2_directional_rs2_cs2_m1_hyp02_early_noscratch_core
                               2145.528019       1   2145.528019  h, n
recam_shared_config_analyzer_ROW_ADDR_W9_PHYS_COL_ADDR_W13_WORD_COL_ADDR_W5_HYBRID_LINE_ADDR_W13_HYBRID_ENTRIES7
                              94027.349531       1  94027.349531  h
-----------------------------------------------------------------------------
Total 10 references                                 102296.779959

****************************************
Design: dss_early_selected_address_mux_ROW_ADDR_W9_PHYS_COL_ADDR_W13 
****************************************
Reference          Library       Unit Area   Count    Total Area   Attributes
-----------------------------------------------------------------------------
AND2X1             slow          13.305600       1     13.305600  
AND2X2             slow          13.305600      19    252.806403  
AND2X4             slow          16.632000       1     16.632000  
AND3X2             slow          16.632000       4     66.528000  
AND3X4             slow          19.958401       1     19.958401  
AOI2BB1X1          slow          16.632000       3     49.896000  
AOI2BB1X2          slow          23.284800       3     69.854399  
AOI2BB1XL          slow          16.632000       1     16.632000  
AOI21X4            slow          33.264000       1     33.264000  
AOI22X1            slow          16.632000       1     16.632000  
AOI22X2            slow          29.937599      13    389.188789  
AOI22X4            slow          46.569599       5    232.847996  
AOI22XL            slow          16.632000       5     83.160000  
AOI31X1            slow          16.632000       1     16.632000  
AOI31X4            slow          29.937599       1     29.937599  
AOI33X2            slow          43.243198       1     43.243198  
AOI211X2           slow          29.937599       1     29.937599  
BUFX3              slow          13.305600       3     39.916800  
BUFX4              slow          16.632000       1     16.632000  
BUFX8              slow          29.937599       4    119.750397  
BUFX12             slow          33.264000       2     66.528000  
BUFX16             slow          43.243198       2     86.486397  
BUFX20             slow          53.222401       3    159.667202  
CLKBUFX3           slow          13.305600       1     13.305600  
CLKBUFX8           slow          23.284800       2     46.569599  
CLKINVX1           slow           9.979200       1      9.979200  
CLKINVX3           slow           9.979200      13    129.729605  
CLKINVX4           slow          13.305600       5     66.528001  
CLKINVX8           slow          19.958401       3     59.875202  
CLKINVX16          slow          83.160004       1     83.160004  
CLKINVX20          slow          96.465599       2    192.931198  
INVX1              slow           6.652800      17    113.097601  
INVX2              slow           9.979200       9     89.812803  
INVX3              slow          13.305600       1     13.305600  
INVX4              slow          13.305600      15    199.584002  
INVX8              slow          19.958401      12    239.500809  
INVX12             slow          43.243198       1     43.243198  
INVX20             slow          63.201599       1     63.201599  
INVXL              slow           6.652800       1      6.652800  
MXI2XL             slow          23.284800       1     23.284800  
NAND2BX1           slow          13.305600       1     13.305600  
NAND2X1            slow           9.979200       2     19.958401  
NAND2X2            slow          16.632000       1     16.632000  
NAND3X1            slow          13.305600      15    199.584002  
NAND3X2            slow          23.284800       6    139.708797  
NAND3X4            slow          33.264000       2     66.528000  
NAND3XL            slow          13.305600       3     39.916800  
NAND4BX2           slow          33.264000       1     33.264000  
NAND4X1            slow          16.632000       1     16.632000  
NAND4X2            slow          29.937599       2     59.875198  
NAND4X4            slow          56.548801       1     56.548801  
NAND4XL            slow          16.632000       3     49.896000  
NOR2X1             slow           9.979200       2     19.958401  
NOR2X4             slow          23.284800       2     46.569599  
OAI2BB1X1          slow          16.632000       5     83.160000  
OAI2BB1X2          slow          23.284800       9    209.563196  
OAI2BB1X4          slow          33.264000       9    299.375999  
OAI2BB2X4          slow          49.896000       3    149.688000  
OAI21X2            slow          26.611200       1     26.611200  
OAI21X4            slow          36.590401       1     36.590401  
OAI22X1            slow          19.958401       1     19.958401  
OAI31X2            slow          29.937599       1     29.937599  
OAI32X4            slow          33.264000       1     33.264000  
OAI33X2            slow          43.243198       1     43.243198  
OAI211X2           slow          33.264000       1     33.264000  
OAI211X4           slow          29.937599       1     29.937599  
OAI222X2           slow          49.896000       3    149.688000  
OAI222X4           slow          39.916801       1     39.916801  
OR2X1              slow          13.305600       4     53.222401  
OR2X2              slow          13.305600       9    119.750401  
OR2X4              slow          19.958401      10    199.584007  
OR2XL              slow          13.305600       4     53.222401  
OR3X2              slow          19.958401       4     79.833603  
XOR2X1             slow          26.611200       1     26.611200  
XOR2X2             slow          33.264000       2     66.528000  
-----------------------------------------------------------------------------
Total 75 references                                  5824.526411

****************************************
Design: recam_dss_grid2x2_directional_rs2_cs2_m1_hyp02_early_noscratch_core 
****************************************
Reference          Library       Unit Area   Count    Total Area   Attributes
-----------------------------------------------------------------------------
AND2X4             slow          16.632000       1     16.632000  
AOI2BB1X4          slow          36.590401       1     36.590401  
AOI31X1            slow          16.632000       3     49.896000  
AOI31X4            slow          29.937599       1     29.937599  
BUFX8              slow          29.937599       1     29.937599  
CLKBUFX8           slow          23.284800       1     23.284800  
CLKINVX3           slow           9.979200       1      9.979200  
CLKINVX4           slow          13.305600       1     13.305600  
CLKINVX8           slow          19.958401       2     39.916801  
DFFHQX1            slow          53.222401       7    372.556805  n
DFFHQX4            slow          73.180801       4    292.723206  n
DFFXL              slow          56.548801       2    113.097603  n
INVX1              slow           6.652800      17    113.097601  
INVX2              slow           9.979200       1      9.979200  
INVX4              slow          13.305600       1     13.305600  
INVX8              slow          19.958401       6    119.750404  
INVXL              slow           6.652800       1      6.652800  
MXI2X1             slow          23.284800       8    186.278397  
MXI2X4             slow          46.569599       1     46.569599  
MXI2XL             slow          23.284800       3     69.854399  
NAND3X1            slow          13.305600       2     26.611200  
OAI2BB1X1          slow          16.632000       4     66.528000  
OAI2BB1X2          slow          23.284800       1     23.284800  
OAI2BB1XL          slow          16.632000       1     16.632000  
OAI2BB2X4          slow          49.896000       1     49.896000  
OAI22XL            slow          19.958401       2     39.916801  
OAI31X4            slow          29.937599       2     59.875198  
OAI32X1            slow          23.284800       1     23.284800  
OR2X2              slow          13.305600       6     79.833601  
OR2X4              slow          19.958401       5     99.792004  
OR2XL              slow          13.305600       5     66.528001  
-----------------------------------------------------------------------------
Total 31 references                                  2145.528019

****************************************
Design: recam_shared_config_analyzer_ROW_ADDR_W9_PHYS_COL_ADDR_W13_WORD_COL_ADDR_W5_HYBRID_LINE_ADDR_W13_HYBRID_ENTRIES7 
****************************************
Reference          Library       Unit Area   Count    Total Area   Attributes
-----------------------------------------------------------------------------
AND2X1             slow          13.305600       8    106.444801  
AND2X2             slow          13.305600      20    266.112003  
AND2X4             slow          16.632000       6     99.792000  
AND3X1             slow          16.632000       2     33.264000  
AND3X2             slow          16.632000      29    482.327999  
AND3X4             slow          19.958401      11    219.542408  
AND4X1             slow          19.958401       6    119.750404  
AND4X2             slow          19.958401      50    997.920036  
AND4X4             slow          36.590401      24    878.169617  
AOI2BB1X1          slow          16.632000       3     49.896000  
AOI2BB1X2          slow          23.284800       3     69.854399  
AOI2BB1X4          slow          36.590401       3    109.771202  
AOI2BB1XL          slow          16.632000       1     16.632000  
AOI2BB2X1          slow          23.284800      21    488.980791  
AOI2BB2X2          slow          29.937599       4    119.750397  
AOI2BB2XL          slow          23.284800       8    186.278397  
AOI21X1            slow          13.305600       1     13.305600  
AOI21X2            slow          23.284800       1     23.284800  
AOI21X4            slow          33.264000       1     33.264000  
AOI22X1            slow          16.632000       9    149.688000  
AOI22X2            slow          29.937599       1     29.937599  
AOI22XL            slow          16.632000       1     16.632000  
AOI31X1            slow          16.632000       4     66.528000  
AOI31X2            slow          29.937599       2     59.875198  
AOI31X4            slow          29.937599       1     29.937599  
AOI31XL            slow          16.632000       2     33.264000  
AOI32X1            slow          23.284800       2     46.569599  
AOI32X4            slow          33.264000       1     33.264000  
AOI33X1            slow          26.611200       3     79.833601  
AOI33X2            slow          43.243198       2     86.486397  
AOI211X1           slow          16.632000       6     99.792000  
AOI211X2           slow          29.937599       5    149.687996  
AOI221X1           slow          23.284800      13    302.702394  
AOI221X2           slow          39.916801       5    199.584007  
AOI221X4           slow          36.590401       4    146.361603  
AOI222X1           slow          26.611200      31    824.947210  
AOI222X2           slow          46.569599       9    419.126392  
AOI222X4           slow          39.916801       1     39.916801  
BUFX1              slow          13.305600      31    412.473605  
BUFX3              slow          13.305600      71    944.697612  
BUFX4              slow          16.632000      12    199.584000  
BUFX8              slow          29.937599      18    538.876785  
BUFX12             slow          33.264000      15    498.959999  
BUFX16             slow          43.243198       4    172.972794  
BUFX20             slow          53.222401      11    585.446407  
CLKBUFX2           slow          13.305600       3     39.916800  
CLKBUFX4           slow          16.632000       1     16.632000  
CLKBUFX8           slow          23.284800       7    162.993597  
CLKBUFX12          slow          53.222401       1     53.222401  
CLKBUFXL           slow          13.305600       1     13.305600  
CLKINVX1           slow           9.979200       4     39.916801  
CLKINVX2           slow           9.979200       7     69.854403  
CLKINVX3           slow           9.979200     184   1836.172867  
CLKINVX4           slow          13.305600      18    239.500803  
CLKINVX8           slow          19.958401      41    818.294430  
CLKINVX20          slow          96.465599       1     96.465599  
CLKINVXL           slow           9.979200      24    239.500809  
DLY1X1             slow          19.958401       4     79.833603  
INVX1              slow           6.652800     576   3832.012848  
INVX2              slow           9.979200      31    309.355211  
INVX3              slow          13.305600       6     79.833601  
INVX4              slow          13.305600      73    971.308812  
INVX8              slow          19.958401      79   1576.713657  
INVX12             slow          43.243198      22    951.350365  
INVX16             slow          56.548801       4    226.195206  
INVX20             slow          63.201599       3    189.604797  
INVXL              slow           6.652800      61    405.820805  
MX2X1              slow          26.611200     120   3193.344040  
MX2X2              slow          29.937599      35   1047.815971  
MX2X4              slow          33.264000      41   1363.823997  
MX2XL              slow          26.611200       1     26.611200  
MXI2X1             slow          23.284800     141   3283.156740  
MXI2X2             slow          26.611200      92   2448.230431  
MXI2X4             slow          46.569599      52   2421.619156  
MXI2XL             slow          23.284800      25    582.119989  
NAND2BX2           slow          19.958401       1     19.958401  
NAND2BX4           slow          26.611200       3     79.833601  
NAND2X1            slow           9.979200      48    479.001617  
NAND2X2            slow          16.632000      23    382.535999  
NAND2X4            slow          23.284800      37    861.537584  
NAND2XL            slow           9.979200      19    189.604807  
NAND3BX2           slow          26.611200       1     26.611200  
NAND3BX4           slow          36.590401       5    182.952003  
NAND3BXL           slow          16.632000       1     16.632000  
NAND3X1            slow          13.305600     176   2341.785629  
NAND3X2            slow          23.284800      27    628.689589  
NAND3X4            slow          33.264000      41   1363.823997  
NAND3XL            slow          13.305600      28    372.556805  
NAND4BBX4          slow          63.201599       4    252.806396  
NAND4BX1           slow          23.284800       2     46.569599  
NAND4BX2           slow          33.264000       6    199.584000  
NAND4BXL           slow          19.958401       3     59.875202  
NAND4X1            slow          16.632000     108   1796.255997  
NAND4X2            slow          29.937599      37   1107.691170  
NAND4X4            slow          56.548801      34   1922.659248  
NAND4XL            slow          16.632000      20    332.639999  
NOR2BX1            slow          13.305600       2     26.611200  
NOR2BX4            slow          26.611200       1     26.611200  
NOR2X1             slow           9.979200      36    359.251213  
NOR2X2             slow          16.632000      12    199.584000  
NOR2X4             slow          23.284800      18    419.126392  
NOR2XL             slow           9.979200       5     49.896002  
NOR3X1             slow          13.305600       7     93.139201  
NOR3X2             slow          23.284800       1     23.284800  
NOR3X4             slow          33.264000       7    232.848000  
NOR4BX2            slow          33.264000       1     33.264000  
NOR4X1             slow          19.958401       1     19.958401  
NOR4X4             slow          56.548801       1     56.548801  
NOR4XL             slow          19.958401       1     19.958401  
OAI2BB1X1          slow          16.632000      44    731.807999  
OAI2BB1X2          slow          23.284800      26    605.404789  
OAI2BB1X4          slow          33.264000      29    964.655998  
OAI2BB1XL          slow          16.632000       6     99.792000  
OAI21X2            slow          26.611200       1     26.611200  
OAI21X4            slow          36.590401       2     73.180801  
OAI22X1            slow          19.958401      49    977.961636  
OAI22X2            slow          29.937599      29    868.190376  
OAI22X4            slow          46.569599       6    279.417595  
OAI22XL            slow          19.958401      14    279.417610  
OAI31X2            slow          29.937599       3     89.812798  
OAI31X4            slow          29.937599       4    119.750397  
OAI32X1            slow          23.284800       1     23.284800  
OAI32X2            slow          36.590401       3    109.771202  
OAI32X4            slow          33.264000       8    266.112000  
OAI33X2            slow          43.243198       2     86.486397  
OAI211X1           slow          19.958401      12    239.500809  
OAI211X2           slow          33.264000       7    232.848000  
OAI211X4           slow          29.937599      11    329.313591  
OAI211XL           slow          19.958401       1     19.958401  
OAI221X2           slow          43.243198       1     43.243198  
OAI221X4           slow          36.590401       2     73.180801  
OAI221XL           slow          23.284800       3     69.854399  
OAI222X1           slow          29.937599       1     29.937599  
OAI222X2           slow          49.896000       2     99.792000  
OAI222XL           slow          26.611200       1     26.611200  
OR2X1              slow          13.305600       5     66.528001  
OR2X2              slow          13.305600     258   3432.844843  
OR2X4              slow          19.958401     105   2095.632076  
OR2XL              slow          13.305600      33    439.084805  
OR3X1              slow          19.958401       1     19.958401  
OR3X2              slow          19.958401       1     19.958401  
OR3X4              slow          29.937599       2     59.875198  
OR3XL              slow          16.632000       4     66.528000  
OR4X1              slow          19.958401       1     19.958401  
OR4X2              slow          19.958401      39    778.377628  
OR4X4              slow          36.590401      28   1024.531219  
XNOR2X1            slow          26.611200      29    771.724810  
XNOR2X2            slow          36.590401      14    512.265610  
XNOR2X4            slow          56.548801      11    622.036816  
XNOR2XL            slow          26.611200       1     26.611200  
XOR2X1             slow          26.611200     565  15035.328188  
XOR2X2             slow          33.264000     179   5954.255989  
XOR2X4             slow          56.548801      54   3053.635277  
XOR2XL             slow          26.611200      73   1942.617624  
-----------------------------------------------------------------------------
Total 154 references                                94027.349531
1
