 
****************************************
Report : area
Design : recam_dss_grid2x2_directional_rs2_cs2_m1_hyp02_early_noscratch_top
Version: W-2024.09-SP2
Date   : Wed Sep 23 05:37:13 2026
****************************************

Library(s) Used:

    slow (File: /cad/std_libraries/CBDK_TSMC018_Arm_f1.0/CIC/SynopsysDC/db/slow.db)

Number of ports:                          520
Number of nets:                          4377
Number of cells:                         3913
Number of combinational cells:           3866
Number of sequential cells:                45
Number of macros/black boxes:               0
Number of buf/inv:                       1231
Number of references:                       3

Combinational area:              75748.781464
Buf/Inv area:                    13086.057793
Noncombinational area:            2468.188831
Macro/Black Box area:                0.000000
Net Interconnect area:          409828.720612

Total cell area:                 78216.970295
Total area:                     488045.690907

Hierarchical area distribution
------------------------------

                                  Global cell area            Local cell area
                                  -------------------  ----------------------------- 
Hierarchical cell                 Absolute    Percent  Combi-      Noncombi-  Black-
                                  Total       Total    national    national   boxes   Design
--------------------------------  ----------  -------  ----------  ---------  ------  ---------------------------------------------------------------------------------
recam_dss_grid2x2_directional_rs2_cs2_m1_hyp02_early_noscratch_top
                                  78216.9703    100.0     16.6320     0.0000  0.0000  recam_dss_grid2x2_directional_rs2_cs2_m1_hyp02_early_noscratch_top
analyzer                          73154.1894     93.5  73154.1894     0.0000  0.0000  recam_shared_config_analyzer_ROW_ADDR_W9_COL_ADDR_W5_DIFF_ADDR_W9_HYBRID_ENTRIES7
core                               5046.1489      6.5   2577.9600  2468.1888  0.0000  recam_dss_grid2x2_directional_rs2_cs2_m1_hyp02_early_noscratch_core
--------------------------------  ----------  -------  ----------  ---------  ------  ---------------------------------------------------------------------------------
Total                                                  75748.7815  2468.1888  0.0000

1
