 
****************************************
Report : qor
Design : recam_dss_grid2x2_directional_rs2_cs2_m1_hyp02_early_noscratch_top
Version: W-2024.09-SP2
Date   : Wed Sep 23 05:37:13 2026
****************************************


  Timing Path Group 'recam_clk'
  -----------------------------------
  Levels of Logic:              89.00
  Critical Path Length:         19.72
  Critical Path Slack:           0.01
  Critical Path Clk Period:     20.00
  Total Negative Slack:          0.00
  No. of Violating Paths:        0.00
  Worst Hold Violation:          0.00
  Total Hold Violation:          0.00
  No. of Hold Violations:        0.00
  -----------------------------------


  Cell Count
  -----------------------------------
  Hierarchical Cell Count:          2
  Hierarchical Port Count:        276
  Leaf Cell Count:               3911
  Buf/Inv Cell Count:            1231
  Buf Cell Count:                 124
  Inv Cell Count:                1107
  CT Buf/Inv Cell Count:            0
  Combinational Cell Count:      3866
  Sequential Cell Count:           45
  Macro Count:                      0
  -----------------------------------


  Area
  -----------------------------------
  Combinational Area:    75748.781464
  Noncombinational Area:  2468.188831
  Buf/Inv Area:          13086.057793
  Total Buffer Area:          2754.26
  Total Inverter Area:       10331.80
  Macro/Black Box Area:      0.000000
  Net Area:             409828.720612
  -----------------------------------
  Cell Area:             78216.970295
  Design Area:          488045.690907


  Design Rules
  -----------------------------------
  Total Number of Nets:          4118
  Nets With Violations:             0
  Max Trans Violations:             0
  Max Cap Violations:               0
  -----------------------------------


  Hostname: Kaohsiung

  Compile CPU Statistics
  -----------------------------------------
  Resource Sharing:                    1.79
  Logic Optimization:                 19.11
  Mapping Optimization:                6.04
  -----------------------------------------
  Overall Compile Time:               31.61
  Overall Compile Wall Clock Time:    31.94

  --------------------------------------------------------------------

  Design  WNS: 0.00  TNS: 0.00  Number of Violating Paths: 0


  Design (Hold)  WNS: 0.00  TNS: 0.00  Number of Violating Paths: 0

  --------------------------------------------------------------------


1
