 
****************************************
Report : reference
Design : recam_dss_grid2x2_directional_rs2_cs2_m1_hyp02_early_noscratch_top
Version: W-2024.09-SP2
Date   : Wed Sep 23 05:37:13 2026
****************************************

Attributes:
    b - black box (unknown)
   bo - allows boundary optimization
    d - dont_touch
   mo - map_only
    h - hierarchical
    n - noncombinational
    r - removable
    s - synthetic operator
    u - contains unmapped logic

Reference          Library       Unit Area   Count    Total Area   Attributes
-----------------------------------------------------------------------------
AND2X4             slow          16.632000       1     16.632000  
recam_dss_grid2x2_directional_rs2_cs2_m1_hyp02_early_noscratch_core
                               5046.148860       1   5046.148860  h, n
recam_shared_config_analyzer_ROW_ADDR_W9_COL_ADDR_W5_DIFF_ADDR_W9_HYBRID_ENTRIES7
                              73154.189435       1  73154.189435  h
-----------------------------------------------------------------------------
Total 3 references                                  78216.970295

****************************************
Design: recam_dss_grid2x2_directional_rs2_cs2_m1_hyp02_early_noscratch_core 
****************************************
Reference          Library       Unit Area   Count    Total Area   Attributes
-----------------------------------------------------------------------------
AND2X2             slow          13.305600       2     26.611200  
AND2X4             slow          16.632000       2     33.264000  
AOI2BB1XL          slow          16.632000       1     16.632000  
AOI2BB2XL          slow          23.284800       1     23.284800  
AOI31X1            slow          16.632000       1     16.632000  
AOI211X1           slow          16.632000       1     16.632000  
BUFX8              slow          29.937599       3     89.812798  
BUFX12             slow          33.264000       2     66.528000  
CLKINVX3           slow           9.979200       3     29.937601  
CLKINVX8           slow          19.958401       2     39.916801  
CLKINVXL           slow           9.979200       1      9.979200  
DFFHQX2            slow          66.528000       1     66.528000  n
DFFHQX4            slow          73.180801       3    219.542404  n
DFFHQXL            slow          53.222401      41   2182.118427  n
INVX1              slow           6.652800      43    286.070404  
INVX4              slow          13.305600       3     39.916800  
INVX8              slow          19.958401       6    119.750404  
INVXL              slow           6.652800       2     13.305600  
MXI2X1             slow          23.284800       4     93.139198  
MXI2X2             slow          26.611200       1     26.611200  
MXI2X4             slow          46.569599       1     46.569599  
MXI2XL             slow          23.284800       1     23.284800  
NAND2BX1           slow          13.305600       1     13.305600  
NAND2BX4           slow          26.611200       1     26.611200  
NAND2X1            slow           9.979200       2     19.958401  
NAND2X2            slow          16.632000       1     16.632000  
NAND2X4            slow          23.284800       3     69.854399  
NAND2XL            slow           9.979200       1      9.979200  
NAND3X1            slow          13.305600       1     13.305600  
NAND4X1            slow          16.632000       1     16.632000  
NAND4X4            slow          56.548801       1     56.548801  
OAI2BB1X1          slow          16.632000       1     16.632000  
OAI2BB1X2          slow          23.284800       1     23.284800  
OAI2BB2X1          slow          23.284800       3     69.854399  
OAI2BB2XL          slow          23.284800       1     23.284800  
OAI22X1            slow          19.958401       8    159.667206  
OAI22XL            slow          19.958401      23    459.043217  
OAI31X2            slow          29.937599       2     59.875198  
OAI31X4            slow          29.937599       2     59.875198  
OAI211X2           slow          33.264000       1     33.264000  
OAI211X4           slow          29.937599       1     29.937599  
OAI221X4           slow          36.590401       1     36.590401  
OAI222X1           slow          29.937599       1     29.937599  
OR2X1              slow          13.305600       1     13.305600  
OR2X2              slow          13.305600       6     79.833601  
OR2X4              slow          19.958401       3     59.875202  
OR2XL              slow          13.305600       9    119.750401  
OR3XL              slow          16.632000       1     16.632000  
XOR2XL             slow          26.611200       1     26.611200  
-----------------------------------------------------------------------------
Total 49 references                                  5046.148860

****************************************
Design: recam_shared_config_analyzer_ROW_ADDR_W9_COL_ADDR_W5_DIFF_ADDR_W9_HYBRID_ENTRIES7 
****************************************
Reference          Library       Unit Area   Count    Total Area   Attributes
-----------------------------------------------------------------------------
AND2X1             slow          13.305600       4     53.222401  
AND2X2             slow          13.305600      28    372.556805  
AND2X4             slow          16.632000       9    149.688000  
AND3X1             slow          16.632000       6     99.792000  
AND3X2             slow          16.632000      25    415.799999  
AND3X4             slow          19.958401       5     99.792004  
AND4X1             slow          19.958401       2     39.916801  
AND4X2             slow          19.958401      46    918.086433  
AND4X4             slow          36.590401      18    658.627213  
AOI2BB1X1          slow          16.632000       3     49.896000  
AOI2BB1X2          slow          23.284800       2     46.569599  
AOI2BB1X4          slow          36.590401       3    109.771202  
AOI2BB1XL          slow          16.632000       2     33.264000  
AOI2BB2X1          slow          23.284800      30    698.543987  
AOI2BB2X2          slow          29.937599       6    179.625595  
AOI2BB2X4          slow          49.896000       2     99.792000  
AOI2BB2XL          slow          23.284800       5    116.423998  
AOI21X1            slow          13.305600       1     13.305600  
AOI21X4            slow          33.264000       1     33.264000  
AOI22X1            slow          16.632000       6     99.792000  
AOI31X1            slow          16.632000       3     49.896000  
AOI31X2            slow          29.937599       7    209.563194  
AOI31X4            slow          29.937599       1     29.937599  
AOI31XL            slow          16.632000       1     16.632000  
AOI33X1            slow          26.611200       2     53.222401  
AOI33X2            slow          43.243198       1     43.243198  
AOI33X4            slow          36.590401       1     36.590401  
AOI211X1           slow          16.632000       5     83.160000  
AOI211X2           slow          29.937599       2     59.875198  
AOI211X4           slow          33.264000       1     33.264000  
AOI221X1           slow          23.284800      13    302.702394  
AOI221X2           slow          39.916801       5    199.584007  
AOI221X4           slow          36.590401       6    219.542404  
AOI222X1           slow          26.611200      36    958.003212  
AOI222X2           slow          46.569599       6    279.417595  
AOI222X4           slow          39.916801       1     39.916801  
BUFX1              slow          13.305600      23    306.028804  
BUFX3              slow          13.305600      29    385.862405  
BUFX4              slow          16.632000      22    365.903999  
BUFX8              slow          29.937599      17    508.939186  
BUFX12             slow          33.264000       6    199.584000  
BUFX16             slow          43.243198       3    129.729595  
BUFX20             slow          53.222401      10    532.224007  
CLKBUFX2           slow          13.305600       1     13.305600  
CLKBUFX4           slow          16.632000       2     33.264000  
CLKBUFX8           slow          23.284800       3     69.854399  
CLKBUFXL           slow          13.305600       1     13.305600  
CLKINVX2           slow           9.979200       8     79.833603  
CLKINVX3           slow           9.979200     140   1397.088051  
CLKINVX4           slow          13.305600      13    172.972802  
CLKINVX8           slow          19.958401      32    638.668823  
CLKINVX12          slow          63.201599       1     63.201599  
CLKINVXL           slow           9.979200      16    159.667206  
DLY1X1             slow          19.958401       2     39.916801  
INVX1              slow           6.652800     580   3858.624048  
INVX2              slow           9.979200      28    279.417610  
INVX3              slow          13.305600       5     66.528001  
INVX4              slow          13.305600      60    798.336010  
INVX8              slow          19.958401      45    898.128033  
INVX12             slow          43.243198       6    259.459190  
INVX16             slow          56.548801       4    226.195206  
INVX20             slow          63.201599       3    189.604797  
INVXL              slow           6.652800     106    705.196809  
MX2X1              slow          26.611200      80   2128.896027  
MX2X2              slow          29.937599       2     59.875198  
MX2X4              slow          33.264000       5    166.320000  
MX2XL              slow          26.611200       2     53.222401  
MXI2X1             slow          23.284800      80   1862.783966  
MXI2X2             slow          26.611200      81   2155.507227  
MXI2X4             slow          46.569599      37   1723.075169  
MXI2XL             slow          23.284800      77   1792.929567  
NAND2BX1           slow          13.305600       3     39.916800  
NAND2BX2           slow          19.958401       1     19.958401  
NAND2BX4           slow          26.611200       5    133.056002  
NAND2X1            slow           9.979200      39    389.188814  
NAND2X2            slow          16.632000       4     66.528000  
NAND2X4            slow          23.284800       6    139.708797  
NAND2XL            slow           9.979200       3     29.937601  
NAND3BX2           slow          26.611200       1     26.611200  
NAND3BX4           slow          36.590401       6    219.542404  
NAND3BXL           slow          16.632000       2     33.264000  
NAND3X1            slow          13.305600     148   1969.228825  
NAND3X2            slow          23.284800      23    535.550390  
NAND3X4            slow          33.264000      30    997.919998  
NAND3XL            slow          13.305600      30    399.168005  
NAND4BBX1          slow          26.611200       1     26.611200  
NAND4BBX2          slow          36.590401       1     36.590401  
NAND4BBX4          slow          63.201599       1     63.201599  
NAND4BX4           slow          59.875198       7    419.126389  
NAND4BXL           slow          19.958401       1     19.958401  
NAND4X1            slow          16.632000      80   1330.559998  
NAND4X2            slow          29.937599      28    838.252777  
NAND4X4            slow          56.548801      29   1639.915241  
NAND4XL            slow          16.632000      13    216.216000  
NOR2BX1            slow          13.305600       1     13.305600  
NOR2BX2            slow          19.958401       3     59.875202  
NOR2BX4            slow          26.611200       1     26.611200  
NOR2X1             slow           9.979200      43    429.105616  
NOR2X2             slow          16.632000      19    316.007999  
NOR2X4             slow          23.284800      20    465.695992  
NOR2XL             slow           9.979200       3     29.937601  
NOR3BX1            slow          19.958401       1     19.958401  
NOR3BX2            slow          26.611200       1     26.611200  
NOR3BX4            slow          36.590401       1     36.590401  
NOR3X1             slow          13.305600       1     13.305600  
NOR3XL             slow          13.305600       2     26.611200  
NOR4BBX2           slow          36.590401       1     36.590401  
NOR4BX1            slow          19.958401       1     19.958401  
NOR4X1             slow          19.958401       3     59.875202  
NOR4X2             slow          29.937599       1     29.937599  
NOR4X4             slow          56.548801       1     56.548801  
OAI2BB1X1          slow          16.632000      49    814.967999  
OAI2BB1X2          slow          23.284800      18    419.126392  
OAI2BB1X4          slow          33.264000      22    731.807999  
OAI2BB1XL          slow          16.632000       8    133.056000  
OAI21X4            slow          36.590401       3    109.771202  
OAI22X1            slow          19.958401      33    658.627224  
OAI22X2            slow          29.937599      20    598.751984  
OAI22X4            slow          46.569599       2     93.139198  
OAI22XL            slow          19.958401       7    139.708805  
OAI31X1            slow          19.958401       2     39.916801  
OAI31X2            slow          29.937599       5    149.687996  
OAI31X4            slow          29.937599       1     29.937599  
OAI32X4            slow          33.264000       9    299.375999  
OAI33X4            slow          36.590401       1     36.590401  
OAI211X1           slow          19.958401       3     59.875202  
OAI211X2           slow          33.264000       5    166.320000  
OAI211X4           slow          29.937599      11    329.313591  
OAI211XL           slow          19.958401       4     79.833603  
OAI221X2           slow          43.243198       3    129.729595  
OAI221X4           slow          36.590401       4    146.361603  
OAI221XL           slow          23.284800       2     46.569599  
OAI222X2           slow          49.896000       2     99.792000  
OAI222X4           slow          39.916801       5    199.584007  
OR2X1              slow          13.305600       8    106.444801  
OR2X2              slow          13.305600     215   2860.704036  
OR2X4              slow          19.958401      83   1656.547260  
OR2XL              slow          13.305600      41    545.529607  
OR3XL              slow          16.632000       2     33.264000  
OR4X1              slow          19.958401       2     39.916801  
OR4X2              slow          19.958401      52   1037.836838  
OR4X4              slow          36.590401      17    622.036812  
OR4XL              slow          19.958401       1     19.958401  
XNOR2X1            slow          26.611200      31    824.947210  
XNOR2X2            slow          36.590401       8    292.723206  
XNOR2X4            slow          56.548801       7    395.841610  
XNOR2XL            slow          26.611200       8    212.889603  
XOR2X1             slow          26.611200     429  11416.204943  
XOR2X2             slow          33.264000      98   3259.871994  
XOR2X4             slow          56.548801      40   2261.952057  
XOR2XL             slow          26.611200      55   1463.616018  
XOR3X4             slow          99.792000       1     99.792000  
-----------------------------------------------------------------------------
Total 152 references                                73154.189435
1
