 
****************************************
Report : constraint
        -all_violators
Design : recam_dss_l1x4_r_static_global_live_state_top
Version: W-2024.09-SP2
Date   : Tue Sep 29 16:55:29 2026
****************************************


   max_delay/setup ('recam_clk' group)

                             Required        Actual
   Endpoint                 Path Delay     Path Delay        Slack
   -----------------------------------------------------------------
   core/candidate_store/store_q_reg[5]/D
                                9.82          13.83 f        -4.01  (VIOLATED)
   core/candidate_store/store_q_reg[21]/D
                                9.82          13.83 f        -4.01  (VIOLATED)
   core/candidate_store/store_q_reg[24]/D
                                9.82          13.83 f        -4.01  (VIOLATED)
   core/candidate_store/store_q_reg[42]/D
                                9.82          13.83 f        -4.01  (VIOLATED)
   core/candidate_store/store_q_reg[46]/D
                                9.82          13.83 f        -4.01  (VIOLATED)
   core/candidate_store/store_q_reg[54]/D
                                9.82          13.83 f        -4.01  (VIOLATED)
   core/candidate_store/store_q_reg[29]/D
                                9.83          13.84 f        -4.01  (VIOLATED)
   core/candidate_store/store_q_reg[4]/D
                                9.91          13.91 r        -4.01  (VIOLATED)
   core/candidate_store/store_q_reg[36]/D
                                9.83          13.83 f        -4.01  (VIOLATED)
   core/candidate_store/store_q_reg[57]/D
                                9.91          13.91 r        -4.01  (VIOLATED)
   core/candidate_store/store_q_reg[50]/D
                                9.83          13.83 f        -4.00  (VIOLATED)
   core/candidate_store/store_q_reg[55]/D
                                9.82          13.83 f        -4.00  (VIOLATED)
   core/candidate_store/store_q_reg[20]/D
                                9.91          13.91 r        -4.00  (VIOLATED)
   core/candidate_store/store_q_reg[40]/D
                                9.91          13.91 r        -4.00  (VIOLATED)
   core/candidate_store/store_q_reg[11]/D
                                9.91          13.91 r        -4.00  (VIOLATED)
   core/candidate_store/store_q_reg[9]/D
                                9.83          13.83 f        -4.00  (VIOLATED)
   core/candidate_store/store_q_reg[39]/D
                                9.82          13.83 f        -4.00  (VIOLATED)
   core/candidate_store/store_q_reg[27]/D
                                9.83          13.83 f        -4.00  (VIOLATED)
   core/candidate_store/store_q_reg[44]/D
                                9.91          13.91 r        -4.00  (VIOLATED)
   core/candidate_store/store_q_reg[58]/D
                                9.82          13.83 f        -4.00  (VIOLATED)
   core/candidate_store/store_q_reg[22]/D
                                9.91          13.91 r        -4.00  (VIOLATED)
   core/candidate_store/store_q_reg[12]/D
                                9.91          13.91 r        -4.00  (VIOLATED)
   core/candidate_store/store_q_reg[41]/D
                                9.91          13.91 r        -4.00  (VIOLATED)
   core/candidate_store/store_q_reg[18]/D
                                9.91          13.91 r        -4.00  (VIOLATED)
   core/candidate_store/store_q_reg[48]/D
                                9.83          13.83 f        -4.00  (VIOLATED)
   core/candidate_store/store_q_reg[8]/D
                                9.91          13.91 r        -4.00  (VIOLATED)
   core/candidate_store/store_q_reg[3]/D
                                9.74          13.74 f        -4.00  (VIOLATED)
   core/candidate_store/store_q_reg[2]/D
                                9.89          13.89 r        -4.00  (VIOLATED)
   core/candidate_store/store_q_reg[56]/D
                                9.83          13.83 f        -4.00  (VIOLATED)
   core/candidate_store/store_q_reg[32]/D
                                9.91          13.91 r        -4.00  (VIOLATED)
   core/candidate_store/store_q_reg[43]/D
                                9.91          13.90 r        -4.00  (VIOLATED)
   core/candidate_store/store_q_reg[19]/D
                                9.82          13.82 f        -4.00  (VIOLATED)
   core/candidate_store/store_q_reg[38]/D
                                9.91          13.90 r        -4.00  (VIOLATED)
   core/candidate_store/store_q_reg[13]/D
                                9.83          13.82 f        -4.00  (VIOLATED)
   core/candidate_store/store_q_reg[15]/D
                                9.91          13.90 r        -4.00  (VIOLATED)
   core/candidate_store/store_q_reg[51]/D
                                9.83          13.82 f        -4.00  (VIOLATED)
   core/candidate_store/store_q_reg[37]/D
                                9.91          13.90 r        -4.00  (VIOLATED)
   core/candidate_store/store_q_reg[53]/D
                                9.91          13.90 r        -4.00  (VIOLATED)
   core/candidate_store/store_q_reg[14]/D
                                9.83          13.82 f        -4.00  (VIOLATED)
   core/candidate_store/store_q_reg[25]/D
                                9.83          13.82 f        -4.00  (VIOLATED)
   core/candidate_store/store_q_reg[7]/D
                                9.83          13.82 f        -3.99  (VIOLATED)
   core/candidate_store/store_q_reg[52]/D
                                9.91          13.90 r        -3.99  (VIOLATED)
   core/candidate_store/store_q_reg[30]/D
                                9.91          13.90 r        -3.99  (VIOLATED)
   core/candidate_store/store_q_reg[35]/D
                                9.91          13.90 r        -3.99  (VIOLATED)
   core/candidate_store/store_q_reg[59]/D
                                9.90          13.90 r        -3.99  (VIOLATED)
   core/candidate_store/store_q_reg[6]/D
                                9.91          13.90 r        -3.99  (VIOLATED)
   core/candidate_store/store_q_reg[10]/D
                                9.90          13.90 r        -3.99  (VIOLATED)
   core/candidate_store/store_q_reg[17]/D
                                9.91          13.90 r        -3.99  (VIOLATED)
   core/candidate_store/store_q_reg[26]/D
                                9.91          13.90 r        -3.99  (VIOLATED)
   core/candidate_store/store_q_reg[33]/D
                                9.91          13.89 r        -3.99  (VIOLATED)
   core/candidate_store/store_q_reg[45]/D
                                9.91          13.90 r        -3.99  (VIOLATED)
   core/candidate_store/store_q_reg[28]/D
                                9.91          13.90 r        -3.99  (VIOLATED)
   core/candidate_store/store_q_reg[23]/D
                                9.83          13.81 f        -3.99  (VIOLATED)
   core/candidate_store/store_q_reg[16]/D
                                9.90          13.89 r        -3.99  (VIOLATED)
   core/candidate_store/store_q_reg[34]/D
                                9.91          13.89 r        -3.99  (VIOLATED)
   core/candidate_store/store_q_reg[31]/D
                                9.83          13.81 f        -3.98  (VIOLATED)
   core/candidate_store/store_q_reg[49]/D
                                9.91          13.89 r        -3.98  (VIOLATED)
   core/candidate_store/store_q_reg[47]/D
                                9.91          13.89 r        -3.98  (VIOLATED)
   core/candidate_store/store_q_reg[1]/D
                                9.86          13.81 r        -3.95  (VIOLATED)
   core/candidate_store/store_q_reg[0]/D
                                9.73          13.64 f        -3.90  (VIOLATED)
   core/selected_pattern_flat_o_reg[8]/D
                                9.73          12.90 f        -3.17  (VIOLATED)
   core/selected_pattern_flat_o_reg[9]/D
                                9.73          12.89 f        -3.16  (VIOLATED)
   core/selected_pattern_flat_o_reg[0]/D
                                9.73          12.78 f        -3.06  (VIOLATED)
   core/selected_pattern_flat_o_reg[4]/D
                                9.89          12.90 r        -3.01  (VIOLATED)
   core/selected_pattern_flat_o_reg[5]/D
                                9.73          12.73 f        -3.00  (VIOLATED)
   core/selected_pattern_flat_o_reg[1]/D
                                9.73          12.69 f        -2.96  (VIOLATED)
   core/selected_pattern_flat_o_reg[3]/D
                                9.74          12.65 f        -2.91  (VIOLATED)
   core/selected_pattern_flat_o_reg[6]/D
                                9.74          12.56 f        -2.82  (VIOLATED)
   core/selected_pattern_flat_o_reg[11]/D
                                9.74          12.51 f        -2.77  (VIOLATED)
   core/selected_pattern_flat_o_reg[10]/D
                                9.74          12.51 f        -2.77  (VIOLATED)
   core/ledger_released_borrower_o_reg[2]/D
                                9.73          12.39 f        -2.66  (VIOLATED)
   core/release_flat_o_reg[2]/D
                                9.73          12.39 f        -2.66  (VIOLATED)
   core/selected_pattern_flat_o_reg[2]/D
                                9.74          12.35 f        -2.61  (VIOLATED)
   core/ledger_released_borrower_o_reg[0]/D
                                9.83          12.43 f        -2.60  (VIOLATED)
   core/selected_config_flat_o_reg[10]/D
                                9.82          12.41 f        -2.59  (VIOLATED)
   core/ledger_released_borrower_o_reg[1]/D
                                9.90          12.48 r        -2.57  (VIOLATED)
   core/selected_pattern_flat_o_reg[7]/D
                                9.91          12.48 r        -2.57  (VIOLATED)
   core/release_flat_o_reg[1]/D
                                9.90          12.47 r        -2.56  (VIOLATED)
   core/borrow_flat_o_reg[1]/D
                                9.83          12.36 f        -2.54  (VIOLATED)
   core/selected_config_flat_o_reg[2]/D
                                9.83          12.32 f        -2.49  (VIOLATED)
   core/selected_config_flat_o_reg[7]/D
                                9.91          12.35 r        -2.44  (VIOLATED)
   core/selected_config_flat_o_reg[8]/D
                                9.83          12.27 f        -2.44  (VIOLATED)
   core/selected_config_flat_o_reg[5]/D
                                9.83          12.27 f        -2.43  (VIOLATED)
   core/selected_config_flat_o_reg[4]/D
                                9.83          12.23 f        -2.40  (VIOLATED)
   core/selected_pattern_flat_o_reg[13]/D
                                9.83          12.23 f        -2.40  (VIOLATED)
   core/selected_pattern_flat_o_reg[12]/D
                                9.83          12.22 f        -2.39  (VIOLATED)
   core/selected_pattern_flat_o_reg[15]/D
                                9.83          12.22 f        -2.38  (VIOLATED)
   core/selected_pattern_flat_o_reg[14]/D
                                9.83          12.22 f        -2.38  (VIOLATED)
   core/ledger_released_borrower_o_reg[7]/D
                                9.83          12.17 f        -2.34  (VIOLATED)
   core/ledger_released_borrower_o_reg[4]/D
                                9.83          12.17 f        -2.34  (VIOLATED)
   core/borrow_flat_o_reg[2]/D
                                9.83          12.17 f        -2.34  (VIOLATED)
   core/release_flat_o_reg[0]/D
                                9.83          12.07 f        -2.24  (VIOLATED)
   core/borrow_flat_o_reg[3]/D
                                9.83          12.07 f        -2.23  (VIOLATED)
   core/ledger_released_borrower_o_reg[8]/D
                                9.83          12.07 f        -2.23  (VIOLATED)
   core/ledger_released_borrower_o_reg[9]/D
                                9.83          12.07 f        -2.23  (VIOLATED)
   core/group_repairable_o_reg/D
                                9.82          11.43 f        -1.61  (VIOLATED)
   core/selected_donor_flat_o_reg[0]/D
                                9.82          11.43 f        -1.61  (VIOLATED)
   core/selected_donor_flat_o_reg[1]/D
                                9.82          11.43 f        -1.61  (VIOLATED)
   core/selected_donor_flat_o_reg[4]/D
                                9.82          11.43 f        -1.61  (VIOLATED)
   core/selected_donor_flat_o_reg[7]/D
                                9.82          11.43 f        -1.61  (VIOLATED)
   core/sa_commit_valid_o_reg[0]/D
                                9.83          11.36 f        -1.53  (VIOLATED)
   core/sa_commit_valid_o_reg[1]/D
                                9.83          11.36 f        -1.53  (VIOLATED)
   core/sa_commit_valid_o_reg[2]/D
                                9.83          11.36 f        -1.53  (VIOLATED)
   core/sa_commit_valid_o_reg[3]/D
                                9.83          11.36 f        -1.53  (VIOLATED)


   max_capacitance

                             Required        Actual
   Net                      Capacitance    Capacitance       Slack
   -----------------------------------------------------------------
   selected_pattern_flat_o[15]
                                0.15           0.17          -0.02  (VIOLATED)
   analyzer/n1904               0.15           0.16          -0.01  (VIOLATED)
   analyzer/n922                0.15           0.16          -0.01  (VIOLATED)
   analyzer/n970                0.15           0.16          -0.01  (VIOLATED)
   analyzer/n1907               0.15           0.16          -0.01  (VIOLATED)
   analyzer/n926                0.15           0.15           0.00  (VIOLATED: increase significant digits)
   scan_slot_o[0]               0.15           0.15           0.00  (VIOLATED: increase significant digits)
   analyzer/n923                0.15           0.15           0.00  (VIOLATED: increase significant digits)
   selected_pattern_flat_o[8]
                                0.15           0.15           0.00  (VIOLATED: increase significant digits)
   analyzer/n3234               0.15           0.15           0.00  (VIOLATED: increase significant digits)

   -----------------------------------------------------------------
   Total                      10                 -0.07  

1
