 
****************************************
Report : area
Design : recam_dss_l1x4_r_static_global_live_state_top
Version: W-2024.09-SP2
Date   : Tue Sep 29 16:55:29 2026
****************************************

Library(s) Used:

    slow (File: /cad/std_libraries/CBDK_TSMC018_Arm_f1.0/CIC/SynopsysDC/db/slow.db)

Number of ports:                         1795
Number of nets:                         10082
Number of cells:                         8719
Number of combinational cells:           8109
Number of sequential cells:               566
Number of macros/black boxes:               0
Number of buf/inv:                       2651
Number of references:                       9

Combinational area:             185636.406591
Buf/Inv area:                    39111.811793
Noncombinational area:           32266.080803
Macro/Black Box area:                0.000000
Net Interconnect area:          944164.779388

Total cell area:                217902.487394
Total area:                    1162067.266782

Hierarchical area distribution
------------------------------

                                  Global cell area              Local cell area
                                  --------------------  ------------------------------- 
Hierarchical cell                 Absolute     Percent  Combi-       Noncombi-   Black-
                                  Total        Total    national     national    boxes   Design
--------------------------------  -----------  -------  -----------  ----------  ------  ----------------------------------------------------------------------------------------------------------------
recam_dss_l1x4_r_static_global_live_state_top
                                  217902.4874    100.0     153.0144      0.0000  0.0000  recam_dss_l1x4_r_static_global_live_state_top
analyzer                          142280.1085     65.3  142280.1085      0.0000  0.0000  recam_shared_config_analyzer_ROW_ADDR_W9_PHYS_COL_ADDR_W13_WORD_COL_ADDR_W5_HYBRID_LINE_ADDR_W13_HYBRID_ENTRIES7
core                               30892.2770     14.2    2807.4816   4001.6593  0.0000  recam_dss_l1x4_r_static_global_live_state_core
core/candidate_store               21674.8225      9.9   18291.8736   3382.9489  0.0000  dss_v2_group_candidate_store
core/slot_decode                     119.7504      0.1     119.7504      0.0000  0.0000  dss_v2_group_slot_decode
core/static_selector                2288.5632      1.1    2288.5632      0.0000  0.0000  recam_dss_l1x4_r_static_selector
pivot_address_regs                 44577.0875     20.5   19695.6149  24881.4726  0.0000  dss_group_pivot_address_regs_ROW_ADDR_W9_PHYS_COL_ADDR_W13
--------------------------------  -----------  -------  -----------  ----------  ------  ----------------------------------------------------------------------------------------------------------------
Total                                                   185636.4066  32266.0808  0.0000

1
