 
****************************************
Report : qor
Design : recam_dss_l1x4_r_static_global_live_state_top
Version: W-2024.09-SP2
Date   : Tue Sep 29 16:55:29 2026
****************************************


  Timing Path Group 'recam_clk'
  -----------------------------------
  Levels of Logic:              67.00
  Critical Path Length:         13.83
  Critical Path Slack:          -4.01
  Critical Path Clk Period:     10.00
  Total Negative Slack:       -344.58
  No. of Violating Paths:      104.00
  Worst Hold Violation:          0.00
  Total Hold Violation:          0.00
  No. of Hold Violations:        0.00
  -----------------------------------


  Cell Count
  -----------------------------------
  Hierarchical Cell Count:          6
  Hierarchical Port Count:       1079
  Leaf Cell Count:               8675
  Buf/Inv Cell Count:            2651
  Buf Cell Count:                 404
  Inv Cell Count:                2247
  CT Buf/Inv Cell Count:            0
  Combinational Cell Count:      8109
  Sequential Cell Count:          566
  Macro Count:                      0
  -----------------------------------


  Area
  -----------------------------------
  Combinational Area:   185636.406591
  Noncombinational Area: 32266.080803
  Buf/Inv Area:          39111.811793
  Total Buffer Area:         10444.90
  Total Inverter Area:       28666.92
  Macro/Black Box Area:      0.000000
  Net Area:             944164.779388
  -----------------------------------
  Cell Area:            217902.487394
  Design Area:         1162067.266782


  Design Rules
  -----------------------------------
  Total Number of Nets:          9059
  Nets With Violations:            10
  Max Trans Violations:             0
  Max Cap Violations:              10
  -----------------------------------


  Hostname: Kaohsiung

  Compile CPU Statistics
  -----------------------------------------
  Resource Sharing:                    3.92
  Logic Optimization:                143.09
  Mapping Optimization:              138.73
  -----------------------------------------
  Overall Compile Time:              292.35
  Overall Compile Wall Clock Time:   292.86

  --------------------------------------------------------------------

  Design  WNS: 4.01  TNS: 344.58  Number of Violating Paths: 104


  Design (Hold)  WNS: 0.00  TNS: 0.00  Number of Violating Paths: 0

  --------------------------------------------------------------------


1
