 
****************************************
Report : reference
Design : recam_dss_l1x4_r_static_global_live_state_top
Version: W-2024.09-SP2
Date   : Tue Sep 29 16:55:29 2026
****************************************

Attributes:
    b - black box (unknown)
   bo - allows boundary optimization
    d - dont_touch
   mo - map_only
    h - hierarchical
    n - noncombinational
    r - removable
    s - synthetic operator
    u - contains unmapped logic

Reference          Library       Unit Area   Count    Total Area   Attributes
-----------------------------------------------------------------------------
AND2X4             slow          16.632000       1     16.632000  
AND3X1             slow          16.632000       1     16.632000  
AOI31XL            slow          16.632000       1     16.632000  
DLY1X1             slow          19.958401       2     39.916801  
XNOR2X1            slow          26.611200       1     26.611200  
XNOR2X2            slow          36.590401       1     36.590401  
dss_group_pivot_address_regs_ROW_ADDR_W9_PHYS_COL_ADDR_W13
                              44577.087529       1  44577.087529  h, n
recam_dss_l1x4_r_static_global_live_state_core
                              30892.276981       1  30892.276981  h, n
recam_shared_config_analyzer_ROW_ADDR_W9_PHYS_COL_ADDR_W13_WORD_COL_ADDR_W5_HYBRID_LINE_ADDR_W13_HYBRID_ENTRIES7
                              142280.108482
                                                 1  142280.108482 h
-----------------------------------------------------------------------------
Total 9 references                                  217902.487394

****************************************
Design: dss_group_pivot_address_regs_ROW_ADDR_W9_PHYS_COL_ADDR_W13 
****************************************
Reference          Library       Unit Area   Count    Total Area   Attributes
-----------------------------------------------------------------------------
AND2X2             slow          13.305600       7     93.139201  
AOI2BB1X1          slow          16.632000       3     49.896000  
AOI2BB2X1          slow          23.284800       4     93.139198  
AOI21X1            slow          13.305600      13    172.972802  
AOI21XL            slow          13.305600       2     26.611200  
AOI22X1            slow          16.632000       9    149.688000  
AOI22XL            slow          16.632000       3     49.896000  
AOI32X1            slow          23.284800       1     23.284800  
AOI32X4            slow          33.264000       1     33.264000  
AOI32XL            slow          23.284800       1     23.284800  
AOI33X1            slow          26.611200       3     79.833601  
AOI33X4            slow          36.590401       1     36.590401  
AOI222X1           slow          26.611200       1     26.611200  
BUFX1              slow          13.305600       6     79.833601  
BUFX3              slow          13.305600      22    292.723204  
CLKINVXL           slow           9.979200       2     19.958401  
DFFXL              slow          56.548801     440  24881.472626  n
INVX1              slow           6.652800     325   2162.160027  
INVXL              slow           6.652800      12     79.833601  
NAND2BX1           slow          13.305600       4     53.222401  
NAND2X1            slow           9.979200      33    329.313612  
NAND2X4            slow          23.284800       1     23.284800  
NAND2XL            slow           9.979200      13    129.729605  
NAND3X1            slow          13.305600      11    146.361602  
NAND3XL            slow          13.305600       2     26.611200  
NOR2BX1            slow          13.305600       8    106.444801  
NOR2X1             slow           9.979200      20    199.584007  
NOR2XL             slow           9.979200      83    828.273630  
NOR3X1             slow          13.305600       5     66.528001  
OAI2BB1X1          slow          16.632000       1     16.632000  
OAI21XL            slow          13.305600      10    133.056002  
OAI22X1            slow          19.958401     388   7743.859482  
OAI22X2            slow          29.937599      21    628.689583  
OAI22X4            slow          46.569599      12    558.835190  
OAI22XL            slow          19.958401     199   3971.721745  
OAI31X1            slow          19.958401       3     59.875202  
OAI31XL            slow          19.958401       1     19.958401  
OAI32X1            slow          23.284800       7    162.993597  
OAI32X4            slow          33.264000       2     66.528000  
OAI33X1            slow          26.611200       3     79.833601  
OAI33X4            slow          36.590401       1     36.590401  
OAI221X4           slow          36.590401       1     36.590401  
OAI221XL           slow          23.284800       6    139.708797  
XNOR2X1            slow          26.611200       3     79.833601  
XNOR2XL            slow          26.611200       1     26.611200  
XOR2X1             slow          26.611200      20    532.224007  
-----------------------------------------------------------------------------
Total 46 references                                 44577.087529

****************************************
Design: recam_dss_l1x4_r_static_global_live_state_core 
****************************************
Reference          Library       Unit Area   Count    Total Area   Attributes
-----------------------------------------------------------------------------
AND3X2             slow          16.632000       1     16.632000  
AOI2BB1X1          slow          16.632000       1     16.632000  
AOI21X1            slow          13.305600       5     66.528001  
AOI22X1            slow          16.632000       9    149.688000  
AOI22X2            slow          29.937599       5    149.687996  
AOI22X4            slow          46.569599      10    465.695992  
AOI22XL            slow          16.632000       8    133.056000  
AOI31X1            slow          16.632000       3     49.896000  
AOI31XL            slow          16.632000       2     33.264000  
AOI211X1           slow          16.632000       1     16.632000  
BUFX4              slow          16.632000       1     16.632000  
CLKBUFX8           slow          23.284800       1     23.284800  
CLKINVX3           slow           9.979200       2     19.958401  
CLKINVX4           slow          13.305600       5     66.528001  
DFFHQX1            slow          53.222401       1     53.222401  n
DFFHQXL            slow          53.222401      16    851.558411  n
DFFX4              slow          83.160004       1     83.160004  n
DFFXL              slow          56.548801      33   1866.110447  n
EDFFX1             slow          76.507202       8    612.057617  n
EDFFXL             slow          76.507202       7    535.550415  n
INVX1              slow           6.652800      46    306.028804  
INVX2              slow           9.979200      22    219.542408  
INVX4              slow          13.305600       1     13.305600  
INVXL              slow           6.652800      10     66.528001  
MXI2XL             slow          23.284800       1     23.284800  
NAND2X1            slow           9.979200       4     39.916801  
NAND2X4            slow          23.284800       1     23.284800  
NAND2XL            slow           9.979200       1      9.979200  
NAND3BX4           slow          36.590401       1     36.590401  
NAND3X1            slow          13.305600       4     53.222401  
NAND3X4            slow          33.264000       1     33.264000  
NAND3XL            slow          13.305600       1     13.305600  
NOR2X1             slow           9.979200       3     29.937601  
NOR2X2             slow          16.632000       1     16.632000  
NOR3X1             slow          13.305600       1     13.305600  
OAI2BB1X1          slow          16.632000       5     83.160000  
OAI2BB1X4          slow          33.264000       7    232.848000  
OAI21XL            slow          13.305600       7     93.139201  
OAI22X1            slow          19.958401       1     19.958401  
OAI31X1            slow          19.958401       1     19.958401  
OAI32X1            slow          23.284800       3     69.854399  
OAI211X1           slow          19.958401       1     19.958401  
OR2X2              slow          13.305600       2     26.611200  
OR2XL              slow          13.305600       1     13.305600  
XNOR2X1            slow          26.611200       2     53.222401  
XOR2X1             slow          26.611200       2     53.222401  
dss_v2_group_candidate_store  21674.822474       1  21674.822474  h, n
dss_v2_group_slot_decode        119.750401       1    119.750401  h
recam_dss_l1x4_r_static_selector
                               2288.563202       1   2288.563202  h
-----------------------------------------------------------------------------
Total 49 references                                 30892.276981

****************************************
Design: dss_v2_group_candidate_store 
****************************************
Reference          Library       Unit Area   Count    Total Area   Attributes
-----------------------------------------------------------------------------
ADDFX1             slow          69.854401       2    139.708801  r
ADDFX2             slow          69.854401       5    349.272003  r
AND2X1             slow          13.305600       7     93.139201  
AND2X2             slow          13.305600       9    119.750401  
AND3X1             slow          16.632000       3     49.896000  
AND3X4             slow          19.958401       1     19.958401  
AND4X2             slow          19.958401      17    339.292812  
AOI2BB1X1          slow          16.632000       1     16.632000  
AOI2BB2X1          slow          23.284800      22    512.265591  
AOI2BB2X2          slow          29.937599      61   1826.193550  
AOI2BB2X4          slow          49.896000      63   3143.447994  
AOI2BB2XL          slow          23.284800      11    256.132795  
AOI21X1            slow          13.305600      17    226.195203  
AOI21XL            slow          13.305600       1     13.305600  
AOI22X1            slow          16.632000      10    166.320000  
AOI22X2            slow          29.937599      24    718.502380  
AOI22X4            slow          46.569599      10    465.695992  
AOI22XL            slow          16.632000      30    498.959999  
AOI31X1            slow          16.632000      56    931.391998  
AOI221X1           slow          23.284800       1     23.284800  
AOI222X1           slow          26.611200       6    159.667202  
AOI222X4           slow          39.916801       1     39.916801  
AOI222XL           slow          26.611200       6    159.667202  
BUFX3              slow          13.305600       5     66.528001  
BUFX8              slow          29.937599       5    149.687996  
BUFX12             slow          33.264000       1     33.264000  
BUFX16             slow          43.243198       2     86.486397  
BUFX20             slow          53.222401       4    212.889603  
CLKINVX3           slow           9.979200       2     19.958401  
CLKINVX4           slow          13.305600       2     26.611200  
CLKINVX8           slow          19.958401      11    219.542408  
CLKINVX20          slow          96.465599       2    192.931198  
CLKINVXL           slow           9.979200       2     19.958401  
DFFHQXL            slow          53.222401       3    159.667202  n
DFFXL              slow          56.548801      57   3223.281681  n
INVX1              slow           6.652800     113    751.766409  
INVX2              slow           9.979200       2     19.958401  
INVX3              slow          13.305600       2     26.611200  
INVX4              slow          13.305600       6     79.833601  
INVX8              slow          19.958401      64   1277.337646  
INVX12             slow          43.243198       2     86.486397  
INVX20             slow          63.201599       1     63.201599  
INVXL              slow           6.652800      11     73.180801  
MXI2X4             slow          46.569599       1     46.569599  
NAND2X1            slow           9.979200       9     89.812803  
NAND2X2            slow          16.632000       1     16.632000  
NAND3BX4           slow          36.590401       3    109.771202  
NAND3X1            slow          13.305600      24    319.334404  
NAND3X2            slow          23.284800      41    954.676783  
NAND3X4            slow          33.264000      16    532.223999  
NAND3XL            slow          13.305600       1     13.305600  
NAND4BX4           slow          59.875198       1     59.875198  
NAND4X1            slow          16.632000       5     83.160000  
NOR2X1             slow           9.979200       6     59.875202  
NOR2XL             slow           9.979200       2     19.958401  
NOR3X1             slow          13.305600       6     79.833601  
NOR3XL             slow          13.305600       4     53.222401  
OAI2BB1X1          slow          16.632000       3     49.896000  
OAI2BB1XL          slow          16.632000       2     33.264000  
OAI2BB2X2          slow          33.264000       1     33.264000  
OAI21XL            slow          13.305600       3     39.916800  
OAI22X1            slow          19.958401       2     39.916801  
OAI22X4            slow          46.569599       1     46.569599  
OAI221X2           slow          43.243198       1     43.243198  
OAI222X1           slow          29.937599       1     29.937599  
OR2X2              slow          13.305600      70    931.392012  
OR2X4              slow          19.958401       2     39.916801  
OR4X1              slow          19.958401       3     59.875202  
XOR2X1             slow          26.611200      15    399.168005  
XOR2XL             slow          26.611200       5    133.056002  
XOR3X2             slow          59.875198       5    299.375992  
-----------------------------------------------------------------------------
Total 71 references                                 21674.822474

****************************************
Design: dss_v2_group_slot_decode 
****************************************
Reference          Library       Unit Area   Count    Total Area   Attributes
-----------------------------------------------------------------------------
AND2X4             slow          16.632000       2     33.264000  
CLKINVXL           slow           9.979200       1      9.979200  
DLY1X1             slow          19.958401       1     19.958401  
INVX1              slow           6.652800       1      6.652800  
INVX4              slow          13.305600       1     13.305600  
INVXL              slow           6.652800       1      6.652800  
OAI2BB1X1          slow          16.632000       1     16.632000  
OR2XL              slow          13.305600       1     13.305600  
-----------------------------------------------------------------------------
Total 8 references                                    119.750401

****************************************
Design: recam_dss_l1x4_r_static_selector 
****************************************
Reference          Library       Unit Area   Count    Total Area   Attributes
-----------------------------------------------------------------------------
AND2X1             slow          13.305600       2     26.611200  
AND2X2             slow          13.305600       3     39.916800  
AND2X4             slow          16.632000       6     99.792000  
AND3X1             slow          16.632000       1     16.632000  
AND3X4             slow          19.958401      10    199.584007  
AND4X1             slow          19.958401       1     19.958401  
AND4X4             slow          36.590401       1     36.590401  
AOI22X1            slow          16.632000       4     66.528000  
AOI22X2            slow          29.937599       4    119.750397  
AOI22XL            slow          16.632000       7    116.424000  
BUFX8              slow          29.937599       1     29.937599  
CLKINVX4           slow          13.305600       3     39.916800  
INVX1              slow           6.652800       6     39.916800  
INVX2              slow           9.979200       3     29.937601  
INVX8              slow          19.958401       1     19.958401  
INVX16             slow          56.548801       1     56.548801  
INVXL              slow           6.652800       1      6.652800  
NAND2X1            slow           9.979200       1      9.979200  
NAND2X4            slow          23.284800       8    186.278397  
NAND3BX4           slow          36.590401       1     36.590401  
NAND3BXL           slow          16.632000       1     16.632000  
NAND3X1            slow          13.305600       1     13.305600  
NAND3X2            slow          23.284800       9    209.563196  
NAND3X4            slow          33.264000       3     99.792000  
NAND3XL            slow          13.305600       1     13.305600  
NAND4BXL           slow          19.958401       1     19.958401  
NAND4X1            slow          16.632000       1     16.632000  
NAND4X2            slow          29.937599       5    149.687996  
NAND4X4            slow          56.548801       1     56.548801  
NOR2BX2            slow          19.958401       2     39.916801  
NOR2BX4            slow          26.611200       4    106.444801  
NOR2X1             slow           9.979200       1      9.979200  
NOR2X2             slow          16.632000       1     16.632000  
NOR3XL             slow          13.305600       1     13.305600  
NOR4BX2            slow          33.264000       1     33.264000  
OAI2BB1X1          slow          16.632000       4     66.528000  
OAI2BB1X2          slow          23.284800       3     69.854399  
OAI2BB1X4          slow          33.264000       1     33.264000  
OAI2BB2X1          slow          23.284800       1     23.284800  
OAI21X2            slow          26.611200       2     53.222401  
OAI211X4           slow          29.937599       1     29.937599  
-----------------------------------------------------------------------------
Total 41 references                                  2288.563202

****************************************
Design: recam_shared_config_analyzer_ROW_ADDR_W9_PHYS_COL_ADDR_W13_WORD_COL_ADDR_W5_HYBRID_LINE_ADDR_W13_HYBRID_ENTRIES7 
****************************************
Reference          Library       Unit Area   Count    Total Area   Attributes
-----------------------------------------------------------------------------
AND2X1             slow          13.305600      11    146.361602  
AND2X2             slow          13.305600      25    332.640004  
AND2X4             slow          16.632000      64   1064.447998  
AND2XL             slow          13.305600       4     53.222401  
AND3X1             slow          16.632000       9    149.688000  
AND3X2             slow          16.632000      14    232.848000  
AND3X4             slow          19.958401     113   2255.299282  
AND4X1             slow          19.958401       5     99.792004  
AND4X2             slow          19.958401      19    379.209614  
AND4X4             slow          36.590401      97   3549.268867  
AOI2BB1X1          slow          16.632000       5     83.160000  
AOI2BB1X2          slow          23.284800       5    116.423998  
AOI2BB1X4          slow          36.590401       7    256.132805  
AOI2BB2X1          slow          23.284800       8    186.278397  
AOI2BB2X2          slow          29.937599      12    359.251190  
AOI2BB2X4          slow          49.896000       9    449.063999  
AOI2BB2XL          slow          23.284800      12    279.417595  
AOI21X2            slow          23.284800       4     93.139198  
AOI21X4            slow          33.264000       3     99.792000  
AOI22X1            slow          16.632000       9    149.688000  
AOI22X4            slow          46.569599       1     46.569599  
AOI31X1            slow          16.632000       1     16.632000  
AOI31X2            slow          29.937599      17    508.939186  
AOI31X4            slow          29.937599       4    119.750397  
AOI31XL            slow          16.632000       3     49.896000  
AOI32X2            slow          36.590401       4    146.361603  
AOI32X4            slow          33.264000       5    166.320000  
AOI33X1            slow          26.611200       2     53.222401  
AOI33X2            slow          43.243198       2     86.486397  
AOI33X4            slow          36.590401       2     73.180801  
AOI211X1           slow          16.632000       3     49.896000  
AOI211X2           slow          29.937599      14    419.126389  
AOI211X4           slow          33.264000       2     66.528000  
AOI221X1           slow          23.284800       1     23.284800  
AOI221X2           slow          39.916801      17    678.585625  
AOI221X4           slow          36.590401       5    182.952003  
AOI221XL           slow          23.284800       1     23.284800  
AOI222X1           slow          26.611200      18    479.001606  
AOI222X2           slow          46.569599      11    512.265591  
AOI222X4           slow          39.916801       1     39.916801  
BUFX1              slow          13.305600      17    226.195203  
BUFX2              slow          13.305600       6     79.833601  
BUFX3              slow          13.305600      44    585.446407  
BUFX4              slow          16.632000      21    349.271999  
BUFX8              slow          29.937599      53   1586.692757  
BUFX12             slow          33.264000      24    798.335999  
BUFX16             slow          43.243198      13    562.161579  
BUFX20             slow          53.222401      54   2874.009636  
CLKBUFX1           slow          13.305600       3     39.916800  
CLKBUFX2           slow          13.305600       9    119.750401  
CLKBUFX3           slow          13.305600       1     13.305600  
CLKBUFX4           slow          16.632000       2     33.264000  
CLKBUFX8           slow          23.284800      13    302.702394  
CLKBUFXL           slow          13.305600       5     66.528001  
CLKINVX1           slow           9.979200      10     99.792004  
CLKINVX2           slow           9.979200      26    259.459209  
CLKINVX3           slow           9.979200     243   2424.945688  
CLKINVX4           slow          13.305600      71    944.697612  
CLKINVX8           slow          19.958401     130   2594.592094  
CLKINVX20          slow          96.465599      31   2990.433571  
CLKINVXL           slow           9.979200      61    608.731222  
DLY1X1             slow          19.958401      88   1756.339264  
INVX1              slow           6.652800     342   2275.257628  
INVX2              slow           9.979200     100    997.920036  
INVX3              slow          13.305600      35    465.696006  
INVX4              slow          13.305600     178   2368.396830  
INVX8              slow          19.958401     210   4191.264153  
INVX12             slow          43.243198      19    821.620770  
INVX16             slow          56.548801       8    452.390411  
INVX20             slow          63.201599       6    379.209595  
INVXL              slow           6.652800     113    751.766409  
MX2X1              slow          26.611200      21    558.835207  
MX2X2              slow          29.937599      32    958.003174  
MX2X4              slow          33.264000     165   5488.559990  
MX2XL              slow          26.611200       1     26.611200  
MXI2X1             slow          23.284800      30    698.543987  
MXI2X2             slow          26.611200     106   2820.787235  
MXI2X4             slow          46.569599     165   7683.983860  
MXI2XL             slow          23.284800      24    558.835190  
NAND2BX2           slow          19.958401       9    179.625607  
NAND2BX4           slow          26.611200      54   1437.004818  
NAND2BXL           slow          13.305600       2     26.611200  
NAND2X1            slow           9.979200      21    209.563208  
NAND2X2            slow          16.632000      43    715.175999  
NAND2X4            slow          23.284800     126   2933.884747  
NAND2XL            slow           9.979200      18    179.625607  
NAND3BX2           slow          26.611200       4    106.444801  
NAND3BX4           slow          36.590401      20    731.808014  
NAND3BXL           slow          16.632000       1     16.632000  
NAND3X1            slow          13.305600      92   1224.115215  
NAND3X2            slow          23.284800      41    954.676783  
NAND3X4            slow          33.264000      67   2228.687996  
NAND3XL            slow          13.305600      46    612.057608  
NAND4BBX1          slow          26.611200       1     26.611200  
NAND4BBX2          slow          36.590401       1     36.590401  
NAND4BBX4          slow          63.201599       4    252.806396  
NAND4BX1           slow          23.284800       2     46.569599  
NAND4BX2           slow          33.264000       4    133.056000  
NAND4BX4           slow          59.875198      14    838.252777  
NAND4X1            slow          16.632000      58    964.655998  
NAND4X2            slow          29.937599      26    778.377579  
NAND4X4            slow          56.548801      88   4976.294525  
NAND4XL            slow          16.632000      13    216.216000  
NOR2BX1            slow          13.305600       1     13.305600  
NOR2BX2            slow          19.958401       2     39.916801  
NOR2BX4            slow          26.611200       8    212.889603  
NOR2BXL            slow          13.305600       1     13.305600  
NOR2X1             slow           9.979200      12    119.750404  
NOR2X2             slow          16.632000      24    399.167999  
NOR2X4             slow          23.284800      93   2165.486361  
NOR2XL             slow           9.979200      16    159.667206  
NOR3BX2            slow          26.611200       1     26.611200  
NOR3BX4            slow          36.590401       4    146.361603  
NOR3X2             slow          23.284800       2     46.569599  
NOR3X4             slow          33.264000       6    199.584000  
NOR3XL             slow          13.305600       1     13.305600  
NOR4BX2            slow          33.264000       1     33.264000  
NOR4X2             slow          29.937599       1     29.937599  
NOR4X4             slow          56.548801       9    508.939213  
OAI2BB1X1          slow          16.632000      13    216.216000  
OAI2BB1X2          slow          23.284800      40    931.391983  
OAI2BB1X4          slow          33.264000      51   1696.463997  
OAI2BB1XL          slow          16.632000       9    149.688000  
OAI2BB2X2          slow          33.264000       2     66.528000  
OAI2BB2X4          slow          49.896000       4    199.584000  
OAI21X1            slow          16.632000       2     33.264000  
OAI21X2            slow          26.611200       3     79.833601  
OAI21X4            slow          36.590401       6    219.542404  
OAI22X1            slow          19.958401      11    219.542408  
OAI22X2            slow          29.937599       8    239.500793  
OAI22X4            slow          46.569599      13    605.404789  
OAI22XL            slow          19.958401      24    479.001617  
OAI31X2            slow          29.937599       5    149.687996  
OAI31X4            slow          29.937599       1     29.937599  
OAI32X1            slow          23.284800       1     23.284800  
OAI32X2            slow          36.590401       4    146.361603  
OAI32X4            slow          33.264000       2     66.528000  
OAI33X2            slow          43.243198       2     86.486397  
OAI33X4            slow          36.590401       5    182.952003  
OAI211X1           slow          19.958401       2     39.916801  
OAI211X2           slow          33.264000      26    864.863998  
OAI211X4           slow          29.937599      14    419.126389  
OAI221X2           slow          43.243198       2     86.486397  
OAI221X4           slow          36.590401       1     36.590401  
OAI221XL           slow          23.284800       1     23.284800  
OAI222X1           slow          29.937599       2     59.875198  
OAI222X2           slow          49.896000       2     99.792000  
OAI222X4           slow          39.916801       2     79.833603  
OR2X1              slow          13.305600      15    199.584002  
OR2X2              slow          13.305600     215   2860.704036  
OR2X4              slow          19.958401     190   3792.096138  
OR2XL              slow          13.305600      38    505.612806  
OR3X2              slow          19.958401       2     39.916801  
OR3X4              slow          29.937599       4    119.750397  
OR3XL              slow          16.632000       1     16.632000  
OR4X1              slow          19.958401       3     59.875202  
OR4X2              slow          19.958401      21    419.126415  
OR4X4              slow          36.590401      16    585.446411  
XNOR2X1            slow          26.611200      11    292.723204  
XNOR2X2            slow          36.590401      21    768.398415  
XNOR2X4            slow          56.548801      60   3392.928085  
XNOR2XL            slow          26.611200       1     26.611200  
XOR2X1             slow          26.611200     215   5721.408072  
XOR2X2             slow          33.264000     296   9846.143982  
XOR2X4             slow          56.548801     260  14702.688370  
XOR2XL             slow          26.611200      96   2554.675232  
-----------------------------------------------------------------------------
Total 166 references                                142280.108482
1
