 
****************************************
Report : area
Design : recam_dss_g2x2_r_static_early_top
Version: W-2024.09-SP2
Date   : Thu Sep 24 06:47:10 2026
****************************************

Library(s) Used:

    slow (File: /cad/std_libraries/CBDK_TSMC018_Arm_f1.0/CIC/SynopsysDC/db/slow.db)

Number of ports:                         1379
Number of nets:                          7087
Number of cells:                         6047
Number of combinational cells:           5693
Number of sequential cells:               341
Number of macros/black boxes:               0
Number of buf/inv:                       1911
Number of references:                       8

Combinational area:             112774.939933
Buf/Inv area:                    21761.309117
Noncombinational area:           18281.894646
Macro/Black Box area:                0.000000
Net Interconnect area:          629116.513794

Total cell area:                131056.834579
Total area:                     760173.348373

Hierarchical area distribution
------------------------------

                                  Global cell area              Local cell area
                                  --------------------  ------------------------------- 
Hierarchical cell                 Absolute     Percent  Combi-       Noncombi-   Black-
                                  Total        Total    national     national    boxes   Design
--------------------------------  -----------  -------  -----------  ----------  ------  ----------------------------------------------------------------------------------------------------------------
recam_dss_g2x2_r_static_early_top 131056.8346    100.0      69.8544      0.0000  0.0000  recam_dss_g2x2_r_static_early_top
analyzer                           93611.5495     71.4   93611.5495      0.0000  0.0000  recam_shared_config_analyzer_ROW_ADDR_W9_PHYS_COL_ADDR_W13_WORD_COL_ADDR_W5_HYBRID_LINE_ADDR_W13_HYBRID_ENTRIES7
core                                4184.6113      3.2    1945.9440   2238.6672  0.0000  recam_dss_g2x2_r_static_early_core
selected_address_regs              33190.8194     25.3   17147.5920  16043.2274  0.0000  dss_early_selected_address_regs_ROW_ADDR_W9_PHYS_COL_ADDR_W13
--------------------------------  -----------  -------  -----------  ----------  ------  ----------------------------------------------------------------------------------------------------------------
Total                                                   112774.9399  18281.8946  0.0000

1
