 
****************************************
check_design summary:
Version:     W-2024.09-SP2
Date:        Thu Sep 24 06:47:10 2026
****************************************

                   Name                                            Total
--------------------------------------------------------------------------------
Inputs/Outputs                                                     12
    Unconnected ports (LINT-28)                                     2
    Shorted outputs (LINT-31)                                       1
    Constant outputs (LINT-52)                                      9

Cells                                                               2
    Connected to power or ground (LINT-32)                          2
--------------------------------------------------------------------------------

Warning: In design 'recam_shared_config_analyzer_ROW_ADDR_W9_PHYS_COL_ADDR_W13_WORD_COL_ADDR_W5_HYBRID_LINE_ADDR_W13_HYBRID_ENTRIES7', port 'row_gt1_i[4]' is not connected to any nets. (LINT-28)
Warning: In design 'recam_shared_config_analyzer_ROW_ADDR_W9_PHYS_COL_ADDR_W13_WORD_COL_ADDR_W5_HYBRID_LINE_ADDR_W13_HYBRID_ENTRIES7', port 'col_gt1_i[4]' is not connected to any nets. (LINT-28)
Warning: In design 'recam_shared_config_analyzer_ROW_ADDR_W9_PHYS_COL_ADDR_W13_WORD_COL_ADDR_W5_HYBRID_LINE_ADDR_W13_HYBRID_ENTRIES7', output port 'solution_valid_o' is connected directly to output port 'repairable_o'. (LINT-31)
Warning: In design 'recam_dss_g2x2_r_static_early_top', a pin on submodule 'analyzer' is connected to logic 1 or logic 0. (LINT-32)
   Pin 'config_id_i[0]' is connected to logic 0. 
Warning: In design 'recam_dss_g2x2_r_static_early_top', a pin on submodule 'selected_address_regs' is connected to logic 1 or logic 0. (LINT-32)
   Pin 'selected_config_i[0]' is connected to logic 0. 
Warning: In design 'recam_dss_g2x2_r_static_early_top', output port 'selected_config_flat_o[9]' is connected directly to 'logic 0'. (LINT-52)
Warning: In design 'recam_dss_g2x2_r_static_early_top', output port 'selected_config_flat_o[6]' is connected directly to 'logic 0'. (LINT-52)
Warning: In design 'recam_dss_g2x2_r_static_early_top', output port 'selected_config_flat_o[3]' is connected directly to 'logic 0'. (LINT-52)
Warning: In design 'recam_dss_g2x2_r_static_early_top', output port 'selected_config_flat_o[0]' is connected directly to 'logic 0'. (LINT-52)
Warning: In design 'recam_dss_g2x2_r_static_early_core', output port 'current_config_id_o[0]' is connected directly to 'logic 0'. (LINT-52)
Warning: In design 'recam_dss_g2x2_r_static_early_core', output port 'selected_config_flat_o[9]' is connected directly to 'logic 0'. (LINT-52)
Warning: In design 'recam_dss_g2x2_r_static_early_core', output port 'selected_config_flat_o[6]' is connected directly to 'logic 0'. (LINT-52)
Warning: In design 'recam_dss_g2x2_r_static_early_core', output port 'selected_config_flat_o[3]' is connected directly to 'logic 0'. (LINT-52)
Warning: In design 'recam_dss_g2x2_r_static_early_core', output port 'selected_config_flat_o[0]' is connected directly to 'logic 0'. (LINT-52)
1
