 
****************************************
Report : reference
Design : recam_dss_g2x2_r_static_early_top
Version: W-2024.09-SP2
Date   : Thu Sep 24 06:47:10 2026
****************************************

Attributes:
    b - black box (unknown)
   bo - allows boundary optimization
    d - dont_touch
   mo - map_only
    h - hierarchical
    n - noncombinational
    r - removable
    s - synthetic operator
    u - contains unmapped logic

Reference          Library       Unit Area   Count    Total Area   Attributes
-----------------------------------------------------------------------------
AND2X2             slow          13.305600       1     13.305600  
BUFX3              slow          13.305600       1     13.305600  
BUFX8              slow          29.937599       1     29.937599  
INVX1              slow           6.652800       1      6.652800  
INVXL              slow           6.652800       1      6.652800  
dss_early_selected_address_regs_ROW_ADDR_W9_PHYS_COL_ADDR_W13
                              33190.819395       1  33190.819395  h, n
recam_dss_g2x2_r_static_early_core
                               4184.611263       1   4184.611263  h, n
recam_shared_config_analyzer_ROW_ADDR_W9_PHYS_COL_ADDR_W13_WORD_COL_ADDR_W5_HYBRID_LINE_ADDR_W13_HYBRID_ENTRIES7
                              93611.549521       1  93611.549521  h
-----------------------------------------------------------------------------
Total 8 references                                  131056.834579

****************************************
Design: dss_early_selected_address_regs_ROW_ADDR_W9_PHYS_COL_ADDR_W13 
****************************************
Reference          Library       Unit Area   Count    Total Area   Attributes
-----------------------------------------------------------------------------
AND2X1             slow          13.305600       2     26.611200  
AND2X2             slow          13.305600       3     39.916800  
AND2X4             slow          16.632000       1     16.632000  
AND3X4             slow          19.958401       3     59.875202  
AND4X2             slow          19.958401       1     19.958401  
AOI2BB1XL          slow          16.632000       1     16.632000  
AOI2BB2X1          slow          23.284800       2     46.569599  
AOI2BB2X4          slow          49.896000       5    249.480000  
AOI22X1            slow          16.632000       2     33.264000  
AOI22X2            slow          29.937599       2     59.875198  
AOI22X4            slow          46.569599      20    931.391983  
AOI22XL            slow          16.632000       2     33.264000  
AOI31X2            slow          29.937599       1     29.937599  
AOI211X1           slow          16.632000       2     33.264000  
AOI211X4           slow          33.264000       1     33.264000  
AOI222X2           slow          46.569599       2     93.139198  
BUFX3              slow          13.305600       1     13.305600  
BUFX4              slow          16.632000       2     33.264000  
BUFX8              slow          29.937599       7    209.563194  
BUFX12             slow          33.264000       3     99.792000  
BUFX16             slow          43.243198       2     86.486397  
BUFX20             slow          53.222401       8    425.779205  
CLKBUFX2           slow          13.305600       1     13.305600  
CLKINVX1           slow           9.979200       1      9.979200  
CLKINVX2           slow           9.979200       1      9.979200  
CLKINVX3           slow           9.979200      33    329.313612  
CLKINVX4           slow          13.305600      19    252.806403  
CLKINVX8           slow          19.958401      30    598.752022  
CLKINVX20          slow          96.465599       1     96.465599  
CLKINVXL           slow           9.979200       2     19.958401  
DFFHQX1            slow          53.222401       4    212.889603  n
DFFHQXL            slow          53.222401     279  14849.049786  n
DFFXL              slow          56.548801      16    904.780823  n
EDFFXL             slow          76.507202       1     76.507202  n
INVX1              slow           6.652800     314   2088.979226  
INVX2              slow           9.979200      24    239.500809  
INVX4              slow          13.305600      58    771.724810  
INVX8              slow          19.958401      31    618.710423  
INVX12             slow          43.243198       2     86.486397  
INVX16             slow          56.548801       1     56.548801  
INVXL              slow           6.652800       1      6.652800  
MX2X1              slow          26.611200       1     26.611200  
MXI2X1             slow          23.284800     189   4400.827120  
MXI2X2             slow          26.611200      22    585.446407  
MXI2XL             slow          23.284800      76   1769.644768  
NAND2X1            slow           9.979200       8     79.833603  
NAND2X2            slow          16.632000      17    282.743999  
NAND2X4            slow          23.284800       2     46.569599  
NAND2XL            slow           9.979200       1      9.979200  
NAND3X1            slow          13.305600       2     26.611200  
NAND3X4            slow          33.264000       2     66.528000  
NAND3XL            slow          13.305600       1     13.305600  
NAND4X1            slow          16.632000       2     33.264000  
NAND4X2            slow          29.937599       1     29.937599  
NAND4XL            slow          16.632000       2     33.264000  
NOR2BX2            slow          19.958401       1     19.958401  
NOR2X1             slow           9.979200       5     49.896002  
NOR2X2             slow          16.632000       1     16.632000  
NOR2X4             slow          23.284800       8    186.278397  
OAI2BB1X1          slow          16.632000      16    266.112000  
OAI2BB1X2          slow          23.284800       8    186.278397  
OAI2BB1X4          slow          33.264000       2     66.528000  
OAI2BB2X1          slow          23.284800       5    116.423998  
OAI2BB2X4          slow          49.896000       3    149.688000  
OAI2BB2XL          slow          23.284800       4     93.139198  
OAI21XL            slow          13.305600       1     13.305600  
OAI22XL            slow          19.958401       1     19.958401  
OAI31X4            slow          29.937599       1     29.937599  
OAI211X2           slow          33.264000       2     66.528000  
OAI222X4           slow          39.916801       1     39.916801  
OR2X1              slow          13.305600       1     13.305600  
OR2X2              slow          13.305600      11    146.361602  
OR2X4              slow          19.958401       9    179.625607  
OR2XL              slow          13.305600       4     53.222401  
XNOR2X4            slow          56.548801       1     56.548801  
XOR2X2             slow          33.264000       3     99.792000  
XOR2X4             slow          56.548801       1     56.548801  
XOR2XL             slow          26.611200       1     26.611200  
-----------------------------------------------------------------------------
Total 78 references                                 33190.819395

****************************************
Design: recam_dss_g2x2_r_static_early_core 
****************************************
Reference          Library       Unit Area   Count    Total Area   Attributes
-----------------------------------------------------------------------------
AND2X4             slow          16.632000       1     16.632000  
AND3X1             slow          16.632000       1     16.632000  
AND3X2             slow          16.632000       1     16.632000  
AOI2BB1X1          slow          16.632000       1     16.632000  
AOI2BB2X1          slow          23.284800       1     23.284800  
BUFX8              slow          29.937599       1     29.937599  
BUFX20             slow          53.222401       1     53.222401  
CLKINVX3           slow           9.979200       5     49.896002  
CLKINVX4           slow          13.305600       2     26.611200  
CLKINVX8           slow          19.958401       1     19.958401  
CLKINVXL           slow           9.979200       3     29.937601  
DFFHQX1            slow          53.222401       2    106.444801  n
DFFHQX4            slow          73.180801       2    146.361603  n
DFFHQXL            slow          53.222401      32   1703.116821  n
DFFXL              slow          56.548801       5    282.744007  n
INVX1              slow           6.652800      35    232.848003  
INVX4              slow          13.305600       3     39.916800  
INVX8              slow          19.958401       1     19.958401  
INVXL              slow           6.652800       1      6.652800  
MXI2X1             slow          23.284800       8    186.278397  
NAND2X1            slow           9.979200       2     19.958401  
NAND3X4            slow          33.264000       1     33.264000  
NAND3XL            slow          13.305600       1     13.305600  
NOR2X1             slow           9.979200       1      9.979200  
OAI2BB1X1          slow          16.632000       5     83.160000  
OAI2BB1X2          slow          23.284800       2     46.569599  
OAI2BB1X4          slow          33.264000       1     33.264000  
OAI22X1            slow          19.958401      21    419.126415  
OAI22X2            slow          29.937599       1     29.937599  
OAI22XL            slow          19.958401       9    179.625607  
OR2X1              slow          13.305600       1     13.305600  
OR2X2              slow          13.305600      13    172.972802  
OR2X4              slow          19.958401       4     79.833603  
OR2XL              slow          13.305600       2     26.611200  
-----------------------------------------------------------------------------
Total 34 references                                  4184.611263

****************************************
Design: recam_shared_config_analyzer_ROW_ADDR_W9_PHYS_COL_ADDR_W13_WORD_COL_ADDR_W5_HYBRID_LINE_ADDR_W13_HYBRID_ENTRIES7 
****************************************
Reference          Library       Unit Area   Count    Total Area   Attributes
-----------------------------------------------------------------------------
AND2X1             slow          13.305600      12    159.667202  
AND2X2             slow          13.305600      21    279.417603  
AND2X4             slow          16.632000       8    133.056000  
AND3X1             slow          16.632000       3     49.896000  
AND3X2             slow          16.632000      26    432.431999  
AND3X4             slow          19.958401      26    518.918419  
AND4X1             slow          19.958401       5     99.792004  
AND4X2             slow          19.958401      54   1077.753639  
AND4X4             slow          36.590401      21    768.398415  
AOI2BB1X1          slow          16.632000       2     33.264000  
AOI2BB1X2          slow          23.284800       2     46.569599  
AOI2BB1X4          slow          36.590401       2     73.180801  
AOI2BB1XL          slow          16.632000       2     33.264000  
AOI2BB2X1          slow          23.284800      16    372.556793  
AOI2BB2X2          slow          29.937599       1     29.937599  
AOI2BB2X4          slow          49.896000       5    249.480000  
AOI2BB2XL          slow          23.284800       5    116.423998  
AOI22X1            slow          16.632000      10    166.320000  
AOI31X1            slow          16.632000       5     83.160000  
AOI31X2            slow          29.937599       2     59.875198  
AOI31X4            slow          29.937599       3     89.812798  
AOI32X1            slow          23.284800       2     46.569599  
AOI32X2            slow          36.590401       3    109.771202  
AOI32X4            slow          33.264000       1     33.264000  
AOI33X1            slow          26.611200       2     53.222401  
AOI33X2            slow          43.243198       1     43.243198  
AOI211X1           slow          16.632000       6     99.792000  
AOI211X2           slow          29.937599       2     59.875198  
AOI221X1           slow          23.284800      16    372.556793  
AOI221X2           slow          39.916801       3    119.750404  
AOI221X4           slow          36.590401       1     36.590401  
AOI221XL           slow          23.284800       4     93.139198  
AOI222X1           slow          26.611200      35    931.392012  
AOI222X2           slow          46.569599       5    232.847996  
AOI222X4           slow          39.916801       1     39.916801  
AOI222XL           slow          26.611200       1     26.611200  
BUFX1              slow          13.305600      29    385.862405  
BUFX2              slow          13.305600       1     13.305600  
BUFX3              slow          13.305600      51    678.585608  
BUFX4              slow          16.632000      10    166.320000  
BUFX8              slow          29.937599      28    838.252777  
BUFX12             slow          33.264000      19    632.015999  
BUFX16             slow          43.243198       5    216.215992  
BUFX20             slow          53.222401      14    745.113609  
CLKBUFX3           slow          13.305600       1     13.305600  
CLKBUFX4           slow          16.632000       2     33.264000  
CLKBUFX8           slow          23.284800       8    186.278397  
CLKBUFXL           slow          13.305600       1     13.305600  
CLKINVX1           slow           9.979200       1      9.979200  
CLKINVX2           slow           9.979200       3     29.937601  
CLKINVX3           slow           9.979200     181   1806.235266  
CLKINVX4           slow          13.305600      39    518.918406  
CLKINVX8           slow          19.958401      36    718.502426  
CLKINVXL           slow           9.979200      20    199.584007  
DLY1X1             slow          19.958401       6    119.750404  
INVX1              slow           6.652800     586   3898.540849  
INVX2              slow           9.979200      40    399.168015  
INVX3              slow          13.305600      10    133.056002  
INVX4              slow          13.305600      72    958.003212  
INVX8              slow          19.958401      53   1057.795238  
INVX12             slow          43.243198       8    345.945587  
INVX16             slow          56.548801       4    226.195206  
INVX20             slow          63.201599       4    252.806396  
INVXL              slow           6.652800      80    532.224007  
MX2X1              slow          26.611200     113   3007.065638  
MX2X2              slow          29.937599      66   1975.881546  
MX2X4              slow          33.264000      37   1230.767998  
MXI2X1             slow          23.284800     114   2654.467152  
MXI2X2             slow          26.611200     132   3512.678444  
MXI2X4             slow          46.569599      38   1769.644768  
MXI2XL             slow          23.284800      15    349.271994  
NAND2BX1           slow          13.305600       1     13.305600  
NAND2BX4           slow          26.611200       1     26.611200  
NAND2X1            slow           9.979200      35    349.272013  
NAND2X2            slow          16.632000      21    349.271999  
NAND2X4            slow          23.284800      41    954.676783  
NAND2XL            slow           9.979200      11    109.771204  
NAND3BX2           slow          26.611200       1     26.611200  
NAND3BX4           slow          36.590401       5    182.952003  
NAND3X1            slow          13.305600     180   2395.008030  
NAND3X2            slow          23.284800      30    698.543987  
NAND3X4            slow          33.264000      32   1064.447998  
NAND3XL            slow          13.305600      39    518.918406  
NAND4BBX2          slow          36.590401       2     73.180801  
NAND4BBX4          slow          63.201599       6    379.209595  
NAND4BX2           slow          33.264000       2     66.528000  
NAND4BX4           slow          59.875198       2    119.750397  
NAND4BXL           slow          19.958401       1     19.958401  
NAND4X1            slow          16.632000     105   1746.359997  
NAND4X2            slow          29.937599      52   1556.755157  
NAND4X4            slow          56.548801      21   1187.524830  
NAND4XL            slow          16.632000      19    316.007999  
NOR2BX1            slow          13.305600       1     13.305600  
NOR2BX4            slow          26.611200       2     53.222401  
NOR2X1             slow           9.979200      37    369.230413  
NOR2X2             slow          16.632000      18    299.375999  
NOR2X4             slow          23.284800      15    349.271994  
NOR2XL             slow           9.979200       3     29.937601  
NOR3BX4            slow          36.590401       1     36.590401  
NOR3BXL            slow          19.958401       1     19.958401  
NOR3X1             slow          13.305600       1     13.305600  
NOR3X4             slow          33.264000       4    133.056000  
NOR3XL             slow          13.305600       1     13.305600  
NOR4X2             slow          29.937599       1     29.937599  
NOR4X4             slow          56.548801       1     56.548801  
OAI2BB1X1          slow          16.632000      37    615.383999  
OAI2BB1X2          slow          23.284800      26    605.404789  
OAI2BB1X4          slow          33.264000      14    465.695999  
OAI2BB1XL          slow          16.632000       8    133.056000  
OAI2BB2X2          slow          33.264000       1     33.264000  
OAI2BB2X4          slow          49.896000       1     49.896000  
OAI21X1            slow          16.632000       1     16.632000  
OAI21X4            slow          36.590401       3    109.771202  
OAI22X1            slow          19.958401      43    858.211231  
OAI22X2            slow          29.937599      22    658.627182  
OAI22X4            slow          46.569599      10    465.695992  
OAI22XL            slow          19.958401      22    439.084816  
OAI31X2            slow          29.937599       5    149.687996  
OAI31X4            slow          29.937599       1     29.937599  
OAI32X1            slow          23.284800       3     69.854399  
OAI32X2            slow          36.590401       4    146.361603  
OAI32X4            slow          33.264000       8    266.112000  
OAI32XL            slow          23.284800       1     23.284800  
OAI211X1           slow          19.958401      10    199.584007  
OAI211X2           slow          33.264000       9    299.375999  
OAI211X4           slow          29.937599      13    389.188789  
OAI211XL           slow          19.958401       2     39.916801  
OAI221X1           slow          26.611200       1     26.611200  
OAI221X2           slow          43.243198       2     86.486397  
OAI221X4           slow          36.590401       4    146.361603  
OAI221XL           slow          23.284800       2     46.569599  
OAI222X2           slow          49.896000       1     49.896000  
OAI222X4           slow          39.916801       1     39.916801  
OAI222XL           slow          26.611200       1     26.611200  
OR2X1              slow          13.305600      16    212.889603  
OR2X2              slow          13.305600     277   3685.651246  
OR2X4              slow          19.958401     101   2015.798473  
OR2XL              slow          13.305600      33    439.084805  
OR3X2              slow          19.958401       2     39.916801  
OR3X4              slow          29.937599       5    149.687996  
OR3XL              slow          16.632000       6     99.792000  
OR4X1              slow          19.958401       2     39.916801  
OR4X2              slow          19.958401      38    758.419228  
OR4X4              slow          36.590401      34   1244.073624  
XNOR2X1            slow          26.611200      36    958.003212  
XNOR2X2            slow          36.590401      12    439.084808  
XNOR2X4            slow          56.548801      13    735.134418  
XNOR2XL            slow          26.611200       3     79.833601  
XOR2X1             slow          26.611200     574  15274.828991  
XOR2X2             slow          33.264000     174   5787.935989  
XOR2X4             slow          56.548801      41   2318.500858  
XOR2XL             slow          26.611200      93   2474.841631  
-----------------------------------------------------------------------------
Total 152 references                                93611.549521
1
