 
****************************************
Report : cell
Design : recam_dss_g2x2_r_static_early_top
Version: W-2024.09-SP2
Date   : Thu Sep 24 06:47:10 2026
****************************************

Attributes:
    b - black box (unknown)
    h - hierarchical
    n - noncombinational
    p - parameterized
    r - removable
    u - contains unmapped logic

Cell                      Reference       Library             Area  Attributes
--------------------------------------------------------------------------------
U2                        BUFX3           slow            13.305600 
U3                        INVXL           slow            6.652800  
U4                        INVX1           slow            6.652800  
U5                        AND2X2          slow            13.305600 
U6                        BUFX8           slow            29.937599 
analyzer                  recam_shared_config_analyzer_ROW_ADDR_W9_PHYS_COL_ADDR_W13_WORD_COL_ADDR_W5_HYBRID_LINE_ADDR_W13_HYBRID_ENTRIES7
                                                          93611.549521
                                                                    h, p
core                      recam_dss_g2x2_r_static_early_core
                                                          4184.611263
                                                                    h, n
selected_address_regs     dss_early_selected_address_regs_ROW_ADDR_W9_PHYS_COL_ADDR_W13
                                                          33190.819395
                                                                    h, n, p
--------------------------------------------------------------------------------
Total 8 cells                                             131056.834579
1
