 
****************************************
Report : qor
Design : recam_dss_g2x2_r_static_early_top
Version: W-2024.09-SP2
Date   : Thu Sep 24 06:47:10 2026
****************************************


  Timing Path Group 'recam_clk'
  -----------------------------------
  Levels of Logic:              90.00
  Critical Path Length:         19.72
  Critical Path Slack:           0.00
  Critical Path Clk Period:     20.00
  Total Negative Slack:          0.00
  No. of Violating Paths:        0.00
  Worst Hold Violation:          0.00
  Total Hold Violation:          0.00
  No. of Hold Violations:        0.00
  -----------------------------------


  Cell Count
  -----------------------------------
  Hierarchical Cell Count:          3
  Hierarchical Port Count:        767
  Leaf Cell Count:               6034
  Buf/Inv Cell Count:            1911
  Buf Cell Count:                 203
  Inv Cell Count:                1708
  CT Buf/Inv Cell Count:            0
  Combinational Cell Count:      5693
  Sequential Cell Count:          341
  Macro Count:                      0
  -----------------------------------


  Area
  -----------------------------------
  Combinational Area:   112774.939933
  Noncombinational Area: 18281.894646
  Buf/Inv Area:          21761.309117
  Total Buffer Area:          5049.48
  Total Inverter Area:       16711.83
  Macro/Black Box Area:      0.000000
  Net Area:             629116.513794
  -----------------------------------
  Cell Area:            131056.834579
  Design Area:          760173.348373


  Design Rules
  -----------------------------------
  Total Number of Nets:          6340
  Nets With Violations:             0
  Max Trans Violations:             0
  Max Cap Violations:               0
  -----------------------------------


  Hostname: Kaohsiung

  Compile CPU Statistics
  -----------------------------------------
  Resource Sharing:                    2.41
  Logic Optimization:                 57.23
  Mapping Optimization:               15.24
  -----------------------------------------
  Overall Compile Time:               80.34
  Overall Compile Wall Clock Time:    80.67

  --------------------------------------------------------------------

  Design  WNS: 0.00  TNS: 0.00  Number of Violating Paths: 0


  Design (Hold)  WNS: 0.00  TNS: 0.00  Number of Violating Paths: 0

  --------------------------------------------------------------------


1
