 
****************************************
check_design summary:
Version:     W-2024.09-SP2
Date:        Wed Sep  9 14:12:46 2026
****************************************

                   Name                                            Total
--------------------------------------------------------------------------------
Cells                                                             337
    Cells do not drive (LINT-1)                                   332
    Connected to power or ground (LINT-32)                          3
    Nets connected to multiple pins on same cell (LINT-33)          2

Nets                                                               25
    Unloaded nets (LINT-2)                                         25
--------------------------------------------------------------------------------

Warning: In design 'multi_config_analyzer_area_engine_HYBRID_ENTRY_NUM14', cell 'C2013' does not drive any nets. (LINT-1)
Warning: In design 'config_logical_view_MAX_K5_NUM_CFG7_HYBRID_ENTRY_NUM14_ADDR_W10_PTR_W3', cell 'C8016' does not drive any nets. (LINT-1)
Warning: In design 'config_logical_view_MAX_K5_NUM_CFG7_HYBRID_ENTRY_NUM14_ADDR_W10_PTR_W3', cell 'C8017' does not drive any nets. (LINT-1)
Warning: In design 'config_logical_view_MAX_K5_NUM_CFG7_HYBRID_ENTRY_NUM14_ADDR_W10_PTR_W3', cell 'C8027' does not drive any nets. (LINT-1)
Warning: In design 'config_logical_view_MAX_K5_NUM_CFG7_HYBRID_ENTRY_NUM14_ADDR_W10_PTR_W3', cell 'C8028' does not drive any nets. (LINT-1)
Warning: In design 'config_logical_view_MAX_K5_NUM_CFG7_HYBRID_ENTRY_NUM14_ADDR_W10_PTR_W3', cell 'C8038' does not drive any nets. (LINT-1)
Warning: In design 'config_logical_view_MAX_K5_NUM_CFG7_HYBRID_ENTRY_NUM14_ADDR_W10_PTR_W3', cell 'C8039' does not drive any nets. (LINT-1)
Warning: In design 'config_logical_view_MAX_K5_NUM_CFG7_HYBRID_ENTRY_NUM14_ADDR_W10_PTR_W3', cell 'C8049' does not drive any nets. (LINT-1)
Warning: In design 'config_logical_view_MAX_K5_NUM_CFG7_HYBRID_ENTRY_NUM14_ADDR_W10_PTR_W3', cell 'C8050' does not drive any nets. (LINT-1)
Warning: In design 'config_logical_view_MAX_K5_NUM_CFG7_HYBRID_ENTRY_NUM14_ADDR_W10_PTR_W3', cell 'C8060' does not drive any nets. (LINT-1)
Warning: In design 'config_logical_view_MAX_K5_NUM_CFG7_HYBRID_ENTRY_NUM14_ADDR_W10_PTR_W3', cell 'C8061' does not drive any nets. (LINT-1)
Warning: In design 'config_logical_view_MAX_K5_NUM_CFG7_HYBRID_ENTRY_NUM14_ADDR_W10_PTR_W3', cell 'C8071' does not drive any nets. (LINT-1)
Warning: In design 'config_logical_view_MAX_K5_NUM_CFG7_HYBRID_ENTRY_NUM14_ADDR_W10_PTR_W3', cell 'C8072' does not drive any nets. (LINT-1)
Warning: In design 'config_logical_view_MAX_K5_NUM_CFG7_HYBRID_ENTRY_NUM14_ADDR_W10_PTR_W3', cell 'C8082' does not drive any nets. (LINT-1)
Warning: In design 'config_logical_view_MAX_K5_NUM_CFG7_HYBRID_ENTRY_NUM14_ADDR_W10_PTR_W3', cell 'C8083' does not drive any nets. (LINT-1)
Warning: In design 'config_logical_view_MAX_K5_NUM_CFG7_HYBRID_ENTRY_NUM14_ADDR_W10_PTR_W3', cell 'C8093' does not drive any nets. (LINT-1)
Warning: In design 'config_logical_view_MAX_K5_NUM_CFG7_HYBRID_ENTRY_NUM14_ADDR_W10_PTR_W3', cell 'C8094' does not drive any nets. (LINT-1)
Warning: In design 'config_logical_view_MAX_K5_NUM_CFG7_HYBRID_ENTRY_NUM14_ADDR_W10_PTR_W3', cell 'C8104' does not drive any nets. (LINT-1)
Warning: In design 'config_logical_view_MAX_K5_NUM_CFG7_HYBRID_ENTRY_NUM14_ADDR_W10_PTR_W3', cell 'C8105' does not drive any nets. (LINT-1)
Warning: In design 'config_logical_view_MAX_K5_NUM_CFG7_HYBRID_ENTRY_NUM14_ADDR_W10_PTR_W3', cell 'C8115' does not drive any nets. (LINT-1)
Warning: In design 'config_logical_view_MAX_K5_NUM_CFG7_HYBRID_ENTRY_NUM14_ADDR_W10_PTR_W3', cell 'C8116' does not drive any nets. (LINT-1)
Warning: In design 'config_logical_view_MAX_K5_NUM_CFG7_HYBRID_ENTRY_NUM14_ADDR_W10_PTR_W3', cell 'C8126' does not drive any nets. (LINT-1)
Warning: In design 'config_logical_view_MAX_K5_NUM_CFG7_HYBRID_ENTRY_NUM14_ADDR_W10_PTR_W3', cell 'C8127' does not drive any nets. (LINT-1)
Warning: In design 'config_logical_view_MAX_K5_NUM_CFG7_HYBRID_ENTRY_NUM14_ADDR_W10_PTR_W3', cell 'C8137' does not drive any nets. (LINT-1)
Warning: In design 'config_logical_view_MAX_K5_NUM_CFG7_HYBRID_ENTRY_NUM14_ADDR_W10_PTR_W3', cell 'C8138' does not drive any nets. (LINT-1)
Warning: In design 'config_logical_view_MAX_K5_NUM_CFG7_HYBRID_ENTRY_NUM14_ADDR_W10_PTR_W3', cell 'C8149' does not drive any nets. (LINT-1)
Warning: In design 'config_logical_view_MAX_K5_NUM_CFG7_HYBRID_ENTRY_NUM14_ADDR_W10_PTR_W3', cell 'C8150' does not drive any nets. (LINT-1)
Warning: In design 'config_logical_view_MAX_K5_NUM_CFG7_HYBRID_ENTRY_NUM14_ADDR_W10_PTR_W3', cell 'C8161' does not drive any nets. (LINT-1)
Warning: In design 'config_logical_view_MAX_K5_NUM_CFG7_HYBRID_ENTRY_NUM14_ADDR_W10_PTR_W3', cell 'C8162' does not drive any nets. (LINT-1)
Warning: In design 'config_analyzer_MAX_K5_HYBRID_ENTRY_NUM14_ROW_W10_COL_W10_PATTERN_ID_W4_MAX_PATTERNS10', cell 'B_3203' does not drive any nets. (LINT-1)
Warning: In design 'config_analyzer_MAX_K5_HYBRID_ENTRY_NUM14_ROW_W10_COL_W10_PATTERN_ID_W4_MAX_PATTERNS10', cell 'B_3204' does not drive any nets. (LINT-1)
Warning: In design 'config_analyzer_MAX_K5_HYBRID_ENTRY_NUM14_ROW_W10_COL_W10_PATTERN_ID_W4_MAX_PATTERNS10', cell 'B_3205' does not drive any nets. (LINT-1)
Warning: In design 'config_analyzer_MAX_K5_HYBRID_ENTRY_NUM14_ROW_W10_COL_W10_PATTERN_ID_W4_MAX_PATTERNS10', cell 'B_3206' does not drive any nets. (LINT-1)
Warning: In design 'config_analyzer_MAX_K5_HYBRID_ENTRY_NUM14_ROW_W10_COL_W10_PATTERN_ID_W4_MAX_PATTERNS10', cell 'B_3207' does not drive any nets. (LINT-1)
Warning: In design 'config_analyzer_MAX_K5_HYBRID_ENTRY_NUM14_ROW_W10_COL_W10_PATTERN_ID_W4_MAX_PATTERNS10', cell 'B_3208' does not drive any nets. (LINT-1)
Warning: In design 'config_analyzer_MAX_K5_HYBRID_ENTRY_NUM14_ROW_W10_COL_W10_PATTERN_ID_W4_MAX_PATTERNS10', cell 'B_3209' does not drive any nets. (LINT-1)
Warning: In design 'config_analyzer_MAX_K5_HYBRID_ENTRY_NUM14_ROW_W10_COL_W10_PATTERN_ID_W4_MAX_PATTERNS10', cell 'B_3210' does not drive any nets. (LINT-1)
Warning: In design 'config_analyzer_MAX_K5_HYBRID_ENTRY_NUM14_ROW_W10_COL_W10_PATTERN_ID_W4_MAX_PATTERNS10', cell 'B_3211' does not drive any nets. (LINT-1)
Warning: In design 'config_analyzer_MAX_K5_HYBRID_ENTRY_NUM14_ROW_W10_COL_W10_PATTERN_ID_W4_MAX_PATTERNS10', cell 'B_3212' does not drive any nets. (LINT-1)
Warning: In design 'config_analyzer_MAX_K5_HYBRID_ENTRY_NUM14_ROW_W10_COL_W10_PATTERN_ID_W4_MAX_PATTERNS10', cell 'B_3213' does not drive any nets. (LINT-1)
Warning: In design 'config_analyzer_MAX_K5_HYBRID_ENTRY_NUM14_ROW_W10_COL_W10_PATTERN_ID_W4_MAX_PATTERNS10', cell 'B_3214' does not drive any nets. (LINT-1)
Warning: In design 'config_analyzer_MAX_K5_HYBRID_ENTRY_NUM14_ROW_W10_COL_W10_PATTERN_ID_W4_MAX_PATTERNS10', cell 'B_3215' does not drive any nets. (LINT-1)
Warning: In design 'config_analyzer_MAX_K5_HYBRID_ENTRY_NUM14_ROW_W10_COL_W10_PATTERN_ID_W4_MAX_PATTERNS10', cell 'B_3216' does not drive any nets. (LINT-1)
Warning: In design 'config_analyzer_MAX_K5_HYBRID_ENTRY_NUM14_ROW_W10_COL_W10_PATTERN_ID_W4_MAX_PATTERNS10', cell 'B_3217' does not drive any nets. (LINT-1)
Warning: In design 'config_analyzer_MAX_K5_HYBRID_ENTRY_NUM14_ROW_W10_COL_W10_PATTERN_ID_W4_MAX_PATTERNS10', cell 'B_3218' does not drive any nets. (LINT-1)
Warning: In design 'config_analyzer_MAX_K5_HYBRID_ENTRY_NUM14_ROW_W10_COL_W10_PATTERN_ID_W4_MAX_PATTERNS10', cell 'B_3219' does not drive any nets. (LINT-1)
Warning: In design 'config_analyzer_MAX_K5_HYBRID_ENTRY_NUM14_ROW_W10_COL_W10_PATTERN_ID_W4_MAX_PATTERNS10', cell 'B_3220' does not drive any nets. (LINT-1)
Warning: In design 'config_analyzer_MAX_K5_HYBRID_ENTRY_NUM14_ROW_W10_COL_W10_PATTERN_ID_W4_MAX_PATTERNS10', cell 'B_3221' does not drive any nets. (LINT-1)
Warning: In design 'config_analyzer_MAX_K5_HYBRID_ENTRY_NUM14_ROW_W10_COL_W10_PATTERN_ID_W4_MAX_PATTERNS10', cell 'B_3222' does not drive any nets. (LINT-1)
Warning: In design 'config_analyzer_MAX_K5_HYBRID_ENTRY_NUM14_ROW_W10_COL_W10_PATTERN_ID_W4_MAX_PATTERNS10', cell 'B_3223' does not drive any nets. (LINT-1)
Warning: In design 'config_analyzer_MAX_K5_HYBRID_ENTRY_NUM14_ROW_W10_COL_W10_PATTERN_ID_W4_MAX_PATTERNS10', cell 'B_3224' does not drive any nets. (LINT-1)
Warning: In design 'config_analyzer_MAX_K5_HYBRID_ENTRY_NUM14_ROW_W10_COL_W10_PATTERN_ID_W4_MAX_PATTERNS10', cell 'B_3225' does not drive any nets. (LINT-1)
Warning: In design 'config_analyzer_MAX_K5_HYBRID_ENTRY_NUM14_ROW_W10_COL_W10_PATTERN_ID_W4_MAX_PATTERNS10', cell 'B_3226' does not drive any nets. (LINT-1)
Warning: In design 'config_analyzer_MAX_K5_HYBRID_ENTRY_NUM14_ROW_W10_COL_W10_PATTERN_ID_W4_MAX_PATTERNS10', cell 'B_3227' does not drive any nets. (LINT-1)
Warning: In design 'config_analyzer_MAX_K5_HYBRID_ENTRY_NUM14_ROW_W10_COL_W10_PATTERN_ID_W4_MAX_PATTERNS10', cell 'B_3228' does not drive any nets. (LINT-1)
Warning: In design 'config_analyzer_MAX_K5_HYBRID_ENTRY_NUM14_ROW_W10_COL_W10_PATTERN_ID_W4_MAX_PATTERNS10', cell 'C45231' does not drive any nets. (LINT-1)
Warning: In design 'config_analyzer_MAX_K5_HYBRID_ENTRY_NUM14_ROW_W10_COL_W10_PATTERN_ID_W4_MAX_PATTERNS10', cell 'C45238' does not drive any nets. (LINT-1)
Warning: In design 'config_analyzer_MAX_K5_HYBRID_ENTRY_NUM14_ROW_W10_COL_W10_PATTERN_ID_W4_MAX_PATTERNS10', cell 'C45244' does not drive any nets. (LINT-1)
Warning: In design 'config_analyzer_MAX_K5_HYBRID_ENTRY_NUM14_ROW_W10_COL_W10_PATTERN_ID_W4_MAX_PATTERNS10', cell 'C45250' does not drive any nets. (LINT-1)
Warning: In design 'config_analyzer_MAX_K5_HYBRID_ENTRY_NUM14_ROW_W10_COL_W10_PATTERN_ID_W4_MAX_PATTERNS10', cell 'C45256' does not drive any nets. (LINT-1)
Warning: In design 'config_analyzer_MAX_K5_HYBRID_ENTRY_NUM14_ROW_W10_COL_W10_PATTERN_ID_W4_MAX_PATTERNS10', cell 'C45259' does not drive any nets. (LINT-1)
Warning: In design 'config_analyzer_MAX_K5_HYBRID_ENTRY_NUM14_ROW_W10_COL_W10_PATTERN_ID_W4_MAX_PATTERNS10', cell 'C45411' does not drive any nets. (LINT-1)
Warning: In design 'config_analyzer_MAX_K5_HYBRID_ENTRY_NUM14_ROW_W10_COL_W10_PATTERN_ID_W4_MAX_PATTERNS10', cell 'C45418' does not drive any nets. (LINT-1)
Warning: In design 'config_analyzer_MAX_K5_HYBRID_ENTRY_NUM14_ROW_W10_COL_W10_PATTERN_ID_W4_MAX_PATTERNS10', cell 'C45424' does not drive any nets. (LINT-1)
Warning: In design 'config_analyzer_MAX_K5_HYBRID_ENTRY_NUM14_ROW_W10_COL_W10_PATTERN_ID_W4_MAX_PATTERNS10', cell 'C45430' does not drive any nets. (LINT-1)
Warning: In design 'config_analyzer_MAX_K5_HYBRID_ENTRY_NUM14_ROW_W10_COL_W10_PATTERN_ID_W4_MAX_PATTERNS10', cell 'C45436' does not drive any nets. (LINT-1)
Warning: In design 'config_analyzer_MAX_K5_HYBRID_ENTRY_NUM14_ROW_W10_COL_W10_PATTERN_ID_W4_MAX_PATTERNS10', cell 'C45593' does not drive any nets. (LINT-1)
Warning: In design 'config_analyzer_MAX_K5_HYBRID_ENTRY_NUM14_ROW_W10_COL_W10_PATTERN_ID_W4_MAX_PATTERNS10', cell 'C45599' does not drive any nets. (LINT-1)
Warning: In design 'config_analyzer_MAX_K5_HYBRID_ENTRY_NUM14_ROW_W10_COL_W10_PATTERN_ID_W4_MAX_PATTERNS10', cell 'C45606' does not drive any nets. (LINT-1)
Warning: In design 'config_analyzer_MAX_K5_HYBRID_ENTRY_NUM14_ROW_W10_COL_W10_PATTERN_ID_W4_MAX_PATTERNS10', cell 'C45612' does not drive any nets. (LINT-1)
Warning: In design 'config_analyzer_MAX_K5_HYBRID_ENTRY_NUM14_ROW_W10_COL_W10_PATTERN_ID_W4_MAX_PATTERNS10', cell 'C45618' does not drive any nets. (LINT-1)
Warning: In design 'config_analyzer_MAX_K5_HYBRID_ENTRY_NUM14_ROW_W10_COL_W10_PATTERN_ID_W4_MAX_PATTERNS10', cell 'C45624' does not drive any nets. (LINT-1)
Warning: In design 'config_analyzer_MAX_K5_HYBRID_ENTRY_NUM14_ROW_W10_COL_W10_PATTERN_ID_W4_MAX_PATTERNS10', cell 'C45782' does not drive any nets. (LINT-1)
Warning: In design 'config_analyzer_MAX_K5_HYBRID_ENTRY_NUM14_ROW_W10_COL_W10_PATTERN_ID_W4_MAX_PATTERNS10', cell 'C45788' does not drive any nets. (LINT-1)
Warning: In design 'config_analyzer_MAX_K5_HYBRID_ENTRY_NUM14_ROW_W10_COL_W10_PATTERN_ID_W4_MAX_PATTERNS10', cell 'C45795' does not drive any nets. (LINT-1)
Warning: In design 'config_analyzer_MAX_K5_HYBRID_ENTRY_NUM14_ROW_W10_COL_W10_PATTERN_ID_W4_MAX_PATTERNS10', cell 'C45801' does not drive any nets. (LINT-1)
Warning: In design 'config_analyzer_MAX_K5_HYBRID_ENTRY_NUM14_ROW_W10_COL_W10_PATTERN_ID_W4_MAX_PATTERNS10', cell 'C45807' does not drive any nets. (LINT-1)
Warning: In design 'config_analyzer_MAX_K5_HYBRID_ENTRY_NUM14_ROW_W10_COL_W10_PATTERN_ID_W4_MAX_PATTERNS10', cell 'C45813' does not drive any nets. (LINT-1)
Warning: In design 'config_analyzer_MAX_K5_HYBRID_ENTRY_NUM14_ROW_W10_COL_W10_PATTERN_ID_W4_MAX_PATTERNS10', cell 'C45973' does not drive any nets. (LINT-1)
Warning: In design 'config_analyzer_MAX_K5_HYBRID_ENTRY_NUM14_ROW_W10_COL_W10_PATTERN_ID_W4_MAX_PATTERNS10', cell 'C45979' does not drive any nets. (LINT-1)
Warning: In design 'config_analyzer_MAX_K5_HYBRID_ENTRY_NUM14_ROW_W10_COL_W10_PATTERN_ID_W4_MAX_PATTERNS10', cell 'C45986' does not drive any nets. (LINT-1)
Warning: In design 'config_analyzer_MAX_K5_HYBRID_ENTRY_NUM14_ROW_W10_COL_W10_PATTERN_ID_W4_MAX_PATTERNS10', cell 'C45992' does not drive any nets. (LINT-1)
Warning: In design 'config_analyzer_MAX_K5_HYBRID_ENTRY_NUM14_ROW_W10_COL_W10_PATTERN_ID_W4_MAX_PATTERNS10', cell 'C45998' does not drive any nets. (LINT-1)
Warning: In design 'config_analyzer_MAX_K5_HYBRID_ENTRY_NUM14_ROW_W10_COL_W10_PATTERN_ID_W4_MAX_PATTERNS10', cell 'C46004' does not drive any nets. (LINT-1)
Warning: In design 'config_analyzer_MAX_K5_HYBRID_ENTRY_NUM14_ROW_W10_COL_W10_PATTERN_ID_W4_MAX_PATTERNS10', cell 'C46169' does not drive any nets. (LINT-1)
Warning: In design 'config_analyzer_MAX_K5_HYBRID_ENTRY_NUM14_ROW_W10_COL_W10_PATTERN_ID_W4_MAX_PATTERNS10', cell 'C46175' does not drive any nets. (LINT-1)
Warning: In design 'config_analyzer_MAX_K5_HYBRID_ENTRY_NUM14_ROW_W10_COL_W10_PATTERN_ID_W4_MAX_PATTERNS10', cell 'C46182' does not drive any nets. (LINT-1)
Warning: In design 'config_analyzer_MAX_K5_HYBRID_ENTRY_NUM14_ROW_W10_COL_W10_PATTERN_ID_W4_MAX_PATTERNS10', cell 'C46188' does not drive any nets. (LINT-1)
Warning: In design 'config_analyzer_MAX_K5_HYBRID_ENTRY_NUM14_ROW_W10_COL_W10_PATTERN_ID_W4_MAX_PATTERNS10', cell 'C46194' does not drive any nets. (LINT-1)
Warning: In design 'config_analyzer_MAX_K5_HYBRID_ENTRY_NUM14_ROW_W10_COL_W10_PATTERN_ID_W4_MAX_PATTERNS10', cell 'C46200' does not drive any nets. (LINT-1)
Warning: In design 'config_analyzer_MAX_K5_HYBRID_ENTRY_NUM14_ROW_W10_COL_W10_PATTERN_ID_W4_MAX_PATTERNS10', cell 'C46367' does not drive any nets. (LINT-1)
Warning: In design 'config_analyzer_MAX_K5_HYBRID_ENTRY_NUM14_ROW_W10_COL_W10_PATTERN_ID_W4_MAX_PATTERNS10', cell 'C46373' does not drive any nets. (LINT-1)
Warning: In design 'config_analyzer_MAX_K5_HYBRID_ENTRY_NUM14_ROW_W10_COL_W10_PATTERN_ID_W4_MAX_PATTERNS10', cell 'C46380' does not drive any nets. (LINT-1)
Warning: In design 'config_analyzer_MAX_K5_HYBRID_ENTRY_NUM14_ROW_W10_COL_W10_PATTERN_ID_W4_MAX_PATTERNS10', cell 'C46386' does not drive any nets. (LINT-1)
Warning: In design 'config_analyzer_MAX_K5_HYBRID_ENTRY_NUM14_ROW_W10_COL_W10_PATTERN_ID_W4_MAX_PATTERNS10', cell 'C46392' does not drive any nets. (LINT-1)
Warning: In design 'config_analyzer_MAX_K5_HYBRID_ENTRY_NUM14_ROW_W10_COL_W10_PATTERN_ID_W4_MAX_PATTERNS10', cell 'C46398' does not drive any nets. (LINT-1)
Warning: In design 'config_analyzer_MAX_K5_HYBRID_ENTRY_NUM14_ROW_W10_COL_W10_PATTERN_ID_W4_MAX_PATTERNS10', cell 'C46565' does not drive any nets. (LINT-1)
Warning: In design 'config_analyzer_MAX_K5_HYBRID_ENTRY_NUM14_ROW_W10_COL_W10_PATTERN_ID_W4_MAX_PATTERNS10', cell 'C46571' does not drive any nets. (LINT-1)
Warning: In design 'config_analyzer_MAX_K5_HYBRID_ENTRY_NUM14_ROW_W10_COL_W10_PATTERN_ID_W4_MAX_PATTERNS10', cell 'C46578' does not drive any nets. (LINT-1)
Warning: In design 'config_analyzer_MAX_K5_HYBRID_ENTRY_NUM14_ROW_W10_COL_W10_PATTERN_ID_W4_MAX_PATTERNS10', cell 'C46584' does not drive any nets. (LINT-1)
Warning: In design 'config_analyzer_MAX_K5_HYBRID_ENTRY_NUM14_ROW_W10_COL_W10_PATTERN_ID_W4_MAX_PATTERNS10', cell 'C46590' does not drive any nets. (LINT-1)
Warning: In design 'config_analyzer_MAX_K5_HYBRID_ENTRY_NUM14_ROW_W10_COL_W10_PATTERN_ID_W4_MAX_PATTERNS10', cell 'C46596' does not drive any nets. (LINT-1)
Warning: In design 'config_analyzer_MAX_K5_HYBRID_ENTRY_NUM14_ROW_W10_COL_W10_PATTERN_ID_W4_MAX_PATTERNS10', cell 'C46763' does not drive any nets. (LINT-1)
Warning: In design 'config_analyzer_MAX_K5_HYBRID_ENTRY_NUM14_ROW_W10_COL_W10_PATTERN_ID_W4_MAX_PATTERNS10', cell 'C46769' does not drive any nets. (LINT-1)
Warning: In design 'config_analyzer_MAX_K5_HYBRID_ENTRY_NUM14_ROW_W10_COL_W10_PATTERN_ID_W4_MAX_PATTERNS10', cell 'C46776' does not drive any nets. (LINT-1)
Warning: In design 'config_analyzer_MAX_K5_HYBRID_ENTRY_NUM14_ROW_W10_COL_W10_PATTERN_ID_W4_MAX_PATTERNS10', cell 'C46782' does not drive any nets. (LINT-1)
Warning: In design 'config_analyzer_MAX_K5_HYBRID_ENTRY_NUM14_ROW_W10_COL_W10_PATTERN_ID_W4_MAX_PATTERNS10', cell 'C46788' does not drive any nets. (LINT-1)
Warning: In design 'config_analyzer_MAX_K5_HYBRID_ENTRY_NUM14_ROW_W10_COL_W10_PATTERN_ID_W4_MAX_PATTERNS10', cell 'C46794' does not drive any nets. (LINT-1)
Warning: In design 'config_analyzer_MAX_K5_HYBRID_ENTRY_NUM14_ROW_W10_COL_W10_PATTERN_ID_W4_MAX_PATTERNS10', cell 'C46961' does not drive any nets. (LINT-1)
Warning: In design 'config_analyzer_MAX_K5_HYBRID_ENTRY_NUM14_ROW_W10_COL_W10_PATTERN_ID_W4_MAX_PATTERNS10', cell 'C46967' does not drive any nets. (LINT-1)
Warning: In design 'config_analyzer_MAX_K5_HYBRID_ENTRY_NUM14_ROW_W10_COL_W10_PATTERN_ID_W4_MAX_PATTERNS10', cell 'C46974' does not drive any nets. (LINT-1)
Warning: In design 'config_analyzer_MAX_K5_HYBRID_ENTRY_NUM14_ROW_W10_COL_W10_PATTERN_ID_W4_MAX_PATTERNS10', cell 'C46980' does not drive any nets. (LINT-1)
Warning: In design 'config_analyzer_MAX_K5_HYBRID_ENTRY_NUM14_ROW_W10_COL_W10_PATTERN_ID_W4_MAX_PATTERNS10', cell 'C46986' does not drive any nets. (LINT-1)
Warning: In design 'config_analyzer_MAX_K5_HYBRID_ENTRY_NUM14_ROW_W10_COL_W10_PATTERN_ID_W4_MAX_PATTERNS10', cell 'C46992' does not drive any nets. (LINT-1)
Warning: In design 'config_analyzer_MAX_K5_HYBRID_ENTRY_NUM14_ROW_W10_COL_W10_PATTERN_ID_W4_MAX_PATTERNS10', cell 'C47159' does not drive any nets. (LINT-1)
Warning: In design 'config_analyzer_MAX_K5_HYBRID_ENTRY_NUM14_ROW_W10_COL_W10_PATTERN_ID_W4_MAX_PATTERNS10', cell 'C47165' does not drive any nets. (LINT-1)
Warning: In design 'config_analyzer_MAX_K5_HYBRID_ENTRY_NUM14_ROW_W10_COL_W10_PATTERN_ID_W4_MAX_PATTERNS10', cell 'C47172' does not drive any nets. (LINT-1)
Warning: In design 'config_analyzer_MAX_K5_HYBRID_ENTRY_NUM14_ROW_W10_COL_W10_PATTERN_ID_W4_MAX_PATTERNS10', cell 'C47178' does not drive any nets. (LINT-1)
Warning: In design 'config_analyzer_MAX_K5_HYBRID_ENTRY_NUM14_ROW_W10_COL_W10_PATTERN_ID_W4_MAX_PATTERNS10', cell 'C47184' does not drive any nets. (LINT-1)
Warning: In design 'config_analyzer_MAX_K5_HYBRID_ENTRY_NUM14_ROW_W10_COL_W10_PATTERN_ID_W4_MAX_PATTERNS10', cell 'C47190' does not drive any nets. (LINT-1)
Warning: In design 'config_analyzer_MAX_K5_HYBRID_ENTRY_NUM14_ROW_W10_COL_W10_PATTERN_ID_W4_MAX_PATTERNS10', cell 'C47357' does not drive any nets. (LINT-1)
Warning: In design 'config_analyzer_MAX_K5_HYBRID_ENTRY_NUM14_ROW_W10_COL_W10_PATTERN_ID_W4_MAX_PATTERNS10', cell 'C47363' does not drive any nets. (LINT-1)
Warning: In design 'config_analyzer_MAX_K5_HYBRID_ENTRY_NUM14_ROW_W10_COL_W10_PATTERN_ID_W4_MAX_PATTERNS10', cell 'C47370' does not drive any nets. (LINT-1)
Warning: In design 'config_analyzer_MAX_K5_HYBRID_ENTRY_NUM14_ROW_W10_COL_W10_PATTERN_ID_W4_MAX_PATTERNS10', cell 'C47376' does not drive any nets. (LINT-1)
Warning: In design 'config_analyzer_MAX_K5_HYBRID_ENTRY_NUM14_ROW_W10_COL_W10_PATTERN_ID_W4_MAX_PATTERNS10', cell 'C47382' does not drive any nets. (LINT-1)
Warning: In design 'config_analyzer_MAX_K5_HYBRID_ENTRY_NUM14_ROW_W10_COL_W10_PATTERN_ID_W4_MAX_PATTERNS10', cell 'C47388' does not drive any nets. (LINT-1)
Warning: In design 'config_analyzer_MAX_K5_HYBRID_ENTRY_NUM14_ROW_W10_COL_W10_PATTERN_ID_W4_MAX_PATTERNS10', cell 'C47555' does not drive any nets. (LINT-1)
Warning: In design 'config_analyzer_MAX_K5_HYBRID_ENTRY_NUM14_ROW_W10_COL_W10_PATTERN_ID_W4_MAX_PATTERNS10', cell 'C47561' does not drive any nets. (LINT-1)
Warning: In design 'config_analyzer_MAX_K5_HYBRID_ENTRY_NUM14_ROW_W10_COL_W10_PATTERN_ID_W4_MAX_PATTERNS10', cell 'C47568' does not drive any nets. (LINT-1)
Warning: In design 'config_analyzer_MAX_K5_HYBRID_ENTRY_NUM14_ROW_W10_COL_W10_PATTERN_ID_W4_MAX_PATTERNS10', cell 'C47574' does not drive any nets. (LINT-1)
Warning: In design 'config_analyzer_MAX_K5_HYBRID_ENTRY_NUM14_ROW_W10_COL_W10_PATTERN_ID_W4_MAX_PATTERNS10', cell 'C47580' does not drive any nets. (LINT-1)
Warning: In design 'config_analyzer_MAX_K5_HYBRID_ENTRY_NUM14_ROW_W10_COL_W10_PATTERN_ID_W4_MAX_PATTERNS10', cell 'C47586' does not drive any nets. (LINT-1)
Warning: In design 'config_analyzer_MAX_K5_HYBRID_ENTRY_NUM14_ROW_W10_COL_W10_PATTERN_ID_W4_MAX_PATTERNS10', cell 'C47753' does not drive any nets. (LINT-1)
Warning: In design 'config_analyzer_MAX_K5_HYBRID_ENTRY_NUM14_ROW_W10_COL_W10_PATTERN_ID_W4_MAX_PATTERNS10', cell 'C47759' does not drive any nets. (LINT-1)
Warning: In design 'config_analyzer_MAX_K5_HYBRID_ENTRY_NUM14_ROW_W10_COL_W10_PATTERN_ID_W4_MAX_PATTERNS10', cell 'C47766' does not drive any nets. (LINT-1)
Warning: In design 'config_analyzer_MAX_K5_HYBRID_ENTRY_NUM14_ROW_W10_COL_W10_PATTERN_ID_W4_MAX_PATTERNS10', cell 'C47772' does not drive any nets. (LINT-1)
Warning: In design 'config_analyzer_MAX_K5_HYBRID_ENTRY_NUM14_ROW_W10_COL_W10_PATTERN_ID_W4_MAX_PATTERNS10', cell 'C47778' does not drive any nets. (LINT-1)
Warning: In design 'config_analyzer_MAX_K5_HYBRID_ENTRY_NUM14_ROW_W10_COL_W10_PATTERN_ID_W4_MAX_PATTERNS10', cell 'C47784' does not drive any nets. (LINT-1)
Warning: In design 'config_analyzer_MAX_K5_HYBRID_ENTRY_NUM14_ROW_W10_COL_W10_PATTERN_ID_W4_MAX_PATTERNS10', cell 'C47951' does not drive any nets. (LINT-1)
Warning: In design 'config_analyzer_MAX_K5_HYBRID_ENTRY_NUM14_ROW_W10_COL_W10_PATTERN_ID_W4_MAX_PATTERNS10', cell 'C47957' does not drive any nets. (LINT-1)
Warning: In design 'config_analyzer_MAX_K5_HYBRID_ENTRY_NUM14_ROW_W10_COL_W10_PATTERN_ID_W4_MAX_PATTERNS10', cell 'C47964' does not drive any nets. (LINT-1)
Warning: In design 'config_analyzer_MAX_K5_HYBRID_ENTRY_NUM14_ROW_W10_COL_W10_PATTERN_ID_W4_MAX_PATTERNS10', cell 'C47970' does not drive any nets. (LINT-1)
Warning: In design 'config_analyzer_MAX_K5_HYBRID_ENTRY_NUM14_ROW_W10_COL_W10_PATTERN_ID_W4_MAX_PATTERNS10', cell 'C47976' does not drive any nets. (LINT-1)
Warning: In design 'config_analyzer_MAX_K5_HYBRID_ENTRY_NUM14_ROW_W10_COL_W10_PATTERN_ID_W4_MAX_PATTERNS10', cell 'C47982' does not drive any nets. (LINT-1)
Warning: In design 'config_analyzer_MAX_K5_HYBRID_ENTRY_NUM14_ROW_W10_COL_W10_PATTERN_ID_W4_MAX_PATTERNS10', cell 'C48149' does not drive any nets. (LINT-1)
Warning: In design 'config_analyzer_MAX_K5_HYBRID_ENTRY_NUM14_ROW_W10_COL_W10_PATTERN_ID_W4_MAX_PATTERNS10', cell 'C48155' does not drive any nets. (LINT-1)
Warning: In design 'config_analyzer_MAX_K5_HYBRID_ENTRY_NUM14_ROW_W10_COL_W10_PATTERN_ID_W4_MAX_PATTERNS10', cell 'C48162' does not drive any nets. (LINT-1)
Warning: In design 'config_analyzer_MAX_K5_HYBRID_ENTRY_NUM14_ROW_W10_COL_W10_PATTERN_ID_W4_MAX_PATTERNS10', cell 'C48168' does not drive any nets. (LINT-1)
Warning: In design 'config_analyzer_MAX_K5_HYBRID_ENTRY_NUM14_ROW_W10_COL_W10_PATTERN_ID_W4_MAX_PATTERNS10', cell 'C48174' does not drive any nets. (LINT-1)
Warning: In design 'config_analyzer_MAX_K5_HYBRID_ENTRY_NUM14_ROW_W10_COL_W10_PATTERN_ID_W4_MAX_PATTERNS10', cell 'C48180' does not drive any nets. (LINT-1)
Warning: In design 'config_analyzer_MAX_K5_HYBRID_ENTRY_NUM14_ROW_W10_COL_W10_PATTERN_ID_W4_MAX_PATTERNS10', cell 'C48347' does not drive any nets. (LINT-1)
Warning: In design 'config_analyzer_MAX_K5_HYBRID_ENTRY_NUM14_ROW_W10_COL_W10_PATTERN_ID_W4_MAX_PATTERNS10', cell 'C48353' does not drive any nets. (LINT-1)
Warning: In design 'config_analyzer_MAX_K5_HYBRID_ENTRY_NUM14_ROW_W10_COL_W10_PATTERN_ID_W4_MAX_PATTERNS10', cell 'C48360' does not drive any nets. (LINT-1)
Warning: In design 'config_analyzer_MAX_K5_HYBRID_ENTRY_NUM14_ROW_W10_COL_W10_PATTERN_ID_W4_MAX_PATTERNS10', cell 'C48366' does not drive any nets. (LINT-1)
Warning: In design 'config_analyzer_MAX_K5_HYBRID_ENTRY_NUM14_ROW_W10_COL_W10_PATTERN_ID_W4_MAX_PATTERNS10', cell 'C48372' does not drive any nets. (LINT-1)
Warning: In design 'config_analyzer_MAX_K5_HYBRID_ENTRY_NUM14_ROW_W10_COL_W10_PATTERN_ID_W4_MAX_PATTERNS10', cell 'C48378' does not drive any nets. (LINT-1)
Warning: In design 'config_analyzer_MAX_K5_HYBRID_ENTRY_NUM14_ROW_W10_COL_W10_PATTERN_ID_W4_MAX_PATTERNS10', cell 'C48545' does not drive any nets. (LINT-1)
Warning: In design 'config_analyzer_MAX_K5_HYBRID_ENTRY_NUM14_ROW_W10_COL_W10_PATTERN_ID_W4_MAX_PATTERNS10', cell 'C48551' does not drive any nets. (LINT-1)
Warning: In design 'config_analyzer_MAX_K5_HYBRID_ENTRY_NUM14_ROW_W10_COL_W10_PATTERN_ID_W4_MAX_PATTERNS10', cell 'C48558' does not drive any nets. (LINT-1)
Warning: In design 'config_analyzer_MAX_K5_HYBRID_ENTRY_NUM14_ROW_W10_COL_W10_PATTERN_ID_W4_MAX_PATTERNS10', cell 'C48564' does not drive any nets. (LINT-1)
Warning: In design 'config_analyzer_MAX_K5_HYBRID_ENTRY_NUM14_ROW_W10_COL_W10_PATTERN_ID_W4_MAX_PATTERNS10', cell 'C48570' does not drive any nets. (LINT-1)
Warning: In design 'config_analyzer_MAX_K5_HYBRID_ENTRY_NUM14_ROW_W10_COL_W10_PATTERN_ID_W4_MAX_PATTERNS10', cell 'C48576' does not drive any nets. (LINT-1)
Warning: In design 'config_analyzer_MAX_K5_HYBRID_ENTRY_NUM14_ROW_W10_COL_W10_PATTERN_ID_W4_MAX_PATTERNS10', cell 'C48743' does not drive any nets. (LINT-1)
Warning: In design 'config_analyzer_MAX_K5_HYBRID_ENTRY_NUM14_ROW_W10_COL_W10_PATTERN_ID_W4_MAX_PATTERNS10', cell 'C48749' does not drive any nets. (LINT-1)
Warning: In design 'config_analyzer_MAX_K5_HYBRID_ENTRY_NUM14_ROW_W10_COL_W10_PATTERN_ID_W4_MAX_PATTERNS10', cell 'C48756' does not drive any nets. (LINT-1)
Warning: In design 'config_analyzer_MAX_K5_HYBRID_ENTRY_NUM14_ROW_W10_COL_W10_PATTERN_ID_W4_MAX_PATTERNS10', cell 'C48762' does not drive any nets. (LINT-1)
Warning: In design 'config_analyzer_MAX_K5_HYBRID_ENTRY_NUM14_ROW_W10_COL_W10_PATTERN_ID_W4_MAX_PATTERNS10', cell 'C48768' does not drive any nets. (LINT-1)
Warning: In design 'config_analyzer_MAX_K5_HYBRID_ENTRY_NUM14_ROW_W10_COL_W10_PATTERN_ID_W4_MAX_PATTERNS10', cell 'C48774' does not drive any nets. (LINT-1)
Warning: In design 'config_analyzer_MAX_K5_HYBRID_ENTRY_NUM14_ROW_W10_COL_W10_PATTERN_ID_W4_MAX_PATTERNS10', cell 'C48941' does not drive any nets. (LINT-1)
Warning: In design 'config_analyzer_MAX_K5_HYBRID_ENTRY_NUM14_ROW_W10_COL_W10_PATTERN_ID_W4_MAX_PATTERNS10', cell 'C48947' does not drive any nets. (LINT-1)
Warning: In design 'config_analyzer_MAX_K5_HYBRID_ENTRY_NUM14_ROW_W10_COL_W10_PATTERN_ID_W4_MAX_PATTERNS10', cell 'C48954' does not drive any nets. (LINT-1)
Warning: In design 'config_analyzer_MAX_K5_HYBRID_ENTRY_NUM14_ROW_W10_COL_W10_PATTERN_ID_W4_MAX_PATTERNS10', cell 'C48960' does not drive any nets. (LINT-1)
Warning: In design 'config_analyzer_MAX_K5_HYBRID_ENTRY_NUM14_ROW_W10_COL_W10_PATTERN_ID_W4_MAX_PATTERNS10', cell 'C48966' does not drive any nets. (LINT-1)
Warning: In design 'config_analyzer_MAX_K5_HYBRID_ENTRY_NUM14_ROW_W10_COL_W10_PATTERN_ID_W4_MAX_PATTERNS10', cell 'C48972' does not drive any nets. (LINT-1)
Warning: In design 'config_analyzer_MAX_K5_HYBRID_ENTRY_NUM14_ROW_W10_COL_W10_PATTERN_ID_W4_MAX_PATTERNS10', cell 'C49139' does not drive any nets. (LINT-1)
Warning: In design 'config_analyzer_MAX_K5_HYBRID_ENTRY_NUM14_ROW_W10_COL_W10_PATTERN_ID_W4_MAX_PATTERNS10', cell 'C49145' does not drive any nets. (LINT-1)
Warning: In design 'config_analyzer_MAX_K5_HYBRID_ENTRY_NUM14_ROW_W10_COL_W10_PATTERN_ID_W4_MAX_PATTERNS10', cell 'C49152' does not drive any nets. (LINT-1)
Warning: In design 'config_analyzer_MAX_K5_HYBRID_ENTRY_NUM14_ROW_W10_COL_W10_PATTERN_ID_W4_MAX_PATTERNS10', cell 'C49158' does not drive any nets. (LINT-1)
Warning: In design 'config_analyzer_MAX_K5_HYBRID_ENTRY_NUM14_ROW_W10_COL_W10_PATTERN_ID_W4_MAX_PATTERNS10', cell 'C49164' does not drive any nets. (LINT-1)
Warning: In design 'config_analyzer_MAX_K5_HYBRID_ENTRY_NUM14_ROW_W10_COL_W10_PATTERN_ID_W4_MAX_PATTERNS10', cell 'C49170' does not drive any nets. (LINT-1)
Warning: In design 'config_analyzer_MAX_K5_HYBRID_ENTRY_NUM14_ROW_W10_COL_W10_PATTERN_ID_W4_MAX_PATTERNS10', cell 'C49337' does not drive any nets. (LINT-1)
Warning: In design 'config_analyzer_MAX_K5_HYBRID_ENTRY_NUM14_ROW_W10_COL_W10_PATTERN_ID_W4_MAX_PATTERNS10', cell 'C49343' does not drive any nets. (LINT-1)
Warning: In design 'config_analyzer_MAX_K5_HYBRID_ENTRY_NUM14_ROW_W10_COL_W10_PATTERN_ID_W4_MAX_PATTERNS10', cell 'C49350' does not drive any nets. (LINT-1)
Warning: In design 'config_analyzer_MAX_K5_HYBRID_ENTRY_NUM14_ROW_W10_COL_W10_PATTERN_ID_W4_MAX_PATTERNS10', cell 'C49356' does not drive any nets. (LINT-1)
Warning: In design 'config_analyzer_MAX_K5_HYBRID_ENTRY_NUM14_ROW_W10_COL_W10_PATTERN_ID_W4_MAX_PATTERNS10', cell 'C49362' does not drive any nets. (LINT-1)
Warning: In design 'config_analyzer_MAX_K5_HYBRID_ENTRY_NUM14_ROW_W10_COL_W10_PATTERN_ID_W4_MAX_PATTERNS10', cell 'C49368' does not drive any nets. (LINT-1)
Warning: In design 'config_analyzer_MAX_K5_HYBRID_ENTRY_NUM14_ROW_W10_COL_W10_PATTERN_ID_W4_MAX_PATTERNS10', cell 'C49535' does not drive any nets. (LINT-1)
Warning: In design 'config_analyzer_MAX_K5_HYBRID_ENTRY_NUM14_ROW_W10_COL_W10_PATTERN_ID_W4_MAX_PATTERNS10', cell 'C49541' does not drive any nets. (LINT-1)
Warning: In design 'config_analyzer_MAX_K5_HYBRID_ENTRY_NUM14_ROW_W10_COL_W10_PATTERN_ID_W4_MAX_PATTERNS10', cell 'C49548' does not drive any nets. (LINT-1)
Warning: In design 'config_analyzer_MAX_K5_HYBRID_ENTRY_NUM14_ROW_W10_COL_W10_PATTERN_ID_W4_MAX_PATTERNS10', cell 'C49554' does not drive any nets. (LINT-1)
Warning: In design 'config_analyzer_MAX_K5_HYBRID_ENTRY_NUM14_ROW_W10_COL_W10_PATTERN_ID_W4_MAX_PATTERNS10', cell 'C49560' does not drive any nets. (LINT-1)
Warning: In design 'config_analyzer_MAX_K5_HYBRID_ENTRY_NUM14_ROW_W10_COL_W10_PATTERN_ID_W4_MAX_PATTERNS10', cell 'C49566' does not drive any nets. (LINT-1)
Warning: In design 'config_analyzer_MAX_K5_HYBRID_ENTRY_NUM14_ROW_W10_COL_W10_PATTERN_ID_W4_MAX_PATTERNS10', cell 'C49733' does not drive any nets. (LINT-1)
Warning: In design 'config_analyzer_MAX_K5_HYBRID_ENTRY_NUM14_ROW_W10_COL_W10_PATTERN_ID_W4_MAX_PATTERNS10', cell 'C49739' does not drive any nets. (LINT-1)
Warning: In design 'config_analyzer_MAX_K5_HYBRID_ENTRY_NUM14_ROW_W10_COL_W10_PATTERN_ID_W4_MAX_PATTERNS10', cell 'C49746' does not drive any nets. (LINT-1)
Warning: In design 'config_analyzer_MAX_K5_HYBRID_ENTRY_NUM14_ROW_W10_COL_W10_PATTERN_ID_W4_MAX_PATTERNS10', cell 'C49752' does not drive any nets. (LINT-1)
Warning: In design 'config_analyzer_MAX_K5_HYBRID_ENTRY_NUM14_ROW_W10_COL_W10_PATTERN_ID_W4_MAX_PATTERNS10', cell 'C49758' does not drive any nets. (LINT-1)
Warning: In design 'config_analyzer_MAX_K5_HYBRID_ENTRY_NUM14_ROW_W10_COL_W10_PATTERN_ID_W4_MAX_PATTERNS10', cell 'C49764' does not drive any nets. (LINT-1)
Warning: In design 'config_analyzer_MAX_K5_HYBRID_ENTRY_NUM14_ROW_W10_COL_W10_PATTERN_ID_W4_MAX_PATTERNS10', cell 'C49931' does not drive any nets. (LINT-1)
Warning: In design 'config_analyzer_MAX_K5_HYBRID_ENTRY_NUM14_ROW_W10_COL_W10_PATTERN_ID_W4_MAX_PATTERNS10', cell 'C49937' does not drive any nets. (LINT-1)
Warning: In design 'config_analyzer_MAX_K5_HYBRID_ENTRY_NUM14_ROW_W10_COL_W10_PATTERN_ID_W4_MAX_PATTERNS10', cell 'C49944' does not drive any nets. (LINT-1)
Warning: In design 'config_analyzer_MAX_K5_HYBRID_ENTRY_NUM14_ROW_W10_COL_W10_PATTERN_ID_W4_MAX_PATTERNS10', cell 'C49950' does not drive any nets. (LINT-1)
Warning: In design 'config_analyzer_MAX_K5_HYBRID_ENTRY_NUM14_ROW_W10_COL_W10_PATTERN_ID_W4_MAX_PATTERNS10', cell 'C49956' does not drive any nets. (LINT-1)
Warning: In design 'config_analyzer_MAX_K5_HYBRID_ENTRY_NUM14_ROW_W10_COL_W10_PATTERN_ID_W4_MAX_PATTERNS10', cell 'C49962' does not drive any nets. (LINT-1)
Warning: In design 'config_analyzer_MAX_K5_HYBRID_ENTRY_NUM14_ROW_W10_COL_W10_PATTERN_ID_W4_MAX_PATTERNS10', cell 'C50129' does not drive any nets. (LINT-1)
Warning: In design 'config_analyzer_MAX_K5_HYBRID_ENTRY_NUM14_ROW_W10_COL_W10_PATTERN_ID_W4_MAX_PATTERNS10', cell 'C50135' does not drive any nets. (LINT-1)
Warning: In design 'config_analyzer_MAX_K5_HYBRID_ENTRY_NUM14_ROW_W10_COL_W10_PATTERN_ID_W4_MAX_PATTERNS10', cell 'C50142' does not drive any nets. (LINT-1)
Warning: In design 'config_analyzer_MAX_K5_HYBRID_ENTRY_NUM14_ROW_W10_COL_W10_PATTERN_ID_W4_MAX_PATTERNS10', cell 'C50148' does not drive any nets. (LINT-1)
Warning: In design 'config_analyzer_MAX_K5_HYBRID_ENTRY_NUM14_ROW_W10_COL_W10_PATTERN_ID_W4_MAX_PATTERNS10', cell 'C50154' does not drive any nets. (LINT-1)
Warning: In design 'config_analyzer_MAX_K5_HYBRID_ENTRY_NUM14_ROW_W10_COL_W10_PATTERN_ID_W4_MAX_PATTERNS10', cell 'C50160' does not drive any nets. (LINT-1)
Warning: In design 'config_analyzer_MAX_K5_HYBRID_ENTRY_NUM14_ROW_W10_COL_W10_PATTERN_ID_W4_MAX_PATTERNS10', cell 'C50327' does not drive any nets. (LINT-1)
Warning: In design 'config_analyzer_MAX_K5_HYBRID_ENTRY_NUM14_ROW_W10_COL_W10_PATTERN_ID_W4_MAX_PATTERNS10', cell 'C50333' does not drive any nets. (LINT-1)
Warning: In design 'config_analyzer_MAX_K5_HYBRID_ENTRY_NUM14_ROW_W10_COL_W10_PATTERN_ID_W4_MAX_PATTERNS10', cell 'C50340' does not drive any nets. (LINT-1)
Warning: In design 'config_analyzer_MAX_K5_HYBRID_ENTRY_NUM14_ROW_W10_COL_W10_PATTERN_ID_W4_MAX_PATTERNS10', cell 'C50346' does not drive any nets. (LINT-1)
Warning: In design 'config_analyzer_MAX_K5_HYBRID_ENTRY_NUM14_ROW_W10_COL_W10_PATTERN_ID_W4_MAX_PATTERNS10', cell 'C50352' does not drive any nets. (LINT-1)
Warning: In design 'config_analyzer_MAX_K5_HYBRID_ENTRY_NUM14_ROW_W10_COL_W10_PATTERN_ID_W4_MAX_PATTERNS10', cell 'C50358' does not drive any nets. (LINT-1)
Warning: In design 'config_analyzer_MAX_K5_HYBRID_ENTRY_NUM14_ROW_W10_COL_W10_PATTERN_ID_W4_MAX_PATTERNS10', cell 'C50525' does not drive any nets. (LINT-1)
Warning: In design 'config_analyzer_MAX_K5_HYBRID_ENTRY_NUM14_ROW_W10_COL_W10_PATTERN_ID_W4_MAX_PATTERNS10', cell 'C50531' does not drive any nets. (LINT-1)
Warning: In design 'config_analyzer_MAX_K5_HYBRID_ENTRY_NUM14_ROW_W10_COL_W10_PATTERN_ID_W4_MAX_PATTERNS10', cell 'C50538' does not drive any nets. (LINT-1)
Warning: In design 'config_analyzer_MAX_K5_HYBRID_ENTRY_NUM14_ROW_W10_COL_W10_PATTERN_ID_W4_MAX_PATTERNS10', cell 'C50544' does not drive any nets. (LINT-1)
Warning: In design 'config_analyzer_MAX_K5_HYBRID_ENTRY_NUM14_ROW_W10_COL_W10_PATTERN_ID_W4_MAX_PATTERNS10', cell 'C50550' does not drive any nets. (LINT-1)
Warning: In design 'config_analyzer_MAX_K5_HYBRID_ENTRY_NUM14_ROW_W10_COL_W10_PATTERN_ID_W4_MAX_PATTERNS10', cell 'C50556' does not drive any nets. (LINT-1)
Warning: In design 'config_analyzer_MAX_K5_HYBRID_ENTRY_NUM14_ROW_W10_COL_W10_PATTERN_ID_W4_MAX_PATTERNS10', cell 'C50723' does not drive any nets. (LINT-1)
Warning: In design 'config_analyzer_MAX_K5_HYBRID_ENTRY_NUM14_ROW_W10_COL_W10_PATTERN_ID_W4_MAX_PATTERNS10', cell 'C50729' does not drive any nets. (LINT-1)
Warning: In design 'config_analyzer_MAX_K5_HYBRID_ENTRY_NUM14_ROW_W10_COL_W10_PATTERN_ID_W4_MAX_PATTERNS10', cell 'C50736' does not drive any nets. (LINT-1)
Warning: In design 'config_analyzer_MAX_K5_HYBRID_ENTRY_NUM14_ROW_W10_COL_W10_PATTERN_ID_W4_MAX_PATTERNS10', cell 'C50742' does not drive any nets. (LINT-1)
Warning: In design 'config_analyzer_MAX_K5_HYBRID_ENTRY_NUM14_ROW_W10_COL_W10_PATTERN_ID_W4_MAX_PATTERNS10', cell 'C50748' does not drive any nets. (LINT-1)
Warning: In design 'config_analyzer_MAX_K5_HYBRID_ENTRY_NUM14_ROW_W10_COL_W10_PATTERN_ID_W4_MAX_PATTERNS10', cell 'C50754' does not drive any nets. (LINT-1)
Warning: In design 'config_analyzer_MAX_K5_HYBRID_ENTRY_NUM14_ROW_W10_COL_W10_PATTERN_ID_W4_MAX_PATTERNS10', cell 'C50921' does not drive any nets. (LINT-1)
Warning: In design 'config_analyzer_MAX_K5_HYBRID_ENTRY_NUM14_ROW_W10_COL_W10_PATTERN_ID_W4_MAX_PATTERNS10', cell 'C50927' does not drive any nets. (LINT-1)
Warning: In design 'config_analyzer_MAX_K5_HYBRID_ENTRY_NUM14_ROW_W10_COL_W10_PATTERN_ID_W4_MAX_PATTERNS10', cell 'C50934' does not drive any nets. (LINT-1)
Warning: In design 'config_analyzer_MAX_K5_HYBRID_ENTRY_NUM14_ROW_W10_COL_W10_PATTERN_ID_W4_MAX_PATTERNS10', cell 'C50940' does not drive any nets. (LINT-1)
Warning: In design 'config_analyzer_MAX_K5_HYBRID_ENTRY_NUM14_ROW_W10_COL_W10_PATTERN_ID_W4_MAX_PATTERNS10', cell 'C50946' does not drive any nets. (LINT-1)
Warning: In design 'config_analyzer_MAX_K5_HYBRID_ENTRY_NUM14_ROW_W10_COL_W10_PATTERN_ID_W4_MAX_PATTERNS10', cell 'C50952' does not drive any nets. (LINT-1)
Warning: In design 'config_analyzer_MAX_K5_HYBRID_ENTRY_NUM14_ROW_W10_COL_W10_PATTERN_ID_W4_MAX_PATTERNS10', cell 'C51119' does not drive any nets. (LINT-1)
Warning: In design 'config_analyzer_MAX_K5_HYBRID_ENTRY_NUM14_ROW_W10_COL_W10_PATTERN_ID_W4_MAX_PATTERNS10', cell 'C51125' does not drive any nets. (LINT-1)
Warning: In design 'config_analyzer_MAX_K5_HYBRID_ENTRY_NUM14_ROW_W10_COL_W10_PATTERN_ID_W4_MAX_PATTERNS10', cell 'C51132' does not drive any nets. (LINT-1)
Warning: In design 'config_analyzer_MAX_K5_HYBRID_ENTRY_NUM14_ROW_W10_COL_W10_PATTERN_ID_W4_MAX_PATTERNS10', cell 'C51138' does not drive any nets. (LINT-1)
Warning: In design 'config_analyzer_MAX_K5_HYBRID_ENTRY_NUM14_ROW_W10_COL_W10_PATTERN_ID_W4_MAX_PATTERNS10', cell 'C51144' does not drive any nets. (LINT-1)
Warning: In design 'config_analyzer_MAX_K5_HYBRID_ENTRY_NUM14_ROW_W10_COL_W10_PATTERN_ID_W4_MAX_PATTERNS10', cell 'C51150' does not drive any nets. (LINT-1)
Warning: In design 'config_analyzer_MAX_K5_HYBRID_ENTRY_NUM14_ROW_W10_COL_W10_PATTERN_ID_W4_MAX_PATTERNS10', cell 'C51317' does not drive any nets. (LINT-1)
Warning: In design 'config_analyzer_MAX_K5_HYBRID_ENTRY_NUM14_ROW_W10_COL_W10_PATTERN_ID_W4_MAX_PATTERNS10', cell 'C51323' does not drive any nets. (LINT-1)
Warning: In design 'config_analyzer_MAX_K5_HYBRID_ENTRY_NUM14_ROW_W10_COL_W10_PATTERN_ID_W4_MAX_PATTERNS10', cell 'C51330' does not drive any nets. (LINT-1)
Warning: In design 'config_analyzer_MAX_K5_HYBRID_ENTRY_NUM14_ROW_W10_COL_W10_PATTERN_ID_W4_MAX_PATTERNS10', cell 'C51336' does not drive any nets. (LINT-1)
Warning: In design 'config_analyzer_MAX_K5_HYBRID_ENTRY_NUM14_ROW_W10_COL_W10_PATTERN_ID_W4_MAX_PATTERNS10', cell 'C51342' does not drive any nets. (LINT-1)
Warning: In design 'config_analyzer_MAX_K5_HYBRID_ENTRY_NUM14_ROW_W10_COL_W10_PATTERN_ID_W4_MAX_PATTERNS10', cell 'C51348' does not drive any nets. (LINT-1)
Warning: In design 'config_analyzer_MAX_K5_HYBRID_ENTRY_NUM14_ROW_W10_COL_W10_PATTERN_ID_W4_MAX_PATTERNS10', cell 'C51515' does not drive any nets. (LINT-1)
Warning: In design 'config_analyzer_MAX_K5_HYBRID_ENTRY_NUM14_ROW_W10_COL_W10_PATTERN_ID_W4_MAX_PATTERNS10', cell 'C51521' does not drive any nets. (LINT-1)
Warning: In design 'config_analyzer_MAX_K5_HYBRID_ENTRY_NUM14_ROW_W10_COL_W10_PATTERN_ID_W4_MAX_PATTERNS10', cell 'C51525' does not drive any nets. (LINT-1)
Warning: In design 'config_analyzer_MAX_K5_HYBRID_ENTRY_NUM14_ROW_W10_COL_W10_PATTERN_ID_W4_MAX_PATTERNS10', cell 'C51529' does not drive any nets. (LINT-1)
Warning: In design 'config_analyzer_MAX_K5_HYBRID_ENTRY_NUM14_ROW_W10_COL_W10_PATTERN_ID_W4_MAX_PATTERNS10', cell 'C51533' does not drive any nets. (LINT-1)
Warning: In design 'config_analyzer_MAX_K5_HYBRID_ENTRY_NUM14_ROW_W10_COL_W10_PATTERN_ID_W4_MAX_PATTERNS10', cell 'C51535' does not drive any nets. (LINT-1)
Warning: In design 'config_analyzer_MAX_K5_HYBRID_ENTRY_NUM14_ROW_W10_COL_W10_PATTERN_ID_W4_MAX_PATTERNS10', cell 'C51538' does not drive any nets. (LINT-1)
Warning: In design 'config_analyzer_MAX_K5_HYBRID_ENTRY_NUM14_ROW_W10_COL_W10_PATTERN_ID_W4_MAX_PATTERNS10', cell 'C51544' does not drive any nets. (LINT-1)
Warning: In design 'config_analyzer_MAX_K5_HYBRID_ENTRY_NUM14_ROW_W10_COL_W10_PATTERN_ID_W4_MAX_PATTERNS10', cell 'C51548' does not drive any nets. (LINT-1)
Warning: In design 'config_analyzer_MAX_K5_HYBRID_ENTRY_NUM14_ROW_W10_COL_W10_PATTERN_ID_W4_MAX_PATTERNS10', cell 'C51552' does not drive any nets. (LINT-1)
Warning: In design 'config_analyzer_MAX_K5_HYBRID_ENTRY_NUM14_ROW_W10_COL_W10_PATTERN_ID_W4_MAX_PATTERNS10', cell 'C51556' does not drive any nets. (LINT-1)
Warning: In design 'config_analyzer_MAX_K5_HYBRID_ENTRY_NUM14_ROW_W10_COL_W10_PATTERN_ID_W4_MAX_PATTERNS10', cell 'C51558' does not drive any nets. (LINT-1)
Warning: In design 'config_analyzer_MAX_K5_HYBRID_ENTRY_NUM14_ROW_W10_COL_W10_PATTERN_ID_W4_MAX_PATTERNS10', cell 'C51561' does not drive any nets. (LINT-1)
Warning: In design 'config_analyzer_MAX_K5_HYBRID_ENTRY_NUM14_ROW_W10_COL_W10_PATTERN_ID_W4_MAX_PATTERNS10', cell 'C51567' does not drive any nets. (LINT-1)
Warning: In design 'config_analyzer_MAX_K5_HYBRID_ENTRY_NUM14_ROW_W10_COL_W10_PATTERN_ID_W4_MAX_PATTERNS10', cell 'C51571' does not drive any nets. (LINT-1)
Warning: In design 'config_analyzer_MAX_K5_HYBRID_ENTRY_NUM14_ROW_W10_COL_W10_PATTERN_ID_W4_MAX_PATTERNS10', cell 'C51575' does not drive any nets. (LINT-1)
Warning: In design 'config_analyzer_MAX_K5_HYBRID_ENTRY_NUM14_ROW_W10_COL_W10_PATTERN_ID_W4_MAX_PATTERNS10', cell 'C51579' does not drive any nets. (LINT-1)
Warning: In design 'config_analyzer_MAX_K5_HYBRID_ENTRY_NUM14_ROW_W10_COL_W10_PATTERN_ID_W4_MAX_PATTERNS10', cell 'C51581' does not drive any nets. (LINT-1)
Warning: In design 'config_analyzer_MAX_K5_HYBRID_ENTRY_NUM14_ROW_W10_COL_W10_PATTERN_ID_W4_MAX_PATTERNS10', cell 'C51584' does not drive any nets. (LINT-1)
Warning: In design 'config_analyzer_MAX_K5_HYBRID_ENTRY_NUM14_ROW_W10_COL_W10_PATTERN_ID_W4_MAX_PATTERNS10', cell 'C51590' does not drive any nets. (LINT-1)
Warning: In design 'config_analyzer_MAX_K5_HYBRID_ENTRY_NUM14_ROW_W10_COL_W10_PATTERN_ID_W4_MAX_PATTERNS10', cell 'C51594' does not drive any nets. (LINT-1)
Warning: In design 'config_analyzer_MAX_K5_HYBRID_ENTRY_NUM14_ROW_W10_COL_W10_PATTERN_ID_W4_MAX_PATTERNS10', cell 'C51598' does not drive any nets. (LINT-1)
Warning: In design 'config_analyzer_MAX_K5_HYBRID_ENTRY_NUM14_ROW_W10_COL_W10_PATTERN_ID_W4_MAX_PATTERNS10', cell 'C51602' does not drive any nets. (LINT-1)
Warning: In design 'config_analyzer_MAX_K5_HYBRID_ENTRY_NUM14_ROW_W10_COL_W10_PATTERN_ID_W4_MAX_PATTERNS10', cell 'C51604' does not drive any nets. (LINT-1)
Warning: In design 'config_analyzer_MAX_K5_HYBRID_ENTRY_NUM14_ROW_W10_COL_W10_PATTERN_ID_W4_MAX_PATTERNS10', cell 'C51607' does not drive any nets. (LINT-1)
Warning: In design 'config_analyzer_MAX_K5_HYBRID_ENTRY_NUM14_ROW_W10_COL_W10_PATTERN_ID_W4_MAX_PATTERNS10', cell 'C51613' does not drive any nets. (LINT-1)
Warning: In design 'config_analyzer_MAX_K5_HYBRID_ENTRY_NUM14_ROW_W10_COL_W10_PATTERN_ID_W4_MAX_PATTERNS10', cell 'C51617' does not drive any nets. (LINT-1)
Warning: In design 'config_analyzer_MAX_K5_HYBRID_ENTRY_NUM14_ROW_W10_COL_W10_PATTERN_ID_W4_MAX_PATTERNS10', cell 'C51621' does not drive any nets. (LINT-1)
Warning: In design 'config_analyzer_MAX_K5_HYBRID_ENTRY_NUM14_ROW_W10_COL_W10_PATTERN_ID_W4_MAX_PATTERNS10', cell 'C51625' does not drive any nets. (LINT-1)
Warning: In design 'config_analyzer_MAX_K5_HYBRID_ENTRY_NUM14_ROW_W10_COL_W10_PATTERN_ID_W4_MAX_PATTERNS10', cell 'C51627' does not drive any nets. (LINT-1)
Warning: In design 'config_analyzer_MAX_K5_HYBRID_ENTRY_NUM14_ROW_W10_COL_W10_PATTERN_ID_W4_MAX_PATTERNS10', cell 'C51630' does not drive any nets. (LINT-1)
Warning: In design 'config_analyzer_MAX_K5_HYBRID_ENTRY_NUM14_ROW_W10_COL_W10_PATTERN_ID_W4_MAX_PATTERNS10', cell 'C51636' does not drive any nets. (LINT-1)
Warning: In design 'config_analyzer_MAX_K5_HYBRID_ENTRY_NUM14_ROW_W10_COL_W10_PATTERN_ID_W4_MAX_PATTERNS10', cell 'C51640' does not drive any nets. (LINT-1)
Warning: In design 'config_analyzer_MAX_K5_HYBRID_ENTRY_NUM14_ROW_W10_COL_W10_PATTERN_ID_W4_MAX_PATTERNS10', cell 'C51644' does not drive any nets. (LINT-1)
Warning: In design 'config_analyzer_MAX_K5_HYBRID_ENTRY_NUM14_ROW_W10_COL_W10_PATTERN_ID_W4_MAX_PATTERNS10', cell 'C51648' does not drive any nets. (LINT-1)
Warning: In design 'config_analyzer_MAX_K5_HYBRID_ENTRY_NUM14_ROW_W10_COL_W10_PATTERN_ID_W4_MAX_PATTERNS10', cell 'C51650' does not drive any nets. (LINT-1)
Warning: In design 'config_analyzer_MAX_K5_HYBRID_ENTRY_NUM14_ROW_W10_COL_W10_PATTERN_ID_W4_MAX_PATTERNS10', cell 'C51653' does not drive any nets. (LINT-1)
Warning: In design 'config_analyzer_MAX_K5_HYBRID_ENTRY_NUM14_ROW_W10_COL_W10_PATTERN_ID_W4_MAX_PATTERNS10', cell 'C51659' does not drive any nets. (LINT-1)
Warning: In design 'config_analyzer_MAX_K5_HYBRID_ENTRY_NUM14_ROW_W10_COL_W10_PATTERN_ID_W4_MAX_PATTERNS10', cell 'C51663' does not drive any nets. (LINT-1)
Warning: In design 'config_analyzer_MAX_K5_HYBRID_ENTRY_NUM14_ROW_W10_COL_W10_PATTERN_ID_W4_MAX_PATTERNS10', cell 'C51667' does not drive any nets. (LINT-1)
Warning: In design 'config_analyzer_MAX_K5_HYBRID_ENTRY_NUM14_ROW_W10_COL_W10_PATTERN_ID_W4_MAX_PATTERNS10', cell 'C51671' does not drive any nets. (LINT-1)
Warning: In design 'config_analyzer_MAX_K5_HYBRID_ENTRY_NUM14_ROW_W10_COL_W10_PATTERN_ID_W4_MAX_PATTERNS10', cell 'C51673' does not drive any nets. (LINT-1)
Warning: In design 'config_analyzer_MAX_K5_HYBRID_ENTRY_NUM14_ROW_W10_COL_W10_PATTERN_ID_W4_MAX_PATTERNS10', cell 'C51676' does not drive any nets. (LINT-1)
Warning: In design 'config_analyzer_MAX_K5_HYBRID_ENTRY_NUM14_ROW_W10_COL_W10_PATTERN_ID_W4_MAX_PATTERNS10', cell 'C51682' does not drive any nets. (LINT-1)
Warning: In design 'config_analyzer_MAX_K5_HYBRID_ENTRY_NUM14_ROW_W10_COL_W10_PATTERN_ID_W4_MAX_PATTERNS10', cell 'C51686' does not drive any nets. (LINT-1)
Warning: In design 'config_analyzer_MAX_K5_HYBRID_ENTRY_NUM14_ROW_W10_COL_W10_PATTERN_ID_W4_MAX_PATTERNS10', cell 'C51690' does not drive any nets. (LINT-1)
Warning: In design 'config_analyzer_MAX_K5_HYBRID_ENTRY_NUM14_ROW_W10_COL_W10_PATTERN_ID_W4_MAX_PATTERNS10', cell 'C51694' does not drive any nets. (LINT-1)
Warning: In design 'config_analyzer_MAX_K5_HYBRID_ENTRY_NUM14_ROW_W10_COL_W10_PATTERN_ID_W4_MAX_PATTERNS10', cell 'C51696' does not drive any nets. (LINT-1)
Warning: In design 'config_analyzer_MAX_K5_HYBRID_ENTRY_NUM14_ROW_W10_COL_W10_PATTERN_ID_W4_MAX_PATTERNS10', cell 'C51699' does not drive any nets. (LINT-1)
Warning: In design 'config_analyzer_MAX_K5_HYBRID_ENTRY_NUM14_ROW_W10_COL_W10_PATTERN_ID_W4_MAX_PATTERNS10', cell 'C51705' does not drive any nets. (LINT-1)
Warning: In design 'config_analyzer_MAX_K5_HYBRID_ENTRY_NUM14_ROW_W10_COL_W10_PATTERN_ID_W4_MAX_PATTERNS10', cell 'C51709' does not drive any nets. (LINT-1)
Warning: In design 'config_analyzer_MAX_K5_HYBRID_ENTRY_NUM14_ROW_W10_COL_W10_PATTERN_ID_W4_MAX_PATTERNS10', cell 'C51713' does not drive any nets. (LINT-1)
Warning: In design 'config_analyzer_MAX_K5_HYBRID_ENTRY_NUM14_ROW_W10_COL_W10_PATTERN_ID_W4_MAX_PATTERNS10', cell 'C51717' does not drive any nets. (LINT-1)
Warning: In design 'config_analyzer_MAX_K5_HYBRID_ENTRY_NUM14_ROW_W10_COL_W10_PATTERN_ID_W4_MAX_PATTERNS10', cell 'C51719' does not drive any nets. (LINT-1)
Warning: In design 'config_analyzer_MAX_K5_HYBRID_ENTRY_NUM14_ROW_W10_COL_W10_PATTERN_ID_W4_MAX_PATTERNS10', cell 'C51722' does not drive any nets. (LINT-1)
Warning: In design 'config_analyzer_MAX_K5_HYBRID_ENTRY_NUM14_ROW_W10_COL_W10_PATTERN_ID_W4_MAX_PATTERNS10', cell 'C51728' does not drive any nets. (LINT-1)
Warning: In design 'config_analyzer_MAX_K5_HYBRID_ENTRY_NUM14_ROW_W10_COL_W10_PATTERN_ID_W4_MAX_PATTERNS10', cell 'C51732' does not drive any nets. (LINT-1)
Warning: In design 'config_analyzer_MAX_K5_HYBRID_ENTRY_NUM14_ROW_W10_COL_W10_PATTERN_ID_W4_MAX_PATTERNS10', cell 'C51736' does not drive any nets. (LINT-1)
Warning: In design 'config_analyzer_MAX_K5_HYBRID_ENTRY_NUM14_ROW_W10_COL_W10_PATTERN_ID_W4_MAX_PATTERNS10', cell 'C51740' does not drive any nets. (LINT-1)
Warning: In design 'config_analyzer_MAX_K5_HYBRID_ENTRY_NUM14_ROW_W10_COL_W10_PATTERN_ID_W4_MAX_PATTERNS10', cell 'C51742' does not drive any nets. (LINT-1)
Warning: In design 'config_analyzer_MAX_K5_HYBRID_ENTRY_NUM14_ROW_W10_COL_W10_PATTERN_ID_W4_MAX_PATTERNS10', cell 'C51745' does not drive any nets. (LINT-1)
Warning: In design 'config_analyzer_MAX_K5_HYBRID_ENTRY_NUM14_ROW_W10_COL_W10_PATTERN_ID_W4_MAX_PATTERNS10', cell 'C51751' does not drive any nets. (LINT-1)
Warning: In design 'config_analyzer_MAX_K5_HYBRID_ENTRY_NUM14_ROW_W10_COL_W10_PATTERN_ID_W4_MAX_PATTERNS10', cell 'C51755' does not drive any nets. (LINT-1)
Warning: In design 'config_analyzer_MAX_K5_HYBRID_ENTRY_NUM14_ROW_W10_COL_W10_PATTERN_ID_W4_MAX_PATTERNS10', cell 'C51759' does not drive any nets. (LINT-1)
Warning: In design 'config_analyzer_MAX_K5_HYBRID_ENTRY_NUM14_ROW_W10_COL_W10_PATTERN_ID_W4_MAX_PATTERNS10', cell 'C51763' does not drive any nets. (LINT-1)
Warning: In design 'config_analyzer_MAX_K5_HYBRID_ENTRY_NUM14_ROW_W10_COL_W10_PATTERN_ID_W4_MAX_PATTERNS10', cell 'C51765' does not drive any nets. (LINT-1)
Warning: In design 'config_analyzer_MAX_K5_HYBRID_ENTRY_NUM14_ROW_W10_COL_W10_PATTERN_ID_W4_MAX_PATTERNS10', cell 'C51768' does not drive any nets. (LINT-1)
Warning: In design 'config_analyzer_MAX_K5_HYBRID_ENTRY_NUM14_ROW_W10_COL_W10_PATTERN_ID_W4_MAX_PATTERNS10', cell 'C51774' does not drive any nets. (LINT-1)
Warning: In design 'config_analyzer_MAX_K5_HYBRID_ENTRY_NUM14_ROW_W10_COL_W10_PATTERN_ID_W4_MAX_PATTERNS10', cell 'C51778' does not drive any nets. (LINT-1)
Warning: In design 'config_analyzer_MAX_K5_HYBRID_ENTRY_NUM14_ROW_W10_COL_W10_PATTERN_ID_W4_MAX_PATTERNS10', cell 'C51782' does not drive any nets. (LINT-1)
Warning: In design 'config_analyzer_MAX_K5_HYBRID_ENTRY_NUM14_ROW_W10_COL_W10_PATTERN_ID_W4_MAX_PATTERNS10', cell 'C51786' does not drive any nets. (LINT-1)
Warning: In design 'config_analyzer_MAX_K5_HYBRID_ENTRY_NUM14_ROW_W10_COL_W10_PATTERN_ID_W4_MAX_PATTERNS10', cell 'C51788' does not drive any nets. (LINT-1)
Warning: In design 'config_analyzer_MAX_K5_HYBRID_ENTRY_NUM14_ROW_W10_COL_W10_PATTERN_ID_W4_MAX_PATTERNS10', cell 'C51791' does not drive any nets. (LINT-1)
Warning: In design 'config_analyzer_MAX_K5_HYBRID_ENTRY_NUM14_ROW_W10_COL_W10_PATTERN_ID_W4_MAX_PATTERNS10', cell 'C51797' does not drive any nets. (LINT-1)
Warning: In design 'config_analyzer_MAX_K5_HYBRID_ENTRY_NUM14_ROW_W10_COL_W10_PATTERN_ID_W4_MAX_PATTERNS10', cell 'C51801' does not drive any nets. (LINT-1)
Warning: In design 'config_analyzer_MAX_K5_HYBRID_ENTRY_NUM14_ROW_W10_COL_W10_PATTERN_ID_W4_MAX_PATTERNS10', cell 'C51805' does not drive any nets. (LINT-1)
Warning: In design 'config_analyzer_MAX_K5_HYBRID_ENTRY_NUM14_ROW_W10_COL_W10_PATTERN_ID_W4_MAX_PATTERNS10', cell 'C51809' does not drive any nets. (LINT-1)
Warning: In design 'config_analyzer_MAX_K5_HYBRID_ENTRY_NUM14_ROW_W10_COL_W10_PATTERN_ID_W4_MAX_PATTERNS10', cell 'C51811' does not drive any nets. (LINT-1)
Warning: In design 'config_analyzer_MAX_K5_HYBRID_ENTRY_NUM14_ROW_W10_COL_W10_PATTERN_ID_W4_MAX_PATTERNS10', cell 'C51814' does not drive any nets. (LINT-1)
Warning: In design 'config_analyzer_MAX_K5_HYBRID_ENTRY_NUM14_ROW_W10_COL_W10_PATTERN_ID_W4_MAX_PATTERNS10', cell 'C51826' does not drive any nets. (LINT-1)
Warning: In design 'config_analyzer_MAX_K5_HYBRID_ENTRY_NUM14_ROW_W10_COL_W10_PATTERN_ID_W4_MAX_PATTERNS10', cell 'C51830' does not drive any nets. (LINT-1)
Warning: In design 'config_analyzer_MAX_K5_HYBRID_ENTRY_NUM14_ROW_W10_COL_W10_PATTERN_ID_W4_MAX_PATTERNS10', cell 'C51832' does not drive any nets. (LINT-1)
Warning: In design 'config_analyzer_MAX_K5_HYBRID_ENTRY_NUM14_ROW_W10_COL_W10_PATTERN_ID_W4_MAX_PATTERNS10', cell 'C51835' does not drive any nets. (LINT-1)
Warning: In design 'config_analyzer_MAX_K5_HYBRID_ENTRY_NUM14_ROW_W10_COL_W10_PATTERN_ID_W4_MAX_PATTERNS10', cell 'C51836' does not drive any nets. (LINT-1)
Warning: In design 'config_analyzer_MAX_K5_HYBRID_ENTRY_NUM14_ROW_W10_COL_W10_PATTERN_ID_W4_MAX_PATTERNS10', cell 'C51837' does not drive any nets. (LINT-1)
Warning: In design 'config_analyzer_MAX_K5_HYBRID_ENTRY_NUM14_ROW_W10_COL_W10_PATTERN_ID_W4_MAX_PATTERNS10', cell 'C51838' does not drive any nets. (LINT-1)
Warning: In design 'multi_config_analyzer_area_engine_HYBRID_ENTRY_NUM14', net 'unused_matrix[0]' driven by pin 'analyzer/matrix_flat_o[0]' has no loads. (LINT-2)
Warning: In design 'multi_config_analyzer_area_engine_HYBRID_ENTRY_NUM14', net 'unused_matrix[1]' driven by pin 'analyzer/matrix_flat_o[1]' has no loads. (LINT-2)
Warning: In design 'multi_config_analyzer_area_engine_HYBRID_ENTRY_NUM14', net 'unused_matrix[2]' driven by pin 'analyzer/matrix_flat_o[2]' has no loads. (LINT-2)
Warning: In design 'multi_config_analyzer_area_engine_HYBRID_ENTRY_NUM14', net 'unused_matrix[3]' driven by pin 'analyzer/matrix_flat_o[3]' has no loads. (LINT-2)
Warning: In design 'multi_config_analyzer_area_engine_HYBRID_ENTRY_NUM14', net 'unused_matrix[4]' driven by pin 'analyzer/matrix_flat_o[4]' has no loads. (LINT-2)
Warning: In design 'multi_config_analyzer_area_engine_HYBRID_ENTRY_NUM14', net 'unused_matrix[5]' driven by pin 'analyzer/matrix_flat_o[5]' has no loads. (LINT-2)
Warning: In design 'multi_config_analyzer_area_engine_HYBRID_ENTRY_NUM14', net 'unused_matrix[6]' driven by pin 'analyzer/matrix_flat_o[6]' has no loads. (LINT-2)
Warning: In design 'multi_config_analyzer_area_engine_HYBRID_ENTRY_NUM14', net 'unused_matrix[7]' driven by pin 'analyzer/matrix_flat_o[7]' has no loads. (LINT-2)
Warning: In design 'multi_config_analyzer_area_engine_HYBRID_ENTRY_NUM14', net 'unused_matrix[8]' driven by pin 'analyzer/matrix_flat_o[8]' has no loads. (LINT-2)
Warning: In design 'multi_config_analyzer_area_engine_HYBRID_ENTRY_NUM14', net 'unused_matrix[9]' driven by pin 'analyzer/matrix_flat_o[9]' has no loads. (LINT-2)
Warning: In design 'multi_config_analyzer_area_engine_HYBRID_ENTRY_NUM14', net 'unused_matrix[10]' driven by pin 'analyzer/matrix_flat_o[10]' has no loads. (LINT-2)
Warning: In design 'multi_config_analyzer_area_engine_HYBRID_ENTRY_NUM14', net 'unused_matrix[11]' driven by pin 'analyzer/matrix_flat_o[11]' has no loads. (LINT-2)
Warning: In design 'multi_config_analyzer_area_engine_HYBRID_ENTRY_NUM14', net 'unused_matrix[12]' driven by pin 'analyzer/matrix_flat_o[12]' has no loads. (LINT-2)
Warning: In design 'multi_config_analyzer_area_engine_HYBRID_ENTRY_NUM14', net 'unused_matrix[13]' driven by pin 'analyzer/matrix_flat_o[13]' has no loads. (LINT-2)
Warning: In design 'multi_config_analyzer_area_engine_HYBRID_ENTRY_NUM14', net 'unused_matrix[14]' driven by pin 'analyzer/matrix_flat_o[14]' has no loads. (LINT-2)
Warning: In design 'multi_config_analyzer_area_engine_HYBRID_ENTRY_NUM14', net 'unused_matrix[15]' driven by pin 'analyzer/matrix_flat_o[15]' has no loads. (LINT-2)
Warning: In design 'multi_config_analyzer_area_engine_HYBRID_ENTRY_NUM14', net 'unused_matrix[16]' driven by pin 'analyzer/matrix_flat_o[16]' has no loads. (LINT-2)
Warning: In design 'multi_config_analyzer_area_engine_HYBRID_ENTRY_NUM14', net 'unused_matrix[17]' driven by pin 'analyzer/matrix_flat_o[17]' has no loads. (LINT-2)
Warning: In design 'multi_config_analyzer_area_engine_HYBRID_ENTRY_NUM14', net 'unused_matrix[18]' driven by pin 'analyzer/matrix_flat_o[18]' has no loads. (LINT-2)
Warning: In design 'multi_config_analyzer_area_engine_HYBRID_ENTRY_NUM14', net 'unused_matrix[19]' driven by pin 'analyzer/matrix_flat_o[19]' has no loads. (LINT-2)
Warning: In design 'multi_config_analyzer_area_engine_HYBRID_ENTRY_NUM14', net 'unused_matrix[20]' driven by pin 'analyzer/matrix_flat_o[20]' has no loads. (LINT-2)
Warning: In design 'multi_config_analyzer_area_engine_HYBRID_ENTRY_NUM14', net 'unused_matrix[21]' driven by pin 'analyzer/matrix_flat_o[21]' has no loads. (LINT-2)
Warning: In design 'multi_config_analyzer_area_engine_HYBRID_ENTRY_NUM14', net 'unused_matrix[22]' driven by pin 'analyzer/matrix_flat_o[22]' has no loads. (LINT-2)
Warning: In design 'multi_config_analyzer_area_engine_HYBRID_ENTRY_NUM14', net 'unused_matrix[23]' driven by pin 'analyzer/matrix_flat_o[23]' has no loads. (LINT-2)
Warning: In design 'multi_config_analyzer_area_engine_HYBRID_ENTRY_NUM14', net 'unused_matrix[24]' driven by pin 'analyzer/matrix_flat_o[24]' has no loads. (LINT-2)
Warning: In design 'multi_config_analyzer_area_engine_HYBRID_ENTRY_NUM14', a pin on submodule 'analyzer' is connected to logic 1 or logic 0. (LINT-32)
   Pin 'active_rows_i[2]' is connected to logic 0. 
Warning: In design 'multi_config_analyzer_area_engine_HYBRID_ENTRY_NUM14', a pin on submodule 'analyzer' is connected to logic 1 or logic 0. (LINT-32)
   Pin 'active_rows_i[1]' is connected to logic 1. 
Warning: In design 'multi_config_analyzer_area_engine_HYBRID_ENTRY_NUM14', a pin on submodule 'analyzer' is connected to logic 1 or logic 0. (LINT-32)
   Pin 'active_cols_i[2]' is connected to logic 0. 
Warning: In design 'multi_config_analyzer_area_engine_HYBRID_ENTRY_NUM14', the same net is connected to more than one pin on submodule 'view'. (LINT-33)
   Net 'active_cfg[2]' is connected to pins 'config_id_i[2]', 'transpose_i''.
Warning: In design 'multi_config_analyzer_area_engine_HYBRID_ENTRY_NUM14', the same net is connected to more than one pin on submodule 'analyzer'. (LINT-33)
   Net '*Logic0*' is connected to pins 'active_rows_i[2]', 'active_cols_i[2]''.
1
