 
****************************************
Report : area
Design : recam_2r2c_analyzer
Version: W-2024.09-SP2
Date   : Wed Sep  9 20:29:54 2026
****************************************

Library(s) Used:

    slow (File: /cad/std_libraries/CBDK_TSMC018_Arm_f1.0/CIC/SynopsysDC/db/slow.db)

Number of ports:                          430
Number of nets:                          1743
Number of cells:                         1344
Number of combinational cells:           1339
Number of sequential cells:                 0
Number of macros/black boxes:               0
Number of buf/inv:                        277
Number of references:                       5

Combinational area:              26325.129875
Buf/Inv area:                     2897.294430
Noncombinational area:               0.000000
Macro/Black Box area:                0.000000
Net Interconnect area:          154654.108704

Total cell area:                 26325.129875
Total area:                     180979.238579

Hierarchical area distribution
------------------------------

                                  Global cell area            Local cell area
                                  -------------------  ----------------------------- 
Hierarchical cell                 Absolute    Percent  Combi-      Noncombi-  Black-
                                  Total       Total    national    national   boxes   Design
--------------------------------  ----------  -------  ----------  ---------  ------  ----------------------------------------------------
recam_2r2c_analyzer               26325.1299    100.0    156.3408     0.0000  0.0000  recam_2r2c_analyzer
matrix_builder                    25490.2035     96.8  25490.2035     0.0000  0.0000  recam_2r2c_matrix_builder_ADDR_W10_HYBRID_ENTRY_NUM4
pattern_analyzer                    395.8416      1.5    395.8416     0.0000  0.0000  recam_2r2c_pattern_analyzer
pattern_encoder                     282.7440      1.1    282.7440     0.0000  0.0000  recam_2r2c_pattern_encoder
--------------------------------  ----------  -------  ----------  ---------  ------  ----------------------------------------------------
Total                                                  26325.1299     0.0000  0.0000

1
