 
****************************************
check_design summary:
Version:     W-2024.09-SP2
Date:        Wed Sep  9 20:29:50 2026
****************************************

                   Name                                            Total
--------------------------------------------------------------------------------
Inputs/Outputs                                                      1
    Constant outputs (LINT-52)                                      1

Cells                                                              10
    Cells do not drive (LINT-1)                                    10
--------------------------------------------------------------------------------

Warning: In design 'recam_2r2c_matrix_builder_ADDR_W10_HYBRID_ENTRY_NUM4', cell 'B_292' does not drive any nets. (LINT-1)
Warning: In design 'recam_2r2c_matrix_builder_ADDR_W10_HYBRID_ENTRY_NUM4', cell 'B_293' does not drive any nets. (LINT-1)
Warning: In design 'recam_2r2c_matrix_builder_ADDR_W10_HYBRID_ENTRY_NUM4', cell 'B_294' does not drive any nets. (LINT-1)
Warning: In design 'recam_2r2c_matrix_builder_ADDR_W10_HYBRID_ENTRY_NUM4', cell 'B_298' does not drive any nets. (LINT-1)
Warning: In design 'recam_2r2c_matrix_builder_ADDR_W10_HYBRID_ENTRY_NUM4', cell 'C4850' does not drive any nets. (LINT-1)
Warning: In design 'recam_2r2c_matrix_builder_ADDR_W10_HYBRID_ENTRY_NUM4', cell 'C4854' does not drive any nets. (LINT-1)
Warning: In design 'recam_2r2c_matrix_builder_ADDR_W10_HYBRID_ENTRY_NUM4', cell 'C4864' does not drive any nets. (LINT-1)
Warning: In design 'recam_2r2c_matrix_builder_ADDR_W10_HYBRID_ENTRY_NUM4', cell 'C4868' does not drive any nets. (LINT-1)
Warning: In design 'recam_2r2c_matrix_builder_ADDR_W10_HYBRID_ENTRY_NUM4', cell 'C4883' does not drive any nets. (LINT-1)
Warning: In design 'recam_2r2c_matrix_builder_ADDR_W10_HYBRID_ENTRY_NUM4', cell 'C4887' does not drive any nets. (LINT-1)
Warning: In design 'recam_2r2c_pattern_encoder', output port 'pattern_id_o[3]' is connected directly to 'logic 0'. (LINT-52)
1
