 
****************************************
Report : qor
Design : recam_2r2c_analyzer
Version: W-2024.09-SP2
Date   : Wed Sep  9 20:29:54 2026
****************************************


  Timing Path Group 'recam_boundary_clk'
  -----------------------------------
  Levels of Logic:              91.00
  Critical Path Length:         25.00
  Critical Path Slack:           0.00
  Critical Path Clk Period:     25.00
  Total Negative Slack:          0.00
  No. of Violating Paths:        0.00
  Worst Hold Violation:          0.00
  Total Hold Violation:          0.00
  No. of Hold Violations:        0.00
  -----------------------------------


  Cell Count
  -----------------------------------
  Hierarchical Cell Count:          3
  Hierarchical Port Count:        226
  Leaf Cell Count:               1339
  Buf/Inv Cell Count:             277
  Buf Cell Count:                  63
  Inv Cell Count:                 214
  CT Buf/Inv Cell Count:            0
  Combinational Cell Count:      1339
  Sequential Cell Count:            0
  Macro Count:                      0
  -----------------------------------


  Area
  -----------------------------------
  Combinational Area:    26325.129875
  Noncombinational Area:     0.000000
  Buf/Inv Area:           2897.294430
  Total Buffer Area:          1157.59
  Total Inverter Area:        1739.71
  Macro/Black Box Area:      0.000000
  Net Area:             154654.108704
  -----------------------------------
  Cell Area:             26325.129875
  Design Area:          180979.238579


  Design Rules
  -----------------------------------
  Total Number of Nets:          1518
  Nets With Violations:             0
  Max Trans Violations:             0
  Max Cap Violations:               0
  -----------------------------------


  Hostname: Kaohsiung

  Compile CPU Statistics
  -----------------------------------------
  Resource Sharing:                    0.48
  Logic Optimization:                  0.87
  Mapping Optimization:                1.38
  -----------------------------------------
  Overall Compile Time:                3.58
  Overall Compile Wall Clock Time:     3.82

  --------------------------------------------------------------------

  Design  WNS: 0.00  TNS: 0.00  Number of Violating Paths: 0


  Design (Hold)  WNS: 0.00  TNS: 0.00  Number of Violating Paths: 0

  --------------------------------------------------------------------


1
