 
****************************************
Report : reference
Design : recam_2r2c_analyzer
Version: W-2024.09-SP2
Date   : Wed Sep  9 20:29:54 2026
****************************************

Attributes:
    b - black box (unknown)
   bo - allows boundary optimization
    d - dont_touch
   mo - map_only
    h - hierarchical
    n - noncombinational
    r - removable
    s - synthetic operator
    u - contains unmapped logic

Reference          Library       Unit Area   Count    Total Area   Attributes
-----------------------------------------------------------------------------
BUFX8              slow          29.937599       3     89.812798  
BUFX12             slow          33.264000       2     66.528000  
recam_2r2c_matrix_builder_ADDR_W10_HYBRID_ENTRY_NUM4
                              25490.203475       1  25490.203475  h
recam_2r2c_pattern_analyzer     395.841601       1    395.841601  h
recam_2r2c_pattern_encoder      282.744001       1    282.744001  h
-----------------------------------------------------------------------------
Total 5 references                                  26325.129875

****************************************
Design: recam_2r2c_matrix_builder_ADDR_W10_HYBRID_ENTRY_NUM4 
****************************************
Reference          Library       Unit Area   Count    Total Area   Attributes
-----------------------------------------------------------------------------
AND2X1             slow          13.305600       3     39.916800  
AND2X2             slow          13.305600      14    186.278402  
AND2X4             slow          16.632000       4     66.528000  
AND4X2             slow          19.958401       6    119.750404  
AOI2BB1X1          slow          16.632000       2     33.264000  
AOI2BB1XL          slow          16.632000       1     16.632000  
AOI2BB2X1          slow          23.284800      20    465.695992  
AOI21X1            slow          13.305600       1     13.305600  
AOI21X2            slow          23.284800       1     23.284800  
AOI21X4            slow          33.264000       1     33.264000  
AOI22X1            slow          16.632000      65   1081.079998  
AOI22X2            slow          29.937599       5    149.687996  
AOI22XL            slow          16.632000      47    781.703999  
AOI31X1            slow          16.632000       1     16.632000  
AOI31X2            slow          29.937599       1     29.937599  
AOI211X1           slow          16.632000       1     16.632000  
AOI211X2           slow          29.937599       1     29.937599  
AOI211X4           slow          33.264000       2     66.528000  
BUFX1              slow          13.305600       5     66.528001  
BUFX3              slow          13.305600      24    319.334404  
BUFX4              slow          16.632000      20    332.639999  
BUFX8              slow          29.937599       4    119.750397  
BUFX12             slow          33.264000       1     33.264000  
BUFX16             slow          43.243198       1     43.243198  
BUFX20             slow          53.222401       1     53.222401  
CLKBUFX2           slow          13.305600       1     13.305600  
CLKINVX3           slow           9.979200       7     69.854403  
CLKINVX4           slow          13.305600      20    266.112003  
CLKINVXL           slow           9.979200       6     59.875202  
DLY1X1             slow          19.958401       1     19.958401  
INVX1              slow           6.652800     143    951.350412  
INVX2              slow           9.979200      19    189.604807  
INVX4              slow          13.305600       3     39.916800  
INVX8              slow          19.958401       3     59.875202  
INVXL              slow           6.652800       8     53.222401  
NAND2BX1           slow          13.305600       3     39.916800  
NAND2BX2           slow          19.958401       3     59.875202  
NAND2BX4           slow          26.611200       3     79.833601  
NAND2BXL           slow          13.305600       1     13.305600  
NAND2X1            slow           9.979200      33    329.313612  
NAND2X2            slow          16.632000       5     83.160000  
NAND2X4            slow          23.284800      32    745.113586  
NAND2XL            slow           9.979200      71    708.523226  
NAND3BX1           slow          16.632000       1     16.632000  
NAND3BX4           slow          36.590401       1     36.590401  
NAND3X1            slow          13.305600      23    306.028804  
NAND3X2            slow          23.284800       2     46.569599  
NAND3X4            slow          33.264000       7    232.848000  
NAND3XL            slow          13.305600       2     26.611200  
NAND4BX4           slow          59.875198       4    239.500793  
NAND4BXL           slow          19.958401       1     19.958401  
NAND4X1            slow          16.632000      17    282.743999  
NAND4X2            slow          29.937599      12    359.251190  
NAND4X4            slow          56.548801       2    113.097603  
NAND4XL            slow          16.632000       1     16.632000  
NOR2BX1            slow          13.305600       4     53.222401  
NOR2BX2            slow          19.958401       2     39.916801  
NOR2BX4            slow          26.611200       2     53.222401  
NOR2BXL            slow          13.305600       1     13.305600  
NOR2X1             slow           9.979200      36    359.251213  
NOR2X2             slow          16.632000       4     66.528000  
NOR2X4             slow          23.284800       7    162.993597  
NOR2XL             slow           9.979200       3     29.937601  
NOR3BX2            slow          26.611200       3     79.833601  
NOR3BX4            slow          36.590401       3    109.771202  
NOR3X1             slow          13.305600      53    705.196809  
NOR3X2             slow          23.284800       5    116.423998  
NOR3X4             slow          33.264000      17    565.487999  
NOR4BX2            slow          33.264000       1     33.264000  
NOR4BX4            slow          59.875198       1     59.875198  
NOR4X1             slow          19.958401       2     39.916801  
OAI2BB1X1          slow          16.632000       2     33.264000  
OAI21X1            slow          16.632000       2     33.264000  
OAI21X4            slow          36.590401       3    109.771202  
OAI21XL            slow          13.305600      13    172.972802  
OAI22X1            slow          19.958401      26    518.918419  
OAI22X2            slow          29.937599       6    179.625595  
OAI22X4            slow          46.569599       2     93.139198  
OAI22XL            slow          19.958401      72   1437.004852  
OAI31X1            slow          19.958401       1     19.958401  
OAI31X2            slow          29.937599       2     59.875198  
OAI31X4            slow          29.937599       1     29.937599  
OAI211X1           slow          19.958401       1     19.958401  
OAI211X2           slow          33.264000       1     33.264000  
OAI211X4           slow          29.937599       1     29.937599  
OAI221X2           slow          43.243198       1     43.243198  
OAI221X4           slow          36.590401       6    219.542404  
OAI221XL           slow          23.284800       6    139.708797  
OAI222X2           slow          49.896000       2     99.792000  
OAI222X4           slow          39.916801       3    119.750404  
OAI222XL           slow          26.611200       7    186.278402  
OR2X2              slow          13.305600       3     39.916800  
OR4X2              slow          19.958401       8    159.667206  
OR4X4              slow          36.590401       7    256.132805  
XNOR2X1            slow          26.611200     259   6892.300886  
XNOR2X2            slow          36.590401      12    439.084808  
XNOR2X4            slow          56.548801      15    848.232021  
XOR2X1             slow          26.611200      28    745.113609  
XOR2X2             slow          33.264000       6    199.584000  
XOR2X4             slow          56.548801       4    226.195206  
-----------------------------------------------------------------------------
Total 100 references                                25490.203475

****************************************
Design: recam_2r2c_pattern_analyzer 
****************************************
Reference          Library       Unit Area   Count    Total Area   Attributes
-----------------------------------------------------------------------------
INVX1              slow           6.652800       2     13.305600  
NAND2BX4           slow          26.611200       1     26.611200  
NAND2X1            slow           9.979200       1      9.979200  
NOR2X4             slow          23.284800       1     23.284800  
NOR4BX2            slow          33.264000       1     33.264000  
NOR4BX4            slow          59.875198       2    119.750397  
NOR4X4             slow          56.548801       3    169.646404  
-----------------------------------------------------------------------------
Total 7 references                                    395.841601

****************************************
Design: recam_2r2c_pattern_encoder 
****************************************
Reference          Library       Unit Area   Count    Total Area   Attributes
-----------------------------------------------------------------------------
CLKINVX3           slow           9.979200       1      9.979200  
INVX1              slow           6.652800       1      6.652800  
INVX8              slow          19.958401       1     19.958401  
NAND2X4            slow          23.284800       1     23.284800  
NAND3BX4           slow          36.590401       1     36.590401  
NAND3X4            slow          33.264000       3     99.792000  
NAND4X2            slow          29.937599       1     29.937599  
NOR2X4             slow          23.284800       1     23.284800  
OAI21XL            slow          13.305600       1     13.305600  
OAI211XL           slow          19.958401       1     19.958401  
-----------------------------------------------------------------------------
Total 10 references                                   282.744001
1
