 
****************************************
Report : area
Design : repair_decode_area_engine_ENTRY_NUM7
Version: W-2024.09-SP2
Date   : Wed Sep  9 14:44:04 2026
****************************************

Library(s) Used:

    slow (File: /cad/std_libraries/CBDK_TSMC018_Arm_f1.0/CIC/SynopsysDC/db/slow.db)

Number of ports:                         2587
Number of nets:                          6940
Number of cells:                         4809
Number of combinational cells:           4363
Number of sequential cells:               445
Number of macros/black boxes:               0
Number of buf/inv:                        596
Number of references:                      16

Combinational area:              93741.279096
Buf/Inv area:                    24109.747252
Noncombinational area:           45857.750656
Macro/Black Box area:                0.000000
Net Interconnect area:          648483.313080

Total cell area:                139599.029752
Total area:                     788082.342832

Hierarchical area distribution
------------------------------

                                  Global cell area             Local cell area
                                  --------------------  ------------------------------ 
Hierarchical cell                 Absolute     Percent  Combi-      Noncombi-   Black-
                                  Total        Total    national    national    boxes   Design
--------------------------------  -----------  -------  ----------  ----------  ------  ----------------------------------------------------------------------------------
repair_decode_area_engine_ENTRY_NUM7
                                  139599.0298    100.0  40971.2690  45857.7507  0.0000  repair_decode_area_engine_ENTRY_NUM7
decoder                            52770.0101     37.8  52770.0101      0.0000  0.0000  repair_decode_with_hybrid_MAX_K5_NUM_CFG7_ENTRY_NUM7_ROW_W10_COL_W10_PATTERN_ID_W4
--------------------------------  -----------  -------  ----------  ----------  ------  ----------------------------------------------------------------------------------
Total                                                   93741.2791  45857.7507  0.0000

1
