 
****************************************
check_design summary:
Version:     W-2024.09-SP2
Date:        Wed Sep  9 14:43:23 2026
****************************************

                   Name                                            Total
--------------------------------------------------------------------------------
Cells                                                             326
    Cells do not drive (LINT-1)                                   326
--------------------------------------------------------------------------------

Warning: In design 'repair_decode_area_engine_ENTRY_NUM7', cell 'C1687' does not drive any nets. (LINT-1)
Warning: In design 'repair_decode_with_hybrid_MAX_K5_NUM_CFG7_ENTRY_NUM7_ROW_W10_COL_W10_PATTERN_ID_W4', cell 'B_985' does not drive any nets. (LINT-1)
Warning: In design 'repair_decode_with_hybrid_MAX_K5_NUM_CFG7_ENTRY_NUM7_ROW_W10_COL_W10_PATTERN_ID_W4', cell 'B_986' does not drive any nets. (LINT-1)
Warning: In design 'repair_decode_with_hybrid_MAX_K5_NUM_CFG7_ENTRY_NUM7_ROW_W10_COL_W10_PATTERN_ID_W4', cell 'B_987' does not drive any nets. (LINT-1)
Warning: In design 'repair_decode_with_hybrid_MAX_K5_NUM_CFG7_ENTRY_NUM7_ROW_W10_COL_W10_PATTERN_ID_W4', cell 'C11812' does not drive any nets. (LINT-1)
Warning: In design 'repair_decode_with_hybrid_MAX_K5_NUM_CFG7_ENTRY_NUM7_ROW_W10_COL_W10_PATTERN_ID_W4', cell 'C11818' does not drive any nets. (LINT-1)
Warning: In design 'repair_decode_with_hybrid_MAX_K5_NUM_CFG7_ENTRY_NUM7_ROW_W10_COL_W10_PATTERN_ID_W4', cell 'B_1006' does not drive any nets. (LINT-1)
Warning: In design 'repair_decode_with_hybrid_MAX_K5_NUM_CFG7_ENTRY_NUM7_ROW_W10_COL_W10_PATTERN_ID_W4', cell 'B_1007' does not drive any nets. (LINT-1)
Warning: In design 'repair_decode_with_hybrid_MAX_K5_NUM_CFG7_ENTRY_NUM7_ROW_W10_COL_W10_PATTERN_ID_W4', cell 'C11898' does not drive any nets. (LINT-1)
Warning: In design 'repair_decode_with_hybrid_MAX_K5_NUM_CFG7_ENTRY_NUM7_ROW_W10_COL_W10_PATTERN_ID_W4', cell 'C11904' does not drive any nets. (LINT-1)
Warning: In design 'repair_decode_with_hybrid_MAX_K5_NUM_CFG7_ENTRY_NUM7_ROW_W10_COL_W10_PATTERN_ID_W4', cell 'B_1024' does not drive any nets. (LINT-1)
Warning: In design 'repair_decode_with_hybrid_MAX_K5_NUM_CFG7_ENTRY_NUM7_ROW_W10_COL_W10_PATTERN_ID_W4', cell 'B_1025' does not drive any nets. (LINT-1)
Warning: In design 'repair_decode_with_hybrid_MAX_K5_NUM_CFG7_ENTRY_NUM7_ROW_W10_COL_W10_PATTERN_ID_W4', cell 'C11984' does not drive any nets. (LINT-1)
Warning: In design 'repair_decode_with_hybrid_MAX_K5_NUM_CFG7_ENTRY_NUM7_ROW_W10_COL_W10_PATTERN_ID_W4', cell 'C11990' does not drive any nets. (LINT-1)
Warning: In design 'repair_decode_with_hybrid_MAX_K5_NUM_CFG7_ENTRY_NUM7_ROW_W10_COL_W10_PATTERN_ID_W4', cell 'B_1042' does not drive any nets. (LINT-1)
Warning: In design 'repair_decode_with_hybrid_MAX_K5_NUM_CFG7_ENTRY_NUM7_ROW_W10_COL_W10_PATTERN_ID_W4', cell 'B_1043' does not drive any nets. (LINT-1)
Warning: In design 'repair_decode_with_hybrid_MAX_K5_NUM_CFG7_ENTRY_NUM7_ROW_W10_COL_W10_PATTERN_ID_W4', cell 'C12070' does not drive any nets. (LINT-1)
Warning: In design 'repair_decode_with_hybrid_MAX_K5_NUM_CFG7_ENTRY_NUM7_ROW_W10_COL_W10_PATTERN_ID_W4', cell 'C12076' does not drive any nets. (LINT-1)
Warning: In design 'repair_decode_with_hybrid_MAX_K5_NUM_CFG7_ENTRY_NUM7_ROW_W10_COL_W10_PATTERN_ID_W4', cell 'B_1060' does not drive any nets. (LINT-1)
Warning: In design 'repair_decode_with_hybrid_MAX_K5_NUM_CFG7_ENTRY_NUM7_ROW_W10_COL_W10_PATTERN_ID_W4', cell 'B_1061' does not drive any nets. (LINT-1)
Warning: In design 'repair_decode_with_hybrid_MAX_K5_NUM_CFG7_ENTRY_NUM7_ROW_W10_COL_W10_PATTERN_ID_W4', cell 'C12156' does not drive any nets. (LINT-1)
Warning: In design 'repair_decode_with_hybrid_MAX_K5_NUM_CFG7_ENTRY_NUM7_ROW_W10_COL_W10_PATTERN_ID_W4', cell 'C12162' does not drive any nets. (LINT-1)
Warning: In design 'repair_decode_with_hybrid_MAX_K5_NUM_CFG7_ENTRY_NUM7_ROW_W10_COL_W10_PATTERN_ID_W4', cell 'B_1078' does not drive any nets. (LINT-1)
Warning: In design 'repair_decode_with_hybrid_MAX_K5_NUM_CFG7_ENTRY_NUM7_ROW_W10_COL_W10_PATTERN_ID_W4', cell 'B_1079' does not drive any nets. (LINT-1)
Warning: In design 'repair_decode_with_hybrid_MAX_K5_NUM_CFG7_ENTRY_NUM7_ROW_W10_COL_W10_PATTERN_ID_W4', cell 'C12250' does not drive any nets. (LINT-1)
Warning: In design 'repair_decode_with_hybrid_MAX_K5_NUM_CFG7_ENTRY_NUM7_ROW_W10_COL_W10_PATTERN_ID_W4', cell 'C12256' does not drive any nets. (LINT-1)
Warning: In design 'repair_decode_with_hybrid_MAX_K5_NUM_CFG7_ENTRY_NUM7_ROW_W10_COL_W10_PATTERN_ID_W4', cell 'B_1096' does not drive any nets. (LINT-1)
Warning: In design 'repair_decode_with_hybrid_MAX_K5_NUM_CFG7_ENTRY_NUM7_ROW_W10_COL_W10_PATTERN_ID_W4', cell 'B_1097' does not drive any nets. (LINT-1)
Warning: In design 'repair_decode_with_hybrid_MAX_K5_NUM_CFG7_ENTRY_NUM7_ROW_W10_COL_W10_PATTERN_ID_W4', cell 'C12343' does not drive any nets. (LINT-1)
Warning: In design 'repair_decode_with_hybrid_MAX_K5_NUM_CFG7_ENTRY_NUM7_ROW_W10_COL_W10_PATTERN_ID_W4', cell 'C12349' does not drive any nets. (LINT-1)
Warning: In design 'repair_decode_with_hybrid_MAX_K5_NUM_CFG7_ENTRY_NUM7_ROW_W10_COL_W10_PATTERN_ID_W4', cell 'C12385' does not drive any nets. (LINT-1)
Warning: In design 'repair_decode_with_hybrid_MAX_K5_NUM_CFG7_ENTRY_NUM7_ROW_W10_COL_W10_PATTERN_ID_W4', cell 'C12388' does not drive any nets. (LINT-1)
Warning: In design 'repair_decode_with_hybrid_MAX_K5_NUM_CFG7_ENTRY_NUM7_ROW_W10_COL_W10_PATTERN_ID_W4', cell 'C12391' does not drive any nets. (LINT-1)
Warning: In design 'repair_decode_with_hybrid_MAX_K5_NUM_CFG7_ENTRY_NUM7_ROW_W10_COL_W10_PATTERN_ID_W4', cell 'C12394' does not drive any nets. (LINT-1)
Warning: In design 'repair_decode_with_hybrid_MAX_K5_NUM_CFG7_ENTRY_NUM7_ROW_W10_COL_W10_PATTERN_ID_W4', cell 'C12397' does not drive any nets. (LINT-1)
Warning: In design 'repair_decode_with_hybrid_MAX_K5_NUM_CFG7_ENTRY_NUM7_ROW_W10_COL_W10_PATTERN_ID_W4', cell 'C12427' does not drive any nets. (LINT-1)
Warning: In design 'repair_decode_with_hybrid_MAX_K5_NUM_CFG7_ENTRY_NUM7_ROW_W10_COL_W10_PATTERN_ID_W4', cell 'C12430' does not drive any nets. (LINT-1)
Warning: In design 'repair_decode_with_hybrid_MAX_K5_NUM_CFG7_ENTRY_NUM7_ROW_W10_COL_W10_PATTERN_ID_W4', cell 'C12433' does not drive any nets. (LINT-1)
Warning: In design 'repair_decode_with_hybrid_MAX_K5_NUM_CFG7_ENTRY_NUM7_ROW_W10_COL_W10_PATTERN_ID_W4', cell 'C12436' does not drive any nets. (LINT-1)
Warning: In design 'repair_decode_with_hybrid_MAX_K5_NUM_CFG7_ENTRY_NUM7_ROW_W10_COL_W10_PATTERN_ID_W4', cell 'C12439' does not drive any nets. (LINT-1)
Warning: In design 'repair_decode_with_hybrid_MAX_K5_NUM_CFG7_ENTRY_NUM7_ROW_W10_COL_W10_PATTERN_ID_W4', cell 'C12469' does not drive any nets. (LINT-1)
Warning: In design 'repair_decode_with_hybrid_MAX_K5_NUM_CFG7_ENTRY_NUM7_ROW_W10_COL_W10_PATTERN_ID_W4', cell 'C12472' does not drive any nets. (LINT-1)
Warning: In design 'repair_decode_with_hybrid_MAX_K5_NUM_CFG7_ENTRY_NUM7_ROW_W10_COL_W10_PATTERN_ID_W4', cell 'C12475' does not drive any nets. (LINT-1)
Warning: In design 'repair_decode_with_hybrid_MAX_K5_NUM_CFG7_ENTRY_NUM7_ROW_W10_COL_W10_PATTERN_ID_W4', cell 'C12478' does not drive any nets. (LINT-1)
Warning: In design 'repair_decode_with_hybrid_MAX_K5_NUM_CFG7_ENTRY_NUM7_ROW_W10_COL_W10_PATTERN_ID_W4', cell 'C12481' does not drive any nets. (LINT-1)
Warning: In design 'repair_decode_with_hybrid_MAX_K5_NUM_CFG7_ENTRY_NUM7_ROW_W10_COL_W10_PATTERN_ID_W4', cell 'C12511' does not drive any nets. (LINT-1)
Warning: In design 'repair_decode_with_hybrid_MAX_K5_NUM_CFG7_ENTRY_NUM7_ROW_W10_COL_W10_PATTERN_ID_W4', cell 'C12514' does not drive any nets. (LINT-1)
Warning: In design 'repair_decode_with_hybrid_MAX_K5_NUM_CFG7_ENTRY_NUM7_ROW_W10_COL_W10_PATTERN_ID_W4', cell 'C12517' does not drive any nets. (LINT-1)
Warning: In design 'repair_decode_with_hybrid_MAX_K5_NUM_CFG7_ENTRY_NUM7_ROW_W10_COL_W10_PATTERN_ID_W4', cell 'C12520' does not drive any nets. (LINT-1)
Warning: In design 'repair_decode_with_hybrid_MAX_K5_NUM_CFG7_ENTRY_NUM7_ROW_W10_COL_W10_PATTERN_ID_W4', cell 'C12523' does not drive any nets. (LINT-1)
Warning: In design 'repair_decode_with_hybrid_MAX_K5_NUM_CFG7_ENTRY_NUM7_ROW_W10_COL_W10_PATTERN_ID_W4', cell 'C12553' does not drive any nets. (LINT-1)
Warning: In design 'repair_decode_with_hybrid_MAX_K5_NUM_CFG7_ENTRY_NUM7_ROW_W10_COL_W10_PATTERN_ID_W4', cell 'C12556' does not drive any nets. (LINT-1)
Warning: In design 'repair_decode_with_hybrid_MAX_K5_NUM_CFG7_ENTRY_NUM7_ROW_W10_COL_W10_PATTERN_ID_W4', cell 'C12559' does not drive any nets. (LINT-1)
Warning: In design 'repair_decode_with_hybrid_MAX_K5_NUM_CFG7_ENTRY_NUM7_ROW_W10_COL_W10_PATTERN_ID_W4', cell 'C12562' does not drive any nets. (LINT-1)
Warning: In design 'repair_decode_with_hybrid_MAX_K5_NUM_CFG7_ENTRY_NUM7_ROW_W10_COL_W10_PATTERN_ID_W4', cell 'C12565' does not drive any nets. (LINT-1)
Warning: In design 'repair_decode_with_hybrid_MAX_K5_NUM_CFG7_ENTRY_NUM7_ROW_W10_COL_W10_PATTERN_ID_W4', cell 'C12595' does not drive any nets. (LINT-1)
Warning: In design 'repair_decode_with_hybrid_MAX_K5_NUM_CFG7_ENTRY_NUM7_ROW_W10_COL_W10_PATTERN_ID_W4', cell 'C12598' does not drive any nets. (LINT-1)
Warning: In design 'repair_decode_with_hybrid_MAX_K5_NUM_CFG7_ENTRY_NUM7_ROW_W10_COL_W10_PATTERN_ID_W4', cell 'C12601' does not drive any nets. (LINT-1)
Warning: In design 'repair_decode_with_hybrid_MAX_K5_NUM_CFG7_ENTRY_NUM7_ROW_W10_COL_W10_PATTERN_ID_W4', cell 'C12604' does not drive any nets. (LINT-1)
Warning: In design 'repair_decode_with_hybrid_MAX_K5_NUM_CFG7_ENTRY_NUM7_ROW_W10_COL_W10_PATTERN_ID_W4', cell 'C12607' does not drive any nets. (LINT-1)
Warning: In design 'repair_decode_with_hybrid_MAX_K5_NUM_CFG7_ENTRY_NUM7_ROW_W10_COL_W10_PATTERN_ID_W4', cell 'C12637' does not drive any nets. (LINT-1)
Warning: In design 'repair_decode_with_hybrid_MAX_K5_NUM_CFG7_ENTRY_NUM7_ROW_W10_COL_W10_PATTERN_ID_W4', cell 'C12640' does not drive any nets. (LINT-1)
Warning: In design 'repair_decode_with_hybrid_MAX_K5_NUM_CFG7_ENTRY_NUM7_ROW_W10_COL_W10_PATTERN_ID_W4', cell 'C12643' does not drive any nets. (LINT-1)
Warning: In design 'repair_decode_with_hybrid_MAX_K5_NUM_CFG7_ENTRY_NUM7_ROW_W10_COL_W10_PATTERN_ID_W4', cell 'C12646' does not drive any nets. (LINT-1)
Warning: In design 'repair_decode_with_hybrid_MAX_K5_NUM_CFG7_ENTRY_NUM7_ROW_W10_COL_W10_PATTERN_ID_W4', cell 'C12649' does not drive any nets. (LINT-1)
Warning: In design 'repair_decode_with_hybrid_MAX_K5_NUM_CFG7_ENTRY_NUM7_ROW_W10_COL_W10_PATTERN_ID_W4', cell 'C12679' does not drive any nets. (LINT-1)
Warning: In design 'repair_decode_with_hybrid_MAX_K5_NUM_CFG7_ENTRY_NUM7_ROW_W10_COL_W10_PATTERN_ID_W4', cell 'C12682' does not drive any nets. (LINT-1)
Warning: In design 'repair_decode_with_hybrid_MAX_K5_NUM_CFG7_ENTRY_NUM7_ROW_W10_COL_W10_PATTERN_ID_W4', cell 'C12685' does not drive any nets. (LINT-1)
Warning: In design 'repair_decode_with_hybrid_MAX_K5_NUM_CFG7_ENTRY_NUM7_ROW_W10_COL_W10_PATTERN_ID_W4', cell 'C12688' does not drive any nets. (LINT-1)
Warning: In design 'repair_decode_with_hybrid_MAX_K5_NUM_CFG7_ENTRY_NUM7_ROW_W10_COL_W10_PATTERN_ID_W4', cell 'C12691' does not drive any nets. (LINT-1)
Warning: In design 'repair_decode_with_hybrid_MAX_K5_NUM_CFG7_ENTRY_NUM7_ROW_W10_COL_W10_PATTERN_ID_W4', cell 'C12721' does not drive any nets. (LINT-1)
Warning: In design 'repair_decode_with_hybrid_MAX_K5_NUM_CFG7_ENTRY_NUM7_ROW_W10_COL_W10_PATTERN_ID_W4', cell 'C12724' does not drive any nets. (LINT-1)
Warning: In design 'repair_decode_with_hybrid_MAX_K5_NUM_CFG7_ENTRY_NUM7_ROW_W10_COL_W10_PATTERN_ID_W4', cell 'C12727' does not drive any nets. (LINT-1)
Warning: In design 'repair_decode_with_hybrid_MAX_K5_NUM_CFG7_ENTRY_NUM7_ROW_W10_COL_W10_PATTERN_ID_W4', cell 'C12730' does not drive any nets. (LINT-1)
Warning: In design 'repair_decode_with_hybrid_MAX_K5_NUM_CFG7_ENTRY_NUM7_ROW_W10_COL_W10_PATTERN_ID_W4', cell 'C12733' does not drive any nets. (LINT-1)
Warning: In design 'repair_decode_with_hybrid_MAX_K5_NUM_CFG7_ENTRY_NUM7_ROW_W10_COL_W10_PATTERN_ID_W4', cell 'C12763' does not drive any nets. (LINT-1)
Warning: In design 'repair_decode_with_hybrid_MAX_K5_NUM_CFG7_ENTRY_NUM7_ROW_W10_COL_W10_PATTERN_ID_W4', cell 'C12766' does not drive any nets. (LINT-1)
Warning: In design 'repair_decode_with_hybrid_MAX_K5_NUM_CFG7_ENTRY_NUM7_ROW_W10_COL_W10_PATTERN_ID_W4', cell 'C12769' does not drive any nets. (LINT-1)
Warning: In design 'repair_decode_with_hybrid_MAX_K5_NUM_CFG7_ENTRY_NUM7_ROW_W10_COL_W10_PATTERN_ID_W4', cell 'C12772' does not drive any nets. (LINT-1)
Warning: In design 'repair_decode_with_hybrid_MAX_K5_NUM_CFG7_ENTRY_NUM7_ROW_W10_COL_W10_PATTERN_ID_W4', cell 'C12775' does not drive any nets. (LINT-1)
Warning: In design 'repair_decode_with_hybrid_MAX_K5_NUM_CFG7_ENTRY_NUM7_ROW_W10_COL_W10_PATTERN_ID_W4', cell 'C12805' does not drive any nets. (LINT-1)
Warning: In design 'repair_decode_with_hybrid_MAX_K5_NUM_CFG7_ENTRY_NUM7_ROW_W10_COL_W10_PATTERN_ID_W4', cell 'C12808' does not drive any nets. (LINT-1)
Warning: In design 'repair_decode_with_hybrid_MAX_K5_NUM_CFG7_ENTRY_NUM7_ROW_W10_COL_W10_PATTERN_ID_W4', cell 'C12811' does not drive any nets. (LINT-1)
Warning: In design 'repair_decode_with_hybrid_MAX_K5_NUM_CFG7_ENTRY_NUM7_ROW_W10_COL_W10_PATTERN_ID_W4', cell 'C12814' does not drive any nets. (LINT-1)
Warning: In design 'repair_decode_with_hybrid_MAX_K5_NUM_CFG7_ENTRY_NUM7_ROW_W10_COL_W10_PATTERN_ID_W4', cell 'C12817' does not drive any nets. (LINT-1)
Warning: In design 'repair_decode_with_hybrid_MAX_K5_NUM_CFG7_ENTRY_NUM7_ROW_W10_COL_W10_PATTERN_ID_W4', cell 'C12847' does not drive any nets. (LINT-1)
Warning: In design 'repair_decode_with_hybrid_MAX_K5_NUM_CFG7_ENTRY_NUM7_ROW_W10_COL_W10_PATTERN_ID_W4', cell 'C12850' does not drive any nets. (LINT-1)
Warning: In design 'repair_decode_with_hybrid_MAX_K5_NUM_CFG7_ENTRY_NUM7_ROW_W10_COL_W10_PATTERN_ID_W4', cell 'C12853' does not drive any nets. (LINT-1)
Warning: In design 'repair_decode_with_hybrid_MAX_K5_NUM_CFG7_ENTRY_NUM7_ROW_W10_COL_W10_PATTERN_ID_W4', cell 'C12856' does not drive any nets. (LINT-1)
Warning: In design 'repair_decode_with_hybrid_MAX_K5_NUM_CFG7_ENTRY_NUM7_ROW_W10_COL_W10_PATTERN_ID_W4', cell 'C12859' does not drive any nets. (LINT-1)
Warning: In design 'repair_decode_with_hybrid_MAX_K5_NUM_CFG7_ENTRY_NUM7_ROW_W10_COL_W10_PATTERN_ID_W4', cell 'C12889' does not drive any nets. (LINT-1)
Warning: In design 'repair_decode_with_hybrid_MAX_K5_NUM_CFG7_ENTRY_NUM7_ROW_W10_COL_W10_PATTERN_ID_W4', cell 'C12892' does not drive any nets. (LINT-1)
Warning: In design 'repair_decode_with_hybrid_MAX_K5_NUM_CFG7_ENTRY_NUM7_ROW_W10_COL_W10_PATTERN_ID_W4', cell 'C12895' does not drive any nets. (LINT-1)
Warning: In design 'repair_decode_with_hybrid_MAX_K5_NUM_CFG7_ENTRY_NUM7_ROW_W10_COL_W10_PATTERN_ID_W4', cell 'C12898' does not drive any nets. (LINT-1)
Warning: In design 'repair_decode_with_hybrid_MAX_K5_NUM_CFG7_ENTRY_NUM7_ROW_W10_COL_W10_PATTERN_ID_W4', cell 'C12901' does not drive any nets. (LINT-1)
Warning: In design 'repair_decode_with_hybrid_MAX_K5_NUM_CFG7_ENTRY_NUM7_ROW_W10_COL_W10_PATTERN_ID_W4', cell 'C12931' does not drive any nets. (LINT-1)
Warning: In design 'repair_decode_with_hybrid_MAX_K5_NUM_CFG7_ENTRY_NUM7_ROW_W10_COL_W10_PATTERN_ID_W4', cell 'C12934' does not drive any nets. (LINT-1)
Warning: In design 'repair_decode_with_hybrid_MAX_K5_NUM_CFG7_ENTRY_NUM7_ROW_W10_COL_W10_PATTERN_ID_W4', cell 'C12937' does not drive any nets. (LINT-1)
Warning: In design 'repair_decode_with_hybrid_MAX_K5_NUM_CFG7_ENTRY_NUM7_ROW_W10_COL_W10_PATTERN_ID_W4', cell 'C12940' does not drive any nets. (LINT-1)
Warning: In design 'repair_decode_with_hybrid_MAX_K5_NUM_CFG7_ENTRY_NUM7_ROW_W10_COL_W10_PATTERN_ID_W4', cell 'C12943' does not drive any nets. (LINT-1)
Warning: In design 'repair_decode_with_hybrid_MAX_K5_NUM_CFG7_ENTRY_NUM7_ROW_W10_COL_W10_PATTERN_ID_W4', cell 'C12973' does not drive any nets. (LINT-1)
Warning: In design 'repair_decode_with_hybrid_MAX_K5_NUM_CFG7_ENTRY_NUM7_ROW_W10_COL_W10_PATTERN_ID_W4', cell 'C12976' does not drive any nets. (LINT-1)
Warning: In design 'repair_decode_with_hybrid_MAX_K5_NUM_CFG7_ENTRY_NUM7_ROW_W10_COL_W10_PATTERN_ID_W4', cell 'C12979' does not drive any nets. (LINT-1)
Warning: In design 'repair_decode_with_hybrid_MAX_K5_NUM_CFG7_ENTRY_NUM7_ROW_W10_COL_W10_PATTERN_ID_W4', cell 'C12982' does not drive any nets. (LINT-1)
Warning: In design 'repair_decode_with_hybrid_MAX_K5_NUM_CFG7_ENTRY_NUM7_ROW_W10_COL_W10_PATTERN_ID_W4', cell 'C12985' does not drive any nets. (LINT-1)
Warning: In design 'repair_decode_with_hybrid_MAX_K5_NUM_CFG7_ENTRY_NUM7_ROW_W10_COL_W10_PATTERN_ID_W4', cell 'C13015' does not drive any nets. (LINT-1)
Warning: In design 'repair_decode_with_hybrid_MAX_K5_NUM_CFG7_ENTRY_NUM7_ROW_W10_COL_W10_PATTERN_ID_W4', cell 'C13018' does not drive any nets. (LINT-1)
Warning: In design 'repair_decode_with_hybrid_MAX_K5_NUM_CFG7_ENTRY_NUM7_ROW_W10_COL_W10_PATTERN_ID_W4', cell 'C13021' does not drive any nets. (LINT-1)
Warning: In design 'repair_decode_with_hybrid_MAX_K5_NUM_CFG7_ENTRY_NUM7_ROW_W10_COL_W10_PATTERN_ID_W4', cell 'C13024' does not drive any nets. (LINT-1)
Warning: In design 'repair_decode_with_hybrid_MAX_K5_NUM_CFG7_ENTRY_NUM7_ROW_W10_COL_W10_PATTERN_ID_W4', cell 'C13027' does not drive any nets. (LINT-1)
Warning: In design 'repair_decode_with_hybrid_MAX_K5_NUM_CFG7_ENTRY_NUM7_ROW_W10_COL_W10_PATTERN_ID_W4', cell 'C13057' does not drive any nets. (LINT-1)
Warning: In design 'repair_decode_with_hybrid_MAX_K5_NUM_CFG7_ENTRY_NUM7_ROW_W10_COL_W10_PATTERN_ID_W4', cell 'C13060' does not drive any nets. (LINT-1)
Warning: In design 'repair_decode_with_hybrid_MAX_K5_NUM_CFG7_ENTRY_NUM7_ROW_W10_COL_W10_PATTERN_ID_W4', cell 'C13063' does not drive any nets. (LINT-1)
Warning: In design 'repair_decode_with_hybrid_MAX_K5_NUM_CFG7_ENTRY_NUM7_ROW_W10_COL_W10_PATTERN_ID_W4', cell 'C13066' does not drive any nets. (LINT-1)
Warning: In design 'repair_decode_with_hybrid_MAX_K5_NUM_CFG7_ENTRY_NUM7_ROW_W10_COL_W10_PATTERN_ID_W4', cell 'C13069' does not drive any nets. (LINT-1)
Warning: In design 'repair_decode_with_hybrid_MAX_K5_NUM_CFG7_ENTRY_NUM7_ROW_W10_COL_W10_PATTERN_ID_W4', cell 'C13099' does not drive any nets. (LINT-1)
Warning: In design 'repair_decode_with_hybrid_MAX_K5_NUM_CFG7_ENTRY_NUM7_ROW_W10_COL_W10_PATTERN_ID_W4', cell 'C13102' does not drive any nets. (LINT-1)
Warning: In design 'repair_decode_with_hybrid_MAX_K5_NUM_CFG7_ENTRY_NUM7_ROW_W10_COL_W10_PATTERN_ID_W4', cell 'C13105' does not drive any nets. (LINT-1)
Warning: In design 'repair_decode_with_hybrid_MAX_K5_NUM_CFG7_ENTRY_NUM7_ROW_W10_COL_W10_PATTERN_ID_W4', cell 'C13108' does not drive any nets. (LINT-1)
Warning: In design 'repair_decode_with_hybrid_MAX_K5_NUM_CFG7_ENTRY_NUM7_ROW_W10_COL_W10_PATTERN_ID_W4', cell 'C13111' does not drive any nets. (LINT-1)
Warning: In design 'repair_decode_with_hybrid_MAX_K5_NUM_CFG7_ENTRY_NUM7_ROW_W10_COL_W10_PATTERN_ID_W4', cell 'C13141' does not drive any nets. (LINT-1)
Warning: In design 'repair_decode_with_hybrid_MAX_K5_NUM_CFG7_ENTRY_NUM7_ROW_W10_COL_W10_PATTERN_ID_W4', cell 'C13144' does not drive any nets. (LINT-1)
Warning: In design 'repair_decode_with_hybrid_MAX_K5_NUM_CFG7_ENTRY_NUM7_ROW_W10_COL_W10_PATTERN_ID_W4', cell 'C13147' does not drive any nets. (LINT-1)
Warning: In design 'repair_decode_with_hybrid_MAX_K5_NUM_CFG7_ENTRY_NUM7_ROW_W10_COL_W10_PATTERN_ID_W4', cell 'C13150' does not drive any nets. (LINT-1)
Warning: In design 'repair_decode_with_hybrid_MAX_K5_NUM_CFG7_ENTRY_NUM7_ROW_W10_COL_W10_PATTERN_ID_W4', cell 'C13153' does not drive any nets. (LINT-1)
Warning: In design 'repair_decode_with_hybrid_MAX_K5_NUM_CFG7_ENTRY_NUM7_ROW_W10_COL_W10_PATTERN_ID_W4', cell 'C13183' does not drive any nets. (LINT-1)
Warning: In design 'repair_decode_with_hybrid_MAX_K5_NUM_CFG7_ENTRY_NUM7_ROW_W10_COL_W10_PATTERN_ID_W4', cell 'C13186' does not drive any nets. (LINT-1)
Warning: In design 'repair_decode_with_hybrid_MAX_K5_NUM_CFG7_ENTRY_NUM7_ROW_W10_COL_W10_PATTERN_ID_W4', cell 'C13189' does not drive any nets. (LINT-1)
Warning: In design 'repair_decode_with_hybrid_MAX_K5_NUM_CFG7_ENTRY_NUM7_ROW_W10_COL_W10_PATTERN_ID_W4', cell 'C13192' does not drive any nets. (LINT-1)
Warning: In design 'repair_decode_with_hybrid_MAX_K5_NUM_CFG7_ENTRY_NUM7_ROW_W10_COL_W10_PATTERN_ID_W4', cell 'C13195' does not drive any nets. (LINT-1)
Warning: In design 'repair_decode_with_hybrid_MAX_K5_NUM_CFG7_ENTRY_NUM7_ROW_W10_COL_W10_PATTERN_ID_W4', cell 'C13225' does not drive any nets. (LINT-1)
Warning: In design 'repair_decode_with_hybrid_MAX_K5_NUM_CFG7_ENTRY_NUM7_ROW_W10_COL_W10_PATTERN_ID_W4', cell 'C13228' does not drive any nets. (LINT-1)
Warning: In design 'repair_decode_with_hybrid_MAX_K5_NUM_CFG7_ENTRY_NUM7_ROW_W10_COL_W10_PATTERN_ID_W4', cell 'C13231' does not drive any nets. (LINT-1)
Warning: In design 'repair_decode_with_hybrid_MAX_K5_NUM_CFG7_ENTRY_NUM7_ROW_W10_COL_W10_PATTERN_ID_W4', cell 'C13234' does not drive any nets. (LINT-1)
Warning: In design 'repair_decode_with_hybrid_MAX_K5_NUM_CFG7_ENTRY_NUM7_ROW_W10_COL_W10_PATTERN_ID_W4', cell 'C13237' does not drive any nets. (LINT-1)
Warning: In design 'repair_decode_with_hybrid_MAX_K5_NUM_CFG7_ENTRY_NUM7_ROW_W10_COL_W10_PATTERN_ID_W4', cell 'C13267' does not drive any nets. (LINT-1)
Warning: In design 'repair_decode_with_hybrid_MAX_K5_NUM_CFG7_ENTRY_NUM7_ROW_W10_COL_W10_PATTERN_ID_W4', cell 'C13270' does not drive any nets. (LINT-1)
Warning: In design 'repair_decode_with_hybrid_MAX_K5_NUM_CFG7_ENTRY_NUM7_ROW_W10_COL_W10_PATTERN_ID_W4', cell 'C13273' does not drive any nets. (LINT-1)
Warning: In design 'repair_decode_with_hybrid_MAX_K5_NUM_CFG7_ENTRY_NUM7_ROW_W10_COL_W10_PATTERN_ID_W4', cell 'C13276' does not drive any nets. (LINT-1)
Warning: In design 'repair_decode_with_hybrid_MAX_K5_NUM_CFG7_ENTRY_NUM7_ROW_W10_COL_W10_PATTERN_ID_W4', cell 'C13279' does not drive any nets. (LINT-1)
Warning: In design 'repair_decode_with_hybrid_MAX_K5_NUM_CFG7_ENTRY_NUM7_ROW_W10_COL_W10_PATTERN_ID_W4', cell 'C13309' does not drive any nets. (LINT-1)
Warning: In design 'repair_decode_with_hybrid_MAX_K5_NUM_CFG7_ENTRY_NUM7_ROW_W10_COL_W10_PATTERN_ID_W4', cell 'C13312' does not drive any nets. (LINT-1)
Warning: In design 'repair_decode_with_hybrid_MAX_K5_NUM_CFG7_ENTRY_NUM7_ROW_W10_COL_W10_PATTERN_ID_W4', cell 'C13315' does not drive any nets. (LINT-1)
Warning: In design 'repair_decode_with_hybrid_MAX_K5_NUM_CFG7_ENTRY_NUM7_ROW_W10_COL_W10_PATTERN_ID_W4', cell 'C13318' does not drive any nets. (LINT-1)
Warning: In design 'repair_decode_with_hybrid_MAX_K5_NUM_CFG7_ENTRY_NUM7_ROW_W10_COL_W10_PATTERN_ID_W4', cell 'C13321' does not drive any nets. (LINT-1)
Warning: In design 'repair_decode_with_hybrid_MAX_K5_NUM_CFG7_ENTRY_NUM7_ROW_W10_COL_W10_PATTERN_ID_W4', cell 'C13351' does not drive any nets. (LINT-1)
Warning: In design 'repair_decode_with_hybrid_MAX_K5_NUM_CFG7_ENTRY_NUM7_ROW_W10_COL_W10_PATTERN_ID_W4', cell 'C13354' does not drive any nets. (LINT-1)
Warning: In design 'repair_decode_with_hybrid_MAX_K5_NUM_CFG7_ENTRY_NUM7_ROW_W10_COL_W10_PATTERN_ID_W4', cell 'C13357' does not drive any nets. (LINT-1)
Warning: In design 'repair_decode_with_hybrid_MAX_K5_NUM_CFG7_ENTRY_NUM7_ROW_W10_COL_W10_PATTERN_ID_W4', cell 'C13360' does not drive any nets. (LINT-1)
Warning: In design 'repair_decode_with_hybrid_MAX_K5_NUM_CFG7_ENTRY_NUM7_ROW_W10_COL_W10_PATTERN_ID_W4', cell 'C13363' does not drive any nets. (LINT-1)
Warning: In design 'repair_decode_with_hybrid_MAX_K5_NUM_CFG7_ENTRY_NUM7_ROW_W10_COL_W10_PATTERN_ID_W4', cell 'C13393' does not drive any nets. (LINT-1)
Warning: In design 'repair_decode_with_hybrid_MAX_K5_NUM_CFG7_ENTRY_NUM7_ROW_W10_COL_W10_PATTERN_ID_W4', cell 'C13396' does not drive any nets. (LINT-1)
Warning: In design 'repair_decode_with_hybrid_MAX_K5_NUM_CFG7_ENTRY_NUM7_ROW_W10_COL_W10_PATTERN_ID_W4', cell 'C13399' does not drive any nets. (LINT-1)
Warning: In design 'repair_decode_with_hybrid_MAX_K5_NUM_CFG7_ENTRY_NUM7_ROW_W10_COL_W10_PATTERN_ID_W4', cell 'C13402' does not drive any nets. (LINT-1)
Warning: In design 'repair_decode_with_hybrid_MAX_K5_NUM_CFG7_ENTRY_NUM7_ROW_W10_COL_W10_PATTERN_ID_W4', cell 'C13405' does not drive any nets. (LINT-1)
Warning: In design 'repair_decode_with_hybrid_MAX_K5_NUM_CFG7_ENTRY_NUM7_ROW_W10_COL_W10_PATTERN_ID_W4', cell 'C13435' does not drive any nets. (LINT-1)
Warning: In design 'repair_decode_with_hybrid_MAX_K5_NUM_CFG7_ENTRY_NUM7_ROW_W10_COL_W10_PATTERN_ID_W4', cell 'C13438' does not drive any nets. (LINT-1)
Warning: In design 'repair_decode_with_hybrid_MAX_K5_NUM_CFG7_ENTRY_NUM7_ROW_W10_COL_W10_PATTERN_ID_W4', cell 'C13441' does not drive any nets. (LINT-1)
Warning: In design 'repair_decode_with_hybrid_MAX_K5_NUM_CFG7_ENTRY_NUM7_ROW_W10_COL_W10_PATTERN_ID_W4', cell 'C13444' does not drive any nets. (LINT-1)
Warning: In design 'repair_decode_with_hybrid_MAX_K5_NUM_CFG7_ENTRY_NUM7_ROW_W10_COL_W10_PATTERN_ID_W4', cell 'C13447' does not drive any nets. (LINT-1)
Warning: In design 'repair_decode_with_hybrid_MAX_K5_NUM_CFG7_ENTRY_NUM7_ROW_W10_COL_W10_PATTERN_ID_W4', cell 'C13477' does not drive any nets. (LINT-1)
Warning: In design 'repair_decode_with_hybrid_MAX_K5_NUM_CFG7_ENTRY_NUM7_ROW_W10_COL_W10_PATTERN_ID_W4', cell 'C13480' does not drive any nets. (LINT-1)
Warning: In design 'repair_decode_with_hybrid_MAX_K5_NUM_CFG7_ENTRY_NUM7_ROW_W10_COL_W10_PATTERN_ID_W4', cell 'C13483' does not drive any nets. (LINT-1)
Warning: In design 'repair_decode_with_hybrid_MAX_K5_NUM_CFG7_ENTRY_NUM7_ROW_W10_COL_W10_PATTERN_ID_W4', cell 'C13486' does not drive any nets. (LINT-1)
Warning: In design 'repair_decode_with_hybrid_MAX_K5_NUM_CFG7_ENTRY_NUM7_ROW_W10_COL_W10_PATTERN_ID_W4', cell 'C13489' does not drive any nets. (LINT-1)
Warning: In design 'repair_decode_with_hybrid_MAX_K5_NUM_CFG7_ENTRY_NUM7_ROW_W10_COL_W10_PATTERN_ID_W4', cell 'C13519' does not drive any nets. (LINT-1)
Warning: In design 'repair_decode_with_hybrid_MAX_K5_NUM_CFG7_ENTRY_NUM7_ROW_W10_COL_W10_PATTERN_ID_W4', cell 'C13522' does not drive any nets. (LINT-1)
Warning: In design 'repair_decode_with_hybrid_MAX_K5_NUM_CFG7_ENTRY_NUM7_ROW_W10_COL_W10_PATTERN_ID_W4', cell 'C13525' does not drive any nets. (LINT-1)
Warning: In design 'repair_decode_with_hybrid_MAX_K5_NUM_CFG7_ENTRY_NUM7_ROW_W10_COL_W10_PATTERN_ID_W4', cell 'C13528' does not drive any nets. (LINT-1)
Warning: In design 'repair_decode_with_hybrid_MAX_K5_NUM_CFG7_ENTRY_NUM7_ROW_W10_COL_W10_PATTERN_ID_W4', cell 'C13531' does not drive any nets. (LINT-1)
Warning: In design 'repair_decode_with_hybrid_MAX_K5_NUM_CFG7_ENTRY_NUM7_ROW_W10_COL_W10_PATTERN_ID_W4', cell 'C13561' does not drive any nets. (LINT-1)
Warning: In design 'repair_decode_with_hybrid_MAX_K5_NUM_CFG7_ENTRY_NUM7_ROW_W10_COL_W10_PATTERN_ID_W4', cell 'C13564' does not drive any nets. (LINT-1)
Warning: In design 'repair_decode_with_hybrid_MAX_K5_NUM_CFG7_ENTRY_NUM7_ROW_W10_COL_W10_PATTERN_ID_W4', cell 'C13567' does not drive any nets. (LINT-1)
Warning: In design 'repair_decode_with_hybrid_MAX_K5_NUM_CFG7_ENTRY_NUM7_ROW_W10_COL_W10_PATTERN_ID_W4', cell 'C13570' does not drive any nets. (LINT-1)
Warning: In design 'repair_decode_with_hybrid_MAX_K5_NUM_CFG7_ENTRY_NUM7_ROW_W10_COL_W10_PATTERN_ID_W4', cell 'C13573' does not drive any nets. (LINT-1)
Warning: In design 'repair_decode_with_hybrid_MAX_K5_NUM_CFG7_ENTRY_NUM7_ROW_W10_COL_W10_PATTERN_ID_W4', cell 'C13603' does not drive any nets. (LINT-1)
Warning: In design 'repair_decode_with_hybrid_MAX_K5_NUM_CFG7_ENTRY_NUM7_ROW_W10_COL_W10_PATTERN_ID_W4', cell 'C13606' does not drive any nets. (LINT-1)
Warning: In design 'repair_decode_with_hybrid_MAX_K5_NUM_CFG7_ENTRY_NUM7_ROW_W10_COL_W10_PATTERN_ID_W4', cell 'C13609' does not drive any nets. (LINT-1)
Warning: In design 'repair_decode_with_hybrid_MAX_K5_NUM_CFG7_ENTRY_NUM7_ROW_W10_COL_W10_PATTERN_ID_W4', cell 'C13612' does not drive any nets. (LINT-1)
Warning: In design 'repair_decode_with_hybrid_MAX_K5_NUM_CFG7_ENTRY_NUM7_ROW_W10_COL_W10_PATTERN_ID_W4', cell 'C13615' does not drive any nets. (LINT-1)
Warning: In design 'repair_decode_with_hybrid_MAX_K5_NUM_CFG7_ENTRY_NUM7_ROW_W10_COL_W10_PATTERN_ID_W4', cell 'C13645' does not drive any nets. (LINT-1)
Warning: In design 'repair_decode_with_hybrid_MAX_K5_NUM_CFG7_ENTRY_NUM7_ROW_W10_COL_W10_PATTERN_ID_W4', cell 'C13648' does not drive any nets. (LINT-1)
Warning: In design 'repair_decode_with_hybrid_MAX_K5_NUM_CFG7_ENTRY_NUM7_ROW_W10_COL_W10_PATTERN_ID_W4', cell 'C13651' does not drive any nets. (LINT-1)
Warning: In design 'repair_decode_with_hybrid_MAX_K5_NUM_CFG7_ENTRY_NUM7_ROW_W10_COL_W10_PATTERN_ID_W4', cell 'C13654' does not drive any nets. (LINT-1)
Warning: In design 'repair_decode_with_hybrid_MAX_K5_NUM_CFG7_ENTRY_NUM7_ROW_W10_COL_W10_PATTERN_ID_W4', cell 'C13657' does not drive any nets. (LINT-1)
Warning: In design 'repair_decode_with_hybrid_MAX_K5_NUM_CFG7_ENTRY_NUM7_ROW_W10_COL_W10_PATTERN_ID_W4', cell 'C13687' does not drive any nets. (LINT-1)
Warning: In design 'repair_decode_with_hybrid_MAX_K5_NUM_CFG7_ENTRY_NUM7_ROW_W10_COL_W10_PATTERN_ID_W4', cell 'C13690' does not drive any nets. (LINT-1)
Warning: In design 'repair_decode_with_hybrid_MAX_K5_NUM_CFG7_ENTRY_NUM7_ROW_W10_COL_W10_PATTERN_ID_W4', cell 'C13693' does not drive any nets. (LINT-1)
Warning: In design 'repair_decode_with_hybrid_MAX_K5_NUM_CFG7_ENTRY_NUM7_ROW_W10_COL_W10_PATTERN_ID_W4', cell 'C13696' does not drive any nets. (LINT-1)
Warning: In design 'repair_decode_with_hybrid_MAX_K5_NUM_CFG7_ENTRY_NUM7_ROW_W10_COL_W10_PATTERN_ID_W4', cell 'C13699' does not drive any nets. (LINT-1)
Warning: In design 'repair_decode_with_hybrid_MAX_K5_NUM_CFG7_ENTRY_NUM7_ROW_W10_COL_W10_PATTERN_ID_W4', cell 'C13710' does not drive any nets. (LINT-1)
Warning: In design 'repair_decode_with_hybrid_MAX_K5_NUM_CFG7_ENTRY_NUM7_ROW_W10_COL_W10_PATTERN_ID_W4', cell 'C13724' does not drive any nets. (LINT-1)
Warning: In design 'repair_decode_with_hybrid_MAX_K5_NUM_CFG7_ENTRY_NUM7_ROW_W10_COL_W10_PATTERN_ID_W4', cell 'C13738' does not drive any nets. (LINT-1)
Warning: In design 'repair_decode_with_hybrid_MAX_K5_NUM_CFG7_ENTRY_NUM7_ROW_W10_COL_W10_PATTERN_ID_W4', cell 'C13752' does not drive any nets. (LINT-1)
Warning: In design 'repair_decode_with_hybrid_MAX_K5_NUM_CFG7_ENTRY_NUM7_ROW_W10_COL_W10_PATTERN_ID_W4', cell 'C13766' does not drive any nets. (LINT-1)
Warning: In design 'repair_decode_with_hybrid_MAX_K5_NUM_CFG7_ENTRY_NUM7_ROW_W10_COL_W10_PATTERN_ID_W4', cell 'C13771' does not drive any nets. (LINT-1)
Warning: In design 'repair_decode_with_hybrid_MAX_K5_NUM_CFG7_ENTRY_NUM7_ROW_W10_COL_W10_PATTERN_ID_W4', cell 'C13772' does not drive any nets. (LINT-1)
Warning: In design 'repair_decode_with_hybrid_MAX_K5_NUM_CFG7_ENTRY_NUM7_ROW_W10_COL_W10_PATTERN_ID_W4', cell 'C13773' does not drive any nets. (LINT-1)
Warning: In design 'repair_decode_with_hybrid_MAX_K5_NUM_CFG7_ENTRY_NUM7_ROW_W10_COL_W10_PATTERN_ID_W4', cell 'C13774' does not drive any nets. (LINT-1)
Warning: In design 'repair_decode_with_hybrid_MAX_K5_NUM_CFG7_ENTRY_NUM7_ROW_W10_COL_W10_PATTERN_ID_W4', cell 'C13775' does not drive any nets. (LINT-1)
Warning: In design 'repair_decode_with_hybrid_MAX_K5_NUM_CFG7_ENTRY_NUM7_ROW_W10_COL_W10_PATTERN_ID_W4', cell 'C13776' does not drive any nets. (LINT-1)
Warning: In design 'repair_decode_with_hybrid_MAX_K5_NUM_CFG7_ENTRY_NUM7_ROW_W10_COL_W10_PATTERN_ID_W4', cell 'C13777' does not drive any nets. (LINT-1)
Warning: In design 'repair_decode_with_hybrid_MAX_K5_NUM_CFG7_ENTRY_NUM7_ROW_W10_COL_W10_PATTERN_ID_W4', cell 'C13778' does not drive any nets. (LINT-1)
Warning: In design 'repair_decode_with_hybrid_MAX_K5_NUM_CFG7_ENTRY_NUM7_ROW_W10_COL_W10_PATTERN_ID_W4', cell 'C13779' does not drive any nets. (LINT-1)
Warning: In design 'repair_decode_with_hybrid_MAX_K5_NUM_CFG7_ENTRY_NUM7_ROW_W10_COL_W10_PATTERN_ID_W4', cell 'C13780' does not drive any nets. (LINT-1)
Warning: In design 'repair_decode_with_hybrid_MAX_K5_NUM_CFG7_ENTRY_NUM7_ROW_W10_COL_W10_PATTERN_ID_W4', cell 'C13781' does not drive any nets. (LINT-1)
Warning: In design 'repair_decode_with_hybrid_MAX_K5_NUM_CFG7_ENTRY_NUM7_ROW_W10_COL_W10_PATTERN_ID_W4', cell 'C13782' does not drive any nets. (LINT-1)
Warning: In design 'repair_decode_with_hybrid_MAX_K5_NUM_CFG7_ENTRY_NUM7_ROW_W10_COL_W10_PATTERN_ID_W4', cell 'C13783' does not drive any nets. (LINT-1)
Warning: In design 'repair_decode_with_hybrid_MAX_K5_NUM_CFG7_ENTRY_NUM7_ROW_W10_COL_W10_PATTERN_ID_W4', cell 'C13784' does not drive any nets. (LINT-1)
Warning: In design 'repair_decode_with_hybrid_MAX_K5_NUM_CFG7_ENTRY_NUM7_ROW_W10_COL_W10_PATTERN_ID_W4', cell 'C13785' does not drive any nets. (LINT-1)
Warning: In design 'repair_decode_with_hybrid_MAX_K5_NUM_CFG7_ENTRY_NUM7_ROW_W10_COL_W10_PATTERN_ID_W4', cell 'C13786' does not drive any nets. (LINT-1)
Warning: In design 'repair_decode_with_hybrid_MAX_K5_NUM_CFG7_ENTRY_NUM7_ROW_W10_COL_W10_PATTERN_ID_W4', cell 'C13787' does not drive any nets. (LINT-1)
Warning: In design 'repair_decode_with_hybrid_MAX_K5_NUM_CFG7_ENTRY_NUM7_ROW_W10_COL_W10_PATTERN_ID_W4', cell 'C13788' does not drive any nets. (LINT-1)
Warning: In design 'repair_decode_with_hybrid_MAX_K5_NUM_CFG7_ENTRY_NUM7_ROW_W10_COL_W10_PATTERN_ID_W4', cell 'C13789' does not drive any nets. (LINT-1)
Warning: In design 'repair_decode_with_hybrid_MAX_K5_NUM_CFG7_ENTRY_NUM7_ROW_W10_COL_W10_PATTERN_ID_W4', cell 'C13790' does not drive any nets. (LINT-1)
Warning: In design 'repair_decode_with_hybrid_MAX_K5_NUM_CFG7_ENTRY_NUM7_ROW_W10_COL_W10_PATTERN_ID_W4', cell 'C13791' does not drive any nets. (LINT-1)
Warning: In design 'repair_decode_with_hybrid_MAX_K5_NUM_CFG7_ENTRY_NUM7_ROW_W10_COL_W10_PATTERN_ID_W4', cell 'C13792' does not drive any nets. (LINT-1)
Warning: In design 'repair_decode_with_hybrid_MAX_K5_NUM_CFG7_ENTRY_NUM7_ROW_W10_COL_W10_PATTERN_ID_W4', cell 'C13793' does not drive any nets. (LINT-1)
Warning: In design 'repair_decode_with_hybrid_MAX_K5_NUM_CFG7_ENTRY_NUM7_ROW_W10_COL_W10_PATTERN_ID_W4', cell 'C13794' does not drive any nets. (LINT-1)
Warning: In design 'repair_decode_with_hybrid_MAX_K5_NUM_CFG7_ENTRY_NUM7_ROW_W10_COL_W10_PATTERN_ID_W4', cell 'C13795' does not drive any nets. (LINT-1)
Warning: In design 'repair_decode_with_hybrid_MAX_K5_NUM_CFG7_ENTRY_NUM7_ROW_W10_COL_W10_PATTERN_ID_W4', cell 'C13796' does not drive any nets. (LINT-1)
Warning: In design 'repair_decode_with_hybrid_MAX_K5_NUM_CFG7_ENTRY_NUM7_ROW_W10_COL_W10_PATTERN_ID_W4', cell 'C13797' does not drive any nets. (LINT-1)
Warning: In design 'repair_decode_with_hybrid_MAX_K5_NUM_CFG7_ENTRY_NUM7_ROW_W10_COL_W10_PATTERN_ID_W4', cell 'C13798' does not drive any nets. (LINT-1)
Warning: In design 'repair_decode_with_hybrid_MAX_K5_NUM_CFG7_ENTRY_NUM7_ROW_W10_COL_W10_PATTERN_ID_W4', cell 'C13799' does not drive any nets. (LINT-1)
Warning: In design 'repair_decode_with_hybrid_MAX_K5_NUM_CFG7_ENTRY_NUM7_ROW_W10_COL_W10_PATTERN_ID_W4', cell 'C13800' does not drive any nets. (LINT-1)
Warning: In design 'repair_decode_with_hybrid_MAX_K5_NUM_CFG7_ENTRY_NUM7_ROW_W10_COL_W10_PATTERN_ID_W4', cell 'C13801' does not drive any nets. (LINT-1)
Warning: In design 'repair_decode_with_hybrid_MAX_K5_NUM_CFG7_ENTRY_NUM7_ROW_W10_COL_W10_PATTERN_ID_W4', cell 'C13802' does not drive any nets. (LINT-1)
Warning: In design 'repair_decode_with_hybrid_MAX_K5_NUM_CFG7_ENTRY_NUM7_ROW_W10_COL_W10_PATTERN_ID_W4', cell 'C13803' does not drive any nets. (LINT-1)
Warning: In design 'repair_decode_with_hybrid_MAX_K5_NUM_CFG7_ENTRY_NUM7_ROW_W10_COL_W10_PATTERN_ID_W4', cell 'C13804' does not drive any nets. (LINT-1)
Warning: In design 'repair_decode_with_hybrid_MAX_K5_NUM_CFG7_ENTRY_NUM7_ROW_W10_COL_W10_PATTERN_ID_W4', cell 'C13805' does not drive any nets. (LINT-1)
Warning: In design 'repair_decode_with_hybrid_MAX_K5_NUM_CFG7_ENTRY_NUM7_ROW_W10_COL_W10_PATTERN_ID_W4', cell 'C13806' does not drive any nets. (LINT-1)
Warning: In design 'repair_decode_with_hybrid_MAX_K5_NUM_CFG7_ENTRY_NUM7_ROW_W10_COL_W10_PATTERN_ID_W4', cell 'C13807' does not drive any nets. (LINT-1)
Warning: In design 'repair_decode_with_hybrid_MAX_K5_NUM_CFG7_ENTRY_NUM7_ROW_W10_COL_W10_PATTERN_ID_W4', cell 'C13808' does not drive any nets. (LINT-1)
Warning: In design 'repair_decode_with_hybrid_MAX_K5_NUM_CFG7_ENTRY_NUM7_ROW_W10_COL_W10_PATTERN_ID_W4', cell 'C13809' does not drive any nets. (LINT-1)
Warning: In design 'repair_decode_with_hybrid_MAX_K5_NUM_CFG7_ENTRY_NUM7_ROW_W10_COL_W10_PATTERN_ID_W4', cell 'C13810' does not drive any nets. (LINT-1)
Warning: In design 'repair_decode_with_hybrid_MAX_K5_NUM_CFG7_ENTRY_NUM7_ROW_W10_COL_W10_PATTERN_ID_W4', cell 'C13811' does not drive any nets. (LINT-1)
Warning: In design 'repair_decode_with_hybrid_MAX_K5_NUM_CFG7_ENTRY_NUM7_ROW_W10_COL_W10_PATTERN_ID_W4', cell 'C13812' does not drive any nets. (LINT-1)
Warning: In design 'repair_decode_with_hybrid_MAX_K5_NUM_CFG7_ENTRY_NUM7_ROW_W10_COL_W10_PATTERN_ID_W4', cell 'C13813' does not drive any nets. (LINT-1)
Warning: In design 'repair_decode_with_hybrid_MAX_K5_NUM_CFG7_ENTRY_NUM7_ROW_W10_COL_W10_PATTERN_ID_W4', cell 'C13814' does not drive any nets. (LINT-1)
Warning: In design 'repair_decode_with_hybrid_MAX_K5_NUM_CFG7_ENTRY_NUM7_ROW_W10_COL_W10_PATTERN_ID_W4', cell 'C13815' does not drive any nets. (LINT-1)
Warning: In design 'repair_decode_with_hybrid_MAX_K5_NUM_CFG7_ENTRY_NUM7_ROW_W10_COL_W10_PATTERN_ID_W4', cell 'C13816' does not drive any nets. (LINT-1)
Warning: In design 'repair_decode_with_hybrid_MAX_K5_NUM_CFG7_ENTRY_NUM7_ROW_W10_COL_W10_PATTERN_ID_W4', cell 'C13817' does not drive any nets. (LINT-1)
Warning: In design 'repair_decode_with_hybrid_MAX_K5_NUM_CFG7_ENTRY_NUM7_ROW_W10_COL_W10_PATTERN_ID_W4', cell 'C13818' does not drive any nets. (LINT-1)
Warning: In design 'repair_decode_with_hybrid_MAX_K5_NUM_CFG7_ENTRY_NUM7_ROW_W10_COL_W10_PATTERN_ID_W4', cell 'C13819' does not drive any nets. (LINT-1)
Warning: In design 'repair_decode_with_hybrid_MAX_K5_NUM_CFG7_ENTRY_NUM7_ROW_W10_COL_W10_PATTERN_ID_W4', cell 'C13820' does not drive any nets. (LINT-1)
Warning: In design 'repair_decode_with_hybrid_MAX_K5_NUM_CFG7_ENTRY_NUM7_ROW_W10_COL_W10_PATTERN_ID_W4', cell 'C13821' does not drive any nets. (LINT-1)
Warning: In design 'repair_decode_with_hybrid_MAX_K5_NUM_CFG7_ENTRY_NUM7_ROW_W10_COL_W10_PATTERN_ID_W4', cell 'C13822' does not drive any nets. (LINT-1)
Warning: In design 'repair_decode_with_hybrid_MAX_K5_NUM_CFG7_ENTRY_NUM7_ROW_W10_COL_W10_PATTERN_ID_W4', cell 'C13823' does not drive any nets. (LINT-1)
Warning: In design 'repair_decode_with_hybrid_MAX_K5_NUM_CFG7_ENTRY_NUM7_ROW_W10_COL_W10_PATTERN_ID_W4', cell 'C13824' does not drive any nets. (LINT-1)
Warning: In design 'repair_decode_with_hybrid_MAX_K5_NUM_CFG7_ENTRY_NUM7_ROW_W10_COL_W10_PATTERN_ID_W4', cell 'C13825' does not drive any nets. (LINT-1)
Warning: In design 'repair_decode_with_hybrid_MAX_K5_NUM_CFG7_ENTRY_NUM7_ROW_W10_COL_W10_PATTERN_ID_W4', cell 'C13826' does not drive any nets. (LINT-1)
Warning: In design 'repair_decode_with_hybrid_MAX_K5_NUM_CFG7_ENTRY_NUM7_ROW_W10_COL_W10_PATTERN_ID_W4', cell 'C13827' does not drive any nets. (LINT-1)
Warning: In design 'repair_decode_with_hybrid_MAX_K5_NUM_CFG7_ENTRY_NUM7_ROW_W10_COL_W10_PATTERN_ID_W4', cell 'C13828' does not drive any nets. (LINT-1)
Warning: In design 'repair_decode_with_hybrid_MAX_K5_NUM_CFG7_ENTRY_NUM7_ROW_W10_COL_W10_PATTERN_ID_W4', cell 'C13829' does not drive any nets. (LINT-1)
Warning: In design 'repair_decode_with_hybrid_MAX_K5_NUM_CFG7_ENTRY_NUM7_ROW_W10_COL_W10_PATTERN_ID_W4', cell 'C13830' does not drive any nets. (LINT-1)
Warning: In design 'repair_decode_with_hybrid_MAX_K5_NUM_CFG7_ENTRY_NUM7_ROW_W10_COL_W10_PATTERN_ID_W4', cell 'C13831' does not drive any nets. (LINT-1)
Warning: In design 'repair_decode_with_hybrid_MAX_K5_NUM_CFG7_ENTRY_NUM7_ROW_W10_COL_W10_PATTERN_ID_W4', cell 'C13832' does not drive any nets. (LINT-1)
Warning: In design 'repair_decode_with_hybrid_MAX_K5_NUM_CFG7_ENTRY_NUM7_ROW_W10_COL_W10_PATTERN_ID_W4', cell 'C13833' does not drive any nets. (LINT-1)
Warning: In design 'repair_decode_with_hybrid_MAX_K5_NUM_CFG7_ENTRY_NUM7_ROW_W10_COL_W10_PATTERN_ID_W4', cell 'C13834' does not drive any nets. (LINT-1)
Warning: In design 'repair_decode_with_hybrid_MAX_K5_NUM_CFG7_ENTRY_NUM7_ROW_W10_COL_W10_PATTERN_ID_W4', cell 'C13835' does not drive any nets. (LINT-1)
Warning: In design 'repair_decode_with_hybrid_MAX_K5_NUM_CFG7_ENTRY_NUM7_ROW_W10_COL_W10_PATTERN_ID_W4', cell 'C13836' does not drive any nets. (LINT-1)
Warning: In design 'repair_decode_with_hybrid_MAX_K5_NUM_CFG7_ENTRY_NUM7_ROW_W10_COL_W10_PATTERN_ID_W4', cell 'C13837' does not drive any nets. (LINT-1)
Warning: In design 'repair_decode_with_hybrid_MAX_K5_NUM_CFG7_ENTRY_NUM7_ROW_W10_COL_W10_PATTERN_ID_W4', cell 'C13838' does not drive any nets. (LINT-1)
Warning: In design 'repair_decode_with_hybrid_MAX_K5_NUM_CFG7_ENTRY_NUM7_ROW_W10_COL_W10_PATTERN_ID_W4', cell 'C13839' does not drive any nets. (LINT-1)
Warning: In design 'repair_decode_with_hybrid_MAX_K5_NUM_CFG7_ENTRY_NUM7_ROW_W10_COL_W10_PATTERN_ID_W4', cell 'C13840' does not drive any nets. (LINT-1)
Warning: In design 'repair_decode_with_hybrid_MAX_K5_NUM_CFG7_ENTRY_NUM7_ROW_W10_COL_W10_PATTERN_ID_W4', cell 'C13841' does not drive any nets. (LINT-1)
Warning: In design 'repair_decode_with_hybrid_MAX_K5_NUM_CFG7_ENTRY_NUM7_ROW_W10_COL_W10_PATTERN_ID_W4', cell 'C13842' does not drive any nets. (LINT-1)
Warning: In design 'repair_decode_with_hybrid_MAX_K5_NUM_CFG7_ENTRY_NUM7_ROW_W10_COL_W10_PATTERN_ID_W4', cell 'C13843' does not drive any nets. (LINT-1)
Warning: In design 'repair_decode_with_hybrid_MAX_K5_NUM_CFG7_ENTRY_NUM7_ROW_W10_COL_W10_PATTERN_ID_W4', cell 'C13844' does not drive any nets. (LINT-1)
Warning: In design 'repair_decode_with_hybrid_MAX_K5_NUM_CFG7_ENTRY_NUM7_ROW_W10_COL_W10_PATTERN_ID_W4', cell 'C13845' does not drive any nets. (LINT-1)
Warning: In design 'repair_decode_with_hybrid_MAX_K5_NUM_CFG7_ENTRY_NUM7_ROW_W10_COL_W10_PATTERN_ID_W4', cell 'C13846' does not drive any nets. (LINT-1)
Warning: In design 'repair_decode_with_hybrid_MAX_K5_NUM_CFG7_ENTRY_NUM7_ROW_W10_COL_W10_PATTERN_ID_W4', cell 'C13847' does not drive any nets. (LINT-1)
Warning: In design 'repair_decode_with_hybrid_MAX_K5_NUM_CFG7_ENTRY_NUM7_ROW_W10_COL_W10_PATTERN_ID_W4', cell 'C13848' does not drive any nets. (LINT-1)
Warning: In design 'repair_decode_with_hybrid_MAX_K5_NUM_CFG7_ENTRY_NUM7_ROW_W10_COL_W10_PATTERN_ID_W4', cell 'C13849' does not drive any nets. (LINT-1)
Warning: In design 'repair_decode_with_hybrid_MAX_K5_NUM_CFG7_ENTRY_NUM7_ROW_W10_COL_W10_PATTERN_ID_W4', cell 'C13850' does not drive any nets. (LINT-1)
Warning: In design 'repair_decode_with_hybrid_MAX_K5_NUM_CFG7_ENTRY_NUM7_ROW_W10_COL_W10_PATTERN_ID_W4', cell 'C13851' does not drive any nets. (LINT-1)
Warning: In design 'repair_decode_with_hybrid_MAX_K5_NUM_CFG7_ENTRY_NUM7_ROW_W10_COL_W10_PATTERN_ID_W4', cell 'C13852' does not drive any nets. (LINT-1)
Warning: In design 'repair_decode_with_hybrid_MAX_K5_NUM_CFG7_ENTRY_NUM7_ROW_W10_COL_W10_PATTERN_ID_W4', cell 'C13853' does not drive any nets. (LINT-1)
Warning: In design 'repair_decode_with_hybrid_MAX_K5_NUM_CFG7_ENTRY_NUM7_ROW_W10_COL_W10_PATTERN_ID_W4', cell 'C13854' does not drive any nets. (LINT-1)
Warning: In design 'repair_decode_with_hybrid_MAX_K5_NUM_CFG7_ENTRY_NUM7_ROW_W10_COL_W10_PATTERN_ID_W4', cell 'C13855' does not drive any nets. (LINT-1)
Warning: In design 'repair_decode_with_hybrid_MAX_K5_NUM_CFG7_ENTRY_NUM7_ROW_W10_COL_W10_PATTERN_ID_W4', cell 'C13856' does not drive any nets. (LINT-1)
Warning: In design 'repair_decode_with_hybrid_MAX_K5_NUM_CFG7_ENTRY_NUM7_ROW_W10_COL_W10_PATTERN_ID_W4', cell 'C13857' does not drive any nets. (LINT-1)
Warning: In design 'repair_decode_with_hybrid_MAX_K5_NUM_CFG7_ENTRY_NUM7_ROW_W10_COL_W10_PATTERN_ID_W4', cell 'C13858' does not drive any nets. (LINT-1)
Warning: In design 'repair_decode_with_hybrid_MAX_K5_NUM_CFG7_ENTRY_NUM7_ROW_W10_COL_W10_PATTERN_ID_W4', cell 'C13859' does not drive any nets. (LINT-1)
Warning: In design 'repair_decode_with_hybrid_MAX_K5_NUM_CFG7_ENTRY_NUM7_ROW_W10_COL_W10_PATTERN_ID_W4', cell 'C13860' does not drive any nets. (LINT-1)
Warning: In design 'repair_decode_with_hybrid_MAX_K5_NUM_CFG7_ENTRY_NUM7_ROW_W10_COL_W10_PATTERN_ID_W4', cell 'C13861' does not drive any nets. (LINT-1)
Warning: In design 'repair_decode_with_hybrid_MAX_K5_NUM_CFG7_ENTRY_NUM7_ROW_W10_COL_W10_PATTERN_ID_W4', cell 'C13862' does not drive any nets. (LINT-1)
Warning: In design 'repair_decode_with_hybrid_MAX_K5_NUM_CFG7_ENTRY_NUM7_ROW_W10_COL_W10_PATTERN_ID_W4', cell 'C13863' does not drive any nets. (LINT-1)
Warning: In design 'repair_decode_with_hybrid_MAX_K5_NUM_CFG7_ENTRY_NUM7_ROW_W10_COL_W10_PATTERN_ID_W4', cell 'C13864' does not drive any nets. (LINT-1)
Warning: In design 'repair_decode_with_hybrid_MAX_K5_NUM_CFG7_ENTRY_NUM7_ROW_W10_COL_W10_PATTERN_ID_W4', cell 'C13865' does not drive any nets. (LINT-1)
Warning: In design 'repair_decode_with_hybrid_MAX_K5_NUM_CFG7_ENTRY_NUM7_ROW_W10_COL_W10_PATTERN_ID_W4', cell 'C13866' does not drive any nets. (LINT-1)
Warning: In design 'repair_decode_with_hybrid_MAX_K5_NUM_CFG7_ENTRY_NUM7_ROW_W10_COL_W10_PATTERN_ID_W4', cell 'C13867' does not drive any nets. (LINT-1)
Warning: In design 'repair_decode_with_hybrid_MAX_K5_NUM_CFG7_ENTRY_NUM7_ROW_W10_COL_W10_PATTERN_ID_W4', cell 'C13868' does not drive any nets. (LINT-1)
Warning: In design 'repair_decode_with_hybrid_MAX_K5_NUM_CFG7_ENTRY_NUM7_ROW_W10_COL_W10_PATTERN_ID_W4', cell 'C13869' does not drive any nets. (LINT-1)
Warning: In design 'repair_decode_with_hybrid_MAX_K5_NUM_CFG7_ENTRY_NUM7_ROW_W10_COL_W10_PATTERN_ID_W4', cell 'C13870' does not drive any nets. (LINT-1)
Warning: In design 'repair_decode_with_hybrid_MAX_K5_NUM_CFG7_ENTRY_NUM7_ROW_W10_COL_W10_PATTERN_ID_W4', cell 'C13871' does not drive any nets. (LINT-1)
Warning: In design 'repair_decode_with_hybrid_MAX_K5_NUM_CFG7_ENTRY_NUM7_ROW_W10_COL_W10_PATTERN_ID_W4', cell 'C13872' does not drive any nets. (LINT-1)
Warning: In design 'repair_decode_with_hybrid_MAX_K5_NUM_CFG7_ENTRY_NUM7_ROW_W10_COL_W10_PATTERN_ID_W4', cell 'C13873' does not drive any nets. (LINT-1)
Warning: In design 'repair_decode_with_hybrid_MAX_K5_NUM_CFG7_ENTRY_NUM7_ROW_W10_COL_W10_PATTERN_ID_W4', cell 'C13874' does not drive any nets. (LINT-1)
Warning: In design 'repair_decode_with_hybrid_MAX_K5_NUM_CFG7_ENTRY_NUM7_ROW_W10_COL_W10_PATTERN_ID_W4', cell 'C13875' does not drive any nets. (LINT-1)
Warning: In design 'repair_decode_with_hybrid_MAX_K5_NUM_CFG7_ENTRY_NUM7_ROW_W10_COL_W10_PATTERN_ID_W4', cell 'C13876' does not drive any nets. (LINT-1)
Warning: In design 'repair_decode_with_hybrid_MAX_K5_NUM_CFG7_ENTRY_NUM7_ROW_W10_COL_W10_PATTERN_ID_W4', cell 'C13877' does not drive any nets. (LINT-1)
Warning: In design 'repair_decode_with_hybrid_MAX_K5_NUM_CFG7_ENTRY_NUM7_ROW_W10_COL_W10_PATTERN_ID_W4', cell 'C13878' does not drive any nets. (LINT-1)
Warning: In design 'repair_decode_with_hybrid_MAX_K5_NUM_CFG7_ENTRY_NUM7_ROW_W10_COL_W10_PATTERN_ID_W4', cell 'C13879' does not drive any nets. (LINT-1)
Warning: In design 'repair_decode_with_hybrid_MAX_K5_NUM_CFG7_ENTRY_NUM7_ROW_W10_COL_W10_PATTERN_ID_W4', cell 'C13880' does not drive any nets. (LINT-1)
Warning: In design 'repair_decode_with_hybrid_MAX_K5_NUM_CFG7_ENTRY_NUM7_ROW_W10_COL_W10_PATTERN_ID_W4', cell 'C13881' does not drive any nets. (LINT-1)
Warning: In design 'repair_decode_with_hybrid_MAX_K5_NUM_CFG7_ENTRY_NUM7_ROW_W10_COL_W10_PATTERN_ID_W4', cell 'C13882' does not drive any nets. (LINT-1)
Warning: In design 'repair_decode_with_hybrid_MAX_K5_NUM_CFG7_ENTRY_NUM7_ROW_W10_COL_W10_PATTERN_ID_W4', cell 'C13883' does not drive any nets. (LINT-1)
Warning: In design 'repair_decode_with_hybrid_MAX_K5_NUM_CFG7_ENTRY_NUM7_ROW_W10_COL_W10_PATTERN_ID_W4', cell 'C13884' does not drive any nets. (LINT-1)
Warning: In design 'repair_decode_with_hybrid_MAX_K5_NUM_CFG7_ENTRY_NUM7_ROW_W10_COL_W10_PATTERN_ID_W4', cell 'C13885' does not drive any nets. (LINT-1)
Warning: In design 'repair_decode_with_hybrid_MAX_K5_NUM_CFG7_ENTRY_NUM7_ROW_W10_COL_W10_PATTERN_ID_W4', cell 'C13886' does not drive any nets. (LINT-1)
Warning: In design 'repair_decode_with_hybrid_MAX_K5_NUM_CFG7_ENTRY_NUM7_ROW_W10_COL_W10_PATTERN_ID_W4', cell 'C13887' does not drive any nets. (LINT-1)
Warning: In design 'repair_decode_with_hybrid_MAX_K5_NUM_CFG7_ENTRY_NUM7_ROW_W10_COL_W10_PATTERN_ID_W4', cell 'C13888' does not drive any nets. (LINT-1)
Warning: In design 'repair_decode_with_hybrid_MAX_K5_NUM_CFG7_ENTRY_NUM7_ROW_W10_COL_W10_PATTERN_ID_W4', cell 'C13889' does not drive any nets. (LINT-1)
Warning: In design 'repair_decode_with_hybrid_MAX_K5_NUM_CFG7_ENTRY_NUM7_ROW_W10_COL_W10_PATTERN_ID_W4', cell 'C13890' does not drive any nets. (LINT-1)
Warning: In design 'repair_decode_with_hybrid_MAX_K5_NUM_CFG7_ENTRY_NUM7_ROW_W10_COL_W10_PATTERN_ID_W4', cell 'C13891' does not drive any nets. (LINT-1)
Warning: In design 'repair_decode_with_hybrid_MAX_K5_NUM_CFG7_ENTRY_NUM7_ROW_W10_COL_W10_PATTERN_ID_W4', cell 'C13892' does not drive any nets. (LINT-1)
Warning: In design 'repair_decode_with_hybrid_MAX_K5_NUM_CFG7_ENTRY_NUM7_ROW_W10_COL_W10_PATTERN_ID_W4', cell 'C13893' does not drive any nets. (LINT-1)
Warning: In design 'repair_decode_with_hybrid_MAX_K5_NUM_CFG7_ENTRY_NUM7_ROW_W10_COL_W10_PATTERN_ID_W4', cell 'C13894' does not drive any nets. (LINT-1)
Warning: In design 'repair_decode_with_hybrid_MAX_K5_NUM_CFG7_ENTRY_NUM7_ROW_W10_COL_W10_PATTERN_ID_W4', cell 'C13895' does not drive any nets. (LINT-1)
Warning: In design 'repair_decode_with_hybrid_MAX_K5_NUM_CFG7_ENTRY_NUM7_ROW_W10_COL_W10_PATTERN_ID_W4', cell 'C13896' does not drive any nets. (LINT-1)
Warning: In design 'repair_decode_with_hybrid_MAX_K5_NUM_CFG7_ENTRY_NUM7_ROW_W10_COL_W10_PATTERN_ID_W4', cell 'C13897' does not drive any nets. (LINT-1)
Warning: In design 'repair_decode_with_hybrid_MAX_K5_NUM_CFG7_ENTRY_NUM7_ROW_W10_COL_W10_PATTERN_ID_W4', cell 'C13898' does not drive any nets. (LINT-1)
Warning: In design 'repair_decode_with_hybrid_MAX_K5_NUM_CFG7_ENTRY_NUM7_ROW_W10_COL_W10_PATTERN_ID_W4', cell 'C13899' does not drive any nets. (LINT-1)
Warning: In design 'repair_decode_with_hybrid_MAX_K5_NUM_CFG7_ENTRY_NUM7_ROW_W10_COL_W10_PATTERN_ID_W4', cell 'C13900' does not drive any nets. (LINT-1)
Warning: In design 'repair_decode_with_hybrid_MAX_K5_NUM_CFG7_ENTRY_NUM7_ROW_W10_COL_W10_PATTERN_ID_W4', cell 'C13901' does not drive any nets. (LINT-1)
1
