 
****************************************
Report : qor
Design : repair_decode_area_engine_ENTRY_NUM7
Version: W-2024.09-SP2
Date   : Wed Sep  9 14:44:05 2026
****************************************


  Timing Path Group 'clk'
  -----------------------------------
  Levels of Logic:             106.00
  Critical Path Length:         69.95
  Critical Path Slack:         -51.02
  Critical Path Clk Period:     20.00
  Total Negative Slack:     -32248.83
  No. of Violating Paths:      883.00
  Worst Hold Violation:          0.00
  Total Hold Violation:          0.00
  No. of Hold Violations:        0.00
  -----------------------------------


  Cell Count
  -----------------------------------
  Hierarchical Cell Count:          1
  Hierarchical Port Count:        517
  Leaf Cell Count:               4808
  Buf/Inv Cell Count:             596
  Buf Cell Count:                   0
  Inv Cell Count:                 596
  CT Buf/Inv Cell Count:            0
  Combinational Cell Count:      4363
  Sequential Cell Count:          445
  Macro Count:                      0
  -----------------------------------


  Area
  -----------------------------------
  Combinational Area:    93741.279096
  Noncombinational Area: 45857.750656
  Buf/Inv Area:          24109.747252
  Total Buffer Area:             0.00
  Total Inverter Area:       24109.75
  Macro/Black Box Area:      0.000000
  Net Area:             648483.313080
  -----------------------------------
  Cell Area:            139599.029752
  Design Area:          788082.342832


  Design Rules
  -----------------------------------
  Total Number of Nets:          6437
  Nets With Violations:           313
  Max Trans Violations:           157
  Max Cap Violations:             200
  Max Fanout Violations:          181
  -----------------------------------


  Hostname: Kaohsiung

  Compile CPU Statistics
  -----------------------------------------
  Resource Sharing:                   14.18
  Logic Optimization:                 11.46
  Mapping Optimization:                0.20
  -----------------------------------------
  Overall Compile Time:               40.27
  Overall Compile Wall Clock Time:    40.65

  --------------------------------------------------------------------

  Design  WNS: 51.02  TNS: 32248.83  Number of Violating Paths: 883


  Design (Hold)  WNS: 0.00  TNS: 0.00  Number of Violating Paths: 0

  --------------------------------------------------------------------


1
