 
****************************************
Report : reference
Design : repair_decode_area_engine_ENTRY_NUM7
Version: W-2024.09-SP2
Date   : Wed Sep  9 14:44:04 2026
****************************************

Attributes:
    b - black box (unknown)
   bo - allows boundary optimization
    d - dont_touch
   mo - map_only
    h - hierarchical
    n - noncombinational
    r - removable
    s - synthetic operator
    u - contains unmapped logic

Reference          Library       Unit Area   Count    Total Area   Attributes
-----------------------------------------------------------------------------
AND3X1             slow          16.632000       1     16.632000  
AOI21X1            slow          13.305600       2     26.611200  
AOI22X1            slow          16.632000     812  13505.183975  
CLKINVX16          slow          83.160004      52   4324.320190  
CLKINVX20          slow          96.465599     180  17363.807831  
DFFHQX4            slow          73.180801       1     73.180801  n
EDFFX4             slow         103.118401     444  45784.569855  n
INVX1              slow           6.652800       5     33.264000  
NAND2X1            slow           9.979200     409   4081.492949  
NAND3BX1           slow          16.632000       1     16.632000  
NAND4X1            slow          16.632000       1     16.632000  
NOR2BX1            slow          13.305600     110   1463.616018  
NOR2X1             slow           9.979200       3     29.937601  
NOR4BBX1           slow          26.611200       1     26.611200  
OAI21XL            slow          13.305600       5     66.528001  
repair_decode_with_hybrid_MAX_K5_NUM_CFG7_ENTRY_NUM7_ROW_W10_COL_W10_PATTERN_ID_W4
                              52770.010129       1  52770.010129  h
-----------------------------------------------------------------------------
Total 16 references                                 139599.029752

****************************************
Design: repair_decode_with_hybrid_MAX_K5_NUM_CFG7_ENTRY_NUM7_ROW_W10_COL_W10_PATTERN_ID_W4 
****************************************
Reference          Library       Unit Area   Count    Total Area   Attributes
-----------------------------------------------------------------------------
AND2X1             slow          13.305600      13    172.972802  
AND3X1             slow          16.632000       9    149.688000  
AND4X1             slow          19.958401      24    479.001617  
AOI2BB1X1          slow          16.632000       1     16.632000  
AOI2BB2X1          slow          23.284800      10    232.847996  
AOI21X1            slow          13.305600      30    399.168005  
AOI22X1            slow          16.632000     107   1779.623997  
AOI31X1            slow          16.632000      17    282.743999  
AOI32X1            slow          23.284800      29    675.259188  
AOI33X1            slow          26.611200       1     26.611200  
AOI211X1           slow          16.632000      18    299.375999  
AOI221X1           slow          23.284800      14    325.987194  
AOI222X1           slow          26.611200      40   1064.448013  
INVX1              slow           6.652800     359   2388.355230  
MX2X1              slow          26.611200     265   7051.968088  
MXI2X1             slow          23.284800     217   5052.801508  
NAND2BX1           slow          13.305600      11    146.361602  
NAND2X1            slow           9.979200     160   1596.672058  
NAND3BX1           slow          16.632000       3     49.896000  
NAND3X1            slow          13.305600      74    984.614412  
NAND4BXL           slow          19.958401       4     79.833603  
NAND4X1            slow          16.632000      89   1480.247997  
NOR2BX1            slow          13.305600      12    159.667202  
NOR2X1             slow           9.979200     106   1057.795238  
NOR3BX1            slow          19.958401       4     79.833603  
NOR3X1             slow          13.305600     137   1822.867223  
NOR4BX1            slow          19.958401      14    279.417610  
NOR4X1             slow          19.958401      14    279.417610  
OAI2BB1X1          slow          16.632000       8    133.056000  
OAI2BB2X1          slow          23.284800      10    232.847996  
OAI21XL            slow          13.305600      58    771.724810  
OAI22X1            slow          19.958401     136   2714.342499  
OAI31X1            slow          19.958401       1     19.958401  
OAI211X1           slow          19.958401      20    399.168015  
OAI221XL           slow          23.284800      51   1187.524778  
OAI222XL           slow          26.611200      43   1144.281614  
OR2X1              slow          13.305600       9    119.750401  
OR3XL              slow          16.632000       1     16.632000  
XNOR2X1            slow          26.611200      78   2075.673626  
XOR2X1             slow          26.611200     584  15540.940994  
-----------------------------------------------------------------------------
Total 40 references                                 52770.010129
1
