 
****************************************
Report : area
Design : recam_phase3e_group_integrated_top
Version: W-2024.09-SP2
Date   : Thu Sep 10 07:53:34 2026
****************************************

Library(s) Used:

    slow (File: /cad/std_libraries/CBDK_TSMC018_Arm_f1.0/CIC/SynopsysDC/db/slow.db)

Number of ports:                          889
Number of nets:                          4639
Number of cells:                         3799
Number of combinational cells:           3711
Number of sequential cells:                85
Number of macros/black boxes:               0
Number of buf/inv:                       1174
Number of references:                       2

Combinational area:              69165.835800
Buf/Inv area:                    10860.696169
Noncombinational area:            4527.230457
Macro/Black Box area:                0.000000
Net Interconnect area:          403808.691193

Total cell area:                 73693.066257
Total area:                     477501.757450

Hierarchical area distribution
------------------------------

                                  Global cell area            Local cell area
                                  -------------------  ----------------------------- 
Hierarchical cell                 Absolute    Percent  Combi-      Noncombi-  Black-
                                  Total       Total    national    national   boxes   Design
--------------------------------  ----------  -------  ----------  ---------  ------  --------------------------------------------------------------------------------------
recam_phase3e_group_integrated_top
                                  73693.0663    100.0      0.0000     0.0000  0.0000  recam_phase3e_group_integrated_top
group_selector                     1127.6496      1.5   1127.6496     0.0000  0.0000  recam_group_compressed_solution_selector
role_aware_scheduler              72565.4166     98.5   2491.4736  4527.2305  0.0000  recam_role_aware_config_scheduler_ROW_ADDR_W9_COL_ADDR_W5_DIFF_ADDR_W9_HYBRID_ENTRIES7
role_aware_scheduler/shared_analyzer
                                  65546.7126     88.9  65546.7126     0.0000  0.0000  recam_shared_config_analyzer_ROW_ADDR_W9_COL_ADDR_W5_DIFF_ADDR_W9_HYBRID_ENTRIES7
--------------------------------  ----------  -------  ----------  ---------  ------  --------------------------------------------------------------------------------------
Total                                                  69165.8358  4527.2305  0.0000

1
