 
****************************************
Report : qor
Design : recam_phase3e_group_integrated_top
Version: W-2024.09-SP2
Date   : Thu Sep 10 07:53:34 2026
****************************************


  Timing Path Group 'recam_boundary_clk'
  -----------------------------------
  Levels of Logic:              79.00
  Critical Path Length:         20.00
  Critical Path Slack:           0.00
  Critical Path Clk Period:     20.00
  Total Negative Slack:          0.00
  No. of Violating Paths:        0.00
  Worst Hold Violation:          0.00
  Total Hold Violation:          0.00
  No. of Hold Violations:        0.00
  -----------------------------------


  Cell Count
  -----------------------------------
  Hierarchical Cell Count:          3
  Hierarchical Port Count:        637
  Leaf Cell Count:               3796
  Buf/Inv Cell Count:            1174
  Buf Cell Count:                  87
  Inv Cell Count:                1087
  CT Buf/Inv Cell Count:            0
  Combinational Cell Count:      3711
  Sequential Cell Count:           85
  Macro Count:                      0
  -----------------------------------


  Area
  -----------------------------------
  Combinational Area:    69165.835800
  Noncombinational Area:  4527.230457
  Buf/Inv Area:          10860.696169
  Total Buffer Area:          1802.91
  Total Inverter Area:        9057.79
  Macro/Black Box Area:      0.000000
  Net Area:             403808.691193
  -----------------------------------
  Cell Area:             73693.066257
  Design Area:          477501.757450


  Design Rules
  -----------------------------------
  Total Number of Nets:          4005
  Nets With Violations:             0
  Max Trans Violations:             0
  Max Cap Violations:               0
  -----------------------------------


  Hostname: Kaohsiung

  Compile CPU Statistics
  -----------------------------------------
  Resource Sharing:                    2.40
  Logic Optimization:                 18.07
  Mapping Optimization:                7.18
  -----------------------------------------
  Overall Compile Time:               33.81
  Overall Compile Wall Clock Time:    34.09

  --------------------------------------------------------------------

  Design  WNS: 0.00  TNS: 0.00  Number of Violating Paths: 0


  Design (Hold)  WNS: 0.00  TNS: 0.00  Number of Violating Paths: 0

  --------------------------------------------------------------------


1
