 
****************************************
Report : reference
Design : recam_phase3e_group_integrated_top
Version: W-2024.09-SP2
Date   : Thu Sep 10 07:53:34 2026
****************************************

Attributes:
    b - black box (unknown)
   bo - allows boundary optimization
    d - dont_touch
   mo - map_only
    h - hierarchical
    n - noncombinational
    r - removable
    s - synthetic operator
    u - contains unmapped logic

Reference          Library       Unit Area   Count    Total Area   Attributes
-----------------------------------------------------------------------------
recam_group_compressed_solution_selector
                               1127.649610       1   1127.649610  h
recam_role_aware_config_scheduler_ROW_ADDR_W9_COL_ADDR_W5_DIFF_ADDR_W9_HYBRID_ENTRIES7
                              72565.416647       1  72565.416647  h, n
-----------------------------------------------------------------------------
Total 2 references                                  73693.066257

****************************************
Design: recam_group_compressed_solution_selector 
****************************************
Reference          Library       Unit Area   Count    Total Area   Attributes
-----------------------------------------------------------------------------
AOI2BB2X1          slow          23.284800       1     23.284800  
AOI22X1            slow          16.632000       1     16.632000  
AOI22XL            slow          16.632000      34    565.487999  
BUFX1              slow          13.305600       1     13.305600  
BUFX3              slow          13.305600       2     26.611200  
INVX1              slow           6.652800       5     33.264000  
INVXL              slow           6.652800       4     26.611200  
NAND2X1            slow           9.979200      21    209.563208  
NAND3X1            slow          13.305600       1     13.305600  
NAND4X1            slow          16.632000       3     49.896000  
NOR2X1             slow           9.979200       2     19.958401  
NOR2XL             slow           9.979200       1      9.979200  
NOR3X2             slow          23.284800       1     23.284800  
OAI21XL            slow          13.305600       3     39.916800  
OAI31X1            slow          19.958401       1     19.958401  
OR3XL              slow          16.632000       1     16.632000  
OR4X1              slow          19.958401       1     19.958401  
-----------------------------------------------------------------------------
Total 17 references                                  1127.649610

****************************************
Design: recam_role_aware_config_scheduler_ROW_ADDR_W9_COL_ADDR_W5_DIFF_ADDR_W9_HYBRID_ENTRIES7 
****************************************
Reference          Library       Unit Area   Count    Total Area   Attributes
-----------------------------------------------------------------------------
AND2X1             slow          13.305600       1     13.305600  
AND2X2             slow          13.305600       4     53.222401  
AND3X2             slow          16.632000       1     16.632000  
AOI21X1            slow          13.305600       3     39.916800  
AOI22X1            slow          16.632000      10    166.320000  
AOI22XL            slow          16.632000      59    981.287998  
BUFX2              slow          13.305600       1     13.305600  
BUFX3              slow          13.305600       9    119.750401  
DFFHQX1            slow          53.222401      84   4470.681656  n
DFFX1              slow          56.548801       1     56.548801  n
INVX1              slow           6.652800     105    698.544009  
INVX3              slow          13.305600       1     13.305600  
INVX8              slow          19.958401       1     19.958401  
INVXL              slow           6.652800       5     33.264000  
NAND2X1            slow           9.979200       7     69.854403  
NAND2XL            slow           9.979200       1      9.979200  
NAND3X1            slow          13.305600       1     13.305600  
NOR2BX1            slow          13.305600       1     13.305600  
NOR2X1             slow           9.979200       1      9.979200  
OAI2BB1X1          slow          16.632000       6     99.792000  
OAI21XL            slow          13.305600       5     66.528001  
OAI22X1            slow          19.958401       2     39.916801  
recam_shared_config_analyzer_ROW_ADDR_W9_COL_ADDR_W5_DIFF_ADDR_W9_HYBRID_ENTRIES7
                              65546.712574       1  65546.712574  h
-----------------------------------------------------------------------------
Total 23 references                                 72565.416647

****************************************
Design: recam_shared_config_analyzer_ROW_ADDR_W9_COL_ADDR_W5_DIFF_ADDR_W9_HYBRID_ENTRIES7 
****************************************
Reference          Library       Unit Area   Count    Total Area   Attributes
-----------------------------------------------------------------------------
AND2X1             slow          13.305600       3     39.916800  
AND2X2             slow          13.305600      24    319.334404  
AND2X4             slow          16.632000       9    149.688000  
AND3X1             slow          16.632000       3     49.896000  
AND3X2             slow          16.632000      10    166.320000  
AND3X4             slow          19.958401       3     59.875202  
AND4X2             slow          19.958401      43    858.211231  
AND4X4             slow          36.590401      13    475.675209  
AOI2BB1X1          slow          16.632000       8    133.056000  
AOI2BB1X2          slow          23.284800       3     69.854399  
AOI2BB1X4          slow          36.590401       1     36.590401  
AOI2BB1XL          slow          16.632000       1     16.632000  
AOI2BB2X1          slow          23.284800      75   1746.359968  
AOI2BB2X2          slow          29.937599      15    449.063988  
AOI2BB2X4          slow          49.896000       3    149.688000  
AOI2BB2XL          slow          23.284800       8    186.278397  
AOI21X1            slow          13.305600       1     13.305600  
AOI21X2            slow          23.284800       1     23.284800  
AOI21XL            slow          13.305600       1     13.305600  
AOI22X1            slow          16.632000       6     99.792000  
AOI31X1            slow          16.632000       2     33.264000  
AOI31X2            slow          29.937599       1     29.937599  
AOI32X4            slow          33.264000       1     33.264000  
AOI33X1            slow          26.611200       3     79.833601  
AOI211X2           slow          29.937599       3     89.812798  
AOI211X4           slow          33.264000       1     33.264000  
AOI221X1           slow          23.284800       8    186.278397  
AOI221X2           slow          39.916801       3    119.750404  
AOI221X4           slow          36.590401       1     36.590401  
AOI222X1           slow          26.611200      18    479.001606  
AOI222X2           slow          46.569599       4    186.278397  
AOI222XL           slow          26.611200       1     26.611200  
BUFX1              slow          13.305600      13    172.972802  
BUFX3              slow          13.305600      24    319.334404  
BUFX4              slow          16.632000       7    116.424000  
BUFX8              slow          29.937599      13    389.188789  
BUFX12             slow          33.264000       3     99.792000  
BUFX20             slow          53.222401       8    425.779205  
CLKBUFX2           slow          13.305600       1     13.305600  
CLKBUFX3           slow          13.305600       1     13.305600  
CLKBUFX8           slow          23.284800       2     46.569599  
CLKBUFXL           slow          13.305600       1     13.305600  
CLKINVX2           slow           9.979200       7     69.854403  
CLKINVX3           slow           9.979200     123   1227.441645  
CLKINVX4           slow          13.305600      10    133.056002  
CLKINVX8           slow          19.958401      17    339.292812  
CLKINVXL           slow           9.979200      16    159.667206  
DLY1X1             slow          19.958401       1     19.958401  
INVX1              slow           6.652800     574   3818.707248  
INVX2              slow           9.979200      18    179.625607  
INVX3              slow          13.305600       1     13.305600  
INVX4              slow          13.305600      41    545.529607  
INVX8              slow          19.958401      29    578.793621  
INVX12             slow          43.243198       4    172.972794  
INVX16             slow          56.548801       2    113.097603  
INVX20             slow          63.201599       1     63.201599  
INVXL              slow           6.652800     123    818.294410  
MX2X1              slow          26.611200      86   2288.563229  
MX2X2              slow          29.937599       3     89.812798  
MX2X4              slow          33.264000       4    133.056000  
MXI2X1             slow          23.284800     107   2491.473555  
MXI2X2             slow          26.611200      76   2022.451225  
MXI2X4             slow          46.569599      22   1024.531181  
MXI2XL             slow          23.284800      71   1653.220770  
NAND2BX1           slow          13.305600       1     13.305600  
NAND2BX4           slow          26.611200       1     26.611200  
NAND2X1            slow           9.979200      34    339.292812  
NAND2X2            slow          16.632000       4     66.528000  
NAND2X4            slow          23.284800      11    256.132795  
NAND2XL            slow           9.979200       6     59.875202  
NAND3BXL           slow          16.632000       1     16.632000  
NAND3X1            slow          13.305600     161   2142.201627  
NAND3X2            slow          23.284800       8    186.278397  
NAND3X4            slow          33.264000      22    731.807999  
NAND3XL            slow          13.305600      16    212.889603  
NAND4BBX1          slow          26.611200       2     53.222401  
NAND4BBX4          slow          63.201599       2    126.403198  
NAND4BXL           slow          19.958401       2     39.916801  
NAND4X1            slow          16.632000      84   1397.087997  
NAND4X2            slow          29.937599      16    479.001587  
NAND4X4            slow          56.548801      31   1753.012844  
NAND4XL            slow          16.632000      12    199.584000  
NOR2BX1            slow          13.305600       1     13.305600  
NOR2BX4            slow          26.611200       2     53.222401  
NOR2X1             slow           9.979200      31    309.355211  
NOR2X2             slow          16.632000       8    133.056000  
NOR2X4             slow          23.284800      10    232.847996  
NOR2XL             slow           9.979200       1      9.979200  
NOR3BX1            slow          19.958401       1     19.958401  
NOR3X1             slow          13.305600       3     39.916800  
NOR3XL             slow          13.305600       1     13.305600  
NOR4X1             slow          19.958401       1     19.958401  
OAI2BB1X1          slow          16.632000      43    715.175999  
OAI2BB1X2          slow          23.284800      23    535.550390  
OAI2BB1X4          slow          33.264000      11    365.903999  
OAI2BB1XL          slow          16.632000      11    182.952000  
OAI2BB2X4          slow          49.896000       2     99.792000  
OAI22X1            slow          19.958401      34    678.585625  
OAI22X2            slow          29.937599      18    538.876785  
OAI22X4            slow          46.569599       6    279.417595  
OAI22XL            slow          19.958401      16    319.334412  
OAI31X2            slow          29.937599       2     59.875198  
OAI32X4            slow          33.264000       1     33.264000  
OAI33X2            slow          43.243198       1     43.243198  
OAI211X1           slow          19.958401      12    239.500809  
OAI211X2           slow          33.264000       4    133.056000  
OAI211X4           slow          29.937599       6    179.625595  
OAI211XL           slow          19.958401       1     19.958401  
OAI221X2           slow          43.243198       3    129.729595  
OAI221X4           slow          36.590401       6    219.542404  
OAI221XL           slow          23.284800       2     46.569599  
OAI222X4           slow          39.916801       9    359.251213  
OAI222XL           slow          26.611200       3     79.833601  
OR2X1              slow          13.305600       3     39.916800  
OR2X2              slow          13.305600     206   2740.953634  
OR2X4              slow          19.958401      75   1496.880054  
OR2XL              slow          13.305600      24    319.334404  
OR3XL              slow          16.632000       5     83.160000  
OR4X1              slow          19.958401       2     39.916801  
OR4X2              slow          19.958401      60   1197.504044  
OR4X4              slow          36.590401      20    731.808014  
XNOR2X1            slow          26.611200      68   1809.561623  
XNOR2X2            slow          36.590401       2     73.180801  
XNOR2X4            slow          56.548801       4    226.195206  
XNOR2XL            slow          26.611200       5    133.056002  
XNOR3X2            slow          59.875198       1     59.875198  
XOR2X1             slow          26.611200     357   9500.198519  
XOR2X2             slow          33.264000      89   2960.495995  
XOR2X4             slow          56.548801      35   1979.208050  
XOR2XL             slow          26.611200      75   1995.840025  
-----------------------------------------------------------------------------
Total 130 references                                65546.712574
1
