 
****************************************
check_design summary:
Version:     W-2024.09-SP2
Date:        Thu Sep 24 10:54:54 2026
****************************************

                   Name                                            Total
--------------------------------------------------------------------------------
Inputs/Outputs                                                     68
    Unconnected ports (LINT-28)                                    18
    Feedthrough (LINT-29)                                           2
    Shorted outputs (LINT-31)                                      40
    Constant outputs (LINT-52)                                      8

Cells                                                              35
    Connected to power or ground (LINT-32)                         27
    Nets connected to multiple pins on same cell (LINT-33)          8

Nets                                                                2
    Unloaded nets (LINT-2)                                          2
--------------------------------------------------------------------------------

Warning: In design 'recam_n2_preopt_group_top', net 'canonical_config[5]' driven by pin 'canonical_path_selector/selected_config_flat_o[5]' has no loads. (LINT-2)
Warning: In design 'recam_n2_preopt_group_top', net 'canonical_config[8]' driven by pin 'canonical_path_selector/selected_config_flat_o[8]' has no loads. (LINT-2)
Warning: In design 'recam_dss_grid2x2_directional_rs2_cs2_m1_normalized_group_global_noscratch_atomic_group_commit', port 'selected_action_flat_i[7]' is not connected to any nets. (LINT-28)
Warning: In design 'recam_dss_grid2x2_directional_rs2_cs2_m1_normalized_group_global_noscratch_atomic_group_commit', port 'selected_action_flat_i[5]' is not connected to any nets. (LINT-28)
Warning: In design 'recam_dss_grid2x2_directional_rs2_cs2_m1_normalized_group_global_noscratch_atomic_group_commit', port 'selected_action_flat_i[3]' is not connected to any nets. (LINT-28)
Warning: In design 'recam_dss_grid2x2_directional_rs2_cs2_m1_normalized_group_global_noscratch_atomic_group_commit', port 'selected_action_flat_i[1]' is not connected to any nets. (LINT-28)
Warning: In design 'recam_shared_config_analyzer_ROW_ADDR_W9_PHYS_COL_ADDR_W13_WORD_COL_ADDR_W5_HYBRID_LINE_ADDR_W13_HYBRID_ENTRIES7_6', port 'row_gt1_i[4]' is not connected to any nets. (LINT-28)
Warning: In design 'recam_shared_config_analyzer_ROW_ADDR_W9_PHYS_COL_ADDR_W13_WORD_COL_ADDR_W5_HYBRID_LINE_ADDR_W13_HYBRID_ENTRIES7_6', port 'col_gt1_i[4]' is not connected to any nets. (LINT-28)
Warning: In design 'recam_shared_config_analyzer_ROW_ADDR_W9_PHYS_COL_ADDR_W13_WORD_COL_ADDR_W5_HYBRID_LINE_ADDR_W13_HYBRID_ENTRIES7_0', port 'row_gt1_i[4]' is not connected to any nets. (LINT-28)
Warning: In design 'recam_shared_config_analyzer_ROW_ADDR_W9_PHYS_COL_ADDR_W13_WORD_COL_ADDR_W5_HYBRID_LINE_ADDR_W13_HYBRID_ENTRIES7_0', port 'col_gt1_i[4]' is not connected to any nets. (LINT-28)
Warning: In design 'recam_shared_config_analyzer_ROW_ADDR_W9_PHYS_COL_ADDR_W13_WORD_COL_ADDR_W5_HYBRID_LINE_ADDR_W13_HYBRID_ENTRIES7_1', port 'row_gt1_i[4]' is not connected to any nets. (LINT-28)
Warning: In design 'recam_shared_config_analyzer_ROW_ADDR_W9_PHYS_COL_ADDR_W13_WORD_COL_ADDR_W5_HYBRID_LINE_ADDR_W13_HYBRID_ENTRIES7_1', port 'col_gt1_i[4]' is not connected to any nets. (LINT-28)
Warning: In design 'recam_shared_config_analyzer_ROW_ADDR_W9_PHYS_COL_ADDR_W13_WORD_COL_ADDR_W5_HYBRID_LINE_ADDR_W13_HYBRID_ENTRIES7_2', port 'row_gt1_i[4]' is not connected to any nets. (LINT-28)
Warning: In design 'recam_shared_config_analyzer_ROW_ADDR_W9_PHYS_COL_ADDR_W13_WORD_COL_ADDR_W5_HYBRID_LINE_ADDR_W13_HYBRID_ENTRIES7_2', port 'col_gt1_i[4]' is not connected to any nets. (LINT-28)
Warning: In design 'recam_shared_config_analyzer_ROW_ADDR_W9_PHYS_COL_ADDR_W13_WORD_COL_ADDR_W5_HYBRID_LINE_ADDR_W13_HYBRID_ENTRIES7_3', port 'row_gt1_i[4]' is not connected to any nets. (LINT-28)
Warning: In design 'recam_shared_config_analyzer_ROW_ADDR_W9_PHYS_COL_ADDR_W13_WORD_COL_ADDR_W5_HYBRID_LINE_ADDR_W13_HYBRID_ENTRIES7_3', port 'col_gt1_i[4]' is not connected to any nets. (LINT-28)
Warning: In design 'recam_shared_config_analyzer_ROW_ADDR_W9_PHYS_COL_ADDR_W13_WORD_COL_ADDR_W5_HYBRID_LINE_ADDR_W13_HYBRID_ENTRIES7_4', port 'row_gt1_i[4]' is not connected to any nets. (LINT-28)
Warning: In design 'recam_shared_config_analyzer_ROW_ADDR_W9_PHYS_COL_ADDR_W13_WORD_COL_ADDR_W5_HYBRID_LINE_ADDR_W13_HYBRID_ENTRIES7_4', port 'col_gt1_i[4]' is not connected to any nets. (LINT-28)
Warning: In design 'recam_shared_config_analyzer_ROW_ADDR_W9_PHYS_COL_ADDR_W13_WORD_COL_ADDR_W5_HYBRID_LINE_ADDR_W13_HYBRID_ENTRIES7_5', port 'row_gt1_i[4]' is not connected to any nets. (LINT-28)
Warning: In design 'recam_shared_config_analyzer_ROW_ADDR_W9_PHYS_COL_ADDR_W13_WORD_COL_ADDR_W5_HYBRID_LINE_ADDR_W13_HYBRID_ENTRIES7_5', port 'col_gt1_i[4]' is not connected to any nets. (LINT-28)
Warning: In design 'recam_dss_grid2x2_directional_rs2_cs2_m1_normalized_group_global_noscratch_candidate_transition_adapter', input port 'sa_id_i[1]' is connected directly to output port 'release_resource_o[0]'. (LINT-29)
Warning: In design 'recam_dss_grid2x2_directional_rs2_cs2_m1_normalized_group_global_noscratch_candidate_transition_adapter', input port 'sa_id_i[0]' is connected directly to output port 'donor_resource_o[0]'. (LINT-29)
Warning: In design 'recam_n2_preopt_canonical_path_selector', output port 'group_repairable_o' is connected directly to output port 'selected_donor_flat_o[1]'. (LINT-31)
Warning: In design 'recam_n2_preopt_canonical_path_selector', output port 'selected_valid_o[2]' is connected directly to output port 'selected_valid_o[1]'. (LINT-31)
Warning: In design 'recam_n2_preopt_canonical_path_selector', output port 'selected_valid_o[0]' is connected directly to output port 'selected_donor_flat_o[7]'. (LINT-31)
Warning: In design 'recam_n2_preopt_canonical_path_selector', output port 'selected_action_flat_o[7]' is connected directly to output port 'selected_borrow_o[3]'. (LINT-31)
Warning: In design 'recam_n2_preopt_canonical_path_selector', output port 'selected_action_flat_o[6]' is connected directly to output port 'selected_release_by_sa_o[3]'. (LINT-31)
Warning: In design 'recam_n2_preopt_canonical_path_selector', output port 'selected_action_flat_o[6]' is connected directly to output port 'selected_release_o[1]'. (LINT-31)
Warning: In design 'recam_n2_preopt_canonical_path_selector', output port 'selected_action_flat_o[5]' is connected directly to output port 'selected_borrow_o[2]'. (LINT-31)
Warning: In design 'recam_n2_preopt_canonical_path_selector', output port 'selected_action_flat_o[4]' is connected directly to output port 'selected_release_by_sa_o[2]'. (LINT-31)
Warning: In design 'recam_n2_preopt_canonical_path_selector', output port 'selected_action_flat_o[4]' is connected directly to output port 'selected_release_o[3]'. (LINT-31)
Warning: In design 'recam_n2_preopt_canonical_path_selector', output port 'selected_action_flat_o[3]' is connected directly to output port 'selected_borrow_o[1]'. (LINT-31)
Warning: In design 'recam_n2_preopt_canonical_path_selector', output port 'selected_action_flat_o[2]' is connected directly to output port 'selected_release_by_sa_o[1]'. (LINT-31)
Warning: In design 'recam_n2_preopt_canonical_path_selector', output port 'selected_action_flat_o[2]' is connected directly to output port 'selected_release_o[2]'. (LINT-31)
Warning: In design 'recam_n2_preopt_canonical_path_selector', output port 'selected_action_flat_o[1]' is connected directly to output port 'selected_borrow_o[0]'. (LINT-31)
Warning: In design 'recam_n2_preopt_canonical_path_selector', output port 'selected_action_flat_o[0]' is connected directly to output port 'selected_release_by_sa_o[0]'. (LINT-31)
Warning: In design 'recam_n2_preopt_canonical_path_selector', output port 'selected_action_flat_o[0]' is connected directly to output port 'selected_release_o[0]'. (LINT-31)
Warning: In design 'recam_n2_preopt_canonical_path_selector', output port 'selected_config_flat_o[8]' is connected directly to output port 'selected_config_flat_o[5]'. (LINT-31)
Warning: In design 'recam_n2_preopt_canonical_path_selector', output port 'selected_donor_flat_o[6]' is connected directly to output port 'selected_donor_flat_o[2]'. (LINT-31)
Warning: In design 'recam_n2_preopt_canonical_path_selector', output port 'selected_donor_flat_o[5]' is connected directly to output port 'selected_donor_flat_o[0]'. (LINT-31)
Warning: In design 'recam_n2_preopt_canonical_path_selector', output port 'selected_donor_flat_o[5]' is connected directly to output port 'selected_donor_flat_o[3]'. (LINT-31)
Warning: In design 'recam_n2_preopt_canonical_path_selector', output port 'selected_donor_flat_o[5]' is connected directly to output port 'selected_donor_flat_o[4]'. (LINT-31)
Warning: In design 'dss_group_pivot_address_regs_ROW_ADDR_W9_PHYS_COL_ADDR_W13', output port 'final_repair_line_valid_flat_o[17]' is connected directly to output port 'final_repair_line_valid_flat_o[15]'. (LINT-31)
Warning: In design 'dss_group_pivot_address_regs_ROW_ADDR_W9_PHYS_COL_ADDR_W13', output port 'final_repair_line_valid_flat_o[17]' is connected directly to output port 'final_repair_line_valid_flat_o[16]'. (LINT-31)
Warning: In design 'dss_group_pivot_address_regs_ROW_ADDR_W9_PHYS_COL_ADDR_W13', output port 'final_repair_line_valid_flat_o[12]' is connected directly to output port 'final_repair_line_valid_flat_o[11]'. (LINT-31)
Warning: In design 'dss_group_pivot_address_regs_ROW_ADDR_W9_PHYS_COL_ADDR_W13', output port 'final_repair_line_valid_flat_o[12]' is connected directly to output port 'final_repair_line_valid_flat_o[10]'. (LINT-31)
Warning: In design 'dss_group_pivot_address_regs_ROW_ADDR_W9_PHYS_COL_ADDR_W13', output port 'final_repair_line_valid_flat_o[7]' is connected directly to output port 'final_repair_line_valid_flat_o[5]'. (LINT-31)
Warning: In design 'dss_group_pivot_address_regs_ROW_ADDR_W9_PHYS_COL_ADDR_W13', output port 'final_repair_line_valid_flat_o[7]' is connected directly to output port 'final_repair_line_valid_flat_o[6]'. (LINT-31)
Warning: In design 'dss_group_pivot_address_regs_ROW_ADDR_W9_PHYS_COL_ADDR_W13', output port 'final_repair_line_valid_flat_o[2]' is connected directly to output port 'final_repair_line_valid_flat_o[0]'. (LINT-31)
Warning: In design 'dss_group_pivot_address_regs_ROW_ADDR_W9_PHYS_COL_ADDR_W13', output port 'final_repair_line_valid_flat_o[2]' is connected directly to output port 'final_repair_line_valid_flat_o[1]'. (LINT-31)
Warning: In design 'recam_dss_hyp02_static_selector', output port 'selected_b_slot_o[1]' is connected directly to output port 'selected_b_config_id_o[1]'. (LINT-31)
Warning: In design 'recam_dss_hyp02_static_selector', output port 'selected_b_slot_o[0]' is connected directly to output port 'selected_b_config_id_o[0]'. (LINT-31)
Warning: In design 'recam_dss_hyp02_static_selector', output port 'selected_c_slot_o[1]' is connected directly to output port 'selected_c_config_id_o[1]'. (LINT-31)
Warning: In design 'recam_dss_hyp02_static_selector', output port 'selected_c_slot_o[0]' is connected directly to output port 'selected_c_config_id_o[0]'. (LINT-31)
Warning: In design 'recam_dss_hyp02_static_selector', output port 'selected_b_config_id_o[2]' is connected directly to output port 'selected_c_config_id_o[2]'. (LINT-31)
Warning: In design 'recam_shared_config_analyzer_ROW_ADDR_W9_PHYS_COL_ADDR_W13_WORD_COL_ADDR_W5_HYBRID_LINE_ADDR_W13_HYBRID_ENTRIES7_6', output port 'solution_valid_o' is connected directly to output port 'repairable_o'. (LINT-31)
Warning: In design 'recam_shared_config_analyzer_ROW_ADDR_W9_PHYS_COL_ADDR_W13_WORD_COL_ADDR_W5_HYBRID_LINE_ADDR_W13_HYBRID_ENTRIES7_0', output port 'solution_valid_o' is connected directly to output port 'repairable_o'. (LINT-31)
Warning: In design 'recam_shared_config_analyzer_ROW_ADDR_W9_PHYS_COL_ADDR_W13_WORD_COL_ADDR_W5_HYBRID_LINE_ADDR_W13_HYBRID_ENTRIES7_1', output port 'solution_valid_o' is connected directly to output port 'repairable_o'. (LINT-31)
Warning: In design 'recam_shared_config_analyzer_ROW_ADDR_W9_PHYS_COL_ADDR_W13_WORD_COL_ADDR_W5_HYBRID_LINE_ADDR_W13_HYBRID_ENTRIES7_2', output port 'solution_valid_o' is connected directly to output port 'repairable_o'. (LINT-31)
Warning: In design 'recam_shared_config_analyzer_ROW_ADDR_W9_PHYS_COL_ADDR_W13_WORD_COL_ADDR_W5_HYBRID_LINE_ADDR_W13_HYBRID_ENTRIES7_3', output port 'solution_valid_o' is connected directly to output port 'repairable_o'. (LINT-31)
Warning: In design 'recam_shared_config_analyzer_ROW_ADDR_W9_PHYS_COL_ADDR_W13_WORD_COL_ADDR_W5_HYBRID_LINE_ADDR_W13_HYBRID_ENTRIES7_4', output port 'solution_valid_o' is connected directly to output port 'repairable_o'. (LINT-31)
Warning: In design 'recam_shared_config_analyzer_ROW_ADDR_W9_PHYS_COL_ADDR_W13_WORD_COL_ADDR_W5_HYBRID_LINE_ADDR_W13_HYBRID_ENTRIES7_5', output port 'solution_valid_o' is connected directly to output port 'repairable_o'. (LINT-31)
Warning: In design 'recam_n2_preopt_group_top', a pin on submodule 'commit' is connected to logic 1 or logic 0. (LINT-32)
   Pin 'selected_donor_flat_i[5]' is connected to logic 0. 
Warning: In design 'recam_n2_preopt_group_top', a pin on submodule 'commit' is connected to logic 1 or logic 0. (LINT-32)
   Pin 'selected_donor_flat_i[4]' is connected to logic 0. 
Warning: In design 'recam_n2_preopt_group_top', a pin on submodule 'commit' is connected to logic 1 or logic 0. (LINT-32)
   Pin 'selected_donor_flat_i[3]' is connected to logic 0. 
Warning: In design 'recam_n2_preopt_group_top', a pin on submodule 'commit' is connected to logic 1 or logic 0. (LINT-32)
   Pin 'selected_donor_flat_i[0]' is connected to logic 0. 
Warning: In design 'recam_n2_preopt_candidate_map_producer_ROW_ADDR_W9_PHYS_COL_ADDR_W13_WORD_COL_ADDR_W5_HYBRID_LINE_ADDR_W13_HYBRID_ENTRIES7', a pin on submodule 'transition_adapter' is connected to logic 1 or logic 0. (LINT-32)
   Pin 'row_count_i[2]' is connected to logic 0. 
Warning: In design 'recam_n2_preopt_candidate_map_producer_ROW_ADDR_W9_PHYS_COL_ADDR_W13_WORD_COL_ADDR_W5_HYBRID_LINE_ADDR_W13_HYBRID_ENTRIES7', a pin on submodule 'transition_adapter' is connected to logic 1 or logic 0. (LINT-32)
   Pin 'col_count_i[2]' is connected to logic 0. 
Warning: In design 'recam_n2_preopt_parallel_config_bank_ROW_ADDR_W9_PHYS_COL_ADDR_W13_WORD_COL_ADDR_W5_HYBRID_LINE_ADDR_W13_HYBRID_ENTRIES7', a pin on submodule 'generate_config_lane[0].analyzer' is connected to logic 1 or logic 0. (LINT-32)
   Pin 'config_id_i[2]' is connected to logic 0. 
Warning: In design 'recam_n2_preopt_parallel_config_bank_ROW_ADDR_W9_PHYS_COL_ADDR_W13_WORD_COL_ADDR_W5_HYBRID_LINE_ADDR_W13_HYBRID_ENTRIES7', a pin on submodule 'generate_config_lane[0].analyzer' is connected to logic 1 or logic 0. (LINT-32)
   Pin 'config_id_i[1]' is connected to logic 0. 
Warning: In design 'recam_n2_preopt_parallel_config_bank_ROW_ADDR_W9_PHYS_COL_ADDR_W13_WORD_COL_ADDR_W5_HYBRID_LINE_ADDR_W13_HYBRID_ENTRIES7', a pin on submodule 'generate_config_lane[0].analyzer' is connected to logic 1 or logic 0. (LINT-32)
   Pin 'config_id_i[0]' is connected to logic 0. 
Warning: In design 'recam_n2_preopt_parallel_config_bank_ROW_ADDR_W9_PHYS_COL_ADDR_W13_WORD_COL_ADDR_W5_HYBRID_LINE_ADDR_W13_HYBRID_ENTRIES7', a pin on submodule 'generate_config_lane[1].analyzer' is connected to logic 1 or logic 0. (LINT-32)
   Pin 'config_id_i[2]' is connected to logic 0. 
Warning: In design 'recam_n2_preopt_parallel_config_bank_ROW_ADDR_W9_PHYS_COL_ADDR_W13_WORD_COL_ADDR_W5_HYBRID_LINE_ADDR_W13_HYBRID_ENTRIES7', a pin on submodule 'generate_config_lane[1].analyzer' is connected to logic 1 or logic 0. (LINT-32)
   Pin 'config_id_i[1]' is connected to logic 0. 
Warning: In design 'recam_n2_preopt_parallel_config_bank_ROW_ADDR_W9_PHYS_COL_ADDR_W13_WORD_COL_ADDR_W5_HYBRID_LINE_ADDR_W13_HYBRID_ENTRIES7', a pin on submodule 'generate_config_lane[1].analyzer' is connected to logic 1 or logic 0. (LINT-32)
   Pin 'config_id_i[0]' is connected to logic 1. 
Warning: In design 'recam_n2_preopt_parallel_config_bank_ROW_ADDR_W9_PHYS_COL_ADDR_W13_WORD_COL_ADDR_W5_HYBRID_LINE_ADDR_W13_HYBRID_ENTRIES7', a pin on submodule 'generate_config_lane[2].analyzer' is connected to logic 1 or logic 0. (LINT-32)
   Pin 'config_id_i[2]' is connected to logic 0. 
Warning: In design 'recam_n2_preopt_parallel_config_bank_ROW_ADDR_W9_PHYS_COL_ADDR_W13_WORD_COL_ADDR_W5_HYBRID_LINE_ADDR_W13_HYBRID_ENTRIES7', a pin on submodule 'generate_config_lane[2].analyzer' is connected to logic 1 or logic 0. (LINT-32)
   Pin 'config_id_i[1]' is connected to logic 1. 
Warning: In design 'recam_n2_preopt_parallel_config_bank_ROW_ADDR_W9_PHYS_COL_ADDR_W13_WORD_COL_ADDR_W5_HYBRID_LINE_ADDR_W13_HYBRID_ENTRIES7', a pin on submodule 'generate_config_lane[2].analyzer' is connected to logic 1 or logic 0. (LINT-32)
   Pin 'config_id_i[0]' is connected to logic 0. 
Warning: In design 'recam_n2_preopt_parallel_config_bank_ROW_ADDR_W9_PHYS_COL_ADDR_W13_WORD_COL_ADDR_W5_HYBRID_LINE_ADDR_W13_HYBRID_ENTRIES7', a pin on submodule 'generate_config_lane[3].analyzer' is connected to logic 1 or logic 0. (LINT-32)
   Pin 'config_id_i[2]' is connected to logic 0. 
Warning: In design 'recam_n2_preopt_parallel_config_bank_ROW_ADDR_W9_PHYS_COL_ADDR_W13_WORD_COL_ADDR_W5_HYBRID_LINE_ADDR_W13_HYBRID_ENTRIES7', a pin on submodule 'generate_config_lane[3].analyzer' is connected to logic 1 or logic 0. (LINT-32)
   Pin 'config_id_i[1]' is connected to logic 1. 
Warning: In design 'recam_n2_preopt_parallel_config_bank_ROW_ADDR_W9_PHYS_COL_ADDR_W13_WORD_COL_ADDR_W5_HYBRID_LINE_ADDR_W13_HYBRID_ENTRIES7', a pin on submodule 'generate_config_lane[3].analyzer' is connected to logic 1 or logic 0. (LINT-32)
   Pin 'config_id_i[0]' is connected to logic 1. 
Warning: In design 'recam_n2_preopt_parallel_config_bank_ROW_ADDR_W9_PHYS_COL_ADDR_W13_WORD_COL_ADDR_W5_HYBRID_LINE_ADDR_W13_HYBRID_ENTRIES7', a pin on submodule 'generate_config_lane[4].analyzer' is connected to logic 1 or logic 0. (LINT-32)
   Pin 'config_id_i[2]' is connected to logic 1. 
Warning: In design 'recam_n2_preopt_parallel_config_bank_ROW_ADDR_W9_PHYS_COL_ADDR_W13_WORD_COL_ADDR_W5_HYBRID_LINE_ADDR_W13_HYBRID_ENTRIES7', a pin on submodule 'generate_config_lane[4].analyzer' is connected to logic 1 or logic 0. (LINT-32)
   Pin 'config_id_i[1]' is connected to logic 0. 
Warning: In design 'recam_n2_preopt_parallel_config_bank_ROW_ADDR_W9_PHYS_COL_ADDR_W13_WORD_COL_ADDR_W5_HYBRID_LINE_ADDR_W13_HYBRID_ENTRIES7', a pin on submodule 'generate_config_lane[4].analyzer' is connected to logic 1 or logic 0. (LINT-32)
   Pin 'config_id_i[0]' is connected to logic 0. 
Warning: In design 'recam_n2_preopt_parallel_config_bank_ROW_ADDR_W9_PHYS_COL_ADDR_W13_WORD_COL_ADDR_W5_HYBRID_LINE_ADDR_W13_HYBRID_ENTRIES7', a pin on submodule 'generate_config_lane[5].analyzer' is connected to logic 1 or logic 0. (LINT-32)
   Pin 'config_id_i[2]' is connected to logic 1. 
Warning: In design 'recam_n2_preopt_parallel_config_bank_ROW_ADDR_W9_PHYS_COL_ADDR_W13_WORD_COL_ADDR_W5_HYBRID_LINE_ADDR_W13_HYBRID_ENTRIES7', a pin on submodule 'generate_config_lane[5].analyzer' is connected to logic 1 or logic 0. (LINT-32)
   Pin 'config_id_i[1]' is connected to logic 0. 
Warning: In design 'recam_n2_preopt_parallel_config_bank_ROW_ADDR_W9_PHYS_COL_ADDR_W13_WORD_COL_ADDR_W5_HYBRID_LINE_ADDR_W13_HYBRID_ENTRIES7', a pin on submodule 'generate_config_lane[5].analyzer' is connected to logic 1 or logic 0. (LINT-32)
   Pin 'config_id_i[0]' is connected to logic 1. 
Warning: In design 'recam_n2_preopt_parallel_config_bank_ROW_ADDR_W9_PHYS_COL_ADDR_W13_WORD_COL_ADDR_W5_HYBRID_LINE_ADDR_W13_HYBRID_ENTRIES7', a pin on submodule 'generate_config_lane[6].analyzer' is connected to logic 1 or logic 0. (LINT-32)
   Pin 'config_id_i[2]' is connected to logic 1. 
Warning: In design 'recam_n2_preopt_parallel_config_bank_ROW_ADDR_W9_PHYS_COL_ADDR_W13_WORD_COL_ADDR_W5_HYBRID_LINE_ADDR_W13_HYBRID_ENTRIES7', a pin on submodule 'generate_config_lane[6].analyzer' is connected to logic 1 or logic 0. (LINT-32)
   Pin 'config_id_i[1]' is connected to logic 1. 
Warning: In design 'recam_n2_preopt_parallel_config_bank_ROW_ADDR_W9_PHYS_COL_ADDR_W13_WORD_COL_ADDR_W5_HYBRID_LINE_ADDR_W13_HYBRID_ENTRIES7', a pin on submodule 'generate_config_lane[6].analyzer' is connected to logic 1 or logic 0. (LINT-32)
   Pin 'config_id_i[0]' is connected to logic 0. 
Warning: In design 'recam_n2_preopt_candidate_map_producer_ROW_ADDR_W9_PHYS_COL_ADDR_W13_WORD_COL_ADDR_W5_HYBRID_LINE_ADDR_W13_HYBRID_ENTRIES7', the same net is connected to more than one pin on submodule 'transition_adapter'. (LINT-33)
   Net 'n4723' is connected to pins 'row_count_i[2]', 'col_count_i[2]''.
Warning: In design 'recam_n2_preopt_parallel_config_bank_ROW_ADDR_W9_PHYS_COL_ADDR_W13_WORD_COL_ADDR_W5_HYBRID_LINE_ADDR_W13_HYBRID_ENTRIES7', the same net is connected to more than one pin on submodule 'generate_config_lane[0].analyzer'. (LINT-33)
   Net '*Logic0*' is connected to pins 'config_id_i[2]', 'config_id_i[1]'', 'config_id_i[0]'.
Warning: In design 'recam_n2_preopt_parallel_config_bank_ROW_ADDR_W9_PHYS_COL_ADDR_W13_WORD_COL_ADDR_W5_HYBRID_LINE_ADDR_W13_HYBRID_ENTRIES7', the same net is connected to more than one pin on submodule 'generate_config_lane[1].analyzer'. (LINT-33)
   Net '*Logic0*' is connected to pins 'config_id_i[2]', 'config_id_i[1]''.
Warning: In design 'recam_n2_preopt_parallel_config_bank_ROW_ADDR_W9_PHYS_COL_ADDR_W13_WORD_COL_ADDR_W5_HYBRID_LINE_ADDR_W13_HYBRID_ENTRIES7', the same net is connected to more than one pin on submodule 'generate_config_lane[2].analyzer'. (LINT-33)
   Net '*Logic0*' is connected to pins 'config_id_i[2]', 'config_id_i[0]''.
Warning: In design 'recam_n2_preopt_parallel_config_bank_ROW_ADDR_W9_PHYS_COL_ADDR_W13_WORD_COL_ADDR_W5_HYBRID_LINE_ADDR_W13_HYBRID_ENTRIES7', the same net is connected to more than one pin on submodule 'generate_config_lane[3].analyzer'. (LINT-33)
   Net '*Logic1*' is connected to pins 'config_id_i[1]', 'config_id_i[0]''.
Warning: In design 'recam_n2_preopt_parallel_config_bank_ROW_ADDR_W9_PHYS_COL_ADDR_W13_WORD_COL_ADDR_W5_HYBRID_LINE_ADDR_W13_HYBRID_ENTRIES7', the same net is connected to more than one pin on submodule 'generate_config_lane[4].analyzer'. (LINT-33)
   Net '*Logic0*' is connected to pins 'config_id_i[1]', 'config_id_i[0]''.
Warning: In design 'recam_n2_preopt_parallel_config_bank_ROW_ADDR_W9_PHYS_COL_ADDR_W13_WORD_COL_ADDR_W5_HYBRID_LINE_ADDR_W13_HYBRID_ENTRIES7', the same net is connected to more than one pin on submodule 'generate_config_lane[5].analyzer'. (LINT-33)
   Net '*Logic1*' is connected to pins 'config_id_i[2]', 'config_id_i[0]''.
Warning: In design 'recam_n2_preopt_parallel_config_bank_ROW_ADDR_W9_PHYS_COL_ADDR_W13_WORD_COL_ADDR_W5_HYBRID_LINE_ADDR_W13_HYBRID_ENTRIES7', the same net is connected to more than one pin on submodule 'generate_config_lane[6].analyzer'. (LINT-33)
   Net '*Logic1*' is connected to pins 'config_id_i[2]', 'config_id_i[1]''.
Warning: In design 'recam_n2_preopt_canonical_path_selector', output port 'selected_config_flat_o[8]' is connected directly to 'logic 0'. (LINT-52)
Warning: In design 'recam_n2_preopt_canonical_path_selector', output port 'selected_config_flat_o[5]' is connected directly to 'logic 0'. (LINT-52)
Warning: In design 'recam_n2_preopt_canonical_path_selector', output port 'selected_donor_flat_o[5]' is connected directly to 'logic 0'. (LINT-52)
Warning: In design 'recam_n2_preopt_canonical_path_selector', output port 'selected_donor_flat_o[4]' is connected directly to 'logic 0'. (LINT-52)
Warning: In design 'recam_n2_preopt_canonical_path_selector', output port 'selected_donor_flat_o[3]' is connected directly to 'logic 0'. (LINT-52)
Warning: In design 'recam_n2_preopt_canonical_path_selector', output port 'selected_donor_flat_o[0]' is connected directly to 'logic 0'. (LINT-52)
Warning: In design 'recam_dss_hyp02_static_selector', output port 'selected_b_config_id_o[2]' is connected directly to 'logic 0'. (LINT-52)
Warning: In design 'recam_dss_hyp02_static_selector', output port 'selected_c_config_id_o[2]' is connected directly to 'logic 0'. (LINT-52)
1
