 
****************************************
Report : constraint
        -all_violators
Design : recam_shared_config_analyzer
Version: W-2024.09-SP2
Date   : Thu Sep 10 03:31:20 2026
****************************************


   max_delay/setup ('recam_boundary_clk' group)

                             Required        Actual
   Endpoint                 Path Delay     Path Delay        Slack
   -----------------------------------------------------------------
   repairable_o                20.00          76.69 f       -56.69  (VIOLATED)
   solution_valid_o            20.00          76.69 f       -56.69  (VIOLATED)
   pattern_id_o[0]             20.00          76.46 r       -56.46  (VIOLATED)
   pattern_id_o[1]             20.00          76.43 f       -56.43  (VIOLATED)
   pattern_id_o[3]             20.00          76.37 f       -56.37  (VIOLATED)
   pattern_id_o[2]             20.00          74.18 r       -54.18  (VIOLATED)
   candidate_valid_o[2]        20.00          70.69 r       -50.69  (VIOLATED)
   candidate_valid_o[0]        20.00          70.64 r       -50.64  (VIOLATED)
   candidate_valid_o[7]        20.00          70.60 r       -50.60  (VIOLATED)
   candidate_valid_o[4]        20.00          70.57 r       -50.57  (VIOLATED)
   candidate_valid_o[1]        20.00          70.56 r       -50.56  (VIOLATED)
   candidate_valid_o[3]        20.00          70.56 r       -50.56  (VIOLATED)
   candidate_valid_o[6]        20.00          70.21 r       -50.21  (VIOLATED)
   candidate_valid_o[5]        20.00          70.20 r       -50.20  (VIOLATED)
   candidate_valid_o[8]        20.00          70.10 r       -50.10  (VIOLATED)
   candidate_valid_o[9]        20.00          70.05 r       -50.05  (VIOLATED)


   max_transition

                             Required        Actual
   Net                      Transition     Transition        Slack
   -----------------------------------------------------------------
   n5470                        3.00           4.81          -1.81  (VIOLATED)
       PIN :   U4630/A          3.00           4.81          -1.81  (VIOLATED)
       PIN :   U4484/B1         3.00           4.81          -1.81  (VIOLATED)
       PIN :   U4126/B          3.00           4.81          -1.81  (VIOLATED)
       PIN :   U3086/B          3.00           4.81          -1.81  (VIOLATED)
       PIN :   U2486/A0         3.00           4.81          -1.81  (VIOLATED)
       PIN :   U2481/A0         3.00           4.81          -1.81  (VIOLATED)
       PIN :   U2475/A1         3.00           4.81          -1.81  (VIOLATED)
       PIN :   U2474/A0         3.00           4.81          -1.81  (VIOLATED)
       PIN :   U2471/C          3.00           4.81          -1.81  (VIOLATED)
       PIN :   U2469/A1         3.00           4.81          -1.81  (VIOLATED)
       PIN :   U2467/A1         3.00           4.81          -1.81  (VIOLATED)
       PIN :   U2461/B0         3.00           4.81          -1.81  (VIOLATED)
       PIN :   U2458/B0         3.00           4.81          -1.81  (VIOLATED)
       PIN :   U4631/Y          3.00           4.81          -1.81  (VIOLATED)
   n6396                        3.00           3.78          -0.78  (VIOLATED)
       PIN :   U3294/S0         3.00           3.78          -0.78  (VIOLATED)
       PIN :   U3292/S0         3.00           3.78          -0.78  (VIOLATED)
       PIN :   U3290/S0         3.00           3.78          -0.78  (VIOLATED)
       PIN :   U3288/S0         3.00           3.78          -0.78  (VIOLATED)
       PIN :   U3283/S0         3.00           3.78          -0.78  (VIOLATED)
       PIN :   U3280/S0         3.00           3.78          -0.78  (VIOLATED)
       PIN :   U3277/S0         3.00           3.78          -0.78  (VIOLATED)
       PIN :   U3274/S0         3.00           3.78          -0.78  (VIOLATED)
       PIN :   U3271/S0         3.00           3.78          -0.78  (VIOLATED)
       PIN :   U3256/B          3.00           3.78          -0.78  (VIOLATED)
       PIN :   U3295/Y          3.00           3.78          -0.78  (VIOLATED)
   n5937                        3.00           3.68          -0.68  (VIOLATED)
       PIN :   U4635/A          3.00           3.68          -0.68  (VIOLATED)
       PIN :   U4484/C1         3.00           3.68          -0.68  (VIOLATED)
       PIN :   U4350/A0         3.00           3.68          -0.68  (VIOLATED)
       PIN :   U3675/C0         3.00           3.68          -0.68  (VIOLATED)
       PIN :   U3527/B          3.00           3.68          -0.68  (VIOLATED)
       PIN :   U3430/B0         3.00           3.68          -0.68  (VIOLATED)
       PIN :   U3398/A1         3.00           3.68          -0.68  (VIOLATED)
       PIN :   U3174/A0         3.00           3.68          -0.68  (VIOLATED)
       PIN :   U3130/A0         3.00           3.68          -0.68  (VIOLATED)
       PIN :   U2861/A0         3.00           3.68          -0.68  (VIOLATED)
       PIN :   U4636/Y          3.00           3.68          -0.68  (VIOLATED)
   n6314                        3.00           3.46          -0.46  (VIOLATED)
       PIN :   U3199/S0         3.00           3.46          -0.46  (VIOLATED)
       PIN :   U3197/S0         3.00           3.46          -0.46  (VIOLATED)
       PIN :   U3194/S0         3.00           3.46          -0.46  (VIOLATED)
       PIN :   U3192/S0         3.00           3.46          -0.46  (VIOLATED)
       PIN :   U3190/S0         3.00           3.46          -0.46  (VIOLATED)
       PIN :   U3187/S0         3.00           3.46          -0.46  (VIOLATED)
       PIN :   U3185/S0         3.00           3.46          -0.46  (VIOLATED)
       PIN :   U3183/S0         3.00           3.46          -0.46  (VIOLATED)
       PIN :   U3180/S0         3.00           3.46          -0.46  (VIOLATED)
       PIN :   U3200/Y          3.00           3.46          -0.46  (VIOLATED)
   n5118                        3.00           3.33          -0.33  (VIOLATED)
       PIN :   U4660/A          3.00           3.33          -0.33  (VIOLATED)
       PIN :   U3100/B          3.00           3.33          -0.33  (VIOLATED)
       PIN :   U3098/A          3.00           3.33          -0.33  (VIOLATED)
       PIN :   U2665/A          3.00           3.33          -0.33  (VIOLATED)
       PIN :   U2664/A          3.00           3.33          -0.33  (VIOLATED)
       PIN :   U2533/A          3.00           3.33          -0.33  (VIOLATED)
       PIN :   U2377/B          3.00           3.33          -0.33  (VIOLATED)
       PIN :   U2374/A1         3.00           3.33          -0.33  (VIOLATED)
       PIN :   U2261/A          3.00           3.33          -0.33  (VIOLATED)
       PIN :   U4661/Y          3.00           3.33          -0.33  (VIOLATED)
   n6583                        3.00           3.32          -0.32  (VIOLATED)
       PIN :   U3556/B          3.00           3.32          -0.32  (VIOLATED)
       PIN :   U3531/B          3.00           3.32          -0.32  (VIOLATED)
       PIN :   U3481/S0         3.00           3.32          -0.32  (VIOLATED)
       PIN :   U3479/S0         3.00           3.32          -0.32  (VIOLATED)
       PIN :   U3477/S0         3.00           3.32          -0.32  (VIOLATED)
       PIN :   U3475/S0         3.00           3.32          -0.32  (VIOLATED)
       PIN :   U3471/S0         3.00           3.32          -0.32  (VIOLATED)
       PIN :   U3469/S0         3.00           3.32          -0.32  (VIOLATED)
       PIN :   U3467/S0         3.00           3.32          -0.32  (VIOLATED)
       PIN :   U3465/S0         3.00           3.32          -0.32  (VIOLATED)
       PIN :   U3462/S0         3.00           3.32          -0.32  (VIOLATED)
       PIN :   U3572/Y          3.00           3.32          -0.32  (VIOLATED)
   n7179                        3.00           3.28          -0.28  (VIOLATED)
       PIN :   U4294/AN         3.00           3.28          -0.28  (VIOLATED)
       PIN :   U4271/C          3.00           3.28          -0.28  (VIOLATED)
       PIN :   U4178/S0         3.00           3.28          -0.28  (VIOLATED)
       PIN :   U4176/S0         3.00           3.28          -0.28  (VIOLATED)
       PIN :   U4174/S0         3.00           3.28          -0.28  (VIOLATED)
       PIN :   U4172/S0         3.00           3.28          -0.28  (VIOLATED)
       PIN :   U4170/S0         3.00           3.28          -0.28  (VIOLATED)
       PIN :   U4167/S0         3.00           3.28          -0.28  (VIOLATED)
       PIN :   U4165/S0         3.00           3.28          -0.28  (VIOLATED)
       PIN :   U4163/S0         3.00           3.28          -0.28  (VIOLATED)
       PIN :   U4160/S0         3.00           3.28          -0.28  (VIOLATED)
       PIN :   U4309/Y          3.00           3.28          -0.28  (VIOLATED)
   n5904                        3.00           3.26          -0.26  (VIOLATED)
       PIN :   U4454/A          3.00           3.26          -0.26  (VIOLATED)
       PIN :   U4428/A          3.00           3.26          -0.26  (VIOLATED)
       PIN :   U4404/A          3.00           3.26          -0.26  (VIOLATED)
       PIN :   U4383/A          3.00           3.26          -0.26  (VIOLATED)
       PIN :   U4333/B          3.00           3.26          -0.26  (VIOLATED)
       PIN :   U4291/A          3.00           3.26          -0.26  (VIOLATED)
       PIN :   U4261/B          3.00           3.26          -0.26  (VIOLATED)
       PIN :   U4113/B          3.00           3.26          -0.26  (VIOLATED)
       PIN :   U3698/B          3.00           3.26          -0.26  (VIOLATED)
       PIN :   U3672/A          3.00           3.26          -0.26  (VIOLATED)
       PIN :   U3655/A          3.00           3.26          -0.26  (VIOLATED)
       PIN :   U3630/A          3.00           3.26          -0.26  (VIOLATED)
       PIN :   U3593/A          3.00           3.26          -0.26  (VIOLATED)
       PIN :   U3553/B          3.00           3.26          -0.26  (VIOLATED)
       PIN :   U3522/B          3.00           3.26          -0.26  (VIOLATED)
       PIN :   U3047/B          3.00           3.26          -0.26  (VIOLATED)
       PIN :   U3035/A          3.00           3.26          -0.26  (VIOLATED)
       PIN :   U2842/A          3.00           3.26          -0.26  (VIOLATED)
       PIN :   U4458/Y          3.00           3.26          -0.26  (VIOLATED)
   n5894                        3.00           3.25          -0.25  (VIOLATED)
       PIN :   U4450/A          3.00           3.25          -0.25  (VIOLATED)
       PIN :   U4422/A          3.00           3.25          -0.25  (VIOLATED)
       PIN :   U4405/A          3.00           3.25          -0.25  (VIOLATED)
       PIN :   U4373/A          3.00           3.25          -0.25  (VIOLATED)
       PIN :   U4323/B          3.00           3.25          -0.25  (VIOLATED)
       PIN :   U4281/A          3.00           3.25          -0.25  (VIOLATED)
       PIN :   U4264/B          3.00           3.25          -0.25  (VIOLATED)
       PIN :   U4092/B          3.00           3.25          -0.25  (VIOLATED)
       PIN :   U3695/A          3.00           3.25          -0.25  (VIOLATED)
       PIN :   U3668/A          3.00           3.25          -0.25  (VIOLATED)
       PIN :   U3653/A          3.00           3.25          -0.25  (VIOLATED)
       PIN :   U3620/A          3.00           3.25          -0.25  (VIOLATED)
       PIN :   U3584/A          3.00           3.25          -0.25  (VIOLATED)
       PIN :   U3546/B          3.00           3.25          -0.25  (VIOLATED)
       PIN :   U3524/B          3.00           3.25          -0.25  (VIOLATED)
       PIN :   U3081/B          3.00           3.25          -0.25  (VIOLATED)
       PIN :   U3028/A          3.00           3.25          -0.25  (VIOLATED)
       PIN :   U2837/A          3.00           3.25          -0.25  (VIOLATED)
       PIN :   U4453/Y          3.00           3.25          -0.25  (VIOLATED)
   n6938                        3.00           3.24          -0.24  (VIOLATED)
       PIN :   U4627/A0         3.00           3.24          -0.24  (VIOLATED)
       PIN :   U4625/A1         3.00           3.24          -0.24  (VIOLATED)
       PIN :   U4503/A0         3.00           3.24          -0.24  (VIOLATED)
       PIN :   U4501/A0         3.00           3.24          -0.24  (VIOLATED)
       PIN :   U4499/A0         3.00           3.24          -0.24  (VIOLATED)
       PIN :   U4490/S0         3.00           3.24          -0.24  (VIOLATED)
       PIN :   U4468/AN         3.00           3.24          -0.24  (VIOLATED)
       PIN :   U3924/A0         3.00           3.24          -0.24  (VIOLATED)
       PIN :   U3922/A0         3.00           3.24          -0.24  (VIOLATED)
       PIN :   U3870/A0         3.00           3.24          -0.24  (VIOLATED)
       PIN :   U3868/A0         3.00           3.24          -0.24  (VIOLATED)
       PIN :   U3866/A0         3.00           3.24          -0.24  (VIOLATED)
       PIN :   U4629/Y          3.00           3.24          -0.24  (VIOLATED)
   n5853                        3.00           3.19          -0.19  (VIOLATED)
       PIN :   U4031/A          3.00           3.19          -0.19  (VIOLATED)
       PIN :   U4014/A          3.00           3.19          -0.19  (VIOLATED)
       PIN :   U3983/A          3.00           3.19          -0.19  (VIOLATED)
       PIN :   U3972/A          3.00           3.19          -0.19  (VIOLATED)
       PIN :   U3931/A          3.00           3.19          -0.19  (VIOLATED)
       PIN :   U3802/B          3.00           3.19          -0.19  (VIOLATED)
       PIN :   U3777/B          3.00           3.19          -0.19  (VIOLATED)
       PIN :   U3752/B          3.00           3.19          -0.19  (VIOLATED)
       PIN :   U3718/B          3.00           3.19          -0.19  (VIOLATED)
       PIN :   U3392/A          3.00           3.19          -0.19  (VIOLATED)
       PIN :   U3374/A          3.00           3.19          -0.19  (VIOLATED)
       PIN :   U3362/A          3.00           3.19          -0.19  (VIOLATED)
       PIN :   U3326/A          3.00           3.19          -0.19  (VIOLATED)
       PIN :   U3271/B          3.00           3.19          -0.19  (VIOLATED)
       PIN :   U3211/A          3.00           3.19          -0.19  (VIOLATED)
       PIN :   U3187/B          3.00           3.19          -0.19  (VIOLATED)
       PIN :   U2941/B          3.00           3.19          -0.19  (VIOLATED)
       PIN :   U2814/A          3.00           3.19          -0.19  (VIOLATED)
       PIN :   U4033/Y          3.00           3.19          -0.19  (VIOLATED)
   n6808                        3.00           3.18          -0.18  (VIOLATED)
       PIN :   U4627/B0         3.00           3.18          -0.18  (VIOLATED)
       PIN :   U4625/B0         3.00           3.18          -0.18  (VIOLATED)
       PIN :   U4503/B0         3.00           3.18          -0.18  (VIOLATED)
       PIN :   U4501/B0         3.00           3.18          -0.18  (VIOLATED)
       PIN :   U4499/B0         3.00           3.18          -0.18  (VIOLATED)
       PIN :   U3924/B0         3.00           3.18          -0.18  (VIOLATED)
       PIN :   U3922/B0         3.00           3.18          -0.18  (VIOLATED)
       PIN :   U3870/B0         3.00           3.18          -0.18  (VIOLATED)
       PIN :   U3868/B0         3.00           3.18          -0.18  (VIOLATED)
       PIN :   U3866/B0         3.00           3.18          -0.18  (VIOLATED)
       PIN :   U3863/S0         3.00           3.18          -0.18  (VIOLATED)
       PIN :   U3706/AN         3.00           3.18          -0.18  (VIOLATED)
       PIN :   U4628/Y          3.00           3.18          -0.18  (VIOLATED)
   n5417                        3.00           3.15          -0.15  (VIOLATED)
       PIN :   U4431/S0         3.00           3.15          -0.15  (VIOLATED)
       PIN :   U4421/S0         3.00           3.15          -0.15  (VIOLATED)
       PIN :   U4400/S0         3.00           3.15          -0.15  (VIOLATED)
       PIN :   U4398/S0         3.00           3.15          -0.15  (VIOLATED)
       PIN :   U4396/S0         3.00           3.15          -0.15  (VIOLATED)
       PIN :   U4393/S0         3.00           3.15          -0.15  (VIOLATED)
       PIN :   U4391/S0         3.00           3.15          -0.15  (VIOLATED)
       PIN :   U3667/S0         3.00           3.15          -0.15  (VIOLATED)
       PIN :   U3646/S0         3.00           3.15          -0.15  (VIOLATED)
       PIN :   U3644/S0         3.00           3.15          -0.15  (VIOLATED)
       PIN :   U3642/S0         3.00           3.15          -0.15  (VIOLATED)
       PIN :   U3640/S0         3.00           3.15          -0.15  (VIOLATED)
       PIN :   U2631/B          3.00           3.15          -0.15  (VIOLATED)
       PIN :   U2604/A          3.00           3.15          -0.15  (VIOLATED)
       PIN :   U2473/A1         3.00           3.15          -0.15  (VIOLATED)
       PIN :   U2424/B          3.00           3.15          -0.15  (VIOLATED)
       PIN :   U4432/Y          3.00           3.15          -0.15  (VIOLATED)
   n6874                        3.00           3.14          -0.14  (VIOLATED)
       PIN :   U4003/AN         3.00           3.14          -0.14  (VIOLATED)
       PIN :   U3982/C          3.00           3.14          -0.14  (VIOLATED)
       PIN :   U3791/S0         3.00           3.14          -0.14  (VIOLATED)
       PIN :   U3789/S0         3.00           3.14          -0.14  (VIOLATED)
       PIN :   U3786/S0         3.00           3.14          -0.14  (VIOLATED)
       PIN :   U3784/S0         3.00           3.14          -0.14  (VIOLATED)
       PIN :   U3779/S0         3.00           3.14          -0.14  (VIOLATED)
       PIN :   U3777/S0         3.00           3.14          -0.14  (VIOLATED)
       PIN :   U3774/S0         3.00           3.14          -0.14  (VIOLATED)
       PIN :   U3771/S0         3.00           3.14          -0.14  (VIOLATED)
       PIN :   U3769/S0         3.00           3.14          -0.14  (VIOLATED)
       PIN :   U4016/Y          3.00           3.14          -0.14  (VIOLATED)
   n7067                        3.00           3.14          -0.14  (VIOLATED)
       PIN :   U4179/AN         3.00           3.14          -0.14  (VIOLATED)
       PIN :   U4158/C          3.00           3.14          -0.14  (VIOLATED)
       PIN :   U4002/S0         3.00           3.14          -0.14  (VIOLATED)
       PIN :   U4000/S0         3.00           3.14          -0.14  (VIOLATED)
       PIN :   U3998/S0         3.00           3.14          -0.14  (VIOLATED)
       PIN :   U3996/S0         3.00           3.14          -0.14  (VIOLATED)
       PIN :   U3994/S0         3.00           3.14          -0.14  (VIOLATED)
       PIN :   U3991/S0         3.00           3.14          -0.14  (VIOLATED)
       PIN :   U3989/S0         3.00           3.14          -0.14  (VIOLATED)
       PIN :   U3987/S0         3.00           3.14          -0.14  (VIOLATED)
       PIN :   U3984/S0         3.00           3.14          -0.14  (VIOLATED)
       PIN :   U4192/Y          3.00           3.14          -0.14  (VIOLATED)
   n6623                        3.00           3.04          -0.04  (VIOLATED)
       PIN :   U3576/B          3.00           3.04          -0.04  (VIOLATED)
       PIN :   U3526/S0         3.00           3.04          -0.04  (VIOLATED)
       PIN :   U3524/S0         3.00           3.04          -0.04  (VIOLATED)
       PIN :   U3522/S0         3.00           3.04          -0.04  (VIOLATED)
       PIN :   U3520/S0         3.00           3.04          -0.04  (VIOLATED)
       PIN :   U3517/S0         3.00           3.04          -0.04  (VIOLATED)
       PIN :   U3515/S0         3.00           3.04          -0.04  (VIOLATED)
       PIN :   U3513/S0         3.00           3.04          -0.04  (VIOLATED)
       PIN :   U3510/S0         3.00           3.04          -0.04  (VIOLATED)
       PIN :   U3508/S0         3.00           3.04          -0.04  (VIOLATED)
       PIN :   U3577/Y          3.00           3.04          -0.04  (VIOLATED)
   n7236                        3.00           3.04          -0.04  (VIOLATED)
       PIN :   U4345/B          3.00           3.04          -0.04  (VIOLATED)
       PIN :   U4266/S0         3.00           3.04          -0.04  (VIOLATED)
       PIN :   U4264/S0         3.00           3.04          -0.04  (VIOLATED)
       PIN :   U4261/S0         3.00           3.04          -0.04  (VIOLATED)
       PIN :   U4258/S0         3.00           3.04          -0.04  (VIOLATED)
       PIN :   U4255/S0         3.00           3.04          -0.04  (VIOLATED)
       PIN :   U4253/S0         3.00           3.04          -0.04  (VIOLATED)
       PIN :   U4251/S0         3.00           3.04          -0.04  (VIOLATED)
       PIN :   U4247/S0         3.00           3.04          -0.04  (VIOLATED)
       PIN :   U4244/S0         3.00           3.04          -0.04  (VIOLATED)
       PIN :   U4346/Y          3.00           3.04          -0.04  (VIOLATED)
   n6789                        3.00           3.03          -0.03  (VIOLATED)
       PIN :   U3708/S0         3.00           3.03          -0.03  (VIOLATED)
       PIN :   U3707/A          3.00           3.03          -0.03  (VIOLATED)
       PIN :   U3703/S0         3.00           3.03          -0.03  (VIOLATED)
       PIN :   U3700/S0         3.00           3.03          -0.03  (VIOLATED)
       PIN :   U3697/S0         3.00           3.03          -0.03  (VIOLATED)
       PIN :   U3694/S0         3.00           3.03          -0.03  (VIOLATED)
       PIN :   U3691/S0         3.00           3.03          -0.03  (VIOLATED)
       PIN :   U3688/S0         3.00           3.03          -0.03  (VIOLATED)
       PIN :   U3685/S0         3.00           3.03          -0.03  (VIOLATED)
       PIN :   U3683/S0         3.00           3.03          -0.03  (VIOLATED)
       PIN :   U3709/Y          3.00           3.03          -0.03  (VIOLATED)
   n7376                        3.00           3.03          -0.03  (VIOLATED)
       PIN :   U4475/A          3.00           3.03          -0.03  (VIOLATED)
       PIN :   U4469/S0         3.00           3.03          -0.03  (VIOLATED)
       PIN :   U4463/S0         3.00           3.03          -0.03  (VIOLATED)
       PIN :   U4456/S0         3.00           3.03          -0.03  (VIOLATED)
       PIN :   U4452/S0         3.00           3.03          -0.03  (VIOLATED)
       PIN :   U4449/S0         3.00           3.03          -0.03  (VIOLATED)
       PIN :   U4445/S0         3.00           3.03          -0.03  (VIOLATED)
       PIN :   U4442/S0         3.00           3.03          -0.03  (VIOLATED)
       PIN :   U4438/S0         3.00           3.03          -0.03  (VIOLATED)
       PIN :   U4436/S0         3.00           3.03          -0.03  (VIOLATED)
       PIN :   U4476/Y          3.00           3.03          -0.03  (VIOLATED)
   n5569                        3.00           3.02          -0.02  (VIOLATED)
       PIN :   U4515/A          3.00           3.02          -0.02  (VIOLATED)
       PIN :   U4416/B          3.00           3.02          -0.02  (VIOLATED)
       PIN :   U4386/S0         3.00           3.02          -0.02  (VIOLATED)
       PIN :   U4385/A          3.00           3.02          -0.02  (VIOLATED)
       PIN :   U4382/S0         3.00           3.02          -0.02  (VIOLATED)
       PIN :   U4379/S0         3.00           3.02          -0.02  (VIOLATED)
       PIN :   U4375/S0         3.00           3.02          -0.02  (VIOLATED)
       PIN :   U4372/S0         3.00           3.02          -0.02  (VIOLATED)
       PIN :   U4369/S0         3.00           3.02          -0.02  (VIOLATED)
       PIN :   U4366/S0         3.00           3.02          -0.02  (VIOLATED)
       PIN :   U4363/S0         3.00           3.02          -0.02  (VIOLATED)
       PIN :   U4361/S0         3.00           3.02          -0.02  (VIOLATED)
       PIN :   U3678/B          3.00           3.02          -0.02  (VIOLATED)
       PIN :   U3634/A          3.00           3.02          -0.02  (VIOLATED)
       PIN :   U2661/A          3.00           3.02          -0.02  (VIOLATED)
       PIN :   U2537/A          3.00           3.02          -0.02  (VIOLATED)
       PIN :   U4524/Y          3.00           3.02          -0.02  (VIOLATED)

   -----------------------------------------------------------------
   Total                      20                 -6.37  

   max_fanout

                             Required        Actual
   Net                        Fanout         Fanout          Slack
   -----------------------------------------------------------------
   config_id_i[2]              10.00          19.00          -9.00  (VIOLATED)
   n5853                       10.00          18.00          -8.00  (VIOLATED)
   n5894                       10.00          18.00          -8.00  (VIOLATED)
   n5904                       10.00          18.00          -8.00  (VIOLATED)
   n5417                       10.00          16.00          -6.00  (VIOLATED)
   n5569                       10.00          16.00          -6.00  (VIOLATED)
   n5851                       10.00          16.00          -6.00  (VIOLATED)
   n5900                       10.00          16.00          -6.00  (VIOLATED)
   n5902                       10.00          16.00          -6.00  (VIOLATED)
   hybrid_differing_flat_i[2]
                               10.00          15.00          -5.00  (VIOLATED)
   n5770                       10.00          15.00          -5.00  (VIOLATED)
   n5774                       10.00          15.00          -5.00  (VIOLATED)
   n5940                       10.00          15.00          -5.00  (VIOLATED)
   n6072                       10.00          15.00          -5.00  (VIOLATED)
   hybrid_differing_flat_i[21]
                               10.00          14.00          -4.00  (VIOLATED)
   n5865                       10.00          14.00          -4.00  (VIOLATED)
   n6193                       10.00          14.00          -4.00  (VIOLATED)
   n6202                       10.00          14.00          -4.00  (VIOLATED)
   n6457                       10.00          14.00          -4.00  (VIOLATED)
   n6988                       10.00          14.00          -4.00  (VIOLATED)
   n6993                       10.00          14.00          -4.00  (VIOLATED)
   hybrid_differing_flat_i[10]
                               10.00          13.00          -3.00  (VIOLATED)
   hybrid_differing_flat_i[12]
                               10.00          13.00          -3.00  (VIOLATED)
   n5306                       10.00          13.00          -3.00  (VIOLATED)
   n5470                       10.00          13.00          -3.00  (VIOLATED)
   n6051                       10.00          13.00          -3.00  (VIOLATED)
   n6056                       10.00          13.00          -3.00  (VIOLATED)
   n6061                       10.00          13.00          -3.00  (VIOLATED)
   n6064                       10.00          13.00          -3.00  (VIOLATED)
   n6144                       10.00          13.00          -3.00  (VIOLATED)
   n6145                       10.00          13.00          -3.00  (VIOLATED)
   hybrid_differing_flat_i[0]
                               10.00          12.00          -2.00  (VIOLATED)
   hybrid_differing_flat_i[1]
                               10.00          12.00          -2.00  (VIOLATED)
   hybrid_differing_flat_i[3]
                               10.00          12.00          -2.00  (VIOLATED)
   hybrid_differing_flat_i[20]
                               10.00          12.00          -2.00  (VIOLATED)
   n5754                       10.00          12.00          -2.00  (VIOLATED)
   n5772                       10.00          12.00          -2.00  (VIOLATED)
   n5849                       10.00          12.00          -2.00  (VIOLATED)
   n5863                       10.00          12.00          -2.00  (VIOLATED)
   n5867                       10.00          12.00          -2.00  (VIOLATED)
   n6087                       10.00          12.00          -2.00  (VIOLATED)
   n6445                       10.00          12.00          -2.00  (VIOLATED)
   n6455                       10.00          12.00          -2.00  (VIOLATED)
   n6650                       10.00          12.00          -2.00  (VIOLATED)
   n6662                       10.00          12.00          -2.00  (VIOLATED)
   n6738                       10.00          12.00          -2.00  (VIOLATED)
   n6777                       10.00          12.00          -2.00  (VIOLATED)
   n6808                       10.00          12.00          -2.00  (VIOLATED)
   n6938                       10.00          12.00          -2.00  (VIOLATED)
   n6948                       10.00          12.00          -2.00  (VIOLATED)
   n6966                       10.00          12.00          -2.00  (VIOLATED)
   hybrid_differing_flat_i[11]
                               10.00          11.00          -1.00  (VIOLATED)
   hybrid_differing_flat_i[18]
                               10.00          11.00          -1.00  (VIOLATED)
   hybrid_differing_flat_i[19]
                               10.00          11.00          -1.00  (VIOLATED)
   hybrid_differing_flat_i[22]
                               10.00          11.00          -1.00  (VIOLATED)
   hybrid_differing_flat_i[55]
                               10.00          11.00          -1.00  (VIOLATED)
   hybrid_differing_flat_i[56]
                               10.00          11.00          -1.00  (VIOLATED)
   hybrid_differing_flat_i[57]
                               10.00          11.00          -1.00  (VIOLATED)
   n5481                       10.00          11.00          -1.00  (VIOLATED)
   n5662                       10.00          11.00          -1.00  (VIOLATED)
   n5818                       10.00          11.00          -1.00  (VIOLATED)
   n5869                       10.00          11.00          -1.00  (VIOLATED)
   n5939                       10.00          11.00          -1.00  (VIOLATED)
   n6059                       10.00          11.00          -1.00  (VIOLATED)
   n6139                       10.00          11.00          -1.00  (VIOLATED)
   n6345                       10.00          11.00          -1.00  (VIOLATED)
   n6450                       10.00          11.00          -1.00  (VIOLATED)
   n6583                       10.00          11.00          -1.00  (VIOLATED)
   n6689                       10.00          11.00          -1.00  (VIOLATED)
   n6874                       10.00          11.00          -1.00  (VIOLATED)
   n7067                       10.00          11.00          -1.00  (VIOLATED)
   n7179                       10.00          11.00          -1.00  (VIOLATED)
   n7262                       10.00          11.00          -1.00  (VIOLATED)

   -----------------------------------------------------------------
   Total                      73               -208.00  

   max_capacitance

                             Required        Actual
   Net                      Capacitance    Capacitance       Slack
   -----------------------------------------------------------------
   config_id_i[2]               0.15           0.28          -0.13  (VIOLATED)
   n5904                        0.15           0.26          -0.11  (VIOLATED)
   n5894                        0.15           0.26          -0.11  (VIOLATED)
   n5853                        0.15           0.26          -0.11  (VIOLATED)
   n5417                        0.15           0.26          -0.11  (VIOLATED)
   n5569                        0.15           0.24          -0.09  (VIOLATED)
   n5900                        0.15           0.23          -0.08  (VIOLATED)
   n5902                        0.15           0.23          -0.08  (VIOLATED)
   n5851                        0.15           0.23          -0.08  (VIOLATED)
   hybrid_differing_flat_i[2]
                                0.15           0.23          -0.08  (VIOLATED)
   n5770                        0.15           0.22          -0.07  (VIOLATED)
   n5774                        0.15           0.22          -0.07  (VIOLATED)
   n6072                        0.15           0.21          -0.06  (VIOLATED)
   hybrid_differing_flat_i[21]
                                0.15           0.21          -0.06  (VIOLATED)
   n5940                        0.15           0.21          -0.06  (VIOLATED)
   n6457                        0.15           0.20          -0.05  (VIOLATED)
   n6993                        0.15           0.20          -0.05  (VIOLATED)
   n6988                        0.15           0.20          -0.05  (VIOLATED)
   n6202                        0.15           0.20          -0.05  (VIOLATED)
   n5865                        0.15           0.20          -0.05  (VIOLATED)
   n6193                        0.15           0.20          -0.05  (VIOLATED)
   hybrid_differing_flat_i[10]
                                0.15           0.19          -0.04  (VIOLATED)
   hybrid_differing_flat_i[12]
                                0.15           0.19          -0.04  (VIOLATED)
   n6056                        0.15           0.19          -0.04  (VIOLATED)
   n6061                        0.15           0.19          -0.04  (VIOLATED)
   n6064                        0.15           0.19          -0.04  (VIOLATED)
   n5306                        0.15           0.19          -0.04  (VIOLATED)
   n6144                        0.15           0.19          -0.04  (VIOLATED)
   n6145                        0.15           0.18          -0.03  (VIOLATED)
   n6051                        0.15           0.18          -0.03  (VIOLATED)
   n5470                        0.15           0.18          -0.03  (VIOLATED)
   hybrid_differing_flat_i[0]
                                0.15           0.18          -0.03  (VIOLATED)
   hybrid_differing_flat_i[1]
                                0.15           0.18          -0.03  (VIOLATED)
   hybrid_differing_flat_i[3]
                                0.15           0.18          -0.03  (VIOLATED)
   n6583                        0.15           0.18          -0.03  (VIOLATED)
   n6650                        0.15           0.18          -0.03  (VIOLATED)
   n6662                        0.15           0.18          -0.03  (VIOLATED)
   hybrid_differing_flat_i[20]
                                0.15           0.18          -0.03  (VIOLATED)
   n6689                        0.15           0.18          -0.03  (VIOLATED)
   n7262                        0.15           0.18          -0.03  (VIOLATED)
   n7179                        0.15           0.18          -0.03  (VIOLATED)
   n5849                        0.15           0.18          -0.03  (VIOLATED)
   n5863                        0.15           0.18          -0.03  (VIOLATED)
   n6966                        0.15           0.18          -0.03  (VIOLATED)
   n6948                        0.15           0.18          -0.03  (VIOLATED)
   n6738                        0.15           0.18          -0.03  (VIOLATED)
   n6777                        0.15           0.18          -0.03  (VIOLATED)
   n6087                        0.15           0.18          -0.03  (VIOLATED)
   n6938                        0.15           0.18          -0.03  (VIOLATED)
   n5867                        0.15           0.17          -0.02  (VIOLATED)
   n6445                        0.15           0.17          -0.02  (VIOLATED)
   n6455                        0.15           0.17          -0.02  (VIOLATED)
   hybrid_differing_flat_i[56]
                                0.15           0.17          -0.02  (VIOLATED)
   hybrid_differing_flat_i[55]
                                0.15           0.17          -0.02  (VIOLATED)
   hybrid_differing_flat_i[57]
                                0.15           0.17          -0.02  (VIOLATED)
   n6808                        0.15           0.17          -0.02  (VIOLATED)
   n5754                        0.15           0.17          -0.02  (VIOLATED)
   n5772                        0.15           0.17          -0.02  (VIOLATED)
   n6345                        0.15           0.17          -0.02  (VIOLATED)
   n6874                        0.15           0.17          -0.02  (VIOLATED)
   n7067                        0.15           0.17          -0.02  (VIOLATED)
   n6059                        0.15           0.17          -0.02  (VIOLATED)
   n6719                        0.15           0.16          -0.01  (VIOLATED)
   n7126                        0.15           0.16          -0.01  (VIOLATED)
   n6623                        0.15           0.16          -0.01  (VIOLATED)
   n7236                        0.15           0.16          -0.01  (VIOLATED)
   n6194                        0.15           0.16          -0.01  (VIOLATED)
   n6789                        0.15           0.16          -0.01  (VIOLATED)
   n7376                        0.15           0.16          -0.01  (VIOLATED)
   hybrid_differing_flat_i[11]
                                0.15           0.16          -0.01  (VIOLATED)
   hybrid_differing_flat_i[19]
                                0.15           0.16          -0.01  (VIOLATED)
   hybrid_differing_flat_i[18]
                                0.15           0.16          -0.01  (VIOLATED)
   hybrid_differing_flat_i[22]
                                0.15           0.16          -0.01  (VIOLATED)
   n5818                        0.15           0.16          -0.01  (VIOLATED)
   n6139                        0.15           0.16          -0.01  (VIOLATED)
   n5869                        0.15           0.16          -0.01  (VIOLATED)
   n6847                        0.15           0.16          -0.01  (VIOLATED)
   n6396                        0.15           0.16          -0.01  (VIOLATED)
   n6509                        0.15           0.16          -0.01  (VIOLATED)
   n6534                        0.15           0.16          -0.01  (VIOLATED)
   n7041                        0.15           0.16          -0.01  (VIOLATED)
   n7153                        0.15           0.16          -0.01  (VIOLATED)
   n6450                        0.15           0.16          -0.01  (VIOLATED)
   n5680                        0.15           0.15           0.00  (VIOLATED: increase significant digits)
   n5682                        0.15           0.15           0.00  (VIOLATED: increase significant digits)
   n5684                        0.15           0.15           0.00  (VIOLATED: increase significant digits)
   n5481                        0.15           0.15           0.00  (VIOLATED: increase significant digits)
   n6474                        0.15           0.15           0.00  (VIOLATED: increase significant digits)
   n6049                        0.15           0.15           0.00  (VIOLATED: increase significant digits)
   n6190                        0.15           0.15           0.00  (VIOLATED: increase significant digits)
   n6562                        0.15           0.15           0.00  (VIOLATED: increase significant digits)
   n6651                        0.15           0.15           0.00  (VIOLATED: increase significant digits)
   n7124                        0.15           0.15           0.00  (VIOLATED: increase significant digits)
   n7125                        0.15           0.15           0.00  (VIOLATED: increase significant digits)
   n7209                        0.15           0.15           0.00  (VIOLATED: increase significant digits)
   n5662                        0.15           0.15           0.00  (VIOLATED: increase significant digits)

   -----------------------------------------------------------------
   Total                      96                 -3.04  

1
