 
****************************************
Report : area
Design : recam_dss_g2x2_r_static_early_live_state_top
Version: W-2024.09-SP2
Date   : Tue Sep 29 16:56:12 2026
****************************************

Library(s) Used:

    slow (File: /cad/std_libraries/CBDK_TSMC018_Arm_f1.0/CIC/SynopsysDC/db/slow.db)

Number of ports:                          883
Number of nets:                          6690
Number of cells:                         5918
Number of combinational cells:           5897
Number of sequential cells:                15
Number of macros/black boxes:               0
Number of buf/inv:                       1939
Number of references:                       9

Combinational area:             131781.989771
Buf/Inv area:                    26092.281960
Noncombinational area:             858.211216
Macro/Black Box area:                0.000000
Net Interconnect area:          602423.020203

Total cell area:                132640.200987
Total area:                     735063.221190

Hierarchical area distribution
------------------------------

                                  Global cell area             Local cell area
                                  --------------------  ------------------------------ 
Hierarchical cell                 Absolute     Percent  Combi-       Noncombi-  Black-
                                  Total        Total    national     national   boxes   Design
--------------------------------  -----------  -------  -----------  ---------  ------  ----------------------------------------------------------------------------------------------------------------
recam_dss_g2x2_r_static_early_live_state_top
                                  132640.2010    100.0     232.8480     0.0000  0.0000  recam_dss_g2x2_r_static_early_live_state_top
analyzer                          123239.7945     92.9  123239.7945     0.0000  0.0000  recam_shared_config_analyzer_ROW_ADDR_W9_PHYS_COL_ADDR_W13_WORD_COL_ADDR_W5_HYBRID_LINE_ADDR_W13_HYBRID_ENTRIES7
core                                2558.0016      1.9    1699.7904   858.2112  0.0000  recam_dss_g2x2_r_static_early_live_state_core
selected_address_mux                6609.5568      5.0    6609.5568     0.0000  0.0000  dss_early_selected_address_mux_ROW_ADDR_W9_PHYS_COL_ADDR_W13
--------------------------------  -----------  -------  -----------  ---------  ------  ----------------------------------------------------------------------------------------------------------------
Total                                                   131781.9898   858.2112  0.0000

1
