 
****************************************
Report : cell
Design : recam_dss_g2x2_r_static_early_live_state_top
Version: W-2024.09-SP2
Date   : Tue Sep 29 16:56:12 2026
****************************************

Attributes:
    b - black box (unknown)
    h - hierarchical
    n - noncombinational
    p - parameterized
    r - removable
    u - contains unmapped logic

Cell                      Reference       Library             Area  Attributes
--------------------------------------------------------------------------------
U2                        BUFX3           slow            13.305600 
U3                        BUFX16          slow            43.243198 
U4                        BUFX12          slow            33.264000 
U5                        BUFX12          slow            33.264000 
U6                        BUFX3           slow            13.305600 
U7                        CLKBUFXL        slow            13.305600 
U8                        BUFX3           slow            13.305600 
U9                        BUFX3           slow            13.305600 
U10                       BUFX3           slow            13.305600 
U11                       CLKBUFX2        slow            13.305600 
U12                       BUFX3           slow            13.305600 
U13                       AND2X4          slow            16.632000 
analyzer                  recam_shared_config_analyzer_ROW_ADDR_W9_PHYS_COL_ADDR_W13_WORD_COL_ADDR_W5_HYBRID_LINE_ADDR_W13_HYBRID_ENTRIES7
                                                          123239.794547
                                                                    h, p
core                      recam_dss_g2x2_r_static_early_live_state_core
                                                          2558.001620
                                                                    h, n
selected_address_mux      dss_early_selected_address_mux_ROW_ADDR_W9_PHYS_COL_ADDR_W13
                                                          6609.556821
                                                                    h, p
--------------------------------------------------------------------------------
Total 15 cells                                            132640.200987
1
