 
****************************************
Report : qor
Design : recam_dss_g2x2_r_static_early_live_state_top
Version: W-2024.09-SP2
Date   : Tue Sep 29 16:56:12 2026
****************************************


  Timing Path Group 'recam_clk'
  -----------------------------------
  Levels of Logic:              79.00
  Critical Path Length:         15.00
  Critical Path Slack:           0.00
  Critical Path Clk Period:     15.00
  Total Negative Slack:          0.00
  No. of Violating Paths:        0.00
  Worst Hold Violation:          0.00
  Total Hold Violation:          0.00
  No. of Hold Violations:        0.00
  -----------------------------------


  Cell Count
  -----------------------------------
  Hierarchical Cell Count:          3
  Hierarchical Port Count:        506
  Leaf Cell Count:               5912
  Buf/Inv Cell Count:            1939
  Buf Cell Count:                 329
  Inv Cell Count:                1610
  CT Buf/Inv Cell Count:            0
  Combinational Cell Count:      5897
  Sequential Cell Count:           15
  Macro Count:                      0
  -----------------------------------


  Area
  -----------------------------------
  Combinational Area:   131781.989771
  Noncombinational Area:   858.211216
  Buf/Inv Area:          26092.281960
  Total Buffer Area:          7580.87
  Total Inverter Area:       18511.42
  Macro/Black Box Area:      0.000000
  Net Area:             602423.020203
  -----------------------------------
  Cell Area:            132640.200987
  Design Area:          735063.221190


  Design Rules
  -----------------------------------
  Total Number of Nets:          6198
  Nets With Violations:             0
  Max Trans Violations:             0
  Max Cap Violations:               0
  -----------------------------------


  Hostname: Kaohsiung

  Compile CPU Statistics
  -----------------------------------------
  Resource Sharing:                    2.23
  Logic Optimization:                299.56
  Mapping Optimization:               74.14
  -----------------------------------------
  Overall Compile Time:              381.11
  Overall Compile Wall Clock Time:   382.60

  --------------------------------------------------------------------

  Design  WNS: 0.00  TNS: 0.00  Number of Violating Paths: 0


  Design (Hold)  WNS: 0.00  TNS: 0.00  Number of Violating Paths: 0

  --------------------------------------------------------------------


1
