 
****************************************
Report : reference
Design : recam_dss_g2x2_r_static_early_live_state_top
Version: W-2024.09-SP2
Date   : Tue Sep 29 16:56:12 2026
****************************************

Attributes:
    b - black box (unknown)
   bo - allows boundary optimization
    d - dont_touch
   mo - map_only
    h - hierarchical
    n - noncombinational
    r - removable
    s - synthetic operator
    u - contains unmapped logic

Reference          Library       Unit Area   Count    Total Area   Attributes
-----------------------------------------------------------------------------
AND2X4             slow          16.632000       1     16.632000  
BUFX3              slow          13.305600       6     79.833601  
BUFX12             slow          33.264000       2     66.528000  
BUFX16             slow          43.243198       1     43.243198  
CLKBUFX2           slow          13.305600       1     13.305600  
CLKBUFXL           slow          13.305600       1     13.305600  
dss_early_selected_address_mux_ROW_ADDR_W9_PHYS_COL_ADDR_W13
                               6609.556821       1   6609.556821  h
recam_dss_g2x2_r_static_early_live_state_core
                               2558.001620       1   2558.001620  h, n
recam_shared_config_analyzer_ROW_ADDR_W9_PHYS_COL_ADDR_W13_WORD_COL_ADDR_W5_HYBRID_LINE_ADDR_W13_HYBRID_ENTRIES7
                              123239.794547
                                                 1  123239.794547 h
-----------------------------------------------------------------------------
Total 9 references                                  132640.200987

****************************************
Design: dss_early_selected_address_mux_ROW_ADDR_W9_PHYS_COL_ADDR_W13 
****************************************
Reference          Library       Unit Area   Count    Total Area   Attributes
-----------------------------------------------------------------------------
AND2X1             slow          13.305600       2     26.611200  
AND2X2             slow          13.305600      20    266.112003  
AND2X4             slow          16.632000      14    232.848000  
AND3X2             slow          16.632000       2     33.264000  
AND3X4             slow          19.958401       2     39.916801  
AOI2BB1X4          slow          36.590401       1     36.590401  
AOI2BB2X2          slow          29.937599       2     59.875198  
AOI2BB2X4          slow          49.896000       4    199.584000  
AOI21X4            slow          33.264000       3     99.792000  
AOI22X1            slow          16.632000       4     66.528000  
AOI22X2            slow          29.937599      26    778.377579  
AOI31X2            slow          29.937599       2     59.875198  
AOI31X4            slow          29.937599       1     29.937599  
AOI211X2           slow          29.937599       1     29.937599  
BUFX3              slow          13.305600       1     13.305600  
BUFX8              slow          29.937599       7    209.563194  
BUFX12             slow          33.264000       5    166.320000  
BUFX20             slow          53.222401       2    106.444801  
CLKBUFX2           slow          13.305600       2     26.611200  
CLKBUFX3           slow          13.305600       2     26.611200  
CLKINVX1           slow           9.979200       1      9.979200  
CLKINVX2           slow           9.979200       1      9.979200  
CLKINVX3           slow           9.979200       8     79.833603  
CLKINVX4           slow          13.305600       2     26.611200  
CLKINVX8           slow          19.958401       3     59.875202  
INVX1              slow           6.652800      16    106.444801  
INVX2              slow           9.979200       1      9.979200  
INVX4              slow          13.305600      36    479.001606  
INVX8              slow          19.958401      22    439.084816  
INVXL              slow           6.652800       4     26.611200  
MXI2XL             slow          23.284800       1     23.284800  
NAND2BX1           slow          13.305600       1     13.305600  
NAND2BX2           slow          19.958401       3     59.875202  
NAND2BX4           slow          26.611200       5    133.056002  
NAND2X1            slow           9.979200       2     19.958401  
NAND2X2            slow          16.632000       6     99.792000  
NAND2X4            slow          23.284800       4     93.139198  
NAND2XL            slow           9.979200       3     29.937601  
NAND3BX2           slow          26.611200       1     26.611200  
NAND3BX4           slow          36.590401       3    109.771202  
NAND3X1            slow          13.305600       2     26.611200  
NAND3X2            slow          23.284800       6    139.708797  
NAND3X4            slow          33.264000       8    266.112000  
NAND3XL            slow          13.305600      10    133.056002  
NAND4BX4           slow          59.875198       1     59.875198  
NAND4X1            slow          16.632000       1     16.632000  
NAND4X2            slow          29.937599       1     29.937599  
NAND4X4            slow          56.548801       3    169.646404  
NOR2X2             slow          16.632000       4     66.528000  
NOR2X4             slow          23.284800       3     69.854399  
NOR2XL             slow           9.979200       1      9.979200  
NOR3BX4            slow          36.590401       2     73.180801  
NOR3X2             slow          23.284800       1     23.284800  
OAI2BB1X1          slow          16.632000       2     33.264000  
OAI2BB1X2          slow          23.284800       2     46.569599  
OAI2BB1X4          slow          33.264000      13    432.431999  
OAI21X4            slow          36.590401       1     36.590401  
OAI33X2            slow          43.243198       1     43.243198  
OAI211X2           slow          33.264000       4    133.056000  
OR2X1              slow          13.305600       1     13.305600  
OR2X2              slow          13.305600       6     79.833601  
OR2X4              slow          19.958401      14    279.417610  
OR2XL              slow          13.305600       2     26.611200  
XNOR2X2            slow          36.590401       1     36.590401  
-----------------------------------------------------------------------------
Total 64 references                                  6609.556821

****************************************
Design: recam_dss_g2x2_r_static_early_live_state_core 
****************************************
Reference          Library       Unit Area   Count    Total Area   Attributes
-----------------------------------------------------------------------------
AND2X1             slow          13.305600       1     13.305600  
AND3X2             slow          16.632000       1     16.632000  
AOI21X1            slow          13.305600       1     13.305600  
AOI21XL            slow          13.305600       1     13.305600  
AOI31X1            slow          16.632000       3     49.896000  
AOI211X1           slow          16.632000       1     16.632000  
AOI221X1           slow          23.284800       1     23.284800  
BUFX3              slow          13.305600       2     26.611200  
BUFX16             slow          43.243198       1     43.243198  
CLKINVX8           slow          19.958401       1     19.958401  
DFFHQX4            slow          73.180801       1     73.180801  n
DFFHQXL            slow          53.222401      10    532.224007  n
DFFTRXL            slow          56.548801       1     56.548801  n
DFFX4              slow          83.160004       1     83.160004  n
DFFXL              slow          56.548801       2    113.097603  n
DLY1X1             slow          19.958401       1     19.958401  
INVX1              slow           6.652800      22    146.361602  
INVX3              slow          13.305600       1     13.305600  
INVX4              slow          13.305600       6     79.833601  
INVX8              slow          19.958401       1     19.958401  
INVX12             slow          43.243198       1     43.243198  
INVXL              slow           6.652800       2     13.305600  
MXI2X1             slow          23.284800      10    232.847996  
MXI2X2             slow          26.611200       1     26.611200  
MXI2XL             slow          23.284800       1     23.284800  
NAND2BX1           slow          13.305600       1     13.305600  
NAND2X1            slow           9.979200       2     19.958401  
NAND2X4            slow          23.284800       2     46.569599  
NAND2XL            slow           9.979200       3     29.937601  
NAND3BXL           slow          16.632000       1     16.632000  
NAND3X1            slow          13.305600       1     13.305600  
NAND3X4            slow          33.264000       1     33.264000  
NAND3XL            slow          13.305600       2     26.611200  
NAND4BXL           slow          19.958401       1     19.958401  
NAND4X1            slow          16.632000       1     16.632000  
NAND4X2            slow          29.937599       2     59.875198  
NOR2X4             slow          23.284800       1     23.284800  
OAI2BB1X1          slow          16.632000       1     16.632000  
OAI2BB1X4          slow          33.264000       1     33.264000  
OAI22X2            slow          29.937599       1     29.937599  
OAI22XL            slow          19.958401       1     19.958401  
OAI31X2            slow          29.937599       1     29.937599  
OAI31XL            slow          19.958401       1     19.958401  
OAI211X1           slow          19.958401       1     19.958401  
OAI221XL           slow          23.284800       1     23.284800  
OR2X1              slow          13.305600       1     13.305600  
OR2X2              slow          13.305600       8    106.444801  
OR2X4              slow          19.958401       4     79.833603  
OR2XL              slow          13.305600       2     26.611200  
XOR2X1             slow          26.611200       4    106.444801  
-----------------------------------------------------------------------------
Total 50 references                                  2558.001620

****************************************
Design: recam_shared_config_analyzer_ROW_ADDR_W9_PHYS_COL_ADDR_W13_WORD_COL_ADDR_W5_HYBRID_LINE_ADDR_W13_HYBRID_ENTRIES7 
****************************************
Reference          Library       Unit Area   Count    Total Area   Attributes
-----------------------------------------------------------------------------
AND2X1             slow          13.305600      22    292.723204  
AND2X2             slow          13.305600      48    638.668808  
AND2X4             slow          16.632000      37    615.383999  
AND3X1             slow          16.632000       7    116.424000  
AND3X2             slow          16.632000      26    432.431999  
AND3X4             slow          19.958401      67   1337.212849  
AND4X1             slow          19.958401       3     59.875202  
AND4X2             slow          19.958401      35    698.544025  
AND4X4             slow          36.590401      57   2085.652840  
AOI2BB1X1          slow          16.632000       8    133.056000  
AOI2BB1X2          slow          23.284800       3     69.854399  
AOI2BB1X4          slow          36.590401       4    146.361603  
AOI2BB2X1          slow          23.284800      30    698.543987  
AOI2BB2X2          slow          29.937599       8    239.500793  
AOI2BB2X4          slow          49.896000       1     49.896000  
AOI2BB2XL          slow          23.284800       7    162.993597  
AOI21X1            slow          13.305600       2     26.611200  
AOI21X4            slow          33.264000       4    133.056000  
AOI21XL            slow          13.305600       1     13.305600  
AOI22X1            slow          16.632000      10    166.320000  
AOI22X2            slow          29.937599       1     29.937599  
AOI31X1            slow          16.632000       4     66.528000  
AOI31X2            slow          29.937599      15    449.063988  
AOI31X4            slow          29.937599       1     29.937599  
AOI31XL            slow          16.632000       1     16.632000  
AOI32X1            slow          23.284800       4     93.139198  
AOI32X2            slow          36.590401       3    109.771202  
AOI33X1            slow          26.611200       6    159.667202  
AOI33X2            slow          43.243198       7    302.702389  
AOI33X4            slow          36.590401       2     73.180801  
AOI211X1           slow          16.632000       4     66.528000  
AOI211X2           slow          29.937599      12    359.251190  
AOI221X1           slow          23.284800       9    209.563196  
AOI221X2           slow          39.916801       7    279.417610  
AOI221X4           slow          36.590401       3    109.771202  
AOI222X1           slow          26.611200      35    931.392012  
AOI222X2           slow          46.569599      13    605.404789  
AOI222X4           slow          39.916801       4    159.667206  
BUFX1              slow          13.305600      65    864.864011  
BUFX2              slow          13.305600       1     13.305600  
BUFX3              slow          13.305600      68    904.780811  
BUFX4              slow          16.632000      15    249.480000  
BUFX8              slow          29.937599      41   1227.441566  
BUFX12             slow          33.264000      29    964.655998  
BUFX16             slow          43.243198      12    518.918381  
BUFX20             slow          53.222401      22   1170.892815  
CLKBUFX2           slow          13.305600       4     53.222401  
CLKBUFX3           slow          13.305600       6     79.833601  
CLKBUFX8           slow          23.284800       8    186.278397  
CLKBUFX12          slow          53.222401       1     53.222401  
CLKBUFXL           slow          13.305600       3     39.916800  
CLKINVX1           slow           9.979200       7     69.854403  
CLKINVX2           slow           9.979200      17    169.646406  
CLKINVX3           slow           9.979200     140   1397.088051  
CLKINVX4           slow          13.305600      49    651.974408  
CLKINVX8           slow          19.958401      73   1456.963253  
CLKINVX20          slow          96.465599       3    289.396797  
CLKINVXL           slow           9.979200      65    648.648024  
DLY1X1             slow          19.958401      20    399.168015  
INVX1              slow           6.652800     622   4138.041652  
INVX2              slow           9.979200      58    578.793621  
INVX3              slow          13.305600      15    199.584002  
INVX4              slow          13.305600     159   2115.590426  
INVX8              slow          19.958401     166   3313.094521  
INVX12             slow          43.243198      22    951.350365  
INVX16             slow          56.548801       3    169.646404  
INVX20             slow          63.201599       4    252.806396  
INVXL              slow           6.652800      79    525.571207  
MX2X1              slow          26.611200      70   1862.784023  
MX2X2              slow          29.937599      44   1317.254364  
MX2X4              slow          33.264000      60   1995.839996  
MX2XL              slow          26.611200       4    106.444801  
MXI2X1             slow          23.284800      79   1839.499166  
MXI2X2             slow          26.611200     103   2740.953634  
MXI2X4             slow          46.569599     117   5448.643101  
MXI2XL             slow          23.284800      32    745.113586  
NAND2BX1           slow          13.305600       5     66.528001  
NAND2BX2           slow          19.958401       4     79.833603  
NAND2BX4           slow          26.611200      30    798.336010  
NAND2BXL           slow          13.305600       2     26.611200  
NAND2X1            slow           9.979200      49    488.980818  
NAND2X2            slow          16.632000      73   1214.135998  
NAND2X4            slow          23.284800     154   3585.859135  
NAND2XL            slow           9.979200      13    129.729605  
NAND3BX1           slow          16.632000       3     49.896000  
NAND3BX2           slow          26.611200       5    133.056002  
NAND3BX4           slow          36.590401      10    365.904007  
NAND3BXL           slow          16.632000       1     16.632000  
NAND3X1            slow          13.305600     105   1397.088017  
NAND3X2            slow          23.284800      34    791.683186  
NAND3X4            slow          33.264000      73   2428.271996  
NAND3XL            slow          13.305600      31    412.473605  
NAND4BBX1          slow          26.611200       1     26.611200  
NAND4BBX2          slow          36.590401       4    146.361603  
NAND4BBX4          slow          63.201599       4    252.806396  
NAND4BX2           slow          33.264000       3     99.792000  
NAND4BX4           slow          59.875198      16    958.003174  
NAND4BXL           slow          19.958401       2     39.916801  
NAND4X1            slow          16.632000      79   1313.927998  
NAND4X2            slow          29.937599      23    688.564781  
NAND4X4            slow          56.548801      51   2883.988873  
NAND4XL            slow          16.632000      18    299.375999  
NOR2BX1            slow          13.305600       1     13.305600  
NOR2BX2            slow          19.958401       2     39.916801  
NOR2BX4            slow          26.611200       7    186.278402  
NOR2X1             slow           9.979200      40    399.168015  
NOR2X2             slow          16.632000      18    299.375999  
NOR2X4             slow          23.284800      63   1466.942373  
NOR2XL             slow           9.979200       6     59.875202  
NOR3BX2            slow          26.611200       1     26.611200  
NOR3BX4            slow          36.590401       1     36.590401  
NOR3BXL            slow          19.958401       1     19.958401  
NOR3X1             slow          13.305600       1     13.305600  
NOR3X4             slow          33.264000      14    465.695999  
NOR3XL             slow          13.305600       2     26.611200  
NOR4BX4            slow          59.875198       2    119.750397  
NOR4X1             slow          19.958401       1     19.958401  
NOR4X2             slow          29.937599       2     59.875198  
NOR4X4             slow          56.548801       7    395.841610  
OAI2BB1X1          slow          16.632000      40    665.279999  
OAI2BB1X2          slow          23.284800      20    465.695992  
OAI2BB1X4          slow          33.264000      36   1197.503998  
OAI2BB1XL          slow          16.632000       7    116.424000  
OAI2BB2X2          slow          33.264000       2     66.528000  
OAI2BB2X4          slow          49.896000       5    249.480000  
OAI21X4            slow          36.590401       4    146.361603  
OAI21XL            slow          13.305600       1     13.305600  
OAI22X1            slow          19.958401      33    658.627224  
OAI22X2            slow          29.937599      18    538.876785  
OAI22X4            slow          46.569599      15    698.543987  
OAI22XL            slow          19.958401       8    159.667206  
OAI31X2            slow          29.937599       6    179.625595  
OAI31X4            slow          29.937599       3     89.812798  
OAI31XL            slow          19.958401       1     19.958401  
OAI32X1            slow          23.284800       3     69.854399  
OAI32X2            slow          36.590401      12    439.084808  
OAI32X4            slow          33.264000       7    232.848000  
OAI33X2            slow          43.243198       5    216.215992  
OAI33X4            slow          36.590401       9    329.313606  
OAI211X1           slow          19.958401       4     79.833603  
OAI211X2           slow          33.264000      15    498.959999  
OAI211X4           slow          29.937599      20    598.751984  
OAI221X1           slow          26.611200       2     53.222401  
OAI221X2           slow          43.243198       3    129.729595  
OAI221XL           slow          23.284800       2     46.569599  
OAI222X1           slow          29.937599       3     89.812798  
OAI222X2           slow          49.896000       5    249.480000  
OAI222X4           slow          39.916801       2     79.833603  
OAI222XL           slow          26.611200       1     26.611200  
OR2X1              slow          13.305600      15    199.584002  
OR2X2              slow          13.305600     226   3007.065638  
OR2X4              slow          19.958401     142   2834.092903  
OR2XL              slow          13.305600      46    612.057608  
OR3X4              slow          29.937599       1     29.937599  
OR3XL              slow          16.632000       5     83.160000  
OR4X2              slow          19.958401      27    538.876820  
OR4X4              slow          36.590401      16    585.446411  
XNOR2X1            slow          26.611200      20    532.224007  
XNOR2X2            slow          36.590401      26    951.350418  
XNOR2X4            slow          56.548801      39   2205.403255  
XNOR2XL            slow          26.611200       1     26.611200  
XOR2X1             slow          26.611200     401  10671.091333  
XOR2X2             slow          33.264000     159   5288.975990  
XOR2X4             slow          56.548801     178  10065.686653  
XOR2XL             slow          26.611200     112   2980.454437  
-----------------------------------------------------------------------------
Total 165 references                                123239.794547
1
