 
****************************************
Report : cell
Design : recam_dss_l1x4_r_static_early_live_state_top
Version: W-2024.09-SP2
Date   : Tue Sep 29 17:03:39 2026
****************************************

Attributes:
    b - black box (unknown)
    h - hierarchical
    n - noncombinational
    p - parameterized
    r - removable
    u - contains unmapped logic

Cell                      Reference       Library             Area  Attributes
--------------------------------------------------------------------------------
U2                        CLKBUFX3        slow            13.305600 
U3                        DLY1X1          slow            19.958401 
U4                        DLY1X1          slow            19.958401 
U5                        CLKINVX3        slow            9.979200  
U6                        INVX1           slow            6.652800  
U7                        BUFX4           slow            16.632000 
U8                        CLKBUFX3        slow            13.305600 
U9                        BUFX3           slow            13.305600 
U10                       BUFX3           slow            13.305600 
U11                       BUFX1           slow            13.305600 
U12                       INVX4           slow            13.305600 
U13                       INVX8           slow            19.958401 
U14                       BUFX12          slow            33.264000 
U15                       AND2X4          slow            16.632000 
analyzer                  recam_shared_config_analyzer_ROW_ADDR_W9_PHYS_COL_ADDR_W13_WORD_COL_ADDR_W5_HYBRID_LINE_ADDR_W13_HYBRID_ENTRIES7
                                                          127121.703387
                                                                    h, p
core                      recam_dss_l1x4_r_static_early_live_state_core
                                                          2717.668815
                                                                    h, n
selected_address_mux      dss_early_selected_address_mux_ROW_ADDR_W9_PHYS_COL_ADDR_W13
                                                          7274.836845
                                                                    h, p
--------------------------------------------------------------------------------
Total 17 cells                                            137337.077850
1
