 
****************************************
Report : qor
Design : recam_dss_l1x4_r_static_early_live_state_top
Version: W-2024.09-SP2
Date   : Tue Sep 29 17:03:38 2026
****************************************


  Timing Path Group 'recam_clk'
  -----------------------------------
  Levels of Logic:              67.00
  Critical Path Length:         14.99
  Critical Path Slack:           0.01
  Critical Path Clk Period:     15.00
  Total Negative Slack:          0.00
  No. of Violating Paths:        0.00
  Worst Hold Violation:          0.00
  Total Hold Violation:          0.00
  No. of Hold Violations:        0.00
  -----------------------------------


  Cell Count
  -----------------------------------
  Hierarchical Cell Count:          3
  Hierarchical Port Count:        506
  Leaf Cell Count:               6261
  Buf/Inv Cell Count:            1967
  Buf Cell Count:                 334
  Inv Cell Count:                1633
  CT Buf/Inv Cell Count:            0
  Combinational Cell Count:      6247
  Sequential Cell Count:           14
  Macro Count:                      0
  -----------------------------------


  Area
  -----------------------------------
  Combinational Area:   136548.721038
  Noncombinational Area:   788.356812
  Buf/Inv Area:          26305.171592
  Total Buffer Area:          8036.58
  Total Inverter Area:       18268.59
  Macro/Black Box Area:      0.000000
  Net Area:             643676.560394
  -----------------------------------
  Cell Area:            137337.077850
  Design Area:          781013.638244


  Design Rules
  -----------------------------------
  Total Number of Nets:          6544
  Nets With Violations:             0
  Max Trans Violations:             0
  Max Cap Violations:               0
  -----------------------------------


  Hostname: Kaohsiung

  Compile CPU Statistics
  -----------------------------------------
  Resource Sharing:                    2.45
  Logic Optimization:                280.96
  Mapping Optimization:               54.13
  -----------------------------------------
  Overall Compile Time:              343.18
  Overall Compile Wall Clock Time:   343.84

  --------------------------------------------------------------------

  Design  WNS: 0.00  TNS: 0.00  Number of Violating Paths: 0


  Design (Hold)  WNS: 0.00  TNS: 0.00  Number of Violating Paths: 0

  --------------------------------------------------------------------


1
