 
****************************************
Report : cell
Design : recam_dss_l1x4_r_static_early_top
Version: W-2024.09-SP2
Date   : Thu Sep 24 06:47:18 2026
****************************************

Attributes:
    b - black box (unknown)
    h - hierarchical
    n - noncombinational
    p - parameterized
    r - removable
    u - contains unmapped logic

Cell                      Reference       Library             Area  Attributes
--------------------------------------------------------------------------------
U2                        BUFX12          slow            33.264000 
U3                        AND2X2          slow            13.305600 
U4                        BUFX3           slow            13.305600 
U5                        BUFX12          slow            33.264000 
analyzer                  recam_shared_config_analyzer_ROW_ADDR_W9_PHYS_COL_ADDR_W13_WORD_COL_ADDR_W5_HYBRID_LINE_ADDR_W13_HYBRID_ENTRIES7
                                                          94942.109579
                                                                    h, p
core                      recam_dss_l1x4_r_static_early_core
                                                          4001.659261
                                                                    h, n
selected_address_regs     dss_early_selected_address_regs_ROW_ADDR_W9_PHYS_COL_ADDR_W13
                                                          32296.017970
                                                                    h, n, p
--------------------------------------------------------------------------------
Total 7 cells                                             131332.926010
1
