 
****************************************
Report : area
Design : recam_dss_l1x4_r_static_early_top
Version: W-2024.09-SP2
Date   : Thu Sep 24 06:47:18 2026
****************************************

Library(s) Used:

    slow (File: /cad/std_libraries/CBDK_TSMC018_Arm_f1.0/CIC/SynopsysDC/db/slow.db)

Number of ports:                         1379
Number of nets:                          7149
Number of cells:                         5876
Number of combinational cells:           5523
Number of sequential cells:               340
Number of macros/black boxes:               0
Number of buf/inv:                       1725
Number of references:                       6

Combinational area:             112289.285579
Buf/Inv area:                    21052.785892
Noncombinational area:           19043.640430
Macro/Black Box area:                0.000000
Net Interconnect area:          621043.139893

Total cell area:                131332.926010
Total area:                     752376.065902

Hierarchical area distribution
------------------------------

                                  Global cell area              Local cell area
                                  --------------------  ------------------------------- 
Hierarchical cell                 Absolute     Percent  Combi-       Noncombi-   Black-
                                  Total        Total    national     national    boxes   Design
--------------------------------  -----------  -------  -----------  ----------  ------  ----------------------------------------------------------------------------------------------------------------
recam_dss_l1x4_r_static_early_top 131332.9260    100.0      93.1392      0.0000  0.0000  recam_dss_l1x4_r_static_early_top
analyzer                           94942.1096     72.3   94942.1096      0.0000  0.0000  recam_shared_config_analyzer_ROW_ADDR_W9_PHYS_COL_ADDR_W13_WORD_COL_ADDR_W5_HYBRID_LINE_ADDR_W13_HYBRID_ENTRIES7
core                                4001.6593      3.0    1826.1936   2175.4656  0.0000  recam_dss_l1x4_r_static_early_core
selected_address_regs              32296.0180     24.6   15427.8432  16868.1748  0.0000  dss_early_selected_address_regs_ROW_ADDR_W9_PHYS_COL_ADDR_W13
--------------------------------  -----------  -------  -----------  ----------  ------  ----------------------------------------------------------------------------------------------------------------
Total                                                   112289.2856  19043.6404  0.0000

1
