 
****************************************
Report : qor
Design : recam_dss_l1x4_r_static_early_top
Version: W-2024.09-SP2
Date   : Thu Sep 24 06:47:18 2026
****************************************


  Timing Path Group 'recam_clk'
  -----------------------------------
  Levels of Logic:              87.00
  Critical Path Length:         19.88
  Critical Path Slack:           0.01
  Critical Path Clk Period:     20.00
  Total Negative Slack:          0.00
  No. of Violating Paths:        0.00
  Worst Hold Violation:          0.00
  Total Hold Violation:          0.00
  No. of Hold Violations:        0.00
  -----------------------------------


  Cell Count
  -----------------------------------
  Hierarchical Cell Count:          3
  Hierarchical Port Count:        767
  Leaf Cell Count:               5863
  Buf/Inv Cell Count:            1725
  Buf Cell Count:                 221
  Inv Cell Count:                1504
  CT Buf/Inv Cell Count:            0
  Combinational Cell Count:      5523
  Sequential Cell Count:          340
  Macro Count:                      0
  -----------------------------------


  Area
  -----------------------------------
  Combinational Area:   112289.285579
  Noncombinational Area: 19043.640430
  Buf/Inv Area:          21052.785892
  Total Buffer Area:          5408.73
  Total Inverter Area:       15644.06
  Macro/Black Box Area:      0.000000
  Net Area:             621043.139893
  -----------------------------------
  Cell Area:            131332.926010
  Design Area:          752376.065902


  Design Rules
  -----------------------------------
  Total Number of Nets:          6402
  Nets With Violations:             0
  Max Trans Violations:             0
  Max Cap Violations:               0
  -----------------------------------


  Hostname: Kaohsiung

  Compile CPU Statistics
  -----------------------------------------
  Resource Sharing:                    2.39
  Logic Optimization:                 55.72
  Mapping Optimization:               14.69
  -----------------------------------------
  Overall Compile Time:               78.26
  Overall Compile Wall Clock Time:    78.59

  --------------------------------------------------------------------

  Design  WNS: 0.00  TNS: 0.00  Number of Violating Paths: 0


  Design (Hold)  WNS: 0.00  TNS: 0.00  Number of Violating Paths: 0

  --------------------------------------------------------------------


1
