 
****************************************
Report : reference
Design : recam_dss_l1x4_r_static_early_top
Version: W-2024.09-SP2
Date   : Thu Sep 24 06:47:18 2026
****************************************

Attributes:
    b - black box (unknown)
   bo - allows boundary optimization
    d - dont_touch
   mo - map_only
    h - hierarchical
    n - noncombinational
    r - removable
    s - synthetic operator
    u - contains unmapped logic

Reference          Library       Unit Area   Count    Total Area   Attributes
-----------------------------------------------------------------------------
AND2X2             slow          13.305600       1     13.305600  
BUFX3              slow          13.305600       1     13.305600  
BUFX12             slow          33.264000       2     66.528000  
dss_early_selected_address_regs_ROW_ADDR_W9_PHYS_COL_ADDR_W13
                              32296.017970       1  32296.017970  h, n
recam_dss_l1x4_r_static_early_core
                               4001.659261       1   4001.659261  h, n
recam_shared_config_analyzer_ROW_ADDR_W9_PHYS_COL_ADDR_W13_WORD_COL_ADDR_W5_HYBRID_LINE_ADDR_W13_HYBRID_ENTRIES7
                              94942.109579       1  94942.109579  h
-----------------------------------------------------------------------------
Total 6 references                                  131332.926010

****************************************
Design: dss_early_selected_address_regs_ROW_ADDR_W9_PHYS_COL_ADDR_W13 
****************************************
Reference          Library       Unit Area   Count    Total Area   Attributes
-----------------------------------------------------------------------------
AND2X1             slow          13.305600      13    172.972802  
AND2X2             slow          13.305600       6     79.833601  
AND2X4             slow          16.632000       2     33.264000  
AND4X1             slow          19.958401       1     19.958401  
AND4X2             slow          19.958401       1     19.958401  
AND4X4             slow          36.590401       1     36.590401  
AOI2BB1X2          slow          23.284800       1     23.284800  
AOI2BB2X1          slow          23.284800       1     23.284800  
AOI2BB2X2          slow          29.937599       1     29.937599  
AOI2BB2X4          slow          49.896000       1     49.896000  
AOI2BB2XL          slow          23.284800       1     23.284800  
AOI22X1            slow          16.632000       1     16.632000  
AOI22X2            slow          29.937599       2     59.875198  
AOI22X4            slow          46.569599      18    838.252785  
AOI22XL            slow          16.632000       7    116.424000  
AOI32X4            slow          33.264000       1     33.264000  
AOI33X2            slow          43.243198       1     43.243198  
AOI211X2           slow          29.937599       1     29.937599  
AOI211X4           slow          33.264000       1     33.264000  
BUFX3              slow          13.305600       5     66.528001  
BUFX4              slow          16.632000       2     33.264000  
BUFX8              slow          29.937599      26    778.377579  
BUFX12             slow          33.264000       8    266.112000  
BUFX16             slow          43.243198       1     43.243198  
BUFX20             slow          53.222401       3    159.667202  
CLKBUFX8           slow          23.284800       3     69.854399  
CLKINVX1           slow           9.979200       2     19.958401  
CLKINVX2           slow           9.979200       5     49.896002  
CLKINVX3           slow           9.979200      27    269.438410  
CLKINVX4           slow          13.305600      27    359.251204  
CLKINVX8           slow          19.958401      30    598.752022  
DFFHQX1            slow          53.222401       7    372.556805  n
DFFHQXL            slow          53.222401      28   1490.227219  n
DFFXL              slow          56.548801     264  14928.883575  n
EDFFXL             slow          76.507202       1     76.507202  n
INVX1              slow           6.652800      59    392.515205  
INVX2              slow           9.979200      14    139.708805  
INVX3              slow          13.305600       1     13.305600  
INVX4              slow          13.305600      39    518.918406  
INVX8              slow          19.958401      24    479.001617  
INVX12             slow          43.243198       3    129.729595  
INVX16             slow          56.548801       1     56.548801  
INVXL              slow           6.652800       2     13.305600  
MXI2X1             slow          23.284800     148   3446.150337  
MXI2X2             slow          26.611200      50   1330.560017  
MXI2XL             slow          23.284800      90   2095.631962  
NAND2BX4           slow          26.611200       1     26.611200  
NAND2BXL           slow          13.305600       2     26.611200  
NAND2X1            slow           9.979200       6     59.875202  
NAND2X2            slow          16.632000       5     83.160000  
NAND2X4            slow          23.284800       3     69.854399  
NAND2XL            slow           9.979200      19    189.604807  
NAND3X1            slow          13.305600       3     39.916800  
NAND3X2            slow          23.284800       2     46.569599  
NAND3X4            slow          33.264000       1     33.264000  
NAND3XL            slow          13.305600       3     39.916800  
NAND4X1            slow          16.632000       1     16.632000  
NAND4X2            slow          29.937599       1     29.937599  
NOR2X1             slow           9.979200       6     59.875202  
NOR2X2             slow          16.632000       6     99.792000  
NOR2X4             slow          23.284800       3     69.854399  
NOR2XL             slow           9.979200       1      9.979200  
OAI2BB1X1          slow          16.632000      17    282.743999  
OAI2BB1X2          slow          23.284800       8    186.278397  
OAI2BB1XL          slow          16.632000       2     33.264000  
OAI2BB2X1          slow          23.284800       2     46.569599  
OAI31X2            slow          29.937599       1     29.937599  
OAI32X2            slow          36.590401       1     36.590401  
OAI222X2           slow          49.896000       2     99.792000  
OR2X2              slow          13.305600      12    159.667202  
OR2X4              slow          19.958401      17    339.292812  
OR2XL              slow          13.305600       5     66.528001  
XNOR2X1            slow          26.611200       1     26.611200  
XOR2X1             slow          26.611200       1     26.611200  
XOR2X2             slow          33.264000       2     66.528000  
XOR2X4             slow          56.548801       2    113.097603  
-----------------------------------------------------------------------------
Total 76 references                                 32296.017970

****************************************
Design: recam_dss_l1x4_r_static_early_core 
****************************************
Reference          Library       Unit Area   Count    Total Area   Attributes
-----------------------------------------------------------------------------
AND2X1             slow          13.305600       1     13.305600  
AND2X2             slow          13.305600       1     13.305600  
AND2X4             slow          16.632000       1     16.632000  
AND3X2             slow          16.632000       1     16.632000  
AOI2BB1X1          slow          16.632000       1     16.632000  
AOI22X1            slow          16.632000       1     16.632000  
BUFX3              slow          13.305600       2     26.611200  
CLKINVX3           slow           9.979200       4     39.916801  
CLKINVX8           slow          19.958401       1     19.958401  
CLKINVXL           slow           9.979200       4     39.916801  
DFFHQX4            slow          73.180801       2    146.361603  n
DFFHQXL            slow          53.222401      36   1916.006424  n
DFFXL              slow          56.548801       2    113.097603  n
INVX1              slow           6.652800      35    232.848003  
INVX4              slow          13.305600       2     26.611200  
INVX8              slow          19.958401       3     59.875202  
INVXL              slow           6.652800       1      6.652800  
MXI2X1             slow          23.284800       6    139.708797  
NAND2BX1           slow          13.305600       1     13.305600  
NAND2X1            slow           9.979200       2     19.958401  
NAND2XL            slow           9.979200       1      9.979200  
NAND3BX4           slow          36.590401       1     36.590401  
NAND3XL            slow          13.305600       1     13.305600  
NOR2X1             slow           9.979200       1      9.979200  
NOR2X2             slow          16.632000       1     16.632000  
OAI2BB1X1          slow          16.632000       3     49.896000  
OAI2BB1X2          slow          23.284800       1     23.284800  
OAI2BB1XL          slow          16.632000       3     49.896000  
OAI21XL            slow          13.305600       1     13.305600  
OAI22X1            slow          19.958401      16    319.334412  
OAI22XL            slow          19.958401      10    199.584007  
OAI31X4            slow          29.937599       3     89.812798  
OAI221XL           slow          23.284800       1     23.284800  
OR2X1              slow          13.305600       1     13.305600  
OR2X2              slow          13.305600       7     93.139201  
OR2X4              slow          19.958401       6    119.750404  
OR2XL              slow          13.305600       2     26.611200  
-----------------------------------------------------------------------------
Total 37 references                                  4001.659261

****************************************
Design: recam_shared_config_analyzer_ROW_ADDR_W9_PHYS_COL_ADDR_W13_WORD_COL_ADDR_W5_HYBRID_LINE_ADDR_W13_HYBRID_ENTRIES7 
****************************************
Reference          Library       Unit Area   Count    Total Area   Attributes
-----------------------------------------------------------------------------
AND2X1             slow          13.305600       5     66.528001  
AND2X2             slow          13.305600      22    292.723204  
AND2X4             slow          16.632000       9    149.688000  
AND3X2             slow          16.632000      12    199.584000  
AND3X4             slow          19.958401      15    299.376011  
AND4X1             slow          19.958401       3     59.875202  
AND4X2             slow          19.958401      54   1077.753639  
AND4X4             slow          36.590401      27    987.940819  
AOI2BB1X1          slow          16.632000       2     33.264000  
AOI2BB1X2          slow          23.284800       3     69.854399  
AOI2BB1X4          slow          36.590401       4    146.361603  
AOI2BB2X1          slow          23.284800      19    442.411192  
AOI2BB2X2          slow          29.937599       6    179.625595  
AOI2BB2X4          slow          49.896000       1     49.896000  
AOI2BB2XL          slow          23.284800       4     93.139198  
AOI21X1            slow          13.305600       1     13.305600  
AOI21X2            slow          23.284800       4     93.139198  
AOI21X4            slow          33.264000       2     66.528000  
AOI22X1            slow          16.632000       9    149.688000  
AOI31X1            slow          16.632000       1     16.632000  
AOI31X2            slow          29.937599       3     89.812798  
AOI31XL            slow          16.632000       1     16.632000  
AOI32X1            slow          23.284800       1     23.284800  
AOI32X2            slow          36.590401       3    109.771202  
AOI32X4            slow          33.264000       1     33.264000  
AOI33X1            slow          26.611200       3     79.833601  
AOI33X2            slow          43.243198       3    129.729595  
AOI33X4            slow          36.590401       1     36.590401  
AOI211X1           slow          16.632000       4     66.528000  
AOI211X2           slow          29.937599       9    269.438393  
AOI211X4           slow          33.264000       2     66.528000  
AOI211XL           slow          16.632000       1     16.632000  
AOI221X1           slow          23.284800      16    372.556793  
AOI221X2           slow          39.916801       7    279.417610  
AOI221X4           slow          36.590401       1     36.590401  
AOI221XL           slow          23.284800       1     23.284800  
AOI222X1           slow          26.611200      33    878.169611  
AOI222X2           slow          46.569599       4    186.278397  
AOI222X4           slow          39.916801       1     39.916801  
BUFX1              slow          13.305600      30    399.168005  
BUFX3              slow          13.305600      51    678.585608  
BUFX4              slow          16.632000      16    266.112000  
BUFX8              slow          29.937599      23    688.564781  
BUFX12             slow          33.264000      12    399.167999  
BUFX16             slow          43.243198       8    345.945587  
BUFX20             slow          53.222401      16    851.558411  
CLKBUFX4           slow          16.632000       1     16.632000  
CLKBUFX8           slow          23.284800       8    186.278397  
CLKBUFXL           slow          13.305600       1     13.305600  
CLKINVX1           slow           9.979200       3     29.937601  
CLKINVX2           slow           9.979200      16    159.667206  
CLKINVX3           slow           9.979200     219   2185.444880  
CLKINVX4           slow          13.305600      36    479.001606  
CLKINVX8           slow          19.958401      40    798.336029  
CLKINVX12          slow          63.201599       1     63.201599  
CLKINVX20          slow          96.465599       1     96.465599  
CLKINVXL           slow           9.979200      29    289.396811  
DLY1X1             slow          19.958401       2     39.916801  
INVX1              slow           6.652800     573   3812.054448  
INVX2              slow           9.979200      28    279.417610  
INVX3              slow          13.305600       8    106.444801  
INVX4              slow          13.305600     110   1463.616018  
INVX8              slow          19.958401      59   1177.545643  
INVX12             slow          43.243198       9    389.188786  
INVX16             slow          56.548801       3    169.646404  
INVX20             slow          63.201599       2    126.403198  
INVXL              slow           6.652800      83    552.182407  
MX2X1              slow          26.611200     138   3672.345646  
MX2X2              slow          29.937599      31    928.065575  
MX2X4              slow          33.264000      28    931.391998  
MXI2X1             slow          23.284800     100   2328.479958  
MXI2X2             slow          26.611200     128   3406.233643  
MXI2X4             slow          46.569599      32   1490.227173  
MXI2XL             slow          23.284800      51   1187.524778  
NAND2BX2           slow          19.958401       1     19.958401  
NAND2X1            slow           9.979200      43    429.105616  
NAND2X2            slow          16.632000      26    432.431999  
NAND2X4            slow          23.284800      40    931.391983  
NAND2XL            slow           9.979200       8     79.833603  
NAND3BX1           slow          16.632000       1     16.632000  
NAND3BX4           slow          36.590401       4    146.361603  
NAND3BXL           slow          16.632000       2     33.264000  
NAND3X1            slow          13.305600     186   2474.841631  
NAND3X2            slow          23.284800      44   1024.531181  
NAND3X4            slow          33.264000      42   1397.087997  
NAND3XL            slow          13.305600      38    505.612806  
NAND4BBX1          slow          26.611200       1     26.611200  
NAND4BBX2          slow          36.590401       1     36.590401  
NAND4BBX4          slow          63.201599       4    252.806396  
NAND4BX1           slow          23.284800       1     23.284800  
NAND4BX2           slow          33.264000       1     33.264000  
NAND4X1            slow          16.632000     105   1746.359997  
NAND4X2            slow          29.937599      45   1347.191963  
NAND4X4            slow          56.548801      36   2035.756851  
NAND4XL            slow          16.632000      17    282.743999  
NOR2BX1            slow          13.305600       2     26.611200  
NOR2BX2            slow          19.958401       1     19.958401  
NOR2BX4            slow          26.611200       2     53.222401  
NOR2X1             slow           9.979200      34    339.292812  
NOR2X2             slow          16.632000      20    332.639999  
NOR2X4             slow          23.284800      16    372.556793  
NOR2XL             slow           9.979200       5     49.896002  
NOR3X2             slow          23.284800       1     23.284800  
NOR3X4             slow          33.264000       2     66.528000  
NOR3XL             slow          13.305600       3     39.916800  
NOR4BBX4           slow          66.528000       1     66.528000  
NOR4BX4            slow          59.875198       1     59.875198  
NOR4X4             slow          56.548801       2    113.097603  
NOR4XL             slow          19.958401       1     19.958401  
OAI2BB1X1          slow          16.632000      43    715.175999  
OAI2BB1X2          slow          23.284800      22    512.265591  
OAI2BB1X4          slow          33.264000      25    831.599998  
OAI21X1            slow          16.632000       1     16.632000  
OAI22X1            slow          19.958401      39    778.377628  
OAI22X2            slow          29.937599      19    568.814384  
OAI22X4            slow          46.569599      12    558.835190  
OAI22XL            slow          19.958401      22    439.084816  
OAI31X4            slow          29.937599       3     89.812798  
OAI32X1            slow          23.284800       1     23.284800  
OAI32X4            slow          33.264000      10    332.639999  
OAI33X1            slow          26.611200       1     26.611200  
OAI211X1           slow          19.958401       8    159.667206  
OAI211X2           slow          33.264000      14    465.695999  
OAI211X4           slow          29.937599      15    449.063988  
OAI211XL           slow          19.958401       2     39.916801  
OAI221X1           slow          26.611200       1     26.611200  
OAI221X2           slow          43.243198       2     86.486397  
OAI221X4           slow          36.590401       3    109.771202  
OAI221XL           slow          23.284800       3     69.854399  
OAI222X1           slow          29.937599       2     59.875198  
OAI222X2           slow          49.896000       2     99.792000  
OAI222X4           slow          39.916801       4    159.667206  
OR2X1              slow          13.305600      10    133.056002  
OR2X2              slow          13.305600     272   3619.123245  
OR2X4              slow          19.958401     106   2115.590477  
OR2XL              slow          13.305600      35    465.696006  
OR3X2              slow          19.958401       1     19.958401  
OR3X4              slow          29.937599       4    119.750397  
OR3XL              slow          16.632000       4     66.528000  
OR4X1              slow          19.958401       3     59.875202  
OR4X2              slow          19.958401      38    758.419228  
OR4X4              slow          36.590401      28   1024.531219  
XNOR2X1            slow          26.611200      36    958.003212  
XNOR2X2            slow          36.590401      11    402.494408  
XNOR2X4            slow          56.548801      10    565.488014  
XOR2X1             slow          26.611200     550  14636.160183  
XOR2X2             slow          33.264000     182   6054.047989  
XOR2X4             slow          56.548801      40   2261.952057  
XOR2XL             slow          26.611200     111   2953.843237  
-----------------------------------------------------------------------------
Total 149 references                                94942.109579
1
