 
****************************************
Report : area
Design : recam_2r2c_matrix_builder
Version: W-2024.09-SP2
Date   : Wed Sep  9 17:05:40 2026
****************************************

Library(s) Used:

    slow (File: /cad/std_libraries/CBDK_TSMC018_Arm_f1.0/CIC/SynopsysDC/db/slow.db)

Number of ports:                          192
Number of nets:                          1334
Number of cells:                         1158
Number of combinational cells:           1158
Number of sequential cells:                 0
Number of macros/black boxes:               0
Number of buf/inv:                        204
Number of references:                      37

Combinational area:              19758.816270
Buf/Inv area:                     1357.171217
Noncombinational area:               0.000000
Macro/Black Box area:                0.000000
Net Interconnect area:          141960.711792

Total cell area:                 19758.816270
Total area:                     161719.528062

Hierarchical area distribution
------------------------------

                                  Global cell area            Local cell area
                                  -------------------  ----------------------------- 
Hierarchical cell                 Absolute    Percent  Combi-      Noncombi-  Black-
                                  Total       Total    national    national   boxes   Design
--------------------------------  ----------  -------  ----------  ---------  ------  ---------
recam_2r2c_matrix_builder         19758.8163    100.0  19758.8163     0.0000  0.0000  recam_2r2c_matrix_builder
--------------------------------  ----------  -------  ----------  ---------  ------  ---------
Total                                                  19758.8163     0.0000  0.0000

1
