 
****************************************
Report : timing
        -path full
        -delay max
        -max_paths 10
Design : recam_2r2c_matrix_builder
Version: W-2024.09-SP2
Date   : Wed Sep  9 17:05:40 2026
****************************************

Operating Conditions: slow   Library: slow
Wire Load Model Mode: top

  Startpoint: pivot_valid_i[1]
              (input port clocked by recam_boundary_clk)
  Endpoint: matrix_flat_o[3]
            (output port clocked by recam_boundary_clk)
  Path Group: recam_boundary_clk
  Path Type: max

  Des/Clust/Port     Wire Load Model       Library
  ------------------------------------------------
  recam_2r2c_matrix_builder
                     tsmc18_wl10           slow

  Point                                    Incr       Path
  -----------------------------------------------------------
  clock recam_boundary_clk (rise edge)     0.00       0.00
  clock network delay (ideal)              0.00       0.00
  input external delay                     0.00       0.00 f
  pivot_valid_i[1] (in)                    0.00       0.00 f
  U2146/Y (XOR2X1)                         0.54       0.54 r
  U2145/Y (XOR2X1)                         0.48       1.02 r
  U2144/Y (AND2X1)                         0.39       1.41 r
  U2141/Y (NAND2X1)                        0.44       1.85 f
  U2140/Y (OAI21XL)                        0.86       2.71 r
  U2139/Y (NAND2X1)                        0.90       3.60 f
  U2138/Y (INVX1)                          0.49       4.09 r
  U2136/Y (NAND2X1)                        0.49       4.58 f
  U2106/Y (INVX1)                          0.61       5.19 r
  U1994/Y (NOR4BX1)                        0.23       5.42 f
  U1993/Y (NAND4X1)                        0.52       5.95 r
  U1985/Y (NAND4X1)                        0.23       6.18 f
  U1964/Y (NAND4BXL)                       0.80       6.97 f
  U1959/Y (NOR4BBX1)                       0.48       7.45 f
  U1949/Y (NAND4BBX1)                      0.35       7.80 r
  U1932/Y (NAND4X1)                        0.21       8.02 f
  U1924/Y (OR4X1)                          0.69       8.70 f
  U1923/Y (NAND2X1)                        0.49       9.20 r
  U1922/Y (INVX1)                          0.34       9.54 f
  U1921/Y (NAND3X1)                        0.42       9.95 r
  U1920/Y (NAND2X1)                        0.30      10.26 f
  U1919/Y (AND2X1)                         0.50      10.76 f
  U1918/Y (NAND2X1)                        0.43      11.19 r
  U1917/Y (INVX1)                          0.32      11.51 f
  U1916/Y (NAND2X1)                        1.20      12.71 r
  U1915/Y (NAND2X1)                        1.04      13.75 f
  U1898/Y (OAI22X1)                        0.68      14.43 r
  U1897/Y (XOR2X1)                         0.39      14.82 f
  U1896/Y (AOI211X1)                       0.38      15.20 r
  U1895/Y (NAND4X1)                        0.21      15.41 f
  U1859/Y (OAI21XL)                        0.77      16.19 r
  U1850/Y (NOR3X1)                         0.23      16.41 f
  U1828/Y (NAND4X1)                        0.32      16.73 r
  U1788/Y (NAND3X1)                        0.44      17.17 f
  U1677/Y (NAND2X1)                        0.49      17.66 r
  U1676/Y (INVX1)                          0.50      18.15 f
  U1666/Y (NOR4BX1)                        3.18      21.34 r
  U1640/Y (NOR2BX1)                        1.61      22.95 r
  U1612/Y (OAI22X1)                        0.55      23.50 f
  U1601/Y (XNOR2X1)                        0.41      23.91 f
  U1585/Y (NOR4X1)                         0.32      24.24 r
  U1584/Y (AOI211X1)                       0.21      24.45 f
  U1583/Y (NAND4X1)                        0.45      24.90 r
  U1574/Y (NOR4BX1)                        0.45      25.35 r
  U1573/Y (NAND4X1)                        0.33      25.68 f
  U1572/Y (NAND3BX1)                       0.45      26.13 r
  U1528/Y (AOI2BB1X1)                      0.34      26.47 f
  U1409/Y (NOR2X1)                         1.01      27.48 r
  U1405/Y (AOI21X1)                        0.36      27.84 f
  U1404/Y (OAI21XL)                        0.58      28.42 r
  U1315/Y (NAND4X1)                        1.27      29.69 f
  U1314/Y (INVX1)                          0.77      30.47 r
  U1243/Y (NAND2X1)                        0.90      31.37 f
  U1242/Y (AOI22X1)                        0.70      32.07 r
  U1217/Y (XNOR2X1)                        0.39      32.47 f
  U1213/Y (NOR4X1)                         0.44      32.91 r
  U1212/Y (NAND4X1)                        0.41      33.32 f
  U1211/Y (OAI21XL)                        0.31      33.63 r
  U1183/Y (NAND4BXL)                       0.46      34.09 r
  U1182/Y (NAND3BX1)                       0.37      34.46 f
  U1181/Y (AOI2BB1X1)                      0.60      35.06 r
  U1180/Y (NOR2BX1)                        0.45      35.51 f
  U1163/Y (NOR2X1)                         0.68      36.19 r
  U1150/Y (INVX1)                          0.19      36.38 f
  U1149/Y (OAI31X1)                        0.94      37.32 r
  U1037/Y (AOI22X1)                        0.30      37.61 f
  U1033/Y (NAND4X1)                        0.56      38.17 r
  matrix_flat_o[3] (out)                   0.00      38.17 r
  data arrival time                                  38.17

  clock recam_boundary_clk (rise edge)    20.00      20.00
  clock network delay (ideal)              0.00      20.00
  output external delay                    0.00      20.00
  data required time                                 20.00
  -----------------------------------------------------------
  data required time                                 20.00
  data arrival time                                 -38.17
  -----------------------------------------------------------
  slack (VIOLATED)                                  -18.17


  Startpoint: pivot_valid_i[1]
              (input port clocked by recam_boundary_clk)
  Endpoint: matrix_flat_o[7]
            (output port clocked by recam_boundary_clk)
  Path Group: recam_boundary_clk
  Path Type: max

  Des/Clust/Port     Wire Load Model       Library
  ------------------------------------------------
  recam_2r2c_matrix_builder
                     tsmc18_wl10           slow

  Point                                    Incr       Path
  -----------------------------------------------------------
  clock recam_boundary_clk (rise edge)     0.00       0.00
  clock network delay (ideal)              0.00       0.00
  input external delay                     0.00       0.00 f
  pivot_valid_i[1] (in)                    0.00       0.00 f
  U2146/Y (XOR2X1)                         0.54       0.54 r
  U2145/Y (XOR2X1)                         0.48       1.02 r
  U2144/Y (AND2X1)                         0.39       1.41 r
  U2141/Y (NAND2X1)                        0.44       1.85 f
  U2140/Y (OAI21XL)                        0.86       2.71 r
  U2139/Y (NAND2X1)                        0.90       3.60 f
  U2138/Y (INVX1)                          0.49       4.09 r
  U2136/Y (NAND2X1)                        0.49       4.58 f
  U2106/Y (INVX1)                          0.61       5.19 r
  U1994/Y (NOR4BX1)                        0.23       5.42 f
  U1993/Y (NAND4X1)                        0.52       5.95 r
  U1985/Y (NAND4X1)                        0.23       6.18 f
  U1964/Y (NAND4BXL)                       0.80       6.97 f
  U1959/Y (NOR4BBX1)                       0.48       7.45 f
  U1949/Y (NAND4BBX1)                      0.35       7.80 r
  U1932/Y (NAND4X1)                        0.21       8.02 f
  U1924/Y (OR4X1)                          0.69       8.70 f
  U1923/Y (NAND2X1)                        0.49       9.20 r
  U1922/Y (INVX1)                          0.34       9.54 f
  U1921/Y (NAND3X1)                        0.42       9.95 r
  U1920/Y (NAND2X1)                        0.30      10.26 f
  U1919/Y (AND2X1)                         0.50      10.76 f
  U1918/Y (NAND2X1)                        0.43      11.19 r
  U1917/Y (INVX1)                          0.32      11.51 f
  U1916/Y (NAND2X1)                        1.20      12.71 r
  U1915/Y (NAND2X1)                        1.04      13.75 f
  U1898/Y (OAI22X1)                        0.68      14.43 r
  U1897/Y (XOR2X1)                         0.39      14.82 f
  U1896/Y (AOI211X1)                       0.38      15.20 r
  U1895/Y (NAND4X1)                        0.21      15.41 f
  U1859/Y (OAI21XL)                        0.77      16.19 r
  U1850/Y (NOR3X1)                         0.23      16.41 f
  U1828/Y (NAND4X1)                        0.32      16.73 r
  U1788/Y (NAND3X1)                        0.44      17.17 f
  U1677/Y (NAND2X1)                        0.49      17.66 r
  U1676/Y (INVX1)                          0.50      18.15 f
  U1666/Y (NOR4BX1)                        3.18      21.34 r
  U1640/Y (NOR2BX1)                        1.61      22.95 r
  U1612/Y (OAI22X1)                        0.55      23.50 f
  U1601/Y (XNOR2X1)                        0.41      23.91 f
  U1585/Y (NOR4X1)                         0.32      24.24 r
  U1584/Y (AOI211X1)                       0.21      24.45 f
  U1583/Y (NAND4X1)                        0.45      24.90 r
  U1574/Y (NOR4BX1)                        0.45      25.35 r
  U1573/Y (NAND4X1)                        0.33      25.68 f
  U1572/Y (NAND3BX1)                       0.45      26.13 r
  U1528/Y (AOI2BB1X1)                      0.34      26.47 f
  U1409/Y (NOR2X1)                         1.01      27.48 r
  U1405/Y (AOI21X1)                        0.36      27.84 f
  U1404/Y (OAI21XL)                        0.58      28.42 r
  U1315/Y (NAND4X1)                        1.27      29.69 f
  U1314/Y (INVX1)                          0.77      30.47 r
  U1243/Y (NAND2X1)                        0.90      31.37 f
  U1242/Y (AOI22X1)                        0.70      32.07 r
  U1217/Y (XNOR2X1)                        0.39      32.47 f
  U1213/Y (NOR4X1)                         0.44      32.91 r
  U1212/Y (NAND4X1)                        0.41      33.32 f
  U1211/Y (OAI21XL)                        0.31      33.63 r
  U1183/Y (NAND4BXL)                       0.46      34.09 r
  U1182/Y (NAND3BX1)                       0.37      34.46 f
  U1181/Y (AOI2BB1X1)                      0.60      35.06 r
  U1180/Y (NOR2BX1)                        0.45      35.51 f
  U1179/Y (INVX1)                          0.45      35.96 r
  U1178/Y (NAND2X1)                        0.34      36.30 f
  U1024/Y (OAI21XL)                        1.05      37.35 r
  U1003/Y (AOI32X1)                        0.22      37.58 f
  U1000/Y (NAND4X1)                        0.59      38.16 r
  matrix_flat_o[7] (out)                   0.00      38.16 r
  data arrival time                                  38.16

  clock recam_boundary_clk (rise edge)    20.00      20.00
  clock network delay (ideal)              0.00      20.00
  output external delay                    0.00      20.00
  data required time                                 20.00
  -----------------------------------------------------------
  data required time                                 20.00
  data arrival time                                 -38.16
  -----------------------------------------------------------
  slack (VIOLATED)                                  -18.16


  Startpoint: pivot_valid_i[1]
              (input port clocked by recam_boundary_clk)
  Endpoint: matrix_flat_o[9]
            (output port clocked by recam_boundary_clk)
  Path Group: recam_boundary_clk
  Path Type: max

  Des/Clust/Port     Wire Load Model       Library
  ------------------------------------------------
  recam_2r2c_matrix_builder
                     tsmc18_wl10           slow

  Point                                    Incr       Path
  -----------------------------------------------------------
  clock recam_boundary_clk (rise edge)     0.00       0.00
  clock network delay (ideal)              0.00       0.00
  input external delay                     0.00       0.00 f
  pivot_valid_i[1] (in)                    0.00       0.00 f
  U2146/Y (XOR2X1)                         0.54       0.54 r
  U2145/Y (XOR2X1)                         0.48       1.02 r
  U2144/Y (AND2X1)                         0.39       1.41 r
  U2141/Y (NAND2X1)                        0.44       1.85 f
  U2140/Y (OAI21XL)                        0.86       2.71 r
  U2139/Y (NAND2X1)                        0.90       3.60 f
  U2138/Y (INVX1)                          0.49       4.09 r
  U2136/Y (NAND2X1)                        0.49       4.58 f
  U2106/Y (INVX1)                          0.61       5.19 r
  U1994/Y (NOR4BX1)                        0.23       5.42 f
  U1993/Y (NAND4X1)                        0.52       5.95 r
  U1985/Y (NAND4X1)                        0.23       6.18 f
  U1964/Y (NAND4BXL)                       0.80       6.97 f
  U1959/Y (NOR4BBX1)                       0.48       7.45 f
  U1949/Y (NAND4BBX1)                      0.35       7.80 r
  U1932/Y (NAND4X1)                        0.21       8.02 f
  U1924/Y (OR4X1)                          0.69       8.70 f
  U1923/Y (NAND2X1)                        0.49       9.20 r
  U1922/Y (INVX1)                          0.34       9.54 f
  U1921/Y (NAND3X1)                        0.42       9.95 r
  U1920/Y (NAND2X1)                        0.30      10.26 f
  U1919/Y (AND2X1)                         0.50      10.76 f
  U1918/Y (NAND2X1)                        0.43      11.19 r
  U1917/Y (INVX1)                          0.32      11.51 f
  U1916/Y (NAND2X1)                        1.20      12.71 r
  U1915/Y (NAND2X1)                        1.04      13.75 f
  U1898/Y (OAI22X1)                        0.68      14.43 r
  U1897/Y (XOR2X1)                         0.39      14.82 f
  U1896/Y (AOI211X1)                       0.38      15.20 r
  U1895/Y (NAND4X1)                        0.21      15.41 f
  U1859/Y (OAI21XL)                        0.77      16.19 r
  U1850/Y (NOR3X1)                         0.23      16.41 f
  U1828/Y (NAND4X1)                        0.32      16.73 r
  U1788/Y (NAND3X1)                        0.44      17.17 f
  U1677/Y (NAND2X1)                        0.49      17.66 r
  U1676/Y (INVX1)                          0.50      18.15 f
  U1666/Y (NOR4BX1)                        3.18      21.34 r
  U1640/Y (NOR2BX1)                        1.61      22.95 r
  U1612/Y (OAI22X1)                        0.55      23.50 f
  U1601/Y (XNOR2X1)                        0.41      23.91 f
  U1585/Y (NOR4X1)                         0.32      24.24 r
  U1584/Y (AOI211X1)                       0.21      24.45 f
  U1583/Y (NAND4X1)                        0.45      24.90 r
  U1574/Y (NOR4BX1)                        0.45      25.35 r
  U1573/Y (NAND4X1)                        0.33      25.68 f
  U1572/Y (NAND3BX1)                       0.45      26.13 r
  U1528/Y (AOI2BB1X1)                      0.34      26.47 f
  U1409/Y (NOR2X1)                         1.01      27.48 r
  U1405/Y (AOI21X1)                        0.36      27.84 f
  U1404/Y (OAI21XL)                        0.58      28.42 r
  U1315/Y (NAND4X1)                        1.27      29.69 f
  U1314/Y (INVX1)                          0.77      30.47 r
  U1243/Y (NAND2X1)                        0.90      31.37 f
  U1242/Y (AOI22X1)                        0.70      32.07 r
  U1217/Y (XNOR2X1)                        0.39      32.47 f
  U1213/Y (NOR4X1)                         0.44      32.91 r
  U1212/Y (NAND4X1)                        0.41      33.32 f
  U1211/Y (OAI21XL)                        0.31      33.63 r
  U1183/Y (NAND4BXL)                       0.46      34.09 r
  U1182/Y (NAND3BX1)                       0.37      34.46 f
  U1181/Y (AOI2BB1X1)                      0.60      35.06 r
  U1180/Y (NOR2BX1)                        0.45      35.51 f
  U1179/Y (INVX1)                          0.45      35.96 r
  U1178/Y (NAND2X1)                        0.34      36.30 f
  U1171/Y (OAI21XL)                        1.05      37.35 r
  U992/Y (AOI32X1)                         0.22      37.57 f
  U989/Y (NAND4X1)                         0.59      38.16 r
  matrix_flat_o[9] (out)                   0.00      38.16 r
  data arrival time                                  38.16

  clock recam_boundary_clk (rise edge)    20.00      20.00
  clock network delay (ideal)              0.00      20.00
  output external delay                    0.00      20.00
  data required time                                 20.00
  -----------------------------------------------------------
  data required time                                 20.00
  data arrival time                                 -38.16
  -----------------------------------------------------------
  slack (VIOLATED)                                  -18.16


  Startpoint: pivot_valid_i[1]
              (input port clocked by recam_boundary_clk)
  Endpoint: matrix_flat_o[6]
            (output port clocked by recam_boundary_clk)
  Path Group: recam_boundary_clk
  Path Type: max

  Des/Clust/Port     Wire Load Model       Library
  ------------------------------------------------
  recam_2r2c_matrix_builder
                     tsmc18_wl10           slow

  Point                                    Incr       Path
  -----------------------------------------------------------
  clock recam_boundary_clk (rise edge)     0.00       0.00
  clock network delay (ideal)              0.00       0.00
  input external delay                     0.00       0.00 f
  pivot_valid_i[1] (in)                    0.00       0.00 f
  U2146/Y (XOR2X1)                         0.54       0.54 r
  U2145/Y (XOR2X1)                         0.48       1.02 r
  U2144/Y (AND2X1)                         0.39       1.41 r
  U2141/Y (NAND2X1)                        0.44       1.85 f
  U2140/Y (OAI21XL)                        0.86       2.71 r
  U2139/Y (NAND2X1)                        0.90       3.60 f
  U2138/Y (INVX1)                          0.49       4.09 r
  U2136/Y (NAND2X1)                        0.49       4.58 f
  U2106/Y (INVX1)                          0.61       5.19 r
  U1994/Y (NOR4BX1)                        0.23       5.42 f
  U1993/Y (NAND4X1)                        0.52       5.95 r
  U1985/Y (NAND4X1)                        0.23       6.18 f
  U1964/Y (NAND4BXL)                       0.80       6.97 f
  U1959/Y (NOR4BBX1)                       0.48       7.45 f
  U1949/Y (NAND4BBX1)                      0.35       7.80 r
  U1932/Y (NAND4X1)                        0.21       8.02 f
  U1924/Y (OR4X1)                          0.69       8.70 f
  U1923/Y (NAND2X1)                        0.49       9.20 r
  U1922/Y (INVX1)                          0.34       9.54 f
  U1921/Y (NAND3X1)                        0.42       9.95 r
  U1920/Y (NAND2X1)                        0.30      10.26 f
  U1919/Y (AND2X1)                         0.50      10.76 f
  U1918/Y (NAND2X1)                        0.43      11.19 r
  U1917/Y (INVX1)                          0.32      11.51 f
  U1916/Y (NAND2X1)                        1.20      12.71 r
  U1915/Y (NAND2X1)                        1.04      13.75 f
  U1898/Y (OAI22X1)                        0.68      14.43 r
  U1897/Y (XOR2X1)                         0.39      14.82 f
  U1896/Y (AOI211X1)                       0.38      15.20 r
  U1895/Y (NAND4X1)                        0.21      15.41 f
  U1859/Y (OAI21XL)                        0.77      16.19 r
  U1850/Y (NOR3X1)                         0.23      16.41 f
  U1828/Y (NAND4X1)                        0.32      16.73 r
  U1788/Y (NAND3X1)                        0.44      17.17 f
  U1677/Y (NAND2X1)                        0.49      17.66 r
  U1676/Y (INVX1)                          0.50      18.15 f
  U1666/Y (NOR4BX1)                        3.18      21.34 r
  U1640/Y (NOR2BX1)                        1.61      22.95 r
  U1612/Y (OAI22X1)                        0.55      23.50 f
  U1601/Y (XNOR2X1)                        0.41      23.91 f
  U1585/Y (NOR4X1)                         0.32      24.24 r
  U1584/Y (AOI211X1)                       0.21      24.45 f
  U1583/Y (NAND4X1)                        0.45      24.90 r
  U1574/Y (NOR4BX1)                        0.45      25.35 r
  U1573/Y (NAND4X1)                        0.33      25.68 f
  U1572/Y (NAND3BX1)                       0.45      26.13 r
  U1528/Y (AOI2BB1X1)                      0.34      26.47 f
  U1409/Y (NOR2X1)                         1.01      27.48 r
  U1405/Y (AOI21X1)                        0.36      27.84 f
  U1404/Y (OAI21XL)                        0.58      28.42 r
  U1315/Y (NAND4X1)                        1.27      29.69 f
  U1314/Y (INVX1)                          0.77      30.47 r
  U1243/Y (NAND2X1)                        0.90      31.37 f
  U1242/Y (AOI22X1)                        0.70      32.07 r
  U1217/Y (XNOR2X1)                        0.39      32.47 f
  U1213/Y (NOR4X1)                         0.44      32.91 r
  U1212/Y (NAND4X1)                        0.41      33.32 f
  U1211/Y (OAI21XL)                        0.31      33.63 r
  U1183/Y (NAND4BXL)                       0.46      34.09 r
  U1182/Y (NAND3BX1)                       0.37      34.46 f
  U1181/Y (AOI2BB1X1)                      0.60      35.06 r
  U1180/Y (NOR2BX1)                        0.45      35.51 f
  U1179/Y (INVX1)                          0.45      35.96 r
  U1178/Y (NAND2X1)                        0.34      36.30 f
  U1024/Y (OAI21XL)                        1.05      37.35 r
  U1009/Y (AOI32X1)                        0.22      37.58 f
  U1006/Y (NAND4X1)                        0.58      38.16 r
  matrix_flat_o[6] (out)                   0.00      38.16 r
  data arrival time                                  38.16

  clock recam_boundary_clk (rise edge)    20.00      20.00
  clock network delay (ideal)              0.00      20.00
  output external delay                    0.00      20.00
  data required time                                 20.00
  -----------------------------------------------------------
  data required time                                 20.00
  data arrival time                                 -38.16
  -----------------------------------------------------------
  slack (VIOLATED)                                  -18.16


  Startpoint: pivot_valid_i[1]
              (input port clocked by recam_boundary_clk)
  Endpoint: matrix_flat_o[5]
            (output port clocked by recam_boundary_clk)
  Path Group: recam_boundary_clk
  Path Type: max

  Des/Clust/Port     Wire Load Model       Library
  ------------------------------------------------
  recam_2r2c_matrix_builder
                     tsmc18_wl10           slow

  Point                                    Incr       Path
  -----------------------------------------------------------
  clock recam_boundary_clk (rise edge)     0.00       0.00
  clock network delay (ideal)              0.00       0.00
  input external delay                     0.00       0.00 f
  pivot_valid_i[1] (in)                    0.00       0.00 f
  U2146/Y (XOR2X1)                         0.54       0.54 r
  U2145/Y (XOR2X1)                         0.48       1.02 r
  U2144/Y (AND2X1)                         0.39       1.41 r
  U2141/Y (NAND2X1)                        0.44       1.85 f
  U2140/Y (OAI21XL)                        0.86       2.71 r
  U2139/Y (NAND2X1)                        0.90       3.60 f
  U2138/Y (INVX1)                          0.49       4.09 r
  U2136/Y (NAND2X1)                        0.49       4.58 f
  U2106/Y (INVX1)                          0.61       5.19 r
  U1994/Y (NOR4BX1)                        0.23       5.42 f
  U1993/Y (NAND4X1)                        0.52       5.95 r
  U1985/Y (NAND4X1)                        0.23       6.18 f
  U1964/Y (NAND4BXL)                       0.80       6.97 f
  U1959/Y (NOR4BBX1)                       0.48       7.45 f
  U1949/Y (NAND4BBX1)                      0.35       7.80 r
  U1932/Y (NAND4X1)                        0.21       8.02 f
  U1924/Y (OR4X1)                          0.69       8.70 f
  U1923/Y (NAND2X1)                        0.49       9.20 r
  U1922/Y (INVX1)                          0.34       9.54 f
  U1921/Y (NAND3X1)                        0.42       9.95 r
  U1920/Y (NAND2X1)                        0.30      10.26 f
  U1919/Y (AND2X1)                         0.50      10.76 f
  U1918/Y (NAND2X1)                        0.43      11.19 r
  U1917/Y (INVX1)                          0.32      11.51 f
  U1916/Y (NAND2X1)                        1.20      12.71 r
  U1915/Y (NAND2X1)                        1.04      13.75 f
  U1898/Y (OAI22X1)                        0.68      14.43 r
  U1897/Y (XOR2X1)                         0.39      14.82 f
  U1896/Y (AOI211X1)                       0.38      15.20 r
  U1895/Y (NAND4X1)                        0.21      15.41 f
  U1859/Y (OAI21XL)                        0.77      16.19 r
  U1850/Y (NOR3X1)                         0.23      16.41 f
  U1828/Y (NAND4X1)                        0.32      16.73 r
  U1788/Y (NAND3X1)                        0.44      17.17 f
  U1677/Y (NAND2X1)                        0.49      17.66 r
  U1676/Y (INVX1)                          0.50      18.15 f
  U1666/Y (NOR4BX1)                        3.18      21.34 r
  U1640/Y (NOR2BX1)                        1.61      22.95 r
  U1612/Y (OAI22X1)                        0.55      23.50 f
  U1601/Y (XNOR2X1)                        0.41      23.91 f
  U1585/Y (NOR4X1)                         0.32      24.24 r
  U1584/Y (AOI211X1)                       0.21      24.45 f
  U1583/Y (NAND4X1)                        0.45      24.90 r
  U1574/Y (NOR4BX1)                        0.45      25.35 r
  U1573/Y (NAND4X1)                        0.33      25.68 f
  U1572/Y (NAND3BX1)                       0.45      26.13 r
  U1528/Y (AOI2BB1X1)                      0.34      26.47 f
  U1409/Y (NOR2X1)                         1.01      27.48 r
  U1405/Y (AOI21X1)                        0.36      27.84 f
  U1404/Y (OAI21XL)                        0.58      28.42 r
  U1315/Y (NAND4X1)                        1.27      29.69 f
  U1314/Y (INVX1)                          0.77      30.47 r
  U1243/Y (NAND2X1)                        0.90      31.37 f
  U1242/Y (AOI22X1)                        0.70      32.07 r
  U1217/Y (XNOR2X1)                        0.39      32.47 f
  U1213/Y (NOR4X1)                         0.44      32.91 r
  U1212/Y (NAND4X1)                        0.41      33.32 f
  U1211/Y (OAI21XL)                        0.31      33.63 r
  U1183/Y (NAND4BXL)                       0.46      34.09 r
  U1182/Y (NAND3BX1)                       0.37      34.46 f
  U1181/Y (AOI2BB1X1)                      0.60      35.06 r
  U1180/Y (NOR2BX1)                        0.45      35.51 f
  U1179/Y (INVX1)                          0.45      35.96 r
  U1178/Y (NAND2X1)                        0.34      36.30 f
  U1024/Y (OAI21XL)                        1.05      37.35 r
  U1013/Y (AOI22X1)                        0.21      37.57 f
  U1012/Y (NAND4X1)                        0.59      38.16 r
  matrix_flat_o[5] (out)                   0.00      38.16 r
  data arrival time                                  38.16

  clock recam_boundary_clk (rise edge)    20.00      20.00
  clock network delay (ideal)              0.00      20.00
  output external delay                    0.00      20.00
  data required time                                 20.00
  -----------------------------------------------------------
  data required time                                 20.00
  data arrival time                                 -38.16
  -----------------------------------------------------------
  slack (VIOLATED)                                  -18.16


  Startpoint: pivot_valid_i[1]
              (input port clocked by recam_boundary_clk)
  Endpoint: matrix_flat_o[11]
            (output port clocked by recam_boundary_clk)
  Path Group: recam_boundary_clk
  Path Type: max

  Des/Clust/Port     Wire Load Model       Library
  ------------------------------------------------
  recam_2r2c_matrix_builder
                     tsmc18_wl10           slow

  Point                                    Incr       Path
  -----------------------------------------------------------
  clock recam_boundary_clk (rise edge)     0.00       0.00
  clock network delay (ideal)              0.00       0.00
  input external delay                     0.00       0.00 f
  pivot_valid_i[1] (in)                    0.00       0.00 f
  U2146/Y (XOR2X1)                         0.54       0.54 r
  U2145/Y (XOR2X1)                         0.48       1.02 r
  U2144/Y (AND2X1)                         0.39       1.41 r
  U2141/Y (NAND2X1)                        0.44       1.85 f
  U2140/Y (OAI21XL)                        0.86       2.71 r
  U2139/Y (NAND2X1)                        0.90       3.60 f
  U2138/Y (INVX1)                          0.49       4.09 r
  U2136/Y (NAND2X1)                        0.49       4.58 f
  U2106/Y (INVX1)                          0.61       5.19 r
  U1994/Y (NOR4BX1)                        0.23       5.42 f
  U1993/Y (NAND4X1)                        0.52       5.95 r
  U1985/Y (NAND4X1)                        0.23       6.18 f
  U1964/Y (NAND4BXL)                       0.80       6.97 f
  U1959/Y (NOR4BBX1)                       0.48       7.45 f
  U1949/Y (NAND4BBX1)                      0.35       7.80 r
  U1932/Y (NAND4X1)                        0.21       8.02 f
  U1924/Y (OR4X1)                          0.69       8.70 f
  U1923/Y (NAND2X1)                        0.49       9.20 r
  U1922/Y (INVX1)                          0.34       9.54 f
  U1921/Y (NAND3X1)                        0.42       9.95 r
  U1920/Y (NAND2X1)                        0.30      10.26 f
  U1919/Y (AND2X1)                         0.50      10.76 f
  U1918/Y (NAND2X1)                        0.43      11.19 r
  U1917/Y (INVX1)                          0.32      11.51 f
  U1916/Y (NAND2X1)                        1.20      12.71 r
  U1915/Y (NAND2X1)                        1.04      13.75 f
  U1898/Y (OAI22X1)                        0.68      14.43 r
  U1897/Y (XOR2X1)                         0.39      14.82 f
  U1896/Y (AOI211X1)                       0.38      15.20 r
  U1895/Y (NAND4X1)                        0.21      15.41 f
  U1859/Y (OAI21XL)                        0.77      16.19 r
  U1850/Y (NOR3X1)                         0.23      16.41 f
  U1828/Y (NAND4X1)                        0.32      16.73 r
  U1788/Y (NAND3X1)                        0.44      17.17 f
  U1677/Y (NAND2X1)                        0.49      17.66 r
  U1676/Y (INVX1)                          0.50      18.15 f
  U1666/Y (NOR4BX1)                        3.18      21.34 r
  U1640/Y (NOR2BX1)                        1.61      22.95 r
  U1612/Y (OAI22X1)                        0.55      23.50 f
  U1601/Y (XNOR2X1)                        0.41      23.91 f
  U1585/Y (NOR4X1)                         0.32      24.24 r
  U1584/Y (AOI211X1)                       0.21      24.45 f
  U1583/Y (NAND4X1)                        0.45      24.90 r
  U1574/Y (NOR4BX1)                        0.45      25.35 r
  U1573/Y (NAND4X1)                        0.33      25.68 f
  U1572/Y (NAND3BX1)                       0.45      26.13 r
  U1528/Y (AOI2BB1X1)                      0.34      26.47 f
  U1409/Y (NOR2X1)                         1.01      27.48 r
  U1405/Y (AOI21X1)                        0.36      27.84 f
  U1404/Y (OAI21XL)                        0.58      28.42 r
  U1315/Y (NAND4X1)                        1.27      29.69 f
  U1314/Y (INVX1)                          0.77      30.47 r
  U1243/Y (NAND2X1)                        0.90      31.37 f
  U1242/Y (AOI22X1)                        0.70      32.07 r
  U1217/Y (XNOR2X1)                        0.39      32.47 f
  U1213/Y (NOR4X1)                         0.44      32.91 r
  U1212/Y (NAND4X1)                        0.41      33.32 f
  U1211/Y (OAI21XL)                        0.31      33.63 r
  U1183/Y (NAND4BXL)                       0.46      34.09 r
  U1182/Y (NAND3BX1)                       0.37      34.46 f
  U1181/Y (AOI2BB1X1)                      0.60      35.06 r
  U1180/Y (NOR2BX1)                        0.45      35.51 f
  U1179/Y (INVX1)                          0.45      35.96 r
  U1178/Y (NAND2X1)                        0.34      36.30 f
  U1171/Y (OAI21XL)                        1.05      37.35 r
  U1137/Y (AOI32X1)                        0.22      37.57 f
  U1125/Y (NAND4X1)                        0.58      38.16 r
  matrix_flat_o[11] (out)                  0.00      38.16 r
  data arrival time                                  38.16

  clock recam_boundary_clk (rise edge)    20.00      20.00
  clock network delay (ideal)              0.00      20.00
  output external delay                    0.00      20.00
  data required time                                 20.00
  -----------------------------------------------------------
  data required time                                 20.00
  data arrival time                                 -38.16
  -----------------------------------------------------------
  slack (VIOLATED)                                  -18.16


  Startpoint: pivot_valid_i[1]
              (input port clocked by recam_boundary_clk)
  Endpoint: matrix_flat_o[13]
            (output port clocked by recam_boundary_clk)
  Path Group: recam_boundary_clk
  Path Type: max

  Des/Clust/Port     Wire Load Model       Library
  ------------------------------------------------
  recam_2r2c_matrix_builder
                     tsmc18_wl10           slow

  Point                                    Incr       Path
  -----------------------------------------------------------
  clock recam_boundary_clk (rise edge)     0.00       0.00
  clock network delay (ideal)              0.00       0.00
  input external delay                     0.00       0.00 f
  pivot_valid_i[1] (in)                    0.00       0.00 f
  U2146/Y (XOR2X1)                         0.54       0.54 r
  U2145/Y (XOR2X1)                         0.48       1.02 r
  U2144/Y (AND2X1)                         0.39       1.41 r
  U2141/Y (NAND2X1)                        0.44       1.85 f
  U2140/Y (OAI21XL)                        0.86       2.71 r
  U2139/Y (NAND2X1)                        0.90       3.60 f
  U2138/Y (INVX1)                          0.49       4.09 r
  U2136/Y (NAND2X1)                        0.49       4.58 f
  U2106/Y (INVX1)                          0.61       5.19 r
  U1994/Y (NOR4BX1)                        0.23       5.42 f
  U1993/Y (NAND4X1)                        0.52       5.95 r
  U1985/Y (NAND4X1)                        0.23       6.18 f
  U1964/Y (NAND4BXL)                       0.80       6.97 f
  U1959/Y (NOR4BBX1)                       0.48       7.45 f
  U1949/Y (NAND4BBX1)                      0.35       7.80 r
  U1932/Y (NAND4X1)                        0.21       8.02 f
  U1924/Y (OR4X1)                          0.69       8.70 f
  U1923/Y (NAND2X1)                        0.49       9.20 r
  U1922/Y (INVX1)                          0.34       9.54 f
  U1921/Y (NAND3X1)                        0.42       9.95 r
  U1920/Y (NAND2X1)                        0.30      10.26 f
  U1919/Y (AND2X1)                         0.50      10.76 f
  U1918/Y (NAND2X1)                        0.43      11.19 r
  U1917/Y (INVX1)                          0.32      11.51 f
  U1916/Y (NAND2X1)                        1.20      12.71 r
  U1915/Y (NAND2X1)                        1.04      13.75 f
  U1898/Y (OAI22X1)                        0.68      14.43 r
  U1897/Y (XOR2X1)                         0.39      14.82 f
  U1896/Y (AOI211X1)                       0.38      15.20 r
  U1895/Y (NAND4X1)                        0.21      15.41 f
  U1859/Y (OAI21XL)                        0.77      16.19 r
  U1850/Y (NOR3X1)                         0.23      16.41 f
  U1828/Y (NAND4X1)                        0.32      16.73 r
  U1788/Y (NAND3X1)                        0.44      17.17 f
  U1677/Y (NAND2X1)                        0.49      17.66 r
  U1676/Y (INVX1)                          0.50      18.15 f
  U1666/Y (NOR4BX1)                        3.18      21.34 r
  U1640/Y (NOR2BX1)                        1.61      22.95 r
  U1612/Y (OAI22X1)                        0.55      23.50 f
  U1601/Y (XNOR2X1)                        0.41      23.91 f
  U1585/Y (NOR4X1)                         0.32      24.24 r
  U1584/Y (AOI211X1)                       0.21      24.45 f
  U1583/Y (NAND4X1)                        0.45      24.90 r
  U1574/Y (NOR4BX1)                        0.45      25.35 r
  U1573/Y (NAND4X1)                        0.33      25.68 f
  U1572/Y (NAND3BX1)                       0.45      26.13 r
  U1528/Y (AOI2BB1X1)                      0.34      26.47 f
  U1409/Y (NOR2X1)                         1.01      27.48 r
  U1405/Y (AOI21X1)                        0.36      27.84 f
  U1404/Y (OAI21XL)                        0.58      28.42 r
  U1315/Y (NAND4X1)                        1.27      29.69 f
  U1314/Y (INVX1)                          0.77      30.47 r
  U1243/Y (NAND2X1)                        0.90      31.37 f
  U1242/Y (AOI22X1)                        0.70      32.07 r
  U1241/Y (XNOR2X1)                        0.46      32.53 r
  U1239/Y (AOI31X1)                        0.19      32.72 f
  U1212/Y (NAND4X1)                        0.40      33.12 r
  U1211/Y (OAI21XL)                        0.27      33.38 f
  U1183/Y (NAND4BXL)                       0.53      33.91 f
  U1182/Y (NAND3BX1)                       0.49      34.41 r
  U1181/Y (AOI2BB1X1)                      0.34      34.75 f
  U1180/Y (NOR2BX1)                        0.72      35.47 r
  U1179/Y (INVX1)                          0.40      35.87 f
  U1178/Y (NAND2X1)                        0.43      36.30 r
  U1110/Y (INVX1)                          0.16      36.46 f
  U1109/Y (AOI31X1)                        0.28      36.74 r
  U1108/Y (OAI31X1)                        0.44      37.18 f
  U1085/Y (AOI32X1)                        0.43      37.62 r
  U1078/Y (NAND4X1)                        0.53      38.15 f
  matrix_flat_o[13] (out)                  0.00      38.15 f
  data arrival time                                  38.15

  clock recam_boundary_clk (rise edge)    20.00      20.00
  clock network delay (ideal)              0.00      20.00
  output external delay                    0.00      20.00
  data required time                                 20.00
  -----------------------------------------------------------
  data required time                                 20.00
  data arrival time                                 -38.15
  -----------------------------------------------------------
  slack (VIOLATED)                                  -18.15


  Startpoint: pivot_valid_i[1]
              (input port clocked by recam_boundary_clk)
  Endpoint: matrix_flat_o[14]
            (output port clocked by recam_boundary_clk)
  Path Group: recam_boundary_clk
  Path Type: max

  Des/Clust/Port     Wire Load Model       Library
  ------------------------------------------------
  recam_2r2c_matrix_builder
                     tsmc18_wl10           slow

  Point                                    Incr       Path
  -----------------------------------------------------------
  clock recam_boundary_clk (rise edge)     0.00       0.00
  clock network delay (ideal)              0.00       0.00
  input external delay                     0.00       0.00 f
  pivot_valid_i[1] (in)                    0.00       0.00 f
  U2146/Y (XOR2X1)                         0.54       0.54 r
  U2145/Y (XOR2X1)                         0.48       1.02 r
  U2144/Y (AND2X1)                         0.39       1.41 r
  U2141/Y (NAND2X1)                        0.44       1.85 f
  U2140/Y (OAI21XL)                        0.86       2.71 r
  U2139/Y (NAND2X1)                        0.90       3.60 f
  U2138/Y (INVX1)                          0.49       4.09 r
  U2136/Y (NAND2X1)                        0.49       4.58 f
  U2106/Y (INVX1)                          0.61       5.19 r
  U1994/Y (NOR4BX1)                        0.23       5.42 f
  U1993/Y (NAND4X1)                        0.52       5.95 r
  U1985/Y (NAND4X1)                        0.23       6.18 f
  U1964/Y (NAND4BXL)                       0.80       6.97 f
  U1959/Y (NOR4BBX1)                       0.48       7.45 f
  U1949/Y (NAND4BBX1)                      0.35       7.80 r
  U1932/Y (NAND4X1)                        0.21       8.02 f
  U1924/Y (OR4X1)                          0.69       8.70 f
  U1923/Y (NAND2X1)                        0.49       9.20 r
  U1922/Y (INVX1)                          0.34       9.54 f
  U1921/Y (NAND3X1)                        0.42       9.95 r
  U1920/Y (NAND2X1)                        0.30      10.26 f
  U1919/Y (AND2X1)                         0.50      10.76 f
  U1918/Y (NAND2X1)                        0.43      11.19 r
  U1917/Y (INVX1)                          0.32      11.51 f
  U1916/Y (NAND2X1)                        1.20      12.71 r
  U1915/Y (NAND2X1)                        1.04      13.75 f
  U1898/Y (OAI22X1)                        0.68      14.43 r
  U1897/Y (XOR2X1)                         0.39      14.82 f
  U1896/Y (AOI211X1)                       0.38      15.20 r
  U1895/Y (NAND4X1)                        0.21      15.41 f
  U1859/Y (OAI21XL)                        0.77      16.19 r
  U1850/Y (NOR3X1)                         0.23      16.41 f
  U1828/Y (NAND4X1)                        0.32      16.73 r
  U1788/Y (NAND3X1)                        0.44      17.17 f
  U1677/Y (NAND2X1)                        0.49      17.66 r
  U1676/Y (INVX1)                          0.50      18.15 f
  U1666/Y (NOR4BX1)                        3.18      21.34 r
  U1640/Y (NOR2BX1)                        1.61      22.95 r
  U1612/Y (OAI22X1)                        0.55      23.50 f
  U1601/Y (XNOR2X1)                        0.41      23.91 f
  U1585/Y (NOR4X1)                         0.32      24.24 r
  U1584/Y (AOI211X1)                       0.21      24.45 f
  U1583/Y (NAND4X1)                        0.45      24.90 r
  U1574/Y (NOR4BX1)                        0.45      25.35 r
  U1573/Y (NAND4X1)                        0.33      25.68 f
  U1572/Y (NAND3BX1)                       0.45      26.13 r
  U1528/Y (AOI2BB1X1)                      0.34      26.47 f
  U1409/Y (NOR2X1)                         1.01      27.48 r
  U1405/Y (AOI21X1)                        0.36      27.84 f
  U1404/Y (OAI21XL)                        0.58      28.42 r
  U1315/Y (NAND4X1)                        1.27      29.69 f
  U1314/Y (INVX1)                          0.77      30.47 r
  U1243/Y (NAND2X1)                        0.90      31.37 f
  U1242/Y (AOI22X1)                        0.70      32.07 r
  U1241/Y (XNOR2X1)                        0.46      32.53 r
  U1239/Y (AOI31X1)                        0.19      32.72 f
  U1212/Y (NAND4X1)                        0.40      33.12 r
  U1211/Y (OAI21XL)                        0.27      33.38 f
  U1183/Y (NAND4BXL)                       0.53      33.91 f
  U1182/Y (NAND3BX1)                       0.49      34.41 r
  U1181/Y (AOI2BB1X1)                      0.34      34.75 f
  U1180/Y (NOR2BX1)                        0.72      35.47 r
  U1179/Y (INVX1)                          0.40      35.87 f
  U1178/Y (NAND2X1)                        0.43      36.30 r
  U1110/Y (INVX1)                          0.16      36.46 f
  U1109/Y (AOI31X1)                        0.28      36.74 r
  U1108/Y (OAI31X1)                        0.44      37.18 f
  U1073/Y (AOI32X1)                        0.43      37.62 r
  U1068/Y (NAND4X1)                        0.53      38.15 f
  matrix_flat_o[14] (out)                  0.00      38.15 f
  data arrival time                                  38.15

  clock recam_boundary_clk (rise edge)    20.00      20.00
  clock network delay (ideal)              0.00      20.00
  output external delay                    0.00      20.00
  data required time                                 20.00
  -----------------------------------------------------------
  data required time                                 20.00
  data arrival time                                 -38.15
  -----------------------------------------------------------
  slack (VIOLATED)                                  -18.15


  Startpoint: pivot_valid_i[1]
              (input port clocked by recam_boundary_clk)
  Endpoint: matrix_flat_o[4]
            (output port clocked by recam_boundary_clk)
  Path Group: recam_boundary_clk
  Path Type: max

  Des/Clust/Port     Wire Load Model       Library
  ------------------------------------------------
  recam_2r2c_matrix_builder
                     tsmc18_wl10           slow

  Point                                    Incr       Path
  -----------------------------------------------------------
  clock recam_boundary_clk (rise edge)     0.00       0.00
  clock network delay (ideal)              0.00       0.00
  input external delay                     0.00       0.00 f
  pivot_valid_i[1] (in)                    0.00       0.00 f
  U2146/Y (XOR2X1)                         0.54       0.54 r
  U2145/Y (XOR2X1)                         0.48       1.02 r
  U2144/Y (AND2X1)                         0.39       1.41 r
  U2141/Y (NAND2X1)                        0.44       1.85 f
  U2140/Y (OAI21XL)                        0.86       2.71 r
  U2139/Y (NAND2X1)                        0.90       3.60 f
  U2138/Y (INVX1)                          0.49       4.09 r
  U2136/Y (NAND2X1)                        0.49       4.58 f
  U2106/Y (INVX1)                          0.61       5.19 r
  U1994/Y (NOR4BX1)                        0.23       5.42 f
  U1993/Y (NAND4X1)                        0.52       5.95 r
  U1985/Y (NAND4X1)                        0.23       6.18 f
  U1964/Y (NAND4BXL)                       0.80       6.97 f
  U1959/Y (NOR4BBX1)                       0.48       7.45 f
  U1949/Y (NAND4BBX1)                      0.35       7.80 r
  U1932/Y (NAND4X1)                        0.21       8.02 f
  U1924/Y (OR4X1)                          0.69       8.70 f
  U1923/Y (NAND2X1)                        0.49       9.20 r
  U1922/Y (INVX1)                          0.34       9.54 f
  U1921/Y (NAND3X1)                        0.42       9.95 r
  U1920/Y (NAND2X1)                        0.30      10.26 f
  U1919/Y (AND2X1)                         0.50      10.76 f
  U1918/Y (NAND2X1)                        0.43      11.19 r
  U1917/Y (INVX1)                          0.32      11.51 f
  U1916/Y (NAND2X1)                        1.20      12.71 r
  U1915/Y (NAND2X1)                        1.04      13.75 f
  U1898/Y (OAI22X1)                        0.68      14.43 r
  U1897/Y (XOR2X1)                         0.39      14.82 f
  U1896/Y (AOI211X1)                       0.38      15.20 r
  U1895/Y (NAND4X1)                        0.21      15.41 f
  U1859/Y (OAI21XL)                        0.77      16.19 r
  U1850/Y (NOR3X1)                         0.23      16.41 f
  U1828/Y (NAND4X1)                        0.32      16.73 r
  U1788/Y (NAND3X1)                        0.44      17.17 f
  U1677/Y (NAND2X1)                        0.49      17.66 r
  U1676/Y (INVX1)                          0.50      18.15 f
  U1666/Y (NOR4BX1)                        3.18      21.34 r
  U1640/Y (NOR2BX1)                        1.61      22.95 r
  U1612/Y (OAI22X1)                        0.55      23.50 f
  U1601/Y (XNOR2X1)                        0.41      23.91 f
  U1585/Y (NOR4X1)                         0.32      24.24 r
  U1584/Y (AOI211X1)                       0.21      24.45 f
  U1583/Y (NAND4X1)                        0.45      24.90 r
  U1574/Y (NOR4BX1)                        0.45      25.35 r
  U1573/Y (NAND4X1)                        0.33      25.68 f
  U1572/Y (NAND3BX1)                       0.45      26.13 r
  U1528/Y (AOI2BB1X1)                      0.34      26.47 f
  U1409/Y (NOR2X1)                         1.01      27.48 r
  U1405/Y (AOI21X1)                        0.36      27.84 f
  U1404/Y (OAI21XL)                        0.58      28.42 r
  U1315/Y (NAND4X1)                        1.27      29.69 f
  U1314/Y (INVX1)                          0.77      30.47 r
  U1243/Y (NAND2X1)                        0.90      31.37 f
  U1242/Y (AOI22X1)                        0.70      32.07 r
  U1217/Y (XNOR2X1)                        0.39      32.47 f
  U1213/Y (NOR4X1)                         0.44      32.91 r
  U1212/Y (NAND4X1)                        0.41      33.32 f
  U1211/Y (OAI21XL)                        0.31      33.63 r
  U1183/Y (NAND4BXL)                       0.46      34.09 r
  U1182/Y (NAND3BX1)                       0.37      34.46 f
  U1181/Y (AOI2BB1X1)                      0.60      35.06 r
  U1180/Y (NOR2BX1)                        0.45      35.51 f
  U1179/Y (INVX1)                          0.45      35.96 r
  U1178/Y (NAND2X1)                        0.34      36.30 f
  U1024/Y (OAI21XL)                        1.05      37.35 r
  U1021/Y (AOI22X1)                        0.21      37.57 f
  U1016/Y (NAND4X1)                        0.58      38.15 r
  matrix_flat_o[4] (out)                   0.00      38.15 r
  data arrival time                                  38.15

  clock recam_boundary_clk (rise edge)    20.00      20.00
  clock network delay (ideal)              0.00      20.00
  output external delay                    0.00      20.00
  data required time                                 20.00
  -----------------------------------------------------------
  data required time                                 20.00
  data arrival time                                 -38.15
  -----------------------------------------------------------
  slack (VIOLATED)                                  -18.15


  Startpoint: pivot_valid_i[1]
              (input port clocked by recam_boundary_clk)
  Endpoint: matrix_flat_o[8]
            (output port clocked by recam_boundary_clk)
  Path Group: recam_boundary_clk
  Path Type: max

  Des/Clust/Port     Wire Load Model       Library
  ------------------------------------------------
  recam_2r2c_matrix_builder
                     tsmc18_wl10           slow

  Point                                    Incr       Path
  -----------------------------------------------------------
  clock recam_boundary_clk (rise edge)     0.00       0.00
  clock network delay (ideal)              0.00       0.00
  input external delay                     0.00       0.00 f
  pivot_valid_i[1] (in)                    0.00       0.00 f
  U2146/Y (XOR2X1)                         0.54       0.54 r
  U2145/Y (XOR2X1)                         0.48       1.02 r
  U2144/Y (AND2X1)                         0.39       1.41 r
  U2141/Y (NAND2X1)                        0.44       1.85 f
  U2140/Y (OAI21XL)                        0.86       2.71 r
  U2139/Y (NAND2X1)                        0.90       3.60 f
  U2138/Y (INVX1)                          0.49       4.09 r
  U2136/Y (NAND2X1)                        0.49       4.58 f
  U2106/Y (INVX1)                          0.61       5.19 r
  U1994/Y (NOR4BX1)                        0.23       5.42 f
  U1993/Y (NAND4X1)                        0.52       5.95 r
  U1985/Y (NAND4X1)                        0.23       6.18 f
  U1964/Y (NAND4BXL)                       0.80       6.97 f
  U1959/Y (NOR4BBX1)                       0.48       7.45 f
  U1949/Y (NAND4BBX1)                      0.35       7.80 r
  U1932/Y (NAND4X1)                        0.21       8.02 f
  U1924/Y (OR4X1)                          0.69       8.70 f
  U1923/Y (NAND2X1)                        0.49       9.20 r
  U1922/Y (INVX1)                          0.34       9.54 f
  U1921/Y (NAND3X1)                        0.42       9.95 r
  U1920/Y (NAND2X1)                        0.30      10.26 f
  U1919/Y (AND2X1)                         0.50      10.76 f
  U1918/Y (NAND2X1)                        0.43      11.19 r
  U1917/Y (INVX1)                          0.32      11.51 f
  U1916/Y (NAND2X1)                        1.20      12.71 r
  U1915/Y (NAND2X1)                        1.04      13.75 f
  U1898/Y (OAI22X1)                        0.68      14.43 r
  U1897/Y (XOR2X1)                         0.39      14.82 f
  U1896/Y (AOI211X1)                       0.38      15.20 r
  U1895/Y (NAND4X1)                        0.21      15.41 f
  U1859/Y (OAI21XL)                        0.77      16.19 r
  U1850/Y (NOR3X1)                         0.23      16.41 f
  U1828/Y (NAND4X1)                        0.32      16.73 r
  U1788/Y (NAND3X1)                        0.44      17.17 f
  U1677/Y (NAND2X1)                        0.49      17.66 r
  U1676/Y (INVX1)                          0.50      18.15 f
  U1666/Y (NOR4BX1)                        3.18      21.34 r
  U1640/Y (NOR2BX1)                        1.61      22.95 r
  U1612/Y (OAI22X1)                        0.55      23.50 f
  U1601/Y (XNOR2X1)                        0.41      23.91 f
  U1585/Y (NOR4X1)                         0.32      24.24 r
  U1584/Y (AOI211X1)                       0.21      24.45 f
  U1583/Y (NAND4X1)                        0.45      24.90 r
  U1574/Y (NOR4BX1)                        0.45      25.35 r
  U1573/Y (NAND4X1)                        0.33      25.68 f
  U1572/Y (NAND3BX1)                       0.45      26.13 r
  U1528/Y (AOI2BB1X1)                      0.34      26.47 f
  U1409/Y (NOR2X1)                         1.01      27.48 r
  U1405/Y (AOI21X1)                        0.36      27.84 f
  U1404/Y (OAI21XL)                        0.58      28.42 r
  U1315/Y (NAND4X1)                        1.27      29.69 f
  U1314/Y (INVX1)                          0.77      30.47 r
  U1243/Y (NAND2X1)                        0.90      31.37 f
  U1242/Y (AOI22X1)                        0.70      32.07 r
  U1217/Y (XNOR2X1)                        0.39      32.47 f
  U1213/Y (NOR4X1)                         0.44      32.91 r
  U1212/Y (NAND4X1)                        0.41      33.32 f
  U1211/Y (OAI21XL)                        0.31      33.63 r
  U1183/Y (NAND4BXL)                       0.46      34.09 r
  U1182/Y (NAND3BX1)                       0.37      34.46 f
  U1181/Y (AOI2BB1X1)                      0.60      35.06 r
  U1180/Y (NOR2BX1)                        0.45      35.51 f
  U1179/Y (INVX1)                          0.45      35.96 r
  U1178/Y (NAND2X1)                        0.34      36.30 f
  U1171/Y (OAI21XL)                        1.05      37.35 r
  U997/Y (AOI22X1)                         0.21      37.56 f
  U995/Y (NAND4X1)                         0.58      38.14 r
  matrix_flat_o[8] (out)                   0.00      38.14 r
  data arrival time                                  38.14

  clock recam_boundary_clk (rise edge)    20.00      20.00
  clock network delay (ideal)              0.00      20.00
  output external delay                    0.00      20.00
  data required time                                 20.00
  -----------------------------------------------------------
  data required time                                 20.00
  data arrival time                                 -38.14
  -----------------------------------------------------------
  slack (VIOLATED)                                  -18.14


1
