Information: Updating design information... (UID-85)

Information: Checking generated_clocks...

Information: Checking loops...

Information: Checking no_input_delay...

Information: Checking unconstrained_endpoints...

Warning: The following end-points are not constrained for maximum delay.

End point
---------------
busy_o
busy_o_reg/D
config_pattern_map_o[0]
config_pattern_map_o[1]
config_pattern_map_o[2]
config_pattern_map_o[3]
config_pattern_map_o[4]
config_pattern_map_o[5]
config_pattern_map_o[6]
config_pattern_map_o[7]
config_pattern_map_o[8]
config_pattern_map_o[9]
config_pattern_map_o[10]
config_pattern_map_o[11]
config_pattern_map_o[12]
config_pattern_map_o[13]
config_pattern_map_o[14]
config_pattern_map_o[15]
config_pattern_map_o[16]
config_pattern_map_o[17]
config_pattern_map_o[18]
config_pattern_map_o[19]
config_pattern_map_o[20]
config_pattern_map_o[21]
config_pattern_map_o[22]
config_pattern_map_o[23]
config_pattern_map_o[24]
config_pattern_map_o[25]
config_pattern_map_o[26]
config_pattern_map_o[27]
config_pattern_map_o[28]
config_pattern_map_o[29]
config_pattern_map_o[30]
config_pattern_map_o[31]
config_pattern_map_o[32]
config_pattern_map_o[33]
config_pattern_map_o[34]
config_pattern_map_o[35]
config_pattern_map_o[36]
config_pattern_map_o[37]
config_pattern_map_o[38]
config_pattern_map_o[39]
config_pattern_map_o[40]
config_pattern_map_o[41]
config_pattern_map_o[42]
config_pattern_map_o[43]
config_pattern_map_o[44]
config_pattern_map_o[45]
config_pattern_map_o[46]
config_pattern_map_o[47]
config_pattern_map_o[48]
config_pattern_map_o[49]
config_pattern_map_o[50]
config_pattern_map_o[51]
config_pattern_map_o[52]
config_pattern_map_o[53]
config_pattern_map_o[54]
config_pattern_map_o[55]
config_pattern_map_o[56]
config_pattern_map_o[57]
config_pattern_map_o[58]
config_pattern_map_o[59]
config_pattern_map_o[60]
config_pattern_map_o[61]
config_pattern_map_o[62]
config_pattern_map_o[63]
config_pattern_map_o[64]
config_pattern_map_o[65]
config_pattern_map_o[66]
config_pattern_map_o[67]
config_pattern_map_o[68]
config_pattern_map_o[69]
config_pattern_map_o[70]
config_pattern_map_o[71]
config_pattern_map_o[72]
config_pattern_map_o[73]
config_pattern_map_o[74]
config_pattern_map_o[75]
config_pattern_map_o[76]
config_pattern_map_o[77]
config_pattern_map_o[78]
config_pattern_map_o[79]
config_pattern_map_o_reg[0]/D
config_pattern_map_o_reg[1]/D
config_pattern_map_o_reg[2]/D
config_pattern_map_o_reg[3]/D
config_pattern_map_o_reg[4]/D
config_pattern_map_o_reg[5]/D
config_pattern_map_o_reg[6]/D
config_pattern_map_o_reg[7]/D
config_pattern_map_o_reg[8]/D
config_pattern_map_o_reg[9]/D
config_pattern_map_o_reg[10]/D
config_pattern_map_o_reg[11]/D
config_pattern_map_o_reg[12]/D
config_pattern_map_o_reg[13]/D
config_pattern_map_o_reg[14]/D
config_pattern_map_o_reg[15]/D
config_pattern_map_o_reg[16]/D
config_pattern_map_o_reg[17]/D
config_pattern_map_o_reg[18]/D
config_pattern_map_o_reg[19]/D
config_pattern_map_o_reg[20]/D
config_pattern_map_o_reg[21]/D
config_pattern_map_o_reg[22]/D
config_pattern_map_o_reg[23]/D
config_pattern_map_o_reg[24]/D
config_pattern_map_o_reg[25]/D
config_pattern_map_o_reg[26]/D
config_pattern_map_o_reg[27]/D
config_pattern_map_o_reg[28]/D
config_pattern_map_o_reg[29]/D
config_pattern_map_o_reg[30]/D
config_pattern_map_o_reg[31]/D
config_pattern_map_o_reg[32]/D
config_pattern_map_o_reg[33]/D
config_pattern_map_o_reg[34]/D
config_pattern_map_o_reg[35]/D
config_pattern_map_o_reg[36]/D
config_pattern_map_o_reg[37]/D
config_pattern_map_o_reg[38]/D
config_pattern_map_o_reg[39]/D
config_pattern_map_o_reg[40]/D
config_pattern_map_o_reg[41]/D
config_pattern_map_o_reg[42]/D
config_pattern_map_o_reg[43]/D
config_pattern_map_o_reg[44]/D
config_pattern_map_o_reg[45]/D
config_pattern_map_o_reg[46]/D
config_pattern_map_o_reg[47]/D
config_pattern_map_o_reg[48]/D
config_pattern_map_o_reg[49]/D
config_pattern_map_o_reg[50]/D
config_pattern_map_o_reg[51]/D
config_pattern_map_o_reg[52]/D
config_pattern_map_o_reg[53]/D
config_pattern_map_o_reg[54]/D
config_pattern_map_o_reg[55]/D
config_pattern_map_o_reg[56]/D
config_pattern_map_o_reg[57]/D
config_pattern_map_o_reg[58]/D
config_pattern_map_o_reg[59]/D
config_pattern_map_o_reg[60]/D
config_pattern_map_o_reg[61]/D
config_pattern_map_o_reg[62]/D
config_pattern_map_o_reg[63]/D
config_pattern_map_o_reg[64]/D
config_pattern_map_o_reg[65]/D
config_pattern_map_o_reg[66]/D
config_pattern_map_o_reg[67]/D
config_pattern_map_o_reg[68]/D
config_pattern_map_o_reg[69]/D
config_pattern_map_o_reg[70]/D
config_pattern_map_o_reg[71]/D
config_pattern_map_o_reg[72]/D
config_pattern_map_o_reg[73]/D
config_pattern_map_o_reg[74]/D
config_pattern_map_o_reg[75]/D
config_pattern_map_o_reg[76]/D
config_pattern_map_o_reg[77]/D
config_pattern_map_o_reg[78]/D
config_pattern_map_o_reg[79]/D
current_config_id_o[0]
current_config_id_o[1]
current_config_id_o[2]
done_o
done_o_reg/D
sa_role_reg_reg/D
scan_index_reg_reg[0]/D
scan_index_reg_reg[1]/D

Information: Checking pulse_clock_cell_type...

Information: Checking no_driving_cell...

Information: Checking partial_input_delay...
1
