 
****************************************
Report : area
Design : recam_role_aware_config_scheduler
Version: W-2024.09-SP2
Date   : Thu Sep 10 05:09:48 2026
****************************************

Library(s) Used:

    slow (File: /cad/std_libraries/CBDK_TSMC018_Arm_f1.0/CIC/SynopsysDC/db/slow.db)

Number of ports:                          533
Number of nets:                          4125
Number of cells:                         3696
Number of combinational cells:           3610
Number of sequential cells:                85
Number of macros/black boxes:               0
Number of buf/inv:                       1140
Number of references:                      19

Combinational area:              67762.094970
Buf/Inv area:                    10531.382546
Noncombinational area:            4527.230457
Macro/Black Box area:                0.000000
Net Interconnect area:          394475.311066

Total cell area:                 72289.325428
Total area:                     466764.636493

Hierarchical area distribution
------------------------------

                                  Global cell area            Local cell area
                                  -------------------  ----------------------------- 
Hierarchical cell                 Absolute    Percent  Combi-      Noncombi-  Black-
                                  Total       Total    national    national   boxes   Design
--------------------------------  ----------  -------  ----------  ---------  ------  ---------------------------------------------------------------------------------
recam_role_aware_config_scheduler 72289.3254    100.0   2411.6400  4527.2305  0.0000  recam_role_aware_config_scheduler
shared_analyzer                   65350.4550     90.4  65350.4550     0.0000  0.0000  recam_shared_config_analyzer_ROW_ADDR_W9_COL_ADDR_W5_DIFF_ADDR_W9_HYBRID_ENTRIES7
--------------------------------  ----------  -------  ----------  ---------  ------  ---------------------------------------------------------------------------------
Total                                                  67762.0950  4527.2305  0.0000

1
