 
****************************************
Report : qor
Design : recam_role_aware_config_scheduler
Version: W-2024.09-SP2
Date   : Thu Sep 10 05:09:48 2026
****************************************


  Timing Path Group 'recam_boundary_clk'
  -----------------------------------
  Levels of Logic:              79.00
  Critical Path Length:         20.00
  Critical Path Slack:           0.00
  Critical Path Clk Period:     20.00
  Total Negative Slack:          0.00
  No. of Violating Paths:        0.00
  Worst Hold Violation:          0.00
  Total Hold Violation:          0.00
  No. of Hold Violations:        0.00
  -----------------------------------


  Cell Count
  -----------------------------------
  Hierarchical Cell Count:          1
  Hierarchical Port Count:        224
  Leaf Cell Count:               3695
  Buf/Inv Cell Count:            1140
  Buf Cell Count:                  87
  Inv Cell Count:                1053
  CT Buf/Inv Cell Count:            0
  Combinational Cell Count:      3610
  Sequential Cell Count:           85
  Macro Count:                      0
  -----------------------------------


  Area
  -----------------------------------
  Combinational Area:    67762.094970
  Noncombinational Area:  4527.230457
  Buf/Inv Area:          10531.382546
  Total Buffer Area:          1789.60
  Total Inverter Area:        8741.78
  Macro/Black Box Area:      0.000000
  Net Area:             394475.311066
  -----------------------------------
  Cell Area:             72289.325428
  Design Area:          466764.636493


  Design Rules
  -----------------------------------
  Total Number of Nets:          3904
  Nets With Violations:             0
  Max Trans Violations:             0
  Max Cap Violations:               0
  -----------------------------------


  Hostname: Kaohsiung

  Compile CPU Statistics
  -----------------------------------------
  Resource Sharing:                    2.35
  Logic Optimization:                 17.73
  Mapping Optimization:                5.84
  -----------------------------------------
  Overall Compile Time:               32.01
  Overall Compile Wall Clock Time:    32.30

  --------------------------------------------------------------------

  Design  WNS: 0.00  TNS: 0.00  Number of Violating Paths: 0


  Design (Hold)  WNS: 0.00  TNS: 0.00  Number of Violating Paths: 0

  --------------------------------------------------------------------


1
