 
****************************************
Report : reference
Design : recam_role_aware_config_scheduler
Version: W-2024.09-SP2
Date   : Thu Sep 10 05:09:48 2026
****************************************

Attributes:
    b - black box (unknown)
   bo - allows boundary optimization
    d - dont_touch
   mo - map_only
    h - hierarchical
    n - noncombinational
    r - removable
    s - synthetic operator
    u - contains unmapped logic

Reference          Library       Unit Area   Count    Total Area   Attributes
-----------------------------------------------------------------------------
AND2X2             slow          13.305600       5     66.528001  
AND3X1             slow          16.632000       1     16.632000  
AOI21X1            slow          13.305600       3     39.916800  
AOI22X1            slow          16.632000      17    282.743999  
AOI22XL            slow          16.632000      52    864.863998  
BUFX3              slow          13.305600      10    133.056002  
DFFHQX1            slow          53.222401      84   4470.681656  n
DFFX1              slow          56.548801       1     56.548801  n
INVX1              slow           6.652800      99    658.627208  
INVXL              slow           6.652800       4     26.611200  
NAND2X1            slow           9.979200       7     69.854403  
NAND2XL            slow           9.979200       1      9.979200  
NAND3X1            slow          13.305600       1     13.305600  
NOR2BX1            slow          13.305600       1     13.305600  
NOR2X1             slow           9.979200       1      9.979200  
OAI2BB1X1          slow          16.632000       6     99.792000  
OAI21XL            slow          13.305600       5     66.528001  
OAI22X1            slow          19.958401       2     39.916801  
recam_shared_config_analyzer_ROW_ADDR_W9_COL_ADDR_W5_DIFF_ADDR_W9_HYBRID_ENTRIES7
                              65350.454955       1  65350.454955  h
-----------------------------------------------------------------------------
Total 19 references                                 72289.325428

****************************************
Design: recam_shared_config_analyzer_ROW_ADDR_W9_COL_ADDR_W5_DIFF_ADDR_W9_HYBRID_ENTRIES7 
****************************************
Reference          Library       Unit Area   Count    Total Area   Attributes
-----------------------------------------------------------------------------
AND2X1             slow          13.305600       3     39.916800  
AND2X2             slow          13.305600      33    439.084805  
AND2X4             slow          16.632000       5     83.160000  
AND3X1             slow          16.632000       5     83.160000  
AND3X2             slow          16.632000       9    149.688000  
AND3X4             slow          19.958401       3     59.875202  
AND4X2             slow          19.958401      37    738.460827  
AND4X4             slow          36.590401      15    548.856010  
AOI2BB1X1          slow          16.632000       8    133.056000  
AOI2BB1X2          slow          23.284800       3     69.854399  
AOI2BB1X4          slow          36.590401       4    146.361603  
AOI2BB2X1          slow          23.284800      79   1839.499166  
AOI2BB2X2          slow          29.937599      13    389.188789  
AOI2BB2X4          slow          49.896000       2     99.792000  
AOI2BB2XL          slow          23.284800       7    162.993597  
AOI21X1            slow          13.305600       1     13.305600  
AOI21X2            slow          23.284800       1     23.284800  
AOI22X1            slow          16.632000       6     99.792000  
AOI31X1            slow          16.632000       2     33.264000  
AOI31X2            slow          29.937599       1     29.937599  
AOI32XL            slow          23.284800       1     23.284800  
AOI33X1            slow          26.611200       2     53.222401  
AOI33X2            slow          43.243198       1     43.243198  
AOI211X1           slow          16.632000       1     16.632000  
AOI211X2           slow          29.937599       2     59.875198  
AOI211X4           slow          33.264000       1     33.264000  
AOI221X1           slow          23.284800       6    139.708797  
AOI221X2           slow          39.916801       5    199.584007  
AOI221X4           slow          36.590401       1     36.590401  
AOI222X1           slow          26.611200      16    425.779205  
AOI222X2           slow          46.569599       3    139.708797  
AOI222X4           slow          39.916801       2     79.833603  
AOI222XL           slow          26.611200       2     53.222401  
BUFX1              slow          13.305600      10    133.056002  
BUFX2              slow          13.305600       1     13.305600  
BUFX3              slow          13.305600      26    345.945604  
BUFX4              slow          16.632000       4     66.528000  
BUFX8              slow          29.937599      15    449.063988  
BUFX12             slow          33.264000       6    199.584000  
BUFX16             slow          43.243198       1     43.243198  
BUFX20             slow          53.222401       4    212.889603  
CLKBUFX3           slow          13.305600       3     39.916800  
CLKBUFX8           slow          23.284800       6    139.708797  
CLKBUFXL           slow          13.305600       1     13.305600  
CLKINVX1           slow           9.979200       1      9.979200  
CLKINVX2           slow           9.979200      12    119.750404  
CLKINVX3           slow           9.979200      92    918.086433  
CLKINVX4           slow          13.305600       7     93.139201  
CLKINVX8           slow          19.958401      17    339.292812  
CLKINVX20          slow          96.465599       1     96.465599  
CLKINVXL           slow           9.979200       9     89.812803  
INVX1              slow           6.652800     571   3798.748847  
INVX2              slow           9.979200      19    189.604807  
INVX3              slow          13.305600       3     39.916800  
INVX4              slow          13.305600      40    532.224007  
INVX8              slow          19.958401      31    618.710423  
INVX12             slow          43.243198       5    216.215992  
INVX16             slow          56.548801       1     56.548801  
INVXL              slow           6.652800     141    938.044812  
MX2X1              slow          26.611200      81   2155.507227  
MX2X2              slow          29.937599       4    119.750397  
MX2X4              slow          33.264000       6    199.584000  
MX2XL              slow          26.611200       1     26.611200  
MXI2X1             slow          23.284800      63   1466.942373  
MXI2X2             slow          26.611200      85   2261.952028  
MXI2X4             slow          46.569599      23   1071.100780  
MXI2XL             slow          23.284800     106   2468.188755  
NAND2BX1           slow          13.305600       1     13.305600  
NAND2BX4           slow          26.611200       1     26.611200  
NAND2X1            slow           9.979200      31    309.355211  
NAND2X2            slow          16.632000       2     33.264000  
NAND2X4            slow          23.284800      10    232.847996  
NAND2XL            slow           9.979200       5     49.896002  
NAND3BXL           slow          16.632000       1     16.632000  
NAND3X1            slow          13.305600     154   2049.062426  
NAND3X2            slow          23.284800      11    256.132795  
NAND3X4            slow          33.264000      19    632.015999  
NAND3XL            slow          13.305600      26    345.945604  
NAND4BBX1          slow          26.611200       1     26.611200  
NAND4BXL           slow          19.958401       2     39.916801  
NAND4X1            slow          16.632000      92   1530.143997  
NAND4X2            slow          29.937599      13    389.188789  
NAND4X4            slow          56.548801      30   1696.464043  
NAND4XL            slow          16.632000       8    133.056000  
NOR2BX1            slow          13.305600       1     13.305600  
NOR2BX2            slow          19.958401       1     19.958401  
NOR2X1             slow           9.979200      34    339.292812  
NOR2X2             slow          16.632000       9    149.688000  
NOR2X4             slow          23.284800       8    186.278397  
NOR2XL             slow           9.979200       2     19.958401  
NOR3BXL            slow          19.958401       1     19.958401  
NOR3X1             slow          13.305600       3     39.916800  
NOR3XL             slow          13.305600       1     13.305600  
NOR4BX2            slow          33.264000       1     33.264000  
OAI2BB1X1          slow          16.632000      51    848.231998  
OAI2BB1X2          slow          23.284800      18    419.126392  
OAI2BB1X4          slow          33.264000      11    365.903999  
OAI2BB1XL          slow          16.632000       7    116.424000  
OAI22X1            slow          19.958401      26    518.918419  
OAI22X2            slow          29.937599      11    329.313591  
OAI22X4            slow          46.569599      11    512.265591  
OAI22XL            slow          19.958401      28    558.835220  
OAI31X2            slow          29.937599       2     59.875198  
OAI32X4            slow          33.264000       1     33.264000  
OAI33X2            slow          43.243198       1     43.243198  
OAI211X1           slow          19.958401      13    259.459209  
OAI211X2           slow          33.264000       2     66.528000  
OAI211X4           slow          29.937599       8    239.500793  
OAI221X1           slow          26.611200       1     26.611200  
OAI221X2           slow          43.243198       2     86.486397  
OAI221X4           slow          36.590401       6    219.542404  
OAI221XL           slow          23.284800       2     46.569599  
OAI222X1           slow          29.937599       4    119.750397  
OAI222X2           slow          49.896000       2     99.792000  
OAI222X4           slow          39.916801       4    159.667206  
OAI222XL           slow          26.611200       2     53.222401  
OR2X1              slow          13.305600       8    106.444801  
OR2X2              slow          13.305600     204   2714.342434  
OR2X4              slow          19.958401      73   1456.963253  
OR2XL              slow          13.305600      25    332.640004  
OR3X2              slow          19.958401       1     19.958401  
OR3X4              slow          29.937599       1     29.937599  
OR3XL              slow          16.632000       4     66.528000  
OR4X1              slow          19.958401       2     39.916801  
OR4X2              slow          19.958401      65   1297.296047  
OR4X4              slow          36.590401      19    695.217613  
XNOR2X1            slow          26.611200      67   1782.950422  
XNOR2X2            slow          36.590401       3    109.771202  
XNOR2X4            slow          56.548801       3    169.646404  
XNOR2XL            slow          26.611200       7    186.278402  
XNOR3X4            slow          99.792000       1     99.792000  
XOR2X1             slow          26.611200     351   9340.531317  
XOR2X2             slow          33.264000     108   3592.511993  
XOR2X4             slow          56.548801      33   1866.110447  
XOR2XL             slow          26.611200      63   1676.505621  
-----------------------------------------------------------------------------
Total 135 references                                65350.454955
1
