 
****************************************
Report : cell
Design : recam_dss_grid2x2_directional_rs2_cs2_m1_hyp02_early_live_state_top
Version: W-2024.09-SP2
Date   : Mon Sep 28 03:19:05 2026
****************************************

Attributes:
    b - black box (unknown)
    h - hierarchical
    n - noncombinational
    p - parameterized
    r - removable
    u - contains unmapped logic

Cell                      Reference       Library             Area  Attributes
--------------------------------------------------------------------------------
U2                        BUFX16          slow            43.243198 
U3                        DLY1X1          slow            19.958401 
U4                        DLY1X1          slow            19.958401 
U5                        BUFX8           slow            29.937599 
U6                        DLY1X1          slow            19.958401 
U7                        CLKBUFXL        slow            13.305600 
U8                        BUFX3           slow            13.305600 
U9                        BUFX3           slow            13.305600 
U10                       INVX1           slow            6.652800  
U11                       CLKBUFXL        slow            13.305600 
U12                       BUFX1           slow            13.305600 
U13                       INVX1           slow            6.652800  
U14                       AND2X4          slow            16.632000 
analyzer                  recam_shared_config_analyzer_ROW_ADDR_W9_PHYS_COL_ADDR_W13_WORD_COL_ADDR_W5_HYBRID_LINE_ADDR_W13_HYBRID_ENTRIES7
                                                          134053.921105
                                                                    h, p
core                      recam_dss_grid2x2_directional_rs2_cs2_m1_hyp02_early_live_state_core
                                                          3266.524830
                                                                    h, n
selected_address_mux      dss_early_selected_address_mux_ROW_ADDR_W9_PHYS_COL_ADDR_W13
                                                          7664.025629
                                                                    h, p
--------------------------------------------------------------------------------
Total 16 cells                                            145213.993165
1
