 
****************************************
Report : qor
Design : recam_dss_grid2x2_directional_rs2_cs2_m1_hyp02_early_live_state_top
Version: W-2024.09-SP2
Date   : Mon Sep 28 03:19:05 2026
****************************************


  Timing Path Group 'recam_clk'
  -----------------------------------
  Levels of Logic:              75.00
  Critical Path Length:         15.00
  Critical Path Slack:           0.00
  Critical Path Clk Period:     15.00
  Total Negative Slack:          0.00
  No. of Violating Paths:        0.00
  Worst Hold Violation:          0.00
  Total Hold Violation:          0.00
  No. of Hold Violations:        0.00
  -----------------------------------


  Cell Count
  -----------------------------------
  Hierarchical Cell Count:          3
  Hierarchical Port Count:        506
  Leaf Cell Count:               6460
  Buf/Inv Cell Count:            2052
  Buf Cell Count:                 319
  Inv Cell Count:                1733
  CT Buf/Inv Cell Count:            0
  Combinational Cell Count:      6445
  Sequential Cell Count:           15
  Macro Count:                      0
  -----------------------------------


  Area
  -----------------------------------
  Combinational Area:   144315.865147
  Noncombinational Area:   898.128017
  Buf/Inv Area:          27090.202027
  Total Buffer Area:          7351.34
  Total Inverter Area:       19738.86
  Macro/Black Box Area:      0.000000
  Net Area:             657629.963654
  -----------------------------------
  Cell Area:            145213.993165
  Design Area:          802843.956818


  Design Rules
  -----------------------------------
  Total Number of Nets:          6744
  Nets With Violations:             0
  Max Trans Violations:             0
  Max Cap Violations:               0
  -----------------------------------


  Hostname: Kaohsiung

  Compile CPU Statistics
  -----------------------------------------
  Resource Sharing:                    2.76
  Logic Optimization:                256.33
  Mapping Optimization:               71.40
  -----------------------------------------
  Overall Compile Time:              336.41
  Overall Compile Wall Clock Time:   337.39

  --------------------------------------------------------------------

  Design  WNS: 0.00  TNS: 0.00  Number of Violating Paths: 0


  Design (Hold)  WNS: 0.00  TNS: 0.00  Number of Violating Paths: 0

  --------------------------------------------------------------------


1
