 
****************************************
Report : reference
Design : recam_dss_grid2x2_directional_rs2_cs2_m1_hyp02_early_live_state_top
Version: W-2024.09-SP2
Date   : Mon Sep 28 03:19:04 2026
****************************************

Attributes:
    b - black box (unknown)
   bo - allows boundary optimization
    d - dont_touch
   mo - map_only
    h - hierarchical
    n - noncombinational
    r - removable
    s - synthetic operator
    u - contains unmapped logic

Reference          Library       Unit Area   Count    Total Area   Attributes
-----------------------------------------------------------------------------
AND2X4             slow          16.632000       1     16.632000  
BUFX1              slow          13.305600       1     13.305600  
BUFX3              slow          13.305600       2     26.611200  
BUFX8              slow          29.937599       1     29.937599  
BUFX16             slow          43.243198       1     43.243198  
CLKBUFXL           slow          13.305600       2     26.611200  
DLY1X1             slow          19.958401       3     59.875202  
INVX1              slow           6.652800       2     13.305600  
dss_early_selected_address_mux_ROW_ADDR_W9_PHYS_COL_ADDR_W13
                               7664.025629       1   7664.025629  h
recam_dss_grid2x2_directional_rs2_cs2_m1_hyp02_early_live_state_core
                               3266.524830       1   3266.524830  h, n
recam_shared_config_analyzer_ROW_ADDR_W9_PHYS_COL_ADDR_W13_WORD_COL_ADDR_W5_HYBRID_LINE_ADDR_W13_HYBRID_ENTRIES7
                              134053.921105
                                                 1  134053.921105 h
-----------------------------------------------------------------------------
Total 11 references                                 145213.993165

****************************************
Design: dss_early_selected_address_mux_ROW_ADDR_W9_PHYS_COL_ADDR_W13 
****************************************
Reference          Library       Unit Area   Count    Total Area   Attributes
-----------------------------------------------------------------------------
AND2X1             slow          13.305600       1     13.305600  
AND2X2             slow          13.305600       9    119.750401  
AND2X4             slow          16.632000       9    149.688000  
AND3X1             slow          16.632000       1     16.632000  
AND3X2             slow          16.632000       5     83.160000  
AND3X4             slow          19.958401       7    139.708805  
AND4X2             slow          19.958401       1     19.958401  
AND4X4             slow          36.590401       1     36.590401  
AOI2BB1X4          slow          36.590401       1     36.590401  
AOI2BB2X4          slow          49.896000       1     49.896000  
AOI21X1            slow          13.305600       1     13.305600  
AOI21X2            slow          23.284800       1     23.284800  
AOI22X2            slow          29.937599      11    329.313591  
AOI22X4            slow          46.569599       8    372.556793  
AOI31X2            slow          29.937599       1     29.937599  
AOI31X4            slow          29.937599       2     59.875198  
AOI33X1            slow          26.611200       1     26.611200  
AOI211X2           slow          29.937599       1     29.937599  
AOI222X2           slow          46.569599       1     46.569599  
BUFX3              slow          13.305600       5     66.528001  
BUFX4              slow          16.632000       1     16.632000  
BUFX8              slow          29.937599       3     89.812798  
BUFX12             slow          33.264000      10    332.639999  
BUFX16             slow          43.243198       2     86.486397  
BUFX20             slow          53.222401       5    266.112003  
CLKBUFX8           slow          23.284800       1     23.284800  
CLKINVX3           slow           9.979200      10     99.792004  
CLKINVX4           slow          13.305600       1     13.305600  
CLKINVX8           slow          19.958401       5     99.792004  
INVX1              slow           6.652800      21    139.708802  
INVX2              slow           9.979200       8     79.833603  
INVX3              slow          13.305600       1     13.305600  
INVX4              slow          13.305600      28    372.556805  
INVX8              slow          19.958401      18    359.251213  
INVX16             slow          56.548801       2    113.097603  
INVXL              slow           6.652800       1      6.652800  
MXI2X1             slow          23.284800       1     23.284800  
NAND2BX1           slow          13.305600       2     26.611200  
NAND2BX2           slow          19.958401       2     39.916801  
NAND2BX4           slow          26.611200       1     26.611200  
NAND2X1            slow           9.979200       4     39.916801  
NAND2X2            slow          16.632000       1     16.632000  
NAND2X4            slow          23.284800       2     46.569599  
NAND2XL            slow           9.979200       2     19.958401  
NAND3BX1           slow          16.632000       2     33.264000  
NAND3BX2           slow          26.611200       3     79.833601  
NAND3BX4           slow          36.590401       2     73.180801  
NAND3BXL           slow          16.632000       1     16.632000  
NAND3X1            slow          13.305600      22    292.723204  
NAND3X2            slow          23.284800       8    186.278397  
NAND3X4            slow          33.264000      11    365.903999  
NAND3XL            slow          13.305600       1     13.305600  
NAND4BBX4          slow          63.201599       1     63.201599  
NAND4BX4           slow          59.875198       1     59.875198  
NAND4X1            slow          16.632000       2     33.264000  
NAND4X2            slow          29.937599       3     89.812798  
NAND4X4            slow          56.548801       2    113.097603  
NAND4XL            slow          16.632000       1     16.632000  
NOR2BX1            slow          13.305600       1     13.305600  
NOR2X1             slow           9.979200       2     19.958401  
NOR2X2             slow          16.632000       3     49.896000  
NOR2X4             slow          23.284800       2     46.569599  
NOR3X2             slow          23.284800       1     23.284800  
OAI2BB1X1          slow          16.632000       1     16.632000  
OAI2BB1X2          slow          23.284800       2     46.569599  
OAI2BB1X4          slow          33.264000      29    964.655998  
OAI2BB1XL          slow          16.632000       1     16.632000  
OAI21X1            slow          16.632000       1     16.632000  
OAI21X2            slow          26.611200       1     26.611200  
OAI21XL            slow          13.305600       1     13.305600  
OAI22X4            slow          46.569599       1     46.569599  
OAI31X2            slow          29.937599       1     29.937599  
OAI32X2            slow          36.590401       1     36.590401  
OAI33X4            slow          36.590401       1     36.590401  
OAI211X2           slow          33.264000       6    199.584000  
OAI221X4           slow          36.590401       1     36.590401  
OAI222X2           slow          49.896000       2     99.792000  
OR2X1              slow          13.305600       1     13.305600  
OR2X2              slow          13.305600       9    119.750401  
OR2X4              slow          19.958401      10    199.584007  
OR2XL              slow          13.305600       4     53.222401  
OR3X4              slow          29.937599       1     29.937599  
XNOR2X4            slow          56.548801       1     56.548801  
-----------------------------------------------------------------------------
Total 83 references                                  7664.025629

****************************************
Design: recam_dss_grid2x2_directional_rs2_cs2_m1_hyp02_early_live_state_core 
****************************************
Reference          Library       Unit Area   Count    Total Area   Attributes
-----------------------------------------------------------------------------
AND2X2             slow          13.305600       2     26.611200  
AND2X4             slow          16.632000       1     16.632000  
AND3X4             slow          19.958401       1     19.958401  
AOI2BB1X1          slow          16.632000       1     16.632000  
AOI2BB1X2          slow          23.284800       1     23.284800  
AOI2BB1X4          slow          36.590401       1     36.590401  
AOI31X1            slow          16.632000       1     16.632000  
AOI31X2            slow          29.937599       1     29.937599  
AOI31X4            slow          29.937599       2     59.875198  
AOI211X1           slow          16.632000       1     16.632000  
BUFX2              slow          13.305600       1     13.305600  
BUFX3              slow          13.305600       1     13.305600  
CLKBUFX2           slow          13.305600       1     13.305600  
CLKINVX3           slow           9.979200       1      9.979200  
CLKINVX8           slow          19.958401       2     39.916801  
CLKINVXL           slow           9.979200       2     19.958401  
DFFHQX4            slow          73.180801       3    219.542404  n
DFFHQXL            slow          53.222401       8    425.779205  n
DFFX4              slow          83.160004       1     83.160004  n
DFFXL              slow          56.548801       3    169.646404  n
INVX1              slow           6.652800      26    172.972802  
INVX2              slow           9.979200       1      9.979200  
INVX3              slow          13.305600       1     13.305600  
INVX4              slow          13.305600       2     26.611200  
INVX8              slow          19.958401       3     59.875202  
INVX20             slow          63.201599       2    126.403198  
MXI2X1             slow          23.284800       6    139.708797  
MXI2X2             slow          26.611200       1     26.611200  
MXI2X4             slow          46.569599       3    139.708797  
MXI2XL             slow          23.284800       2     46.569599  
NAND2BX2           slow          19.958401       1     19.958401  
NAND2BX4           slow          26.611200       1     26.611200  
NAND2X1            slow           9.979200       1      9.979200  
NAND2X2            slow          16.632000       1     16.632000  
NAND2X4            slow          23.284800       1     23.284800  
NAND3BX4           slow          36.590401       1     36.590401  
NAND3X1            slow          13.305600       4     53.222401  
NAND3X2            slow          23.284800       1     23.284800  
NAND3XL            slow          13.305600       1     13.305600  
NAND4BX4           slow          59.875198       1     59.875198  
NAND4X1            slow          16.632000       2     33.264000  
NAND4X2            slow          29.937599       1     29.937599  
NAND4X4            slow          56.548801       1     56.548801  
NOR2X1             slow           9.979200       1      9.979200  
NOR2X4             slow          23.284800       1     23.284800  
NOR2XL             slow           9.979200       1      9.979200  
OAI2BB1X1          slow          16.632000       4     66.528000  
OAI2BB1X4          slow          33.264000       1     33.264000  
OAI2BB2X4          slow          49.896000       1     49.896000  
OAI21XL            slow          13.305600       1     13.305600  
OAI22XL            slow          19.958401       2     39.916801  
OAI31X1            slow          19.958401       1     19.958401  
OAI221X4           slow          36.590401       1     36.590401  
OAI222XL           slow          26.611200       1     26.611200  
OR2X1              slow          13.305600       3     39.916800  
OR2X2              slow          13.305600      12    159.667202  
OR2XL              slow          13.305600       2     26.611200  
XOR2X1             slow          26.611200       2     53.222401  
XOR2X4             slow          56.548801       3    169.646404  
XOR2XL             slow          26.611200       2     53.222401  
-----------------------------------------------------------------------------
Total 60 references                                  3266.524830

****************************************
Design: recam_shared_config_analyzer_ROW_ADDR_W9_PHYS_COL_ADDR_W13_WORD_COL_ADDR_W5_HYBRID_LINE_ADDR_W13_HYBRID_ENTRIES7 
****************************************
Reference          Library       Unit Area   Count    Total Area   Attributes
-----------------------------------------------------------------------------
AND2X1             slow          13.305600      25    332.640004  
AND2X2             slow          13.305600      49    651.974408  
AND2X4             slow          16.632000      41    681.911999  
AND3X1             slow          16.632000       5     83.160000  
AND3X2             slow          16.632000      21    349.271999  
AND3X4             slow          19.958401      55   1097.712040  
AND4X1             slow          19.958401       6    119.750404  
AND4X2             slow          19.958401      69   1377.129650  
AND4X4             slow          36.590401      64   2341.785645  
AOI2BB1X1          slow          16.632000       4     66.528000  
AOI2BB1X2          slow          23.284800       4     93.139198  
AOI2BB1X4          slow          36.590401      10    365.904007  
AOI2BB1XL          slow          16.632000       1     16.632000  
AOI2BB2X1          slow          23.284800      30    698.543987  
AOI2BB2X2          slow          29.937599       8    239.500793  
AOI2BB2X4          slow          49.896000       6    299.375999  
AOI2BB2XL          slow          23.284800       5    116.423998  
AOI21X1            slow          13.305600       4     53.222401  
AOI21X2            slow          23.284800       4     93.139198  
AOI21X4            slow          33.264000       4    133.056000  
AOI21XL            slow          13.305600       2     26.611200  
AOI22X1            slow          16.632000      10    166.320000  
AOI22X2            slow          29.937599       1     29.937599  
AOI22X4            slow          46.569599       3    139.708797  
AOI22XL            slow          16.632000       2     33.264000  
AOI31X1            slow          16.632000       4     66.528000  
AOI31X2            slow          29.937599       9    269.438393  
AOI31X4            slow          29.937599       4    119.750397  
AOI31XL            slow          16.632000       4     66.528000  
AOI32X1            slow          23.284800       3     69.854399  
AOI32X2            slow          36.590401       8    292.723206  
AOI32X4            slow          33.264000       1     33.264000  
AOI33X1            slow          26.611200       2     53.222401  
AOI33X2            slow          43.243198       8    345.945587  
AOI33XL            slow          26.611200       1     26.611200  
AOI211X1           slow          16.632000       6     99.792000  
AOI211X2           slow          29.937599      12    359.251190  
AOI211X4           slow          33.264000       1     33.264000  
AOI221X1           slow          23.284800      12    279.417595  
AOI221X2           slow          39.916801       5    199.584007  
AOI221X4           slow          36.590401       3    109.771202  
AOI221XL           slow          23.284800       3     69.854399  
AOI222X1           slow          26.611200      17    452.390406  
AOI222X2           slow          46.569599       9    419.126392  
AOI222X4           slow          39.916801       2     79.833603  
BUFX1              slow          13.305600      77   1024.531213  
BUFX2              slow          13.305600       1     13.305600  
BUFX3              slow          13.305600      60    798.336010  
BUFX4              slow          16.632000       7    116.424000  
BUFX8              slow          29.937599      34   1017.878372  
BUFX12             slow          33.264000      32   1064.447998  
BUFX16             slow          43.243198      12    518.918381  
BUFX20             slow          53.222401      17    904.780811  
CLKBUFX2           slow          13.305600       5     66.528001  
CLKBUFX3           slow          13.305600       3     39.916800  
CLKBUFX4           slow          16.632000       1     16.632000  
CLKBUFX8           slow          23.284800       7    162.993597  
CLKBUFX12          slow          53.222401       1     53.222401  
CLKBUFXL           slow          13.305600       1     13.305600  
CLKINVX1           slow           9.979200      13    129.729605  
CLKINVX2           slow           9.979200      28    279.417610  
CLKINVX3           slow           9.979200     201   2005.819273  
CLKINVX4           slow          13.305600      47    625.363208  
CLKINVX8           slow          19.958401      99   1975.881672  
CLKINVX12          slow          63.201599       1     63.201599  
CLKINVX20          slow          96.465599       3    289.396797  
CLKINVXL           slow           9.979200      40    399.168015  
DLY1X1             slow          19.958401      21    419.126415  
INVX1              slow           6.652800     674   4483.987256  
INVX2              slow           9.979200      62    618.710423  
INVX3              slow          13.305600      16    212.889603  
INVX4              slow          13.305600     169   2248.646428  
INVX8              slow          19.958401     160   3193.344116  
INVX12             slow          43.243198      12    518.918381  
INVX16             slow          56.548801       3    169.646404  
INVX20             slow          63.201599       5    316.007996  
INVXL              slow           6.652800      63    419.126405  
MX2X1              slow          26.611200      52   1383.782417  
MX2X2              slow          29.937599      46   1377.129562  
MX2X4              slow          33.264000      69   2295.215996  
MX2XL              slow          26.611200       1     26.611200  
MXI2X1             slow          23.284800      46   1071.100780  
MXI2X2             slow          26.611200     115   3060.288038  
MXI2X4             slow          46.569599     154   7171.718269  
MXI2XL             slow          23.284800      36    838.252785  
NAND2BX1           slow          13.305600       3     39.916800  
NAND2BX2           slow          19.958401       3     59.875202  
NAND2BX4           slow          26.611200      22    585.446407  
NAND2X1            slow           9.979200      53    528.897619  
NAND2X2            slow          16.632000      68   1130.975998  
NAND2X4            slow          23.284800     109   2538.043154  
NAND2XL            slow           9.979200      12    119.750404  
NAND3BX2           slow          26.611200       6    159.667202  
NAND3BX4           slow          36.590401      13    475.675209  
NAND3X1            slow          13.305600     138   1836.172823  
NAND3X2            slow          23.284800      58   1350.518375  
NAND3X4            slow          33.264000      92   3060.287994  
NAND3XL            slow          13.305600      38    505.612806  
NAND4BBX2          slow          36.590401       1     36.590401  
NAND4BBX4          slow          63.201599       5    316.007996  
NAND4BX1           slow          23.284800       1     23.284800  
NAND4BX2           slow          33.264000       3     99.792000  
NAND4BX4           slow          59.875198      19   1137.628769  
NAND4BXL           slow          19.958401       1     19.958401  
NAND4X1            slow          16.632000      66   1097.711998  
NAND4X2            slow          29.937599      30    898.127975  
NAND4X4            slow          56.548801      67   3788.769695  
NAND4XL            slow          16.632000      20    332.639999  
NOR2BX1            slow          13.305600       2     26.611200  
NOR2BX4            slow          26.611200       5    133.056002  
NOR2X1             slow           9.979200      44    439.084816  
NOR2X2             slow          16.632000      38    632.015999  
NOR2X4             slow          23.284800      79   1839.499166  
NOR2XL             slow           9.979200       4     39.916801  
NOR3X2             slow          23.284800       3     69.854399  
NOR3X4             slow          33.264000      16    532.223999  
NOR3XL             slow          13.305600       1     13.305600  
NOR4BBX4           slow          66.528000       1     66.528000  
NOR4BX4            slow          59.875198       2    119.750397  
NOR4X4             slow          56.548801       2    113.097603  
OAI2BB1X1          slow          16.632000      50    831.599998  
OAI2BB1X2          slow          23.284800      28    651.974388  
OAI2BB1X4          slow          33.264000      45   1496.879997  
OAI2BB1XL          slow          16.632000       7    116.424000  
OAI2BB2X2          slow          33.264000       1     33.264000  
OAI2BB2X4          slow          49.896000       5    249.480000  
OAI2BB2XL          slow          23.284800       1     23.284800  
OAI21X1            slow          16.632000       3     49.896000  
OAI21X2            slow          26.611200       5    133.056002  
OAI21X4            slow          36.590401       3    109.771202  
OAI21XL            slow          13.305600       1     13.305600  
OAI22X1            slow          19.958401      28    558.835220  
OAI22X2            slow          29.937599      12    359.251190  
OAI22X4            slow          46.569599       1     46.569599  
OAI22XL            slow          19.958401       7    139.708805  
OAI31X1            slow          19.958401       1     19.958401  
OAI31X2            slow          29.937599       5    149.687996  
OAI31X4            slow          29.937599       3     89.812798  
OAI32X2            slow          36.590401      11    402.494408  
OAI32X4            slow          33.264000       5    166.320000  
OAI33X1            slow          26.611200       1     26.611200  
OAI33X2            slow          43.243198      11    475.675182  
OAI33X4            slow          36.590401       4    146.361603  
OAI211X1           slow          19.958401       4     79.833603  
OAI211X2           slow          33.264000      22    731.807999  
OAI211X4           slow          29.937599      18    538.876785  
OAI211XL           slow          19.958401       2     39.916801  
OAI221X1           slow          26.611200       2     53.222401  
OAI221X2           slow          43.243198       6    259.459190  
OAI221X4           slow          36.590401       1     36.590401  
OAI221XL           slow          23.284800       4     93.139198  
OAI222X1           slow          29.937599       1     29.937599  
OAI222X2           slow          49.896000       7    349.271999  
OAI222XL           slow          26.611200       2     53.222401  
OR2X1              slow          13.305600      19    252.806403  
OR2X2              slow          13.305600     323   4297.708854  
OR2X4              slow          19.958401     225   4490.640163  
OR2XL              slow          13.305600      64    851.558411  
OR3X2              slow          19.958401       2     39.916801  
OR3X4              slow          29.937599       7    209.563194  
OR3XL              slow          16.632000       3     49.896000  
OR4X1              slow          19.958401       1     19.958401  
OR4X2              slow          19.958401      27    538.876820  
OR4X4              slow          36.590401      19    695.217613  
OR4XL              slow          19.958401       1     19.958401  
XNOR2X1            slow          26.611200      16    425.779205  
XNOR2X2            slow          36.590401      21    768.398415  
XNOR2X4            slow          56.548801      29   1639.915241  
XOR2X1             slow          26.611200     437  11629.094545  
XOR2X2             slow          33.264000     198   6586.271988  
XOR2X4             slow          56.548801     213  12044.894703  
XOR2XL             slow          26.611200      87   2315.174429  
-----------------------------------------------------------------------------
Total 172 references                                134053.921105
1
