 
****************************************
Report : area
Design : recam_2r2c_pattern_analyzer
Version: W-2024.09-SP2
Date   : Wed Sep  9 20:27:23 2026
****************************************

Library(s) Used:

    slow (File: /cad/std_libraries/CBDK_TSMC018_Arm_f1.0/CIC/SynopsysDC/db/slow.db)

Number of ports:                           23
Number of nets:                            26
Number of cells:                            9
Number of combinational cells:              9
Number of sequential cells:                 0
Number of macros/black boxes:               0
Number of buf/inv:                          0
Number of references:                       3

Combinational area:                149.688005
Buf/Inv area:                        0.000000
Noncombinational area:               0.000000
Macro/Black Box area:                0.000000
Net Interconnect area:            1680.008423

Total cell area:                   149.688005
Total area:                       1829.696428

Hierarchical area distribution
------------------------------

                                  Global cell area          Local cell area
                                  ------------------  --------------------------- 
Hierarchical cell                 Absolute   Percent  Combi-    Noncombi-  Black-
                                  Total      Total    national  national   boxes   Design
--------------------------------  ---------  -------  --------  ---------  ------  ---------
recam_2r2c_pattern_analyzer        149.6880    100.0  149.6880     0.0000  0.0000  recam_2r2c_pattern_analyzer
--------------------------------  ---------  -------  --------  ---------  ------  ---------
Total                                                 149.6880     0.0000  0.0000

1
