 
****************************************
Report : reference
Design : recam_2r2c_pattern_analyzer
Version: W-2024.09-SP2
Date   : Wed Sep  9 20:27:23 2026
****************************************

Attributes:
    b - black box (unknown)
   bo - allows boundary optimization
    d - dont_touch
   mo - map_only
    h - hierarchical
    n - noncombinational
    r - removable
    s - synthetic operator
    u - contains unmapped logic

Reference          Library       Unit Area   Count    Total Area   Attributes
-----------------------------------------------------------------------------
NOR2XL             slow           9.979200       3     29.937601  
NOR4BXL            slow          19.958401       5     99.792004  
OR4X2              slow          19.958401       1     19.958401  
-----------------------------------------------------------------------------
Total 3 references                                    149.688005
1
