 
****************************************
Report : reference
Design : recam_dss_g2x2_r_static_global_live_state_top
Version: W-2024.09-SP2
Date   : Tue Sep 29 16:59:20 2026
****************************************

Attributes:
    b - black box (unknown)
   bo - allows boundary optimization
    d - dont_touch
   mo - map_only
    h - hierarchical
    n - noncombinational
    r - removable
    s - synthetic operator
    u - contains unmapped logic

Reference          Library       Unit Area   Count    Total Area   Attributes
-----------------------------------------------------------------------------
AND2X4             slow          16.632000       1     16.632000  
AND3X2             slow          16.632000       1     16.632000  
AOI31XL            slow          16.632000       1     16.632000  
XNOR2X1            slow          26.611200       2     53.222401  
dss_group_pivot_address_regs_ROW_ADDR_W9_PHYS_COL_ADDR_W13
                              44493.927584       1  44493.927584  h, n
recam_dss_g2x2_r_static_global_live_state_core
                              26651.117067       1  26651.117067  h, n
recam_shared_config_analyzer_ROW_ADDR_W9_PHYS_COL_ADDR_W13_WORD_COL_ADDR_W5_HYBRID_LINE_ADDR_W13_HYBRID_ENTRIES7
                              79876.843815       1  79876.843815  h
-----------------------------------------------------------------------------
Total 7 references                                  151125.006867

****************************************
Design: dss_group_pivot_address_regs_ROW_ADDR_W9_PHYS_COL_ADDR_W13 
****************************************
Reference          Library       Unit Area   Count    Total Area   Attributes
-----------------------------------------------------------------------------
AND2X2             slow          13.305600       7     93.139201  
AOI2BB1XL          slow          16.632000       3     49.896000  
AOI2BB2X1          slow          23.284800       4     93.139198  
AOI21X1            slow          13.305600      14    186.278402  
AOI21XL            slow          13.305600       1     13.305600  
AOI22X1            slow          16.632000       3     49.896000  
AOI22XL            slow          16.632000       9    149.688000  
AOI32X1            slow          23.284800       3     69.854399  
AOI33X1            slow          26.611200       4    106.444801  
AOI222X1           slow          26.611200       1     26.611200  
BUFX1              slow          13.305600      15    199.584002  
BUFX3              slow          13.305600      21    279.417603  
CLKINVXL           slow           9.979200       1      9.979200  
DFFXL              slow          56.548801     440  24881.472626  n
INVX1              slow           6.652800     397   2641.161633  
INVXL              slow           6.652800       4     26.611200  
NAND2BX1           slow          13.305600       4     53.222401  
NAND2X1            slow           9.979200      35    349.272013  
NAND2XL            slow           9.979200      12    119.750404  
NAND3X1            slow          13.305600      13    172.972802  
NOR2BX1            slow          13.305600       8    106.444801  
NOR2X1             slow           9.979200      21    209.563208  
NOR2XL             slow           9.979200      82    818.294430  
NOR3XL             slow          13.305600       5     66.528001  
OAI2BB1X1          slow          16.632000       1     16.632000  
OAI21XL            slow          13.305600      10    133.056002  
OAI22X1            slow          19.958401     440   8781.696320  
OAI22XL            slow          19.958401     180   3592.512131  
OAI31X1            slow          19.958401       4     79.833603  
OAI32X1            slow          23.284800       9    209.563196  
OAI33X1            slow          26.611200       4    106.444801  
OAI221XL           slow          23.284800       7    162.993597  
XNOR2XL            slow          26.611200       4    106.444801  
XOR2X1             slow          26.611200      20    532.224007  
-----------------------------------------------------------------------------
Total 34 references                                 44493.927584

****************************************
Design: recam_dss_g2x2_r_static_global_live_state_core 
****************************************
Reference          Library       Unit Area   Count    Total Area   Attributes
-----------------------------------------------------------------------------
AND2X2             slow          13.305600       4     53.222401  
AND3X2             slow          16.632000       1     16.632000  
AOI2BB1X1          slow          16.632000       1     16.632000  
AOI21X1            slow          13.305600       5     66.528001  
AOI22X1            slow          16.632000      35    582.119999  
AOI22XL            slow          16.632000       5     83.160000  
AOI31X1            slow          16.632000       5     83.160000  
AOI211X1           slow          16.632000       1     16.632000  
BUFX1              slow          13.305600       4     53.222401  
BUFX4              slow          16.632000       1     16.632000  
BUFX8              slow          29.937599       1     29.937599  
BUFX12             slow          33.264000       1     33.264000  
DFFHQX2            slow          66.528000       1     66.528000  n
DFFHQXL            slow          53.222401      64   3406.233643  n
DFFXL              slow          56.548801       1     56.548801  n
DLY1X1             slow          19.958401       1     19.958401  
INVX1              slow           6.652800      79    525.571207  
INVXL              slow           6.652800       2     13.305600  
MXI2XL             slow          23.284800       1     23.284800  
NAND2X1            slow           9.979200       5     49.896002  
NAND3BX1           slow          16.632000       1     16.632000  
NAND3X1            slow          13.305600       6     79.833601  
NOR2X1             slow           9.979200       4     39.916801  
NOR3X1             slow          13.305600       1     13.305600  
OAI2BB1X1          slow          16.632000       9    149.688000  
OAI2BB2X1          slow          23.284800       6    139.708797  
OAI21XL            slow          13.305600       7     93.139201  
OAI22X1            slow          19.958401       1     19.958401  
OAI31X1            slow          19.958401       1     19.958401  
OAI32X1            slow          23.284800       3     69.854399  
OAI211X1           slow          19.958401       1     19.958401  
OR2X2              slow          13.305600       2     26.611200  
OR2XL              slow          13.305600       1     13.305600  
XNOR2X1            slow          26.611200       2     53.222401  
XOR2X1             slow          26.611200       2     53.222401  
dss_v2_group_candidate_store  17530.128165       1  17530.128165  h, n
dss_v2_group_slot_decode        156.340803       1    156.340803  h
recam_dss_g2x2_r_static_selector
                               2943.864042       1   2943.864042  h
-----------------------------------------------------------------------------
Total 38 references                                 26651.117067

****************************************
Design: dss_v2_group_candidate_store 
****************************************
Reference          Library       Unit Area   Count    Total Area   Attributes
-----------------------------------------------------------------------------
ADDFX1             slow          69.854401       3    209.563202  r
ADDFX2             slow          69.854401       4    279.417603  r
AND2X1             slow          13.305600       6     79.833601  
AND2X2             slow          13.305600     135   1796.256022  
AND2X4             slow          16.632000       2     33.264000  
AND3X1             slow          16.632000       3     49.896000  
AND3X4             slow          19.958401       2     39.916801  
AND4X2             slow          19.958401      18    359.251213  
AOI2BB2X1          slow          23.284800      25    582.119989  
AOI2BB2X2          slow          29.937599       1     29.937599  
AOI2BB2XL          slow          23.284800       2     46.569599  
AOI21X1            slow          13.305600      18    239.500803  
AOI22X1            slow          16.632000      37    615.383999  
AOI22XL            slow          16.632000       3     49.896000  
AOI31X1            slow          16.632000      56    931.391998  
AOI221X1           slow          23.284800       1     23.284800  
AOI222X1           slow          26.611200      12    319.334404  
AOI222X4           slow          39.916801       1     39.916801  
AOI222XL           slow          26.611200       3     79.833601  
BUFX1              slow          13.305600       1     13.305600  
BUFX3              slow          13.305600       7     93.139201  
BUFX4              slow          16.632000       1     16.632000  
CLKINVX2           slow           9.979200       1      9.979200  
CLKINVX3           slow           9.979200       2     19.958401  
CLKINVX4           slow          13.305600       5     66.528001  
CLKINVX8           slow          19.958401      19    379.209614  
CLKINVXL           slow           9.979200       1      9.979200  
DFFHQXL            slow          53.222401      60   3193.344040  n
INVX1              slow           6.652800     160   1064.448013  
INVX2              slow           9.979200       5     49.896002  
INVX3              slow          13.305600       2     26.611200  
INVX4              slow          13.305600      12    159.667202  
INVX8              slow          19.958401      12    239.500809  
INVX12             slow          43.243198       3    129.729595  
INVX16             slow          56.548801       1     56.548801  
INVX20             slow          63.201599       1     63.201599  
INVXL              slow           6.652800      12     79.833601  
MXI2X1             slow          23.284800       1     23.284800  
NAND2X1            slow           9.979200       6     59.875202  
NAND2XL            slow           9.979200      31    309.355211  
NAND3X1            slow          13.305600      26    345.945604  
NAND3X2            slow          23.284800       2     46.569599  
NAND3X4            slow          33.264000       1     33.264000  
NAND3XL            slow          13.305600       1     13.305600  
NAND4BBX1          slow          26.611200       3     79.833601  
NAND4BBX2          slow          36.590401       1     36.590401  
NAND4BX1           slow          23.284800       1     23.284800  
NAND4BXL           slow          19.958401       7    139.708805  
NAND4X1            slow          16.632000       4     66.528000  
NOR2BX1            slow          13.305600       2     26.611200  
NOR2X1             slow           9.979200       6     59.875202  
NOR2XL             slow           9.979200       2     19.958401  
NOR3X1             slow          13.305600       6     79.833601  
NOR3XL             slow          13.305600       4     53.222401  
OAI2BB1X1          slow          16.632000       7    116.424000  
OAI21XL            slow          13.305600       2     26.611200  
OAI22X1            slow          19.958401       2     39.916801  
OAI221XL           slow          23.284800       1     23.284800  
OAI222X1           slow          29.937599      36   1077.753571  
OAI222X2           slow          49.896000       2     99.792000  
OAI222XL           slow          26.611200      17    452.390406  
OR2X2              slow          13.305600      71    944.697612  
OR2X4              slow          19.958401       1     19.958401  
OR2XL              slow          13.305600       3     39.916800  
OR4X1              slow          19.958401       3     59.875202  
OR4X2              slow          19.958401      38    758.419228  
OR4X4              slow          36.590401       4    146.361603  
XOR2X1             slow          26.611200      14    372.556805  
XOR2XL             slow          26.611200       6    159.667202  
XOR3X2             slow          59.875198       5    299.375992  
-----------------------------------------------------------------------------
Total 70 references                                 17530.128165

****************************************
Design: dss_v2_group_slot_decode 
****************************************
Reference          Library       Unit Area   Count    Total Area   Attributes
-----------------------------------------------------------------------------
BUFX20             slow          53.222401       1     53.222401  
INVX2              slow           9.979200       1      9.979200  
INVX4              slow          13.305600       2     26.611200  
INVX8              slow          19.958401       1     19.958401  
OR2X2              slow          13.305600       2     26.611200  
OR2X4              slow          19.958401       1     19.958401  
-----------------------------------------------------------------------------
Total 6 references                                    156.340803

****************************************
Design: recam_dss_g2x2_r_static_selector 
****************************************
Reference          Library       Unit Area   Count    Total Area   Attributes
-----------------------------------------------------------------------------
AND2X1             slow          13.305600       8    106.444801  
AND2X2             slow          13.305600      20    266.112003  
AND3X1             slow          16.632000       1     16.632000  
AND3X2             slow          16.632000       8    133.056000  
AND4X2             slow          19.958401       2     39.916801  
AOI21X1            slow          13.305600       1     13.305600  
AOI22X1            slow          16.632000      17    282.743999  
AOI211X1           slow          16.632000       3     49.896000  
INVX1              slow           6.652800      12     79.833601  
NAND2BX1           slow          13.305600      15    199.584002  
NAND2X1            slow           9.979200      24    239.500809  
NAND2XL            slow           9.979200      16    159.667206  
NAND3BX1           slow          16.632000       6     99.792000  
NAND3BXL           slow          16.632000       1     16.632000  
NAND3X1            slow          13.305600       8    106.444801  
NAND4BXL           slow          19.958401       7    139.708805  
NAND4X1            slow          16.632000       6     99.792000  
NAND4XL            slow          16.632000       1     16.632000  
NOR2BX1            slow          13.305600      11    146.361602  
NOR2X1             slow           9.979200       6     59.875202  
NOR3X1             slow          13.305600       4     53.222401  
NOR4BX1            slow          19.958401       6    119.750404  
OAI2BB1X1          slow          16.632000      16    266.112000  
OAI21XL            slow          13.305600       4     53.222401  
OAI211X1           slow          19.958401       2     39.916801  
OR2X2              slow          13.305600       1     13.305600  
OR4X2              slow          19.958401       1     19.958401  
XNOR2X1            slow          26.611200       4    106.444801  
-----------------------------------------------------------------------------
Total 28 references                                  2943.864042

****************************************
Design: recam_shared_config_analyzer_ROW_ADDR_W9_PHYS_COL_ADDR_W13_WORD_COL_ADDR_W5_HYBRID_LINE_ADDR_W13_HYBRID_ENTRIES7 
****************************************
Reference          Library       Unit Area   Count    Total Area   Attributes
-----------------------------------------------------------------------------
AND2X1             slow          13.305600       2     26.611200  
AND2X2             slow          13.305600      18    239.500803  
AND2X4             slow          16.632000       3     49.896000  
AND3X2             slow          16.632000      10    166.320000  
AND4X1             slow          19.958401       1     19.958401  
AND4X2             slow          19.958401      37    738.460827  
AND4X4             slow          36.590401      16    585.446411  
AOI2BB1X1          slow          16.632000       9    149.688000  
AOI2BB1X2          slow          23.284800       3     69.854399  
AOI2BB1X4          slow          36.590401       1     36.590401  
AOI2BB1XL          slow          16.632000       3     49.896000  
AOI2BB2X1          slow          23.284800      72   1676.505569  
AOI2BB2X2          slow          29.937599      15    449.063988  
AOI2BB2X4          slow          49.896000       4    199.584000  
AOI2BB2XL          slow          23.284800      11    256.132795  
AOI22X1            slow          16.632000       9    149.688000  
AOI31X1            slow          16.632000       1     16.632000  
AOI31X4            slow          29.937599       1     29.937599  
AOI33X1            slow          26.611200       2     53.222401  
AOI211X1           slow          16.632000       2     33.264000  
AOI211X2           slow          29.937599       1     29.937599  
AOI211X4           slow          33.264000       1     33.264000  
AOI221X1           slow          23.284800       4     93.139198  
AOI221X2           slow          39.916801       4    159.667206  
AOI221XL           slow          23.284800       2     46.569599  
AOI222X1           slow          26.611200      16    425.779205  
AOI222X2           slow          46.569599       6    279.417595  
AOI222X4           slow          39.916801       2     79.833603  
AOI222XL           slow          26.611200       1     26.611200  
BUFX1              slow          13.305600      34    452.390406  
BUFX3              slow          13.305600      50    665.280008  
BUFX4              slow          16.632000      18    299.375999  
BUFX8              slow          29.937599      24    718.502380  
BUFX12             slow          33.264000       9    299.375999  
BUFX16             slow          43.243198       3    129.729595  
BUFX20             slow          53.222401       8    425.779205  
CLKBUFX3           slow          13.305600       1     13.305600  
CLKBUFX4           slow          16.632000       1     16.632000  
CLKBUFX8           slow          23.284800       3     69.854399  
CLKINVX1           slow           9.979200       3     29.937601  
CLKINVX2           slow           9.979200       7     69.854403  
CLKINVX3           slow           9.979200     120   1197.504044  
CLKINVX4           slow          13.305600      12    159.667202  
CLKINVX8           slow          19.958401      15    299.376011  
CLKINVX12          slow          63.201599       4    252.806396  
CLKINVXL           slow           9.979200       7     69.854403  
INVX1              slow           6.652800     606   4031.596850  
INVX2              slow           9.979200      17    169.646406  
INVX3              slow          13.305600       5     66.528001  
INVX4              slow          13.305600      41    545.529607  
INVX8              slow          19.958401      32    638.668823  
INVX12             slow          43.243198       4    172.972794  
INVX20             slow          63.201599       2    126.403198  
INVXL              slow           6.652800     101    671.932808  
MX2X1              slow          26.611200     199   5295.628866  
MX2X2              slow          29.937599      10    299.375992  
MX2X4              slow          33.264000      15    498.959999  
MX2XL              slow          26.611200       1     26.611200  
MXI2X1             slow          23.284800     152   3539.289536  
MXI2X2             slow          26.611200      73   1942.617624  
MXI2X4             slow          46.569599      19    884.822384  
MXI2XL             slow          23.284800      54   1257.379177  
NAND2X1            slow           9.979200      34    339.292812  
NAND2X2            slow          16.632000       3     49.896000  
NAND2X4            slow          23.284800       5    116.423998  
NAND2XL            slow           9.979200       8     79.833603  
NAND3BX1           slow          16.632000       3     49.896000  
NAND3BX2           slow          26.611200       1     26.611200  
NAND3X1            slow          13.305600     171   2275.257628  
NAND3X2            slow          23.284800      19    442.411192  
NAND3X4            slow          33.264000      23    765.071999  
NAND3XL            slow          13.305600      20    266.112003  
NAND4BBX1          slow          26.611200       1     26.611200  
NAND4BBX4          slow          63.201599       1     63.201599  
NAND4BX1           slow          23.284800       1     23.284800  
NAND4BX2           slow          33.264000       1     33.264000  
NAND4BX4           slow          59.875198       3    179.625595  
NAND4BXL           slow          19.958401       4     79.833603  
NAND4X1            slow          16.632000     129   2145.527996  
NAND4X2            slow          29.937599      27    808.315178  
NAND4X4            slow          56.548801      23   1300.622433  
NAND4XL            slow          16.632000      18    299.375999  
NOR2BX1            slow          13.305600       1     13.305600  
NOR2BX2            slow          19.958401       1     19.958401  
NOR2X1             slow           9.979200      39    389.188814  
NOR2X2             slow          16.632000       7    116.424000  
NOR2X4             slow          23.284800      13    302.702394  
NOR2XL             slow           9.979200       1      9.979200  
NOR3X1             slow          13.305600       5     66.528001  
NOR3X4             slow          33.264000       6    199.584000  
NOR3XL             slow          13.305600       2     26.611200  
NOR4X1             slow          19.958401       1     19.958401  
NOR4X4             slow          56.548801       1     56.548801  
OAI2BB1X1          slow          16.632000      47    781.703999  
OAI2BB1X2          slow          23.284800      13    302.702394  
OAI2BB1X4          slow          33.264000      12    399.167999  
OAI2BB1XL          slow          16.632000       7    116.424000  
OAI21X2            slow          26.611200       2     53.222401  
OAI21X4            slow          36.590401       1     36.590401  
OAI22X1            slow          19.958401      48    958.003235  
OAI22X2            slow          29.937599      30    898.127975  
OAI22X4            slow          46.569599       7    325.987194  
OAI22XL            slow          19.958401      27    538.876820  
OAI31X2            slow          29.937599       2     59.875198  
OAI32X1            slow          23.284800       1     23.284800  
OAI211X1           slow          19.958401      11    219.542408  
OAI211X2           slow          33.264000       3     99.792000  
OAI211X4           slow          29.937599      10    299.375992  
OAI211XL           slow          19.958401       1     19.958401  
OAI221X2           slow          43.243198       1     43.243198  
OAI221X4           slow          36.590401       2     73.180801  
OAI221XL           slow          23.284800       2     46.569599  
OAI222X1           slow          29.937599       1     29.937599  
OAI222X2           slow          49.896000       1     49.896000  
OAI222X4           slow          39.916801       7    279.417610  
OAI222XL           slow          26.611200       3     79.833601  
OR2X1              slow          13.305600       7     93.139201  
OR2X2              slow          13.305600     205   2727.648034  
OR2X4              slow          19.958401      51   1017.878437  
OR2XL              slow          13.305600      19    252.806403  
OR3XL              slow          16.632000       4     66.528000  
OR4X2              slow          19.958401      48    958.003235  
OR4X4              slow          36.590401      34   1244.073624  
XNOR2X1            slow          26.611200      51   1357.171217  
XNOR2X2            slow          36.590401      11    402.494408  
XNOR2XL            slow          26.611200       5    133.056002  
XOR2X1             slow          26.611200     658  17510.169819  
XOR2X2             slow          33.264000      96   3193.343994  
XOR2X4             slow          56.548801      16    904.780823  
XOR2XL             slow          26.611200      82   2182.118427  
-----------------------------------------------------------------------------
Total 130 references                                79876.843815
1
