 
****************************************
Report : area
Design : recam_dss_l1x4_r_static_global_top
Version: W-2024.09-SP2
Date   : Thu Sep 24 03:24:15 2026
****************************************

Library(s) Used:

    slow (File: /cad/std_libraries/CBDK_TSMC018_Arm_f1.0/CIC/SynopsysDC/db/slow.db)

Number of ports:                          829
Number of nets:                          5553
Number of cells:                         4912
Number of combinational cells:           4757
Number of sequential cells:               121
Number of macros/black boxes:               0
Number of buf/inv:                       1485
Number of references:                       3

Combinational area:              90418.205571
Buf/Inv area:                    15550.920242
Noncombinational area:            6479.827282
Macro/Black Box area:                0.000000
Net Interconnect area:          534196.017548

Total cell area:                 96898.032853
Total area:                     631094.050400

Hierarchical area distribution
------------------------------

                                  Global cell area            Local cell area
                                  -------------------  ----------------------------- 
Hierarchical cell                 Absolute    Percent  Combi-      Noncombi-  Black-
                                  Total       Total    national    national   boxes   Design
--------------------------------  ----------  -------  ----------  ---------  ------  ---------------------------------------------------------------------------------
recam_dss_l1x4_r_static_global_top
                                  96898.0329    100.0     16.6320     0.0000  0.0000  recam_dss_l1x4_r_static_global_top
analyzer                          72665.2086     75.0  72665.2086     0.0000  0.0000  recam_shared_config_analyzer_ROW_ADDR_W9_COL_ADDR_W5_DIFF_ADDR_W9_HYBRID_ENTRIES7
core                              24216.1923     25.0   1729.7280  3286.4832  0.0000  recam_dss_l1x4_r_static_global_core
core/candidate_store              17639.8994     18.2  14446.5554  3193.3440  0.0000  dss_v2_group_candidate_store
core/collect_slot_decode             89.8128      0.1     89.8128     0.0000  0.0000  dss_v2_group_slot_decode
core/static_selector               1470.2688      1.5   1470.2688     0.0000  0.0000  recam_dss_l1x4_r_static_selector
--------------------------------  ----------  -------  ----------  ---------  ------  ---------------------------------------------------------------------------------
Total                                                  90418.2056  6479.8273  0.0000

1
