 
****************************************
Report : reference
Design : recam_dss_l1x4_r_static_global_top
Version: W-2024.09-SP2
Date   : Thu Sep 24 03:24:15 2026
****************************************

Attributes:
    b - black box (unknown)
   bo - allows boundary optimization
    d - dont_touch
   mo - map_only
    h - hierarchical
    n - noncombinational
    r - removable
    s - synthetic operator
    u - contains unmapped logic

Reference          Library       Unit Area   Count    Total Area   Attributes
-----------------------------------------------------------------------------
AND2X4             slow          16.632000       1     16.632000  
recam_dss_l1x4_r_static_global_core
                              24216.192269       1  24216.192269  h, n
recam_shared_config_analyzer_ROW_ADDR_W9_COL_ADDR_W5_DIFF_ADDR_W9_HYBRID_ENTRIES7
                              72665.208584       1  72665.208584  h
-----------------------------------------------------------------------------
Total 3 references                                  96898.032853

****************************************
Design: recam_dss_l1x4_r_static_global_core 
****************************************
Reference          Library       Unit Area   Count    Total Area   Attributes
-----------------------------------------------------------------------------
AND2X1             slow          13.305600       1     13.305600  
AND2X2             slow          13.305600       9    119.750401  
AOI21X1            slow          13.305600       2     26.611200  
AOI22X1            slow          16.632000      28    465.695999  
AOI22XL            slow          16.632000       4     66.528000  
BUFX3              slow          13.305600       2     26.611200  
DFFHQX4            slow          73.180801       2    146.361603  n
DFFHQXL            slow          53.222401      59   3140.121639  n
INVX1              slow           6.652800      68    452.390406  
INVXL              slow           6.652800       1      6.652800  
MXI2XL             slow          23.284800       2     46.569599  
NAND2X1            slow           9.979200       6     59.875202  
NAND4X1            slow          16.632000       1     16.632000  
NAND4XL            slow          16.632000       1     16.632000  
NOR2X1             slow           9.979200       5     49.896002  
OAI2BB1X1          slow          16.632000       5     83.160000  
OAI2BB1XL          slow          16.632000       7    116.424000  
OAI21XL            slow          13.305600       1     13.305600  
OAI31X1            slow          19.958401       1     19.958401  
OAI31X4            slow          29.937599       1     29.937599  
OAI32X1            slow          23.284800       2     46.569599  
OR2X2              slow          13.305600       3     39.916800  
OR2XL              slow          13.305600       1     13.305600  
dss_v2_group_candidate_store  17639.899403       1  17639.899403  h, n
dss_v2_group_slot_decode         89.812801       1     89.812801  h
recam_dss_l1x4_r_static_selector
                               1470.268813       1   1470.268813  h
-----------------------------------------------------------------------------
Total 26 references                                 24216.192269

****************************************
Design: dss_v2_group_candidate_store 
****************************************
Reference          Library       Unit Area   Count    Total Area   Attributes
-----------------------------------------------------------------------------
ADDFX1             slow          69.854401       2    139.708801  r
ADDFX2             slow          69.854401       5    349.272003  r
AND2X1             slow          13.305600       6     79.833601  
AND2X2             slow          13.305600      12    159.667202  
AND3X2             slow          16.632000       3     49.896000  
AND3X4             slow          19.958401       2     39.916801  
AND4X2             slow          19.958401      18    359.251213  
AOI2BB2X1          slow          23.284800      24    558.835190  
AOI2BB2XL          slow          23.284800       2     46.569599  
AOI21X1            slow          13.305600      18    239.500803  
AOI22X1            slow          16.632000      36    598.751999  
AOI22XL            slow          16.632000       4     66.528000  
AOI31X1            slow          16.632000      56    931.391998  
AOI221X1           slow          23.284800       1     23.284800  
AOI222X1           slow          26.611200      13    345.945604  
AOI222X2           slow          46.569599       1     46.569599  
AOI222X4           slow          39.916801       3    119.750404  
CLKINVX3           slow           9.979200      13    129.729605  
CLKINVX4           slow          13.305600      26    345.945604  
CLKINVX8           slow          19.958401      29    578.793621  
DFFHQXL            slow          53.222401      60   3193.344040  n
INVX1              slow           6.652800     111    738.460809  
INVX2              slow           9.979200      13    129.729605  
INVX3              slow          13.305600       5     66.528001  
INVX4              slow          13.305600      21    279.417603  
INVX8              slow          19.958401      16    319.334412  
INVX16             slow          56.548801       3    169.646404  
INVX20             slow          63.201599       2    126.403198  
INVXL              slow           6.652800      23    153.014402  
MXI2X1             slow          23.284800       1     23.284800  
NAND2X1            slow           9.979200       5     49.896002  
NAND2X2            slow          16.632000       2     33.264000  
NAND3X1            slow          13.305600      24    319.334404  
NAND3X2            slow          23.284800       1     23.284800  
NAND3XL            slow          13.305600       2     26.611200  
NAND4X1            slow          16.632000       4     66.528000  
NOR2X1             slow           9.979200       6     59.875202  
NOR2XL             slow           9.979200       2     19.958401  
NOR3BX4            slow          36.590401       1     36.590401  
NOR3X1             slow          13.305600       6     79.833601  
NOR3XL             slow          13.305600       2     26.611200  
OAI2BB1X1          slow          16.632000       7    116.424000  
OAI21XL            slow          13.305600       2     26.611200  
OAI22X1            slow          19.958401       2     39.916801  
OAI221X1           slow          26.611200       1     26.611200  
OAI222X1           slow          29.937599      28    838.252777  
OAI222X2           slow          49.896000       6    299.375999  
OAI222X4           slow          39.916801      24    958.003235  
OAI222XL           slow          26.611200      52   1383.782417  
OR2X2              slow          13.305600      96   1277.337616  
OR2X4              slow          19.958401      31    618.710423  
OR2XL              slow          13.305600       1     13.305600  
OR4X1              slow          19.958401       3     59.875202  
XOR2X1             slow          26.611200      13    345.945604  
XOR2XL             slow          26.611200       7    186.278402  
XOR3X2             slow          59.875198       5    299.375992  
-----------------------------------------------------------------------------
Total 56 references                                 17639.899403

****************************************
Design: dss_v2_group_slot_decode 
****************************************
Reference          Library       Unit Area   Count    Total Area   Attributes
-----------------------------------------------------------------------------
AND2X2             slow          13.305600       1     13.305600  
AND2X4             slow          16.632000       1     16.632000  
CLKINVX3           slow           9.979200       2     19.958401  
INVX2              slow           9.979200       1      9.979200  
OAI2BB1X1          slow          16.632000       1     16.632000  
OR2XL              slow          13.305600       1     13.305600  
-----------------------------------------------------------------------------
Total 6 references                                     89.812801

****************************************
Design: recam_dss_l1x4_r_static_selector 
****************************************
Reference          Library       Unit Area   Count    Total Area   Attributes
-----------------------------------------------------------------------------
AND2X2             slow          13.305600      11    146.361602  
AND3X2             slow          16.632000      11    182.952000  
AND4X2             slow          19.958401       2     39.916801  
AOI22X1            slow          16.632000      13    216.216000  
AOI22XL            slow          16.632000       3     49.896000  
INVX1              slow           6.652800      14     93.139201  
NAND2X1            slow           9.979200       9     89.812803  
NAND3BX1           slow          16.632000       1     16.632000  
NAND3X1            slow          13.305600      14    186.278402  
NAND4BXL           slow          19.958401       1     19.958401  
NAND4X1            slow          16.632000       7    116.424000  
NOR2BX1            slow          13.305600       6     79.833601  
NOR2X1             slow           9.979200       2     19.958401  
NOR3X1             slow          13.305600       1     13.305600  
NOR4BX1            slow          19.958401       1     19.958401  
OAI2BB1X1          slow          16.632000       6     99.792000  
OAI2BB1XL          slow          16.632000       2     33.264000  
OAI21XL            slow          13.305600       2     26.611200  
OAI211X1           slow          19.958401       1     19.958401  
-----------------------------------------------------------------------------
Total 19 references                                  1470.268813

****************************************
Design: recam_shared_config_analyzer_ROW_ADDR_W9_COL_ADDR_W5_DIFF_ADDR_W9_HYBRID_ENTRIES7 
****************************************
Reference          Library       Unit Area   Count    Total Area   Attributes
-----------------------------------------------------------------------------
AND2X1             slow          13.305600      10    133.056002  
AND2X2             slow          13.305600      23    306.028804  
AND2X4             slow          16.632000       7    116.424000  
AND3X1             slow          16.632000       2     33.264000  
AND3X2             slow          16.632000      16    266.112000  
AND3X4             slow          19.958401       7    139.708805  
AND4X1             slow          19.958401       6    119.750404  
AND4X2             slow          19.958401      48    958.003235  
AND4X4             slow          36.590401      24    878.169617  
AOI2BB1X1          slow          16.632000       3     49.896000  
AOI2BB1X2          slow          23.284800       5    116.423998  
AOI2BB1X4          slow          36.590401       2     73.180801  
AOI2BB2X1          slow          23.284800      36    838.252785  
AOI2BB2X2          slow          29.937599       9    269.438393  
AOI2BB2X4          slow          49.896000       2     99.792000  
AOI2BB2XL          slow          23.284800       4     93.139198  
AOI22X1            slow          16.632000       6     99.792000  
AOI31X1            slow          16.632000       1     16.632000  
AOI31X2            slow          29.937599       4    119.750397  
AOI31X4            slow          29.937599       3     89.812798  
AOI32X1            slow          23.284800       1     23.284800  
AOI32X2            slow          36.590401       2     73.180801  
AOI33X1            slow          26.611200       2     53.222401  
AOI211X1           slow          16.632000       6     99.792000  
AOI211X4           slow          33.264000       1     33.264000  
AOI211XL           slow          16.632000       1     16.632000  
AOI221X1           slow          23.284800       7    162.993597  
AOI221X2           slow          39.916801       2     79.833603  
AOI221X4           slow          36.590401       7    256.132805  
AOI222X1           slow          26.611200      29    771.724810  
AOI222X2           slow          46.569599       6    279.417595  
AOI222X4           slow          39.916801       1     39.916801  
AOI222XL           slow          26.611200       1     26.611200  
BUFX1              slow          13.305600      12    159.667202  
BUFX3              slow          13.305600      37    492.307206  
BUFX4              slow          16.632000      14    232.848000  
BUFX8              slow          29.937599      21    628.689583  
BUFX12             slow          33.264000       4    133.056000  
BUFX16             slow          43.243198       2     86.486397  
BUFX20             slow          53.222401       8    425.779205  
CLKBUFX2           slow          13.305600       1     13.305600  
CLKBUFX3           slow          13.305600       2     26.611200  
CLKBUFX4           slow          16.632000       1     16.632000  
CLKBUFX8           slow          23.284800      11    256.132795  
CLKINVX1           slow           9.979200       1      9.979200  
CLKINVX2           slow           9.979200       5     49.896002  
CLKINVX3           slow           9.979200     148   1476.921654  
CLKINVX4           slow          13.305600      11    146.361602  
CLKINVX8           slow          19.958401      27    538.876820  
CLKINVXL           slow           9.979200      20    199.584007  
DLY1X1             slow          19.958401       3     59.875202  
INVX1              slow           6.652800     544   3619.123245  
INVX2              slow           9.979200      33    329.313612  
INVX3              slow          13.305600       6     79.833601  
INVX4              slow          13.305600      66    878.169611  
INVX8              slow          19.958401      39    778.377628  
INVX12             slow          43.243198       7    302.702389  
INVX16             slow          56.548801       1     56.548801  
INVX20             slow          63.201599       3    189.604797  
INVXL              slow           6.652800     108    718.502409  
MX2X1              slow          26.611200      80   2128.896027  
MX2X2              slow          29.937599      10    299.375992  
MX2X4              slow          33.264000      12    399.167999  
MX2XL              slow          26.611200       1     26.611200  
MXI2X1             slow          23.284800      72   1676.505569  
MXI2X2             slow          26.611200      69   1836.172823  
MXI2X4             slow          46.569599      30   1397.087975  
MXI2XL             slow          23.284800      91   2118.916761  
NAND2BX1           slow          13.305600       3     39.916800  
NAND2BX2           slow          19.958401       1     19.958401  
NAND2BX4           slow          26.611200       2     53.222401  
NAND2X1            slow           9.979200      40    399.168015  
NAND2X2            slow          16.632000       6     99.792000  
NAND2X4            slow          23.284800      10    232.847996  
NAND2XL            slow           9.979200       6     59.875202  
NAND3BX1           slow          16.632000       1     16.632000  
NAND3BX2           slow          26.611200       1     26.611200  
NAND3BX4           slow          36.590401       2     73.180801  
NAND3X1            slow          13.305600     159   2115.590426  
NAND3X2            slow          23.284800      26    605.404789  
NAND3X4            slow          33.264000      24    798.335999  
NAND3XL            slow          13.305600      34    452.390406  
NAND4BX4           slow          59.875198       6    359.251190  
NAND4BXL           slow          19.958401       1     19.958401  
NAND4X1            slow          16.632000      75   1247.399998  
NAND4X2            slow          29.937599      28    838.252777  
NAND4X4            slow          56.548801      20   1130.976028  
NAND4XL            slow          16.632000      21    349.271999  
NOR2X1             slow           9.979200      29    289.396811  
NOR2X2             slow          16.632000      11    182.952000  
NOR2X4             slow          23.284800      22    512.265591  
NOR2XL             slow           9.979200       3     29.937601  
NOR3BX4            slow          36.590401       1     36.590401  
NOR3X2             slow          23.284800       2     46.569599  
NOR3XL             slow          13.305600       3     39.916800  
NOR4X1             slow          19.958401       1     19.958401  
NOR4X2             slow          29.937599       3     89.812798  
OAI2BB1X1          slow          16.632000      44    731.807999  
OAI2BB1X2          slow          23.284800      22    512.265591  
OAI2BB1X4          slow          33.264000      25    831.599998  
OAI2BB1XL          slow          16.632000       6     99.792000  
OAI21X2            slow          26.611200       1     26.611200  
OAI21X4            slow          36.590401       1     36.590401  
OAI22X1            slow          19.958401      31    618.710423  
OAI22X2            slow          29.937599      25    748.439980  
OAI22X4            slow          46.569599       3    139.708797  
OAI22XL            slow          19.958401       4     79.833603  
OAI31X2            slow          29.937599       6    179.625595  
OAI31X4            slow          29.937599       1     29.937599  
OAI32X1            slow          23.284800       1     23.284800  
OAI32X4            slow          33.264000       5    166.320000  
OAI211X1           slow          19.958401       4     79.833603  
OAI211X2           slow          33.264000      10    332.639999  
OAI211X4           slow          29.937599      18    538.876785  
OAI211XL           slow          19.958401       2     39.916801  
OAI221X2           slow          43.243198       3    129.729595  
OAI221X4           slow          36.590401       4    146.361603  
OAI221XL           slow          23.284800       3     69.854399  
OAI222X2           slow          49.896000       4    199.584000  
OAI222X4           slow          39.916801       5    199.584007  
OAI222XL           slow          26.611200       1     26.611200  
OR2X1              slow          13.305600       9    119.750401  
OR2X2              slow          13.305600     242   3219.955240  
OR2X4              slow          19.958401      85   1696.464062  
OR2XL              slow          13.305600      48    638.668808  
OR3X4              slow          29.937599       3     89.812798  
OR3XL              slow          16.632000       2     33.264000  
OR4X1              slow          19.958401       4     79.833603  
OR4X2              slow          19.958401      57   1137.628841  
OR4X4              slow          36.590401      20    731.808014  
XNOR2X1            slow          26.611200      50   1330.560017  
XNOR2X2            slow          36.590401       6    219.542404  
XNOR2X4            slow          56.548801       7    395.841610  
XNOR2XL            slow          26.611200       4    106.444801  
XOR2X1             slow          26.611200     385  10245.312128  
XOR2X2             slow          33.264000      99   3293.135994  
XOR2X4             slow          56.548801      51   2883.988873  
XOR2XL             slow          26.611200      62   1649.894421  
XOR3X4             slow          99.792000       1     99.792000  
-----------------------------------------------------------------------------
Total 139 references                                72665.208584
1
