 
****************************************
Report : area
Design : recam_2r2c_pattern_analyzer
Version: W-2024.09-SP2
Date   : Wed Sep  9 17:05:44 2026
****************************************

Library(s) Used:

    slow (File: /cad/std_libraries/CBDK_TSMC018_Arm_f1.0/CIC/SynopsysDC/db/slow.db)

Number of ports:                           23
Number of nets:                            28
Number of cells:                           11
Number of combinational cells:             11
Number of sequential cells:                 0
Number of macros/black boxes:               0
Number of buf/inv:                          2
Number of references:                       6

Combinational area:                166.320005
Buf/Inv area:                       13.305600
Noncombinational area:               0.000000
Macro/Black Box area:                0.000000
Net Interconnect area:            1773.342224

Total cell area:                   166.320005
Total area:                       1939.662230

Hierarchical area distribution
------------------------------

                                  Global cell area          Local cell area
                                  ------------------  --------------------------- 
Hierarchical cell                 Absolute   Percent  Combi-    Noncombi-  Black-
                                  Total      Total    national  national   boxes   Design
--------------------------------  ---------  -------  --------  ---------  ------  ---------
recam_2r2c_pattern_analyzer        166.3200    100.0  166.3200     0.0000  0.0000  recam_2r2c_pattern_analyzer
--------------------------------  ---------  -------  --------  ---------  ------  ---------
Total                                                 166.3200     0.0000  0.0000

1
