 
****************************************
Report : qor
Design : recam_2r2c_pattern_analyzer
Version: W-2024.09-SP2
Date   : Wed Sep  9 17:05:44 2026
****************************************


  Timing Path Group 'recam_boundary_clk'
  -----------------------------------
  Levels of Logic:               2.00
  Critical Path Length:          1.73
  Critical Path Slack:          18.27
  Critical Path Clk Period:     20.00
  Total Negative Slack:          0.00
  No. of Violating Paths:        0.00
  Worst Hold Violation:          0.00
  Total Hold Violation:          0.00
  No. of Hold Violations:        0.00
  -----------------------------------


  Cell Count
  -----------------------------------
  Hierarchical Cell Count:          0
  Hierarchical Port Count:          0
  Leaf Cell Count:                 11
  Buf/Inv Cell Count:               2
  Buf Cell Count:                   0
  Inv Cell Count:                   2
  CT Buf/Inv Cell Count:            0
  Combinational Cell Count:        11
  Sequential Cell Count:            0
  Macro Count:                      0
  -----------------------------------


  Area
  -----------------------------------
  Combinational Area:      166.320005
  Noncombinational Area:     0.000000
  Buf/Inv Area:             13.305600
  Total Buffer Area:             0.00
  Total Inverter Area:          13.31
  Macro/Black Box Area:      0.000000
  Net Area:               1773.342224
  -----------------------------------
  Cell Area:               166.320005
  Design Area:            1939.662230


  Design Rules
  -----------------------------------
  Total Number of Nets:            28
  Nets With Violations:             0
  Max Trans Violations:             0
  Max Cap Violations:               0
  -----------------------------------


  Hostname: Kaohsiung

  Compile CPU Statistics
  -----------------------------------------
  Resource Sharing:                    0.13
  Logic Optimization:                  0.01
  Mapping Optimization:                0.13
  -----------------------------------------
  Overall Compile Time:                0.80
  Overall Compile Wall Clock Time:     1.06

  --------------------------------------------------------------------

  Design  WNS: 0.00  TNS: 0.00  Number of Violating Paths: 0


  Design (Hold)  WNS: 0.00  TNS: 0.00  Number of Violating Paths: 0

  --------------------------------------------------------------------


1
