 
****************************************
Report : reference
Design : recam_2r2c_pattern_analyzer
Version: W-2024.09-SP2
Date   : Wed Sep  9 17:05:44 2026
****************************************

Attributes:
    b - black box (unknown)
   bo - allows boundary optimization
    d - dont_touch
   mo - map_only
    h - hierarchical
    n - noncombinational
    r - removable
    s - synthetic operator
    u - contains unmapped logic

Reference          Library       Unit Area   Count    Total Area   Attributes
-----------------------------------------------------------------------------
INVX1              slow           6.652800       2     13.305600  
NAND2BX1           slow          13.305600       1     13.305600  
NAND2X1            slow           9.979200       1      9.979200  
NOR2X1             slow           9.979200       1      9.979200  
NOR4BX1            slow          19.958401       3     59.875202  
NOR4X1             slow          19.958401       3     59.875202  
-----------------------------------------------------------------------------
Total 6 references                                    166.320005
1
