 
****************************************
Report : timing
        -path full
        -delay max
        -max_paths 10
Design : recam_2r2c_pattern_analyzer
Version: W-2024.09-SP2
Date   : Wed Sep  9 17:05:44 2026
****************************************

Operating Conditions: slow   Library: slow
Wire Load Model Mode: top

  Startpoint: matrix_flat_i[5]
              (input port clocked by recam_boundary_clk)
  Endpoint: candidate_valid_o[5]
            (output port clocked by recam_boundary_clk)
  Path Group: recam_boundary_clk
  Path Type: max

  Des/Clust/Port     Wire Load Model       Library
  ------------------------------------------------
  recam_2r2c_pattern_analyzer
                     tsmc18_wl10           slow

  Point                                    Incr       Path
  -----------------------------------------------------------
  clock recam_boundary_clk (rise edge)     0.00       0.00
  clock network delay (ideal)              0.00       0.00
  input external delay                     0.00       0.00 f
  matrix_flat_i[5] (in)                    0.00       0.00 f
  U20/Y (NOR2X1)                           0.56       0.56 r
  U13/Y (NOR4BX1)                          1.17       1.73 r
  candidate_valid_o[5] (out)               0.00       1.73 r
  data arrival time                                   1.73

  clock recam_boundary_clk (rise edge)    20.00      20.00
  clock network delay (ideal)              0.00      20.00
  output external delay                    0.00      20.00
  data required time                                 20.00
  -----------------------------------------------------------
  data required time                                 20.00
  data arrival time                                  -1.73
  -----------------------------------------------------------
  slack (MET)                                        18.27


  Startpoint: matrix_flat_i[5]
              (input port clocked by recam_boundary_clk)
  Endpoint: candidate_valid_o[2]
            (output port clocked by recam_boundary_clk)
  Path Group: recam_boundary_clk
  Path Type: max

  Des/Clust/Port     Wire Load Model       Library
  ------------------------------------------------
  recam_2r2c_pattern_analyzer
                     tsmc18_wl10           slow

  Point                                    Incr       Path
  -----------------------------------------------------------
  clock recam_boundary_clk (rise edge)     0.00       0.00
  clock network delay (ideal)              0.00       0.00
  input external delay                     0.00       0.00 f
  matrix_flat_i[5] (in)                    0.00       0.00 f
  U20/Y (NOR2X1)                           0.56       0.56 r
  U18/Y (NOR4BX1)                          1.17       1.73 r
  candidate_valid_o[2] (out)               0.00       1.73 r
  data arrival time                                   1.73

  clock recam_boundary_clk (rise edge)    20.00      20.00
  clock network delay (ideal)              0.00      20.00
  output external delay                    0.00      20.00
  data required time                                 20.00
  -----------------------------------------------------------
  data required time                                 20.00
  data arrival time                                  -1.73
  -----------------------------------------------------------
  slack (MET)                                        18.27


  Startpoint: matrix_flat_i[5]
              (input port clocked by recam_boundary_clk)
  Endpoint: candidate_valid_o[1]
            (output port clocked by recam_boundary_clk)
  Path Group: recam_boundary_clk
  Path Type: max

  Des/Clust/Port     Wire Load Model       Library
  ------------------------------------------------
  recam_2r2c_pattern_analyzer
                     tsmc18_wl10           slow

  Point                                    Incr       Path
  -----------------------------------------------------------
  clock recam_boundary_clk (rise edge)     0.00       0.00
  clock network delay (ideal)              0.00       0.00
  input external delay                     0.00       0.00 f
  matrix_flat_i[5] (in)                    0.00       0.00 f
  U20/Y (NOR2X1)                           0.56       0.56 r
  U19/Y (NOR4BX1)                          1.17       1.73 r
  candidate_valid_o[1] (out)               0.00       1.73 r
  data arrival time                                   1.73

  clock recam_boundary_clk (rise edge)    20.00      20.00
  clock network delay (ideal)              0.00      20.00
  output external delay                    0.00      20.00
  data required time                                 20.00
  -----------------------------------------------------------
  data required time                                 20.00
  data arrival time                                  -1.73
  -----------------------------------------------------------
  slack (MET)                                        18.27


  Startpoint: cam_overflow_i
              (input port clocked by recam_boundary_clk)
  Endpoint: candidate_valid_o[4]
            (output port clocked by recam_boundary_clk)
  Path Group: recam_boundary_clk
  Path Type: max

  Des/Clust/Port     Wire Load Model       Library
  ------------------------------------------------
  recam_2r2c_pattern_analyzer
                     tsmc18_wl10           slow

  Point                                    Incr       Path
  -----------------------------------------------------------
  clock recam_boundary_clk (rise edge)     0.00       0.00
  clock network delay (ideal)              0.00       0.00
  input external delay                     0.00       0.00 f
  cam_overflow_i (in)                      0.00       0.00 f
  U23/Y (INVX1)                            0.35       0.35 r
  U16/Y (NAND2X1)                          0.26       0.61 f
  U14/Y (NOR4X1)                           1.09       1.70 r
  candidate_valid_o[4] (out)               0.00       1.70 r
  data arrival time                                   1.70

  clock recam_boundary_clk (rise edge)    20.00      20.00
  clock network delay (ideal)              0.00      20.00
  output external delay                    0.00      20.00
  data required time                                 20.00
  -----------------------------------------------------------
  data required time                                 20.00
  data arrival time                                  -1.70
  -----------------------------------------------------------
  slack (MET)                                        18.30


  Startpoint: cam_overflow_i
              (input port clocked by recam_boundary_clk)
  Endpoint: candidate_valid_o[3]
            (output port clocked by recam_boundary_clk)
  Path Group: recam_boundary_clk
  Path Type: max

  Des/Clust/Port     Wire Load Model       Library
  ------------------------------------------------
  recam_2r2c_pattern_analyzer
                     tsmc18_wl10           slow

  Point                                    Incr       Path
  -----------------------------------------------------------
  clock recam_boundary_clk (rise edge)     0.00       0.00
  clock network delay (ideal)              0.00       0.00
  input external delay                     0.00       0.00 f
  cam_overflow_i (in)                      0.00       0.00 f
  U23/Y (INVX1)                            0.35       0.35 r
  U16/Y (NAND2X1)                          0.26       0.61 f
  U15/Y (NOR4X1)                           1.02       1.63 r
  candidate_valid_o[3] (out)               0.00       1.63 r
  data arrival time                                   1.63

  clock recam_boundary_clk (rise edge)    20.00      20.00
  clock network delay (ideal)              0.00      20.00
  output external delay                    0.00      20.00
  data required time                                 20.00
  -----------------------------------------------------------
  data required time                                 20.00
  data arrival time                                  -1.63
  -----------------------------------------------------------
  slack (MET)                                        18.37


  Startpoint: cam_overflow_i
              (input port clocked by recam_boundary_clk)
  Endpoint: candidate_valid_o[0]
            (output port clocked by recam_boundary_clk)
  Path Group: recam_boundary_clk
  Path Type: max

  Des/Clust/Port     Wire Load Model       Library
  ------------------------------------------------
  recam_2r2c_pattern_analyzer
                     tsmc18_wl10           slow

  Point                                    Incr       Path
  -----------------------------------------------------------
  clock recam_boundary_clk (rise edge)     0.00       0.00
  clock network delay (ideal)              0.00       0.00
  input external delay                     0.00       0.00 f
  cam_overflow_i (in)                      0.00       0.00 f
  U23/Y (INVX1)                            0.35       0.35 r
  U22/Y (NAND2BX1)                         0.16       0.51 f
  U21/Y (NOR4X1)                           1.00       1.51 r
  candidate_valid_o[0] (out)               0.00       1.51 r
  data arrival time                                   1.51

  clock recam_boundary_clk (rise edge)    20.00      20.00
  clock network delay (ideal)              0.00      20.00
  output external delay                    0.00      20.00
  data required time                                 20.00
  -----------------------------------------------------------
  data required time                                 20.00
  data arrival time                                  -1.51
  -----------------------------------------------------------
  slack (MET)                                        18.49


1
