 
****************************************
Report : timing
        -path full
        -delay max
        -max_paths 10
Design : recam_2r2c_pattern_encoder
Version: W-2024.09-SP2
Date   : Thu Sep 10 03:32:17 2026
****************************************

Operating Conditions: slow   Library: slow
Wire Load Model Mode: top

  Startpoint: candidate_valid_i[1]
              (input port clocked by recam_boundary_clk)
  Endpoint: repairable_o
            (output port clocked by recam_boundary_clk)
  Path Group: recam_boundary_clk
  Path Type: max

  Des/Clust/Port     Wire Load Model       Library
  ------------------------------------------------
  recam_2r2c_pattern_encoder
                     tsmc18_wl10           slow

  Point                                    Incr       Path
  -----------------------------------------------------------
  clock recam_boundary_clk (rise edge)     0.00       0.00
  clock network delay (ideal)              0.00       0.00
  input external delay                     0.00       0.00 f
  candidate_valid_i[1] (in)                0.00       0.00 f
  U27/Y (NOR2X1)                           0.91       0.91 r
  U26/Y (AOI21X1)                          0.50       1.41 f
  U19/Y (OAI21XL)                          0.33       1.74 r
  U18/Y (OAI2BB1X1)                        0.16       1.90 f
  U17/Y (NAND2X1)                          0.29       2.19 r
  U15/Y (NAND3X1)                          0.45       2.64 f
  repairable_o (out)                       0.00       2.64 f
  data arrival time                                   2.64

  clock recam_boundary_clk (rise edge)    20.00      20.00
  clock network delay (ideal)              0.00      20.00
  output external delay                    0.00      20.00
  data required time                                 20.00
  -----------------------------------------------------------
  data required time                                 20.00
  data arrival time                                  -2.64
  -----------------------------------------------------------
  slack (MET)                                        17.36


  Startpoint: candidate_valid_i[1]
              (input port clocked by recam_boundary_clk)
  Endpoint: pattern_id_o[2]
            (output port clocked by recam_boundary_clk)
  Path Group: recam_boundary_clk
  Path Type: max

  Des/Clust/Port     Wire Load Model       Library
  ------------------------------------------------
  recam_2r2c_pattern_encoder
                     tsmc18_wl10           slow

  Point                                    Incr       Path
  -----------------------------------------------------------
  clock recam_boundary_clk (rise edge)     0.00       0.00
  clock network delay (ideal)              0.00       0.00
  input external delay                     0.00       0.00 f
  candidate_valid_i[1] (in)                0.00       0.00 f
  U27/Y (NOR2X1)                           0.91       0.91 r
  U26/Y (AOI21X1)                          0.50       1.41 f
  U19/Y (OAI21XL)                          0.33       1.74 r
  U18/Y (OAI2BB1X1)                        0.16       1.90 f
  U17/Y (NAND2X1)                          0.29       2.19 r
  U16/Y (INVX1)                            0.34       2.53 f
  pattern_id_o[2] (out)                    0.00       2.53 f
  data arrival time                                   2.53

  clock recam_boundary_clk (rise edge)    20.00      20.00
  clock network delay (ideal)              0.00      20.00
  output external delay                    0.00      20.00
  data required time                                 20.00
  -----------------------------------------------------------
  data required time                                 20.00
  data arrival time                                  -2.53
  -----------------------------------------------------------
  slack (MET)                                        17.47


  Startpoint: candidate_valid_i[1]
              (input port clocked by recam_boundary_clk)
  Endpoint: pattern_id_o[0]
            (output port clocked by recam_boundary_clk)
  Path Group: recam_boundary_clk
  Path Type: max

  Des/Clust/Port     Wire Load Model       Library
  ------------------------------------------------
  recam_2r2c_pattern_encoder
                     tsmc18_wl10           slow

  Point                                    Incr       Path
  -----------------------------------------------------------
  clock recam_boundary_clk (rise edge)     0.00       0.00
  clock network delay (ideal)              0.00       0.00
  input external delay                     0.00       0.00 f
  candidate_valid_i[1] (in)                0.00       0.00 f
  U27/Y (NOR2X1)                           0.91       0.91 r
  U26/Y (AOI21X1)                          0.50       1.41 f
  U25/Y (AOI31X1)                          0.33       1.74 r
  U24/Y (OAI21XL)                          0.57       2.32 f
  pattern_id_o[0] (out)                    0.00       2.32 f
  data arrival time                                   2.32

  clock recam_boundary_clk (rise edge)    20.00      20.00
  clock network delay (ideal)              0.00      20.00
  output external delay                    0.00      20.00
  data required time                                 20.00
  -----------------------------------------------------------
  data required time                                 20.00
  data arrival time                                  -2.32
  -----------------------------------------------------------
  slack (MET)                                        17.68


  Startpoint: candidate_valid_i[1]
              (input port clocked by recam_boundary_clk)
  Endpoint: pattern_id_o[1]
            (output port clocked by recam_boundary_clk)
  Path Group: recam_boundary_clk
  Path Type: max

  Des/Clust/Port     Wire Load Model       Library
  ------------------------------------------------
  recam_2r2c_pattern_encoder
                     tsmc18_wl10           slow

  Point                                    Incr       Path
  -----------------------------------------------------------
  clock recam_boundary_clk (rise edge)     0.00       0.00
  clock network delay (ideal)              0.00       0.00
  input external delay                     0.00       0.00 f
  candidate_valid_i[1] (in)                0.00       0.00 f
  U27/Y (NOR2X1)                           0.91       0.91 r
  U26/Y (AOI21X1)                          0.50       1.41 f
  U22/Y (INVX1)                            0.26       1.67 r
  U21/Y (AOI21X1)                          0.31       1.99 f
  pattern_id_o[1] (out)                    0.00       1.99 f
  data arrival time                                   1.99

  clock recam_boundary_clk (rise edge)    20.00      20.00
  clock network delay (ideal)              0.00      20.00
  output external delay                    0.00      20.00
  data required time                                 20.00
  -----------------------------------------------------------
  data required time                                 20.00
  data arrival time                                  -1.99
  -----------------------------------------------------------
  slack (MET)                                        18.01


1
