 
****************************************
Report : area
Design : recam_phase3d_integrated_top
Version: W-2024.09-SP2
Date   : Thu Sep 10 11:54:08 2026
****************************************

Library(s) Used:

    slow (File: /cad/std_libraries/CBDK_TSMC018_Arm_f1.0/CIC/SynopsysDC/db/slow.db)

Number of ports:                          884
Number of nets:                          4624
Number of cells:                         3787
Number of combinational cells:           3699
Number of sequential cells:                85
Number of macros/black boxes:               0
Number of buf/inv:                       1172
Number of references:                       2

Combinational area:              69006.168598
Buf/Inv area:                    10854.043369
Noncombinational area:            4527.230457
Macro/Black Box area:                0.000000
Net Interconnect area:          402268.683472

Total cell area:                 73533.399055
Total area:                     475802.082527

Hierarchical area distribution
------------------------------

                                  Global cell area            Local cell area
                                  -------------------  ----------------------------- 
Hierarchical cell                 Absolute    Percent  Combi-      Noncombi-  Black-
                                  Total       Total    national    national   boxes   Design
--------------------------------  ----------  -------  ----------  ---------  ------  --------------------------------------------------------------------------------------
recam_phase3d_integrated_top      73533.3991    100.0      0.0000     0.0000  0.0000  recam_phase3d_integrated_top
early_selector                      967.9824      1.3    967.9824     0.0000  0.0000  recam_early_solution_selector
role_aware_scheduler              72565.4166     98.7   2491.4736  4527.2305  0.0000  recam_role_aware_config_scheduler_ROW_ADDR_W9_COL_ADDR_W5_DIFF_ADDR_W9_HYBRID_ENTRIES7
role_aware_scheduler/shared_analyzer
                                  65546.7126     89.1  65546.7126     0.0000  0.0000  recam_shared_config_analyzer_ROW_ADDR_W9_COL_ADDR_W5_DIFF_ADDR_W9_HYBRID_ENTRIES7
--------------------------------  ----------  -------  ----------  ---------  ------  --------------------------------------------------------------------------------------
Total                                                  69006.1686  4527.2305  0.0000

1
