Information: Updating design information... (UID-85)

Information: Checking generated_clocks...

Information: Checking loops...

Information: Checking no_input_delay...

Information: Checking unconstrained_endpoints...

Warning: The following end-points are not constrained for maximum delay.

End point
---------------
busy_o
current_config_id_o[0]
current_config_id_o[1]
current_config_id_o[2]
done_o
early_solution_valid_o
role_aware_scheduler/busy_o_reg/D
role_aware_scheduler/config_pattern_map_o_reg[0]/D
role_aware_scheduler/config_pattern_map_o_reg[1]/D
role_aware_scheduler/config_pattern_map_o_reg[2]/D
role_aware_scheduler/config_pattern_map_o_reg[3]/D
role_aware_scheduler/config_pattern_map_o_reg[4]/D
role_aware_scheduler/config_pattern_map_o_reg[5]/D
role_aware_scheduler/config_pattern_map_o_reg[6]/D
role_aware_scheduler/config_pattern_map_o_reg[7]/D
role_aware_scheduler/config_pattern_map_o_reg[8]/D
role_aware_scheduler/config_pattern_map_o_reg[9]/D
role_aware_scheduler/config_pattern_map_o_reg[10]/D
role_aware_scheduler/config_pattern_map_o_reg[11]/D
role_aware_scheduler/config_pattern_map_o_reg[12]/D
role_aware_scheduler/config_pattern_map_o_reg[13]/D
role_aware_scheduler/config_pattern_map_o_reg[14]/D
role_aware_scheduler/config_pattern_map_o_reg[15]/D
role_aware_scheduler/config_pattern_map_o_reg[16]/D
role_aware_scheduler/config_pattern_map_o_reg[17]/D
role_aware_scheduler/config_pattern_map_o_reg[18]/D
role_aware_scheduler/config_pattern_map_o_reg[19]/D
role_aware_scheduler/config_pattern_map_o_reg[20]/D
role_aware_scheduler/config_pattern_map_o_reg[21]/D
role_aware_scheduler/config_pattern_map_o_reg[22]/D
role_aware_scheduler/config_pattern_map_o_reg[23]/D
role_aware_scheduler/config_pattern_map_o_reg[24]/D
role_aware_scheduler/config_pattern_map_o_reg[25]/D
role_aware_scheduler/config_pattern_map_o_reg[26]/D
role_aware_scheduler/config_pattern_map_o_reg[27]/D
role_aware_scheduler/config_pattern_map_o_reg[28]/D
role_aware_scheduler/config_pattern_map_o_reg[29]/D
role_aware_scheduler/config_pattern_map_o_reg[30]/D
role_aware_scheduler/config_pattern_map_o_reg[31]/D
role_aware_scheduler/config_pattern_map_o_reg[32]/D
role_aware_scheduler/config_pattern_map_o_reg[33]/D
role_aware_scheduler/config_pattern_map_o_reg[34]/D
role_aware_scheduler/config_pattern_map_o_reg[35]/D
role_aware_scheduler/config_pattern_map_o_reg[36]/D
role_aware_scheduler/config_pattern_map_o_reg[37]/D
role_aware_scheduler/config_pattern_map_o_reg[38]/D
role_aware_scheduler/config_pattern_map_o_reg[39]/D
role_aware_scheduler/config_pattern_map_o_reg[40]/D
role_aware_scheduler/config_pattern_map_o_reg[41]/D
role_aware_scheduler/config_pattern_map_o_reg[42]/D
role_aware_scheduler/config_pattern_map_o_reg[43]/D
role_aware_scheduler/config_pattern_map_o_reg[44]/D
role_aware_scheduler/config_pattern_map_o_reg[45]/D
role_aware_scheduler/config_pattern_map_o_reg[46]/D
role_aware_scheduler/config_pattern_map_o_reg[47]/D
role_aware_scheduler/config_pattern_map_o_reg[48]/D
role_aware_scheduler/config_pattern_map_o_reg[49]/D
role_aware_scheduler/config_pattern_map_o_reg[50]/D
role_aware_scheduler/config_pattern_map_o_reg[51]/D
role_aware_scheduler/config_pattern_map_o_reg[52]/D
role_aware_scheduler/config_pattern_map_o_reg[53]/D
role_aware_scheduler/config_pattern_map_o_reg[54]/D
role_aware_scheduler/config_pattern_map_o_reg[55]/D
role_aware_scheduler/config_pattern_map_o_reg[56]/D
role_aware_scheduler/config_pattern_map_o_reg[57]/D
role_aware_scheduler/config_pattern_map_o_reg[58]/D
role_aware_scheduler/config_pattern_map_o_reg[59]/D
role_aware_scheduler/config_pattern_map_o_reg[60]/D
role_aware_scheduler/config_pattern_map_o_reg[61]/D
role_aware_scheduler/config_pattern_map_o_reg[62]/D
role_aware_scheduler/config_pattern_map_o_reg[63]/D
role_aware_scheduler/config_pattern_map_o_reg[64]/D
role_aware_scheduler/config_pattern_map_o_reg[65]/D
role_aware_scheduler/config_pattern_map_o_reg[66]/D
role_aware_scheduler/config_pattern_map_o_reg[67]/D
role_aware_scheduler/config_pattern_map_o_reg[68]/D
role_aware_scheduler/config_pattern_map_o_reg[69]/D
role_aware_scheduler/config_pattern_map_o_reg[70]/D
role_aware_scheduler/config_pattern_map_o_reg[71]/D
role_aware_scheduler/config_pattern_map_o_reg[72]/D
role_aware_scheduler/config_pattern_map_o_reg[73]/D
role_aware_scheduler/config_pattern_map_o_reg[74]/D
role_aware_scheduler/config_pattern_map_o_reg[75]/D
role_aware_scheduler/config_pattern_map_o_reg[76]/D
role_aware_scheduler/config_pattern_map_o_reg[77]/D
role_aware_scheduler/config_pattern_map_o_reg[78]/D
role_aware_scheduler/config_pattern_map_o_reg[79]/D
role_aware_scheduler/done_o_reg/D
role_aware_scheduler/sa_role_reg_reg/D
role_aware_scheduler/scan_index_reg_reg[0]/D
role_aware_scheduler/scan_index_reg_reg[1]/D
selected_candidate_valid_o[0]
selected_candidate_valid_o[1]
selected_candidate_valid_o[2]
selected_candidate_valid_o[3]
selected_candidate_valid_o[4]
selected_candidate_valid_o[5]
selected_candidate_valid_o[6]
selected_candidate_valid_o[7]
selected_candidate_valid_o[8]
selected_candidate_valid_o[9]
selected_config_id_o[0]
selected_config_id_o[1]
selected_config_id_o[2]
selected_map_index_o[0]
selected_map_index_o[1]
selected_pattern_id_o[0]
selected_pattern_id_o[1]
selected_pattern_id_o[2]
selected_pattern_id_o[3]
selected_repairable_o

Information: Checking pulse_clock_cell_type...

Information: Checking no_driving_cell...

Information: Checking partial_input_delay...
1
