 
****************************************
Report : qor
Design : recam_phase3d_integrated_top
Version: W-2024.09-SP2
Date   : Thu Sep 10 11:54:08 2026
****************************************


  Timing Path Group 'recam_boundary_clk'
  -----------------------------------
  Levels of Logic:              79.00
  Critical Path Length:         20.00
  Critical Path Slack:           0.00
  Critical Path Clk Period:     20.00
  Total Negative Slack:          0.00
  No. of Violating Paths:        0.00
  Worst Hold Violation:          0.00
  Total Hold Violation:          0.00
  No. of Hold Violations:        0.00
  -----------------------------------


  Cell Count
  -----------------------------------
  Hierarchical Cell Count:          3
  Hierarchical Port Count:        634
  Leaf Cell Count:               3784
  Buf/Inv Cell Count:            1172
  Buf Cell Count:                  88
  Inv Cell Count:                1084
  CT Buf/Inv Cell Count:            0
  Combinational Cell Count:      3699
  Sequential Cell Count:           85
  Macro Count:                      0
  -----------------------------------


  Area
  -----------------------------------
  Combinational Area:    69006.168598
  Noncombinational Area:  4527.230457
  Buf/Inv Area:          10854.043369
  Total Buffer Area:          1816.21
  Total Inverter Area:        9037.83
  Macro/Black Box Area:      0.000000
  Net Area:             402268.683472
  -----------------------------------
  Cell Area:             73533.399055
  Design Area:          475802.082527


  Design Rules
  -----------------------------------
  Total Number of Nets:          3993
  Nets With Violations:             0
  Max Trans Violations:             0
  Max Cap Violations:               0
  -----------------------------------


  Hostname: Kaohsiung

  Compile CPU Statistics
  -----------------------------------------
  Resource Sharing:                    2.41
  Logic Optimization:                 18.08
  Mapping Optimization:                7.14
  -----------------------------------------
  Overall Compile Time:               33.79
  Overall Compile Wall Clock Time:    34.10

  --------------------------------------------------------------------

  Design  WNS: 0.00  TNS: 0.00  Number of Violating Paths: 0


  Design (Hold)  WNS: 0.00  TNS: 0.00  Number of Violating Paths: 0

  --------------------------------------------------------------------


1
