 
****************************************
Report : area
Design : dss_analyzer_top_PARALLEL_ORIENTATION0
Version: W-2024.09-SP2
Date   : Wed Sep  9 14:47:15 2026
****************************************

Library(s) Used:

    slow (File: /cad/std_libraries/CBDK_TSMC018_Arm_f1.0/CIC/SynopsysDC/db/slow.db)

Number of ports:                        22216
Number of nets:                         68787
Number of cells:                        49214
Number of combinational cells:          38605
Number of sequential cells:             10418
Number of macros/black boxes:               0
Number of buf/inv:                      11845
Number of references:                      30

Combinational area:             887387.058884
Buf/Inv area:                   361802.550763
Noncombinational area:          815616.661102
Macro/Black Box area:                0.000000
Net Interconnect area:         5703862.036438

Total cell area:               1703003.719986
Total area:                    7406865.756424

Hierarchical area distribution
------------------------------

                                  Global cell area               Local cell area
                                  ---------------------  -------------------------------- 
Hierarchical cell                 Absolute      Percent  Combi-       Noncombi-    Black-
                                  Total         Total    national     national     boxes   Design
--------------------------------  ------------  -------  -----------  -----------  ------  ------------------------------------------------------------------------------------------------------------------------------
dss_analyzer_top_PARALLEL_ORIENTATION0
                                  1703003.7200    100.0   38240.2947  182519.5690  0.0000  dss_analyzer_top_PARALLEL_ORIENTATION0
collector                          167820.2090      9.9    4221.2017     292.7232  0.0000  shared_fault_collector_ROW_W10_COL_W10_MAX_FAULTS12_MAX_K5_NUM_CFG7_HYBRID_SHARED_ENTRIES14_CAM_REUSE_ENTRIES12
collector/counters                  53219.0744      3.1   26800.8050   26418.2693  0.0000  shared_fault_counter_ENTRY_NUM12_ROW_W10_COL_W10_COUNT_W4
collector/hybrids                   58145.4729      3.4   20896.4450   37249.0279  0.0000  tagged_hybrid_store_ENTRY_NUM14_FAULT_REF_W4_ROW_W10_COL_W10_PIVOT_PTR_W3_NUM_CFG7
collector/pivots                    12943.0226      0.8    4966.3152    7976.7074  0.0000  shared_pivot_cam_ROW_W10_COL_W10_MAX_K5_NUM_CFG7
collector/reuse                     38998.7142      2.3   14044.0610   24954.6533  0.0000  cam_reuse_temp_buffer_ENTRY_NUM12_ROW_W10_COL_W10_NUM_CFG7
early                               20533.8675      1.2    4540.5360    3745.5265  0.0000  multi_config_early_selector_NUM_SA4_NUM_CFG7_PATTERN_ID_W4_SHARED_ROWS1_SHARED_COLS1_MAX_BORROWS3
early/g_candidate[0].ledger          1749.6864      0.1      39.9168       0.0000  0.0000  physical_resource_ledger_RS2_CS2_SHARED_ROWS1_SHARED_COLS1_MAX_BORROWS3_SPARE_WIDTH3_7
early/g_candidate[0].ledger/directional_rules
                                     1709.7696      0.1    1709.7696       0.0000  0.0000  resource_tracker_RS2_CS2_SHARED_ROWS1_SHARED_COLS1_MAX_BORROWS3_TOPOLOGY1_SPARE_WIDTH3_7
early/g_candidate[1].ledger          1749.6864      0.1      39.9168       0.0000  0.0000  physical_resource_ledger_RS2_CS2_SHARED_ROWS1_SHARED_COLS1_MAX_BORROWS3_SPARE_WIDTH3_6
early/g_candidate[1].ledger/directional_rules
                                     1709.7696      0.1    1709.7696       0.0000  0.0000  resource_tracker_RS2_CS2_SHARED_ROWS1_SHARED_COLS1_MAX_BORROWS3_TOPOLOGY1_SPARE_WIDTH3_6
early/g_candidate[2].ledger          1749.6864      0.1      39.9168       0.0000  0.0000  physical_resource_ledger_RS2_CS2_SHARED_ROWS1_SHARED_COLS1_MAX_BORROWS3_SPARE_WIDTH3_5
early/g_candidate[2].ledger/directional_rules
                                     1709.7696      0.1    1709.7696       0.0000  0.0000  resource_tracker_RS2_CS2_SHARED_ROWS1_SHARED_COLS1_MAX_BORROWS3_TOPOLOGY1_SPARE_WIDTH3_5
early/g_candidate[3].ledger          1749.6864      0.1      39.9168       0.0000  0.0000  physical_resource_ledger_RS2_CS2_SHARED_ROWS1_SHARED_COLS1_MAX_BORROWS3_SPARE_WIDTH3_4
early/g_candidate[3].ledger/directional_rules
                                     1709.7696      0.1    1709.7696       0.0000  0.0000  resource_tracker_RS2_CS2_SHARED_ROWS1_SHARED_COLS1_MAX_BORROWS3_TOPOLOGY1_SPARE_WIDTH3_4
early/g_candidate[4].ledger          1749.6864      0.1      39.9168       0.0000  0.0000  physical_resource_ledger_RS2_CS2_SHARED_ROWS1_SHARED_COLS1_MAX_BORROWS3_SPARE_WIDTH3_3
early/g_candidate[4].ledger/directional_rules
                                     1709.7696      0.1    1709.7696       0.0000  0.0000  resource_tracker_RS2_CS2_SHARED_ROWS1_SHARED_COLS1_MAX_BORROWS3_TOPOLOGY1_SPARE_WIDTH3_3
early/g_candidate[5].ledger          1749.6864      0.1      39.9168       0.0000  0.0000  physical_resource_ledger_RS2_CS2_SHARED_ROWS1_SHARED_COLS1_MAX_BORROWS3_SPARE_WIDTH3_2
early/g_candidate[5].ledger/directional_rules
                                     1709.7696      0.1    1709.7696       0.0000  0.0000  resource_tracker_RS2_CS2_SHARED_ROWS1_SHARED_COLS1_MAX_BORROWS3_TOPOLOGY1_SPARE_WIDTH3_2
early/g_candidate[6].ledger          1749.6864      0.1      39.9168       0.0000  0.0000  physical_resource_ledger_RS2_CS2_SHARED_ROWS1_SHARED_COLS1_MAX_BORROWS3_SPARE_WIDTH3_1
early/g_candidate[6].ledger/directional_rules
                                     1709.7696      0.1    1709.7696       0.0000  0.0000  resource_tracker_RS2_CS2_SHARED_ROWS1_SHARED_COLS1_MAX_BORROWS3_TOPOLOGY1_SPARE_WIDTH3_1
final_decode                       216741.5729     12.7   80582.0403   32565.4566  0.0000  repair_decode_area_engine_NUM_SA4_MAX_K5_NUM_CFG7_ENTRY_NUM14_ROW_W10_COL_W10_PATTERN_ID_W4
final_decode/decoder               103594.0760      6.1  103594.0760       0.0000  0.0000  repair_decode_with_hybrid_MAX_K5_NUM_CFG7_ENTRY_NUM14_ROW_W10_COL_W10_PATTERN_ID_W4
final_ledger                         3186.6912      0.2      39.9168       0.0000  0.0000  physical_resource_ledger_SHARED_ROWS1_SHARED_COLS1_MAX_BORROWS3_SPARE_WIDTH3
final_ledger/directional_rules       3146.7744      0.2    3146.7744       0.0000  0.0000  resource_tracker_RS2_CS2_SHARED_ROWS1_SHARED_COLS1_MAX_BORROWS3_TOPOLOGY1_SPARE_WIDTH3_8
g_area_orientation.analyzers       242348.2011     14.2   46047.3554   51486.0202  0.0000  multi_config_analyzer_area_engine_MAX_K5_NUM_CFG7_HYBRID_ENTRY_NUM14_ADDR_W10_PATTERN_ID_W4
g_area_orientation.analyzers/analyzer
                                   105104.2623      6.2  105104.2623       0.0000  0.0000  config_candidate_evaluator_MAX_K5_HYBRID_ENTRY_NUM14_ROW_W10_COL_W10_CANDIDATE_W4
g_area_orientation.analyzers/view   39710.5632      2.3   39710.5632       0.0000  0.0000  config_logical_view_MAX_K5_NUM_CFG7_HYBRID_ENTRY_NUM14_ADDR_W10_PTR_W3
g_selected_resource[0].resource_decode
                                      126.4032      0.0     126.4032       0.0000  0.0000  config_resource_decode_3
g_selected_resource[1].resource_decode
                                      126.4032      0.0     126.4032       0.0000  0.0000  config_resource_decode_2
g_selected_resource[2].resource_decode
                                      126.4032      0.0     126.4032       0.0000  0.0000  config_resource_decode_1
g_selected_resource[3].resource_decode
                                      126.4032      0.0     126.4032       0.0000  0.0000  config_resource_decode_0
group_search                        14516.4097      0.9    6130.5552    5372.1361  0.0000  multi_config_group_selector_NUM_SA4_NUM_CFG7_PATTERN_ID_W4_SHARED_ROWS1_SHARED_COLS1_MAX_BORROWS3
group_search/add_73                   632.0160      0.0     632.0160       0.0000  0.0000  multi_config_group_selector_NUM_SA4_NUM_CFG7_PATTERN_ID_W4_SHARED_ROWS1_SHARED_COLS1_MAX_BORROWS3_DW01_inc_1_DW01_inc_99
group_search/add_74_S2                632.0160      0.0     632.0160       0.0000  0.0000  multi_config_group_selector_NUM_SA4_NUM_CFG7_PATTERN_ID_W4_SHARED_ROWS1_SHARED_COLS1_MAX_BORROWS3_DW01_inc_0_DW01_inc_98
group_search/ledger                  1749.6864      0.1      39.9168       0.0000  0.0000  physical_resource_ledger_RS2_CS2_SHARED_ROWS1_SHARED_COLS1_MAX_BORROWS3_SPARE_WIDTH3_0
group_search/ledger/directional_rules
                                     1709.7696      0.1    1709.7696       0.0000  0.0000  resource_tracker_RS2_CS2_SHARED_ROWS1_SHARED_COLS1_MAX_BORROWS3_TOPOLOGY1_SPARE_WIDTH3_0
hybrid_delta                       282311.5711     16.6  130680.9506  151630.6205  0.0000  hybrid_delta_bank_NUM_SA4_NUM_CFG7_MAX_K5_ENTRY_NUM14_ROW_W10_COL_W10
must_view                           48498.9126      2.8   48498.9126       0.0000  0.0000  config_must_view_MAX_K5_NUM_CFG7_ENTRY_NUM12_ROW_W10_COL_W10_COUNT_W4
pending                            472571.6738     27.7  189654.6956  282916.9782  0.0000  pending_repair_buffer_NUM_SA4_MAX_K5_ROW_W10_COL_W10_PATTERN_ID_W4_CAM_REUSE_ENTRIES12_CAM_REUSE_W27_NUM_CFG7_HYBRID_ENTRIES14
result_bank                         13209.1345      0.8    4720.1616    8488.9730  0.0000  config_result_bank_NUM_SA4_NUM_CFG7_PATTERN_ID_W4
--------------------------------  ------------  -------  -----------  -----------  ------  ------------------------------------------------------------------------------------------------------------------------------
Total                                                    887387.0589  815616.6611  0.0000

1
