Loading db file '/cad/std_libraries/CBDK_TSMC018_Arm_f1.0/CIC/SynopsysDC/db/slow.db'
Information: Propagating switching activity (low effort zero delay simulation). (PWR-6)
Warning: Design has unannotated primary inputs. (PWR-414)
Warning: Design has unannotated sequential cell outputs. (PWR-415)
 
****************************************
Report : power
        -analysis_effort low
Design : dss_analyzer_top_PARALLEL_ORIENTATION0
Version: W-2024.09-SP2
Date   : Wed Sep  9 14:47:18 2026
****************************************


Library(s) Used:

    slow (File: /cad/std_libraries/CBDK_TSMC018_Arm_f1.0/CIC/SynopsysDC/db/slow.db)


Operating Conditions: slow   Library: slow
Wire Load Model Mode: top

Design        Wire Load Model            Library
------------------------------------------------
dss_analyzer_top_PARALLEL_ORIENTATION0
                       tsmc18_wl10       slow


Global Operating Voltage = 1.62 
Power-specific unit information :
    Voltage Units = 1V
    Capacitance Units = 1.000000pf
    Time Units = 1ns
    Dynamic Power Units = 1mW    (derived from V,C,T units)
    Leakage Power Units = 1pW


Attributes
----------
i - Including register clock pin internal power


  Cell Internal Power  =  76.2674 mW   (78%)
  Net Switching Power  =  21.8221 mW   (22%)
                         ---------
Total Dynamic Power    =  98.0896 mW  (100%)

Cell Leakage Power     =  79.8818 uW


                 Internal         Switching           Leakage            Total
Power Group      Power            Power               Power              Power   (   %    )  Attrs
--------------------------------------------------------------------------------------------------
io_pad             0.0000            0.0000            0.0000            0.0000  (   0.00%)
memory             0.0000            0.0000            0.0000            0.0000  (   0.00%)
black_box          0.0000            0.0000            0.0000            0.0000  (   0.00%)
clock_network     73.3920           20.0527        6.6438e+06           93.4515  (  95.19%)  i
register           0.7750        6.6472e-02        3.8065e+07            0.8795  (   0.90%)
sequential         0.0000            0.0000            0.0000            0.0000  (   0.00%)
combinational      2.1038            1.7029        3.5173e+07            3.8419  (   3.91%)
--------------------------------------------------------------------------------------------------
Total             76.2707 mW        21.8221 mW     7.9882e+07 pW        98.1728 mW
1
