 
****************************************
Report : qor
Design : dss_analyzer_top_PARALLEL_ORIENTATION0
Version: W-2024.09-SP2
Date   : Wed Sep  9 14:47:18 2026
****************************************


  Timing Path Group 'clk'
  -----------------------------------
  Levels of Logic:             272.00
  Critical Path Length:        189.71
  Critical Path Slack:        -169.97
  Critical Path Clk Period:     20.00
  Total Negative Slack:     -54129.51
  No. of Violating Paths:      820.00
  Worst Hold Violation:          0.00
  Total Hold Violation:          0.00
  No. of Hold Violations:        0.00
  -----------------------------------


  Cell Count
  -----------------------------------
  Hierarchical Cell Count:         40
  Hierarchical Port Count:      21429
  Leaf Cell Count:              49023
  Buf/Inv Cell Count:           11845
  Buf Cell Count:                  42
  Inv Cell Count:               11803
  CT Buf/Inv Cell Count:         1153
  Combinational Cell Count:     38605
  Sequential Cell Count:        10418
  Macro Count:                      0
  -----------------------------------


  Area
  -----------------------------------
  Combinational Area:   887387.058884
  Noncombinational Area:
                        815616.661102
  Buf/Inv Area:         361802.550763
  Total Buffer Area:           558.84
  Total Inverter Area:      361243.72
  Macro/Black Box Area:      0.000000
  Net Area:            5703862.036438
  -----------------------------------
  Cell Area:           1703003.719986
  Design Area:         7406865.756424


  Design Rules
  -----------------------------------
  Total Number of Nets:         49306
  Nets With Violations:          2291
  Max Trans Violations:           292
  Max Cap Violations:            2105
  Max Fanout Violations:         2202
  -----------------------------------


  Hostname: Kaohsiung

  Compile CPU Statistics
  -----------------------------------------
  Resource Sharing:                   35.72
  Logic Optimization:                 74.96
  Mapping Optimization:                2.79
  -----------------------------------------
  Overall Compile Time:              122.71
  Overall Compile Wall Clock Time:   124.69

  --------------------------------------------------------------------

  Design  WNS: 169.97  TNS: 54129.51  Number of Violating Paths: 820


  Design (Hold)  WNS: 0.00  TNS: 0.00  Number of Violating Paths: 0

  --------------------------------------------------------------------


1
