 
****************************************
Report : area
Design : recam_dss_l1x4_r_static_global_live_state_top
Version: W-2024.09-SP2
Date   : Tue Sep 29 16:59:43 2026
****************************************

Library(s) Used:

    slow (File: /cad/std_libraries/CBDK_TSMC018_Arm_f1.0/CIC/SynopsysDC/db/slow.db)

Number of ports:                         1795
Number of nets:                          8502
Number of cells:                         7201
Number of combinational cells:           6600
Number of sequential cells:               566
Number of macros/black boxes:               0
Number of buf/inv:                       1954
Number of references:                       7

Combinational area:             119604.039754
Buf/Inv area:                    19073.577819
Noncombinational area:           31590.821510
Macro/Black Box area:                0.000000
Net Interconnect area:          818304.148376

Total cell area:                151194.861265
Total area:                     969499.009641

Hierarchical area distribution
------------------------------

                                  Global cell area              Local cell area
                                  --------------------  ------------------------------- 
Hierarchical cell                 Absolute     Percent  Combi-       Noncombi-   Black-
                                  Total        Total    national     national    boxes   Design
--------------------------------  -----------  -------  -----------  ----------  ------  ----------------------------------------------------------------------------------------------------------------
recam_dss_l1x4_r_static_global_live_state_top
                                  151194.8613    100.0     103.1184      0.0000  0.0000  recam_dss_l1x4_r_static_global_live_state_top
analyzer                           81210.7302     53.7   81210.7302      0.0000  0.0000  recam_shared_config_analyzer_ROW_ADDR_W9_PHYS_COL_ADDR_W13_WORD_COL_ADDR_W5_HYBRID_LINE_ADDR_W13_HYBRID_ENTRIES7
core                               25357.1474     16.8    2388.3552   3516.0048  0.0000  recam_dss_l1x4_r_static_global_live_state_core
core/candidate_store               17839.4834     11.8   14646.1393   3193.3440  0.0000  dss_v2_group_candidate_store
core/slot_decode                     103.1184      0.1     103.1184      0.0000  0.0000  dss_v2_group_slot_decode
core/static_selector                1510.1856      1.0    1510.1856      0.0000  0.0000  recam_dss_l1x4_r_static_selector
pivot_address_regs                 44523.8652     29.4   19642.3926  24881.4726  0.0000  dss_group_pivot_address_regs_ROW_ADDR_W9_PHYS_COL_ADDR_W13
--------------------------------  -----------  -------  -----------  ----------  ------  ----------------------------------------------------------------------------------------------------------------
Total                                                   119604.0398  31590.8215  0.0000

1
