 
****************************************
Report : qor
Design : recam_dss_l1x4_r_static_global_live_state_top
Version: W-2024.09-SP2
Date   : Tue Sep 29 16:59:43 2026
****************************************


  Timing Path Group 'recam_clk'
  -----------------------------------
  Levels of Logic:             107.00
  Critical Path Length:         24.73
  Critical Path Slack:           0.00
  Critical Path Clk Period:     25.00
  Total Negative Slack:          0.00
  No. of Violating Paths:        0.00
  Worst Hold Violation:          0.00
  Total Hold Violation:          0.00
  No. of Hold Violations:        0.00
  -----------------------------------


  Cell Count
  -----------------------------------
  Hierarchical Cell Count:          6
  Hierarchical Port Count:       1079
  Leaf Cell Count:               7166
  Buf/Inv Cell Count:            1954
  Buf Cell Count:                 217
  Inv Cell Count:                1737
  CT Buf/Inv Cell Count:            0
  Combinational Cell Count:      6600
  Sequential Cell Count:          566
  Macro Count:                      0
  -----------------------------------


  Area
  -----------------------------------
  Combinational Area:   119604.039754
  Noncombinational Area: 31590.821510
  Buf/Inv Area:          19073.577819
  Total Buffer Area:          4347.60
  Total Inverter Area:       14725.97
  Macro/Black Box Area:      0.000000
  Net Area:             818304.148376
  -----------------------------------
  Cell Area:            151194.861265
  Design Area:          969499.009641


  Design Rules
  -----------------------------------
  Total Number of Nets:          7479
  Nets With Violations:             0
  Max Trans Violations:             0
  Max Cap Violations:               0
  -----------------------------------


  Hostname: Kaohsiung

  Compile CPU Statistics
  -----------------------------------------
  Resource Sharing:                    3.89
  Logic Optimization:                 24.07
  Mapping Optimization:               11.13
  -----------------------------------------
  Overall Compile Time:               45.63
  Overall Compile Wall Clock Time:    46.02

  --------------------------------------------------------------------

  Design  WNS: 0.00  TNS: 0.00  Number of Violating Paths: 0


  Design (Hold)  WNS: 0.00  TNS: 0.00  Number of Violating Paths: 0

  --------------------------------------------------------------------


1
