 
****************************************
Report : reference
Design : recam_dss_l1x4_r_static_global_live_state_top
Version: W-2024.09-SP2
Date   : Tue Sep 29 16:59:43 2026
****************************************

Attributes:
    b - black box (unknown)
   bo - allows boundary optimization
    d - dont_touch
   mo - map_only
    h - hierarchical
    n - noncombinational
    r - removable
    s - synthetic operator
    u - contains unmapped logic

Reference          Library       Unit Area   Count    Total Area   Attributes
-----------------------------------------------------------------------------
AND2X4             slow          16.632000       1     16.632000  
AND3X2             slow          16.632000       1     16.632000  
AOI31XL            slow          16.632000       1     16.632000  
XNOR2X1            slow          26.611200       2     53.222401  
dss_group_pivot_address_regs_ROW_ADDR_W9_PHYS_COL_ADDR_W13
                              44523.865184       1  44523.865184  h, n
recam_dss_l1x4_r_static_global_live_state_core
                              25357.147443       1  25357.147443  h, n
recam_shared_config_analyzer_ROW_ADDR_W9_PHYS_COL_ADDR_W13_WORD_COL_ADDR_W5_HYBRID_LINE_ADDR_W13_HYBRID_ENTRIES7
                              81210.730237       1  81210.730237  h
-----------------------------------------------------------------------------
Total 7 references                                  151194.861265

****************************************
Design: dss_group_pivot_address_regs_ROW_ADDR_W9_PHYS_COL_ADDR_W13 
****************************************
Reference          Library       Unit Area   Count    Total Area   Attributes
-----------------------------------------------------------------------------
AND2X2             slow          13.305600       7     93.139201  
AOI2BB1X1          slow          16.632000       1     16.632000  
AOI2BB1XL          slow          16.632000       2     33.264000  
AOI2BB2X1          slow          23.284800       4     93.139198  
AOI21X1            slow          13.305600      14    186.278402  
AOI21XL            slow          13.305600       1     13.305600  
AOI22X1            slow          16.632000       5     83.160000  
AOI22XL            slow          16.632000       7    116.424000  
AOI32X1            slow          23.284800       3     69.854399  
AOI33X1            slow          26.611200       4    106.444801  
AOI222X1           slow          26.611200       1     26.611200  
BUFX1              slow          13.305600      16    212.889603  
BUFX3              slow          13.305600      21    279.417603  
DFFXL              slow          56.548801     440  24881.472626  n
INVX1              slow           6.652800     400   2661.120033  
INVXL              slow           6.652800       5     33.264000  
NAND2BX1           slow          13.305600       4     53.222401  
NAND2X1            slow           9.979200      35    349.272013  
NAND2XL            slow           9.979200      12    119.750404  
NAND3X1            slow          13.305600      13    172.972802  
NOR2BX1            slow          13.305600       8    106.444801  
NOR2X1             slow           9.979200      20    199.584007  
NOR2XL             slow           9.979200      83    828.273630  
NOR3X1             slow          13.305600       1     13.305600  
NOR3XL             slow          13.305600       4     53.222401  
OAI2BB1X1          slow          16.632000       1     16.632000  
OAI21XL            slow          13.305600      10    133.056002  
OAI22X1            slow          19.958401     440   8781.696320  
OAI22XL            slow          19.958401     180   3592.512131  
OAI31X1            slow          19.958401       4     79.833603  
OAI32X1            slow          23.284800       9    209.563196  
OAI33X1            slow          26.611200       4    106.444801  
OAI221XL           slow          23.284800       7    162.993597  
XNOR2X1            slow          26.611200       1     26.611200  
XNOR2XL            slow          26.611200       3     79.833601  
XOR2X1             slow          26.611200      20    532.224007  
-----------------------------------------------------------------------------
Total 36 references                                 44523.865184

****************************************
Design: recam_dss_l1x4_r_static_global_live_state_core 
****************************************
Reference          Library       Unit Area   Count    Total Area   Attributes
-----------------------------------------------------------------------------
AND2X2             slow          13.305600       9    119.750401  
AND3X2             slow          16.632000       1     16.632000  
AOI2BB1X1          slow          16.632000       1     16.632000  
AOI21X1            slow          13.305600       5     66.528001  
AOI22X1            slow          16.632000      23    382.535999  
AOI22XL            slow          16.632000       9    149.688000  
AOI31X1            slow          16.632000       5     83.160000  
AOI211X1           slow          16.632000       1     16.632000  
BUFX1              slow          13.305600       3     39.916800  
BUFX3              slow          13.305600       1     13.305600  
BUFX4              slow          16.632000       1     16.632000  
BUFX8              slow          29.937599       2     59.875198  
DFFHQX1            slow          53.222401       1     53.222401  n
DFFHQXL            slow          53.222401      64   3406.233643  n
DFFXL              slow          56.548801       1     56.548801  n
INVX1              slow           6.652800      68    452.390406  
INVXL              slow           6.652800       2     13.305600  
MXI2XL             slow          23.284800       1     23.284800  
NAND2X1            slow           9.979200       5     49.896002  
NAND2XL            slow           9.979200       1      9.979200  
NAND3BX1           slow          16.632000       1     16.632000  
NAND3X1            slow          13.305600       6     79.833601  
NOR2X1             slow           9.979200       4     39.916801  
NOR3X1             slow          13.305600       1     13.305600  
OAI2BB1X1          slow          16.632000      12    199.584000  
OAI2BB2X1          slow          23.284800       6    139.708797  
OAI21XL            slow          13.305600       7     93.139201  
OAI22X1            slow          19.958401       1     19.958401  
OAI31X1            slow          19.958401       1     19.958401  
OAI32X1            slow          23.284800       3     69.854399  
OAI211X1           slow          19.958401       1     19.958401  
OR2X2              slow          13.305600       2     26.611200  
OR2XL              slow          13.305600       1     13.305600  
XNOR2X1            slow          26.611200       2     53.222401  
XOR2X1             slow          26.611200       2     53.222401  
dss_v2_group_candidate_store  17839.483371       1  17839.483371  h, n
dss_v2_group_slot_decode        103.118403       1    103.118403  h
recam_dss_l1x4_r_static_selector
                               1510.185614       1   1510.185614  h
-----------------------------------------------------------------------------
Total 38 references                                 25357.147443

****************************************
Design: dss_v2_group_candidate_store 
****************************************
Reference          Library       Unit Area   Count    Total Area   Attributes
-----------------------------------------------------------------------------
ADDFX1             slow          69.854401       3    209.563202  r
ADDFX2             slow          69.854401       4    279.417603  r
AND2X1             slow          13.305600       6     79.833601  
AND2X2             slow          13.305600     167   2222.035228  
AND3X1             slow          16.632000       3     49.896000  
AND3X4             slow          19.958401       2     39.916801  
AND4X2             slow          19.958401      18    359.251213  
AOI2BB2X1          slow          23.284800      25    582.119989  
AOI2BB2XL          slow          23.284800       3     69.854399  
AOI21X1            slow          13.305600      18    239.500803  
AOI22X1            slow          16.632000      35    582.119999  
AOI22XL            slow          16.632000       5     83.160000  
AOI31X1            slow          16.632000      56    931.391998  
AOI221X1           slow          23.284800       1     23.284800  
AOI222X1           slow          26.611200      16    425.779205  
BUFX3              slow          13.305600       6     79.833601  
BUFX8              slow          29.937599       8    239.500793  
CLKINVX3           slow           9.979200       2     19.958401  
CLKINVX4           slow          13.305600      13    172.972802  
CLKINVX8           slow          19.958401      11    219.542408  
DFFHQXL            slow          53.222401      60   3193.344040  n
INVX1              slow           6.652800     159   1057.795213  
INVX2              slow           9.979200       8     79.833603  
INVX3              slow          13.305600       2     26.611200  
INVX4              slow          13.305600      14    186.278402  
INVX8              slow          19.958401      15    299.376011  
INVX12             slow          43.243198       6    259.459190  
INVX16             slow          56.548801       2    113.097603  
INVX20             slow          63.201599       1     63.201599  
INVXL              slow           6.652800      13     86.486401  
MXI2X1             slow          23.284800       1     23.284800  
NAND2X1            slow           9.979200       6     59.875202  
NAND2XL            slow           9.979200       3     29.937601  
NAND3X1            slow          13.305600      27    359.251204  
NAND3X2            slow          23.284800       2     46.569599  
NAND3XL            slow          13.305600       1     13.305600  
NAND4BBX1          slow          26.611200       1     26.611200  
NAND4BBX2          slow          36.590401       1     36.590401  
NAND4X1            slow          16.632000       4     66.528000  
NOR2X1             slow           9.979200       5     49.896002  
NOR2XL             slow           9.979200       3     29.937601  
NOR3X1             slow          13.305600       6     79.833601  
NOR3XL             slow          13.305600       4     53.222401  
OAI2BB1X1          slow          16.632000       7    116.424000  
OAI21X1            slow          16.632000       1     16.632000  
OAI21XL            slow          13.305600       1     13.305600  
OAI22X1            slow          19.958401       2     39.916801  
OAI221X1           slow          26.611200       1     26.611200  
OAI222X1           slow          29.937599      19    568.814384  
OAI222XL           slow          26.611200      36    958.003212  
OR2X2              slow          13.305600      71    944.697612  
OR2X4              slow          19.958401       1     19.958401  
OR2XL              slow          13.305600       3     39.916800  
OR4X1              slow          19.958401       3     59.875202  
OR4X2              slow          19.958401      51   1017.878437  
OR4X4              slow          36.590401       1     36.590401  
XOR2X1             slow          26.611200      14    372.556805  
XOR2XL             slow          26.611200       6    159.667202  
XOR3X2             slow          59.875198       5    299.375992  
-----------------------------------------------------------------------------
Total 59 references                                 17839.483371

****************************************
Design: dss_v2_group_slot_decode 
****************************************
Reference          Library       Unit Area   Count    Total Area   Attributes
-----------------------------------------------------------------------------
CLKINVX3           slow           9.979200       1      9.979200  
CLKINVX8           slow          19.958401       1     19.958401  
INVX1              slow           6.652800       1      6.652800  
INVX8              slow          19.958401       1     19.958401  
OR2X2              slow          13.305600       1     13.305600  
OR2X4              slow          19.958401       1     19.958401  
OR2XL              slow          13.305600       1     13.305600  
-----------------------------------------------------------------------------
Total 7 references                                    103.118403

****************************************
Design: recam_dss_l1x4_r_static_selector 
****************************************
Reference          Library       Unit Area   Count    Total Area   Attributes
-----------------------------------------------------------------------------
AND2X1             slow          13.305600       3     39.916800  
AND2X2             slow          13.305600       8    106.444801  
AND3X2             slow          16.632000      11    182.952000  
AND4X2             slow          19.958401       2     39.916801  
AOI22X1            slow          16.632000      14    232.848000  
AOI22XL            slow          16.632000       2     33.264000  
BUFX1              slow          13.305600       3     39.916800  
INVX1              slow           6.652800      14     93.139201  
NAND2X1            slow           9.979200       7     69.854403  
NAND2XL            slow           9.979200       2     19.958401  
NAND3BX1           slow          16.632000       1     16.632000  
NAND3X1            slow          13.305600      10    133.056002  
NAND3XL            slow          13.305600       4     53.222401  
NAND4BXL           slow          19.958401       1     19.958401  
NAND4X1            slow          16.632000       4     66.528000  
NAND4XL            slow          16.632000       3     49.896000  
NOR2BX1            slow          13.305600       6     79.833601  
NOR2X1             slow           9.979200       2     19.958401  
NOR3XL             slow          13.305600       1     13.305600  
NOR4BX1            slow          19.958401       1     19.958401  
OAI2BB1X1          slow          16.632000       8    133.056000  
OAI21XL            slow          13.305600       2     26.611200  
OAI211X1           slow          19.958401       1     19.958401  
-----------------------------------------------------------------------------
Total 23 references                                  1510.185614

****************************************
Design: recam_shared_config_analyzer_ROW_ADDR_W9_PHYS_COL_ADDR_W13_WORD_COL_ADDR_W5_HYBRID_LINE_ADDR_W13_HYBRID_ENTRIES7 
****************************************
Reference          Library       Unit Area   Count    Total Area   Attributes
-----------------------------------------------------------------------------
AND2X1             slow          13.305600       2     26.611200  
AND2X2             slow          13.305600      19    252.806403  
AND2X4             slow          16.632000       2     33.264000  
AND3X1             slow          16.632000       2     33.264000  
AND3X2             slow          16.632000       7    116.424000  
AND3X4             slow          19.958401       2     39.916801  
AND4X1             slow          19.958401       2     39.916801  
AND4X2             slow          19.958401      33    658.627224  
AND4X4             slow          36.590401      22    804.988815  
AOI2BB1X1          slow          16.632000      10    166.320000  
AOI2BB1X2          slow          23.284800       2     46.569599  
AOI2BB1X4          slow          36.590401       1     36.590401  
AOI2BB1XL          slow          16.632000       3     49.896000  
AOI2BB2X1          slow          23.284800      71   1653.220770  
AOI2BB2X2          slow          29.937599      16    479.001587  
AOI2BB2X4          slow          49.896000       3    149.688000  
AOI2BB2XL          slow          23.284800      12    279.417595  
AOI22X1            slow          16.632000       9    149.688000  
AOI31X1            slow          16.632000       1     16.632000  
AOI31X4            slow          29.937599       1     29.937599  
AOI33X1            slow          26.611200       2     53.222401  
AOI211X1           slow          16.632000       3     49.896000  
AOI211X2           slow          29.937599       1     29.937599  
AOI221X1           slow          23.284800       2     46.569599  
AOI221X2           slow          39.916801       3    119.750404  
AOI221X4           slow          36.590401       1     36.590401  
AOI221XL           slow          23.284800       4     93.139198  
AOI222X1           slow          26.611200      17    452.390406  
AOI222X2           slow          46.569599       6    279.417595  
AOI222X4           slow          39.916801       2     79.833603  
BUFX1              slow          13.305600      38    505.612806  
BUFX3              slow          13.305600      50    665.280008  
BUFX4              slow          16.632000      10    166.320000  
BUFX8              slow          29.937599      23    688.564781  
BUFX12             slow          33.264000       9    299.375999  
BUFX16             slow          43.243198       9    389.188786  
BUFX20             slow          53.222401       9    479.001606  
CLKBUFX3           slow          13.305600       1     13.305600  
CLKBUFX8           slow          23.284800       6    139.708797  
CLKINVX2           slow           9.979200       2     19.958401  
CLKINVX3           slow           9.979200     143   1427.025652  
CLKINVX4           slow          13.305600      14    186.278402  
CLKINVX8           slow          19.958401       8    159.667206  
CLKINVX12          slow          63.201599       2    126.403198  
CLKINVXL           slow           9.979200      19    189.604807  
DLY1X1             slow          19.958401       1     19.958401  
INVX1              slow           6.652800     589   3918.499249  
INVX2              slow           9.979200      20    199.584007  
INVX3              slow          13.305600       2     26.611200  
INVX4              slow          13.305600      45    598.752007  
INVX8              slow          19.958401      37    738.460827  
INVX12             slow          43.243198       7    302.702389  
INVX16             slow          56.548801       3    169.646404  
INVX20             slow          63.201599       1     63.201599  
INVXL              slow           6.652800     106    705.196809  
MX2X1              slow          26.611200     184   4896.460861  
MX2X2              slow          29.937599      17    508.939186  
MX2X4              slow          33.264000      28    931.391998  
MX2XL              slow          26.611200       1     26.611200  
MXI2X1             slow          23.284800     145   3376.295938  
MXI2X2             slow          26.611200      68   1809.561623  
MXI2X4             slow          46.569599      13    605.404789  
MXI2XL             slow          23.284800      67   1560.081572  
NAND2BX2           slow          19.958401       1     19.958401  
NAND2X1            slow           9.979200      36    359.251213  
NAND2X2            slow          16.632000       3     49.896000  
NAND2X4            slow          23.284800       5    116.423998  
NAND2XL            slow           9.979200       6     59.875202  
NAND3BX1           slow          16.632000       4     66.528000  
NAND3BX2           slow          26.611200       1     26.611200  
NAND3X1            slow          13.305600     168   2235.340828  
NAND3X2            slow          23.284800      17    395.841593  
NAND3X4            slow          33.264000      23    765.071999  
NAND3XL            slow          13.305600      22    292.723204  
NAND4BBX1          slow          26.611200       1     26.611200  
NAND4BBX4          slow          63.201599       1     63.201599  
NAND4BX2           slow          33.264000       2     66.528000  
NAND4BX4           slow          59.875198       3    179.625595  
NAND4BXL           slow          19.958401       4     79.833603  
NAND4X1            slow          16.632000     122   2029.103996  
NAND4X2            slow          29.937599      30    898.127975  
NAND4X4            slow          56.548801      28   1583.366440  
NAND4XL            slow          16.632000      16    266.112000  
NOR2BX1            slow          13.305600       1     13.305600  
NOR2BXL            slow          13.305600       1     13.305600  
NOR2X1             slow           9.979200      39    389.188814  
NOR2X2             slow          16.632000       4     66.528000  
NOR2X4             slow          23.284800      15    349.271994  
NOR2XL             slow           9.979200       4     39.916801  
NOR3X1             slow          13.305600       4     53.222401  
NOR3X2             slow          23.284800       2     46.569599  
NOR3X4             slow          33.264000       5    166.320000  
NOR3XL             slow          13.305600       2     26.611200  
NOR4X1             slow          19.958401       1     19.958401  
OAI2BB1X1          slow          16.632000      40    665.279999  
OAI2BB1X2          slow          23.284800      16    372.556793  
OAI2BB1X4          slow          33.264000      13    432.431999  
OAI2BB1XL          slow          16.632000      10    166.320000  
OAI21X2            slow          26.611200       1     26.611200  
OAI21X4            slow          36.590401       2     73.180801  
OAI22X1            slow          19.958401      49    977.961636  
OAI22X2            slow          29.937599      29    868.190376  
OAI22X4            slow          46.569599       8    372.556793  
OAI22XL            slow          19.958401      26    518.918419  
OAI31X1            slow          19.958401       1     19.958401  
OAI31X2            slow          29.937599       1     29.937599  
OAI32X1            slow          23.284800       1     23.284800  
OAI211X1           slow          19.958401      14    279.417610  
OAI211X2           slow          33.264000       3     99.792000  
OAI211X4           slow          29.937599       8    239.500793  
OAI221X2           slow          43.243198       2     86.486397  
OAI221X4           slow          36.590401       1     36.590401  
OAI221XL           slow          23.284800       2     46.569599  
OAI222X2           slow          49.896000       2     99.792000  
OAI222X4           slow          39.916801       8    319.334412  
OAI222XL           slow          26.611200       2     53.222401  
OR2X1              slow          13.305600       6     79.833601  
OR2X2              slow          13.305600     182   2421.619230  
OR2X4              slow          19.958401      67   1337.212849  
OR2XL              slow          13.305600      24    319.334404  
OR3XL              slow          16.632000       4     66.528000  
OR4X2              slow          19.958401      48    958.003235  
OR4X4              slow          36.590401      34   1244.073624  
XNOR2X1            slow          26.611200      24    638.668808  
XNOR2X2            slow          36.590401       5    182.952003  
XNOR2X4            slow          56.548801      10    565.488014  
XNOR2XL            slow          26.611200       4    106.444801  
XOR2X1             slow          26.611200     669  17802.893023  
XOR2X2             slow          33.264000      98   3259.871994  
XOR2X4             slow          56.548801      18   1017.878426  
XOR2XL             slow          26.611200      91   2421.619230  
-----------------------------------------------------------------------------
Total 131 references                                81210.730237
1
