 
****************************************
check_design summary:
Version:     W-2024.09-SP2
Date:        Thu Sep 24 07:24:52 2026
****************************************

                   Name                                            Total
--------------------------------------------------------------------------------
Inputs/Outputs                                                      5
    Unconnected ports (LINT-28)                                     4
    Constant outputs (LINT-52)                                      1

Cells                                                              16
    Cells do not drive (LINT-1)                                    16
--------------------------------------------------------------------------------

Warning: In design 'recam_n2_2r2c_matrix_builder_ROW_ADDR_W9_PHYS_COL_ADDR_W13_HYBRID_ENTRY_NUM7', cell 'B_514' does not drive any nets. (LINT-1)
Warning: In design 'recam_n2_2r2c_matrix_builder_ROW_ADDR_W9_PHYS_COL_ADDR_W13_HYBRID_ENTRY_NUM7', cell 'B_515' does not drive any nets. (LINT-1)
Warning: In design 'recam_n2_2r2c_matrix_builder_ROW_ADDR_W9_PHYS_COL_ADDR_W13_HYBRID_ENTRY_NUM7', cell 'B_516' does not drive any nets. (LINT-1)
Warning: In design 'recam_n2_2r2c_matrix_builder_ROW_ADDR_W9_PHYS_COL_ADDR_W13_HYBRID_ENTRY_NUM7', cell 'B_523' does not drive any nets. (LINT-1)
Warning: In design 'recam_n2_2r2c_matrix_builder_ROW_ADDR_W9_PHYS_COL_ADDR_W13_HYBRID_ENTRY_NUM7', cell 'C8626' does not drive any nets. (LINT-1)
Warning: In design 'recam_n2_2r2c_matrix_builder_ROW_ADDR_W9_PHYS_COL_ADDR_W13_HYBRID_ENTRY_NUM7', cell 'C8630' does not drive any nets. (LINT-1)
Warning: In design 'recam_n2_2r2c_matrix_builder_ROW_ADDR_W9_PHYS_COL_ADDR_W13_HYBRID_ENTRY_NUM7', cell 'C8640' does not drive any nets. (LINT-1)
Warning: In design 'recam_n2_2r2c_matrix_builder_ROW_ADDR_W9_PHYS_COL_ADDR_W13_HYBRID_ENTRY_NUM7', cell 'C8644' does not drive any nets. (LINT-1)
Warning: In design 'recam_n2_2r2c_matrix_builder_ROW_ADDR_W9_PHYS_COL_ADDR_W13_HYBRID_ENTRY_NUM7', cell 'C8659' does not drive any nets. (LINT-1)
Warning: In design 'recam_n2_2r2c_matrix_builder_ROW_ADDR_W9_PHYS_COL_ADDR_W13_HYBRID_ENTRY_NUM7', cell 'C8663' does not drive any nets. (LINT-1)
Warning: In design 'recam_n2_2r2c_matrix_builder_ROW_ADDR_W9_PHYS_COL_ADDR_W13_HYBRID_ENTRY_NUM7', cell 'C8678' does not drive any nets. (LINT-1)
Warning: In design 'recam_n2_2r2c_matrix_builder_ROW_ADDR_W9_PHYS_COL_ADDR_W13_HYBRID_ENTRY_NUM7', cell 'C8682' does not drive any nets. (LINT-1)
Warning: In design 'recam_n2_2r2c_matrix_builder_ROW_ADDR_W9_PHYS_COL_ADDR_W13_HYBRID_ENTRY_NUM7', cell 'C8697' does not drive any nets. (LINT-1)
Warning: In design 'recam_n2_2r2c_matrix_builder_ROW_ADDR_W9_PHYS_COL_ADDR_W13_HYBRID_ENTRY_NUM7', cell 'C8701' does not drive any nets. (LINT-1)
Warning: In design 'recam_n2_2r2c_matrix_builder_ROW_ADDR_W9_PHYS_COL_ADDR_W13_HYBRID_ENTRY_NUM7', cell 'C8716' does not drive any nets. (LINT-1)
Warning: In design 'recam_n2_2r2c_matrix_builder_ROW_ADDR_W9_PHYS_COL_ADDR_W13_HYBRID_ENTRY_NUM7', cell 'C8720' does not drive any nets. (LINT-1)
Warning: In design 'recam_n2_2r2c_pattern_analyzer', port 'matrix_flat_i[15]' is not connected to any nets. (LINT-28)
Warning: In design 'recam_n2_2r2c_pattern_analyzer', port 'matrix_flat_i[10]' is not connected to any nets. (LINT-28)
Warning: In design 'recam_n2_2r2c_pattern_analyzer', port 'matrix_flat_i[5]' is not connected to any nets. (LINT-28)
Warning: In design 'recam_n2_2r2c_pattern_analyzer', port 'matrix_flat_i[0]' is not connected to any nets. (LINT-28)
Warning: In design 'recam_n2_2r2c_pattern_encoder', output port 'pattern_id_o[3]' is connected directly to 'logic 0'. (LINT-52)
1
