 
****************************************
Report : reference
Design : recam_n2_2r2c_analyzer
Version: W-2024.09-SP2
Date   : Thu Sep 24 07:25:26 2026
****************************************

Attributes:
    b - black box (unknown)
   bo - allows boundary optimization
    d - dont_touch
   mo - map_only
    h - hierarchical
    n - noncombinational
    r - removable
    s - synthetic operator
    u - contains unmapped logic

Reference          Library       Unit Area   Count    Total Area   Attributes
-----------------------------------------------------------------------------
BUFX3              slow          13.305600       3     39.916800  
BUFX8              slow          29.937599       1     29.937599  
BUFX12             slow          33.264000       1     33.264000  
BUFX16             slow          43.243198       1     43.243198  
BUFX20             slow          53.222401       1     53.222401  
CLKBUFXL           slow          13.305600       1     13.305600  
recam_n2_2r2c_matrix_builder_ROW_ADDR_W9_PHYS_COL_ADDR_W13_HYBRID_ENTRY_NUM7
                              70992.029399       1  70992.029399  h
recam_n2_2r2c_pattern_analyzer
                                538.876807       1    538.876807  h
recam_n2_2r2c_pattern_encoder   372.556806       1    372.556806  h
-----------------------------------------------------------------------------
Total 9 references                                  72116.352610

****************************************
Design: recam_n2_2r2c_matrix_builder_ROW_ADDR_W9_PHYS_COL_ADDR_W13_HYBRID_ENTRY_NUM7 
****************************************
Reference          Library       Unit Area   Count    Total Area   Attributes
-----------------------------------------------------------------------------
AND2X1             slow          13.305600       5     66.528001  
AND2X2             slow          13.305600      15    199.584002  
AND2X4             slow          16.632000       5     83.160000  
AND3X1             slow          16.632000       2     33.264000  
AND3X2             slow          16.632000      15    249.480000  
AND3X4             slow          19.958401      20    399.168015  
AND4X1             slow          19.958401       4     79.833603  
AND4X2             slow          19.958401      27    538.876820  
AND4X4             slow          36.590401      21    768.398415  
AOI2BB1X1          slow          16.632000       5     83.160000  
AOI2BB1X2          slow          23.284800       1     23.284800  
AOI2BB1X4          slow          36.590401       1     36.590401  
AOI2BB2X1          slow          23.284800      50   1164.239979  
AOI2BB2X2          slow          29.937599      11    329.313591  
AOI2BB2X4          slow          49.896000       4    199.584000  
AOI2BB2XL          slow          23.284800       4     93.139198  
AOI22X1            slow          16.632000       1     16.632000  
AOI22X2            slow          29.937599       5    149.687996  
AOI22X4            slow          46.569599       4    186.278397  
AOI31X1            slow          16.632000       1     16.632000  
AOI31X2            slow          29.937599       6    179.625595  
AOI32X2            slow          36.590401       1     36.590401  
AOI33X1            slow          26.611200       2     53.222401  
AOI33X4            slow          36.590401       1     36.590401  
AOI211X1           slow          16.632000       2     33.264000  
AOI221X1           slow          23.284800       5    116.423998  
AOI221X2           slow          39.916801       2     79.833603  
AOI221X4           slow          36.590401       1     36.590401  
AOI222X1           slow          26.611200      25    665.280008  
AOI222X2           slow          46.569599       3    139.708797  
AOI222X4           slow          39.916801       4    159.667206  
AOI222XL           slow          26.611200       2     53.222401  
BUFX1              slow          13.305600       1     13.305600  
BUFX3              slow          13.305600      15    199.584002  
BUFX4              slow          16.632000       6     99.792000  
BUFX8              slow          29.937599      30    898.127975  
BUFX12             slow          33.264000       8    266.112000  
BUFX16             slow          43.243198       4    172.972794  
BUFX20             slow          53.222401      13    691.891209  
CLKBUFX2           slow          13.305600       2     26.611200  
CLKBUFX3           slow          13.305600       3     39.916800  
CLKBUFX4           slow          16.632000       1     16.632000  
CLKBUFX8           slow          23.284800       8    186.278397  
CLKBUFXL           slow          13.305600       1     13.305600  
CLKINVX1           slow           9.979200       1      9.979200  
CLKINVX2           slow           9.979200       2     19.958401  
CLKINVX3           slow           9.979200     160   1596.672058  
CLKINVX4           slow          13.305600      18    239.500803  
CLKINVX8           slow          19.958401      41    818.294430  
CLKINVXL           slow           9.979200      22    219.542408  
DLY1X1             slow          19.958401       7    139.708805  
INVX1              slow           6.652800     423   2814.134435  
INVX2              slow           9.979200      39    389.188814  
INVX3              slow          13.305600      16    212.889603  
INVX4              slow          13.305600     119   1583.366420  
INVX8              slow          19.958401      91   1816.214466  
INVX12             slow          43.243198       5    216.215992  
INVX16             slow          56.548801       4    226.195206  
INVX20             slow          63.201599       2    126.403198  
INVXL              slow           6.652800      39    259.459203  
MX2X1              slow          26.611200      23    612.057608  
MX2X4              slow          33.264000       1     33.264000  
MXI2X1             slow          23.284800      14    325.987194  
MXI2X2             slow          26.611200      17    452.390406  
MXI2X4             slow          46.569599      10    465.695992  
MXI2XL             slow          23.284800      45   1047.815981  
NAND2BX2           slow          19.958401       3     59.875202  
NAND2BX4           slow          26.611200       1     26.611200  
NAND2X1            slow           9.979200      44    439.084816  
NAND2X2            slow          16.632000      19    316.007999  
NAND2X4            slow          23.284800      46   1071.100780  
NAND2XL            slow           9.979200       8     79.833603  
NAND3BX4           slow          36.590401       1     36.590401  
NAND3BXL           slow          16.632000       1     16.632000  
NAND3X1            slow          13.305600     100   1330.560017  
NAND3X2            slow          23.284800      23    535.550390  
NAND3X4            slow          33.264000      50   1663.199997  
NAND3XL            slow          13.305600      27    359.251204  
NAND4BBX1          slow          26.611200       3     79.833601  
NAND4BBX2          slow          36.590401       1     36.590401  
NAND4BBX4          slow          63.201599       3    189.604797  
NAND4BX2           slow          33.264000       1     33.264000  
NAND4BX4           slow          59.875198       8    479.001587  
NAND4BXL           slow          19.958401       3     59.875202  
NAND4X1            slow          16.632000      41    681.911999  
NAND4X2            slow          29.937599      28    838.252777  
NAND4X4            slow          56.548801      18   1017.878426  
NAND4XL            slow          16.632000      11    182.952000  
NOR2BX1            slow          13.305600       2     26.611200  
NOR2BX2            slow          19.958401       1     19.958401  
NOR2BXL            slow          13.305600       1     13.305600  
NOR2X1             slow           9.979200      32    319.334412  
NOR2X2             slow          16.632000      16    266.112000  
NOR2X4             slow          23.284800      40    931.391983  
NOR2XL             slow           9.979200       6     59.875202  
NOR3BX1            slow          19.958401       1     19.958401  
NOR3BX4            slow          36.590401       1     36.590401  
NOR3X1             slow          13.305600       5     66.528001  
NOR3X2             slow          23.284800       3     69.854399  
NOR3X4             slow          33.264000       2     66.528000  
NOR4X1             slow          19.958401      16    319.334412  
NOR4X4             slow          56.548801       3    169.646404  
NOR4XL             slow          19.958401       1     19.958401  
OAI2BB1X1          slow          16.632000      17    282.743999  
OAI2BB1X2          slow          23.284800       6    139.708797  
OAI2BB1X4          slow          33.264000      16    532.223999  
OAI2BB1XL          slow          16.632000       7    116.424000  
OAI2BB2X2          slow          33.264000       7    232.848000  
OAI2BB2X4          slow          49.896000       4    199.584000  
OAI21X2            slow          26.611200       1     26.611200  
OAI21X4            slow          36.590401       3    109.771202  
OAI21XL            slow          13.305600       2     26.611200  
OAI22X1            slow          19.958401      30    598.752022  
OAI22X2            slow          29.937599      74   2215.382339  
OAI22X4            slow          46.569599      31   1443.657574  
OAI22XL            slow          19.958401      16    319.334412  
OAI31X1            slow          19.958401       6    119.750404  
OAI31X2            slow          29.937599       4    119.750397  
OAI31X4            slow          29.937599      10    299.375992  
OAI31XL            slow          19.958401       1     19.958401  
OAI32X1            slow          23.284800       9    209.563196  
OAI32X2            slow          36.590401      28   1024.531219  
OAI32X4            slow          33.264000      31   1031.183998  
OAI33X2            slow          43.243198       4    172.972794  
OAI33X4            slow          36.590401      12    439.084808  
OAI211X2           slow          33.264000       7    232.848000  
OAI211X4           slow          29.937599       2     59.875198  
OAI221X4           slow          36.590401       9    329.313606  
OAI221XL           slow          23.284800       5    116.423998  
OAI222X2           slow          49.896000       3    149.688000  
OR2X1              slow          13.305600       7     93.139201  
OR2X2              slow          13.305600     177   2355.091229  
OR2X4              slow          19.958401      98   1955.923271  
OR2XL              slow          13.305600      42    558.835207  
OR3X2              slow          19.958401       1     19.958401  
OR3X4              slow          29.937599       1     29.937599  
OR4X1              slow          19.958401       1     19.958401  
OR4X2              slow          19.958401      20    399.168015  
OR4X4              slow          36.590401      13    475.675209  
OR4XL              slow          19.958401       2     39.916801  
XNOR2X1            slow          26.611200      30    798.336010  
XNOR2X2            slow          36.590401      12    439.084808  
XNOR2X4            slow          56.548801      28   1583.366440  
XOR2X1             slow          26.611200     318   8462.361706  
XOR2X2             slow          33.264000     117   3891.887993  
XOR2X4             slow          56.548801      81   4580.452915  
XOR2XL             slow          26.611200       4    106.444801  
XOR3X2             slow          59.875198       2    119.750397  
-----------------------------------------------------------------------------
Total 148 references                                70992.029399

****************************************
Design: recam_n2_2r2c_pattern_analyzer 
****************************************
Reference          Library       Unit Area   Count    Total Area   Attributes
-----------------------------------------------------------------------------
AND2X2             slow          13.305600       1     13.305600  
AND4X4             slow          36.590401       5    182.952003  
BUFX16             slow          43.243198       1     43.243198  
CLKINVX8           slow          19.958401       1     19.958401  
INVX1              slow           6.652800       1      6.652800  
INVX4              slow          13.305600       3     39.916800  
INVX8              slow          19.958401       6    119.750404  
NAND2X2            slow          16.632000       1     16.632000  
NAND3X4            slow          33.264000       1     33.264000  
NOR2X2             slow          16.632000       1     16.632000  
NOR2X4             slow          23.284800       2     46.569599  
-----------------------------------------------------------------------------
Total 11 references                                   538.876807

****************************************
Design: recam_n2_2r2c_pattern_encoder 
****************************************
Reference          Library       Unit Area   Count    Total Area   Attributes
-----------------------------------------------------------------------------
AOI31X2            slow          29.937599       1     29.937599  
CLKINVX2           slow           9.979200       1      9.979200  
CLKINVX4           slow          13.305600       1     13.305600  
CLKINVX8           slow          19.958401       2     39.916801  
INVX4              slow          13.305600       1     13.305600  
INVX8              slow          19.958401       2     39.916801  
NAND3BX4           slow          36.590401       2     73.180801  
NAND3X1            slow          13.305600       1     13.305600  
NAND3X2            slow          23.284800       1     23.284800  
NAND4X1            slow          16.632000       1     16.632000  
NOR2X2             slow          16.632000       1     16.632000  
OAI2BB1X2          slow          23.284800       1     23.284800  
OR2X4              slow          19.958401       2     39.916801  
OR3X2              slow          19.958401       1     19.958401  
-----------------------------------------------------------------------------
Total 14 references                                   372.556806
1
