 
****************************************
Report : qor
Design : recam_2r2c_analyzer
Version: W-2024.09-SP2
Date   : Wed Sep  9 20:29:01 2026
****************************************


  Timing Path Group 'recam_boundary_clk'
  -----------------------------------
  Levels of Logic:              79.00
  Critical Path Length:         39.95
  Critical Path Slack:           0.05
  Critical Path Clk Period:     40.00
  Total Negative Slack:          0.00
  No. of Violating Paths:        0.00
  Worst Hold Violation:          0.00
  Total Hold Violation:          0.00
  No. of Hold Violations:        0.00
  -----------------------------------


  Cell Count
  -----------------------------------
  Hierarchical Cell Count:          0
  Hierarchical Port Count:          0
  Leaf Cell Count:               1117
  Buf/Inv Cell Count:             207
  Buf Cell Count:                   7
  Inv Cell Count:                 200
  CT Buf/Inv Cell Count:            0
  Combinational Cell Count:      1117
  Sequential Cell Count:            0
  Macro Count:                      0
  -----------------------------------


  Area
  -----------------------------------
  Combinational Area:    16578.777667
  Noncombinational Area:     0.000000
  Buf/Inv Area:           1423.699218
  Total Buffer Area:            93.14
  Total Inverter Area:        1330.56
  Macro/Black Box Area:      0.000000
  Net Area:             165014.160645
  -----------------------------------
  Cell Area:             16578.777667
  Design Area:          181592.938312


  Design Rules
  -----------------------------------
  Total Number of Nets:          1297
  Nets With Violations:             0
  Max Trans Violations:             0
  Max Cap Violations:               0
  -----------------------------------


  Hostname: Kaohsiung

  Compile CPU Statistics
  -----------------------------------------
  Resource Sharing:                    0.44
  Logic Optimization:                  0.09
  Mapping Optimization:                0.63
  -----------------------------------------
  Overall Compile Time:                6.73
  Overall Compile Wall Clock Time:     7.07

  --------------------------------------------------------------------

  Design  WNS: 0.00  TNS: 0.00  Number of Violating Paths: 0


  Design (Hold)  WNS: 0.00  TNS: 0.00  Number of Violating Paths: 0

  --------------------------------------------------------------------


1
