 
****************************************
Report : timing
        -path full
        -delay max
        -max_paths 10
Design : recam_2r2c_analyzer
Version: W-2024.09-SP2
Date   : Wed Sep  9 20:29:01 2026
****************************************

Operating Conditions: slow   Library: slow
Wire Load Model Mode: top

  Startpoint: pivot_valid_i[0]
              (input port clocked by recam_boundary_clk)
  Endpoint: pattern_id_o[0]
            (output port clocked by recam_boundary_clk)
  Path Group: recam_boundary_clk
  Path Type: max

  Des/Clust/Port     Wire Load Model       Library
  ------------------------------------------------
  recam_2r2c_analyzer
                     tsmc18_wl10           slow

  Point                                    Incr       Path
  -----------------------------------------------------------
  clock recam_boundary_clk (rise edge)     0.00       0.00
  clock network delay (ideal)              0.00       0.00
  input external delay                     0.00       0.00 r
  pivot_valid_i[0] (in)                    0.00       0.00 r
  U39/Y (INVX1)                            0.23       0.23 f
  U40/Y (INVX1)                            1.03       1.26 r
  U750/Y (NAND2X1)                         0.90       2.16 f
  U537/Y (AOI22XL)                         0.57       2.73 r
  U751/Y (OAI221XL)                        0.31       3.04 f
  U80/Y (NOR4XL)                           0.55       3.60 r
  U758/Y (NAND3X1)                         0.46       4.06 f
  U761/Y (NAND4XL)                         0.38       4.44 r
  U678/Y (NOR3X1)                          0.36       4.80 f
  U675/Y (INVX1)                           0.32       5.13 r
  U77/Y (NAND2X1)                          0.15       5.28 f
  U764/Y (NOR4BX1)                         1.10       6.38 r
  U765/Y (NOR2X1)                          0.38       6.76 f
  U433/Y (AND2X2)                          0.37       7.13 f
  U674/Y (NOR2X1)                          0.37       7.50 r
  U771/Y (NAND2X1)                         0.48       7.97 f
  U782/Y (AOI21X1)                         0.89       8.86 r
  U783/Y (NAND2X1)                         0.46       9.32 f
  U784/Y (NOR2X1)                          0.45       9.77 r
  U34/Y (INVX1)                            0.44      10.21 f
  U808/Y (NOR2X1)                          1.56      11.76 r
  U28/Y (NOR2X1)                           1.10      12.86 f
  U816/Y (AOI22X1)                         0.80      13.66 r
  U818/Y (OAI221XL)                        0.35      14.01 f
  U353/Y (AOI211XL)                        0.48      14.49 r
  U819/Y (OAI21XL)                         0.28      14.76 f
  U57/Y (AOI211XL)                         0.47      15.23 r
  U820/Y (OAI21XL)                         0.27      15.51 f
  U56/Y (NOR3XL)                           0.48      15.99 r
  U821/Y (NAND3X1)                         0.30      16.29 f
  U822/Y (NAND2X1)                         0.35      16.64 r
  U823/Y (NOR2BX1)                         0.29      16.93 f
  U857/Y (NOR3X1)                          0.82      17.75 r
  U30/Y (AND2X1)                           0.43      18.18 r
  U32/Y (INVX1)                            0.45      18.63 f
  U25/Y (INVX1)                            1.08      19.72 r
  U858/Y (NAND2X1)                         0.42      20.14 f
  U682/Y (OAI21XL)                         0.83      20.97 r
  U868/Y (INVX1)                           0.48      21.45 f
  U869/Y (NAND2X1)                         0.47      21.92 r
  U176/Y (INVXL)                           0.19      22.11 f
  U167/Y (AOI211XL)                        0.41      22.52 r
  U876/Y (OAI21XL)                         0.28      22.80 f
  U159/Y (AOI211XL)                        0.45      23.25 r
  U880/Y (OAI21XL)                         0.28      23.53 f
  U881/Y (OR4X2)                           0.62      24.15 f
  U885/Y (NAND2X1)                         0.30      24.45 r
  U897/Y (OR4X2)                           0.33      24.78 r
  U898/Y (INVX1)                           0.19      24.97 f
  U899/Y (NOR2X1)                          0.53      25.49 r
  U963/Y (NOR4BX1)                         0.65      26.14 r
  U964/Y (INVX1)                           0.36      26.50 f
  U965/Y (NAND2X1)                         0.52      27.02 r
  U970/Y (NAND3X1)                         0.43      27.46 f
  U687/Y (NOR2X1)                          0.47      27.93 r
  U37/Y (INVX1)                            0.46      28.39 f
  U994/Y (NOR2X1)                          0.73      29.12 r
  U995/Y (INVX1)                           0.44      29.56 f
  U47/Y (AOI22XL)                          0.67      30.23 r
  U112/Y (AOI211XL)                        0.29      30.52 f
  U1010/Y (OAI21XL)                        0.28      30.80 r
  U46/Y (AOI211X1)                         0.20      31.00 f
  U43/Y (OAI21X1)                          0.38      31.39 r
  U1011/Y (OAI21XL)                        0.46      31.85 f
  U1013/Y (INVX1)                          0.37      32.21 r
  U1019/Y (NAND3BX1)                       0.36      32.58 f
  U1025/Y (NAND4X1)                        0.42      33.00 r
  U1026/Y (NAND2X1)                        0.27      33.26 f
  U42/Y (NOR2X2)                           0.57      33.83 r
  U1046/Y (NOR2X1)                         0.36      34.19 f
  U1048/Y (AOI22XL)                        0.43      34.62 r
  U689/Y (OAI21XL)                         0.55      35.18 f
  U99/Y (AOI22XL)                          0.53      35.70 r
  U1065/Y (OAI21XL)                        0.27      35.97 f
  U691/Y (NOR2X1)                          0.27      36.24 r
  U1066/Y (OAI21XL)                        0.66      36.90 f
  U41/Y (NOR4BX1)                          1.70      38.60 r
  U1092/Y (INVXL)                          0.26      38.86 f
  U692/Y (OAI21XL)                         1.09      39.95 r
  pattern_id_o[0] (out)                    0.00      39.95 r
  data arrival time                                  39.95

  clock recam_boundary_clk (rise edge)    40.00      40.00
  clock network delay (ideal)              0.00      40.00
  output external delay                    0.00      40.00
  data required time                                 40.00
  -----------------------------------------------------------
  data required time                                 40.00
  data arrival time                                 -39.95
  -----------------------------------------------------------
  slack (MET)                                         0.05


  Startpoint: pivot_valid_i[0]
              (input port clocked by recam_boundary_clk)
  Endpoint: pattern_id_o[1]
            (output port clocked by recam_boundary_clk)
  Path Group: recam_boundary_clk
  Path Type: max

  Des/Clust/Port     Wire Load Model       Library
  ------------------------------------------------
  recam_2r2c_analyzer
                     tsmc18_wl10           slow

  Point                                    Incr       Path
  -----------------------------------------------------------
  clock recam_boundary_clk (rise edge)     0.00       0.00
  clock network delay (ideal)              0.00       0.00
  input external delay                     0.00       0.00 r
  pivot_valid_i[0] (in)                    0.00       0.00 r
  U39/Y (INVX1)                            0.23       0.23 f
  U40/Y (INVX1)                            1.03       1.26 r
  U750/Y (NAND2X1)                         0.90       2.16 f
  U537/Y (AOI22XL)                         0.57       2.73 r
  U751/Y (OAI221XL)                        0.31       3.04 f
  U80/Y (NOR4XL)                           0.55       3.60 r
  U758/Y (NAND3X1)                         0.46       4.06 f
  U761/Y (NAND4XL)                         0.38       4.44 r
  U678/Y (NOR3X1)                          0.36       4.80 f
  U675/Y (INVX1)                           0.32       5.13 r
  U77/Y (NAND2X1)                          0.15       5.28 f
  U764/Y (NOR4BX1)                         1.10       6.38 r
  U765/Y (NOR2X1)                          0.38       6.76 f
  U433/Y (AND2X2)                          0.37       7.13 f
  U674/Y (NOR2X1)                          0.37       7.50 r
  U771/Y (NAND2X1)                         0.48       7.97 f
  U782/Y (AOI21X1)                         0.89       8.86 r
  U783/Y (NAND2X1)                         0.46       9.32 f
  U784/Y (NOR2X1)                          0.45       9.77 r
  U34/Y (INVX1)                            0.44      10.21 f
  U808/Y (NOR2X1)                          1.56      11.76 r
  U28/Y (NOR2X1)                           1.10      12.86 f
  U816/Y (AOI22X1)                         0.80      13.66 r
  U818/Y (OAI221XL)                        0.35      14.01 f
  U353/Y (AOI211XL)                        0.48      14.49 r
  U819/Y (OAI21XL)                         0.28      14.76 f
  U57/Y (AOI211XL)                         0.47      15.23 r
  U820/Y (OAI21XL)                         0.27      15.51 f
  U56/Y (NOR3XL)                           0.48      15.99 r
  U821/Y (NAND3X1)                         0.30      16.29 f
  U822/Y (NAND2X1)                         0.35      16.64 r
  U823/Y (NOR2BX1)                         0.29      16.93 f
  U857/Y (NOR3X1)                          0.82      17.75 r
  U30/Y (AND2X1)                           0.43      18.18 r
  U32/Y (INVX1)                            0.45      18.63 f
  U25/Y (INVX1)                            1.08      19.72 r
  U858/Y (NAND2X1)                         0.42      20.14 f
  U682/Y (OAI21XL)                         0.83      20.97 r
  U868/Y (INVX1)                           0.48      21.45 f
  U869/Y (NAND2X1)                         0.47      21.92 r
  U176/Y (INVXL)                           0.19      22.11 f
  U167/Y (AOI211XL)                        0.41      22.52 r
  U876/Y (OAI21XL)                         0.28      22.80 f
  U159/Y (AOI211XL)                        0.45      23.25 r
  U880/Y (OAI21XL)                         0.28      23.53 f
  U881/Y (OR4X2)                           0.62      24.15 f
  U885/Y (NAND2X1)                         0.30      24.45 r
  U897/Y (OR4X2)                           0.33      24.78 r
  U898/Y (INVX1)                           0.19      24.97 f
  U899/Y (NOR2X1)                          0.53      25.49 r
  U963/Y (NOR4BX1)                         0.65      26.14 r
  U964/Y (INVX1)                           0.36      26.50 f
  U965/Y (NAND2X1)                         0.52      27.02 r
  U970/Y (NAND3X1)                         0.43      27.46 f
  U687/Y (NOR2X1)                          0.47      27.93 r
  U37/Y (INVX1)                            0.46      28.39 f
  U994/Y (NOR2X1)                          0.73      29.12 r
  U995/Y (INVX1)                           0.44      29.56 f
  U47/Y (AOI22XL)                          0.67      30.23 r
  U112/Y (AOI211XL)                        0.29      30.52 f
  U1010/Y (OAI21XL)                        0.28      30.80 r
  U46/Y (AOI211X1)                         0.20      31.00 f
  U43/Y (OAI21X1)                          0.38      31.39 r
  U1011/Y (OAI21XL)                        0.46      31.85 f
  U1013/Y (INVX1)                          0.37      32.21 r
  U1019/Y (NAND3BX1)                       0.36      32.58 f
  U1025/Y (NAND4X1)                        0.42      33.00 r
  U1026/Y (NAND2X1)                        0.27      33.26 f
  U42/Y (NOR2X2)                           0.57      33.83 r
  U1046/Y (NOR2X1)                         0.36      34.19 f
  U1048/Y (AOI22XL)                        0.43      34.62 r
  U689/Y (OAI21XL)                         0.55      35.18 f
  U99/Y (AOI22XL)                          0.53      35.70 r
  U1065/Y (OAI21XL)                        0.27      35.97 f
  U691/Y (NOR2X1)                          0.27      36.24 r
  U1066/Y (OAI21XL)                        0.66      36.90 f
  U41/Y (NOR4BX1)                          1.70      38.60 r
  U1138/Y (NOR2X1)                         0.44      39.04 f
  U1139/Y (NOR2X1)                         0.79      39.83 r
  pattern_id_o[1] (out)                    0.00      39.83 r
  data arrival time                                  39.83

  clock recam_boundary_clk (rise edge)    40.00      40.00
  clock network delay (ideal)              0.00      40.00
  output external delay                    0.00      40.00
  data required time                                 40.00
  -----------------------------------------------------------
  data required time                                 40.00
  data arrival time                                 -39.83
  -----------------------------------------------------------
  slack (MET)                                         0.17


  Startpoint: pivot_valid_i[0]
              (input port clocked by recam_boundary_clk)
  Endpoint: repairable_o
            (output port clocked by recam_boundary_clk)
  Path Group: recam_boundary_clk
  Path Type: max

  Des/Clust/Port     Wire Load Model       Library
  ------------------------------------------------
  recam_2r2c_analyzer
                     tsmc18_wl10           slow

  Point                                    Incr       Path
  -----------------------------------------------------------
  clock recam_boundary_clk (rise edge)     0.00       0.00
  clock network delay (ideal)              0.00       0.00
  input external delay                     0.00       0.00 r
  pivot_valid_i[0] (in)                    0.00       0.00 r
  U39/Y (INVX1)                            0.23       0.23 f
  U40/Y (INVX1)                            1.03       1.26 r
  U750/Y (NAND2X1)                         0.90       2.16 f
  U537/Y (AOI22XL)                         0.57       2.73 r
  U751/Y (OAI221XL)                        0.31       3.04 f
  U80/Y (NOR4XL)                           0.55       3.60 r
  U758/Y (NAND3X1)                         0.46       4.06 f
  U761/Y (NAND4XL)                         0.38       4.44 r
  U678/Y (NOR3X1)                          0.36       4.80 f
  U675/Y (INVX1)                           0.32       5.13 r
  U77/Y (NAND2X1)                          0.15       5.28 f
  U764/Y (NOR4BX1)                         1.10       6.38 r
  U765/Y (NOR2X1)                          0.38       6.76 f
  U433/Y (AND2X2)                          0.37       7.13 f
  U674/Y (NOR2X1)                          0.37       7.50 r
  U771/Y (NAND2X1)                         0.48       7.97 f
  U782/Y (AOI21X1)                         0.89       8.86 r
  U783/Y (NAND2X1)                         0.46       9.32 f
  U784/Y (NOR2X1)                          0.45       9.77 r
  U34/Y (INVX1)                            0.44      10.21 f
  U808/Y (NOR2X1)                          1.56      11.76 r
  U28/Y (NOR2X1)                           1.10      12.86 f
  U816/Y (AOI22X1)                         0.80      13.66 r
  U818/Y (OAI221XL)                        0.35      14.01 f
  U353/Y (AOI211XL)                        0.48      14.49 r
  U819/Y (OAI21XL)                         0.28      14.76 f
  U57/Y (AOI211XL)                         0.47      15.23 r
  U820/Y (OAI21XL)                         0.27      15.51 f
  U56/Y (NOR3XL)                           0.48      15.99 r
  U821/Y (NAND3X1)                         0.30      16.29 f
  U822/Y (NAND2X1)                         0.35      16.64 r
  U823/Y (NOR2BX1)                         0.29      16.93 f
  U857/Y (NOR3X1)                          0.82      17.75 r
  U30/Y (AND2X1)                           0.43      18.18 r
  U32/Y (INVX1)                            0.45      18.63 f
  U25/Y (INVX1)                            1.08      19.72 r
  U858/Y (NAND2X1)                         0.42      20.14 f
  U682/Y (OAI21XL)                         0.83      20.97 r
  U868/Y (INVX1)                           0.48      21.45 f
  U869/Y (NAND2X1)                         0.47      21.92 r
  U176/Y (INVXL)                           0.19      22.11 f
  U167/Y (AOI211XL)                        0.41      22.52 r
  U876/Y (OAI21XL)                         0.28      22.80 f
  U159/Y (AOI211XL)                        0.45      23.25 r
  U880/Y (OAI21XL)                         0.28      23.53 f
  U881/Y (OR4X2)                           0.62      24.15 f
  U885/Y (NAND2X1)                         0.30      24.45 r
  U897/Y (OR4X2)                           0.33      24.78 r
  U898/Y (INVX1)                           0.19      24.97 f
  U899/Y (NOR2X1)                          0.53      25.49 r
  U963/Y (NOR4BX1)                         0.65      26.14 r
  U964/Y (INVX1)                           0.36      26.50 f
  U965/Y (NAND2X1)                         0.52      27.02 r
  U970/Y (NAND3X1)                         0.43      27.46 f
  U687/Y (NOR2X1)                          0.47      27.93 r
  U37/Y (INVX1)                            0.46      28.39 f
  U994/Y (NOR2X1)                          0.73      29.12 r
  U995/Y (INVX1)                           0.44      29.56 f
  U47/Y (AOI22XL)                          0.67      30.23 r
  U112/Y (AOI211XL)                        0.29      30.52 f
  U1010/Y (OAI21XL)                        0.28      30.80 r
  U46/Y (AOI211X1)                         0.20      31.00 f
  U43/Y (OAI21X1)                          0.38      31.39 r
  U1011/Y (OAI21XL)                        0.46      31.85 f
  U1013/Y (INVX1)                          0.37      32.21 r
  U1019/Y (NAND3BX1)                       0.36      32.58 f
  U1025/Y (NAND4X1)                        0.42      33.00 r
  U1026/Y (NAND2X1)                        0.27      33.26 f
  U42/Y (NOR2X2)                           0.57      33.83 r
  U1046/Y (NOR2X1)                         0.36      34.19 f
  U1048/Y (AOI22XL)                        0.43      34.62 r
  U689/Y (OAI21XL)                         0.55      35.18 f
  U99/Y (AOI22XL)                          0.53      35.70 r
  U1065/Y (OAI21XL)                        0.27      35.97 f
  U691/Y (NOR2X1)                          0.27      36.24 r
  U1066/Y (OAI21XL)                        0.66      36.90 f
  U41/Y (NOR4BX1)                          1.70      38.60 r
  U1138/Y (NOR2X1)                         0.44      39.04 f
  U1141/Y (NAND2X1)                        0.60      39.64 r
  repairable_o (out)                       0.00      39.64 r
  data arrival time                                  39.64

  clock recam_boundary_clk (rise edge)    40.00      40.00
  clock network delay (ideal)              0.00      40.00
  output external delay                    0.00      40.00
  data required time                                 40.00
  -----------------------------------------------------------
  data required time                                 40.00
  data arrival time                                 -39.64
  -----------------------------------------------------------
  slack (MET)                                         0.36


  Startpoint: pivot_valid_i[0]
              (input port clocked by recam_boundary_clk)
  Endpoint: candidate_valid_o[2]
            (output port clocked by recam_boundary_clk)
  Path Group: recam_boundary_clk
  Path Type: max

  Des/Clust/Port     Wire Load Model       Library
  ------------------------------------------------
  recam_2r2c_analyzer
                     tsmc18_wl10           slow

  Point                                    Incr       Path
  -----------------------------------------------------------
  clock recam_boundary_clk (rise edge)     0.00       0.00
  clock network delay (ideal)              0.00       0.00
  input external delay                     0.00       0.00 r
  pivot_valid_i[0] (in)                    0.00       0.00 r
  U39/Y (INVX1)                            0.23       0.23 f
  U40/Y (INVX1)                            1.03       1.26 r
  U750/Y (NAND2X1)                         0.90       2.16 f
  U537/Y (AOI22XL)                         0.57       2.73 r
  U751/Y (OAI221XL)                        0.31       3.04 f
  U80/Y (NOR4XL)                           0.55       3.60 r
  U758/Y (NAND3X1)                         0.46       4.06 f
  U761/Y (NAND4XL)                         0.38       4.44 r
  U678/Y (NOR3X1)                          0.36       4.80 f
  U675/Y (INVX1)                           0.32       5.13 r
  U77/Y (NAND2X1)                          0.15       5.28 f
  U764/Y (NOR4BX1)                         1.10       6.38 r
  U765/Y (NOR2X1)                          0.38       6.76 f
  U433/Y (AND2X2)                          0.37       7.13 f
  U674/Y (NOR2X1)                          0.37       7.50 r
  U771/Y (NAND2X1)                         0.48       7.97 f
  U782/Y (AOI21X1)                         0.89       8.86 r
  U783/Y (NAND2X1)                         0.46       9.32 f
  U784/Y (NOR2X1)                          0.45       9.77 r
  U34/Y (INVX1)                            0.44      10.21 f
  U808/Y (NOR2X1)                          1.56      11.76 r
  U28/Y (NOR2X1)                           1.10      12.86 f
  U816/Y (AOI22X1)                         0.80      13.66 r
  U818/Y (OAI221XL)                        0.35      14.01 f
  U353/Y (AOI211XL)                        0.48      14.49 r
  U819/Y (OAI21XL)                         0.28      14.76 f
  U57/Y (AOI211XL)                         0.47      15.23 r
  U820/Y (OAI21XL)                         0.27      15.51 f
  U56/Y (NOR3XL)                           0.48      15.99 r
  U821/Y (NAND3X1)                         0.30      16.29 f
  U822/Y (NAND2X1)                         0.35      16.64 r
  U823/Y (NOR2BX1)                         0.29      16.93 f
  U857/Y (NOR3X1)                          0.82      17.75 r
  U30/Y (AND2X1)                           0.43      18.18 r
  U32/Y (INVX1)                            0.45      18.63 f
  U25/Y (INVX1)                            1.08      19.72 r
  U858/Y (NAND2X1)                         0.42      20.14 f
  U682/Y (OAI21XL)                         0.83      20.97 r
  U868/Y (INVX1)                           0.48      21.45 f
  U869/Y (NAND2X1)                         0.47      21.92 r
  U176/Y (INVXL)                           0.19      22.11 f
  U167/Y (AOI211XL)                        0.41      22.52 r
  U876/Y (OAI21XL)                         0.28      22.80 f
  U159/Y (AOI211XL)                        0.45      23.25 r
  U880/Y (OAI21XL)                         0.28      23.53 f
  U881/Y (OR4X2)                           0.62      24.15 f
  U885/Y (NAND2X1)                         0.30      24.45 r
  U897/Y (OR4X2)                           0.33      24.78 r
  U898/Y (INVX1)                           0.19      24.97 f
  U899/Y (NOR2X1)                          0.53      25.49 r
  U963/Y (NOR4BX1)                         0.65      26.14 r
  U964/Y (INVX1)                           0.36      26.50 f
  U965/Y (NAND2X1)                         0.52      27.02 r
  U970/Y (NAND3X1)                         0.43      27.46 f
  U687/Y (NOR2X1)                          0.47      27.93 r
  U37/Y (INVX1)                            0.46      28.39 f
  U994/Y (NOR2X1)                          0.73      29.12 r
  U995/Y (INVX1)                           0.44      29.56 f
  U47/Y (AOI22XL)                          0.67      30.23 r
  U112/Y (AOI211XL)                        0.29      30.52 f
  U1010/Y (OAI21XL)                        0.28      30.80 r
  U46/Y (AOI211X1)                         0.20      31.00 f
  U43/Y (OAI21X1)                          0.38      31.39 r
  U1011/Y (OAI21XL)                        0.46      31.85 f
  U1013/Y (INVX1)                          0.37      32.21 r
  U1019/Y (NAND3BX1)                       0.36      32.58 f
  U1025/Y (NAND4X1)                        0.42      33.00 r
  U1026/Y (NAND2X1)                        0.27      33.26 f
  U42/Y (NOR2X2)                           0.57      33.83 r
  U1046/Y (NOR2X1)                         0.36      34.19 f
  U1048/Y (AOI22XL)                        0.43      34.62 r
  U689/Y (OAI21XL)                         0.55      35.18 f
  U99/Y (AOI22XL)                          0.53      35.70 r
  U1065/Y (OAI21XL)                        0.27      35.97 f
  U691/Y (NOR2X1)                          0.27      36.24 r
  U1066/Y (OAI21XL)                        0.66      36.90 f
  U41/Y (NOR4BX1)                          1.70      38.60 r
  candidate_valid_o[2] (out)               0.00      38.60 r
  data arrival time                                  38.60

  clock recam_boundary_clk (rise edge)    40.00      40.00
  clock network delay (ideal)              0.00      40.00
  output external delay                    0.00      40.00
  data required time                                 40.00
  -----------------------------------------------------------
  data required time                                 40.00
  data arrival time                                 -38.60
  -----------------------------------------------------------
  slack (MET)                                         1.40


  Startpoint: pivot_valid_i[0]
              (input port clocked by recam_boundary_clk)
  Endpoint: candidate_valid_o[0]
            (output port clocked by recam_boundary_clk)
  Path Group: recam_boundary_clk
  Path Type: max

  Des/Clust/Port     Wire Load Model       Library
  ------------------------------------------------
  recam_2r2c_analyzer
                     tsmc18_wl10           slow

  Point                                    Incr       Path
  -----------------------------------------------------------
  clock recam_boundary_clk (rise edge)     0.00       0.00
  clock network delay (ideal)              0.00       0.00
  input external delay                     0.00       0.00 r
  pivot_valid_i[0] (in)                    0.00       0.00 r
  U39/Y (INVX1)                            0.23       0.23 f
  U40/Y (INVX1)                            1.03       1.26 r
  U750/Y (NAND2X1)                         0.90       2.16 f
  U537/Y (AOI22XL)                         0.57       2.73 r
  U751/Y (OAI221XL)                        0.31       3.04 f
  U80/Y (NOR4XL)                           0.55       3.60 r
  U758/Y (NAND3X1)                         0.46       4.06 f
  U761/Y (NAND4XL)                         0.38       4.44 r
  U678/Y (NOR3X1)                          0.36       4.80 f
  U675/Y (INVX1)                           0.32       5.13 r
  U77/Y (NAND2X1)                          0.15       5.28 f
  U764/Y (NOR4BX1)                         1.10       6.38 r
  U765/Y (NOR2X1)                          0.38       6.76 f
  U433/Y (AND2X2)                          0.37       7.13 f
  U674/Y (NOR2X1)                          0.37       7.50 r
  U771/Y (NAND2X1)                         0.48       7.97 f
  U782/Y (AOI21X1)                         0.89       8.86 r
  U783/Y (NAND2X1)                         0.46       9.32 f
  U784/Y (NOR2X1)                          0.45       9.77 r
  U34/Y (INVX1)                            0.44      10.21 f
  U808/Y (NOR2X1)                          1.56      11.76 r
  U28/Y (NOR2X1)                           1.10      12.86 f
  U816/Y (AOI22X1)                         0.80      13.66 r
  U818/Y (OAI221XL)                        0.35      14.01 f
  U353/Y (AOI211XL)                        0.48      14.49 r
  U819/Y (OAI21XL)                         0.28      14.76 f
  U57/Y (AOI211XL)                         0.47      15.23 r
  U820/Y (OAI21XL)                         0.27      15.51 f
  U56/Y (NOR3XL)                           0.48      15.99 r
  U821/Y (NAND3X1)                         0.30      16.29 f
  U822/Y (NAND2X1)                         0.35      16.64 r
  U823/Y (NOR2BX1)                         0.29      16.93 f
  U857/Y (NOR3X1)                          0.82      17.75 r
  U30/Y (AND2X1)                           0.43      18.18 r
  U32/Y (INVX1)                            0.45      18.63 f
  U25/Y (INVX1)                            1.08      19.72 r
  U858/Y (NAND2X1)                         0.42      20.14 f
  U682/Y (OAI21XL)                         0.83      20.97 r
  U868/Y (INVX1)                           0.48      21.45 f
  U869/Y (NAND2X1)                         0.47      21.92 r
  U176/Y (INVXL)                           0.19      22.11 f
  U167/Y (AOI211XL)                        0.41      22.52 r
  U876/Y (OAI21XL)                         0.28      22.80 f
  U159/Y (AOI211XL)                        0.45      23.25 r
  U880/Y (OAI21XL)                         0.28      23.53 f
  U881/Y (OR4X2)                           0.62      24.15 f
  U885/Y (NAND2X1)                         0.30      24.45 r
  U897/Y (OR4X2)                           0.33      24.78 r
  U898/Y (INVX1)                           0.19      24.97 f
  U899/Y (NOR2X1)                          0.53      25.49 r
  U963/Y (NOR4BX1)                         0.65      26.14 r
  U964/Y (INVX1)                           0.36      26.50 f
  U965/Y (NAND2X1)                         0.52      27.02 r
  U970/Y (NAND3X1)                         0.43      27.46 f
  U687/Y (NOR2X1)                          0.47      27.93 r
  U37/Y (INVX1)                            0.46      28.39 f
  U994/Y (NOR2X1)                          0.73      29.12 r
  U995/Y (INVX1)                           0.44      29.56 f
  U47/Y (AOI22XL)                          0.67      30.23 r
  U112/Y (AOI211XL)                        0.29      30.52 f
  U1010/Y (OAI21XL)                        0.28      30.80 r
  U46/Y (AOI211X1)                         0.20      31.00 f
  U43/Y (OAI21X1)                          0.38      31.39 r
  U1011/Y (OAI21XL)                        0.46      31.85 f
  U1013/Y (INVX1)                          0.37      32.21 r
  U1019/Y (NAND3BX1)                       0.36      32.58 f
  U1025/Y (NAND4X1)                        0.42      33.00 r
  U1026/Y (NAND2X1)                        0.27      33.26 f
  U42/Y (NOR2X2)                           0.57      33.83 r
  U1046/Y (NOR2X1)                         0.36      34.19 f
  U1047/Y (INVX1)                          0.41      34.61 r
  U1074/Y (OAI33X1)                        0.46      35.06 f
  U1077/Y (AOI22X1)                        0.42      35.48 r
  U1078/Y (OAI211X1)                       0.56      36.05 f
  U1085/Y (NOR2X1)                         0.63      36.68 r
  U1091/Y (NOR4BX1)                        1.61      38.29 r
  candidate_valid_o[0] (out)               0.00      38.29 r
  data arrival time                                  38.29

  clock recam_boundary_clk (rise edge)    40.00      40.00
  clock network delay (ideal)              0.00      40.00
  output external delay                    0.00      40.00
  data required time                                 40.00
  -----------------------------------------------------------
  data required time                                 40.00
  data arrival time                                 -38.29
  -----------------------------------------------------------
  slack (MET)                                         1.71


  Startpoint: pivot_valid_i[0]
              (input port clocked by recam_boundary_clk)
  Endpoint: candidate_valid_o[1]
            (output port clocked by recam_boundary_clk)
  Path Group: recam_boundary_clk
  Path Type: max

  Des/Clust/Port     Wire Load Model       Library
  ------------------------------------------------
  recam_2r2c_analyzer
                     tsmc18_wl10           slow

  Point                                    Incr       Path
  -----------------------------------------------------------
  clock recam_boundary_clk (rise edge)     0.00       0.00
  clock network delay (ideal)              0.00       0.00
  input external delay                     0.00       0.00 r
  pivot_valid_i[0] (in)                    0.00       0.00 r
  U39/Y (INVX1)                            0.23       0.23 f
  U40/Y (INVX1)                            1.03       1.26 r
  U750/Y (NAND2X1)                         0.90       2.16 f
  U537/Y (AOI22XL)                         0.57       2.73 r
  U751/Y (OAI221XL)                        0.31       3.04 f
  U80/Y (NOR4XL)                           0.55       3.60 r
  U758/Y (NAND3X1)                         0.46       4.06 f
  U761/Y (NAND4XL)                         0.38       4.44 r
  U678/Y (NOR3X1)                          0.36       4.80 f
  U675/Y (INVX1)                           0.32       5.13 r
  U77/Y (NAND2X1)                          0.15       5.28 f
  U764/Y (NOR4BX1)                         1.10       6.38 r
  U765/Y (NOR2X1)                          0.38       6.76 f
  U433/Y (AND2X2)                          0.37       7.13 f
  U674/Y (NOR2X1)                          0.37       7.50 r
  U771/Y (NAND2X1)                         0.48       7.97 f
  U782/Y (AOI21X1)                         0.89       8.86 r
  U783/Y (NAND2X1)                         0.46       9.32 f
  U784/Y (NOR2X1)                          0.45       9.77 r
  U34/Y (INVX1)                            0.44      10.21 f
  U808/Y (NOR2X1)                          1.56      11.76 r
  U28/Y (NOR2X1)                           1.10      12.86 f
  U816/Y (AOI22X1)                         0.80      13.66 r
  U818/Y (OAI221XL)                        0.35      14.01 f
  U353/Y (AOI211XL)                        0.48      14.49 r
  U819/Y (OAI21XL)                         0.28      14.76 f
  U57/Y (AOI211XL)                         0.47      15.23 r
  U820/Y (OAI21XL)                         0.27      15.51 f
  U56/Y (NOR3XL)                           0.48      15.99 r
  U821/Y (NAND3X1)                         0.30      16.29 f
  U822/Y (NAND2X1)                         0.35      16.64 r
  U823/Y (NOR2BX1)                         0.29      16.93 f
  U857/Y (NOR3X1)                          0.82      17.75 r
  U30/Y (AND2X1)                           0.43      18.18 r
  U32/Y (INVX1)                            0.45      18.63 f
  U25/Y (INVX1)                            1.08      19.72 r
  U858/Y (NAND2X1)                         0.42      20.14 f
  U682/Y (OAI21XL)                         0.83      20.97 r
  U868/Y (INVX1)                           0.48      21.45 f
  U869/Y (NAND2X1)                         0.47      21.92 r
  U176/Y (INVXL)                           0.19      22.11 f
  U167/Y (AOI211XL)                        0.41      22.52 r
  U876/Y (OAI21XL)                         0.28      22.80 f
  U159/Y (AOI211XL)                        0.45      23.25 r
  U880/Y (OAI21XL)                         0.28      23.53 f
  U881/Y (OR4X2)                           0.62      24.15 f
  U885/Y (NAND2X1)                         0.30      24.45 r
  U897/Y (OR4X2)                           0.33      24.78 r
  U898/Y (INVX1)                           0.19      24.97 f
  U899/Y (NOR2X1)                          0.53      25.49 r
  U963/Y (NOR4BX1)                         0.65      26.14 r
  U964/Y (INVX1)                           0.36      26.50 f
  U965/Y (NAND2X1)                         0.52      27.02 r
  U970/Y (NAND3X1)                         0.43      27.46 f
  U687/Y (NOR2X1)                          0.47      27.93 r
  U37/Y (INVX1)                            0.46      28.39 f
  U994/Y (NOR2X1)                          0.73      29.12 r
  U995/Y (INVX1)                           0.44      29.56 f
  U47/Y (AOI22XL)                          0.67      30.23 r
  U112/Y (AOI211XL)                        0.29      30.52 f
  U1010/Y (OAI21XL)                        0.28      30.80 r
  U46/Y (AOI211X1)                         0.20      31.00 f
  U43/Y (OAI21X1)                          0.38      31.39 r
  U1011/Y (OAI21XL)                        0.46      31.85 f
  U1013/Y (INVX1)                          0.37      32.21 r
  U1019/Y (NAND3BX1)                       0.36      32.58 f
  U1025/Y (NAND4X1)                        0.42      33.00 r
  U1026/Y (NAND2X1)                        0.27      33.26 f
  U42/Y (NOR2X2)                           0.57      33.83 r
  U1046/Y (NOR2X1)                         0.36      34.19 f
  U1047/Y (INVX1)                          0.41      34.61 r
  U1074/Y (OAI33X1)                        0.46      35.06 f
  U1077/Y (AOI22X1)                        0.42      35.48 r
  U1078/Y (OAI211X1)                       0.56      36.05 f
  U1085/Y (NOR2X1)                         0.63      36.68 r
  U1086/Y (NOR4BX1)                        1.61      38.29 r
  candidate_valid_o[1] (out)               0.00      38.29 r
  data arrival time                                  38.29

  clock recam_boundary_clk (rise edge)    40.00      40.00
  clock network delay (ideal)              0.00      40.00
  output external delay                    0.00      40.00
  data required time                                 40.00
  -----------------------------------------------------------
  data required time                                 40.00
  data arrival time                                 -38.29
  -----------------------------------------------------------
  slack (MET)                                         1.71


  Startpoint: pivot_valid_i[0]
              (input port clocked by recam_boundary_clk)
  Endpoint: candidate_valid_o[3]
            (output port clocked by recam_boundary_clk)
  Path Group: recam_boundary_clk
  Path Type: max

  Des/Clust/Port     Wire Load Model       Library
  ------------------------------------------------
  recam_2r2c_analyzer
                     tsmc18_wl10           slow

  Point                                    Incr       Path
  -----------------------------------------------------------
  clock recam_boundary_clk (rise edge)     0.00       0.00
  clock network delay (ideal)              0.00       0.00
  input external delay                     0.00       0.00 r
  pivot_valid_i[0] (in)                    0.00       0.00 r
  U39/Y (INVX1)                            0.23       0.23 f
  U40/Y (INVX1)                            1.03       1.26 r
  U750/Y (NAND2X1)                         0.90       2.16 f
  U537/Y (AOI22XL)                         0.57       2.73 r
  U751/Y (OAI221XL)                        0.31       3.04 f
  U80/Y (NOR4XL)                           0.55       3.60 r
  U758/Y (NAND3X1)                         0.46       4.06 f
  U761/Y (NAND4XL)                         0.38       4.44 r
  U678/Y (NOR3X1)                          0.36       4.80 f
  U675/Y (INVX1)                           0.32       5.13 r
  U77/Y (NAND2X1)                          0.15       5.28 f
  U764/Y (NOR4BX1)                         1.10       6.38 r
  U765/Y (NOR2X1)                          0.38       6.76 f
  U433/Y (AND2X2)                          0.37       7.13 f
  U674/Y (NOR2X1)                          0.37       7.50 r
  U771/Y (NAND2X1)                         0.48       7.97 f
  U782/Y (AOI21X1)                         0.89       8.86 r
  U783/Y (NAND2X1)                         0.46       9.32 f
  U784/Y (NOR2X1)                          0.45       9.77 r
  U34/Y (INVX1)                            0.44      10.21 f
  U808/Y (NOR2X1)                          1.56      11.76 r
  U28/Y (NOR2X1)                           1.10      12.86 f
  U816/Y (AOI22X1)                         0.80      13.66 r
  U818/Y (OAI221XL)                        0.35      14.01 f
  U353/Y (AOI211XL)                        0.48      14.49 r
  U819/Y (OAI21XL)                         0.28      14.76 f
  U57/Y (AOI211XL)                         0.47      15.23 r
  U820/Y (OAI21XL)                         0.27      15.51 f
  U56/Y (NOR3XL)                           0.48      15.99 r
  U821/Y (NAND3X1)                         0.30      16.29 f
  U822/Y (NAND2X1)                         0.35      16.64 r
  U823/Y (NOR2BX1)                         0.29      16.93 f
  U857/Y (NOR3X1)                          0.82      17.75 r
  U30/Y (AND2X1)                           0.43      18.18 r
  U32/Y (INVX1)                            0.45      18.63 f
  U25/Y (INVX1)                            1.08      19.72 r
  U858/Y (NAND2X1)                         0.42      20.14 f
  U682/Y (OAI21XL)                         0.83      20.97 r
  U868/Y (INVX1)                           0.48      21.45 f
  U869/Y (NAND2X1)                         0.47      21.92 r
  U176/Y (INVXL)                           0.19      22.11 f
  U167/Y (AOI211XL)                        0.41      22.52 r
  U876/Y (OAI21XL)                         0.28      22.80 f
  U159/Y (AOI211XL)                        0.45      23.25 r
  U880/Y (OAI21XL)                         0.28      23.53 f
  U881/Y (OR4X2)                           0.62      24.15 f
  U885/Y (NAND2X1)                         0.30      24.45 r
  U897/Y (OR4X2)                           0.33      24.78 r
  U898/Y (INVX1)                           0.19      24.97 f
  U899/Y (NOR2X1)                          0.53      25.49 r
  U963/Y (NOR4BX1)                         0.65      26.14 r
  U964/Y (INVX1)                           0.36      26.50 f
  U965/Y (NAND2X1)                         0.52      27.02 r
  U970/Y (NAND3X1)                         0.43      27.46 f
  U687/Y (NOR2X1)                          0.47      27.93 r
  U37/Y (INVX1)                            0.46      28.39 f
  U994/Y (NOR2X1)                          0.73      29.12 r
  U995/Y (INVX1)                           0.44      29.56 f
  U47/Y (AOI22XL)                          0.67      30.23 r
  U112/Y (AOI211XL)                        0.29      30.52 f
  U1010/Y (OAI21XL)                        0.28      30.80 r
  U46/Y (AOI211X1)                         0.20      31.00 f
  U43/Y (OAI21X1)                          0.38      31.39 r
  U1011/Y (OAI21XL)                        0.46      31.85 f
  U1013/Y (INVX1)                          0.37      32.21 r
  U1019/Y (NAND3BX1)                       0.36      32.58 f
  U1025/Y (NAND4X1)                        0.42      33.00 r
  U1026/Y (NAND2X1)                        0.27      33.26 f
  U42/Y (NOR2X2)                           0.57      33.83 r
  U1046/Y (NOR2X1)                         0.36      34.19 f
  U1047/Y (INVX1)                          0.41      34.61 r
  U1074/Y (OAI33X1)                        0.46      35.06 f
  U1077/Y (AOI22X1)                        0.42      35.48 r
  U1078/Y (OAI211X1)                       0.56      36.05 f
  U1085/Y (NOR2X1)                         0.63      36.68 r
  U1136/Y (NOR2BX1)                        0.81      37.49 r
  candidate_valid_o[3] (out)               0.00      37.49 r
  data arrival time                                  37.49

  clock recam_boundary_clk (rise edge)    40.00      40.00
  clock network delay (ideal)              0.00      40.00
  output external delay                    0.00      40.00
  data required time                                 40.00
  -----------------------------------------------------------
  data required time                                 40.00
  data arrival time                                 -37.49
  -----------------------------------------------------------
  slack (MET)                                         2.51


  Startpoint: pivot_valid_i[0]
              (input port clocked by recam_boundary_clk)
  Endpoint: candidate_valid_o[4]
            (output port clocked by recam_boundary_clk)
  Path Group: recam_boundary_clk
  Path Type: max

  Des/Clust/Port     Wire Load Model       Library
  ------------------------------------------------
  recam_2r2c_analyzer
                     tsmc18_wl10           slow

  Point                                    Incr       Path
  -----------------------------------------------------------
  clock recam_boundary_clk (rise edge)     0.00       0.00
  clock network delay (ideal)              0.00       0.00
  input external delay                     0.00       0.00 r
  pivot_valid_i[0] (in)                    0.00       0.00 r
  U39/Y (INVX1)                            0.23       0.23 f
  U40/Y (INVX1)                            1.03       1.26 r
  U750/Y (NAND2X1)                         0.90       2.16 f
  U537/Y (AOI22XL)                         0.57       2.73 r
  U751/Y (OAI221XL)                        0.31       3.04 f
  U80/Y (NOR4XL)                           0.55       3.60 r
  U758/Y (NAND3X1)                         0.46       4.06 f
  U761/Y (NAND4XL)                         0.38       4.44 r
  U678/Y (NOR3X1)                          0.36       4.80 f
  U675/Y (INVX1)                           0.32       5.13 r
  U77/Y (NAND2X1)                          0.15       5.28 f
  U764/Y (NOR4BX1)                         1.10       6.38 r
  U765/Y (NOR2X1)                          0.38       6.76 f
  U433/Y (AND2X2)                          0.37       7.13 f
  U674/Y (NOR2X1)                          0.37       7.50 r
  U771/Y (NAND2X1)                         0.48       7.97 f
  U782/Y (AOI21X1)                         0.89       8.86 r
  U783/Y (NAND2X1)                         0.46       9.32 f
  U784/Y (NOR2X1)                          0.45       9.77 r
  U34/Y (INVX1)                            0.44      10.21 f
  U808/Y (NOR2X1)                          1.56      11.76 r
  U28/Y (NOR2X1)                           1.10      12.86 f
  U816/Y (AOI22X1)                         0.80      13.66 r
  U818/Y (OAI221XL)                        0.35      14.01 f
  U353/Y (AOI211XL)                        0.48      14.49 r
  U819/Y (OAI21XL)                         0.28      14.76 f
  U57/Y (AOI211XL)                         0.47      15.23 r
  U820/Y (OAI21XL)                         0.27      15.51 f
  U56/Y (NOR3XL)                           0.48      15.99 r
  U821/Y (NAND3X1)                         0.30      16.29 f
  U822/Y (NAND2X1)                         0.35      16.64 r
  U823/Y (NOR2BX1)                         0.29      16.93 f
  U857/Y (NOR3X1)                          0.82      17.75 r
  U30/Y (AND2X1)                           0.43      18.18 r
  U32/Y (INVX1)                            0.45      18.63 f
  U25/Y (INVX1)                            1.08      19.72 r
  U858/Y (NAND2X1)                         0.42      20.14 f
  U682/Y (OAI21XL)                         0.83      20.97 r
  U868/Y (INVX1)                           0.48      21.45 f
  U869/Y (NAND2X1)                         0.47      21.92 r
  U176/Y (INVXL)                           0.19      22.11 f
  U167/Y (AOI211XL)                        0.41      22.52 r
  U876/Y (OAI21XL)                         0.28      22.80 f
  U159/Y (AOI211XL)                        0.45      23.25 r
  U880/Y (OAI21XL)                         0.28      23.53 f
  U881/Y (OR4X2)                           0.62      24.15 f
  U885/Y (NAND2X1)                         0.30      24.45 r
  U897/Y (OR4X2)                           0.33      24.78 r
  U898/Y (INVX1)                           0.19      24.97 f
  U899/Y (NOR2X1)                          0.53      25.49 r
  U963/Y (NOR4BX1)                         0.65      26.14 r
  U964/Y (INVX1)                           0.36      26.50 f
  U965/Y (NAND2X1)                         0.52      27.02 r
  U970/Y (NAND3X1)                         0.43      27.46 f
  U687/Y (NOR2X1)                          0.47      27.93 r
  U37/Y (INVX1)                            0.46      28.39 f
  U994/Y (NOR2X1)                          0.73      29.12 r
  U995/Y (INVX1)                           0.44      29.56 f
  U47/Y (AOI22XL)                          0.67      30.23 r
  U112/Y (AOI211XL)                        0.29      30.52 f
  U1010/Y (OAI21XL)                        0.28      30.80 r
  U46/Y (AOI211X1)                         0.20      31.00 f
  U43/Y (OAI21X1)                          0.38      31.39 r
  U1011/Y (OAI21XL)                        0.46      31.85 f
  U1013/Y (INVX1)                          0.37      32.21 r
  U1019/Y (NAND3BX1)                       0.36      32.58 f
  U1025/Y (NAND4X1)                        0.42      33.00 r
  U1026/Y (NAND2X1)                        0.27      33.26 f
  U42/Y (NOR2X2)                           0.57      33.83 r
  U1046/Y (NOR2X1)                         0.36      34.19 f
  U1052/Y (OAI2BB2X1)                      0.53      34.72 f
  U101/Y (AOI22XL)                         0.45      35.17 r
  U1068/Y (OAI211X1)                       0.66      35.83 f
  U1069/Y (NOR2X1)                         0.53      36.36 r
  U1135/Y (NOR2BX1)                        0.80      37.16 r
  candidate_valid_o[4] (out)               0.00      37.16 r
  data arrival time                                  37.16

  clock recam_boundary_clk (rise edge)    40.00      40.00
  clock network delay (ideal)              0.00      40.00
  output external delay                    0.00      40.00
  data required time                                 40.00
  -----------------------------------------------------------
  data required time                                 40.00
  data arrival time                                 -37.16
  -----------------------------------------------------------
  slack (MET)                                         2.84


  Startpoint: pivot_valid_i[0]
              (input port clocked by recam_boundary_clk)
  Endpoint: matrix_flat_o[6]
            (output port clocked by recam_boundary_clk)
  Path Group: recam_boundary_clk
  Path Type: max

  Des/Clust/Port     Wire Load Model       Library
  ------------------------------------------------
  recam_2r2c_analyzer
                     tsmc18_wl10           slow

  Point                                    Incr       Path
  -----------------------------------------------------------
  clock recam_boundary_clk (rise edge)     0.00       0.00
  clock network delay (ideal)              0.00       0.00
  input external delay                     0.00       0.00 r
  pivot_valid_i[0] (in)                    0.00       0.00 r
  U39/Y (INVX1)                            0.23       0.23 f
  U40/Y (INVX1)                            1.03       1.26 r
  U750/Y (NAND2X1)                         0.90       2.16 f
  U537/Y (AOI22XL)                         0.57       2.73 r
  U751/Y (OAI221XL)                        0.31       3.04 f
  U80/Y (NOR4XL)                           0.55       3.60 r
  U758/Y (NAND3X1)                         0.46       4.06 f
  U761/Y (NAND4XL)                         0.38       4.44 r
  U678/Y (NOR3X1)                          0.36       4.80 f
  U675/Y (INVX1)                           0.32       5.13 r
  U77/Y (NAND2X1)                          0.15       5.28 f
  U764/Y (NOR4BX1)                         1.10       6.38 r
  U765/Y (NOR2X1)                          0.38       6.76 f
  U433/Y (AND2X2)                          0.37       7.13 f
  U674/Y (NOR2X1)                          0.37       7.50 r
  U771/Y (NAND2X1)                         0.48       7.97 f
  U782/Y (AOI21X1)                         0.89       8.86 r
  U783/Y (NAND2X1)                         0.46       9.32 f
  U784/Y (NOR2X1)                          0.45       9.77 r
  U34/Y (INVX1)                            0.44      10.21 f
  U808/Y (NOR2X1)                          1.56      11.76 r
  U28/Y (NOR2X1)                           1.10      12.86 f
  U817/Y (AOI22X1)                         0.79      13.64 r
  U63/Y (AOI22XL)                          0.31      13.95 f
  U818/Y (OAI221XL)                        0.28      14.23 r
  U353/Y (AOI211XL)                        0.24      14.47 f
  U819/Y (OAI21XL)                         0.28      14.76 r
  U57/Y (AOI211XL)                         0.22      14.98 f
  U820/Y (OAI21XL)                         0.28      15.26 r
  U56/Y (NOR3XL)                           0.24      15.50 f
  U821/Y (NAND3X1)                         0.30      15.80 r
  U822/Y (NAND2X1)                         0.23      16.03 f
  U823/Y (NOR2BX1)                         0.55      16.59 r
  U908/Y (NOR2X1)                          0.36      16.95 f
  U683/Y (NOR2X1)                          0.81      17.76 r
  U909/Y (NAND2X1)                         0.23      17.99 f
  U281/Y (NOR2X2)                          0.81      18.80 r
  U663/Y (NAND2X1)                         0.87      19.67 f
  U23/Y (INVX1)                            1.24      20.91 r
  U911/Y (AOI21X1)                         0.35      21.27 f
  U912/Y (INVX1)                           0.61      21.88 r
  U914/Y (NOR2X1)                          0.28      22.16 f
  U185/Y (AOI211XL)                        0.43      22.60 r
  U931/Y (OAI21XL)                         0.28      22.88 f
  U163/Y (AOI211XL)                        0.45      23.32 r
  U935/Y (OAI21XL)                         0.28      23.61 f
  U936/Y (OR4X2)                           0.58      24.19 f
  U48/Y (NAND2X1)                          0.40      24.59 r
  U941/Y (AOI211X1)                        0.33      24.92 f
  U942/Y (NOR2X1)                          0.48      25.40 r
  U952/Y (NOR4BX1)                         0.64      26.04 r
  U953/Y (NOR2X1)                          0.30      26.34 f
  U954/Y (NOR2BX1)                         0.42      26.76 f
  U955/Y (INVX1)                           0.48      27.23 r
  U956/Y (NAND3X1)                         0.43      27.66 f
  U35/Y (NOR2X1)                           1.15      28.81 r
  U972/Y (NAND2X1)                         0.59      29.40 f
  U973/Y (INVX1)                           0.68      30.07 r
  U990/Y (OAI21XL)                         0.30      30.37 f
  U122/Y (NAND4XL)                         0.38      30.76 r
  U118/Y (NOR4BX2)                         0.38      31.14 f
  U1028/Y (AOI21X1)                        0.48      31.62 r
  U45/Y (NAND2X1)                          0.43      32.05 f
  U1035/Y (NAND2X1)                        0.48      32.53 r
  U1041/Y (NOR3X1)                         0.35      32.88 f
  U1042/Y (NOR2X1)                         0.45      33.33 r
  U679/Y (INVX1)                           0.25      33.58 f
  U1046/Y (NOR2X1)                         0.51      34.09 r
  U1047/Y (INVX1)                          0.34      34.44 f
  U689/Y (OAI21XL)                         0.97      35.41 r
  U99/Y (AOI22XL)                          0.36      35.77 f
  U1065/Y (OAI21XL)                        0.30      36.06 r
  U691/Y (NOR2X1)                          0.18      36.24 f
  U1066/Y (OAI21XL)                        0.79      37.03 r
  matrix_flat_o[6] (out)                   0.00      37.03 r
  data arrival time                                  37.03

  clock recam_boundary_clk (rise edge)    40.00      40.00
  clock network delay (ideal)              0.00      40.00
  output external delay                    0.00      40.00
  data required time                                 40.00
  -----------------------------------------------------------
  data required time                                 40.00
  data arrival time                                 -37.03
  -----------------------------------------------------------
  slack (MET)                                         2.97


  Startpoint: pivot_valid_i[0]
              (input port clocked by recam_boundary_clk)
  Endpoint: matrix_flat_o[4]
            (output port clocked by recam_boundary_clk)
  Path Group: recam_boundary_clk
  Path Type: max

  Des/Clust/Port     Wire Load Model       Library
  ------------------------------------------------
  recam_2r2c_analyzer
                     tsmc18_wl10           slow

  Point                                    Incr       Path
  -----------------------------------------------------------
  clock recam_boundary_clk (rise edge)     0.00       0.00
  clock network delay (ideal)              0.00       0.00
  input external delay                     0.00       0.00 r
  pivot_valid_i[0] (in)                    0.00       0.00 r
  U39/Y (INVX1)                            0.23       0.23 f
  U40/Y (INVX1)                            1.03       1.26 r
  U750/Y (NAND2X1)                         0.90       2.16 f
  U537/Y (AOI22XL)                         0.57       2.73 r
  U751/Y (OAI221XL)                        0.31       3.04 f
  U80/Y (NOR4XL)                           0.55       3.60 r
  U758/Y (NAND3X1)                         0.46       4.06 f
  U761/Y (NAND4XL)                         0.38       4.44 r
  U678/Y (NOR3X1)                          0.36       4.80 f
  U675/Y (INVX1)                           0.32       5.13 r
  U77/Y (NAND2X1)                          0.15       5.28 f
  U764/Y (NOR4BX1)                         1.10       6.38 r
  U765/Y (NOR2X1)                          0.38       6.76 f
  U433/Y (AND2X2)                          0.37       7.13 f
  U674/Y (NOR2X1)                          0.37       7.50 r
  U771/Y (NAND2X1)                         0.48       7.97 f
  U782/Y (AOI21X1)                         0.89       8.86 r
  U783/Y (NAND2X1)                         0.46       9.32 f
  U784/Y (NOR2X1)                          0.45       9.77 r
  U34/Y (INVX1)                            0.44      10.21 f
  U808/Y (NOR2X1)                          1.56      11.76 r
  U28/Y (NOR2X1)                           1.10      12.86 f
  U816/Y (AOI22X1)                         0.80      13.66 r
  U818/Y (OAI221XL)                        0.35      14.01 f
  U353/Y (AOI211XL)                        0.48      14.49 r
  U819/Y (OAI21XL)                         0.28      14.76 f
  U57/Y (AOI211XL)                         0.47      15.23 r
  U820/Y (OAI21XL)                         0.27      15.51 f
  U56/Y (NOR3XL)                           0.48      15.99 r
  U821/Y (NAND3X1)                         0.30      16.29 f
  U822/Y (NAND2X1)                         0.35      16.64 r
  U823/Y (NOR2BX1)                         0.29      16.93 f
  U857/Y (NOR3X1)                          0.82      17.75 r
  U30/Y (AND2X1)                           0.43      18.18 r
  U32/Y (INVX1)                            0.45      18.63 f
  U25/Y (INVX1)                            1.08      19.72 r
  U858/Y (NAND2X1)                         0.42      20.14 f
  U682/Y (OAI21XL)                         0.83      20.97 r
  U868/Y (INVX1)                           0.48      21.45 f
  U869/Y (NAND2X1)                         0.47      21.92 r
  U176/Y (INVXL)                           0.19      22.11 f
  U167/Y (AOI211XL)                        0.41      22.52 r
  U876/Y (OAI21XL)                         0.28      22.80 f
  U159/Y (AOI211XL)                        0.45      23.25 r
  U880/Y (OAI21XL)                         0.28      23.53 f
  U881/Y (OR4X2)                           0.62      24.15 f
  U885/Y (NAND2X1)                         0.30      24.45 r
  U897/Y (OR4X2)                           0.33      24.78 r
  U898/Y (INVX1)                           0.19      24.97 f
  U899/Y (NOR2X1)                          0.53      25.49 r
  U963/Y (NOR4BX1)                         0.65      26.14 r
  U964/Y (INVX1)                           0.36      26.50 f
  U965/Y (NAND2X1)                         0.52      27.02 r
  U970/Y (NAND3X1)                         0.43      27.46 f
  U687/Y (NOR2X1)                          0.47      27.93 r
  U37/Y (INVX1)                            0.46      28.39 f
  U994/Y (NOR2X1)                          0.73      29.12 r
  U995/Y (INVX1)                           0.44      29.56 f
  U47/Y (AOI22XL)                          0.67      30.23 r
  U112/Y (AOI211XL)                        0.29      30.52 f
  U1010/Y (OAI21XL)                        0.28      30.80 r
  U46/Y (AOI211X1)                         0.20      31.00 f
  U43/Y (OAI21X1)                          0.38      31.39 r
  U1011/Y (OAI21XL)                        0.46      31.85 f
  U1013/Y (INVX1)                          0.37      32.21 r
  U1019/Y (NAND3BX1)                       0.36      32.58 f
  U1025/Y (NAND4X1)                        0.42      33.00 r
  U1026/Y (NAND2X1)                        0.27      33.26 f
  U42/Y (NOR2X2)                           0.57      33.83 r
  U1046/Y (NOR2X1)                         0.36      34.19 f
  U1048/Y (AOI22XL)                        0.43      34.62 r
  U689/Y (OAI21XL)                         0.55      35.18 f
  U90/Y (AOI22XL)                          0.51      35.69 r
  U85/Y (NOR4BXL)                          0.49      36.18 r
  U1124/Y (OAI21XL)                        0.64      36.82 f
  matrix_flat_o[4] (out)                   0.00      36.82 f
  data arrival time                                  36.82

  clock recam_boundary_clk (rise edge)    40.00      40.00
  clock network delay (ideal)              0.00      40.00
  output external delay                    0.00      40.00
  data required time                                 40.00
  -----------------------------------------------------------
  data required time                                 40.00
  data arrival time                                 -36.82
  -----------------------------------------------------------
  slack (MET)                                         3.18


1
