 
****************************************
Report : cell
Design : recam_dss_g2x2_r_static_early_live_state_top
Version: W-2024.09-SP2
Date   : Tue Sep 29 16:57:00 2026
****************************************

Attributes:
    b - black box (unknown)
    h - hierarchical
    n - noncombinational
    p - parameterized
    r - removable
    u - contains unmapped logic

Cell                      Reference       Library             Area  Attributes
--------------------------------------------------------------------------------
U2                        BUFX8           slow            29.937599 
U3                        BUFX4           slow            16.632000 
U4                        BUFX3           slow            13.305600 
U5                        BUFX3           slow            13.305600 
U6                        AND2X4          slow            16.632000 
U7                        BUFX20          slow            53.222401 
analyzer                  recam_shared_config_analyzer_ROW_ADDR_W9_PHYS_COL_ADDR_W13_WORD_COL_ADDR_W5_HYBRID_LINE_ADDR_W13_HYBRID_ENTRIES7
                                                          81613.224673
                                                                    h, p
core                      recam_dss_g2x2_r_static_early_live_state_core
                                                          2498.126421
                                                                    h, n
selected_address_mux      dss_early_selected_address_mux_ROW_ADDR_W9_PHYS_COL_ADDR_W13
                                                          5039.496015
                                                                    h, p
--------------------------------------------------------------------------------
Total 9 cells                                             89293.882309
1
