 
****************************************
check_design summary:
Version:     W-2024.09-SP2
Date:        Tue Sep 29 16:57:00 2026
****************************************

                   Name                                            Total
--------------------------------------------------------------------------------
Inputs/Outputs                                                     12
    Unconnected ports (LINT-28)                                     2
    Shorted outputs (LINT-31)                                       7
    Constant outputs (LINT-52)                                      3

Cells                                                               2
    Connected to power or ground (LINT-32)                          2
--------------------------------------------------------------------------------

Warning: In design 'recam_shared_config_analyzer_ROW_ADDR_W9_PHYS_COL_ADDR_W13_WORD_COL_ADDR_W5_HYBRID_LINE_ADDR_W13_HYBRID_ENTRIES7', port 'row_gt1_i[4]' is not connected to any nets. (LINT-28)
Warning: In design 'recam_shared_config_analyzer_ROW_ADDR_W9_PHYS_COL_ADDR_W13_WORD_COL_ADDR_W5_HYBRID_LINE_ADDR_W13_HYBRID_ENTRIES7', port 'col_gt1_i[4]' is not connected to any nets. (LINT-28)
Warning: In design 'recam_dss_g2x2_r_static_early_live_state_top', output port 'active_sa_o[1]' is connected directly to output port 'solution_sa_o[1]'. (LINT-31)
Warning: In design 'recam_dss_g2x2_r_static_early_live_state_top', output port 'active_sa_o[0]' is connected directly to output port 'solution_sa_o[0]'. (LINT-31)
Warning: In design 'recam_dss_g2x2_r_static_early_live_state_top', output port 'scan_config_o[2]' is connected directly to output port 'solution_config_o[2]'. (LINT-31)
Warning: In design 'recam_dss_g2x2_r_static_early_live_state_top', output port 'scan_config_o[1]' is connected directly to output port 'solution_config_o[1]'. (LINT-31)
Warning: In design 'recam_dss_g2x2_r_static_early_live_state_top', output port 'scan_config_o[0]' is connected directly to output port 'solution_config_o[0]'. (LINT-31)
Warning: In design 'recam_shared_config_analyzer_ROW_ADDR_W9_PHYS_COL_ADDR_W13_WORD_COL_ADDR_W5_HYBRID_LINE_ADDR_W13_HYBRID_ENTRIES7', output port 'solution_valid_o' is connected directly to output port 'repairable_o'. (LINT-31)
Warning: In design 'dss_early_selected_address_mux_ROW_ADDR_W9_PHYS_COL_ADDR_W13', output port 'solution_line_valid_o[2]' is connected directly to output port 'solution_line_valid_o[1]'. (LINT-31)
Warning: In design 'recam_dss_g2x2_r_static_early_live_state_top', a pin on submodule 'analyzer' is connected to logic 1 or logic 0. (LINT-32)
   Pin 'config_id_i[0]' is connected to logic 0. 
Warning: In design 'recam_dss_g2x2_r_static_early_live_state_top', a pin on submodule 'selected_address_mux' is connected to logic 1 or logic 0. (LINT-32)
   Pin 'selected_config_i[0]' is connected to logic 0. 
Warning: In design 'recam_dss_g2x2_r_static_early_live_state_top', output port 'scan_config_o[0]' is connected directly to 'logic 0'. (LINT-52)
Warning: In design 'recam_dss_g2x2_r_static_early_live_state_top', output port 'solution_config_o[0]' is connected directly to 'logic 0'. (LINT-52)
Warning: In design 'recam_dss_g2x2_r_static_early_live_state_core', output port 'scan_config_id_o[0]' is connected directly to 'logic 0'. (LINT-52)
1
