 
****************************************
Report : area
Design : recam_dss_g2x2_r_static_early_live_state_top
Version: W-2024.09-SP2
Date   : Tue Sep 29 16:57:00 2026
****************************************

Library(s) Used:

    slow (File: /cad/std_libraries/CBDK_TSMC018_Arm_f1.0/CIC/SynopsysDC/db/slow.db)

Number of ports:                          883
Number of nets:                          5202
Number of cells:                         4432
Number of combinational cells:           4412
Number of sequential cells:                15
Number of macros/black boxes:               0
Number of buf/inv:                       1306
Number of references:                       8

Combinational area:              88445.650296
Buf/Inv area:                    14486.472187
Noncombinational area:             848.232014
Macro/Black Box area:                0.000000
Net Interconnect area:          473529.040649

Total cell area:                 89293.882309
Total area:                     562822.922959

Hierarchical area distribution
------------------------------

                                  Global cell area            Local cell area
                                  -------------------  ----------------------------- 
Hierarchical cell                 Absolute    Percent  Combi-      Noncombi-  Black-
                                  Total       Total    national    national   boxes   Design
--------------------------------  ----------  -------  ----------  ---------  ------  ----------------------------------------------------------------------------------------------------------------
recam_dss_g2x2_r_static_early_live_state_top
                                  89293.8823    100.0    143.0352     0.0000  0.0000  recam_dss_g2x2_r_static_early_live_state_top
analyzer                          81613.2247     91.4  81613.2247     0.0000  0.0000  recam_shared_config_analyzer_ROW_ADDR_W9_PHYS_COL_ADDR_W13_WORD_COL_ADDR_W5_HYBRID_LINE_ADDR_W13_HYBRID_ENTRIES7
core                               2498.1264      2.8   1649.8944   848.2320  0.0000  recam_dss_g2x2_r_static_early_live_state_core
selected_address_mux               5039.4960      5.6   5039.4960     0.0000  0.0000  dss_early_selected_address_mux_ROW_ADDR_W9_PHYS_COL_ADDR_W13
--------------------------------  ----------  -------  ----------  ---------  ------  ----------------------------------------------------------------------------------------------------------------
Total                                                  88445.6503   848.2320  0.0000

1
