 
****************************************
Report : qor
Design : recam_dss_g2x2_r_static_early_live_state_top
Version: W-2024.09-SP2
Date   : Tue Sep 29 16:57:00 2026
****************************************


  Timing Path Group 'recam_clk'
  -----------------------------------
  Levels of Logic:             106.00
  Critical Path Length:         24.99
  Critical Path Slack:           0.01
  Critical Path Clk Period:     25.00
  Total Negative Slack:          0.00
  No. of Violating Paths:        0.00
  Worst Hold Violation:          0.00
  Total Hold Violation:          0.00
  No. of Hold Violations:        0.00
  -----------------------------------


  Cell Count
  -----------------------------------
  Hierarchical Cell Count:          3
  Hierarchical Port Count:        506
  Leaf Cell Count:               4427
  Buf/Inv Cell Count:            1306
  Buf Cell Count:                 168
  Inv Cell Count:                1138
  CT Buf/Inv Cell Count:            0
  Combinational Cell Count:      4412
  Sequential Cell Count:           15
  Macro Count:                      0
  -----------------------------------


  Area
  -----------------------------------
  Combinational Area:    88445.650296
  Noncombinational Area:   848.232014
  Buf/Inv Area:          14486.472187
  Total Buffer Area:          3868.60
  Total Inverter Area:       10617.87
  Macro/Black Box Area:      0.000000
  Net Area:             473529.040649
  -----------------------------------
  Cell Area:             89293.882309
  Design Area:          562822.922959


  Design Rules
  -----------------------------------
  Total Number of Nets:          4710
  Nets With Violations:             0
  Max Trans Violations:             0
  Max Cap Violations:               0
  -----------------------------------


  Hostname: Kaohsiung

  Compile CPU Statistics
  -----------------------------------------
  Resource Sharing:                    2.61
  Logic Optimization:                 21.13
  Mapping Optimization:               12.06
  -----------------------------------------
  Overall Compile Time:               41.73
  Overall Compile Wall Clock Time:    42.05

  --------------------------------------------------------------------

  Design  WNS: 0.00  TNS: 0.00  Number of Violating Paths: 0


  Design (Hold)  WNS: 0.00  TNS: 0.00  Number of Violating Paths: 0

  --------------------------------------------------------------------


1
