 
****************************************
Report : reference
Design : recam_dss_g2x2_r_static_early_live_state_top
Version: W-2024.09-SP2
Date   : Tue Sep 29 16:57:00 2026
****************************************

Attributes:
    b - black box (unknown)
   bo - allows boundary optimization
    d - dont_touch
   mo - map_only
    h - hierarchical
    n - noncombinational
    r - removable
    s - synthetic operator
    u - contains unmapped logic

Reference          Library       Unit Area   Count    Total Area   Attributes
-----------------------------------------------------------------------------
AND2X4             slow          16.632000       1     16.632000  
BUFX3              slow          13.305600       2     26.611200  
BUFX4              slow          16.632000       1     16.632000  
BUFX8              slow          29.937599       1     29.937599  
BUFX20             slow          53.222401       1     53.222401  
dss_early_selected_address_mux_ROW_ADDR_W9_PHYS_COL_ADDR_W13
                               5039.496015       1   5039.496015  h
recam_dss_g2x2_r_static_early_live_state_core
                               2498.126421       1   2498.126421  h, n
recam_shared_config_analyzer_ROW_ADDR_W9_PHYS_COL_ADDR_W13_WORD_COL_ADDR_W5_HYBRID_LINE_ADDR_W13_HYBRID_ENTRIES7
                              81613.224673       1  81613.224673  h
-----------------------------------------------------------------------------
Total 8 references                                  89293.882309

****************************************
Design: dss_early_selected_address_mux_ROW_ADDR_W9_PHYS_COL_ADDR_W13 
****************************************
Reference          Library       Unit Area   Count    Total Area   Attributes
-----------------------------------------------------------------------------
AND2X2             slow          13.305600      22    292.723204  
AND2X4             slow          16.632000       3     49.896000  
AOI2BB1X2          slow          23.284800       1     23.284800  
AOI2BB2X1          slow          23.284800       1     23.284800  
AOI2BB2X2          slow          29.937599       1     29.937599  
AOI22X1            slow          16.632000       4     66.528000  
AOI22X2            slow          29.937599      28    838.252777  
AOI22X4            slow          46.569599       5    232.847996  
AOI31X2            slow          29.937599       2     59.875198  
AOI32X4            slow          33.264000       1     33.264000  
BUFX3              slow          13.305600       1     13.305600  
BUFX12             slow          33.264000       3     99.792000  
BUFX16             slow          43.243198       3    129.729595  
BUFX20             slow          53.222401       1     53.222401  
CLKINVX2           slow           9.979200       6     59.875202  
CLKINVX3           slow           9.979200      36    359.251213  
CLKINVX4           slow          13.305600       1     13.305600  
CLKINVX8           slow          19.958401       2     39.916801  
INVX1              slow           6.652800      21    139.708802  
INVX2              slow           9.979200       3     29.937601  
INVX3              slow          13.305600       1     13.305600  
INVX4              slow          13.305600      13    172.972802  
INVX8              slow          19.958401      19    379.209614  
INVXL              slow           6.652800       2     13.305600  
MXI2X1             slow          23.284800       1     23.284800  
MXI2X2             slow          26.611200       1     26.611200  
MXI2X4             slow          46.569599       1     46.569599  
MXI2XL             slow          23.284800       1     23.284800  
NAND2BX1           slow          13.305600       1     13.305600  
NAND2X2            slow          16.632000       3     49.896000  
NAND2X4            slow          23.284800       1     23.284800  
NAND3X1            slow          13.305600       4     53.222401  
NAND3X2            slow          23.284800       3     69.854399  
NAND3X4            slow          33.264000       2     66.528000  
NAND4X1            slow          16.632000       1     16.632000  
NAND4X4            slow          56.548801       3    169.646404  
NAND4XL            slow          16.632000       1     16.632000  
NOR2X2             slow          16.632000       1     16.632000  
OAI2BB1X1          slow          16.632000       2     33.264000  
OAI2BB1X2          slow          23.284800       3     69.854399  
OAI2BB1X4          slow          33.264000       3     99.792000  
OAI2BB2X4          slow          49.896000       7    349.271999  
OAI211X1           slow          19.958401       1     19.958401  
OAI211X2           slow          33.264000       1     33.264000  
OAI221X2           slow          43.243198       1     43.243198  
OAI222X1           slow          29.937599       1     29.937599  
OAI222X2           slow          49.896000       1     49.896000  
OR2X2              slow          13.305600      15    199.584002  
OR2X4              slow          19.958401      12    239.500809  
XOR2X2             slow          33.264000       1     33.264000  
XOR2X4             slow          56.548801       1     56.548801  
-----------------------------------------------------------------------------
Total 51 references                                  5039.496015

****************************************
Design: recam_dss_g2x2_r_static_early_live_state_core 
****************************************
Reference          Library       Unit Area   Count    Total Area   Attributes
-----------------------------------------------------------------------------
AND2X1             slow          13.305600       1     13.305600  
AND2X4             slow          16.632000       1     16.632000  
AND3X2             slow          16.632000       1     16.632000  
AND3X4             slow          19.958401       1     19.958401  
AOI2BB1X1          slow          16.632000       2     33.264000  
AOI2BB2X2          slow          29.937599       1     29.937599  
AOI31X1            slow          16.632000       2     33.264000  
AOI31XL            slow          16.632000       1     16.632000  
BUFX1              slow          13.305600       3     39.916800  
BUFX3              slow          13.305600       4     53.222401  
BUFX12             slow          33.264000       1     33.264000  
CLKINVX3           slow           9.979200       6     59.875202  
CLKINVX8           slow          19.958401       1     19.958401  
DFFHQX4            slow          73.180801       2    146.361603  n
DFFHQXL            slow          53.222401      10    532.224007  n
DFFXL              slow          56.548801       3    169.646404  n
INVX1              slow           6.652800      18    119.750401  
INVX4              slow          13.305600       2     26.611200  
INVX8              slow          19.958401       2     39.916801  
INVXL              slow           6.652800       1      6.652800  
MXI2X1             slow          23.284800      13    302.702394  
MXI2XL             slow          23.284800       1     23.284800  
NAND2BX1           slow          13.305600       2     26.611200  
NAND2X1            slow           9.979200       1      9.979200  
NAND3X1            slow          13.305600       2     26.611200  
NAND3XL            slow          13.305600       1     13.305600  
NAND4X1            slow          16.632000       1     16.632000  
NOR2X2             slow          16.632000       1     16.632000  
NOR3X4             slow          33.264000       1     33.264000  
OAI2BB1X1          slow          16.632000       4     66.528000  
OAI2BB1X2          slow          23.284800       2     46.569599  
OAI2BB1X4          slow          33.264000       2     66.528000  
OAI22X1            slow          19.958401       2     39.916801  
OAI22XL            slow          19.958401       1     19.958401  
OAI31X1            slow          19.958401       1     19.958401  
OAI31X4            slow          29.937599       1     29.937599  
OR2X2              slow          13.305600      12    159.667202  
OR2X4              slow          19.958401       1     19.958401  
OR2XL              slow          13.305600       2     26.611200  
XOR2X1             slow          26.611200       4    106.444801  
-----------------------------------------------------------------------------
Total 40 references                                  2498.126421

****************************************
Design: recam_shared_config_analyzer_ROW_ADDR_W9_PHYS_COL_ADDR_W13_WORD_COL_ADDR_W5_HYBRID_LINE_ADDR_W13_HYBRID_ENTRIES7 
****************************************
Reference          Library       Unit Area   Count    Total Area   Attributes
-----------------------------------------------------------------------------
AND2X1             slow          13.305600       2     26.611200  
AND2X2             slow          13.305600      15    199.584002  
AND2X4             slow          16.632000       4     66.528000  
AND3X2             slow          16.632000      14    232.848000  
AND3X4             slow          19.958401       6    119.750404  
AND4X1             slow          19.958401       3     59.875202  
AND4X2             slow          19.958401      50    997.920036  
AND4X4             slow          36.590401      14    512.265610  
AOI2BB1X1          slow          16.632000      10    166.320000  
AOI2BB1X2          slow          23.284800       2     46.569599  
AOI2BB1X4          slow          36.590401       2     73.180801  
AOI2BB2X1          slow          23.284800      68   1583.366371  
AOI2BB2X2          slow          29.937599      12    359.251190  
AOI2BB2X4          slow          49.896000       2     99.792000  
AOI2BB2XL          slow          23.284800       6    139.708797  
AOI22X1            slow          16.632000       9    149.688000  
AOI31X1            slow          16.632000       2     33.264000  
AOI32X1            slow          23.284800       1     23.284800  
AOI33X1            slow          26.611200       2     53.222401  
AOI211X1           slow          16.632000       4     66.528000  
AOI211X2           slow          29.937599       1     29.937599  
AOI211X4           slow          33.264000       1     33.264000  
AOI221X1           slow          23.284800       3     69.854399  
AOI221X2           slow          39.916801       4    159.667206  
AOI221X4           slow          36.590401       3    109.771202  
AOI221XL           slow          23.284800       1     23.284800  
AOI222X1           slow          26.611200      20    532.224007  
AOI222X2           slow          46.569599       4    186.278397  
AOI222X4           slow          39.916801       1     39.916801  
AOI222XL           slow          26.611200       2     53.222401  
BUFX1              slow          13.305600      22    292.723204  
BUFX2              slow          13.305600       1     13.305600  
BUFX3              slow          13.305600      44    585.446407  
BUFX4              slow          16.632000      12    199.584000  
BUFX8              slow          29.937599      26    778.377579  
BUFX12             slow          33.264000      17    565.487999  
BUFX16             slow          43.243198       4    172.972794  
BUFX20             slow          53.222401       9    479.001606  
CLKBUFX2           slow          13.305600       1     13.305600  
CLKBUFX3           slow          13.305600       1     13.305600  
CLKBUFX4           slow          16.632000       2     33.264000  
CLKBUFX8           slow          23.284800       4     93.139198  
CLKINVX2           slow           9.979200       3     29.937601  
CLKINVX3           slow           9.979200     139   1387.108850  
CLKINVX4           slow          13.305600      20    266.112003  
CLKINVX8           slow          19.958401      19    379.209614  
CLKINVX12          slow          63.201599       3    189.604797  
CLKINVXL           slow           9.979200      12    119.750404  
DLY1X1             slow          19.958401       4     79.833603  
INVX1              slow           6.652800     592   3938.457649  
INVX2              slow           9.979200      20    199.584007  
INVX3              slow          13.305600       5     66.528001  
INVX4              slow          13.305600      43    572.140807  
INVX8              slow          19.958401      35    698.544025  
INVX12             slow          43.243198       7    302.702389  
INVX16             slow          56.548801       2    113.097603  
INVX20             slow          63.201599       3    189.604797  
INVXL              slow           6.652800     101    671.932808  
MX2X1              slow          26.611200     206   5481.907269  
MX2X2              slow          29.937599       6    179.625595  
MX2X4              slow          33.264000      20    665.279999  
MX2XL              slow          26.611200       1     26.611200  
MXI2X1             slow          23.284800     116   2701.036751  
MXI2X2             slow          26.611200      82   2182.118427  
MXI2X4             slow          46.569599      38   1769.644768  
MXI2XL             slow          23.284800      55   1280.663977  
NAND2BX2           slow          19.958401       1     19.958401  
NAND2BX4           slow          26.611200       1     26.611200  
NAND2BXL           slow          13.305600       1     13.305600  
NAND2X1            slow           9.979200      38    379.209614  
NAND2X2            slow          16.632000       1     16.632000  
NAND2X4            slow          23.284800       7    162.993597  
NAND2XL            slow           9.979200       3     29.937601  
NAND3BX4           slow          36.590401       1     36.590401  
NAND3BXL           slow          16.632000       1     16.632000  
NAND3X1            slow          13.305600     174   2315.174429  
NAND3X2            slow          23.284800      17    395.841593  
NAND3X4            slow          33.264000      28    931.391998  
NAND3XL            slow          13.305600      28    372.556805  
NAND4BBX1          slow          26.611200       2     53.222401  
NAND4BBX2          slow          36.590401       1     36.590401  
NAND4BX2           slow          33.264000       1     33.264000  
NAND4BX4           slow          59.875198       1     59.875198  
NAND4BXL           slow          19.958401       3     59.875202  
NAND4X1            slow          16.632000     119   1979.207996  
NAND4X2            slow          29.937599      32    958.003174  
NAND4X4            slow          56.548801      20   1130.976028  
NAND4XL            slow          16.632000      13    216.216000  
NOR2BX1            slow          13.305600       1     13.305600  
NOR2X1             slow           9.979200      32    319.334412  
NOR2X2             slow          16.632000       9    149.688000  
NOR2X4             slow          23.284800       8    186.278397  
NOR2XL             slow           9.979200       1      9.979200  
NOR3X1             slow          13.305600       6     79.833601  
NOR3X2             slow          23.284800       2     46.569599  
NOR3X4             slow          33.264000       2     66.528000  
NOR3XL             slow          13.305600       2     26.611200  
NOR4X1             slow          19.958401       2     39.916801  
NOR4X4             slow          56.548801       1     56.548801  
OAI2BB1X1          slow          16.632000      36    598.751999  
OAI2BB1X2          slow          23.284800      14    325.987194  
OAI2BB1X4          slow          33.264000      15    498.959999  
OAI2BB1XL          slow          16.632000      12    199.584000  
OAI2BB2X2          slow          33.264000       1     33.264000  
OAI21X4            slow          36.590401       2     73.180801  
OAI21XL            slow          13.305600       1     13.305600  
OAI22X1            slow          19.958401      65   1297.296047  
OAI22X2            slow          29.937599      17    508.939186  
OAI22X4            slow          46.569599       7    325.987194  
OAI22XL            slow          19.958401      11    219.542408  
OAI31X2            slow          29.937599       1     29.937599  
OAI31X4            slow          29.937599       2     59.875198  
OAI32X1            slow          23.284800       3     69.854399  
OAI32X4            slow          33.264000       6    199.584000  
OAI32XL            slow          23.284800       1     23.284800  
OAI211X1           slow          19.958401      15    299.376011  
OAI211X2           slow          33.264000       5    166.320000  
OAI211X4           slow          29.937599       5    149.687996  
OAI211XL           slow          19.958401       2     39.916801  
OAI221X2           slow          43.243198       3    129.729595  
OAI221X4           slow          36.590401       1     36.590401  
OAI221XL           slow          23.284800       2     46.569599  
OAI222X1           slow          29.937599       2     59.875198  
OAI222X4           slow          39.916801       8    319.334412  
OAI222XL           slow          26.611200       3     79.833601  
OR2X1              slow          13.305600       2     26.611200  
OR2X2              slow          13.305600     213   2834.092835  
OR2X4              slow          19.958401      65   1297.296047  
OR2XL              slow          13.305600      26    345.945604  
OR3X4              slow          29.937599       2     59.875198  
OR3XL              slow          16.632000       4     66.528000  
OR4X1              slow          19.958401       1     19.958401  
OR4X2              slow          19.958401      45    898.128033  
OR4X4              slow          36.590401      31   1134.302422  
XNOR2X1            slow          26.611200      47   1250.726416  
XNOR2X2            slow          36.590401       2     73.180801  
XNOR2X4            slow          56.548801       7    395.841610  
XNOR2XL            slow          26.611200       3     79.833601  
XOR2X1             slow          26.611200     652  17350.502617  
XOR2X2             slow          33.264000     112   3725.567993  
XOR2X4             slow          56.548801      16    904.780823  
XOR2XL             slow          26.611200      80   2128.896027  
-----------------------------------------------------------------------------
Total 142 references                                81613.224673
1
