 
****************************************
Report : cell
Design : recam_dss_l1x4_r_static_early_live_state_top
Version: W-2024.09-SP2
Date   : Tue Sep 29 17:04:20 2026
****************************************

Attributes:
    b - black box (unknown)
    h - hierarchical
    n - noncombinational
    p - parameterized
    r - removable
    u - contains unmapped logic

Cell                      Reference       Library             Area  Attributes
--------------------------------------------------------------------------------
U2                        CLKINVX4        slow            13.305600 
U3                        BUFX8           slow            29.937599 
U4                        BUFX8           slow            29.937599 
U5                        BUFX8           slow            29.937599 
U6                        BUFX8           slow            29.937599 
U7                        BUFX8           slow            29.937599 
U8                        BUFX8           slow            29.937599 
U9                        BUFX8           slow            29.937599 
U10                       BUFX4           slow            16.632000 
U11                       BUFX4           slow            16.632000 
U12                       BUFX4           slow            16.632000 
U13                       BUFX3           slow            13.305600 
U14                       BUFX3           slow            13.305600 
U15                       AND2X2          slow            13.305600 
U16                       BUFX12          slow            33.264000 
U17                       INVX8           slow            19.958401 
analyzer                  recam_shared_config_analyzer_ROW_ADDR_W9_PHYS_COL_ADDR_W13_WORD_COL_ADDR_W5_HYBRID_LINE_ADDR_W13_HYBRID_ENTRIES7
                                                          80755.013471
                                                                    h, p
core                      recam_dss_l1x4_r_static_early_live_state_core
                                                          2328.480021
                                                                    h, n
selected_address_mux      dss_early_selected_address_mux_ROW_ADDR_W9_PHYS_COL_ADDR_W13
                                                          4394.174411
                                                                    h, p
--------------------------------------------------------------------------------
Total 19 cells                                            87843.571899
1
