 
****************************************
Report : qor
Design : recam_dss_l1x4_r_static_early_live_state_top
Version: W-2024.09-SP2
Date   : Tue Sep 29 17:04:20 2026
****************************************


  Timing Path Group 'recam_clk'
  -----------------------------------
  Levels of Logic:             111.00
  Critical Path Length:         25.00
  Critical Path Slack:           0.00
  Critical Path Clk Period:     25.00
  Total Negative Slack:          0.00
  No. of Violating Paths:        0.00
  Worst Hold Violation:          0.00
  Total Hold Violation:          0.00
  No. of Hold Violations:        0.00
  -----------------------------------


  Cell Count
  -----------------------------------
  Hierarchical Cell Count:          3
  Hierarchical Port Count:        506
  Leaf Cell Count:               4413
  Buf/Inv Cell Count:            1290
  Buf Cell Count:                 153
  Inv Cell Count:                1137
  CT Buf/Inv Cell Count:            0
  Combinational Cell Count:      4399
  Sequential Cell Count:           14
  Macro Count:                      0
  -----------------------------------


  Area
  -----------------------------------
  Combinational Area:    87055.215087
  Noncombinational Area:   788.356812
  Buf/Inv Area:          13448.635373
  Total Buffer Area:          3289.81
  Total Inverter Area:       10158.83
  Macro/Black Box Area:      0.000000
  Net Area:             472362.368164
  -----------------------------------
  Cell Area:             87843.571899
  Design Area:          560205.940063


  Design Rules
  -----------------------------------
  Total Number of Nets:          4696
  Nets With Violations:             0
  Max Trans Violations:             0
  Max Cap Violations:               0
  -----------------------------------


  Hostname: Kaohsiung

  Compile CPU Statistics
  -----------------------------------------
  Resource Sharing:                    2.39
  Logic Optimization:                 20.63
  Mapping Optimization:                8.32
  -----------------------------------------
  Overall Compile Time:               36.84
  Overall Compile Wall Clock Time:    37.17

  --------------------------------------------------------------------

  Design  WNS: 0.00  TNS: 0.00  Number of Violating Paths: 0


  Design (Hold)  WNS: 0.00  TNS: 0.00  Number of Violating Paths: 0

  --------------------------------------------------------------------


1
