 
****************************************
Report : reference
Design : recam_dss_l1x4_r_static_early_live_state_top
Version: W-2024.09-SP2
Date   : Tue Sep 29 17:04:20 2026
****************************************

Attributes:
    b - black box (unknown)
   bo - allows boundary optimization
    d - dont_touch
   mo - map_only
    h - hierarchical
    n - noncombinational
    r - removable
    s - synthetic operator
    u - contains unmapped logic

Reference          Library       Unit Area   Count    Total Area   Attributes
-----------------------------------------------------------------------------
AND2X2             slow          13.305600       1     13.305600  
BUFX3              slow          13.305600       2     26.611200  
BUFX4              slow          16.632000       3     49.896000  
BUFX8              slow          29.937599       7    209.563194  
BUFX12             slow          33.264000       1     33.264000  
CLKINVX4           slow          13.305600       1     13.305600  
INVX8              slow          19.958401       1     19.958401  
dss_early_selected_address_mux_ROW_ADDR_W9_PHYS_COL_ADDR_W13
                               4394.174411       1   4394.174411  h
recam_dss_l1x4_r_static_early_live_state_core
                               2328.480021       1   2328.480021  h, n
recam_shared_config_analyzer_ROW_ADDR_W9_PHYS_COL_ADDR_W13_WORD_COL_ADDR_W5_HYBRID_LINE_ADDR_W13_HYBRID_ENTRIES7
                              80755.013471       1  80755.013471  h
-----------------------------------------------------------------------------
Total 10 references                                 87843.571899

****************************************
Design: dss_early_selected_address_mux_ROW_ADDR_W9_PHYS_COL_ADDR_W13 
****************************************
Reference          Library       Unit Area   Count    Total Area   Attributes
-----------------------------------------------------------------------------
AND2X2             slow          13.305600      23    306.028804  
AND2X4             slow          16.632000       1     16.632000  
AND4X4             slow          36.590401       1     36.590401  
AOI2BB2X1          slow          23.284800       1     23.284800  
AOI2BB2X2          slow          29.937599       2     59.875198  
AOI22X1            slow          16.632000       1     16.632000  
AOI22X2            slow          29.937599      24    718.502380  
AOI22X4            slow          46.569599       1     46.569599  
AOI31X1            slow          16.632000       1     16.632000  
AOI31X4            slow          29.937599       1     29.937599  
AOI32X4            slow          33.264000       1     33.264000  
BUFX3              slow          13.305600       4     53.222401  
BUFX4              slow          16.632000       1     16.632000  
BUFX8              slow          29.937599       1     29.937599  
BUFX16             slow          43.243198       2     86.486397  
BUFX20             slow          53.222401       4    212.889603  
CLKBUFX8           slow          23.284800       2     46.569599  
CLKINVX3           slow           9.979200      24    239.500809  
CLKINVX4           slow          13.305600       1     13.305600  
CLKINVX8           slow          19.958401       1     19.958401  
INVX1              slow           6.652800      16    106.444801  
INVX2              slow           9.979200       3     29.937601  
INVX4              slow          13.305600      12    159.667202  
INVX8              slow          19.958401       5     99.792004  
INVX12             slow          43.243198       1     43.243198  
INVX20             slow          63.201599       1     63.201599  
INVXL              slow           6.652800       2     13.305600  
MX2X2              slow          29.937599       1     29.937599  
MXI2XL             slow          23.284800       2     46.569599  
NAND2BX1           slow          13.305600       3     39.916800  
NAND2BX2           slow          19.958401       1     19.958401  
NAND2BX4           slow          26.611200       5    133.056002  
NAND2X1            slow           9.979200       1      9.979200  
NAND3X1            slow          13.305600      12    159.667202  
NAND3X4            slow          33.264000       1     33.264000  
NAND3XL            slow          13.305600      11    146.361602  
NAND4BX2           slow          33.264000       1     33.264000  
NAND4X1            slow          16.632000       1     16.632000  
NAND4X4            slow          56.548801       1     56.548801  
NOR2X1             slow           9.979200       2     19.958401  
NOR2X2             slow          16.632000       1     16.632000  
NOR2X4             slow          23.284800       1     23.284800  
NOR2XL             slow           9.979200       2     19.958401  
OAI2BB1X1          slow          16.632000      15    249.480000  
OAI2BB1X2          slow          23.284800       7    162.993597  
OAI2BB1X4          slow          33.264000       1     33.264000  
OAI22X1            slow          19.958401       1     19.958401  
OAI31X2            slow          29.937599       1     29.937599  
OAI32X4            slow          33.264000       1     33.264000  
OAI211X2           slow          33.264000       1     33.264000  
OAI222X4           slow          39.916801       1     39.916801  
OR2X1              slow          13.305600       1     13.305600  
OR2X2              slow          13.305600       9    119.750401  
OR2X4              slow          19.958401       6    119.750404  
OR2XL              slow          13.305600       2     26.611200  
XOR2X4             slow          56.548801       3    169.646404  
-----------------------------------------------------------------------------
Total 56 references                                  4394.174411

****************************************
Design: recam_dss_l1x4_r_static_early_live_state_core 
****************************************
Reference          Library       Unit Area   Count    Total Area   Attributes
-----------------------------------------------------------------------------
AND2X2             slow          13.305600       1     13.305600  
AND2X4             slow          16.632000       1     16.632000  
AND3X2             slow          16.632000       1     16.632000  
AOI2BB1X1          slow          16.632000       4     66.528000  
AOI21XL            slow          13.305600       2     26.611200  
AOI31X1            slow          16.632000       1     16.632000  
AOI32X1            slow          23.284800       1     23.284800  
AOI222X1           slow          26.611200       1     26.611200  
BUFX1              slow          13.305600       3     39.916800  
CLKINVX2           slow           9.979200       1      9.979200  
CLKINVX3           slow           9.979200       5     49.896002  
CLKINVX8           slow          19.958401       2     39.916801  
DFFHQX4            slow          73.180801       2    146.361603  n
DFFHQXL            slow          53.222401      11    585.446407  n
DFFXL              slow          56.548801       1     56.548801  n
INVX1              slow           6.652800      18    119.750401  
INVX4              slow          13.305600       3     39.916800  
INVX8              slow          19.958401       1     19.958401  
INVXL              slow           6.652800       2     13.305600  
MXI2X1             slow          23.284800       9    209.563196  
MXI2X2             slow          26.611200       1     26.611200  
MXI2XL             slow          23.284800       1     23.284800  
NAND2X1            slow           9.979200       1      9.979200  
NAND3X1            slow          13.305600       5     66.528001  
NAND4X1            slow          16.632000       1     16.632000  
NOR2X1             slow           9.979200       1      9.979200  
NOR2X2             slow          16.632000       1     16.632000  
OAI2BB1X1          slow          16.632000       2     33.264000  
OAI2BB1X2          slow          23.284800       2     46.569599  
OAI2BB1X4          slow          33.264000       2     66.528000  
OAI21XL            slow          13.305600       1     13.305600  
OAI22X1            slow          19.958401       1     19.958401  
OAI22XL            slow          19.958401       1     19.958401  
OAI31X4            slow          29.937599       1     29.937599  
OAI32X4            slow          33.264000       1     33.264000  
OR2X2              slow          13.305600      11    146.361602  
OR2X4              slow          19.958401       2     39.916801  
OR2XL              slow          13.305600       5     66.528001  
XOR2X1             slow          26.611200       4    106.444801  
-----------------------------------------------------------------------------
Total 39 references                                  2328.480021

****************************************
Design: recam_shared_config_analyzer_ROW_ADDR_W9_PHYS_COL_ADDR_W13_WORD_COL_ADDR_W5_HYBRID_LINE_ADDR_W13_HYBRID_ENTRIES7 
****************************************
Reference          Library       Unit Area   Count    Total Area   Attributes
-----------------------------------------------------------------------------
AND2X1             slow          13.305600       4     53.222401  
AND2X2             slow          13.305600      18    239.500803  
AND2X4             slow          16.632000       5     83.160000  
AND3X2             slow          16.632000       9    149.688000  
AND3X4             slow          19.958401       4     79.833603  
AND4X2             slow          19.958401      43    858.211231  
AND4X4             slow          36.590401      16    585.446411  
AOI2BB1X1          slow          16.632000       8    133.056000  
AOI2BB1X2          slow          23.284800       8    186.278397  
AOI2BB1X4          slow          36.590401       1     36.590401  
AOI2BB2X1          slow          23.284800      79   1839.499166  
AOI2BB2X2          slow          29.937599      10    299.375992  
AOI2BB2X4          slow          49.896000       2     99.792000  
AOI2BB2XL          slow          23.284800       6    139.708797  
AOI22X1            slow          16.632000       9    149.688000  
AOI22X2            slow          29.937599       1     29.937599  
AOI31X1            slow          16.632000       2     33.264000  
AOI31X4            slow          29.937599       1     29.937599  
AOI31XL            slow          16.632000       2     33.264000  
AOI33X1            slow          26.611200       2     53.222401  
AOI211X1           slow          16.632000       2     33.264000  
AOI211X2           slow          29.937599       1     29.937599  
AOI211X4           slow          33.264000       1     33.264000  
AOI221X1           slow          23.284800       2     46.569599  
AOI221X2           slow          39.916801       1     39.916801  
AOI221X4           slow          36.590401       3    109.771202  
AOI221XL           slow          23.284800       1     23.284800  
AOI222X1           slow          26.611200      19    505.612806  
AOI222X2           slow          46.569599       7    325.987194  
AOI222X4           slow          39.916801       1     39.916801  
AOI222XL           slow          26.611200       1     26.611200  
BUFX1              slow          13.305600      30    399.168005  
BUFX3              slow          13.305600      41    545.529607  
BUFX4              slow          16.632000      10    166.320000  
BUFX8              slow          29.937599      18    538.876785  
BUFX12             slow          33.264000      10    332.639999  
BUFX16             slow          43.243198       3    129.729595  
BUFX20             slow          53.222401       5    266.112003  
CLKBUFX3           slow          13.305600       2     26.611200  
CLKBUFX4           slow          16.632000       2     33.264000  
CLKBUFX8           slow          23.284800       2     46.569599  
CLKINVX1           slow           9.979200       4     39.916801  
CLKINVX2           slow           9.979200       6     59.875202  
CLKINVX3           slow           9.979200     121   1207.483244  
CLKINVX4           slow          13.305600      24    319.334404  
CLKINVX8           slow          19.958401      19    379.209614  
CLKINVXL           slow           9.979200      19    189.604807  
INVX1              slow           6.652800     623   4144.694452  
INVX2              slow           9.979200      26    259.459209  
INVX3              slow          13.305600       3     39.916800  
INVX4              slow          13.305600      56    745.113609  
INVX8              slow          19.958401      31    618.710423  
INVX12             slow          43.243198       8    345.945587  
INVX16             slow          56.548801       1     56.548801  
INVXL              slow           6.652800      96    638.668808  
MX2X1              slow          26.611200     193   5135.961664  
MX2X2              slow          29.937599      15    449.063988  
MX2X4              slow          33.264000      12    399.167999  
MX2XL              slow          26.611200       5    133.056002  
MXI2X1             slow          23.284800     141   3283.156740  
MXI2X2             slow          26.611200      90   2395.008030  
MXI2X4             slow          46.569599      21    977.961582  
MXI2XL             slow          23.284800      46   1071.100780  
NAND2BX4           slow          26.611200       1     26.611200  
NAND2BXL           slow          13.305600       1     13.305600  
NAND2X1            slow           9.979200      36    359.251213  
NAND2X2            slow          16.632000       3     49.896000  
NAND2X4            slow          23.284800       4     93.139198  
NAND2XL            slow           9.979200       9     89.812803  
NAND3BX1           slow          16.632000       1     16.632000  
NAND3BX2           slow          26.611200       1     26.611200  
NAND3BX4           slow          36.590401       1     36.590401  
NAND3X1            slow          13.305600     177   2355.091229  
NAND3X2            slow          23.284800      18    419.126392  
NAND3X4            slow          33.264000      25    831.599998  
NAND3XL            slow          13.305600      27    359.251204  
NAND4BBX1          slow          26.611200       2     53.222401  
NAND4BBX2          slow          36.590401       1     36.590401  
NAND4BX1           slow          23.284800       2     46.569599  
NAND4BX2           slow          33.264000       2     66.528000  
NAND4BX4           slow          59.875198       3    179.625595  
NAND4BXL           slow          19.958401       2     39.916801  
NAND4X1            slow          16.632000     119   1979.207996  
NAND4X2            slow          29.937599      34   1017.878372  
NAND4X4            slow          56.548801      17    961.329624  
NAND4XL            slow          16.632000      15    249.480000  
NOR2BX2            slow          19.958401       1     19.958401  
NOR2BXL            slow          13.305600       1     13.305600  
NOR2X1             slow           9.979200      37    369.230413  
NOR2X2             slow          16.632000       3     49.896000  
NOR2X4             slow          23.284800       9    209.563196  
NOR2XL             slow           9.979200       2     19.958401  
NOR3BX2            slow          26.611200       1     26.611200  
NOR3BX4            slow          36.590401       1     36.590401  
NOR3X1             slow          13.305600       5     66.528001  
NOR3X2             slow          23.284800       1     23.284800  
NOR3X4             slow          33.264000       3     99.792000  
NOR3XL             slow          13.305600       4     53.222401  
NOR4X1             slow          19.958401       2     39.916801  
NOR4X2             slow          29.937599       2     59.875198  
NOR4X4             slow          56.548801       1     56.548801  
OAI2BB1X1          slow          16.632000      46    765.071999  
OAI2BB1X2          slow          23.284800      11    256.132795  
OAI2BB1X4          slow          33.264000      14    465.695999  
OAI2BB1XL          slow          16.632000       5     83.160000  
OAI21X4            slow          36.590401       3    109.771202  
OAI22X1            slow          19.958401      33    658.627224  
OAI22X2            slow          29.937599      10    299.375992  
OAI22X4            slow          46.569599       5    232.847996  
OAI22XL            slow          19.958401      49    977.961636  
OAI31X1            slow          19.958401       1     19.958401  
OAI31X2            slow          29.937599       1     29.937599  
OAI31X4            slow          29.937599       1     29.937599  
OAI32X1            slow          23.284800       2     46.569599  
OAI32X2            slow          36.590401       1     36.590401  
OAI32X4            slow          33.264000       6    199.584000  
OAI33X4            slow          36.590401       1     36.590401  
OAI211X1           slow          19.958401      12    239.500809  
OAI211X2           slow          33.264000       3     99.792000  
OAI211X4           slow          29.937599       9    269.438393  
OAI211XL           slow          19.958401       1     19.958401  
OAI221X2           slow          43.243198       4    172.972794  
OAI221XL           slow          23.284800       2     46.569599  
OAI222X2           slow          49.896000       2     99.792000  
OAI222X4           slow          39.916801       8    319.334412  
OAI222XL           slow          26.611200       2     53.222401  
OR2X1              slow          13.305600       2     26.611200  
OR2X2              slow          13.305600     188   2501.452831  
OR2X4              slow          19.958401      72   1437.004852  
OR2XL              slow          13.305600      27    359.251204  
OR3X2              slow          19.958401       1     19.958401  
OR3XL              slow          16.632000       4     66.528000  
OR4X1              slow          19.958401       2     39.916801  
OR4X2              slow          19.958401      45    898.128033  
OR4X4              slow          36.590401      33   1207.483223  
XNOR2X1            slow          26.611200      24    638.668808  
XNOR2X2            slow          36.590401      16    585.446411  
XNOR2X4            slow          56.548801       9    508.939213  
XNOR2XL            slow          26.611200       3     79.833601  
XOR2X1             slow          26.611200     610  16232.832203  
XOR2X2             slow          33.264000     145   4823.279991  
XOR2X4             slow          56.548801      21   1187.524830  
XOR2XL             slow          26.611200      91   2421.619230  
-----------------------------------------------------------------------------
Total 143 references                                80755.013471
1
