 
****************************************
check_design summary:
Version:     W-2024.09-SP2
Date:        Thu Sep 10 03:32:04 2026
****************************************

                   Name                                            Total
--------------------------------------------------------------------------------
Cells                                                              16
    Cells do not drive (LINT-1)                                    16
--------------------------------------------------------------------------------

Warning: In design 'recam_2r2c_matrix_builder', cell 'B_514' does not drive any nets. (LINT-1)
Warning: In design 'recam_2r2c_matrix_builder', cell 'B_515' does not drive any nets. (LINT-1)
Warning: In design 'recam_2r2c_matrix_builder', cell 'B_516' does not drive any nets. (LINT-1)
Warning: In design 'recam_2r2c_matrix_builder', cell 'B_523' does not drive any nets. (LINT-1)
Warning: In design 'recam_2r2c_matrix_builder', cell 'C7922' does not drive any nets. (LINT-1)
Warning: In design 'recam_2r2c_matrix_builder', cell 'C7926' does not drive any nets. (LINT-1)
Warning: In design 'recam_2r2c_matrix_builder', cell 'C7936' does not drive any nets. (LINT-1)
Warning: In design 'recam_2r2c_matrix_builder', cell 'C7940' does not drive any nets. (LINT-1)
Warning: In design 'recam_2r2c_matrix_builder', cell 'C7955' does not drive any nets. (LINT-1)
Warning: In design 'recam_2r2c_matrix_builder', cell 'C7959' does not drive any nets. (LINT-1)
Warning: In design 'recam_2r2c_matrix_builder', cell 'C7974' does not drive any nets. (LINT-1)
Warning: In design 'recam_2r2c_matrix_builder', cell 'C7978' does not drive any nets. (LINT-1)
Warning: In design 'recam_2r2c_matrix_builder', cell 'C7993' does not drive any nets. (LINT-1)
Warning: In design 'recam_2r2c_matrix_builder', cell 'C7997' does not drive any nets. (LINT-1)
Warning: In design 'recam_2r2c_matrix_builder', cell 'C8012' does not drive any nets. (LINT-1)
Warning: In design 'recam_2r2c_matrix_builder', cell 'C8016' does not drive any nets. (LINT-1)
1
