 
****************************************
Report : constraint
        -all_violators
Design : recam_2r2c_matrix_builder
Version: W-2024.09-SP2
Date   : Thu Sep 10 03:32:09 2026
****************************************


   max_delay/setup ('recam_boundary_clk' group)

                             Required        Actual
   Endpoint                 Path Delay     Path Delay        Slack
   -----------------------------------------------------------------
   matrix_flat_o[9]            20.00          67.92 r       -47.92  (VIOLATED)
   matrix_flat_o[13]           20.00          67.92 r       -47.92  (VIOLATED)
   matrix_flat_o[6]            20.00          67.91 r       -47.91  (VIOLATED)
   matrix_flat_o[14]           20.00          67.91 r       -47.91  (VIOLATED)
   matrix_flat_o[7]            20.00          67.75 r       -47.75  (VIOLATED)
   matrix_flat_o[11]           20.00          67.75 r       -47.75  (VIOLATED)
   matrix_flat_o[10]           20.00          67.53 r       -47.53  (VIOLATED)
   matrix_flat_o[1]            20.00          67.48 r       -47.48  (VIOLATED)
   matrix_flat_o[2]            20.00          67.47 r       -47.47  (VIOLATED)
   matrix_flat_o[5]            20.00          67.46 r       -47.46  (VIOLATED)
   matrix_flat_o[15]           20.00          67.37 r       -47.37  (VIOLATED)
   matrix_flat_o[3]            20.00          67.31 r       -47.31  (VIOLATED)
   matrix_flat_o[8]            20.00          67.18 r       -47.18  (VIOLATED)
   matrix_flat_o[4]            20.00          67.18 r       -47.18  (VIOLATED)
   matrix_flat_o[12]           20.00          67.16 r       -47.16  (VIOLATED)


   max_transition

                             Required        Actual
   Net                      Transition     Transition        Slack
   -----------------------------------------------------------------
   n2290                        3.00           4.82          -1.82  (VIOLATED)
       PIN :   U2165/A          3.00           4.82          -1.82  (VIOLATED)
       PIN :   U2096/B0         3.00           4.82          -1.82  (VIOLATED)
       PIN :   U2094/B0         3.00           4.82          -1.82  (VIOLATED)
       PIN :   U2091/B0         3.00           4.82          -1.82  (VIOLATED)
       PIN :   U2088/B0         3.00           4.82          -1.82  (VIOLATED)
       PIN :   U2085/B0         3.00           4.82          -1.82  (VIOLATED)
       PIN :   U2083/B0         3.00           4.82          -1.82  (VIOLATED)
       PIN :   U2081/B0         3.00           4.82          -1.82  (VIOLATED)
       PIN :   U2078/B0         3.00           4.82          -1.82  (VIOLATED)
       PIN :   U2075/B0         3.00           4.82          -1.82  (VIOLATED)
       PIN :   U2070/A          3.00           4.82          -1.82  (VIOLATED)
       PIN :   U2032/A0         3.00           4.82          -1.82  (VIOLATED)
       PIN :   U2166/Y          3.00           4.82          -1.82  (VIOLATED)
   n3097                        3.00           3.43          -0.43  (VIOLATED)
       PIN :   U2973/B1         3.00           3.43          -0.43  (VIOLATED)
       PIN :   U2970/B1         3.00           3.43          -0.43  (VIOLATED)
       PIN :   U2967/B1         3.00           3.43          -0.43  (VIOLATED)
       PIN :   U2964/B1         3.00           3.43          -0.43  (VIOLATED)
       PIN :   U2961/B1         3.00           3.43          -0.43  (VIOLATED)
       PIN :   U2955/B1         3.00           3.43          -0.43  (VIOLATED)
       PIN :   U2951/B1         3.00           3.43          -0.43  (VIOLATED)
       PIN :   U2947/B1         3.00           3.43          -0.43  (VIOLATED)
       PIN :   U2943/B1         3.00           3.43          -0.43  (VIOLATED)
       PIN :   U2974/Y          3.00           3.43          -0.43  (VIOLATED)
   n2117                        3.00           3.41          -0.41  (VIOLATED)
       PIN :   U1968/B          3.00           3.41          -0.41  (VIOLATED)
       PIN :   U1903/B0         3.00           3.41          -0.41  (VIOLATED)
       PIN :   U1901/B0         3.00           3.41          -0.41  (VIOLATED)
       PIN :   U1899/B0         3.00           3.41          -0.41  (VIOLATED)
       PIN :   U1897/B0         3.00           3.41          -0.41  (VIOLATED)
       PIN :   U1894/B0         3.00           3.41          -0.41  (VIOLATED)
       PIN :   U1892/B0         3.00           3.41          -0.41  (VIOLATED)
       PIN :   U1890/B0         3.00           3.41          -0.41  (VIOLATED)
       PIN :   U1887/B0         3.00           3.41          -0.41  (VIOLATED)
       PIN :   U1885/B0         3.00           3.41          -0.41  (VIOLATED)
       PIN :   U1969/Y          3.00           3.41          -0.41  (VIOLATED)

   -----------------------------------------------------------------
   Total                      3                  -2.66  

   max_fanout

                             Required        Actual
   Net                        Fanout         Fanout          Slack
   -----------------------------------------------------------------
   N651                        10.00          16.00          -6.00  (VIOLATED)
   n2290                       10.00          12.00          -2.00  (VIOLATED)

   -----------------------------------------------------------------
   Total                      2                  -8.00  

   max_capacitance

                             Required        Actual
   Net                      Capacitance    Capacitance       Slack
   -----------------------------------------------------------------
   N651                         0.15           0.22          -0.07  (VIOLATED)
   n2290                        0.15           0.17          -0.02  (VIOLATED)

   -----------------------------------------------------------------
   Total                      2                  -0.09  

1
