 
****************************************
Report : reference
Design : recam_2r2c_matrix_builder
Version: W-2024.09-SP2
Date   : Thu Sep 10 03:32:09 2026
****************************************

Attributes:
    b - black box (unknown)
   bo - allows boundary optimization
    d - dont_touch
   mo - map_only
    h - hierarchical
    n - noncombinational
    r - removable
    s - synthetic operator
    u - contains unmapped logic

Reference          Library       Unit Area   Count    Total Area   Attributes
-----------------------------------------------------------------------------
AND2X1             slow          13.305600      42    558.835207  
AND3X1             slow          16.632000      10    166.320000  
AND4X1             slow          19.958401      18    359.251213  
AOI2BB1X1          slow          16.632000       1     16.632000  
AOI21X1            slow          13.305600      10    133.056002  
AOI22X1            slow          16.632000     145   2411.639996  
AOI31X1            slow          16.632000      10    166.320000  
AOI32X1            slow          23.284800       2     46.569599  
AOI211X1           slow          16.632000      18    299.375999  
AOI221X1           slow          23.284800       6    139.708797  
AOI222X1           slow          26.611200      19    505.612806  
INVX1              slow           6.652800     318   2115.590426  
MX2X1              slow          26.611200      17    452.390406  
MXI2X1             slow          23.284800       4     93.139198  
NAND2BX1           slow          13.305600      12    159.667202  
NAND2X1            slow           9.979200     106   1057.795238  
NAND3BX1           slow          16.632000       7    116.424000  
NAND3X1            slow          13.305600      49    651.974408  
NAND4BXL           slow          19.958401      14    279.417610  
NAND4X1            slow          16.632000      71   1180.871998  
NOR2BX1            slow          13.305600      26    345.945604  
NOR2X1             slow           9.979200      49    488.980818  
NOR3BX1            slow          19.958401       1     19.958401  
NOR3X1             slow          13.305600      68    904.780811  
NOR4BX1            slow          19.958401      10    199.584007  
NOR4X1             slow          19.958401       7    139.708805  
OAI2BB1X1          slow          16.632000       1     16.632000  
OAI2BB2X1          slow          23.284800       2     46.569599  
OAI21XL            slow          13.305600      34    452.390406  
OAI22X1            slow          19.958401     164   3273.177719  
OAI31X1            slow          19.958401       4     79.833603  
OAI33X1            slow          26.611200       6    159.667202  
OAI211X1           slow          19.958401       6    119.750404  
OAI221XL           slow          23.284800      23    535.550390  
OAI222XL           slow          26.611200       3     79.833601  
OR2X1              slow          13.305600       1     13.305600  
OR4X1              slow          19.958401       1     19.958401  
XNOR2X1            slow          26.611200     322   8568.806507  
XOR2X1             slow          26.611200      51   1357.171217  
-----------------------------------------------------------------------------
Total 39 references                                 27732.197202
1
