 
****************************************
Report : timing
        -path full
        -delay max
        -max_paths 10
Design : recam_2r2c_matrix_builder
Version: W-2024.09-SP2
Date   : Thu Sep 10 03:32:09 2026
****************************************

Operating Conditions: slow   Library: slow
Wire Load Model Mode: top

  Startpoint: pivot_valid_i[1]
              (input port clocked by recam_boundary_clk)
  Endpoint: matrix_flat_o[13]
            (output port clocked by recam_boundary_clk)
  Path Group: recam_boundary_clk
  Path Type: max

  Des/Clust/Port     Wire Load Model       Library
  ------------------------------------------------
  recam_2r2c_matrix_builder
                     tsmc18_wl10           slow

  Point                                    Incr       Path
  -----------------------------------------------------------
  clock recam_boundary_clk (rise edge)     0.00       0.00
  clock network delay (ideal)              0.00       0.00
  input external delay                     0.00       0.00 f
  pivot_valid_i[1] (in)                    0.00       0.00 f
  U3167/Y (XOR2X1)                         0.54       0.54 r
  U3166/Y (XNOR2X1)                        0.41       0.95 f
  U3165/Y (NAND2X1)                        0.39       1.34 r
  U3163/Y (NOR2X1)                         0.46       1.80 f
  U3162/Y (AOI21X1)                        1.07       2.87 r
  U3161/Y (NOR2X1)                         0.55       3.42 f
  U3159/Y (NAND2X1)                        0.95       4.37 r
  U3116/Y (NOR3BX1)                        0.43       4.80 r
  U3103/Y (NAND4X1)                        0.32       5.12 f
  U3102/Y (INVX1)                          0.43       5.55 r
  U3101/Y (AOI211X1)                       0.21       5.77 f
  U3100/Y (NAND4X1)                        0.53       6.30 r
  U3097/Y (NOR4BX1)                        0.43       6.73 r
  U3085/Y (NOR4BX1)                        0.64       7.37 r
  U3071/Y (NOR4BX1)                        0.25       7.62 f
  U3070/Y (NAND4X1)                        0.38       8.00 r
  U3069/Y (NAND2BX1)                       0.38       8.38 f
  U3068/Y (INVX1)                          0.45       8.83 r
  U3067/Y (NAND3X1)                        0.35       9.18 f
  U2995/Y (NOR2BX1)                        0.73       9.91 r
  U2994/Y (AND2X1)                         0.71      10.61 r
  U2990/Y (NOR2BX1)                        1.65      12.27 r
  U2989/Y (NOR2X1)                         0.92      13.19 f
  U2956/Y (INVX1)                          0.49      13.68 r
  U2948/Y (OAI211X1)                       0.23      13.91 f
  U2940/Y (NOR4X1)                         0.34      14.26 r
  U2939/Y (NAND4X1)                        0.68      14.93 f
  U2913/Y (INVX1)                          0.33      15.26 r
  U2912/Y (AOI211X1)                       0.17      15.43 f
  U2911/Y (NAND4X1)                        0.66      16.10 r
  U2910/Y (NAND3BX1)                       0.53      16.63 f
  U2884/Y (NAND2BX1)                       0.53      17.16 f
  U2816/Y (NAND2X1)                        0.68      17.84 r
  U2812/Y (INVX1)                          0.39      18.23 f
  U2811/Y (NOR2BX1)                        0.74      18.97 r
  U2735/Y (NAND3X1)                        0.47      19.44 f
  U2734/Y (INVX1)                          0.54      19.97 r
  U2727/Y (NAND3X1)                        0.92      20.89 f
  U2696/Y (OAI22X1)                        0.63      21.53 r
  U2695/Y (XNOR2X1)                        0.41      21.94 f
  U2694/Y (NAND4BXL)                       0.28      22.22 r
  U2690/Y (OAI211X1)                       0.22      22.44 f
  U2681/Y (NOR4X1)                         0.35      22.79 r
  U2680/Y (NAND4X1)                        0.68      23.47 f
  U2646/Y (INVX1)                          0.33      23.80 r
  U2645/Y (AOI211X1)                       0.17      23.97 f
  U2644/Y (NAND4X1)                        0.63      24.60 r
  U2643/Y (NAND3BX1)                       0.53      25.13 f
  U2609/Y (NAND2BX1)                       0.60      25.73 f
  U2608/Y (NAND2X1)                        0.73      26.46 r
  U2603/Y (INVX1)                          0.39      26.85 f
  U2602/Y (AOI21X1)                        0.77      27.62 r
  U2535/Y (NAND3X1)                        0.47      28.09 f
  U2534/Y (INVX1)                          0.50      28.59 r
  U2498/Y (NAND3X1)                        0.92      29.51 f
  U2467/Y (OAI22X1)                        0.44      29.95 r
  U2466/Y (INVX1)                          0.33      30.27 f
  U2465/Y (XNOR2X1)                        0.34      30.61 f
  U2464/Y (NAND4BXL)                       0.28      30.89 r
  U2460/Y (OAI211X1)                       0.22      31.11 f
  U2452/Y (NOR4X1)                         0.35      31.46 r
  U2451/Y (NAND4X1)                        0.69      32.15 f
  U2417/Y (INVX1)                          0.34      32.49 r
  U2416/Y (AOI211X1)                       0.17      32.65 f
  U2415/Y (NAND4X1)                        0.65      33.30 r
  U2414/Y (NAND3BX1)                       0.55      33.85 f
  U2380/Y (NAND2BX1)                       0.61      34.46 f
  U2379/Y (NAND2X1)                        0.72      35.18 r
  U2378/Y (INVX1)                          0.39      35.57 f
  U2377/Y (AOI21X1)                        0.77      36.34 r
  U2376/Y (NAND3X1)                        0.47      36.81 f
  U2373/Y (INVX1)                          0.50      37.31 r
  U2273/Y (NAND3X1)                        0.92      38.23 f
  U2229/Y (OAI22X1)                        0.63      38.86 r
  U2228/Y (XNOR2X1)                        0.50      39.36 r
  U2227/Y (NAND4BXL)                       0.26      39.62 f
  U2223/Y (OAI211X1)                       0.25      39.87 r
  U2214/Y (NOR4X1)                         0.18      40.05 f
  U2213/Y (NAND4X1)                        0.50      40.55 r
  U2212/Y (INVX1)                          0.17      40.72 f
  U2211/Y (AOI211X1)                       0.39      41.11 r
  U2210/Y (NAND4X1)                        0.41      41.51 f
  U2209/Y (NAND2X1)                        0.48      41.99 r
  U2208/Y (NOR2X1)                         0.38      42.37 f
  U2174/Y (NAND2X1)                        0.53      42.90 r
  U2173/Y (NAND2X1)                        0.56      43.46 f
  U2170/Y (INVX1)                          0.42      43.88 r
  U2169/Y (AOI21X1)                        0.23      44.11 f
  U2168/Y (INVX1)                          0.21      44.32 r
  U2167/Y (AOI21X1)                        0.24      44.57 f
  U2166/Y (NOR4BX1)                        2.93      47.49 r
  U2070/Y (AND2X1)                         1.15      48.64 r
  U2047/Y (OAI22X1)                        0.52      49.16 f
  U2046/Y (XNOR2X1)                        0.37      49.53 f
  U2045/Y (NAND4BXL)                       0.29      49.82 r
  U2042/Y (OAI211X1)                       0.22      50.04 f
  U2036/Y (NOR4X1)                         0.36      50.39 r
  U2035/Y (NAND4X1)                        0.58      50.97 f
  U2006/Y (INVX1)                          0.42      51.39 r
  U2005/Y (AOI211X1)                       0.19      51.58 f
  U2004/Y (NAND4X1)                        0.61      52.19 r
  U2003/Y (NAND3X1)                        0.53      52.72 f
  U2002/Y (NOR2BX1)                        0.62      53.34 r
  U2001/Y (INVX1)                          0.28      53.62 f
  U2000/Y (NAND2X1)                        0.86      54.48 r
  U1996/Y (OAI21XL)                        0.66      55.14 f
  U1995/Y (INVX1)                          0.42      55.55 r
  U1994/Y (NAND3X1)                        0.34      55.89 f
  U1993/Y (INVX1)                          0.36      56.25 r
  U1992/Y (NAND2X1)                        0.39      56.64 f
  U1969/Y (NOR3X1)                         2.08      58.72 r
  U1968/Y (NOR2X1)                         0.62      59.34 f
  U1965/Y (INVX1)                          0.44      59.78 r
  U1962/Y (NOR2X1)                         0.29      60.07 f
  U1917/Y (NOR4BX1)                        0.50      60.57 r
  U1916/Y (NAND4X1)                        0.31      60.89 f
  U1915/Y (INVX1)                          0.41      61.30 r
  U1914/Y (AOI211X1)                       0.21      61.50 f
  U1913/Y (NAND4X1)                        0.44      61.94 r
  U1905/Y (NOR2BX1)                        0.61      62.55 r
  U1904/Y (NAND2X1)                        0.52      63.07 f
  U1881/Y (NAND2BX1)                       0.50      63.57 f
  U1822/Y (NAND2X1)                        0.68      64.25 r
  U1821/Y (NAND2X1)                        0.50      64.76 f
  U1820/Y (NOR2X1)                         0.78      65.54 r
  U1819/Y (INVX1)                          0.38      65.93 f
  U1676/Y (OAI21XL)                        0.71      66.63 r
  U1675/Y (AOI22X1)                        0.30      66.93 f
  U1668/Y (NAND4X1)                        0.25      67.19 r
  U1655/Y (NAND4BXL)                       0.73      67.92 r
  matrix_flat_o[13] (out)                  0.00      67.92 r
  data arrival time                                  67.92

  clock recam_boundary_clk (rise edge)    20.00      20.00
  clock network delay (ideal)              0.00      20.00
  output external delay                    0.00      20.00
  data required time                                 20.00
  -----------------------------------------------------------
  data required time                                 20.00
  data arrival time                                 -67.92
  -----------------------------------------------------------
  slack (VIOLATED)                                  -47.92


  Startpoint: pivot_valid_i[1]
              (input port clocked by recam_boundary_clk)
  Endpoint: matrix_flat_o[9]
            (output port clocked by recam_boundary_clk)
  Path Group: recam_boundary_clk
  Path Type: max

  Des/Clust/Port     Wire Load Model       Library
  ------------------------------------------------
  recam_2r2c_matrix_builder
                     tsmc18_wl10           slow

  Point                                    Incr       Path
  -----------------------------------------------------------
  clock recam_boundary_clk (rise edge)     0.00       0.00
  clock network delay (ideal)              0.00       0.00
  input external delay                     0.00       0.00 f
  pivot_valid_i[1] (in)                    0.00       0.00 f
  U3167/Y (XOR2X1)                         0.54       0.54 r
  U3166/Y (XNOR2X1)                        0.41       0.95 f
  U3165/Y (NAND2X1)                        0.39       1.34 r
  U3163/Y (NOR2X1)                         0.46       1.80 f
  U3162/Y (AOI21X1)                        1.07       2.87 r
  U3161/Y (NOR2X1)                         0.55       3.42 f
  U3159/Y (NAND2X1)                        0.95       4.37 r
  U3116/Y (NOR3BX1)                        0.43       4.80 r
  U3103/Y (NAND4X1)                        0.32       5.12 f
  U3102/Y (INVX1)                          0.43       5.55 r
  U3101/Y (AOI211X1)                       0.21       5.77 f
  U3100/Y (NAND4X1)                        0.53       6.30 r
  U3097/Y (NOR4BX1)                        0.43       6.73 r
  U3085/Y (NOR4BX1)                        0.64       7.37 r
  U3071/Y (NOR4BX1)                        0.25       7.62 f
  U3070/Y (NAND4X1)                        0.38       8.00 r
  U3069/Y (NAND2BX1)                       0.38       8.38 f
  U3068/Y (INVX1)                          0.45       8.83 r
  U3067/Y (NAND3X1)                        0.35       9.18 f
  U2995/Y (NOR2BX1)                        0.73       9.91 r
  U2994/Y (AND2X1)                         0.71      10.61 r
  U2990/Y (NOR2BX1)                        1.65      12.27 r
  U2989/Y (NOR2X1)                         0.92      13.19 f
  U2956/Y (INVX1)                          0.49      13.68 r
  U2948/Y (OAI211X1)                       0.23      13.91 f
  U2940/Y (NOR4X1)                         0.34      14.26 r
  U2939/Y (NAND4X1)                        0.68      14.93 f
  U2913/Y (INVX1)                          0.33      15.26 r
  U2912/Y (AOI211X1)                       0.17      15.43 f
  U2911/Y (NAND4X1)                        0.66      16.10 r
  U2910/Y (NAND3BX1)                       0.53      16.63 f
  U2884/Y (NAND2BX1)                       0.53      17.16 f
  U2816/Y (NAND2X1)                        0.68      17.84 r
  U2812/Y (INVX1)                          0.39      18.23 f
  U2811/Y (NOR2BX1)                        0.74      18.97 r
  U2735/Y (NAND3X1)                        0.47      19.44 f
  U2734/Y (INVX1)                          0.54      19.97 r
  U2727/Y (NAND3X1)                        0.92      20.89 f
  U2696/Y (OAI22X1)                        0.63      21.53 r
  U2695/Y (XNOR2X1)                        0.41      21.94 f
  U2694/Y (NAND4BXL)                       0.28      22.22 r
  U2690/Y (OAI211X1)                       0.22      22.44 f
  U2681/Y (NOR4X1)                         0.35      22.79 r
  U2680/Y (NAND4X1)                        0.68      23.47 f
  U2646/Y (INVX1)                          0.33      23.80 r
  U2645/Y (AOI211X1)                       0.17      23.97 f
  U2644/Y (NAND4X1)                        0.63      24.60 r
  U2643/Y (NAND3BX1)                       0.53      25.13 f
  U2609/Y (NAND2BX1)                       0.60      25.73 f
  U2608/Y (NAND2X1)                        0.73      26.46 r
  U2603/Y (INVX1)                          0.39      26.85 f
  U2602/Y (AOI21X1)                        0.77      27.62 r
  U2535/Y (NAND3X1)                        0.47      28.09 f
  U2534/Y (INVX1)                          0.50      28.59 r
  U2498/Y (NAND3X1)                        0.92      29.51 f
  U2467/Y (OAI22X1)                        0.44      29.95 r
  U2466/Y (INVX1)                          0.33      30.27 f
  U2465/Y (XNOR2X1)                        0.34      30.61 f
  U2464/Y (NAND4BXL)                       0.28      30.89 r
  U2460/Y (OAI211X1)                       0.22      31.11 f
  U2452/Y (NOR4X1)                         0.35      31.46 r
  U2451/Y (NAND4X1)                        0.69      32.15 f
  U2417/Y (INVX1)                          0.34      32.49 r
  U2416/Y (AOI211X1)                       0.17      32.65 f
  U2415/Y (NAND4X1)                        0.65      33.30 r
  U2414/Y (NAND3BX1)                       0.55      33.85 f
  U2380/Y (NAND2BX1)                       0.61      34.46 f
  U2379/Y (NAND2X1)                        0.72      35.18 r
  U2378/Y (INVX1)                          0.39      35.57 f
  U2377/Y (AOI21X1)                        0.77      36.34 r
  U2376/Y (NAND3X1)                        0.47      36.81 f
  U2373/Y (INVX1)                          0.50      37.31 r
  U2273/Y (NAND3X1)                        0.92      38.23 f
  U2229/Y (OAI22X1)                        0.63      38.86 r
  U2228/Y (XNOR2X1)                        0.50      39.36 r
  U2227/Y (NAND4BXL)                       0.26      39.62 f
  U2223/Y (OAI211X1)                       0.25      39.87 r
  U2214/Y (NOR4X1)                         0.18      40.05 f
  U2213/Y (NAND4X1)                        0.50      40.55 r
  U2212/Y (INVX1)                          0.17      40.72 f
  U2211/Y (AOI211X1)                       0.39      41.11 r
  U2210/Y (NAND4X1)                        0.41      41.51 f
  U2209/Y (NAND2X1)                        0.48      41.99 r
  U2208/Y (NOR2X1)                         0.38      42.37 f
  U2174/Y (NAND2X1)                        0.53      42.90 r
  U2173/Y (NAND2X1)                        0.56      43.46 f
  U2170/Y (INVX1)                          0.42      43.88 r
  U2169/Y (AOI21X1)                        0.23      44.11 f
  U2168/Y (INVX1)                          0.21      44.32 r
  U2167/Y (AOI21X1)                        0.24      44.57 f
  U2166/Y (NOR4BX1)                        2.93      47.49 r
  U2070/Y (AND2X1)                         1.15      48.64 r
  U2047/Y (OAI22X1)                        0.52      49.16 f
  U2046/Y (XNOR2X1)                        0.37      49.53 f
  U2045/Y (NAND4BXL)                       0.29      49.82 r
  U2042/Y (OAI211X1)                       0.22      50.04 f
  U2036/Y (NOR4X1)                         0.36      50.39 r
  U2035/Y (NAND4X1)                        0.58      50.97 f
  U2006/Y (INVX1)                          0.42      51.39 r
  U2005/Y (AOI211X1)                       0.19      51.58 f
  U2004/Y (NAND4X1)                        0.61      52.19 r
  U2003/Y (NAND3X1)                        0.53      52.72 f
  U2002/Y (NOR2BX1)                        0.62      53.34 r
  U2001/Y (INVX1)                          0.28      53.62 f
  U2000/Y (NAND2X1)                        0.86      54.48 r
  U1996/Y (OAI21XL)                        0.66      55.14 f
  U1995/Y (INVX1)                          0.42      55.55 r
  U1994/Y (NAND3X1)                        0.34      55.89 f
  U1993/Y (INVX1)                          0.36      56.25 r
  U1992/Y (NAND2X1)                        0.39      56.64 f
  U1969/Y (NOR3X1)                         2.08      58.72 r
  U1968/Y (NOR2X1)                         0.62      59.34 f
  U1965/Y (INVX1)                          0.44      59.78 r
  U1962/Y (NOR2X1)                         0.29      60.07 f
  U1917/Y (NOR4BX1)                        0.50      60.57 r
  U1916/Y (NAND4X1)                        0.31      60.89 f
  U1915/Y (INVX1)                          0.41      61.30 r
  U1914/Y (AOI211X1)                       0.21      61.50 f
  U1913/Y (NAND4X1)                        0.44      61.94 r
  U1905/Y (NOR2BX1)                        0.61      62.55 r
  U1904/Y (NAND2X1)                        0.52      63.07 f
  U1881/Y (NAND2BX1)                       0.50      63.57 f
  U1822/Y (NAND2X1)                        0.68      64.25 r
  U1821/Y (NAND2X1)                        0.50      64.76 f
  U1820/Y (NOR2X1)                         0.78      65.54 r
  U1819/Y (INVX1)                          0.38      65.93 f
  U1676/Y (OAI21XL)                        0.71      66.63 r
  U1519/Y (AOI22X1)                        0.30      66.93 f
  U1516/Y (NAND4X1)                        0.25      67.19 r
  U1511/Y (NAND4BXL)                       0.73      67.92 r
  matrix_flat_o[9] (out)                   0.00      67.92 r
  data arrival time                                  67.92

  clock recam_boundary_clk (rise edge)    20.00      20.00
  clock network delay (ideal)              0.00      20.00
  output external delay                    0.00      20.00
  data required time                                 20.00
  -----------------------------------------------------------
  data required time                                 20.00
  data arrival time                                 -67.92
  -----------------------------------------------------------
  slack (VIOLATED)                                  -47.92


  Startpoint: pivot_valid_i[1]
              (input port clocked by recam_boundary_clk)
  Endpoint: matrix_flat_o[14]
            (output port clocked by recam_boundary_clk)
  Path Group: recam_boundary_clk
  Path Type: max

  Des/Clust/Port     Wire Load Model       Library
  ------------------------------------------------
  recam_2r2c_matrix_builder
                     tsmc18_wl10           slow

  Point                                    Incr       Path
  -----------------------------------------------------------
  clock recam_boundary_clk (rise edge)     0.00       0.00
  clock network delay (ideal)              0.00       0.00
  input external delay                     0.00       0.00 f
  pivot_valid_i[1] (in)                    0.00       0.00 f
  U3167/Y (XOR2X1)                         0.54       0.54 r
  U3166/Y (XNOR2X1)                        0.41       0.95 f
  U3165/Y (NAND2X1)                        0.39       1.34 r
  U3163/Y (NOR2X1)                         0.46       1.80 f
  U3162/Y (AOI21X1)                        1.07       2.87 r
  U3161/Y (NOR2X1)                         0.55       3.42 f
  U3159/Y (NAND2X1)                        0.95       4.37 r
  U3116/Y (NOR3BX1)                        0.43       4.80 r
  U3103/Y (NAND4X1)                        0.32       5.12 f
  U3102/Y (INVX1)                          0.43       5.55 r
  U3101/Y (AOI211X1)                       0.21       5.77 f
  U3100/Y (NAND4X1)                        0.53       6.30 r
  U3097/Y (NOR4BX1)                        0.43       6.73 r
  U3085/Y (NOR4BX1)                        0.64       7.37 r
  U3071/Y (NOR4BX1)                        0.25       7.62 f
  U3070/Y (NAND4X1)                        0.38       8.00 r
  U3069/Y (NAND2BX1)                       0.38       8.38 f
  U3068/Y (INVX1)                          0.45       8.83 r
  U3067/Y (NAND3X1)                        0.35       9.18 f
  U2995/Y (NOR2BX1)                        0.73       9.91 r
  U2994/Y (AND2X1)                         0.71      10.61 r
  U2990/Y (NOR2BX1)                        1.65      12.27 r
  U2989/Y (NOR2X1)                         0.92      13.19 f
  U2956/Y (INVX1)                          0.49      13.68 r
  U2948/Y (OAI211X1)                       0.23      13.91 f
  U2940/Y (NOR4X1)                         0.34      14.26 r
  U2939/Y (NAND4X1)                        0.68      14.93 f
  U2913/Y (INVX1)                          0.33      15.26 r
  U2912/Y (AOI211X1)                       0.17      15.43 f
  U2911/Y (NAND4X1)                        0.66      16.10 r
  U2910/Y (NAND3BX1)                       0.53      16.63 f
  U2884/Y (NAND2BX1)                       0.53      17.16 f
  U2816/Y (NAND2X1)                        0.68      17.84 r
  U2812/Y (INVX1)                          0.39      18.23 f
  U2811/Y (NOR2BX1)                        0.74      18.97 r
  U2735/Y (NAND3X1)                        0.47      19.44 f
  U2734/Y (INVX1)                          0.54      19.97 r
  U2727/Y (NAND3X1)                        0.92      20.89 f
  U2696/Y (OAI22X1)                        0.63      21.53 r
  U2695/Y (XNOR2X1)                        0.41      21.94 f
  U2694/Y (NAND4BXL)                       0.28      22.22 r
  U2690/Y (OAI211X1)                       0.22      22.44 f
  U2681/Y (NOR4X1)                         0.35      22.79 r
  U2680/Y (NAND4X1)                        0.68      23.47 f
  U2646/Y (INVX1)                          0.33      23.80 r
  U2645/Y (AOI211X1)                       0.17      23.97 f
  U2644/Y (NAND4X1)                        0.63      24.60 r
  U2643/Y (NAND3BX1)                       0.53      25.13 f
  U2609/Y (NAND2BX1)                       0.60      25.73 f
  U2608/Y (NAND2X1)                        0.73      26.46 r
  U2603/Y (INVX1)                          0.39      26.85 f
  U2602/Y (AOI21X1)                        0.77      27.62 r
  U2535/Y (NAND3X1)                        0.47      28.09 f
  U2534/Y (INVX1)                          0.50      28.59 r
  U2498/Y (NAND3X1)                        0.92      29.51 f
  U2467/Y (OAI22X1)                        0.44      29.95 r
  U2466/Y (INVX1)                          0.33      30.27 f
  U2465/Y (XNOR2X1)                        0.34      30.61 f
  U2464/Y (NAND4BXL)                       0.28      30.89 r
  U2460/Y (OAI211X1)                       0.22      31.11 f
  U2452/Y (NOR4X1)                         0.35      31.46 r
  U2451/Y (NAND4X1)                        0.69      32.15 f
  U2417/Y (INVX1)                          0.34      32.49 r
  U2416/Y (AOI211X1)                       0.17      32.65 f
  U2415/Y (NAND4X1)                        0.65      33.30 r
  U2414/Y (NAND3BX1)                       0.55      33.85 f
  U2380/Y (NAND2BX1)                       0.61      34.46 f
  U2379/Y (NAND2X1)                        0.72      35.18 r
  U2378/Y (INVX1)                          0.39      35.57 f
  U2377/Y (AOI21X1)                        0.77      36.34 r
  U2376/Y (NAND3X1)                        0.47      36.81 f
  U2373/Y (INVX1)                          0.50      37.31 r
  U2273/Y (NAND3X1)                        0.92      38.23 f
  U2229/Y (OAI22X1)                        0.63      38.86 r
  U2228/Y (XNOR2X1)                        0.50      39.36 r
  U2227/Y (NAND4BXL)                       0.26      39.62 f
  U2223/Y (OAI211X1)                       0.25      39.87 r
  U2214/Y (NOR4X1)                         0.18      40.05 f
  U2213/Y (NAND4X1)                        0.50      40.55 r
  U2212/Y (INVX1)                          0.17      40.72 f
  U2211/Y (AOI211X1)                       0.39      41.11 r
  U2210/Y (NAND4X1)                        0.41      41.51 f
  U2209/Y (NAND2X1)                        0.48      41.99 r
  U2208/Y (NOR2X1)                         0.38      42.37 f
  U2174/Y (NAND2X1)                        0.53      42.90 r
  U2173/Y (NAND2X1)                        0.56      43.46 f
  U2170/Y (INVX1)                          0.42      43.88 r
  U2169/Y (AOI21X1)                        0.23      44.11 f
  U2168/Y (INVX1)                          0.21      44.32 r
  U2167/Y (AOI21X1)                        0.24      44.57 f
  U2166/Y (NOR4BX1)                        2.93      47.49 r
  U2070/Y (AND2X1)                         1.15      48.64 r
  U2047/Y (OAI22X1)                        0.52      49.16 f
  U2046/Y (XNOR2X1)                        0.37      49.53 f
  U2045/Y (NAND4BXL)                       0.29      49.82 r
  U2042/Y (OAI211X1)                       0.22      50.04 f
  U2036/Y (NOR4X1)                         0.36      50.39 r
  U2035/Y (NAND4X1)                        0.58      50.97 f
  U2006/Y (INVX1)                          0.42      51.39 r
  U2005/Y (AOI211X1)                       0.19      51.58 f
  U2004/Y (NAND4X1)                        0.61      52.19 r
  U2003/Y (NAND3X1)                        0.53      52.72 f
  U2002/Y (NOR2BX1)                        0.62      53.34 r
  U2001/Y (INVX1)                          0.28      53.62 f
  U2000/Y (NAND2X1)                        0.86      54.48 r
  U1996/Y (OAI21XL)                        0.66      55.14 f
  U1995/Y (INVX1)                          0.42      55.55 r
  U1994/Y (NAND3X1)                        0.34      55.89 f
  U1993/Y (INVX1)                          0.36      56.25 r
  U1992/Y (NAND2X1)                        0.39      56.64 f
  U1969/Y (NOR3X1)                         2.08      58.72 r
  U1968/Y (NOR2X1)                         0.62      59.34 f
  U1965/Y (INVX1)                          0.44      59.78 r
  U1962/Y (NOR2X1)                         0.29      60.07 f
  U1917/Y (NOR4BX1)                        0.50      60.57 r
  U1916/Y (NAND4X1)                        0.31      60.89 f
  U1915/Y (INVX1)                          0.41      61.30 r
  U1914/Y (AOI211X1)                       0.21      61.50 f
  U1913/Y (NAND4X1)                        0.44      61.94 r
  U1905/Y (NOR2BX1)                        0.61      62.55 r
  U1904/Y (NAND2X1)                        0.52      63.07 f
  U1881/Y (NAND2BX1)                       0.50      63.57 f
  U1822/Y (NAND2X1)                        0.68      64.25 r
  U1821/Y (NAND2X1)                        0.50      64.76 f
  U1820/Y (NOR2X1)                         0.78      65.54 r
  U1819/Y (INVX1)                          0.38      65.93 f
  U1818/Y (OAI21XL)                        0.70      66.63 r
  U1653/Y (AOI22X1)                        0.30      66.93 f
  U1650/Y (NAND4X1)                        0.25      67.18 r
  U1643/Y (NAND4BXL)                       0.73      67.91 r
  matrix_flat_o[14] (out)                  0.00      67.91 r
  data arrival time                                  67.91

  clock recam_boundary_clk (rise edge)    20.00      20.00
  clock network delay (ideal)              0.00      20.00
  output external delay                    0.00      20.00
  data required time                                 20.00
  -----------------------------------------------------------
  data required time                                 20.00
  data arrival time                                 -67.91
  -----------------------------------------------------------
  slack (VIOLATED)                                  -47.91


  Startpoint: pivot_valid_i[1]
              (input port clocked by recam_boundary_clk)
  Endpoint: matrix_flat_o[6]
            (output port clocked by recam_boundary_clk)
  Path Group: recam_boundary_clk
  Path Type: max

  Des/Clust/Port     Wire Load Model       Library
  ------------------------------------------------
  recam_2r2c_matrix_builder
                     tsmc18_wl10           slow

  Point                                    Incr       Path
  -----------------------------------------------------------
  clock recam_boundary_clk (rise edge)     0.00       0.00
  clock network delay (ideal)              0.00       0.00
  input external delay                     0.00       0.00 f
  pivot_valid_i[1] (in)                    0.00       0.00 f
  U3167/Y (XOR2X1)                         0.54       0.54 r
  U3166/Y (XNOR2X1)                        0.41       0.95 f
  U3165/Y (NAND2X1)                        0.39       1.34 r
  U3163/Y (NOR2X1)                         0.46       1.80 f
  U3162/Y (AOI21X1)                        1.07       2.87 r
  U3161/Y (NOR2X1)                         0.55       3.42 f
  U3159/Y (NAND2X1)                        0.95       4.37 r
  U3116/Y (NOR3BX1)                        0.43       4.80 r
  U3103/Y (NAND4X1)                        0.32       5.12 f
  U3102/Y (INVX1)                          0.43       5.55 r
  U3101/Y (AOI211X1)                       0.21       5.77 f
  U3100/Y (NAND4X1)                        0.53       6.30 r
  U3097/Y (NOR4BX1)                        0.43       6.73 r
  U3085/Y (NOR4BX1)                        0.64       7.37 r
  U3071/Y (NOR4BX1)                        0.25       7.62 f
  U3070/Y (NAND4X1)                        0.38       8.00 r
  U3069/Y (NAND2BX1)                       0.38       8.38 f
  U3068/Y (INVX1)                          0.45       8.83 r
  U3067/Y (NAND3X1)                        0.35       9.18 f
  U2995/Y (NOR2BX1)                        0.73       9.91 r
  U2994/Y (AND2X1)                         0.71      10.61 r
  U2990/Y (NOR2BX1)                        1.65      12.27 r
  U2989/Y (NOR2X1)                         0.92      13.19 f
  U2956/Y (INVX1)                          0.49      13.68 r
  U2948/Y (OAI211X1)                       0.23      13.91 f
  U2940/Y (NOR4X1)                         0.34      14.26 r
  U2939/Y (NAND4X1)                        0.68      14.93 f
  U2913/Y (INVX1)                          0.33      15.26 r
  U2912/Y (AOI211X1)                       0.17      15.43 f
  U2911/Y (NAND4X1)                        0.66      16.10 r
  U2910/Y (NAND3BX1)                       0.53      16.63 f
  U2884/Y (NAND2BX1)                       0.53      17.16 f
  U2816/Y (NAND2X1)                        0.68      17.84 r
  U2812/Y (INVX1)                          0.39      18.23 f
  U2811/Y (NOR2BX1)                        0.74      18.97 r
  U2735/Y (NAND3X1)                        0.47      19.44 f
  U2734/Y (INVX1)                          0.54      19.97 r
  U2727/Y (NAND3X1)                        0.92      20.89 f
  U2696/Y (OAI22X1)                        0.63      21.53 r
  U2695/Y (XNOR2X1)                        0.41      21.94 f
  U2694/Y (NAND4BXL)                       0.28      22.22 r
  U2690/Y (OAI211X1)                       0.22      22.44 f
  U2681/Y (NOR4X1)                         0.35      22.79 r
  U2680/Y (NAND4X1)                        0.68      23.47 f
  U2646/Y (INVX1)                          0.33      23.80 r
  U2645/Y (AOI211X1)                       0.17      23.97 f
  U2644/Y (NAND4X1)                        0.63      24.60 r
  U2643/Y (NAND3BX1)                       0.53      25.13 f
  U2609/Y (NAND2BX1)                       0.60      25.73 f
  U2608/Y (NAND2X1)                        0.73      26.46 r
  U2603/Y (INVX1)                          0.39      26.85 f
  U2602/Y (AOI21X1)                        0.77      27.62 r
  U2535/Y (NAND3X1)                        0.47      28.09 f
  U2534/Y (INVX1)                          0.50      28.59 r
  U2498/Y (NAND3X1)                        0.92      29.51 f
  U2467/Y (OAI22X1)                        0.44      29.95 r
  U2466/Y (INVX1)                          0.33      30.27 f
  U2465/Y (XNOR2X1)                        0.34      30.61 f
  U2464/Y (NAND4BXL)                       0.28      30.89 r
  U2460/Y (OAI211X1)                       0.22      31.11 f
  U2452/Y (NOR4X1)                         0.35      31.46 r
  U2451/Y (NAND4X1)                        0.69      32.15 f
  U2417/Y (INVX1)                          0.34      32.49 r
  U2416/Y (AOI211X1)                       0.17      32.65 f
  U2415/Y (NAND4X1)                        0.65      33.30 r
  U2414/Y (NAND3BX1)                       0.55      33.85 f
  U2380/Y (NAND2BX1)                       0.61      34.46 f
  U2379/Y (NAND2X1)                        0.72      35.18 r
  U2378/Y (INVX1)                          0.39      35.57 f
  U2377/Y (AOI21X1)                        0.77      36.34 r
  U2376/Y (NAND3X1)                        0.47      36.81 f
  U2373/Y (INVX1)                          0.50      37.31 r
  U2273/Y (NAND3X1)                        0.92      38.23 f
  U2229/Y (OAI22X1)                        0.63      38.86 r
  U2228/Y (XNOR2X1)                        0.50      39.36 r
  U2227/Y (NAND4BXL)                       0.26      39.62 f
  U2223/Y (OAI211X1)                       0.25      39.87 r
  U2214/Y (NOR4X1)                         0.18      40.05 f
  U2213/Y (NAND4X1)                        0.50      40.55 r
  U2212/Y (INVX1)                          0.17      40.72 f
  U2211/Y (AOI211X1)                       0.39      41.11 r
  U2210/Y (NAND4X1)                        0.41      41.51 f
  U2209/Y (NAND2X1)                        0.48      41.99 r
  U2208/Y (NOR2X1)                         0.38      42.37 f
  U2174/Y (NAND2X1)                        0.53      42.90 r
  U2173/Y (NAND2X1)                        0.56      43.46 f
  U2170/Y (INVX1)                          0.42      43.88 r
  U2169/Y (AOI21X1)                        0.23      44.11 f
  U2168/Y (INVX1)                          0.21      44.32 r
  U2167/Y (AOI21X1)                        0.24      44.57 f
  U2166/Y (NOR4BX1)                        2.93      47.49 r
  U2070/Y (AND2X1)                         1.15      48.64 r
  U2047/Y (OAI22X1)                        0.52      49.16 f
  U2046/Y (XNOR2X1)                        0.37      49.53 f
  U2045/Y (NAND4BXL)                       0.29      49.82 r
  U2042/Y (OAI211X1)                       0.22      50.04 f
  U2036/Y (NOR4X1)                         0.36      50.39 r
  U2035/Y (NAND4X1)                        0.58      50.97 f
  U2006/Y (INVX1)                          0.42      51.39 r
  U2005/Y (AOI211X1)                       0.19      51.58 f
  U2004/Y (NAND4X1)                        0.61      52.19 r
  U2003/Y (NAND3X1)                        0.53      52.72 f
  U2002/Y (NOR2BX1)                        0.62      53.34 r
  U2001/Y (INVX1)                          0.28      53.62 f
  U2000/Y (NAND2X1)                        0.86      54.48 r
  U1996/Y (OAI21XL)                        0.66      55.14 f
  U1995/Y (INVX1)                          0.42      55.55 r
  U1994/Y (NAND3X1)                        0.34      55.89 f
  U1993/Y (INVX1)                          0.36      56.25 r
  U1992/Y (NAND2X1)                        0.39      56.64 f
  U1969/Y (NOR3X1)                         2.08      58.72 r
  U1968/Y (NOR2X1)                         0.62      59.34 f
  U1965/Y (INVX1)                          0.44      59.78 r
  U1962/Y (NOR2X1)                         0.29      60.07 f
  U1917/Y (NOR4BX1)                        0.50      60.57 r
  U1916/Y (NAND4X1)                        0.31      60.89 f
  U1915/Y (INVX1)                          0.41      61.30 r
  U1914/Y (AOI211X1)                       0.21      61.50 f
  U1913/Y (NAND4X1)                        0.44      61.94 r
  U1905/Y (NOR2BX1)                        0.61      62.55 r
  U1904/Y (NAND2X1)                        0.52      63.07 f
  U1881/Y (NAND2BX1)                       0.50      63.57 f
  U1822/Y (NAND2X1)                        0.68      64.25 r
  U1821/Y (NAND2X1)                        0.50      64.76 f
  U1820/Y (NOR2X1)                         0.78      65.54 r
  U1819/Y (INVX1)                          0.38      65.93 f
  U1818/Y (OAI21XL)                        0.70      66.63 r
  U1550/Y (AOI22X1)                        0.30      66.93 f
  U1547/Y (NAND4X1)                        0.25      67.18 r
  U1542/Y (NAND4BXL)                       0.73      67.91 r
  matrix_flat_o[6] (out)                   0.00      67.91 r
  data arrival time                                  67.91

  clock recam_boundary_clk (rise edge)    20.00      20.00
  clock network delay (ideal)              0.00      20.00
  output external delay                    0.00      20.00
  data required time                                 20.00
  -----------------------------------------------------------
  data required time                                 20.00
  data arrival time                                 -67.91
  -----------------------------------------------------------
  slack (VIOLATED)                                  -47.91


  Startpoint: pivot_valid_i[1]
              (input port clocked by recam_boundary_clk)
  Endpoint: matrix_flat_o[11]
            (output port clocked by recam_boundary_clk)
  Path Group: recam_boundary_clk
  Path Type: max

  Des/Clust/Port     Wire Load Model       Library
  ------------------------------------------------
  recam_2r2c_matrix_builder
                     tsmc18_wl10           slow

  Point                                    Incr       Path
  -----------------------------------------------------------
  clock recam_boundary_clk (rise edge)     0.00       0.00
  clock network delay (ideal)              0.00       0.00
  input external delay                     0.00       0.00 f
  pivot_valid_i[1] (in)                    0.00       0.00 f
  U3167/Y (XOR2X1)                         0.54       0.54 r
  U3166/Y (XNOR2X1)                        0.41       0.95 f
  U3165/Y (NAND2X1)                        0.39       1.34 r
  U3163/Y (NOR2X1)                         0.46       1.80 f
  U3162/Y (AOI21X1)                        1.07       2.87 r
  U3161/Y (NOR2X1)                         0.55       3.42 f
  U3159/Y (NAND2X1)                        0.95       4.37 r
  U3116/Y (NOR3BX1)                        0.43       4.80 r
  U3103/Y (NAND4X1)                        0.32       5.12 f
  U3102/Y (INVX1)                          0.43       5.55 r
  U3101/Y (AOI211X1)                       0.21       5.77 f
  U3100/Y (NAND4X1)                        0.53       6.30 r
  U3097/Y (NOR4BX1)                        0.43       6.73 r
  U3085/Y (NOR4BX1)                        0.64       7.37 r
  U3071/Y (NOR4BX1)                        0.25       7.62 f
  U3070/Y (NAND4X1)                        0.38       8.00 r
  U3069/Y (NAND2BX1)                       0.38       8.38 f
  U3068/Y (INVX1)                          0.45       8.83 r
  U3067/Y (NAND3X1)                        0.35       9.18 f
  U2995/Y (NOR2BX1)                        0.73       9.91 r
  U2994/Y (AND2X1)                         0.71      10.61 r
  U2990/Y (NOR2BX1)                        1.65      12.27 r
  U2989/Y (NOR2X1)                         0.92      13.19 f
  U2956/Y (INVX1)                          0.49      13.68 r
  U2948/Y (OAI211X1)                       0.23      13.91 f
  U2940/Y (NOR4X1)                         0.34      14.26 r
  U2939/Y (NAND4X1)                        0.68      14.93 f
  U2913/Y (INVX1)                          0.33      15.26 r
  U2912/Y (AOI211X1)                       0.17      15.43 f
  U2911/Y (NAND4X1)                        0.66      16.10 r
  U2910/Y (NAND3BX1)                       0.53      16.63 f
  U2884/Y (NAND2BX1)                       0.53      17.16 f
  U2816/Y (NAND2X1)                        0.68      17.84 r
  U2812/Y (INVX1)                          0.39      18.23 f
  U2811/Y (NOR2BX1)                        0.74      18.97 r
  U2735/Y (NAND3X1)                        0.47      19.44 f
  U2734/Y (INVX1)                          0.54      19.97 r
  U2727/Y (NAND3X1)                        0.92      20.89 f
  U2696/Y (OAI22X1)                        0.63      21.53 r
  U2695/Y (XNOR2X1)                        0.41      21.94 f
  U2694/Y (NAND4BXL)                       0.28      22.22 r
  U2690/Y (OAI211X1)                       0.22      22.44 f
  U2681/Y (NOR4X1)                         0.35      22.79 r
  U2680/Y (NAND4X1)                        0.68      23.47 f
  U2646/Y (INVX1)                          0.33      23.80 r
  U2645/Y (AOI211X1)                       0.17      23.97 f
  U2644/Y (NAND4X1)                        0.63      24.60 r
  U2643/Y (NAND3BX1)                       0.53      25.13 f
  U2609/Y (NAND2BX1)                       0.60      25.73 f
  U2608/Y (NAND2X1)                        0.73      26.46 r
  U2603/Y (INVX1)                          0.39      26.85 f
  U2602/Y (AOI21X1)                        0.77      27.62 r
  U2535/Y (NAND3X1)                        0.47      28.09 f
  U2534/Y (INVX1)                          0.50      28.59 r
  U2498/Y (NAND3X1)                        0.92      29.51 f
  U2467/Y (OAI22X1)                        0.44      29.95 r
  U2466/Y (INVX1)                          0.33      30.27 f
  U2465/Y (XNOR2X1)                        0.34      30.61 f
  U2464/Y (NAND4BXL)                       0.28      30.89 r
  U2460/Y (OAI211X1)                       0.22      31.11 f
  U2452/Y (NOR4X1)                         0.35      31.46 r
  U2451/Y (NAND4X1)                        0.69      32.15 f
  U2417/Y (INVX1)                          0.34      32.49 r
  U2416/Y (AOI211X1)                       0.17      32.65 f
  U2415/Y (NAND4X1)                        0.65      33.30 r
  U2414/Y (NAND3BX1)                       0.55      33.85 f
  U2380/Y (NAND2BX1)                       0.61      34.46 f
  U2379/Y (NAND2X1)                        0.72      35.18 r
  U2378/Y (INVX1)                          0.39      35.57 f
  U2377/Y (AOI21X1)                        0.77      36.34 r
  U2376/Y (NAND3X1)                        0.47      36.81 f
  U2373/Y (INVX1)                          0.50      37.31 r
  U2273/Y (NAND3X1)                        0.92      38.23 f
  U2229/Y (OAI22X1)                        0.63      38.86 r
  U2228/Y (XNOR2X1)                        0.50      39.36 r
  U2227/Y (NAND4BXL)                       0.26      39.62 f
  U2223/Y (OAI211X1)                       0.25      39.87 r
  U2214/Y (NOR4X1)                         0.18      40.05 f
  U2213/Y (NAND4X1)                        0.50      40.55 r
  U2212/Y (INVX1)                          0.17      40.72 f
  U2211/Y (AOI211X1)                       0.39      41.11 r
  U2210/Y (NAND4X1)                        0.41      41.51 f
  U2209/Y (NAND2X1)                        0.48      41.99 r
  U2208/Y (NOR2X1)                         0.38      42.37 f
  U2174/Y (NAND2X1)                        0.53      42.90 r
  U2173/Y (NAND2X1)                        0.56      43.46 f
  U2170/Y (INVX1)                          0.42      43.88 r
  U2169/Y (AOI21X1)                        0.23      44.11 f
  U2168/Y (INVX1)                          0.21      44.32 r
  U2167/Y (AOI21X1)                        0.24      44.57 f
  U2166/Y (NOR4BX1)                        2.93      47.49 r
  U2070/Y (AND2X1)                         1.15      48.64 r
  U2047/Y (OAI22X1)                        0.52      49.16 f
  U2046/Y (XNOR2X1)                        0.37      49.53 f
  U2045/Y (NAND4BXL)                       0.29      49.82 r
  U2042/Y (OAI211X1)                       0.22      50.04 f
  U2036/Y (NOR4X1)                         0.36      50.39 r
  U2035/Y (NAND4X1)                        0.58      50.97 f
  U2006/Y (INVX1)                          0.42      51.39 r
  U2005/Y (AOI211X1)                       0.19      51.58 f
  U2004/Y (NAND4X1)                        0.61      52.19 r
  U2003/Y (NAND3X1)                        0.53      52.72 f
  U2002/Y (NOR2BX1)                        0.62      53.34 r
  U2001/Y (INVX1)                          0.28      53.62 f
  U2000/Y (NAND2X1)                        0.86      54.48 r
  U1996/Y (OAI21XL)                        0.66      55.14 f
  U1995/Y (INVX1)                          0.42      55.55 r
  U1994/Y (NAND3X1)                        0.34      55.89 f
  U1993/Y (INVX1)                          0.36      56.25 r
  U1992/Y (NAND2X1)                        0.39      56.64 f
  U1969/Y (NOR3X1)                         2.08      58.72 r
  U1968/Y (NOR2X1)                         0.62      59.34 f
  U1965/Y (INVX1)                          0.44      59.78 r
  U1962/Y (NOR2X1)                         0.29      60.07 f
  U1917/Y (NOR4BX1)                        0.50      60.57 r
  U1916/Y (NAND4X1)                        0.31      60.89 f
  U1915/Y (INVX1)                          0.41      61.30 r
  U1914/Y (AOI211X1)                       0.21      61.50 f
  U1913/Y (NAND4X1)                        0.44      61.94 r
  U1905/Y (NOR2BX1)                        0.61      62.55 r
  U1904/Y (NAND2X1)                        0.52      63.07 f
  U1881/Y (NAND2BX1)                       0.50      63.57 f
  U1822/Y (NAND2X1)                        0.68      64.25 r
  U1821/Y (NAND2X1)                        0.50      64.76 f
  U1820/Y (NOR2X1)                         0.78      65.54 r
  U1819/Y (INVX1)                          0.38      65.93 f
  U1761/Y (OAI31X1)                        0.55      66.47 r
  U1760/Y (AOI22X1)                        0.30      66.77 f
  U1752/Y (NAND4X1)                        0.25      67.02 r
  U1728/Y (NAND4BXL)                       0.73      67.75 r
  matrix_flat_o[11] (out)                  0.00      67.75 r
  data arrival time                                  67.75

  clock recam_boundary_clk (rise edge)    20.00      20.00
  clock network delay (ideal)              0.00      20.00
  output external delay                    0.00      20.00
  data required time                                 20.00
  -----------------------------------------------------------
  data required time                                 20.00
  data arrival time                                 -67.75
  -----------------------------------------------------------
  slack (VIOLATED)                                  -47.75


  Startpoint: pivot_valid_i[1]
              (input port clocked by recam_boundary_clk)
  Endpoint: matrix_flat_o[7]
            (output port clocked by recam_boundary_clk)
  Path Group: recam_boundary_clk
  Path Type: max

  Des/Clust/Port     Wire Load Model       Library
  ------------------------------------------------
  recam_2r2c_matrix_builder
                     tsmc18_wl10           slow

  Point                                    Incr       Path
  -----------------------------------------------------------
  clock recam_boundary_clk (rise edge)     0.00       0.00
  clock network delay (ideal)              0.00       0.00
  input external delay                     0.00       0.00 f
  pivot_valid_i[1] (in)                    0.00       0.00 f
  U3167/Y (XOR2X1)                         0.54       0.54 r
  U3166/Y (XNOR2X1)                        0.41       0.95 f
  U3165/Y (NAND2X1)                        0.39       1.34 r
  U3163/Y (NOR2X1)                         0.46       1.80 f
  U3162/Y (AOI21X1)                        1.07       2.87 r
  U3161/Y (NOR2X1)                         0.55       3.42 f
  U3159/Y (NAND2X1)                        0.95       4.37 r
  U3116/Y (NOR3BX1)                        0.43       4.80 r
  U3103/Y (NAND4X1)                        0.32       5.12 f
  U3102/Y (INVX1)                          0.43       5.55 r
  U3101/Y (AOI211X1)                       0.21       5.77 f
  U3100/Y (NAND4X1)                        0.53       6.30 r
  U3097/Y (NOR4BX1)                        0.43       6.73 r
  U3085/Y (NOR4BX1)                        0.64       7.37 r
  U3071/Y (NOR4BX1)                        0.25       7.62 f
  U3070/Y (NAND4X1)                        0.38       8.00 r
  U3069/Y (NAND2BX1)                       0.38       8.38 f
  U3068/Y (INVX1)                          0.45       8.83 r
  U3067/Y (NAND3X1)                        0.35       9.18 f
  U2995/Y (NOR2BX1)                        0.73       9.91 r
  U2994/Y (AND2X1)                         0.71      10.61 r
  U2990/Y (NOR2BX1)                        1.65      12.27 r
  U2989/Y (NOR2X1)                         0.92      13.19 f
  U2956/Y (INVX1)                          0.49      13.68 r
  U2948/Y (OAI211X1)                       0.23      13.91 f
  U2940/Y (NOR4X1)                         0.34      14.26 r
  U2939/Y (NAND4X1)                        0.68      14.93 f
  U2913/Y (INVX1)                          0.33      15.26 r
  U2912/Y (AOI211X1)                       0.17      15.43 f
  U2911/Y (NAND4X1)                        0.66      16.10 r
  U2910/Y (NAND3BX1)                       0.53      16.63 f
  U2884/Y (NAND2BX1)                       0.53      17.16 f
  U2816/Y (NAND2X1)                        0.68      17.84 r
  U2812/Y (INVX1)                          0.39      18.23 f
  U2811/Y (NOR2BX1)                        0.74      18.97 r
  U2735/Y (NAND3X1)                        0.47      19.44 f
  U2734/Y (INVX1)                          0.54      19.97 r
  U2727/Y (NAND3X1)                        0.92      20.89 f
  U2696/Y (OAI22X1)                        0.63      21.53 r
  U2695/Y (XNOR2X1)                        0.41      21.94 f
  U2694/Y (NAND4BXL)                       0.28      22.22 r
  U2690/Y (OAI211X1)                       0.22      22.44 f
  U2681/Y (NOR4X1)                         0.35      22.79 r
  U2680/Y (NAND4X1)                        0.68      23.47 f
  U2646/Y (INVX1)                          0.33      23.80 r
  U2645/Y (AOI211X1)                       0.17      23.97 f
  U2644/Y (NAND4X1)                        0.63      24.60 r
  U2643/Y (NAND3BX1)                       0.53      25.13 f
  U2609/Y (NAND2BX1)                       0.60      25.73 f
  U2608/Y (NAND2X1)                        0.73      26.46 r
  U2603/Y (INVX1)                          0.39      26.85 f
  U2602/Y (AOI21X1)                        0.77      27.62 r
  U2535/Y (NAND3X1)                        0.47      28.09 f
  U2534/Y (INVX1)                          0.50      28.59 r
  U2498/Y (NAND3X1)                        0.92      29.51 f
  U2467/Y (OAI22X1)                        0.44      29.95 r
  U2466/Y (INVX1)                          0.33      30.27 f
  U2465/Y (XNOR2X1)                        0.34      30.61 f
  U2464/Y (NAND4BXL)                       0.28      30.89 r
  U2460/Y (OAI211X1)                       0.22      31.11 f
  U2452/Y (NOR4X1)                         0.35      31.46 r
  U2451/Y (NAND4X1)                        0.69      32.15 f
  U2417/Y (INVX1)                          0.34      32.49 r
  U2416/Y (AOI211X1)                       0.17      32.65 f
  U2415/Y (NAND4X1)                        0.65      33.30 r
  U2414/Y (NAND3BX1)                       0.55      33.85 f
  U2380/Y (NAND2BX1)                       0.61      34.46 f
  U2379/Y (NAND2X1)                        0.72      35.18 r
  U2378/Y (INVX1)                          0.39      35.57 f
  U2377/Y (AOI21X1)                        0.77      36.34 r
  U2376/Y (NAND3X1)                        0.47      36.81 f
  U2373/Y (INVX1)                          0.50      37.31 r
  U2273/Y (NAND3X1)                        0.92      38.23 f
  U2229/Y (OAI22X1)                        0.63      38.86 r
  U2228/Y (XNOR2X1)                        0.50      39.36 r
  U2227/Y (NAND4BXL)                       0.26      39.62 f
  U2223/Y (OAI211X1)                       0.25      39.87 r
  U2214/Y (NOR4X1)                         0.18      40.05 f
  U2213/Y (NAND4X1)                        0.50      40.55 r
  U2212/Y (INVX1)                          0.17      40.72 f
  U2211/Y (AOI211X1)                       0.39      41.11 r
  U2210/Y (NAND4X1)                        0.41      41.51 f
  U2209/Y (NAND2X1)                        0.48      41.99 r
  U2208/Y (NOR2X1)                         0.38      42.37 f
  U2174/Y (NAND2X1)                        0.53      42.90 r
  U2173/Y (NAND2X1)                        0.56      43.46 f
  U2170/Y (INVX1)                          0.42      43.88 r
  U2169/Y (AOI21X1)                        0.23      44.11 f
  U2168/Y (INVX1)                          0.21      44.32 r
  U2167/Y (AOI21X1)                        0.24      44.57 f
  U2166/Y (NOR4BX1)                        2.93      47.49 r
  U2070/Y (AND2X1)                         1.15      48.64 r
  U2047/Y (OAI22X1)                        0.52      49.16 f
  U2046/Y (XNOR2X1)                        0.37      49.53 f
  U2045/Y (NAND4BXL)                       0.29      49.82 r
  U2042/Y (OAI211X1)                       0.22      50.04 f
  U2036/Y (NOR4X1)                         0.36      50.39 r
  U2035/Y (NAND4X1)                        0.58      50.97 f
  U2006/Y (INVX1)                          0.42      51.39 r
  U2005/Y (AOI211X1)                       0.19      51.58 f
  U2004/Y (NAND4X1)                        0.61      52.19 r
  U2003/Y (NAND3X1)                        0.53      52.72 f
  U2002/Y (NOR2BX1)                        0.62      53.34 r
  U2001/Y (INVX1)                          0.28      53.62 f
  U2000/Y (NAND2X1)                        0.86      54.48 r
  U1996/Y (OAI21XL)                        0.66      55.14 f
  U1995/Y (INVX1)                          0.42      55.55 r
  U1994/Y (NAND3X1)                        0.34      55.89 f
  U1993/Y (INVX1)                          0.36      56.25 r
  U1992/Y (NAND2X1)                        0.39      56.64 f
  U1969/Y (NOR3X1)                         2.08      58.72 r
  U1968/Y (NOR2X1)                         0.62      59.34 f
  U1965/Y (INVX1)                          0.44      59.78 r
  U1962/Y (NOR2X1)                         0.29      60.07 f
  U1917/Y (NOR4BX1)                        0.50      60.57 r
  U1916/Y (NAND4X1)                        0.31      60.89 f
  U1915/Y (INVX1)                          0.41      61.30 r
  U1914/Y (AOI211X1)                       0.21      61.50 f
  U1913/Y (NAND4X1)                        0.44      61.94 r
  U1905/Y (NOR2BX1)                        0.61      62.55 r
  U1904/Y (NAND2X1)                        0.52      63.07 f
  U1881/Y (NAND2BX1)                       0.50      63.57 f
  U1822/Y (NAND2X1)                        0.68      64.25 r
  U1821/Y (NAND2X1)                        0.50      64.76 f
  U1820/Y (NOR2X1)                         0.78      65.54 r
  U1819/Y (INVX1)                          0.38      65.93 f
  U1761/Y (OAI31X1)                        0.55      66.47 r
  U1540/Y (AOI22X1)                        0.30      66.77 f
  U1537/Y (NAND4X1)                        0.25      67.02 r
  U1532/Y (NAND4BXL)                       0.73      67.75 r
  matrix_flat_o[7] (out)                   0.00      67.75 r
  data arrival time                                  67.75

  clock recam_boundary_clk (rise edge)    20.00      20.00
  clock network delay (ideal)              0.00      20.00
  output external delay                    0.00      20.00
  data required time                                 20.00
  -----------------------------------------------------------
  data required time                                 20.00
  data arrival time                                 -67.75
  -----------------------------------------------------------
  slack (VIOLATED)                                  -47.75


  Startpoint: pivot_valid_i[1]
              (input port clocked by recam_boundary_clk)
  Endpoint: matrix_flat_o[10]
            (output port clocked by recam_boundary_clk)
  Path Group: recam_boundary_clk
  Path Type: max

  Des/Clust/Port     Wire Load Model       Library
  ------------------------------------------------
  recam_2r2c_matrix_builder
                     tsmc18_wl10           slow

  Point                                    Incr       Path
  -----------------------------------------------------------
  clock recam_boundary_clk (rise edge)     0.00       0.00
  clock network delay (ideal)              0.00       0.00
  input external delay                     0.00       0.00 f
  pivot_valid_i[1] (in)                    0.00       0.00 f
  U3167/Y (XOR2X1)                         0.54       0.54 r
  U3166/Y (XNOR2X1)                        0.41       0.95 f
  U3165/Y (NAND2X1)                        0.39       1.34 r
  U3163/Y (NOR2X1)                         0.46       1.80 f
  U3162/Y (AOI21X1)                        1.07       2.87 r
  U3161/Y (NOR2X1)                         0.55       3.42 f
  U3159/Y (NAND2X1)                        0.95       4.37 r
  U3116/Y (NOR3BX1)                        0.43       4.80 r
  U3103/Y (NAND4X1)                        0.32       5.12 f
  U3102/Y (INVX1)                          0.43       5.55 r
  U3101/Y (AOI211X1)                       0.21       5.77 f
  U3100/Y (NAND4X1)                        0.53       6.30 r
  U3097/Y (NOR4BX1)                        0.43       6.73 r
  U3085/Y (NOR4BX1)                        0.64       7.37 r
  U3071/Y (NOR4BX1)                        0.25       7.62 f
  U3070/Y (NAND4X1)                        0.38       8.00 r
  U3069/Y (NAND2BX1)                       0.38       8.38 f
  U3068/Y (INVX1)                          0.45       8.83 r
  U3067/Y (NAND3X1)                        0.35       9.18 f
  U2995/Y (NOR2BX1)                        0.73       9.91 r
  U2994/Y (AND2X1)                         0.71      10.61 r
  U2990/Y (NOR2BX1)                        1.65      12.27 r
  U2989/Y (NOR2X1)                         0.92      13.19 f
  U2956/Y (INVX1)                          0.49      13.68 r
  U2948/Y (OAI211X1)                       0.23      13.91 f
  U2940/Y (NOR4X1)                         0.34      14.26 r
  U2939/Y (NAND4X1)                        0.68      14.93 f
  U2913/Y (INVX1)                          0.33      15.26 r
  U2912/Y (AOI211X1)                       0.17      15.43 f
  U2911/Y (NAND4X1)                        0.66      16.10 r
  U2910/Y (NAND3BX1)                       0.53      16.63 f
  U2884/Y (NAND2BX1)                       0.53      17.16 f
  U2816/Y (NAND2X1)                        0.68      17.84 r
  U2812/Y (INVX1)                          0.39      18.23 f
  U2811/Y (NOR2BX1)                        0.74      18.97 r
  U2735/Y (NAND3X1)                        0.47      19.44 f
  U2734/Y (INVX1)                          0.54      19.97 r
  U2727/Y (NAND3X1)                        0.92      20.89 f
  U2696/Y (OAI22X1)                        0.63      21.53 r
  U2695/Y (XNOR2X1)                        0.41      21.94 f
  U2694/Y (NAND4BXL)                       0.28      22.22 r
  U2690/Y (OAI211X1)                       0.22      22.44 f
  U2681/Y (NOR4X1)                         0.35      22.79 r
  U2680/Y (NAND4X1)                        0.68      23.47 f
  U2646/Y (INVX1)                          0.33      23.80 r
  U2645/Y (AOI211X1)                       0.17      23.97 f
  U2644/Y (NAND4X1)                        0.63      24.60 r
  U2643/Y (NAND3BX1)                       0.53      25.13 f
  U2609/Y (NAND2BX1)                       0.60      25.73 f
  U2608/Y (NAND2X1)                        0.73      26.46 r
  U2603/Y (INVX1)                          0.39      26.85 f
  U2602/Y (AOI21X1)                        0.77      27.62 r
  U2535/Y (NAND3X1)                        0.47      28.09 f
  U2534/Y (INVX1)                          0.50      28.59 r
  U2498/Y (NAND3X1)                        0.92      29.51 f
  U2467/Y (OAI22X1)                        0.44      29.95 r
  U2466/Y (INVX1)                          0.33      30.27 f
  U2465/Y (XNOR2X1)                        0.34      30.61 f
  U2464/Y (NAND4BXL)                       0.28      30.89 r
  U2460/Y (OAI211X1)                       0.22      31.11 f
  U2452/Y (NOR4X1)                         0.35      31.46 r
  U2451/Y (NAND4X1)                        0.69      32.15 f
  U2417/Y (INVX1)                          0.34      32.49 r
  U2416/Y (AOI211X1)                       0.17      32.65 f
  U2415/Y (NAND4X1)                        0.65      33.30 r
  U2414/Y (NAND3BX1)                       0.55      33.85 f
  U2380/Y (NAND2BX1)                       0.61      34.46 f
  U2379/Y (NAND2X1)                        0.72      35.18 r
  U2378/Y (INVX1)                          0.39      35.57 f
  U2377/Y (AOI21X1)                        0.77      36.34 r
  U2376/Y (NAND3X1)                        0.47      36.81 f
  U2373/Y (INVX1)                          0.50      37.31 r
  U2273/Y (NAND3X1)                        0.92      38.23 f
  U2229/Y (OAI22X1)                        0.63      38.86 r
  U2228/Y (XNOR2X1)                        0.50      39.36 r
  U2227/Y (NAND4BXL)                       0.26      39.62 f
  U2223/Y (OAI211X1)                       0.25      39.87 r
  U2214/Y (NOR4X1)                         0.18      40.05 f
  U2213/Y (NAND4X1)                        0.50      40.55 r
  U2212/Y (INVX1)                          0.17      40.72 f
  U2211/Y (AOI211X1)                       0.39      41.11 r
  U2210/Y (NAND4X1)                        0.41      41.51 f
  U2209/Y (NAND2X1)                        0.48      41.99 r
  U2208/Y (NOR2X1)                         0.38      42.37 f
  U2174/Y (NAND2X1)                        0.53      42.90 r
  U2173/Y (NAND2X1)                        0.56      43.46 f
  U2170/Y (INVX1)                          0.42      43.88 r
  U2169/Y (AOI21X1)                        0.23      44.11 f
  U2168/Y (INVX1)                          0.21      44.32 r
  U2167/Y (AOI21X1)                        0.24      44.57 f
  U2166/Y (NOR4BX1)                        2.93      47.49 r
  U2070/Y (AND2X1)                         1.15      48.64 r
  U2047/Y (OAI22X1)                        0.52      49.16 f
  U2046/Y (XNOR2X1)                        0.37      49.53 f
  U2045/Y (NAND4BXL)                       0.29      49.82 r
  U2042/Y (OAI211X1)                       0.22      50.04 f
  U2036/Y (NOR4X1)                         0.36      50.39 r
  U2035/Y (NAND4X1)                        0.58      50.97 f
  U2006/Y (INVX1)                          0.42      51.39 r
  U2005/Y (AOI211X1)                       0.19      51.58 f
  U2004/Y (NAND4X1)                        0.61      52.19 r
  U2003/Y (NAND3X1)                        0.53      52.72 f
  U2002/Y (NOR2BX1)                        0.62      53.34 r
  U2001/Y (INVX1)                          0.28      53.62 f
  U2000/Y (NAND2X1)                        0.86      54.48 r
  U1996/Y (OAI21XL)                        0.66      55.14 f
  U1995/Y (INVX1)                          0.42      55.55 r
  U1994/Y (NAND3X1)                        0.34      55.89 f
  U1993/Y (INVX1)                          0.36      56.25 r
  U1992/Y (NAND2X1)                        0.39      56.64 f
  U1969/Y (NOR3X1)                         2.08      58.72 r
  U1968/Y (NOR2X1)                         0.62      59.34 f
  U1965/Y (INVX1)                          0.44      59.78 r
  U1962/Y (NOR2X1)                         0.29      60.07 f
  U1917/Y (NOR4BX1)                        0.50      60.57 r
  U1916/Y (NAND4X1)                        0.31      60.89 f
  U1915/Y (INVX1)                          0.41      61.30 r
  U1914/Y (AOI211X1)                       0.21      61.50 f
  U1913/Y (NAND4X1)                        0.44      61.94 r
  U1905/Y (NOR2BX1)                        0.61      62.55 r
  U1904/Y (NAND2X1)                        0.52      63.07 f
  U1881/Y (NAND2BX1)                       0.50      63.57 f
  U1822/Y (NAND2X1)                        0.68      64.25 r
  U1821/Y (NAND2X1)                        0.50      64.76 f
  U1820/Y (NOR2X1)                         0.78      65.54 r
  U1819/Y (INVX1)                          0.38      65.93 f
  U1818/Y (OAI21XL)                        0.70      66.63 r
  U1811/Y (AOI222X1)                       0.33      66.96 f
  U1766/Y (NAND4X1)                        0.57      67.53 r
  matrix_flat_o[10] (out)                  0.00      67.53 r
  data arrival time                                  67.53

  clock recam_boundary_clk (rise edge)    20.00      20.00
  clock network delay (ideal)              0.00      20.00
  output external delay                    0.00      20.00
  data required time                                 20.00
  -----------------------------------------------------------
  data required time                                 20.00
  data arrival time                                 -67.53
  -----------------------------------------------------------
  slack (VIOLATED)                                  -47.53


  Startpoint: pivot_valid_i[1]
              (input port clocked by recam_boundary_clk)
  Endpoint: matrix_flat_o[1]
            (output port clocked by recam_boundary_clk)
  Path Group: recam_boundary_clk
  Path Type: max

  Des/Clust/Port     Wire Load Model       Library
  ------------------------------------------------
  recam_2r2c_matrix_builder
                     tsmc18_wl10           slow

  Point                                    Incr       Path
  -----------------------------------------------------------
  clock recam_boundary_clk (rise edge)     0.00       0.00
  clock network delay (ideal)              0.00       0.00
  input external delay                     0.00       0.00 f
  pivot_valid_i[1] (in)                    0.00       0.00 f
  U3167/Y (XOR2X1)                         0.54       0.54 r
  U3166/Y (XNOR2X1)                        0.41       0.95 f
  U3165/Y (NAND2X1)                        0.39       1.34 r
  U3163/Y (NOR2X1)                         0.46       1.80 f
  U3162/Y (AOI21X1)                        1.07       2.87 r
  U3161/Y (NOR2X1)                         0.55       3.42 f
  U3159/Y (NAND2X1)                        0.95       4.37 r
  U3116/Y (NOR3BX1)                        0.43       4.80 r
  U3103/Y (NAND4X1)                        0.32       5.12 f
  U3102/Y (INVX1)                          0.43       5.55 r
  U3101/Y (AOI211X1)                       0.21       5.77 f
  U3100/Y (NAND4X1)                        0.53       6.30 r
  U3097/Y (NOR4BX1)                        0.43       6.73 r
  U3085/Y (NOR4BX1)                        0.64       7.37 r
  U3071/Y (NOR4BX1)                        0.25       7.62 f
  U3070/Y (NAND4X1)                        0.38       8.00 r
  U3069/Y (NAND2BX1)                       0.38       8.38 f
  U3068/Y (INVX1)                          0.45       8.83 r
  U3067/Y (NAND3X1)                        0.35       9.18 f
  U2995/Y (NOR2BX1)                        0.73       9.91 r
  U2994/Y (AND2X1)                         0.71      10.61 r
  U2990/Y (NOR2BX1)                        1.65      12.27 r
  U2989/Y (NOR2X1)                         0.92      13.19 f
  U2956/Y (INVX1)                          0.49      13.68 r
  U2948/Y (OAI211X1)                       0.23      13.91 f
  U2940/Y (NOR4X1)                         0.34      14.26 r
  U2939/Y (NAND4X1)                        0.68      14.93 f
  U2913/Y (INVX1)                          0.33      15.26 r
  U2912/Y (AOI211X1)                       0.17      15.43 f
  U2911/Y (NAND4X1)                        0.66      16.10 r
  U2910/Y (NAND3BX1)                       0.53      16.63 f
  U2884/Y (NAND2BX1)                       0.53      17.16 f
  U2816/Y (NAND2X1)                        0.68      17.84 r
  U2812/Y (INVX1)                          0.39      18.23 f
  U2811/Y (NOR2BX1)                        0.74      18.97 r
  U2735/Y (NAND3X1)                        0.47      19.44 f
  U2734/Y (INVX1)                          0.54      19.97 r
  U2727/Y (NAND3X1)                        0.92      20.89 f
  U2696/Y (OAI22X1)                        0.63      21.53 r
  U2695/Y (XNOR2X1)                        0.41      21.94 f
  U2694/Y (NAND4BXL)                       0.28      22.22 r
  U2690/Y (OAI211X1)                       0.22      22.44 f
  U2681/Y (NOR4X1)                         0.35      22.79 r
  U2680/Y (NAND4X1)                        0.68      23.47 f
  U2646/Y (INVX1)                          0.33      23.80 r
  U2645/Y (AOI211X1)                       0.17      23.97 f
  U2644/Y (NAND4X1)                        0.63      24.60 r
  U2643/Y (NAND3BX1)                       0.53      25.13 f
  U2609/Y (NAND2BX1)                       0.60      25.73 f
  U2608/Y (NAND2X1)                        0.73      26.46 r
  U2603/Y (INVX1)                          0.39      26.85 f
  U2602/Y (AOI21X1)                        0.77      27.62 r
  U2535/Y (NAND3X1)                        0.47      28.09 f
  U2534/Y (INVX1)                          0.50      28.59 r
  U2498/Y (NAND3X1)                        0.92      29.51 f
  U2467/Y (OAI22X1)                        0.44      29.95 r
  U2466/Y (INVX1)                          0.33      30.27 f
  U2465/Y (XNOR2X1)                        0.34      30.61 f
  U2464/Y (NAND4BXL)                       0.28      30.89 r
  U2460/Y (OAI211X1)                       0.22      31.11 f
  U2452/Y (NOR4X1)                         0.35      31.46 r
  U2451/Y (NAND4X1)                        0.69      32.15 f
  U2417/Y (INVX1)                          0.34      32.49 r
  U2416/Y (AOI211X1)                       0.17      32.65 f
  U2415/Y (NAND4X1)                        0.65      33.30 r
  U2414/Y (NAND3BX1)                       0.55      33.85 f
  U2380/Y (NAND2BX1)                       0.61      34.46 f
  U2379/Y (NAND2X1)                        0.72      35.18 r
  U2378/Y (INVX1)                          0.39      35.57 f
  U2377/Y (AOI21X1)                        0.77      36.34 r
  U2376/Y (NAND3X1)                        0.47      36.81 f
  U2373/Y (INVX1)                          0.50      37.31 r
  U2273/Y (NAND3X1)                        0.92      38.23 f
  U2229/Y (OAI22X1)                        0.63      38.86 r
  U2228/Y (XNOR2X1)                        0.50      39.36 r
  U2227/Y (NAND4BXL)                       0.26      39.62 f
  U2223/Y (OAI211X1)                       0.25      39.87 r
  U2214/Y (NOR4X1)                         0.18      40.05 f
  U2213/Y (NAND4X1)                        0.50      40.55 r
  U2212/Y (INVX1)                          0.17      40.72 f
  U2211/Y (AOI211X1)                       0.39      41.11 r
  U2210/Y (NAND4X1)                        0.41      41.51 f
  U2209/Y (NAND2X1)                        0.48      41.99 r
  U2208/Y (NOR2X1)                         0.38      42.37 f
  U2174/Y (NAND2X1)                        0.53      42.90 r
  U2173/Y (NAND2X1)                        0.56      43.46 f
  U2170/Y (INVX1)                          0.42      43.88 r
  U2169/Y (AOI21X1)                        0.23      44.11 f
  U2168/Y (INVX1)                          0.21      44.32 r
  U2167/Y (AOI21X1)                        0.24      44.57 f
  U2166/Y (NOR4BX1)                        2.93      47.49 r
  U2070/Y (AND2X1)                         1.15      48.64 r
  U2047/Y (OAI22X1)                        0.52      49.16 f
  U2046/Y (XNOR2X1)                        0.37      49.53 f
  U2045/Y (NAND4BXL)                       0.29      49.82 r
  U2042/Y (OAI211X1)                       0.22      50.04 f
  U2036/Y (NOR4X1)                         0.36      50.39 r
  U2035/Y (NAND4X1)                        0.58      50.97 f
  U2006/Y (INVX1)                          0.42      51.39 r
  U2005/Y (AOI211X1)                       0.19      51.58 f
  U2004/Y (NAND4X1)                        0.61      52.19 r
  U2003/Y (NAND3X1)                        0.53      52.72 f
  U2002/Y (NOR2BX1)                        0.62      53.34 r
  U2001/Y (INVX1)                          0.28      53.62 f
  U2000/Y (NAND2X1)                        0.86      54.48 r
  U1996/Y (OAI21XL)                        0.66      55.14 f
  U1995/Y (INVX1)                          0.42      55.55 r
  U1994/Y (NAND3X1)                        0.34      55.89 f
  U1993/Y (INVX1)                          0.36      56.25 r
  U1992/Y (NAND2X1)                        0.39      56.64 f
  U1969/Y (NOR3X1)                         2.08      58.72 r
  U1968/Y (NOR2X1)                         0.62      59.34 f
  U1965/Y (INVX1)                          0.44      59.78 r
  U1962/Y (NOR2X1)                         0.29      60.07 f
  U1917/Y (NOR4BX1)                        0.50      60.57 r
  U1916/Y (NAND4X1)                        0.31      60.89 f
  U1915/Y (INVX1)                          0.41      61.30 r
  U1914/Y (AOI211X1)                       0.21      61.50 f
  U1913/Y (NAND4X1)                        0.44      61.94 r
  U1905/Y (NOR2BX1)                        0.61      62.55 r
  U1904/Y (NAND2X1)                        0.52      63.07 f
  U1881/Y (NAND2BX1)                       0.50      63.57 f
  U1822/Y (NAND2X1)                        0.68      64.25 r
  U1821/Y (NAND2X1)                        0.50      64.76 f
  U1820/Y (NOR2X1)                         0.78      65.54 r
  U1819/Y (INVX1)                          0.38      65.93 f
  U1676/Y (OAI21XL)                        0.71      66.63 r
  U1634/Y (AOI22X1)                        0.30      66.93 f
  U1605/Y (NAND4X1)                        0.54      67.48 r
  matrix_flat_o[1] (out)                   0.00      67.48 r
  data arrival time                                  67.48

  clock recam_boundary_clk (rise edge)    20.00      20.00
  clock network delay (ideal)              0.00      20.00
  output external delay                    0.00      20.00
  data required time                                 20.00
  -----------------------------------------------------------
  data required time                                 20.00
  data arrival time                                 -67.48
  -----------------------------------------------------------
  slack (VIOLATED)                                  -47.48


  Startpoint: pivot_valid_i[1]
              (input port clocked by recam_boundary_clk)
  Endpoint: matrix_flat_o[2]
            (output port clocked by recam_boundary_clk)
  Path Group: recam_boundary_clk
  Path Type: max

  Des/Clust/Port     Wire Load Model       Library
  ------------------------------------------------
  recam_2r2c_matrix_builder
                     tsmc18_wl10           slow

  Point                                    Incr       Path
  -----------------------------------------------------------
  clock recam_boundary_clk (rise edge)     0.00       0.00
  clock network delay (ideal)              0.00       0.00
  input external delay                     0.00       0.00 f
  pivot_valid_i[1] (in)                    0.00       0.00 f
  U3167/Y (XOR2X1)                         0.54       0.54 r
  U3166/Y (XNOR2X1)                        0.41       0.95 f
  U3165/Y (NAND2X1)                        0.39       1.34 r
  U3163/Y (NOR2X1)                         0.46       1.80 f
  U3162/Y (AOI21X1)                        1.07       2.87 r
  U3161/Y (NOR2X1)                         0.55       3.42 f
  U3159/Y (NAND2X1)                        0.95       4.37 r
  U3116/Y (NOR3BX1)                        0.43       4.80 r
  U3103/Y (NAND4X1)                        0.32       5.12 f
  U3102/Y (INVX1)                          0.43       5.55 r
  U3101/Y (AOI211X1)                       0.21       5.77 f
  U3100/Y (NAND4X1)                        0.53       6.30 r
  U3097/Y (NOR4BX1)                        0.43       6.73 r
  U3085/Y (NOR4BX1)                        0.64       7.37 r
  U3071/Y (NOR4BX1)                        0.25       7.62 f
  U3070/Y (NAND4X1)                        0.38       8.00 r
  U3069/Y (NAND2BX1)                       0.38       8.38 f
  U3068/Y (INVX1)                          0.45       8.83 r
  U3067/Y (NAND3X1)                        0.35       9.18 f
  U2995/Y (NOR2BX1)                        0.73       9.91 r
  U2994/Y (AND2X1)                         0.71      10.61 r
  U2990/Y (NOR2BX1)                        1.65      12.27 r
  U2989/Y (NOR2X1)                         0.92      13.19 f
  U2956/Y (INVX1)                          0.49      13.68 r
  U2948/Y (OAI211X1)                       0.23      13.91 f
  U2940/Y (NOR4X1)                         0.34      14.26 r
  U2939/Y (NAND4X1)                        0.68      14.93 f
  U2913/Y (INVX1)                          0.33      15.26 r
  U2912/Y (AOI211X1)                       0.17      15.43 f
  U2911/Y (NAND4X1)                        0.66      16.10 r
  U2910/Y (NAND3BX1)                       0.53      16.63 f
  U2884/Y (NAND2BX1)                       0.53      17.16 f
  U2816/Y (NAND2X1)                        0.68      17.84 r
  U2812/Y (INVX1)                          0.39      18.23 f
  U2811/Y (NOR2BX1)                        0.74      18.97 r
  U2735/Y (NAND3X1)                        0.47      19.44 f
  U2734/Y (INVX1)                          0.54      19.97 r
  U2727/Y (NAND3X1)                        0.92      20.89 f
  U2696/Y (OAI22X1)                        0.63      21.53 r
  U2695/Y (XNOR2X1)                        0.41      21.94 f
  U2694/Y (NAND4BXL)                       0.28      22.22 r
  U2690/Y (OAI211X1)                       0.22      22.44 f
  U2681/Y (NOR4X1)                         0.35      22.79 r
  U2680/Y (NAND4X1)                        0.68      23.47 f
  U2646/Y (INVX1)                          0.33      23.80 r
  U2645/Y (AOI211X1)                       0.17      23.97 f
  U2644/Y (NAND4X1)                        0.63      24.60 r
  U2643/Y (NAND3BX1)                       0.53      25.13 f
  U2609/Y (NAND2BX1)                       0.60      25.73 f
  U2608/Y (NAND2X1)                        0.73      26.46 r
  U2603/Y (INVX1)                          0.39      26.85 f
  U2602/Y (AOI21X1)                        0.77      27.62 r
  U2535/Y (NAND3X1)                        0.47      28.09 f
  U2534/Y (INVX1)                          0.50      28.59 r
  U2498/Y (NAND3X1)                        0.92      29.51 f
  U2467/Y (OAI22X1)                        0.44      29.95 r
  U2466/Y (INVX1)                          0.33      30.27 f
  U2465/Y (XNOR2X1)                        0.34      30.61 f
  U2464/Y (NAND4BXL)                       0.28      30.89 r
  U2460/Y (OAI211X1)                       0.22      31.11 f
  U2452/Y (NOR4X1)                         0.35      31.46 r
  U2451/Y (NAND4X1)                        0.69      32.15 f
  U2417/Y (INVX1)                          0.34      32.49 r
  U2416/Y (AOI211X1)                       0.17      32.65 f
  U2415/Y (NAND4X1)                        0.65      33.30 r
  U2414/Y (NAND3BX1)                       0.55      33.85 f
  U2380/Y (NAND2BX1)                       0.61      34.46 f
  U2379/Y (NAND2X1)                        0.72      35.18 r
  U2378/Y (INVX1)                          0.39      35.57 f
  U2377/Y (AOI21X1)                        0.77      36.34 r
  U2376/Y (NAND3X1)                        0.47      36.81 f
  U2373/Y (INVX1)                          0.50      37.31 r
  U2273/Y (NAND3X1)                        0.92      38.23 f
  U2229/Y (OAI22X1)                        0.63      38.86 r
  U2228/Y (XNOR2X1)                        0.50      39.36 r
  U2227/Y (NAND4BXL)                       0.26      39.62 f
  U2223/Y (OAI211X1)                       0.25      39.87 r
  U2214/Y (NOR4X1)                         0.18      40.05 f
  U2213/Y (NAND4X1)                        0.50      40.55 r
  U2212/Y (INVX1)                          0.17      40.72 f
  U2211/Y (AOI211X1)                       0.39      41.11 r
  U2210/Y (NAND4X1)                        0.41      41.51 f
  U2209/Y (NAND2X1)                        0.48      41.99 r
  U2208/Y (NOR2X1)                         0.38      42.37 f
  U2174/Y (NAND2X1)                        0.53      42.90 r
  U2173/Y (NAND2X1)                        0.56      43.46 f
  U2170/Y (INVX1)                          0.42      43.88 r
  U2169/Y (AOI21X1)                        0.23      44.11 f
  U2168/Y (INVX1)                          0.21      44.32 r
  U2167/Y (AOI21X1)                        0.24      44.57 f
  U2166/Y (NOR4BX1)                        2.93      47.49 r
  U2070/Y (AND2X1)                         1.15      48.64 r
  U2047/Y (OAI22X1)                        0.52      49.16 f
  U2046/Y (XNOR2X1)                        0.37      49.53 f
  U2045/Y (NAND4BXL)                       0.29      49.82 r
  U2042/Y (OAI211X1)                       0.22      50.04 f
  U2036/Y (NOR4X1)                         0.36      50.39 r
  U2035/Y (NAND4X1)                        0.58      50.97 f
  U2006/Y (INVX1)                          0.42      51.39 r
  U2005/Y (AOI211X1)                       0.19      51.58 f
  U2004/Y (NAND4X1)                        0.61      52.19 r
  U2003/Y (NAND3X1)                        0.53      52.72 f
  U2002/Y (NOR2BX1)                        0.62      53.34 r
  U2001/Y (INVX1)                          0.28      53.62 f
  U2000/Y (NAND2X1)                        0.86      54.48 r
  U1996/Y (OAI21XL)                        0.66      55.14 f
  U1995/Y (INVX1)                          0.42      55.55 r
  U1994/Y (NAND3X1)                        0.34      55.89 f
  U1993/Y (INVX1)                          0.36      56.25 r
  U1992/Y (NAND2X1)                        0.39      56.64 f
  U1969/Y (NOR3X1)                         2.08      58.72 r
  U1968/Y (NOR2X1)                         0.62      59.34 f
  U1965/Y (INVX1)                          0.44      59.78 r
  U1962/Y (NOR2X1)                         0.29      60.07 f
  U1917/Y (NOR4BX1)                        0.50      60.57 r
  U1916/Y (NAND4X1)                        0.31      60.89 f
  U1915/Y (INVX1)                          0.41      61.30 r
  U1914/Y (AOI211X1)                       0.21      61.50 f
  U1913/Y (NAND4X1)                        0.44      61.94 r
  U1905/Y (NOR2BX1)                        0.61      62.55 r
  U1904/Y (NAND2X1)                        0.52      63.07 f
  U1881/Y (NAND2BX1)                       0.50      63.57 f
  U1822/Y (NAND2X1)                        0.68      64.25 r
  U1821/Y (NAND2X1)                        0.50      64.76 f
  U1820/Y (NOR2X1)                         0.78      65.54 r
  U1819/Y (INVX1)                          0.38      65.93 f
  U1818/Y (OAI21XL)                        0.70      66.63 r
  U1604/Y (AOI22X1)                        0.30      66.93 f
  U1594/Y (NAND4X1)                        0.54      67.47 r
  matrix_flat_o[2] (out)                   0.00      67.47 r
  data arrival time                                  67.47

  clock recam_boundary_clk (rise edge)    20.00      20.00
  clock network delay (ideal)              0.00      20.00
  output external delay                    0.00      20.00
  data required time                                 20.00
  -----------------------------------------------------------
  data required time                                 20.00
  data arrival time                                 -67.47
  -----------------------------------------------------------
  slack (VIOLATED)                                  -47.47


  Startpoint: pivot_valid_i[1]
              (input port clocked by recam_boundary_clk)
  Endpoint: matrix_flat_o[5]
            (output port clocked by recam_boundary_clk)
  Path Group: recam_boundary_clk
  Path Type: max

  Des/Clust/Port     Wire Load Model       Library
  ------------------------------------------------
  recam_2r2c_matrix_builder
                     tsmc18_wl10           slow

  Point                                    Incr       Path
  -----------------------------------------------------------
  clock recam_boundary_clk (rise edge)     0.00       0.00
  clock network delay (ideal)              0.00       0.00
  input external delay                     0.00       0.00 f
  pivot_valid_i[1] (in)                    0.00       0.00 f
  U3167/Y (XOR2X1)                         0.54       0.54 r
  U3166/Y (XNOR2X1)                        0.41       0.95 f
  U3165/Y (NAND2X1)                        0.39       1.34 r
  U3163/Y (NOR2X1)                         0.46       1.80 f
  U3162/Y (AOI21X1)                        1.07       2.87 r
  U3161/Y (NOR2X1)                         0.55       3.42 f
  U3159/Y (NAND2X1)                        0.95       4.37 r
  U3116/Y (NOR3BX1)                        0.43       4.80 r
  U3103/Y (NAND4X1)                        0.32       5.12 f
  U3102/Y (INVX1)                          0.43       5.55 r
  U3101/Y (AOI211X1)                       0.21       5.77 f
  U3100/Y (NAND4X1)                        0.53       6.30 r
  U3097/Y (NOR4BX1)                        0.43       6.73 r
  U3085/Y (NOR4BX1)                        0.64       7.37 r
  U3071/Y (NOR4BX1)                        0.25       7.62 f
  U3070/Y (NAND4X1)                        0.38       8.00 r
  U3069/Y (NAND2BX1)                       0.38       8.38 f
  U3068/Y (INVX1)                          0.45       8.83 r
  U3067/Y (NAND3X1)                        0.35       9.18 f
  U2995/Y (NOR2BX1)                        0.73       9.91 r
  U2994/Y (AND2X1)                         0.71      10.61 r
  U2990/Y (NOR2BX1)                        1.65      12.27 r
  U2989/Y (NOR2X1)                         0.92      13.19 f
  U2956/Y (INVX1)                          0.49      13.68 r
  U2948/Y (OAI211X1)                       0.23      13.91 f
  U2940/Y (NOR4X1)                         0.34      14.26 r
  U2939/Y (NAND4X1)                        0.68      14.93 f
  U2913/Y (INVX1)                          0.33      15.26 r
  U2912/Y (AOI211X1)                       0.17      15.43 f
  U2911/Y (NAND4X1)                        0.66      16.10 r
  U2910/Y (NAND3BX1)                       0.53      16.63 f
  U2884/Y (NAND2BX1)                       0.53      17.16 f
  U2816/Y (NAND2X1)                        0.68      17.84 r
  U2812/Y (INVX1)                          0.39      18.23 f
  U2811/Y (NOR2BX1)                        0.74      18.97 r
  U2735/Y (NAND3X1)                        0.47      19.44 f
  U2734/Y (INVX1)                          0.54      19.97 r
  U2727/Y (NAND3X1)                        0.92      20.89 f
  U2696/Y (OAI22X1)                        0.63      21.53 r
  U2695/Y (XNOR2X1)                        0.41      21.94 f
  U2694/Y (NAND4BXL)                       0.28      22.22 r
  U2690/Y (OAI211X1)                       0.22      22.44 f
  U2681/Y (NOR4X1)                         0.35      22.79 r
  U2680/Y (NAND4X1)                        0.68      23.47 f
  U2646/Y (INVX1)                          0.33      23.80 r
  U2645/Y (AOI211X1)                       0.17      23.97 f
  U2644/Y (NAND4X1)                        0.63      24.60 r
  U2643/Y (NAND3BX1)                       0.53      25.13 f
  U2609/Y (NAND2BX1)                       0.60      25.73 f
  U2608/Y (NAND2X1)                        0.73      26.46 r
  U2603/Y (INVX1)                          0.39      26.85 f
  U2602/Y (AOI21X1)                        0.77      27.62 r
  U2535/Y (NAND3X1)                        0.47      28.09 f
  U2534/Y (INVX1)                          0.50      28.59 r
  U2498/Y (NAND3X1)                        0.92      29.51 f
  U2467/Y (OAI22X1)                        0.44      29.95 r
  U2466/Y (INVX1)                          0.33      30.27 f
  U2465/Y (XNOR2X1)                        0.34      30.61 f
  U2464/Y (NAND4BXL)                       0.28      30.89 r
  U2460/Y (OAI211X1)                       0.22      31.11 f
  U2452/Y (NOR4X1)                         0.35      31.46 r
  U2451/Y (NAND4X1)                        0.69      32.15 f
  U2417/Y (INVX1)                          0.34      32.49 r
  U2416/Y (AOI211X1)                       0.17      32.65 f
  U2415/Y (NAND4X1)                        0.65      33.30 r
  U2414/Y (NAND3BX1)                       0.55      33.85 f
  U2380/Y (NAND2BX1)                       0.61      34.46 f
  U2379/Y (NAND2X1)                        0.72      35.18 r
  U2378/Y (INVX1)                          0.39      35.57 f
  U2377/Y (AOI21X1)                        0.77      36.34 r
  U2376/Y (NAND3X1)                        0.47      36.81 f
  U2373/Y (INVX1)                          0.50      37.31 r
  U2273/Y (NAND3X1)                        0.92      38.23 f
  U2229/Y (OAI22X1)                        0.63      38.86 r
  U2228/Y (XNOR2X1)                        0.50      39.36 r
  U2227/Y (NAND4BXL)                       0.26      39.62 f
  U2223/Y (OAI211X1)                       0.25      39.87 r
  U2214/Y (NOR4X1)                         0.18      40.05 f
  U2213/Y (NAND4X1)                        0.50      40.55 r
  U2212/Y (INVX1)                          0.17      40.72 f
  U2211/Y (AOI211X1)                       0.39      41.11 r
  U2210/Y (NAND4X1)                        0.41      41.51 f
  U2209/Y (NAND2X1)                        0.48      41.99 r
  U2208/Y (NOR2X1)                         0.38      42.37 f
  U2174/Y (NAND2X1)                        0.53      42.90 r
  U2173/Y (NAND2X1)                        0.56      43.46 f
  U2170/Y (INVX1)                          0.42      43.88 r
  U2169/Y (AOI21X1)                        0.23      44.11 f
  U2168/Y (INVX1)                          0.21      44.32 r
  U2167/Y (AOI21X1)                        0.24      44.57 f
  U2166/Y (NOR4BX1)                        2.93      47.49 r
  U2070/Y (AND2X1)                         1.15      48.64 r
  U2047/Y (OAI22X1)                        0.52      49.16 f
  U2046/Y (XNOR2X1)                        0.37      49.53 f
  U2045/Y (NAND4BXL)                       0.29      49.82 r
  U2042/Y (OAI211X1)                       0.22      50.04 f
  U2036/Y (NOR4X1)                         0.36      50.39 r
  U2035/Y (NAND4X1)                        0.58      50.97 f
  U2006/Y (INVX1)                          0.42      51.39 r
  U2005/Y (AOI211X1)                       0.19      51.58 f
  U2004/Y (NAND4X1)                        0.61      52.19 r
  U2003/Y (NAND3X1)                        0.53      52.72 f
  U2002/Y (NOR2BX1)                        0.62      53.34 r
  U2001/Y (INVX1)                          0.28      53.62 f
  U2000/Y (NAND2X1)                        0.86      54.48 r
  U1996/Y (OAI21XL)                        0.66      55.14 f
  U1995/Y (INVX1)                          0.42      55.55 r
  U1994/Y (NAND3X1)                        0.34      55.89 f
  U1993/Y (INVX1)                          0.36      56.25 r
  U1992/Y (NAND2X1)                        0.39      56.64 f
  U1969/Y (NOR3X1)                         2.08      58.72 r
  U1968/Y (NOR2X1)                         0.62      59.34 f
  U1965/Y (INVX1)                          0.44      59.78 r
  U1962/Y (NOR2X1)                         0.29      60.07 f
  U1917/Y (NOR4BX1)                        0.50      60.57 r
  U1916/Y (NAND4X1)                        0.31      60.89 f
  U1915/Y (INVX1)                          0.41      61.30 r
  U1914/Y (AOI211X1)                       0.21      61.50 f
  U1913/Y (NAND4X1)                        0.44      61.94 r
  U1905/Y (NOR2BX1)                        0.61      62.55 r
  U1904/Y (NAND2X1)                        0.52      63.07 f
  U1881/Y (NAND2BX1)                       0.50      63.57 f
  U1822/Y (NAND2X1)                        0.68      64.25 r
  U1821/Y (NAND2X1)                        0.50      64.76 f
  U1820/Y (NOR2X1)                         0.78      65.54 r
  U1819/Y (INVX1)                          0.38      65.93 f
  U1676/Y (OAI21XL)                        0.71      66.63 r
  U1557/Y (AOI222X1)                       0.24      66.87 f
  U1552/Y (NAND4X1)                        0.58      67.46 r
  matrix_flat_o[5] (out)                   0.00      67.46 r
  data arrival time                                  67.46

  clock recam_boundary_clk (rise edge)    20.00      20.00
  clock network delay (ideal)              0.00      20.00
  output external delay                    0.00      20.00
  data required time                                 20.00
  -----------------------------------------------------------
  data required time                                 20.00
  data arrival time                                 -67.46
  -----------------------------------------------------------
  slack (VIOLATED)                                  -47.46


1
