 
****************************************
Report : qor
Design : recam_phase3j_full_group_top
Version: W-2024.09-SP2
Date   : Thu Sep 10 18:16:49 2026
****************************************


  Timing Path Group 'recam_clk'
  -----------------------------------
  Levels of Logic:              88.00
  Critical Path Length:         19.71
  Critical Path Slack:           0.01
  Critical Path Clk Period:     20.00
  Total Negative Slack:          0.00
  No. of Violating Paths:        0.00
  Worst Hold Violation:          0.00
  Total Hold Violation:          0.00
  No. of Hold Violations:        0.00
  -----------------------------------


  Cell Count
  -----------------------------------
  Hierarchical Cell Count:         10
  Hierarchical Port Count:       1361
  Leaf Cell Count:               5689
  Buf/Inv Cell Count:            1666
  Buf Cell Count:                  96
  Inv Cell Count:                1570
  CT Buf/Inv Cell Count:            0
  Combinational Cell Count:      5204
  Sequential Cell Count:          485
  Macro Count:                      0
  -----------------------------------


  Area
  -----------------------------------
  Combinational Area:    91256.458163
  Noncombinational Area: 25882.718727
  Buf/Inv Area:          14160.485027
  Total Buffer Area:          1613.30
  Total Inverter Area:       12547.18
  Macro/Black Box Area:      0.000000
  Net Area:             630889.869080
  -----------------------------------
  Cell Area:            117139.176890
  Design Area:          748029.045969


  Design Rules
  -----------------------------------
  Total Number of Nets:          5899
  Nets With Violations:             0
  Max Trans Violations:             0
  Max Cap Violations:               0
  -----------------------------------


  Hostname: Kaohsiung

  Compile CPU Statistics
  -----------------------------------------
  Resource Sharing:                    2.70
  Logic Optimization:                 22.11
  Mapping Optimization:                6.06
  -----------------------------------------
  Overall Compile Time:               37.13
  Overall Compile Wall Clock Time:    37.44

  --------------------------------------------------------------------

  Design  WNS: 0.00  TNS: 0.00  Number of Violating Paths: 0


  Design (Hold)  WNS: 0.00  TNS: 0.00  Number of Violating Paths: 0

  --------------------------------------------------------------------


1
