 
****************************************
Report : reference
Design : recam_phase3j_full_group_top
Version: W-2024.09-SP2
Date   : Thu Sep 10 18:16:49 2026
****************************************

Attributes:
    b - black box (unknown)
   bo - allows boundary optimization
    d - dont_touch
   mo - map_only
    h - hierarchical
    n - noncombinational
    r - removable
    s - synthetic operator
    u - contains unmapped logic

Reference          Library       Unit Area   Count    Total Area   Attributes
-----------------------------------------------------------------------------
recam_phase3j_full_dss_top_GROUP_POLICY1_ROW_ADDR_W9_COL_ADDR_W5_DIFF_ADDR_W9_HYBRID_ENTRIES7
                              117139.176890
                                                 1  117139.176890 h, n
-----------------------------------------------------------------------------
Total 1 references                                  117139.176890

****************************************
Design: recam_phase3j_full_dss_top_GROUP_POLICY1_ROW_ADDR_W9_COL_ADDR_W5_DIFF_ADDR_W9_HYBRID_ENTRIES7 
****************************************
Reference          Library       Unit Area   Count    Total Area   Attributes
-----------------------------------------------------------------------------
AOI2BB1X1          slow          16.632000       1     16.632000  
AOI21X1            slow          13.305600       4     53.222401  
AOI21XL            slow          13.305600       2     26.611200  
AOI31X1            slow          16.632000       1     16.632000  
BUFX3              slow          13.305600       1     13.305600  
DFFHQXL            slow          53.222401     325  17297.280216  n
DFFTRXL            slow          56.548801       1     56.548801  n
DFFXL              slow          56.548801       1     56.548801  n
INVX1              slow           6.652800     205   1363.824017  
INVXL              slow           6.652800       2     13.305600  
NAND2X1            slow           9.979200       3     29.937601  
NAND3X1            slow          13.305600       3     39.916800  
NAND4X1            slow          16.632000       3     49.896000  
NOR2X1             slow           9.979200       3     29.937601  
NOR3X1             slow          13.305600       2     26.611200  
OAI2BB2X1          slow          23.284800     320   7451.135864  
OAI21XL            slow          13.305600       4     53.222401  
OAI22X1            slow          19.958401       2     39.916801  
OAI32X1            slow          23.284800       1     23.284800  
OR2X2              slow          13.305600       1     13.305600  
OR2XL              slow          13.305600       4     53.222401  
recam_dss_group_allocator     16578.777714       1  16578.777714  h, n
recam_role_aware_config_scheduler_ROW_ADDR_W9_COL_ADDR_W5_DIFF_ADDR_W9_HYBRID_ENTRIES7
                              73836.101469       1  73836.101469  h, n
-----------------------------------------------------------------------------
Total 23 references                                 117139.176890

****************************************
Design: recam_dss_group_allocator 
****************************************
Reference          Library       Unit Area   Count    Total Area   Attributes
-----------------------------------------------------------------------------
AND2X2             slow          13.305600       1     13.305600  
AOI21X1            slow          13.305600       1     13.305600  
AOI22X1            slow          16.632000     160   2661.119995  
BUFX1              slow          13.305600       1     13.305600  
BUFX3              slow          13.305600       5     66.528001  
DFFHQXL            slow          53.222401      73   3885.235249  n
INVX1              slow           6.652800     112    745.113609  
INVXL              slow           6.652800       8     53.222401  
NAND2X1            slow           9.979200      89    888.148832  
NAND2XL            slow           9.979200       3     29.937601  
NAND3X1            slow          13.305600       2     26.611200  
NOR2X1             slow           9.979200       2     19.958401  
NOR2XL             slow           9.979200       1      9.979200  
OAI2BB1X1          slow          16.632000       2     33.264000  
OAI2BB1XL          slow          16.632000       4     66.528000  
OAI2BB2X1          slow          23.284800      13    302.702394  
OAI2BB2XL          slow          23.284800      52   1210.809578  
OAI21XL            slow          13.305600       6     79.833601  
OAI22X1            slow          19.958401       2     39.916801  
OAI31X1            slow          19.958401       8    159.667206  
OAI32XL            slow          23.284800       1     23.284800  
XOR2X1             slow          26.611200       1     26.611200  
recam_resource_aware_fallback_selector
                               6210.388844       1   6210.388844  h
-----------------------------------------------------------------------------
Total 23 references                                 16578.777714

****************************************
Design: recam_resource_aware_fallback_selector 
****************************************
Reference          Library       Unit Area   Count    Total Area   Attributes
-----------------------------------------------------------------------------
AOI21X1            slow          13.305600       2     26.611200  
AOI21XL            slow          13.305600       2     26.611200  
AOI22X1            slow          16.632000      58    964.655998  
AOI22XL            slow          16.632000      31    515.591999  
AOI32X1            slow          23.284800       1     23.284800  
AOI33X1            slow          26.611200       2     53.222401  
AOI211X1           slow          16.632000       1     16.632000  
AOI221X1           slow          23.284800       3     69.854399  
AOI221X4           slow          36.590401       1     36.590401  
AOI222X1           slow          26.611200       8    212.889603  
BUFX1              slow          13.305600       1     13.305600  
BUFX3              slow          13.305600       9    119.750401  
INVX1              slow           6.652800     115    765.072010  
INVXL              slow           6.652800      12     79.833601  
NAND2BX1           slow          13.305600       1     13.305600  
NAND2X1            slow           9.979200       9     89.812803  
NAND2XL            slow           9.979200       5     49.896002  
NAND3X1            slow          13.305600       1     13.305600  
NAND4BXL           slow          19.958401       2     39.916801  
NAND4X1            slow          16.632000       3     49.896000  
NOR2BX1            slow          13.305600       1     13.305600  
NOR2X1             slow           9.979200      13    129.729605  
NOR2XL             slow           9.979200       5     49.896002  
NOR3X1             slow          13.305600       1     13.305600  
OAI2BB1X1          slow          16.632000       2     33.264000  
OAI21XL            slow          13.305600       7     93.139201  
OAI22X1            slow          19.958401      15    299.376011  
OAI22XL            slow          19.958401       6    119.750404  
OAI31X1            slow          19.958401       2     39.916801  
OAI32X1            slow          23.284800       2     46.569599  
OAI221XL           slow          23.284800      40    931.391983  
XNOR2XL            slow          26.611200       1     26.611200  
recam_config_resource_action_decoder_0
                                252.806404       1    252.806404  h
recam_config_resource_action_decoder_1
                                252.806404       1    252.806404  h
recam_config_resource_action_decoder_2
                                252.806404       1    252.806404  h
recam_config_resource_action_decoder_3
                                252.806404       1    252.806404  h
recam_physical_resource_ledger_checker
                                222.868803       1    222.868803  h
-----------------------------------------------------------------------------
Total 37 references                                  6210.388844

****************************************
Design: recam_config_resource_action_decoder_0 
****************************************
Reference          Library       Unit Area   Count    Total Area   Attributes
-----------------------------------------------------------------------------
INVX1              slow           6.652800       5     33.264000  
INVXL              slow           6.652800       2     13.305600  
NAND2BX1           slow          13.305600       1     13.305600  
NAND3X1            slow          13.305600       4     53.222401  
NAND4XL            slow          16.632000       1     16.632000  
NOR2X1             slow           9.979200       1      9.979200  
OAI21XL            slow          13.305600       1     13.305600  
OAI31X1            slow          19.958401       1     19.958401  
OR2X2              slow          13.305600       2     26.611200  
XNOR2X1            slow          26.611200       1     26.611200  
XOR2X1             slow          26.611200       1     26.611200  
-----------------------------------------------------------------------------
Total 11 references                                   252.806404

****************************************
Design: recam_config_resource_action_decoder_1 
****************************************
Reference          Library       Unit Area   Count    Total Area   Attributes
-----------------------------------------------------------------------------
INVX1              slow           6.652800       5     33.264000  
INVXL              slow           6.652800       2     13.305600  
NAND2BX1           slow          13.305600       1     13.305600  
NAND3X1            slow          13.305600       1     13.305600  
NAND3XL            slow          13.305600       3     39.916800  
NAND4XL            slow          16.632000       1     16.632000  
NOR2XL             slow           9.979200       1      9.979200  
OAI21XL            slow          13.305600       1     13.305600  
OAI31X1            slow          19.958401       1     19.958401  
OR2X2              slow          13.305600       1     13.305600  
OR2XL              slow          13.305600       1     13.305600  
XNOR2X1            slow          26.611200       1     26.611200  
XOR2X1             slow          26.611200       1     26.611200  
-----------------------------------------------------------------------------
Total 13 references                                   252.806404

****************************************
Design: recam_config_resource_action_decoder_2 
****************************************
Reference          Library       Unit Area   Count    Total Area   Attributes
-----------------------------------------------------------------------------
INVX1              slow           6.652800       4     26.611200  
INVXL              slow           6.652800       3     19.958400  
NAND2BX1           slow          13.305600       1     13.305600  
NAND3X1            slow          13.305600       1     13.305600  
NAND3XL            slow          13.305600       3     39.916800  
NAND4XL            slow          16.632000       1     16.632000  
NOR2XL             slow           9.979200       1      9.979200  
OAI21XL            slow          13.305600       1     13.305600  
OAI31X1            slow          19.958401       1     19.958401  
OR2X2              slow          13.305600       1     13.305600  
OR2XL              slow          13.305600       1     13.305600  
XNOR2X1            slow          26.611200       1     26.611200  
XOR2X1             slow          26.611200       1     26.611200  
-----------------------------------------------------------------------------
Total 13 references                                   252.806404

****************************************
Design: recam_config_resource_action_decoder_3 
****************************************
Reference          Library       Unit Area   Count    Total Area   Attributes
-----------------------------------------------------------------------------
INVX1              slow           6.652800       5     33.264000  
INVXL              slow           6.652800       2     13.305600  
NAND2BX1           slow          13.305600       1     13.305600  
NAND3X1            slow          13.305600       4     53.222401  
NAND4XL            slow          16.632000       1     16.632000  
NOR2X1             slow           9.979200       1      9.979200  
OAI21XL            slow          13.305600       1     13.305600  
OAI31X1            slow          19.958401       1     19.958401  
OR2X2              slow          13.305600       2     26.611200  
XNOR2X1            slow          26.611200       2     53.222401  
-----------------------------------------------------------------------------
Total 10 references                                   252.806404

****************************************
Design: recam_physical_resource_ledger_checker 
****************************************
Reference          Library       Unit Area   Count    Total Area   Attributes
-----------------------------------------------------------------------------
AND3X2             slow          16.632000       1     16.632000  
AOI21X1            slow          13.305600       1     13.305600  
INVX1              slow           6.652800       5     33.264000  
NOR2X1             slow           9.979200       2     19.958401  
NOR3X1             slow          13.305600       4     53.222401  
OAI2BB1X1          slow          16.632000       2     33.264000  
OAI21XL            slow          13.305600       2     26.611200  
OAI222XL           slow          26.611200       1     26.611200  
-----------------------------------------------------------------------------
Total 8 references                                    222.868803

****************************************
Design: recam_role_aware_config_scheduler_ROW_ADDR_W9_COL_ADDR_W5_DIFF_ADDR_W9_HYBRID_ENTRIES7 
****************************************
Reference          Library       Unit Area   Count    Total Area   Attributes
-----------------------------------------------------------------------------
AND2X2             slow          13.305600       5     66.528001  
AND2X4             slow          16.632000       1     16.632000  
AND3X1             slow          16.632000       1     16.632000  
BUFX3              slow          13.305600      15    199.584002  
CLKINVX3           slow           9.979200       2     19.958401  
CLKINVX4           slow          13.305600       1     13.305600  
CLKINVX8           slow          19.958401       3     59.875202  
DFFHQX4            slow          73.180801       3    219.542404  n
DFFHQXL            slow          53.222401      81   4311.014454  n
DFFXL              slow          56.548801       1     56.548801  n
INVX1              slow           6.652800      92    612.057608  
INVX4              slow          13.305600       1     13.305600  
INVX8              slow          19.958401       1     19.958401  
INVX12             slow          43.243198       1     43.243198  
NAND3X1            slow          13.305600       1     13.305600  
NAND3XL            slow          13.305600       1     13.305600  
OAI2BB1X1          slow          16.632000      12    199.584000  
OAI2BB1X2          slow          23.284800       2     46.569599  
OAI2BB2X1          slow          23.284800       1     23.284800  
OAI21XL            slow          13.305600       1     13.305600  
OAI22X1            slow          19.958401      68   1357.171249  
OAI22X2            slow          29.937599       1     29.937599  
OR2X2              slow          13.305600       9    119.750401  
OR2X4              slow          19.958401       1     19.958401  
OR2XL              slow          13.305600       1     13.305600  
recam_shared_config_analyzer_ROW_ADDR_W9_COL_ADDR_W5_DIFF_ADDR_W9_HYBRID_ENTRIES7
                              66318.437346       1  66318.437346  h
-----------------------------------------------------------------------------
Total 26 references                                 73836.101469

****************************************
Design: recam_shared_config_analyzer_ROW_ADDR_W9_COL_ADDR_W5_DIFF_ADDR_W9_HYBRID_ENTRIES7 
****************************************
Reference          Library       Unit Area   Count    Total Area   Attributes
-----------------------------------------------------------------------------
AND2X1             slow          13.305600       3     39.916800  
AND2X2             slow          13.305600      35    465.696006  
AND2X4             slow          16.632000       6     99.792000  
AND3X1             slow          16.632000       3     49.896000  
AND3X2             slow          16.632000      17    282.743999  
AND3X4             slow          19.958401       3     59.875202  
AND4X1             slow          19.958401       1     19.958401  
AND4X2             slow          19.958401      52   1037.836838  
AND4X4             slow          36.590401      10    365.904007  
AOI2BB1X1          slow          16.632000       7    116.424000  
AOI2BB1X2          slow          23.284800       5    116.423998  
AOI2BB2X1          slow          23.284800      55   1280.663977  
AOI2BB2X2          slow          29.937599      12    359.251190  
AOI2BB2XL          slow          23.284800       5    116.423998  
AOI21X1            slow          13.305600       1     13.305600  
AOI22X1            slow          16.632000       5     83.160000  
AOI31X1            slow          16.632000       1     16.632000  
AOI31X2            slow          29.937599       3     89.812798  
AOI31X4            slow          29.937599       1     29.937599  
AOI32X4            slow          33.264000       1     33.264000  
AOI33X1            slow          26.611200       1     26.611200  
AOI33XL            slow          26.611200       1     26.611200  
AOI211X1           slow          16.632000       3     49.896000  
AOI211X2           slow          29.937599       7    209.563194  
AOI221X1           slow          23.284800       7    162.993597  
AOI221X2           slow          39.916801       4    159.667206  
AOI222X1           slow          26.611200      28    745.113609  
AOI222X2           slow          46.569599       7    325.987194  
BUFX1              slow          13.305600      12    159.667202  
BUFX2              slow          13.305600       1     13.305600  
BUFX3              slow          13.305600      27    359.251204  
BUFX4              slow          16.632000       4     66.528000  
BUFX8              slow          29.937599       9    269.438393  
BUFX12             slow          33.264000       2     66.528000  
BUFX20             slow          53.222401       3    159.667202  
CLKBUFX3           slow          13.305600       4     53.222401  
CLKBUFX4           slow          16.632000       1     16.632000  
CLKBUFX8           slow          23.284800       1     23.284800  
CLKINVX1           slow           9.979200       1      9.979200  
CLKINVX2           slow           9.979200       9     89.812803  
CLKINVX3           slow           9.979200     168   1676.505661  
CLKINVX4           slow          13.305600      11    146.361602  
CLKINVX8           slow          19.958401      16    319.334412  
CLKINVXL           slow           9.979200       5     49.896002  
INVX1              slow           6.652800     556   3698.956846  
INVX2              slow           9.979200      23    229.521608  
INVX4              slow          13.305600      35    465.696006  
INVX8              slow          19.958401      39    778.377628  
INVX12             slow          43.243198       6    259.459190  
INVX16             slow          56.548801       1     56.548801  
INVXL              slow           6.652800     112    745.113609  
MX2X1              slow          26.611200      75   1995.840025  
MX2X2              slow          29.937599       8    239.500793  
MX2X4              slow          33.264000       8    266.112000  
MX2XL              slow          26.611200       2     53.222401  
MXI2X1             slow          23.284800      96   2235.340759  
MXI2X2             slow          26.611200      82   2182.118427  
MXI2X4             slow          46.569599      23   1071.100780  
MXI2XL             slow          23.284800      75   1746.359968  
NAND2BX1           slow          13.305600       2     26.611200  
NAND2BX4           slow          26.611200       1     26.611200  
NAND2X1            slow           9.979200      41    409.147215  
NAND2X2            slow          16.632000       4     66.528000  
NAND2X4            slow          23.284800       2     46.569599  
NAND2XL            slow           9.979200       2     19.958401  
NAND3BX2           slow          26.611200       1     26.611200  
NAND3BXL           slow          16.632000       1     16.632000  
NAND3X1            slow          13.305600     163   2168.812827  
NAND3X2            slow          23.284800      11    256.132795  
NAND3X4            slow          33.264000      24    798.335999  
NAND3XL            slow          13.305600      20    266.112003  
NAND4BX2           slow          33.264000       3     99.792000  
NAND4BXL           slow          19.958401       1     19.958401  
NAND4X1            slow          16.632000      96   1596.671997  
NAND4X2            slow          29.937599      13    389.188789  
NAND4X4            slow          56.548801      25   1413.720036  
NAND4XL            slow          16.632000      11    182.952000  
NOR2X1             slow           9.979200      33    329.313612  
NOR2X2             slow          16.632000      14    232.848000  
NOR2X4             slow          23.284800      15    349.271994  
NOR2XL             slow           9.979200       4     39.916801  
NOR3BX1            slow          19.958401       2     39.916801  
NOR3X1             slow          13.305600       2     26.611200  
NOR3X4             slow          33.264000       1     33.264000  
NOR3XL             slow          13.305600       1     13.305600  
NOR4X2             slow          29.937599       2     59.875198  
OAI2BB1X1          slow          16.632000      48    798.335999  
OAI2BB1X2          slow          23.284800      22    512.265591  
OAI2BB1X4          slow          33.264000      19    632.015999  
OAI2BB1XL          slow          16.632000       2     33.264000  
OAI21X1            slow          16.632000       1     16.632000  
OAI22X1            slow          19.958401      24    479.001617  
OAI22X2            slow          29.937599      31    928.065575  
OAI22X4            slow          46.569599       6    279.417595  
OAI22XL            slow          19.958401       5     99.792004  
OAI31X1            slow          19.958401       1     19.958401  
OAI31X2            slow          29.937599       5    149.687996  
OAI31X4            slow          29.937599       1     29.937599  
OAI32X2            slow          36.590401       1     36.590401  
OAI32X4            slow          33.264000       3     99.792000  
OAI33X2            slow          43.243198       1     43.243198  
OAI211X1           slow          19.958401      16    319.334412  
OAI211X2           slow          33.264000       5    166.320000  
OAI211X4           slow          29.937599       5    149.687996  
OAI221X1           slow          26.611200       1     26.611200  
OAI221X2           slow          43.243198       3    129.729595  
OAI221X4           slow          36.590401       6    219.542404  
OAI221XL           slow          23.284800       5    116.423998  
OAI222X1           slow          29.937599       1     29.937599  
OAI222X2           slow          49.896000       3    149.688000  
OAI222X4           slow          39.916801       4    159.667206  
OAI222XL           slow          26.611200       3     79.833601  
OR2X1              slow          13.305600       1     13.305600  
OR2X2              slow          13.305600     235   3126.816039  
OR2X4              slow          19.958401      62   1237.420845  
OR2XL              slow          13.305600      32    425.779205  
OR3X4              slow          29.937599       2     59.875198  
OR3XL              slow          16.632000       2     33.264000  
OR4X1              slow          19.958401       3     59.875202  
OR4X2              slow          19.958401      65   1297.296047  
OR4X4              slow          36.590401      15    548.856010  
XNOR2X1            slow          26.611200      66   1756.339222  
XNOR2X2            slow          36.590401       5    182.952003  
XNOR2X4            slow          56.548801       2    113.097603  
XNOR2XL            slow          26.611200       7    186.278402  
XOR2X1             slow          26.611200     392  10431.590530  
XOR2X2             slow          33.264000     100   3326.399994  
XOR2X4             slow          56.548801      24   1357.171234  
XOR2XL             slow          26.611200      57   1516.838419  
XOR3X4             slow          99.792000       1     99.792000  
-----------------------------------------------------------------------------
Total 130 references                                66318.437346
1
