 
****************************************
Report : timing
        -path full
        -delay max
        -max_paths 10
Design : recam_shared_config_analyzer
Version: W-2024.09-SP2
Date   : Thu Sep 10 03:31:49 2026
****************************************

Operating Conditions: slow   Library: slow
Wire Load Model Mode: top

  Startpoint: config_id_i[2]
              (input port clocked by recam_boundary_clk)
  Endpoint: solution_valid_o
            (output port clocked by recam_boundary_clk)
  Path Group: recam_boundary_clk
  Path Type: max

  Des/Clust/Port     Wire Load Model       Library
  ------------------------------------------------
  recam_shared_config_analyzer
                     tsmc18_wl10           slow

  Point                                    Incr       Path
  -----------------------------------------------------------
  clock recam_boundary_clk (rise edge)     0.00       0.00
  clock network delay (ideal)              0.00       0.00
  input external delay                     0.00       0.00 f
  config_id_i[2] (in)                      0.00       0.00 f
  U4663/Y (INVX1)                          1.16       1.16 r
  U4662/Y (OR3XL)                          0.55       1.71 r
  U4661/Y (OAI21XL)                        1.05       2.76 f
  U4660/Y (INVX1)                          0.95       3.71 r
  U4655/Y (NAND2X1)                        0.49       4.20 f
  U4654/Y (INVX1)                          1.55       5.75 r
  U4650/Y (NAND2BX1)                       1.12       6.87 f
  U4649/Y (NAND2X1)                        0.70       7.57 r
  U4647/Y (NAND2X1)                        0.40       7.96 f
  U4645/Y (XOR2X1)                         0.51       8.48 r
  U4644/Y (NAND2X1)                        0.22       8.70 f
  U4643/Y (OAI21XL)                        0.52       9.22 r
  U4633/Y (XOR2X1)                         0.65       9.87 r
  U4632/Y (NAND2X1)                        0.30      10.17 f
  U4631/Y (OAI21XL)                        2.83      13.00 r
  U4630/Y (INVX1)                          1.70      14.69 f
  U4568/Y (NAND2X1)                        1.61      16.30 r
  U4567/Y (OAI221XL)                       0.47      16.76 f
  U4566/Y (AOI221X1)                       0.65      17.41 r
  U3884/Y (NAND4X1)                        0.57      17.98 f
  U3883/Y (NAND3BX1)                       0.34      18.32 r
  U3872/Y (NAND4BXL)                       0.56      18.88 r
  U3860/Y (NAND4X1)                        0.37      19.25 f
  U3859/Y (INVX1)                          0.34      19.59 r
  U3858/Y (NAND2X1)                        0.45      20.04 f
  U3710/Y (NAND2BX1)                       0.65      20.69 f
  U3709/Y (NOR2X1)                         1.85      22.54 r
  U3707/Y (INVX1)                          0.40      22.94 f
  U3689/Y (NAND2X1)                        0.69      23.63 r
  U3664/Y (INVX1)                          0.39      24.03 f
  U3662/Y (NAND2X1)                        1.34      25.36 r
  U3647/Y (NAND4BXL)                       0.33      25.69 f
  U3635/Y (NAND4BXL)                       0.70      26.39 f
  U3606/Y (INVX1)                          0.30      26.68 r
  U3605/Y (AOI211X1)                       0.16      26.84 f
  U3604/Y (NAND4X1)                        0.36      27.21 r
  U3603/Y (NAND3X1)                        0.42      27.63 f
  U3602/Y (INVX1)                          0.40      28.02 r
  U3601/Y (NAND3X1)                        0.41      28.44 f
  U3600/Y (INVX1)                          0.38      28.82 r
  U3599/Y (AND3X1)                         0.54      29.35 r
  U3598/Y (NAND2X1)                        0.35      29.71 f
  U3577/Y (NOR2X1)                         1.82      31.53 r
  U3576/Y (NOR2X1)                         0.46      31.99 f
  U3575/Y (INVX1)                          0.86      32.85 r
  U3572/Y (NOR2X1)                         1.00      33.85 f
  U3556/Y (NOR4BX1)                        0.57      34.42 r
  U3555/Y (NAND4X1)                        0.41      34.83 f
  U3532/Y (OAI21XL)                        0.33      35.17 r
  U3531/Y (NOR3X1)                         0.18      35.35 f
  U3530/Y (NAND4X1)                        0.43      35.78 r
  U3529/Y (NAND3X1)                        0.41      36.20 f
  U3528/Y (INVX1)                          0.39      36.59 r
  U3503/Y (NAND4X1)                        0.57      37.16 f
  U3502/Y (NOR3X1)                         0.79      37.95 r
  U3501/Y (NAND2X1)                        0.43      38.38 f
  U3486/Y (NOR2X1)                         1.79      40.17 r
  U3485/Y (NOR2X1)                         0.90      41.07 f
  U3482/Y (NAND2X1)                        1.34      42.41 r
  U3472/Y (NAND4X1)                        0.27      42.68 f
  U3460/Y (NAND4BXL)                       0.68      43.36 f
  U3436/Y (INVX1)                          0.30      43.65 r
  U3435/Y (AOI211X1)                       0.16      43.82 f
  U3434/Y (NAND4X1)                        0.40      44.21 r
  U3433/Y (NAND3X1)                        0.42      44.63 f
  U3432/Y (INVX1)                          0.40      45.03 r
  U3406/Y (NAND4X1)                        0.58      45.61 f
  U3405/Y (NOR3X1)                         0.79      46.40 r
  U3404/Y (NAND2X1)                        0.43      46.84 f
  U3401/Y (NOR2X1)                         1.79      48.62 r
  U3400/Y (NOR2X1)                         0.79      49.42 f
  U3364/Y (NAND2X1)                        1.43      50.85 r
  U3351/Y (NAND4BXL)                       0.33      51.18 f
  U3338/Y (NAND4BXL)                       0.69      51.87 f
  U3314/Y (INVX1)                          0.30      52.17 r
  U3313/Y (AOI211X1)                       0.16      52.33 f
  U3312/Y (NAND4X1)                        0.40      52.72 r
  U3311/Y (NAND3X1)                        0.42      53.14 f
  U3310/Y (INVX1)                          0.40      53.54 r
  U3309/Y (NAND3X1)                        0.48      54.02 f
  U3296/Y (NAND2BX1)                       0.60      54.61 f
  U3295/Y (NOR3X1)                         2.29      56.90 r
  U3256/Y (NOR2X1)                         0.74      57.65 f
  U3255/Y (INVX1)                          0.86      58.51 r
  U3223/Y (OAI21XL)                        0.41      58.91 f
  U3201/Y (NAND4BXL)                       0.69      59.60 f
  U3178/Y (INVX1)                          0.30      59.90 r
  U3177/Y (AOI211X1)                       0.16      60.06 f
  U3176/Y (NAND4X1)                        0.37      60.42 r
  U3175/Y (NAND3X1)                        0.49      60.92 f
  U3174/Y (AOI21X1)                        0.39      61.31 r
  U3173/Y (NAND3X1)                        0.49      61.80 f
  U3172/Y (NOR3X1)                         0.82      62.62 r
  U3171/Y (NAND2X1)                        0.34      62.96 f
  U3170/Y (NOR2X1)                         0.62      63.58 r
  U3168/Y (NOR2X1)                         0.38      63.96 f
  U3167/Y (INVX1)                          0.42      64.38 r
  U3166/Y (NAND2X1)                        0.24      64.62 f
  U3113/Y (AND4X1)                         0.53      65.16 f
  U3112/Y (NAND3X1)                        0.50      65.65 r
  U3111/Y (OAI31X1)                        0.24      65.89 f
  U3110/Y (AOI31X1)                        0.75      66.64 r
  U2685/Y (INVX1)                          0.30      66.94 f
  U2669/Y (OAI2BB1X1)                      0.57      67.51 f
  U2668/Y (AOI22X1)                        0.39      67.90 r
  U2654/Y (NOR4BBX1)                       0.50      68.41 r
  U2653/Y (NAND4X1)                        0.41      68.82 f
  U2652/Y (INVX1)                          0.45      69.27 r
  U2584/Y (NAND2X1)                        0.17      69.44 f
  U2531/Y (MXI2X1)                         0.23      69.67 r
  U2420/Y (AND4X1)                         0.89      70.56 r
  U2230/Y (NAND2BX1)                       0.38      70.95 r
  U2229/Y (NOR2X1)                         0.28      71.23 f
  U2227/Y (INVX1)                          0.33      71.56 r
  U2226/Y (NOR2X1)                         0.28      71.85 f
  U2225/Y (NAND2X1)                        0.56      72.40 r
  U2224/Y (NAND3X1)                        0.41      72.81 f
  U2223/Y (NAND4X1)                        0.50      73.32 r
  U2222/Y (NAND4X1)                        0.73      74.05 f
  U2221/Y (NOR3X1)                         0.87      74.92 r
  U2220/Y (NAND2X1)                        0.47      75.39 f
  U2216/Y (NAND3X1)                        0.49      75.88 r
  U2212/Y (NAND3X1)                        0.81      76.69 f
  solution_valid_o (out)                   0.00      76.69 f
  data arrival time                                  76.69

  clock recam_boundary_clk (rise edge)    15.00      15.00
  clock network delay (ideal)              0.00      15.00
  output external delay                    0.00      15.00
  data required time                                 15.00
  -----------------------------------------------------------
  data required time                                 15.00
  data arrival time                                 -76.69
  -----------------------------------------------------------
  slack (VIOLATED)                                  -61.69


  Startpoint: config_id_i[2]
              (input port clocked by recam_boundary_clk)
  Endpoint: repairable_o
            (output port clocked by recam_boundary_clk)
  Path Group: recam_boundary_clk
  Path Type: max

  Des/Clust/Port     Wire Load Model       Library
  ------------------------------------------------
  recam_shared_config_analyzer
                     tsmc18_wl10           slow

  Point                                    Incr       Path
  -----------------------------------------------------------
  clock recam_boundary_clk (rise edge)     0.00       0.00
  clock network delay (ideal)              0.00       0.00
  input external delay                     0.00       0.00 f
  config_id_i[2] (in)                      0.00       0.00 f
  U4663/Y (INVX1)                          1.16       1.16 r
  U4662/Y (OR3XL)                          0.55       1.71 r
  U4661/Y (OAI21XL)                        1.05       2.76 f
  U4660/Y (INVX1)                          0.95       3.71 r
  U4655/Y (NAND2X1)                        0.49       4.20 f
  U4654/Y (INVX1)                          1.55       5.75 r
  U4650/Y (NAND2BX1)                       1.12       6.87 f
  U4649/Y (NAND2X1)                        0.70       7.57 r
  U4647/Y (NAND2X1)                        0.40       7.96 f
  U4645/Y (XOR2X1)                         0.51       8.48 r
  U4644/Y (NAND2X1)                        0.22       8.70 f
  U4643/Y (OAI21XL)                        0.52       9.22 r
  U4633/Y (XOR2X1)                         0.65       9.87 r
  U4632/Y (NAND2X1)                        0.30      10.17 f
  U4631/Y (OAI21XL)                        2.83      13.00 r
  U4630/Y (INVX1)                          1.70      14.69 f
  U4568/Y (NAND2X1)                        1.61      16.30 r
  U4567/Y (OAI221XL)                       0.47      16.76 f
  U4566/Y (AOI221X1)                       0.65      17.41 r
  U3884/Y (NAND4X1)                        0.57      17.98 f
  U3883/Y (NAND3BX1)                       0.34      18.32 r
  U3872/Y (NAND4BXL)                       0.56      18.88 r
  U3860/Y (NAND4X1)                        0.37      19.25 f
  U3859/Y (INVX1)                          0.34      19.59 r
  U3858/Y (NAND2X1)                        0.45      20.04 f
  U3710/Y (NAND2BX1)                       0.65      20.69 f
  U3709/Y (NOR2X1)                         1.85      22.54 r
  U3707/Y (INVX1)                          0.40      22.94 f
  U3689/Y (NAND2X1)                        0.69      23.63 r
  U3664/Y (INVX1)                          0.39      24.03 f
  U3662/Y (NAND2X1)                        1.34      25.36 r
  U3647/Y (NAND4BXL)                       0.33      25.69 f
  U3635/Y (NAND4BXL)                       0.70      26.39 f
  U3606/Y (INVX1)                          0.30      26.68 r
  U3605/Y (AOI211X1)                       0.16      26.84 f
  U3604/Y (NAND4X1)                        0.36      27.21 r
  U3603/Y (NAND3X1)                        0.42      27.63 f
  U3602/Y (INVX1)                          0.40      28.02 r
  U3601/Y (NAND3X1)                        0.41      28.44 f
  U3600/Y (INVX1)                          0.38      28.82 r
  U3599/Y (AND3X1)                         0.54      29.35 r
  U3598/Y (NAND2X1)                        0.35      29.71 f
  U3577/Y (NOR2X1)                         1.82      31.53 r
  U3576/Y (NOR2X1)                         0.46      31.99 f
  U3575/Y (INVX1)                          0.86      32.85 r
  U3572/Y (NOR2X1)                         1.00      33.85 f
  U3556/Y (NOR4BX1)                        0.57      34.42 r
  U3555/Y (NAND4X1)                        0.41      34.83 f
  U3532/Y (OAI21XL)                        0.33      35.17 r
  U3531/Y (NOR3X1)                         0.18      35.35 f
  U3530/Y (NAND4X1)                        0.43      35.78 r
  U3529/Y (NAND3X1)                        0.41      36.20 f
  U3528/Y (INVX1)                          0.39      36.59 r
  U3503/Y (NAND4X1)                        0.57      37.16 f
  U3502/Y (NOR3X1)                         0.79      37.95 r
  U3501/Y (NAND2X1)                        0.43      38.38 f
  U3486/Y (NOR2X1)                         1.79      40.17 r
  U3485/Y (NOR2X1)                         0.90      41.07 f
  U3482/Y (NAND2X1)                        1.34      42.41 r
  U3472/Y (NAND4X1)                        0.27      42.68 f
  U3460/Y (NAND4BXL)                       0.68      43.36 f
  U3436/Y (INVX1)                          0.30      43.65 r
  U3435/Y (AOI211X1)                       0.16      43.82 f
  U3434/Y (NAND4X1)                        0.40      44.21 r
  U3433/Y (NAND3X1)                        0.42      44.63 f
  U3432/Y (INVX1)                          0.40      45.03 r
  U3406/Y (NAND4X1)                        0.58      45.61 f
  U3405/Y (NOR3X1)                         0.79      46.40 r
  U3404/Y (NAND2X1)                        0.43      46.84 f
  U3401/Y (NOR2X1)                         1.79      48.62 r
  U3400/Y (NOR2X1)                         0.79      49.42 f
  U3364/Y (NAND2X1)                        1.43      50.85 r
  U3351/Y (NAND4BXL)                       0.33      51.18 f
  U3338/Y (NAND4BXL)                       0.69      51.87 f
  U3314/Y (INVX1)                          0.30      52.17 r
  U3313/Y (AOI211X1)                       0.16      52.33 f
  U3312/Y (NAND4X1)                        0.40      52.72 r
  U3311/Y (NAND3X1)                        0.42      53.14 f
  U3310/Y (INVX1)                          0.40      53.54 r
  U3309/Y (NAND3X1)                        0.48      54.02 f
  U3296/Y (NAND2BX1)                       0.60      54.61 f
  U3295/Y (NOR3X1)                         2.29      56.90 r
  U3256/Y (NOR2X1)                         0.74      57.65 f
  U3255/Y (INVX1)                          0.86      58.51 r
  U3223/Y (OAI21XL)                        0.41      58.91 f
  U3201/Y (NAND4BXL)                       0.69      59.60 f
  U3178/Y (INVX1)                          0.30      59.90 r
  U3177/Y (AOI211X1)                       0.16      60.06 f
  U3176/Y (NAND4X1)                        0.37      60.42 r
  U3175/Y (NAND3X1)                        0.49      60.92 f
  U3174/Y (AOI21X1)                        0.39      61.31 r
  U3173/Y (NAND3X1)                        0.49      61.80 f
  U3172/Y (NOR3X1)                         0.82      62.62 r
  U3171/Y (NAND2X1)                        0.34      62.96 f
  U3170/Y (NOR2X1)                         0.62      63.58 r
  U3168/Y (NOR2X1)                         0.38      63.96 f
  U3167/Y (INVX1)                          0.42      64.38 r
  U3166/Y (NAND2X1)                        0.24      64.62 f
  U3113/Y (AND4X1)                         0.53      65.16 f
  U3112/Y (NAND3X1)                        0.50      65.65 r
  U3111/Y (OAI31X1)                        0.24      65.89 f
  U3110/Y (AOI31X1)                        0.75      66.64 r
  U2685/Y (INVX1)                          0.30      66.94 f
  U2669/Y (OAI2BB1X1)                      0.57      67.51 f
  U2668/Y (AOI22X1)                        0.39      67.90 r
  U2654/Y (NOR4BBX1)                       0.50      68.41 r
  U2653/Y (NAND4X1)                        0.41      68.82 f
  U2652/Y (INVX1)                          0.45      69.27 r
  U2584/Y (NAND2X1)                        0.17      69.44 f
  U2531/Y (MXI2X1)                         0.23      69.67 r
  U2420/Y (AND4X1)                         0.89      70.56 r
  U2230/Y (NAND2BX1)                       0.38      70.95 r
  U2229/Y (NOR2X1)                         0.28      71.23 f
  U2227/Y (INVX1)                          0.33      71.56 r
  U2226/Y (NOR2X1)                         0.28      71.85 f
  U2225/Y (NAND2X1)                        0.56      72.40 r
  U2224/Y (NAND3X1)                        0.41      72.81 f
  U2223/Y (NAND4X1)                        0.50      73.32 r
  U2222/Y (NAND4X1)                        0.73      74.05 f
  U2221/Y (NOR3X1)                         0.87      74.92 r
  U2220/Y (NAND2X1)                        0.47      75.39 f
  U2216/Y (NAND3X1)                        0.49      75.88 r
  U2212/Y (NAND3X1)                        0.81      76.69 f
  repairable_o (out)                       0.00      76.69 f
  data arrival time                                  76.69

  clock recam_boundary_clk (rise edge)    15.00      15.00
  clock network delay (ideal)              0.00      15.00
  output external delay                    0.00      15.00
  data required time                                 15.00
  -----------------------------------------------------------
  data required time                                 15.00
  data arrival time                                 -76.69
  -----------------------------------------------------------
  slack (VIOLATED)                                  -61.69


  Startpoint: config_id_i[2]
              (input port clocked by recam_boundary_clk)
  Endpoint: pattern_id_o[0]
            (output port clocked by recam_boundary_clk)
  Path Group: recam_boundary_clk
  Path Type: max

  Des/Clust/Port     Wire Load Model       Library
  ------------------------------------------------
  recam_shared_config_analyzer
                     tsmc18_wl10           slow

  Point                                    Incr       Path
  -----------------------------------------------------------
  clock recam_boundary_clk (rise edge)     0.00       0.00
  clock network delay (ideal)              0.00       0.00
  input external delay                     0.00       0.00 f
  config_id_i[2] (in)                      0.00       0.00 f
  U4663/Y (INVX1)                          1.16       1.16 r
  U4662/Y (OR3XL)                          0.55       1.71 r
  U4661/Y (OAI21XL)                        1.05       2.76 f
  U4660/Y (INVX1)                          0.95       3.71 r
  U4655/Y (NAND2X1)                        0.49       4.20 f
  U4654/Y (INVX1)                          1.55       5.75 r
  U4650/Y (NAND2BX1)                       1.12       6.87 f
  U4649/Y (NAND2X1)                        0.70       7.57 r
  U4647/Y (NAND2X1)                        0.40       7.96 f
  U4645/Y (XOR2X1)                         0.51       8.48 r
  U4644/Y (NAND2X1)                        0.22       8.70 f
  U4643/Y (OAI21XL)                        0.52       9.22 r
  U4633/Y (XOR2X1)                         0.65       9.87 r
  U4632/Y (NAND2X1)                        0.30      10.17 f
  U4631/Y (OAI21XL)                        2.83      13.00 r
  U4630/Y (INVX1)                          1.70      14.69 f
  U4568/Y (NAND2X1)                        1.61      16.30 r
  U4567/Y (OAI221XL)                       0.47      16.76 f
  U4566/Y (AOI221X1)                       0.65      17.41 r
  U3884/Y (NAND4X1)                        0.57      17.98 f
  U3883/Y (NAND3BX1)                       0.34      18.32 r
  U3872/Y (NAND4BXL)                       0.56      18.88 r
  U3860/Y (NAND4X1)                        0.37      19.25 f
  U3859/Y (INVX1)                          0.34      19.59 r
  U3858/Y (NAND2X1)                        0.45      20.04 f
  U3710/Y (NAND2BX1)                       0.65      20.69 f
  U3709/Y (NOR2X1)                         1.85      22.54 r
  U3707/Y (INVX1)                          0.40      22.94 f
  U3689/Y (NAND2X1)                        0.69      23.63 r
  U3664/Y (INVX1)                          0.39      24.03 f
  U3662/Y (NAND2X1)                        1.34      25.36 r
  U3647/Y (NAND4BXL)                       0.33      25.69 f
  U3635/Y (NAND4BXL)                       0.70      26.39 f
  U3606/Y (INVX1)                          0.30      26.68 r
  U3605/Y (AOI211X1)                       0.16      26.84 f
  U3604/Y (NAND4X1)                        0.36      27.21 r
  U3603/Y (NAND3X1)                        0.42      27.63 f
  U3602/Y (INVX1)                          0.40      28.02 r
  U3601/Y (NAND3X1)                        0.41      28.44 f
  U3600/Y (INVX1)                          0.38      28.82 r
  U3599/Y (AND3X1)                         0.54      29.35 r
  U3598/Y (NAND2X1)                        0.35      29.71 f
  U3577/Y (NOR2X1)                         1.82      31.53 r
  U3576/Y (NOR2X1)                         0.46      31.99 f
  U3575/Y (INVX1)                          0.86      32.85 r
  U3572/Y (NOR2X1)                         1.00      33.85 f
  U3556/Y (NOR4BX1)                        0.57      34.42 r
  U3555/Y (NAND4X1)                        0.41      34.83 f
  U3532/Y (OAI21XL)                        0.33      35.17 r
  U3531/Y (NOR3X1)                         0.18      35.35 f
  U3530/Y (NAND4X1)                        0.43      35.78 r
  U3529/Y (NAND3X1)                        0.41      36.20 f
  U3528/Y (INVX1)                          0.39      36.59 r
  U3503/Y (NAND4X1)                        0.57      37.16 f
  U3502/Y (NOR3X1)                         0.79      37.95 r
  U3501/Y (NAND2X1)                        0.43      38.38 f
  U3486/Y (NOR2X1)                         1.79      40.17 r
  U3485/Y (NOR2X1)                         0.90      41.07 f
  U3482/Y (NAND2X1)                        1.34      42.41 r
  U3472/Y (NAND4X1)                        0.27      42.68 f
  U3460/Y (NAND4BXL)                       0.68      43.36 f
  U3436/Y (INVX1)                          0.30      43.65 r
  U3435/Y (AOI211X1)                       0.16      43.82 f
  U3434/Y (NAND4X1)                        0.40      44.21 r
  U3433/Y (NAND3X1)                        0.42      44.63 f
  U3432/Y (INVX1)                          0.40      45.03 r
  U3406/Y (NAND4X1)                        0.58      45.61 f
  U3405/Y (NOR3X1)                         0.79      46.40 r
  U3404/Y (NAND2X1)                        0.43      46.84 f
  U3401/Y (NOR2X1)                         1.79      48.62 r
  U3400/Y (NOR2X1)                         0.79      49.42 f
  U3364/Y (NAND2X1)                        1.43      50.85 r
  U3351/Y (NAND4BXL)                       0.33      51.18 f
  U3338/Y (NAND4BXL)                       0.69      51.87 f
  U3314/Y (INVX1)                          0.30      52.17 r
  U3313/Y (AOI211X1)                       0.16      52.33 f
  U3312/Y (NAND4X1)                        0.40      52.72 r
  U3311/Y (NAND3X1)                        0.42      53.14 f
  U3310/Y (INVX1)                          0.40      53.54 r
  U3309/Y (NAND3X1)                        0.48      54.02 f
  U3296/Y (NAND2BX1)                       0.60      54.61 f
  U3295/Y (NOR3X1)                         2.29      56.90 r
  U3256/Y (NOR2X1)                         0.74      57.65 f
  U3255/Y (INVX1)                          0.86      58.51 r
  U3223/Y (OAI21XL)                        0.41      58.91 f
  U3201/Y (NAND4BXL)                       0.69      59.60 f
  U3178/Y (INVX1)                          0.30      59.90 r
  U3177/Y (AOI211X1)                       0.16      60.06 f
  U3176/Y (NAND4X1)                        0.37      60.42 r
  U3175/Y (NAND3X1)                        0.49      60.92 f
  U3174/Y (AOI21X1)                        0.39      61.31 r
  U3173/Y (NAND3X1)                        0.49      61.80 f
  U3172/Y (NOR3X1)                         0.82      62.62 r
  U3171/Y (NAND2X1)                        0.34      62.96 f
  U3170/Y (NOR2X1)                         0.62      63.58 r
  U3168/Y (NOR2X1)                         0.38      63.96 f
  U3167/Y (INVX1)                          0.42      64.38 r
  U3166/Y (NAND2X1)                        0.24      64.62 f
  U3113/Y (AND4X1)                         0.53      65.16 f
  U3112/Y (NAND3X1)                        0.50      65.65 r
  U3111/Y (OAI31X1)                        0.24      65.89 f
  U3110/Y (AOI31X1)                        0.75      66.64 r
  U2685/Y (INVX1)                          0.30      66.94 f
  U2669/Y (OAI2BB1X1)                      0.57      67.51 f
  U2668/Y (AOI22X1)                        0.39      67.90 r
  U2654/Y (NOR4BBX1)                       0.50      68.41 r
  U2653/Y (NAND4X1)                        0.41      68.82 f
  U2652/Y (INVX1)                          0.45      69.27 r
  U2584/Y (NAND2X1)                        0.17      69.44 f
  U2531/Y (MXI2X1)                         0.23      69.67 r
  U2420/Y (AND4X1)                         0.89      70.56 r
  U2230/Y (NAND2BX1)                       0.38      70.95 r
  U2229/Y (NOR2X1)                         0.28      71.23 f
  U2227/Y (INVX1)                          0.33      71.56 r
  U2226/Y (NOR2X1)                         0.28      71.85 f
  U2225/Y (NAND2X1)                        0.56      72.40 r
  U2224/Y (NAND3X1)                        0.41      72.81 f
  U2223/Y (NAND4X1)                        0.50      73.32 r
  U2222/Y (NAND4X1)                        0.73      74.05 f
  U2221/Y (NOR3X1)                         0.87      74.92 r
  U2220/Y (NAND2X1)                        0.47      75.39 f
  U2219/Y (OAI21XL)                        0.32      75.71 r
  U2218/Y (NAND4BXL)                       0.75      76.46 r
  pattern_id_o[0] (out)                    0.00      76.46 r
  data arrival time                                  76.46

  clock recam_boundary_clk (rise edge)    15.00      15.00
  clock network delay (ideal)              0.00      15.00
  output external delay                    0.00      15.00
  data required time                                 15.00
  -----------------------------------------------------------
  data required time                                 15.00
  data arrival time                                 -76.46
  -----------------------------------------------------------
  slack (VIOLATED)                                  -61.46


  Startpoint: config_id_i[2]
              (input port clocked by recam_boundary_clk)
  Endpoint: pattern_id_o[1]
            (output port clocked by recam_boundary_clk)
  Path Group: recam_boundary_clk
  Path Type: max

  Des/Clust/Port     Wire Load Model       Library
  ------------------------------------------------
  recam_shared_config_analyzer
                     tsmc18_wl10           slow

  Point                                    Incr       Path
  -----------------------------------------------------------
  clock recam_boundary_clk (rise edge)     0.00       0.00
  clock network delay (ideal)              0.00       0.00
  input external delay                     0.00       0.00 f
  config_id_i[2] (in)                      0.00       0.00 f
  U4663/Y (INVX1)                          1.16       1.16 r
  U4662/Y (OR3XL)                          0.55       1.71 r
  U4661/Y (OAI21XL)                        1.05       2.76 f
  U4660/Y (INVX1)                          0.95       3.71 r
  U4655/Y (NAND2X1)                        0.49       4.20 f
  U4654/Y (INVX1)                          1.55       5.75 r
  U4650/Y (NAND2BX1)                       1.12       6.87 f
  U4649/Y (NAND2X1)                        0.70       7.57 r
  U4647/Y (NAND2X1)                        0.40       7.96 f
  U4645/Y (XOR2X1)                         0.51       8.48 r
  U4644/Y (NAND2X1)                        0.22       8.70 f
  U4643/Y (OAI21XL)                        0.52       9.22 r
  U4633/Y (XOR2X1)                         0.65       9.87 r
  U4632/Y (NAND2X1)                        0.30      10.17 f
  U4631/Y (OAI21XL)                        2.83      13.00 r
  U4630/Y (INVX1)                          1.70      14.69 f
  U4568/Y (NAND2X1)                        1.61      16.30 r
  U4567/Y (OAI221XL)                       0.47      16.76 f
  U4566/Y (AOI221X1)                       0.65      17.41 r
  U3884/Y (NAND4X1)                        0.57      17.98 f
  U3883/Y (NAND3BX1)                       0.34      18.32 r
  U3872/Y (NAND4BXL)                       0.56      18.88 r
  U3860/Y (NAND4X1)                        0.37      19.25 f
  U3859/Y (INVX1)                          0.34      19.59 r
  U3858/Y (NAND2X1)                        0.45      20.04 f
  U3710/Y (NAND2BX1)                       0.65      20.69 f
  U3709/Y (NOR2X1)                         1.85      22.54 r
  U3707/Y (INVX1)                          0.40      22.94 f
  U3689/Y (NAND2X1)                        0.69      23.63 r
  U3664/Y (INVX1)                          0.39      24.03 f
  U3662/Y (NAND2X1)                        1.34      25.36 r
  U3647/Y (NAND4BXL)                       0.33      25.69 f
  U3635/Y (NAND4BXL)                       0.70      26.39 f
  U3606/Y (INVX1)                          0.30      26.68 r
  U3605/Y (AOI211X1)                       0.16      26.84 f
  U3604/Y (NAND4X1)                        0.36      27.21 r
  U3603/Y (NAND3X1)                        0.42      27.63 f
  U3602/Y (INVX1)                          0.40      28.02 r
  U3601/Y (NAND3X1)                        0.41      28.44 f
  U3600/Y (INVX1)                          0.38      28.82 r
  U3599/Y (AND3X1)                         0.54      29.35 r
  U3598/Y (NAND2X1)                        0.35      29.71 f
  U3577/Y (NOR2X1)                         1.82      31.53 r
  U3576/Y (NOR2X1)                         0.46      31.99 f
  U3575/Y (INVX1)                          0.86      32.85 r
  U3572/Y (NOR2X1)                         1.00      33.85 f
  U3556/Y (NOR4BX1)                        0.57      34.42 r
  U3555/Y (NAND4X1)                        0.41      34.83 f
  U3532/Y (OAI21XL)                        0.33      35.17 r
  U3531/Y (NOR3X1)                         0.18      35.35 f
  U3530/Y (NAND4X1)                        0.43      35.78 r
  U3529/Y (NAND3X1)                        0.41      36.20 f
  U3528/Y (INVX1)                          0.39      36.59 r
  U3503/Y (NAND4X1)                        0.57      37.16 f
  U3502/Y (NOR3X1)                         0.79      37.95 r
  U3501/Y (NAND2X1)                        0.43      38.38 f
  U3486/Y (NOR2X1)                         1.79      40.17 r
  U3485/Y (NOR2X1)                         0.90      41.07 f
  U3482/Y (NAND2X1)                        1.34      42.41 r
  U3472/Y (NAND4X1)                        0.27      42.68 f
  U3460/Y (NAND4BXL)                       0.68      43.36 f
  U3436/Y (INVX1)                          0.30      43.65 r
  U3435/Y (AOI211X1)                       0.16      43.82 f
  U3434/Y (NAND4X1)                        0.40      44.21 r
  U3433/Y (NAND3X1)                        0.42      44.63 f
  U3432/Y (INVX1)                          0.40      45.03 r
  U3406/Y (NAND4X1)                        0.58      45.61 f
  U3405/Y (NOR3X1)                         0.79      46.40 r
  U3404/Y (NAND2X1)                        0.43      46.84 f
  U3401/Y (NOR2X1)                         1.79      48.62 r
  U3400/Y (NOR2X1)                         0.79      49.42 f
  U3364/Y (NAND2X1)                        1.43      50.85 r
  U3351/Y (NAND4BXL)                       0.33      51.18 f
  U3338/Y (NAND4BXL)                       0.69      51.87 f
  U3314/Y (INVX1)                          0.30      52.17 r
  U3313/Y (AOI211X1)                       0.16      52.33 f
  U3312/Y (NAND4X1)                        0.40      52.72 r
  U3311/Y (NAND3X1)                        0.42      53.14 f
  U3310/Y (INVX1)                          0.40      53.54 r
  U3309/Y (NAND3X1)                        0.48      54.02 f
  U3296/Y (NAND2BX1)                       0.60      54.61 f
  U3295/Y (NOR3X1)                         2.29      56.90 r
  U3256/Y (NOR2X1)                         0.74      57.65 f
  U3255/Y (INVX1)                          0.86      58.51 r
  U3223/Y (OAI21XL)                        0.41      58.91 f
  U3201/Y (NAND4BXL)                       0.69      59.60 f
  U3178/Y (INVX1)                          0.30      59.90 r
  U3177/Y (AOI211X1)                       0.16      60.06 f
  U3176/Y (NAND4X1)                        0.37      60.42 r
  U3175/Y (NAND3X1)                        0.49      60.92 f
  U3174/Y (AOI21X1)                        0.39      61.31 r
  U3173/Y (NAND3X1)                        0.49      61.80 f
  U3172/Y (NOR3X1)                         0.82      62.62 r
  U3171/Y (NAND2X1)                        0.34      62.96 f
  U3170/Y (NOR2X1)                         0.62      63.58 r
  U3168/Y (NOR2X1)                         0.38      63.96 f
  U3167/Y (INVX1)                          0.42      64.38 r
  U3166/Y (NAND2X1)                        0.24      64.62 f
  U3113/Y (AND4X1)                         0.53      65.16 f
  U3112/Y (NAND3X1)                        0.50      65.65 r
  U3111/Y (OAI31X1)                        0.24      65.89 f
  U3110/Y (AOI31X1)                        0.75      66.64 r
  U2685/Y (INVX1)                          0.30      66.94 f
  U2669/Y (OAI2BB1X1)                      0.57      67.51 f
  U2668/Y (AOI22X1)                        0.39      67.90 r
  U2654/Y (NOR4BBX1)                       0.50      68.41 r
  U2653/Y (NAND4X1)                        0.41      68.82 f
  U2652/Y (INVX1)                          0.45      69.27 r
  U2584/Y (NAND2X1)                        0.17      69.44 f
  U2531/Y (MXI2X1)                         0.23      69.67 r
  U2420/Y (AND4X1)                         0.89      70.56 r
  U2230/Y (NAND2BX1)                       0.38      70.95 r
  U2229/Y (NOR2X1)                         0.28      71.23 f
  U2227/Y (INVX1)                          0.33      71.56 r
  U2226/Y (NOR2X1)                         0.28      71.85 f
  U2225/Y (NAND2X1)                        0.56      72.40 r
  U2224/Y (NAND3X1)                        0.41      72.81 f
  U2223/Y (NAND4X1)                        0.50      73.32 r
  U2222/Y (NAND4X1)                        0.73      74.05 f
  U2221/Y (NOR3X1)                         0.87      74.92 r
  U2220/Y (NAND2X1)                        0.47      75.39 f
  U2216/Y (NAND3X1)                        0.49      75.88 r
  U2215/Y (NAND4X1)                        0.55      76.43 f
  pattern_id_o[1] (out)                    0.00      76.43 f
  data arrival time                                  76.43

  clock recam_boundary_clk (rise edge)    15.00      15.00
  clock network delay (ideal)              0.00      15.00
  output external delay                    0.00      15.00
  data required time                                 15.00
  -----------------------------------------------------------
  data required time                                 15.00
  data arrival time                                 -76.43
  -----------------------------------------------------------
  slack (VIOLATED)                                  -61.43


  Startpoint: config_id_i[2]
              (input port clocked by recam_boundary_clk)
  Endpoint: pattern_id_o[3]
            (output port clocked by recam_boundary_clk)
  Path Group: recam_boundary_clk
  Path Type: max

  Des/Clust/Port     Wire Load Model       Library
  ------------------------------------------------
  recam_shared_config_analyzer
                     tsmc18_wl10           slow

  Point                                    Incr       Path
  -----------------------------------------------------------
  clock recam_boundary_clk (rise edge)     0.00       0.00
  clock network delay (ideal)              0.00       0.00
  input external delay                     0.00       0.00 f
  config_id_i[2] (in)                      0.00       0.00 f
  U4663/Y (INVX1)                          1.16       1.16 r
  U4662/Y (OR3XL)                          0.55       1.71 r
  U4661/Y (OAI21XL)                        1.05       2.76 f
  U4660/Y (INVX1)                          0.95       3.71 r
  U4655/Y (NAND2X1)                        0.49       4.20 f
  U4654/Y (INVX1)                          1.55       5.75 r
  U4650/Y (NAND2BX1)                       1.12       6.87 f
  U4649/Y (NAND2X1)                        0.70       7.57 r
  U4647/Y (NAND2X1)                        0.40       7.96 f
  U4645/Y (XOR2X1)                         0.51       8.48 r
  U4644/Y (NAND2X1)                        0.22       8.70 f
  U4643/Y (OAI21XL)                        0.52       9.22 r
  U4633/Y (XOR2X1)                         0.65       9.87 r
  U4632/Y (NAND2X1)                        0.30      10.17 f
  U4631/Y (OAI21XL)                        2.83      13.00 r
  U4630/Y (INVX1)                          1.70      14.69 f
  U4568/Y (NAND2X1)                        1.61      16.30 r
  U4567/Y (OAI221XL)                       0.47      16.76 f
  U4566/Y (AOI221X1)                       0.65      17.41 r
  U3884/Y (NAND4X1)                        0.57      17.98 f
  U3883/Y (NAND3BX1)                       0.34      18.32 r
  U3872/Y (NAND4BXL)                       0.56      18.88 r
  U3860/Y (NAND4X1)                        0.37      19.25 f
  U3859/Y (INVX1)                          0.34      19.59 r
  U3858/Y (NAND2X1)                        0.45      20.04 f
  U3710/Y (NAND2BX1)                       0.65      20.69 f
  U3709/Y (NOR2X1)                         1.85      22.54 r
  U3707/Y (INVX1)                          0.40      22.94 f
  U3689/Y (NAND2X1)                        0.69      23.63 r
  U3664/Y (INVX1)                          0.39      24.03 f
  U3662/Y (NAND2X1)                        1.34      25.36 r
  U3647/Y (NAND4BXL)                       0.33      25.69 f
  U3635/Y (NAND4BXL)                       0.70      26.39 f
  U3606/Y (INVX1)                          0.30      26.68 r
  U3605/Y (AOI211X1)                       0.16      26.84 f
  U3604/Y (NAND4X1)                        0.36      27.21 r
  U3603/Y (NAND3X1)                        0.42      27.63 f
  U3602/Y (INVX1)                          0.40      28.02 r
  U3601/Y (NAND3X1)                        0.41      28.44 f
  U3600/Y (INVX1)                          0.38      28.82 r
  U3599/Y (AND3X1)                         0.54      29.35 r
  U3598/Y (NAND2X1)                        0.35      29.71 f
  U3577/Y (NOR2X1)                         1.82      31.53 r
  U3576/Y (NOR2X1)                         0.46      31.99 f
  U3575/Y (INVX1)                          0.86      32.85 r
  U3572/Y (NOR2X1)                         1.00      33.85 f
  U3556/Y (NOR4BX1)                        0.57      34.42 r
  U3555/Y (NAND4X1)                        0.41      34.83 f
  U3532/Y (OAI21XL)                        0.33      35.17 r
  U3531/Y (NOR3X1)                         0.18      35.35 f
  U3530/Y (NAND4X1)                        0.43      35.78 r
  U3529/Y (NAND3X1)                        0.41      36.20 f
  U3528/Y (INVX1)                          0.39      36.59 r
  U3503/Y (NAND4X1)                        0.57      37.16 f
  U3502/Y (NOR3X1)                         0.79      37.95 r
  U3501/Y (NAND2X1)                        0.43      38.38 f
  U3486/Y (NOR2X1)                         1.79      40.17 r
  U3485/Y (NOR2X1)                         0.90      41.07 f
  U3482/Y (NAND2X1)                        1.34      42.41 r
  U3472/Y (NAND4X1)                        0.27      42.68 f
  U3460/Y (NAND4BXL)                       0.68      43.36 f
  U3436/Y (INVX1)                          0.30      43.65 r
  U3435/Y (AOI211X1)                       0.16      43.82 f
  U3434/Y (NAND4X1)                        0.40      44.21 r
  U3433/Y (NAND3X1)                        0.42      44.63 f
  U3432/Y (INVX1)                          0.40      45.03 r
  U3406/Y (NAND4X1)                        0.58      45.61 f
  U3405/Y (NOR3X1)                         0.79      46.40 r
  U3404/Y (NAND2X1)                        0.43      46.84 f
  U3401/Y (NOR2X1)                         1.79      48.62 r
  U3400/Y (NOR2X1)                         0.79      49.42 f
  U3364/Y (NAND2X1)                        1.43      50.85 r
  U3351/Y (NAND4BXL)                       0.33      51.18 f
  U3338/Y (NAND4BXL)                       0.69      51.87 f
  U3314/Y (INVX1)                          0.30      52.17 r
  U3313/Y (AOI211X1)                       0.16      52.33 f
  U3312/Y (NAND4X1)                        0.40      52.72 r
  U3311/Y (NAND3X1)                        0.42      53.14 f
  U3310/Y (INVX1)                          0.40      53.54 r
  U3309/Y (NAND3X1)                        0.48      54.02 f
  U3296/Y (NAND2BX1)                       0.60      54.61 f
  U3295/Y (NOR3X1)                         2.29      56.90 r
  U3256/Y (NOR2X1)                         0.74      57.65 f
  U3255/Y (INVX1)                          0.86      58.51 r
  U3223/Y (OAI21XL)                        0.41      58.91 f
  U3201/Y (NAND4BXL)                       0.69      59.60 f
  U3178/Y (INVX1)                          0.30      59.90 r
  U3177/Y (AOI211X1)                       0.16      60.06 f
  U3176/Y (NAND4X1)                        0.37      60.42 r
  U3175/Y (NAND3X1)                        0.49      60.92 f
  U3174/Y (AOI21X1)                        0.39      61.31 r
  U3173/Y (NAND3X1)                        0.49      61.80 f
  U3172/Y (NOR3X1)                         0.82      62.62 r
  U3171/Y (NAND2X1)                        0.34      62.96 f
  U3170/Y (NOR2X1)                         0.62      63.58 r
  U3168/Y (NOR2X1)                         0.38      63.96 f
  U3167/Y (INVX1)                          0.42      64.38 r
  U3166/Y (NAND2X1)                        0.24      64.62 f
  U3113/Y (AND4X1)                         0.53      65.16 f
  U3112/Y (NAND3X1)                        0.50      65.65 r
  U3111/Y (OAI31X1)                        0.24      65.89 f
  U3110/Y (AOI31X1)                        0.75      66.64 r
  U2685/Y (INVX1)                          0.30      66.94 f
  U2669/Y (OAI2BB1X1)                      0.57      67.51 f
  U2668/Y (AOI22X1)                        0.39      67.90 r
  U2654/Y (NOR4BBX1)                       0.50      68.41 r
  U2653/Y (NAND4X1)                        0.41      68.82 f
  U2652/Y (INVX1)                          0.45      69.27 r
  U2584/Y (NAND2X1)                        0.17      69.44 f
  U2531/Y (MXI2X1)                         0.23      69.67 r
  U2420/Y (AND4X1)                         0.89      70.56 r
  U2230/Y (NAND2BX1)                       0.38      70.95 r
  U2229/Y (NOR2X1)                         0.28      71.23 f
  U2227/Y (INVX1)                          0.33      71.56 r
  U2226/Y (NOR2X1)                         0.28      71.85 f
  U2225/Y (NAND2X1)                        0.56      72.40 r
  U2224/Y (NAND3X1)                        0.41      72.81 f
  U2223/Y (NAND4X1)                        0.50      73.32 r
  U2222/Y (NAND4X1)                        0.73      74.05 f
  U2221/Y (NOR3X1)                         0.87      74.92 r
  U2220/Y (NAND2X1)                        0.47      75.39 f
  U2216/Y (NAND3X1)                        0.49      75.88 r
  U2213/Y (NAND3X1)                        0.49      76.37 f
  pattern_id_o[3] (out)                    0.00      76.37 f
  data arrival time                                  76.37

  clock recam_boundary_clk (rise edge)    15.00      15.00
  clock network delay (ideal)              0.00      15.00
  output external delay                    0.00      15.00
  data required time                                 15.00
  -----------------------------------------------------------
  data required time                                 15.00
  data arrival time                                 -76.37
  -----------------------------------------------------------
  slack (VIOLATED)                                  -61.37


  Startpoint: config_id_i[2]
              (input port clocked by recam_boundary_clk)
  Endpoint: pattern_id_o[2]
            (output port clocked by recam_boundary_clk)
  Path Group: recam_boundary_clk
  Path Type: max

  Des/Clust/Port     Wire Load Model       Library
  ------------------------------------------------
  recam_shared_config_analyzer
                     tsmc18_wl10           slow

  Point                                    Incr       Path
  -----------------------------------------------------------
  clock recam_boundary_clk (rise edge)     0.00       0.00
  clock network delay (ideal)              0.00       0.00
  input external delay                     0.00       0.00 f
  config_id_i[2] (in)                      0.00       0.00 f
  U4663/Y (INVX1)                          1.16       1.16 r
  U4662/Y (OR3XL)                          0.55       1.71 r
  U4661/Y (OAI21XL)                        1.05       2.76 f
  U4660/Y (INVX1)                          0.95       3.71 r
  U4655/Y (NAND2X1)                        0.49       4.20 f
  U4654/Y (INVX1)                          1.55       5.75 r
  U4650/Y (NAND2BX1)                       1.12       6.87 f
  U4649/Y (NAND2X1)                        0.70       7.57 r
  U4647/Y (NAND2X1)                        0.40       7.96 f
  U4645/Y (XOR2X1)                         0.51       8.48 r
  U4644/Y (NAND2X1)                        0.22       8.70 f
  U4643/Y (OAI21XL)                        0.52       9.22 r
  U4633/Y (XOR2X1)                         0.65       9.87 r
  U4632/Y (NAND2X1)                        0.30      10.17 f
  U4631/Y (OAI21XL)                        2.83      13.00 r
  U4630/Y (INVX1)                          1.70      14.69 f
  U4568/Y (NAND2X1)                        1.61      16.30 r
  U4567/Y (OAI221XL)                       0.47      16.76 f
  U4566/Y (AOI221X1)                       0.65      17.41 r
  U3884/Y (NAND4X1)                        0.57      17.98 f
  U3883/Y (NAND3BX1)                       0.34      18.32 r
  U3872/Y (NAND4BXL)                       0.56      18.88 r
  U3860/Y (NAND4X1)                        0.37      19.25 f
  U3859/Y (INVX1)                          0.34      19.59 r
  U3858/Y (NAND2X1)                        0.45      20.04 f
  U3710/Y (NAND2BX1)                       0.65      20.69 f
  U3709/Y (NOR2X1)                         1.85      22.54 r
  U3707/Y (INVX1)                          0.40      22.94 f
  U3689/Y (NAND2X1)                        0.69      23.63 r
  U3664/Y (INVX1)                          0.39      24.03 f
  U3662/Y (NAND2X1)                        1.34      25.36 r
  U3647/Y (NAND4BXL)                       0.33      25.69 f
  U3635/Y (NAND4BXL)                       0.70      26.39 f
  U3606/Y (INVX1)                          0.30      26.68 r
  U3605/Y (AOI211X1)                       0.16      26.84 f
  U3604/Y (NAND4X1)                        0.36      27.21 r
  U3603/Y (NAND3X1)                        0.42      27.63 f
  U3602/Y (INVX1)                          0.40      28.02 r
  U3601/Y (NAND3X1)                        0.41      28.44 f
  U3600/Y (INVX1)                          0.38      28.82 r
  U3599/Y (AND3X1)                         0.54      29.35 r
  U3598/Y (NAND2X1)                        0.35      29.71 f
  U3577/Y (NOR2X1)                         1.82      31.53 r
  U3576/Y (NOR2X1)                         0.46      31.99 f
  U3575/Y (INVX1)                          0.86      32.85 r
  U3572/Y (NOR2X1)                         1.00      33.85 f
  U3556/Y (NOR4BX1)                        0.57      34.42 r
  U3555/Y (NAND4X1)                        0.41      34.83 f
  U3532/Y (OAI21XL)                        0.33      35.17 r
  U3531/Y (NOR3X1)                         0.18      35.35 f
  U3530/Y (NAND4X1)                        0.43      35.78 r
  U3529/Y (NAND3X1)                        0.41      36.20 f
  U3528/Y (INVX1)                          0.39      36.59 r
  U3503/Y (NAND4X1)                        0.57      37.16 f
  U3502/Y (NOR3X1)                         0.79      37.95 r
  U3501/Y (NAND2X1)                        0.43      38.38 f
  U3486/Y (NOR2X1)                         1.79      40.17 r
  U3485/Y (NOR2X1)                         0.90      41.07 f
  U3482/Y (NAND2X1)                        1.34      42.41 r
  U3472/Y (NAND4X1)                        0.27      42.68 f
  U3460/Y (NAND4BXL)                       0.68      43.36 f
  U3436/Y (INVX1)                          0.30      43.65 r
  U3435/Y (AOI211X1)                       0.16      43.82 f
  U3434/Y (NAND4X1)                        0.40      44.21 r
  U3433/Y (NAND3X1)                        0.42      44.63 f
  U3432/Y (INVX1)                          0.40      45.03 r
  U3406/Y (NAND4X1)                        0.58      45.61 f
  U3405/Y (NOR3X1)                         0.79      46.40 r
  U3404/Y (NAND2X1)                        0.43      46.84 f
  U3401/Y (NOR2X1)                         1.79      48.62 r
  U3400/Y (NOR2X1)                         0.79      49.42 f
  U3364/Y (NAND2X1)                        1.43      50.85 r
  U3351/Y (NAND4BXL)                       0.33      51.18 f
  U3338/Y (NAND4BXL)                       0.69      51.87 f
  U3314/Y (INVX1)                          0.30      52.17 r
  U3313/Y (AOI211X1)                       0.16      52.33 f
  U3312/Y (NAND4X1)                        0.40      52.72 r
  U3311/Y (NAND3X1)                        0.42      53.14 f
  U3310/Y (INVX1)                          0.40      53.54 r
  U3309/Y (NAND3X1)                        0.48      54.02 f
  U3296/Y (NAND2BX1)                       0.60      54.61 f
  U3295/Y (NOR3X1)                         2.29      56.90 r
  U3256/Y (NOR2X1)                         0.74      57.65 f
  U3255/Y (INVX1)                          0.86      58.51 r
  U3223/Y (OAI21XL)                        0.41      58.91 f
  U3201/Y (NAND4BXL)                       0.69      59.60 f
  U3178/Y (INVX1)                          0.30      59.90 r
  U3177/Y (AOI211X1)                       0.16      60.06 f
  U3176/Y (NAND4X1)                        0.37      60.42 r
  U3175/Y (NAND3X1)                        0.49      60.92 f
  U3174/Y (AOI21X1)                        0.39      61.31 r
  U3173/Y (NAND3X1)                        0.49      61.80 f
  U3172/Y (NOR3X1)                         0.82      62.62 r
  U3171/Y (NAND2X1)                        0.34      62.96 f
  U3170/Y (NOR2X1)                         0.62      63.58 r
  U3168/Y (NOR2X1)                         0.38      63.96 f
  U3167/Y (INVX1)                          0.42      64.38 r
  U3166/Y (NAND2X1)                        0.24      64.62 f
  U3113/Y (AND4X1)                         0.53      65.16 f
  U3112/Y (NAND3X1)                        0.50      65.65 r
  U3111/Y (OAI31X1)                        0.24      65.89 f
  U3110/Y (AOI31X1)                        0.75      66.64 r
  U2685/Y (INVX1)                          0.30      66.94 f
  U2627/Y (NOR3X1)                         0.92      67.86 r
  U2623/Y (AOI22X1)                        0.21      68.08 f
  U2601/Y (NAND4X1)                        0.24      68.31 r
  U2586/Y (NAND4BXL)                       0.55      68.87 r
  U2585/Y (NOR2X1)                         0.30      69.17 f
  U2235/Y (INVX1)                          0.20      69.37 r
  U2234/Y (MXI2X1)                         0.17      69.54 f
  U2232/Y (NAND4BXL)                       0.56      70.10 r
  U2231/Y (INVX1)                          0.49      70.59 f
  U2229/Y (NOR2X1)                         0.60      71.19 r
  U2227/Y (INVX1)                          0.28      71.47 f
  U2226/Y (NOR2X1)                         0.57      72.04 r
  U2225/Y (NAND2X1)                        0.44      72.48 f
  U2224/Y (NAND3X1)                        0.49      72.96 r
  U2223/Y (NAND4X1)                        0.43      73.39 f
  U2222/Y (NAND4X1)                        0.79      74.18 r
  pattern_id_o[2] (out)                    0.00      74.18 r
  data arrival time                                  74.18

  clock recam_boundary_clk (rise edge)    15.00      15.00
  clock network delay (ideal)              0.00      15.00
  output external delay                    0.00      15.00
  data required time                                 15.00
  -----------------------------------------------------------
  data required time                                 15.00
  data arrival time                                 -74.18
  -----------------------------------------------------------
  slack (VIOLATED)                                  -59.18


  Startpoint: config_id_i[2]
              (input port clocked by recam_boundary_clk)
  Endpoint: candidate_valid_o[2]
            (output port clocked by recam_boundary_clk)
  Path Group: recam_boundary_clk
  Path Type: max

  Des/Clust/Port     Wire Load Model       Library
  ------------------------------------------------
  recam_shared_config_analyzer
                     tsmc18_wl10           slow

  Point                                    Incr       Path
  -----------------------------------------------------------
  clock recam_boundary_clk (rise edge)     0.00       0.00
  clock network delay (ideal)              0.00       0.00
  input external delay                     0.00       0.00 f
  config_id_i[2] (in)                      0.00       0.00 f
  U4663/Y (INVX1)                          1.16       1.16 r
  U4662/Y (OR3XL)                          0.55       1.71 r
  U4661/Y (OAI21XL)                        1.05       2.76 f
  U4660/Y (INVX1)                          0.95       3.71 r
  U4655/Y (NAND2X1)                        0.49       4.20 f
  U4654/Y (INVX1)                          1.55       5.75 r
  U4650/Y (NAND2BX1)                       1.12       6.87 f
  U4649/Y (NAND2X1)                        0.70       7.57 r
  U4647/Y (NAND2X1)                        0.40       7.96 f
  U4645/Y (XOR2X1)                         0.51       8.48 r
  U4644/Y (NAND2X1)                        0.22       8.70 f
  U4643/Y (OAI21XL)                        0.52       9.22 r
  U4633/Y (XOR2X1)                         0.65       9.87 r
  U4632/Y (NAND2X1)                        0.30      10.17 f
  U4631/Y (OAI21XL)                        2.83      13.00 r
  U4630/Y (INVX1)                          1.70      14.69 f
  U4568/Y (NAND2X1)                        1.61      16.30 r
  U4567/Y (OAI221XL)                       0.47      16.76 f
  U4566/Y (AOI221X1)                       0.65      17.41 r
  U3884/Y (NAND4X1)                        0.57      17.98 f
  U3883/Y (NAND3BX1)                       0.34      18.32 r
  U3872/Y (NAND4BXL)                       0.56      18.88 r
  U3860/Y (NAND4X1)                        0.37      19.25 f
  U3859/Y (INVX1)                          0.34      19.59 r
  U3858/Y (NAND2X1)                        0.45      20.04 f
  U3710/Y (NAND2BX1)                       0.65      20.69 f
  U3709/Y (NOR2X1)                         1.85      22.54 r
  U3707/Y (INVX1)                          0.40      22.94 f
  U3689/Y (NAND2X1)                        0.69      23.63 r
  U3664/Y (INVX1)                          0.39      24.03 f
  U3662/Y (NAND2X1)                        1.34      25.36 r
  U3647/Y (NAND4BXL)                       0.33      25.69 f
  U3635/Y (NAND4BXL)                       0.70      26.39 f
  U3606/Y (INVX1)                          0.30      26.68 r
  U3605/Y (AOI211X1)                       0.16      26.84 f
  U3604/Y (NAND4X1)                        0.36      27.21 r
  U3603/Y (NAND3X1)                        0.42      27.63 f
  U3602/Y (INVX1)                          0.40      28.02 r
  U3601/Y (NAND3X1)                        0.41      28.44 f
  U3600/Y (INVX1)                          0.38      28.82 r
  U3599/Y (AND3X1)                         0.54      29.35 r
  U3598/Y (NAND2X1)                        0.35      29.71 f
  U3577/Y (NOR2X1)                         1.82      31.53 r
  U3576/Y (NOR2X1)                         0.46      31.99 f
  U3575/Y (INVX1)                          0.86      32.85 r
  U3572/Y (NOR2X1)                         1.00      33.85 f
  U3556/Y (NOR4BX1)                        0.57      34.42 r
  U3555/Y (NAND4X1)                        0.41      34.83 f
  U3532/Y (OAI21XL)                        0.33      35.17 r
  U3531/Y (NOR3X1)                         0.18      35.35 f
  U3530/Y (NAND4X1)                        0.43      35.78 r
  U3529/Y (NAND3X1)                        0.41      36.20 f
  U3528/Y (INVX1)                          0.39      36.59 r
  U3503/Y (NAND4X1)                        0.57      37.16 f
  U3502/Y (NOR3X1)                         0.79      37.95 r
  U3501/Y (NAND2X1)                        0.43      38.38 f
  U3486/Y (NOR2X1)                         1.79      40.17 r
  U3485/Y (NOR2X1)                         0.90      41.07 f
  U3482/Y (NAND2X1)                        1.34      42.41 r
  U3472/Y (NAND4X1)                        0.27      42.68 f
  U3460/Y (NAND4BXL)                       0.68      43.36 f
  U3436/Y (INVX1)                          0.30      43.65 r
  U3435/Y (AOI211X1)                       0.16      43.82 f
  U3434/Y (NAND4X1)                        0.40      44.21 r
  U3433/Y (NAND3X1)                        0.42      44.63 f
  U3432/Y (INVX1)                          0.40      45.03 r
  U3406/Y (NAND4X1)                        0.58      45.61 f
  U3405/Y (NOR3X1)                         0.79      46.40 r
  U3404/Y (NAND2X1)                        0.43      46.84 f
  U3401/Y (NOR2X1)                         1.79      48.62 r
  U3400/Y (NOR2X1)                         0.79      49.42 f
  U3364/Y (NAND2X1)                        1.43      50.85 r
  U3351/Y (NAND4BXL)                       0.33      51.18 f
  U3338/Y (NAND4BXL)                       0.69      51.87 f
  U3314/Y (INVX1)                          0.30      52.17 r
  U3313/Y (AOI211X1)                       0.16      52.33 f
  U3312/Y (NAND4X1)                        0.40      52.72 r
  U3311/Y (NAND3X1)                        0.42      53.14 f
  U3310/Y (INVX1)                          0.40      53.54 r
  U3309/Y (NAND3X1)                        0.48      54.02 f
  U3296/Y (NAND2BX1)                       0.60      54.61 f
  U3295/Y (NOR3X1)                         2.29      56.90 r
  U3256/Y (NOR2X1)                         0.74      57.65 f
  U3255/Y (INVX1)                          0.86      58.51 r
  U3223/Y (OAI21XL)                        0.41      58.91 f
  U3201/Y (NAND4BXL)                       0.69      59.60 f
  U3178/Y (INVX1)                          0.30      59.90 r
  U3177/Y (AOI211X1)                       0.16      60.06 f
  U3176/Y (NAND4X1)                        0.37      60.42 r
  U3175/Y (NAND3X1)                        0.49      60.92 f
  U3174/Y (AOI21X1)                        0.39      61.31 r
  U3173/Y (NAND3X1)                        0.49      61.80 f
  U3172/Y (NOR3X1)                         0.82      62.62 r
  U3171/Y (NAND2X1)                        0.34      62.96 f
  U3170/Y (NOR2X1)                         0.62      63.58 r
  U3168/Y (NOR2X1)                         0.38      63.96 f
  U3167/Y (INVX1)                          0.42      64.38 r
  U3166/Y (NAND2X1)                        0.24      64.62 f
  U3113/Y (AND4X1)                         0.53      65.16 f
  U3112/Y (NAND3X1)                        0.50      65.65 r
  U3111/Y (OAI31X1)                        0.24      65.89 f
  U3110/Y (AOI31X1)                        0.75      66.64 r
  U2685/Y (INVX1)                          0.30      66.94 f
  U2669/Y (OAI2BB1X1)                      0.57      67.51 f
  U2668/Y (AOI22X1)                        0.39      67.90 r
  U2654/Y (NOR4BBX1)                       0.50      68.41 r
  U2653/Y (NAND4X1)                        0.41      68.82 f
  U2652/Y (INVX1)                          0.45      69.27 r
  U2371/Y (NOR2X1)                         0.16      69.43 f
  U2369/Y (MXI2X1)                         0.27      69.70 r
  U2305/Y (NAND4X1)                        0.41      70.11 f
  U2304/Y (INVX1)                          0.58      70.69 r
  candidate_valid_o[2] (out)               0.00      70.69 r
  data arrival time                                  70.69

  clock recam_boundary_clk (rise edge)    15.00      15.00
  clock network delay (ideal)              0.00      15.00
  output external delay                    0.00      15.00
  data required time                                 15.00
  -----------------------------------------------------------
  data required time                                 15.00
  data arrival time                                 -70.69
  -----------------------------------------------------------
  slack (VIOLATED)                                  -55.69


  Startpoint: config_id_i[2]
              (input port clocked by recam_boundary_clk)
  Endpoint: candidate_valid_o[0]
            (output port clocked by recam_boundary_clk)
  Path Group: recam_boundary_clk
  Path Type: max

  Des/Clust/Port     Wire Load Model       Library
  ------------------------------------------------
  recam_shared_config_analyzer
                     tsmc18_wl10           slow

  Point                                    Incr       Path
  -----------------------------------------------------------
  clock recam_boundary_clk (rise edge)     0.00       0.00
  clock network delay (ideal)              0.00       0.00
  input external delay                     0.00       0.00 f
  config_id_i[2] (in)                      0.00       0.00 f
  U4663/Y (INVX1)                          1.16       1.16 r
  U4662/Y (OR3XL)                          0.55       1.71 r
  U4661/Y (OAI21XL)                        1.05       2.76 f
  U4660/Y (INVX1)                          0.95       3.71 r
  U4655/Y (NAND2X1)                        0.49       4.20 f
  U4654/Y (INVX1)                          1.55       5.75 r
  U4650/Y (NAND2BX1)                       1.12       6.87 f
  U4649/Y (NAND2X1)                        0.70       7.57 r
  U4647/Y (NAND2X1)                        0.40       7.96 f
  U4645/Y (XOR2X1)                         0.51       8.48 r
  U4644/Y (NAND2X1)                        0.22       8.70 f
  U4643/Y (OAI21XL)                        0.52       9.22 r
  U4633/Y (XOR2X1)                         0.65       9.87 r
  U4632/Y (NAND2X1)                        0.30      10.17 f
  U4631/Y (OAI21XL)                        2.83      13.00 r
  U4630/Y (INVX1)                          1.70      14.69 f
  U4568/Y (NAND2X1)                        1.61      16.30 r
  U4567/Y (OAI221XL)                       0.47      16.76 f
  U4566/Y (AOI221X1)                       0.65      17.41 r
  U3884/Y (NAND4X1)                        0.57      17.98 f
  U3883/Y (NAND3BX1)                       0.34      18.32 r
  U3872/Y (NAND4BXL)                       0.56      18.88 r
  U3860/Y (NAND4X1)                        0.37      19.25 f
  U3859/Y (INVX1)                          0.34      19.59 r
  U3858/Y (NAND2X1)                        0.45      20.04 f
  U3710/Y (NAND2BX1)                       0.65      20.69 f
  U3709/Y (NOR2X1)                         1.85      22.54 r
  U3707/Y (INVX1)                          0.40      22.94 f
  U3689/Y (NAND2X1)                        0.69      23.63 r
  U3664/Y (INVX1)                          0.39      24.03 f
  U3662/Y (NAND2X1)                        1.34      25.36 r
  U3647/Y (NAND4BXL)                       0.33      25.69 f
  U3635/Y (NAND4BXL)                       0.70      26.39 f
  U3606/Y (INVX1)                          0.30      26.68 r
  U3605/Y (AOI211X1)                       0.16      26.84 f
  U3604/Y (NAND4X1)                        0.36      27.21 r
  U3603/Y (NAND3X1)                        0.42      27.63 f
  U3602/Y (INVX1)                          0.40      28.02 r
  U3601/Y (NAND3X1)                        0.41      28.44 f
  U3600/Y (INVX1)                          0.38      28.82 r
  U3599/Y (AND3X1)                         0.54      29.35 r
  U3598/Y (NAND2X1)                        0.35      29.71 f
  U3577/Y (NOR2X1)                         1.82      31.53 r
  U3576/Y (NOR2X1)                         0.46      31.99 f
  U3575/Y (INVX1)                          0.86      32.85 r
  U3572/Y (NOR2X1)                         1.00      33.85 f
  U3556/Y (NOR4BX1)                        0.57      34.42 r
  U3555/Y (NAND4X1)                        0.41      34.83 f
  U3532/Y (OAI21XL)                        0.33      35.17 r
  U3531/Y (NOR3X1)                         0.18      35.35 f
  U3530/Y (NAND4X1)                        0.43      35.78 r
  U3529/Y (NAND3X1)                        0.41      36.20 f
  U3528/Y (INVX1)                          0.39      36.59 r
  U3503/Y (NAND4X1)                        0.57      37.16 f
  U3502/Y (NOR3X1)                         0.79      37.95 r
  U3501/Y (NAND2X1)                        0.43      38.38 f
  U3486/Y (NOR2X1)                         1.79      40.17 r
  U3485/Y (NOR2X1)                         0.90      41.07 f
  U3482/Y (NAND2X1)                        1.34      42.41 r
  U3472/Y (NAND4X1)                        0.27      42.68 f
  U3460/Y (NAND4BXL)                       0.68      43.36 f
  U3436/Y (INVX1)                          0.30      43.65 r
  U3435/Y (AOI211X1)                       0.16      43.82 f
  U3434/Y (NAND4X1)                        0.40      44.21 r
  U3433/Y (NAND3X1)                        0.42      44.63 f
  U3432/Y (INVX1)                          0.40      45.03 r
  U3406/Y (NAND4X1)                        0.58      45.61 f
  U3405/Y (NOR3X1)                         0.79      46.40 r
  U3404/Y (NAND2X1)                        0.43      46.84 f
  U3401/Y (NOR2X1)                         1.79      48.62 r
  U3400/Y (NOR2X1)                         0.79      49.42 f
  U3364/Y (NAND2X1)                        1.43      50.85 r
  U3351/Y (NAND4BXL)                       0.33      51.18 f
  U3338/Y (NAND4BXL)                       0.69      51.87 f
  U3314/Y (INVX1)                          0.30      52.17 r
  U3313/Y (AOI211X1)                       0.16      52.33 f
  U3312/Y (NAND4X1)                        0.40      52.72 r
  U3311/Y (NAND3X1)                        0.42      53.14 f
  U3310/Y (INVX1)                          0.40      53.54 r
  U3309/Y (NAND3X1)                        0.48      54.02 f
  U3296/Y (NAND2BX1)                       0.60      54.61 f
  U3295/Y (NOR3X1)                         2.29      56.90 r
  U3256/Y (NOR2X1)                         0.74      57.65 f
  U3255/Y (INVX1)                          0.86      58.51 r
  U3223/Y (OAI21XL)                        0.41      58.91 f
  U3201/Y (NAND4BXL)                       0.69      59.60 f
  U3178/Y (INVX1)                          0.30      59.90 r
  U3177/Y (AOI211X1)                       0.16      60.06 f
  U3176/Y (NAND4X1)                        0.37      60.42 r
  U3175/Y (NAND3X1)                        0.49      60.92 f
  U3174/Y (AOI21X1)                        0.39      61.31 r
  U3173/Y (NAND3X1)                        0.49      61.80 f
  U3172/Y (NOR3X1)                         0.82      62.62 r
  U3171/Y (NAND2X1)                        0.34      62.96 f
  U3170/Y (NOR2X1)                         0.62      63.58 r
  U3169/Y (MXI2X1)                         0.40      63.98 f
  U3166/Y (NAND2X1)                        0.30      64.28 r
  U3113/Y (AND4X1)                         0.61      64.89 r
  U3112/Y (NAND3X1)                        0.43      65.32 f
  U2628/Y (OAI21XL)                        1.31      66.63 r
  U2627/Y (NOR3X1)                         0.59      67.22 f
  U2623/Y (AOI22X1)                        0.43      67.65 r
  U2601/Y (NAND4X1)                        0.20      67.85 f
  U2586/Y (NAND4BXL)                       0.63      68.48 f
  U2585/Y (NOR2X1)                         0.49      68.97 r
  U2235/Y (INVX1)                          0.16      69.13 f
  U2234/Y (MXI2X1)                         0.24      69.37 r
  U2232/Y (NAND4BXL)                       0.54      69.91 f
  U2231/Y (INVX1)                          0.73      70.64 r
  candidate_valid_o[0] (out)               0.00      70.64 r
  data arrival time                                  70.64

  clock recam_boundary_clk (rise edge)    15.00      15.00
  clock network delay (ideal)              0.00      15.00
  output external delay                    0.00      15.00
  data required time                                 15.00
  -----------------------------------------------------------
  data required time                                 15.00
  data arrival time                                 -70.64
  -----------------------------------------------------------
  slack (VIOLATED)                                  -55.64


  Startpoint: config_id_i[2]
              (input port clocked by recam_boundary_clk)
  Endpoint: candidate_valid_o[7]
            (output port clocked by recam_boundary_clk)
  Path Group: recam_boundary_clk
  Path Type: max

  Des/Clust/Port     Wire Load Model       Library
  ------------------------------------------------
  recam_shared_config_analyzer
                     tsmc18_wl10           slow

  Point                                    Incr       Path
  -----------------------------------------------------------
  clock recam_boundary_clk (rise edge)     0.00       0.00
  clock network delay (ideal)              0.00       0.00
  input external delay                     0.00       0.00 f
  config_id_i[2] (in)                      0.00       0.00 f
  U4663/Y (INVX1)                          1.16       1.16 r
  U4662/Y (OR3XL)                          0.55       1.71 r
  U4661/Y (OAI21XL)                        1.05       2.76 f
  U4660/Y (INVX1)                          0.95       3.71 r
  U4655/Y (NAND2X1)                        0.49       4.20 f
  U4654/Y (INVX1)                          1.55       5.75 r
  U4650/Y (NAND2BX1)                       1.12       6.87 f
  U4649/Y (NAND2X1)                        0.70       7.57 r
  U4647/Y (NAND2X1)                        0.40       7.96 f
  U4645/Y (XOR2X1)                         0.51       8.48 r
  U4644/Y (NAND2X1)                        0.22       8.70 f
  U4643/Y (OAI21XL)                        0.52       9.22 r
  U4633/Y (XOR2X1)                         0.65       9.87 r
  U4632/Y (NAND2X1)                        0.30      10.17 f
  U4631/Y (OAI21XL)                        2.83      13.00 r
  U4630/Y (INVX1)                          1.70      14.69 f
  U4568/Y (NAND2X1)                        1.61      16.30 r
  U4567/Y (OAI221XL)                       0.47      16.76 f
  U4566/Y (AOI221X1)                       0.65      17.41 r
  U4542/Y (NAND4X1)                        0.57      17.98 f
  U4541/Y (NAND3BX1)                       0.34      18.32 r
  U4505/Y (NAND4BXL)                       0.56      18.88 r
  U4487/Y (NAND4X1)                        0.37      19.25 f
  U4486/Y (INVX1)                          0.34      19.59 r
  U4483/Y (NAND2X1)                        0.45      20.04 f
  U4478/Y (NAND2BX1)                       0.59      20.64 f
  U4476/Y (NOR2X1)                         1.87      22.50 r
  U4475/Y (INVX1)                          0.40      22.90 f
  U4474/Y (NAND2X1)                        0.68      23.58 r
  U4418/Y (INVX1)                          0.38      23.97 f
  U4414/Y (NAND2X1)                        1.33      25.30 r
  U4401/Y (NAND4BXL)                       0.33      25.63 f
  U4387/Y (NAND4BXL)                       0.70      26.32 f
  U4356/Y (INVX1)                          0.30      26.62 r
  U4355/Y (AOI211X1)                       0.16      26.78 f
  U4354/Y (NAND4X1)                        0.35      27.13 r
  U4353/Y (NAND3X1)                        0.34      27.47 f
  U4352/Y (NOR2BX1)                        0.58      28.06 r
  U4349/Y (NAND2X1)                        0.53      28.59 f
  U4348/Y (NOR2BX1)                        0.47      29.06 r
  U4347/Y (NAND2X1)                        0.36      29.42 f
  U4346/Y (NOR2X1)                         1.83      31.26 r
  U4345/Y (NOR2X1)                         0.91      32.17 f
  U4344/Y (INVX1)                          0.60      32.77 r
  U4309/Y (NOR2X1)                         0.84      33.61 f
  U4271/Y (NOR4BX1)                        0.57      34.18 r
  U4270/Y (NAND4X1)                        0.42      34.61 f
  U4269/Y (INVX1)                          0.38      34.98 r
  U4268/Y (AOI211X1)                       0.18      35.17 f
  U4267/Y (NAND4X1)                        0.49      35.66 r
  U4240/Y (NAND4X1)                        0.35      36.01 f
  U4239/Y (INVX1)                          0.35      36.36 r
  U4238/Y (OAI211X1)                       0.52      36.88 f
  U4237/Y (NOR2BX1)                        0.50      37.37 r
  U4236/Y (NAND2X1)                        0.37      37.74 f
  U4234/Y (NOR2X1)                         1.77      39.51 r
  U4233/Y (NOR2X1)                         0.90      40.42 f
  U4231/Y (INVX1)                          0.60      41.01 r
  U4192/Y (NOR2X1)                         0.81      41.82 f
  U4158/Y (NOR4BX1)                        0.56      42.39 r
  U4157/Y (NAND4X1)                        0.42      42.81 f
  U4156/Y (INVX1)                          0.38      43.19 r
  U4155/Y (AOI211X1)                       0.18      43.37 f
  U4154/Y (NAND4X1)                        0.49      43.87 r
  U4130/Y (NAND4X1)                        0.35      44.22 f
  U4129/Y (INVX1)                          0.35      44.56 r
  U4128/Y (OAI211X1)                       0.52      45.08 f
  U4057/Y (NOR2BX1)                        0.50      45.58 r
  U4056/Y (NAND2X1)                        0.37      45.95 f
  U4054/Y (NOR2X1)                         1.77      47.72 r
  U4053/Y (NOR2X1)                         0.90      48.63 f
  U4051/Y (INVX1)                          0.60      49.22 r
  U4016/Y (NOR2X1)                         0.81      50.03 f
  U3982/Y (NOR4BX1)                        0.56      50.60 r
  U3981/Y (NAND4X1)                        0.42      51.02 f
  U3980/Y (INVX1)                          0.38      51.40 r
  U3979/Y (AOI211X1)                       0.18      51.58 f
  U3978/Y (NAND4X1)                        0.49      52.08 r
  U3953/Y (NAND4X1)                        0.35      52.43 f
  U3952/Y (INVX1)                          0.35      52.77 r
  U3951/Y (OAI211X1)                       0.52      53.29 f
  U3845/Y (NOR2BX1)                        0.50      53.79 r
  U3844/Y (NAND2X1)                        0.37      54.15 f
  U3842/Y (NOR2X1)                         1.77      55.93 r
  U3841/Y (NOR2X1)                         0.90      56.83 f
  U3839/Y (INVX1)                          0.68      57.52 r
  U3817/Y (OAI21XL)                        0.37      57.89 f
  U3766/Y (NAND4BXL)                       0.70      58.59 f
  U3765/Y (INVX1)                          0.43      59.02 r
  U3764/Y (AOI211X1)                       0.19      59.21 f
  U3763/Y (NAND4X1)                        0.49      59.70 r
  U3739/Y (NAND4X1)                        0.35      60.05 f
  U3738/Y (INVX1)                          0.35      60.40 r
  U3737/Y (OAI211X1)                       0.51      60.91 f
  U2929/Y (NAND2BX1)                       0.55      61.46 f
  U2928/Y (NOR3X1)                         0.81      62.27 r
  U2900/Y (AOI21X1)                        0.32      62.59 f
  U2899/Y (INVX1)                          0.32      62.91 r
  U2898/Y (NAND2X1)                        0.15      63.06 f
  U2882/Y (NAND4X1)                        0.33      63.39 r
  U2881/Y (INVX1)                          0.24      63.64 f
  U2865/Y (NOR4BX1)                        0.89      64.52 r
  U2860/Y (NAND2X1)                        0.46      64.98 f
  U2845/Y (OAI21XL)                        1.30      66.28 r
  U2419/Y (NOR3X1)                         0.64      66.92 f
  U2417/Y (AOI22X1)                        0.41      67.33 r
  U2405/Y (NAND4X1)                        0.20      67.53 f
  U2392/Y (NAND4BXL)                       0.65      68.18 f
  U2380/Y (NOR2X1)                         0.78      68.96 r
  U2240/Y (NOR4BX1)                        1.64      70.60 r
  candidate_valid_o[7] (out)               0.00      70.60 r
  data arrival time                                  70.60

  clock recam_boundary_clk (rise edge)    15.00      15.00
  clock network delay (ideal)              0.00      15.00
  output external delay                    0.00      15.00
  data required time                                 15.00
  -----------------------------------------------------------
  data required time                                 15.00
  data arrival time                                 -70.60
  -----------------------------------------------------------
  slack (VIOLATED)                                  -55.60


  Startpoint: config_id_i[2]
              (input port clocked by recam_boundary_clk)
  Endpoint: candidate_valid_o[4]
            (output port clocked by recam_boundary_clk)
  Path Group: recam_boundary_clk
  Path Type: max

  Des/Clust/Port     Wire Load Model       Library
  ------------------------------------------------
  recam_shared_config_analyzer
                     tsmc18_wl10           slow

  Point                                    Incr       Path
  -----------------------------------------------------------
  clock recam_boundary_clk (rise edge)     0.00       0.00
  clock network delay (ideal)              0.00       0.00
  input external delay                     0.00       0.00 f
  config_id_i[2] (in)                      0.00       0.00 f
  U4663/Y (INVX1)                          1.16       1.16 r
  U4662/Y (OR3XL)                          0.55       1.71 r
  U4661/Y (OAI21XL)                        1.05       2.76 f
  U4660/Y (INVX1)                          0.95       3.71 r
  U4655/Y (NAND2X1)                        0.49       4.20 f
  U4654/Y (INVX1)                          1.55       5.75 r
  U4650/Y (NAND2BX1)                       1.12       6.87 f
  U4649/Y (NAND2X1)                        0.70       7.57 r
  U4647/Y (NAND2X1)                        0.40       7.96 f
  U4645/Y (XOR2X1)                         0.51       8.48 r
  U4644/Y (NAND2X1)                        0.22       8.70 f
  U4643/Y (OAI21XL)                        0.52       9.22 r
  U4633/Y (XOR2X1)                         0.65       9.87 r
  U4632/Y (NAND2X1)                        0.30      10.17 f
  U4631/Y (OAI21XL)                        2.83      13.00 r
  U4630/Y (INVX1)                          1.70      14.69 f
  U4568/Y (NAND2X1)                        1.61      16.30 r
  U4567/Y (OAI221XL)                       0.47      16.76 f
  U4566/Y (AOI221X1)                       0.65      17.41 r
  U3884/Y (NAND4X1)                        0.57      17.98 f
  U3883/Y (NAND3BX1)                       0.34      18.32 r
  U3872/Y (NAND4BXL)                       0.56      18.88 r
  U3860/Y (NAND4X1)                        0.37      19.25 f
  U3859/Y (INVX1)                          0.34      19.59 r
  U3858/Y (NAND2X1)                        0.45      20.04 f
  U3710/Y (NAND2BX1)                       0.65      20.69 f
  U3709/Y (NOR2X1)                         1.85      22.54 r
  U3707/Y (INVX1)                          0.40      22.94 f
  U3689/Y (NAND2X1)                        0.69      23.63 r
  U3664/Y (INVX1)                          0.39      24.03 f
  U3662/Y (NAND2X1)                        1.34      25.36 r
  U3647/Y (NAND4BXL)                       0.33      25.69 f
  U3635/Y (NAND4BXL)                       0.70      26.39 f
  U3606/Y (INVX1)                          0.30      26.68 r
  U3605/Y (AOI211X1)                       0.16      26.84 f
  U3604/Y (NAND4X1)                        0.36      27.21 r
  U3603/Y (NAND3X1)                        0.42      27.63 f
  U3602/Y (INVX1)                          0.40      28.02 r
  U3601/Y (NAND3X1)                        0.41      28.44 f
  U3600/Y (INVX1)                          0.38      28.82 r
  U3599/Y (AND3X1)                         0.54      29.35 r
  U3598/Y (NAND2X1)                        0.35      29.71 f
  U3577/Y (NOR2X1)                         1.82      31.53 r
  U3576/Y (NOR2X1)                         0.46      31.99 f
  U3575/Y (INVX1)                          0.86      32.85 r
  U3572/Y (NOR2X1)                         1.00      33.85 f
  U3556/Y (NOR4BX1)                        0.57      34.42 r
  U3555/Y (NAND4X1)                        0.41      34.83 f
  U3532/Y (OAI21XL)                        0.33      35.17 r
  U3531/Y (NOR3X1)                         0.18      35.35 f
  U3530/Y (NAND4X1)                        0.43      35.78 r
  U3529/Y (NAND3X1)                        0.41      36.20 f
  U3528/Y (INVX1)                          0.39      36.59 r
  U3503/Y (NAND4X1)                        0.57      37.16 f
  U3502/Y (NOR3X1)                         0.79      37.95 r
  U3501/Y (NAND2X1)                        0.43      38.38 f
  U3486/Y (NOR2X1)                         1.79      40.17 r
  U3485/Y (NOR2X1)                         0.90      41.07 f
  U3482/Y (NAND2X1)                        1.34      42.41 r
  U3472/Y (NAND4X1)                        0.27      42.68 f
  U3460/Y (NAND4BXL)                       0.68      43.36 f
  U3436/Y (INVX1)                          0.30      43.65 r
  U3435/Y (AOI211X1)                       0.16      43.82 f
  U3434/Y (NAND4X1)                        0.40      44.21 r
  U3433/Y (NAND3X1)                        0.42      44.63 f
  U3432/Y (INVX1)                          0.40      45.03 r
  U3406/Y (NAND4X1)                        0.58      45.61 f
  U3405/Y (NOR3X1)                         0.79      46.40 r
  U3404/Y (NAND2X1)                        0.43      46.84 f
  U3401/Y (NOR2X1)                         1.79      48.62 r
  U3400/Y (NOR2X1)                         0.79      49.42 f
  U3364/Y (NAND2X1)                        1.43      50.85 r
  U3351/Y (NAND4BXL)                       0.33      51.18 f
  U3338/Y (NAND4BXL)                       0.69      51.87 f
  U3314/Y (INVX1)                          0.30      52.17 r
  U3313/Y (AOI211X1)                       0.16      52.33 f
  U3312/Y (NAND4X1)                        0.40      52.72 r
  U3311/Y (NAND3X1)                        0.42      53.14 f
  U3310/Y (INVX1)                          0.40      53.54 r
  U3309/Y (NAND3X1)                        0.48      54.02 f
  U3296/Y (NAND2BX1)                       0.60      54.61 f
  U3295/Y (NOR3X1)                         2.29      56.90 r
  U3256/Y (NOR2X1)                         0.74      57.65 f
  U3255/Y (INVX1)                          0.86      58.51 r
  U3223/Y (OAI21XL)                        0.41      58.91 f
  U3201/Y (NAND4BXL)                       0.69      59.60 f
  U3178/Y (INVX1)                          0.30      59.90 r
  U3177/Y (AOI211X1)                       0.16      60.06 f
  U3176/Y (NAND4X1)                        0.37      60.42 r
  U3175/Y (NAND3X1)                        0.49      60.92 f
  U3174/Y (AOI21X1)                        0.39      61.31 r
  U3173/Y (NAND3X1)                        0.49      61.80 f
  U3172/Y (NOR3X1)                         0.82      62.62 r
  U3171/Y (NAND2X1)                        0.34      62.96 f
  U3170/Y (NOR2X1)                         0.62      63.58 r
  U3168/Y (NOR2X1)                         0.38      63.96 f
  U3167/Y (INVX1)                          0.42      64.38 r
  U3166/Y (NAND2X1)                        0.24      64.62 f
  U3113/Y (AND4X1)                         0.53      65.16 f
  U3112/Y (NAND3X1)                        0.50      65.65 r
  U3111/Y (OAI31X1)                        0.24      65.89 f
  U3110/Y (AOI31X1)                        0.75      66.64 r
  U2685/Y (INVX1)                          0.30      66.94 f
  U2669/Y (OAI2BB1X1)                      0.57      67.51 f
  U2668/Y (AOI22X1)                        0.39      67.90 r
  U2654/Y (NOR4BBX1)                       0.50      68.41 r
  U2653/Y (NAND4X1)                        0.41      68.82 f
  U2265/Y (OAI21XL)                        0.44      69.26 r
  U2264/Y (INVX1)                          0.16      69.41 f
  U2263/Y (AOI221X1)                       0.33      69.75 r
  U2259/Y (AND4X1)                         0.83      70.57 r
  candidate_valid_o[4] (out)               0.00      70.57 r
  data arrival time                                  70.57

  clock recam_boundary_clk (rise edge)    15.00      15.00
  clock network delay (ideal)              0.00      15.00
  output external delay                    0.00      15.00
  data required time                                 15.00
  -----------------------------------------------------------
  data required time                                 15.00
  data arrival time                                 -70.57
  -----------------------------------------------------------
  slack (VIOLATED)                                  -55.57


1
