 
****************************************
Report : area
Design : recam_dss_l1x4_r_static_global_live_state_top
Version: W-2024.09-SP2
Date   : Tue Sep 29 16:58:50 2026
****************************************

Library(s) Used:

    slow (File: /cad/std_libraries/CBDK_TSMC018_Arm_f1.0/CIC/SynopsysDC/db/slow.db)

Number of ports:                         1795
Number of nets:                         10218
Number of cells:                         8868
Number of combinational cells:           8267
Number of sequential cells:               566
Number of macros/black boxes:               0
Number of buf/inv:                       2505
Number of references:                       9

Combinational area:             165448.484798
Buf/Inv area:                    28134.691639
Noncombinational area:           31767.120747
Macro/Black Box area:                0.000000
Net Interconnect area:          966051.555786

Total cell area:                197215.605545
Total area:                    1163267.161331

Hierarchical area distribution
------------------------------

                                  Global cell area              Local cell area
                                  --------------------  ------------------------------- 
Hierarchical cell                 Absolute     Percent  Combi-       Noncombi-   Black-
                                  Total        Total    national     national    boxes   Design
--------------------------------  -----------  -------  -----------  ----------  ------  ----------------------------------------------------------------------------------------------------------------
recam_dss_l1x4_r_static_global_live_state_top
                                  197215.6055    100.0     129.7296      0.0000  0.0000  recam_dss_l1x4_r_static_global_live_state_top
analyzer                          124430.6459     63.1  124430.6459      0.0000  0.0000  recam_shared_config_analyzer_ROW_ADDR_W9_PHYS_COL_ADDR_W13_WORD_COL_ADDR_W5_HYBRID_LINE_ADDR_W13_HYBRID_ENTRIES7
core                               28147.9969     14.3    2368.3968   3529.3104  0.0000  recam_dss_l1x4_r_static_global_live_state_core
core/candidate_store               20148.0048     10.2   16791.6672   3356.3377  0.0000  dss_v2_group_candidate_store
core/slot_decode                     116.4240      0.1     116.4240      0.0000  0.0000  dss_v2_group_slot_decode
core/static_selector                1985.8608      1.0    1985.8608      0.0000  0.0000  recam_dss_l1x4_r_static_selector
pivot_address_regs                 44507.2332     22.6   19625.7606  24881.4726  0.0000  dss_group_pivot_address_regs_ROW_ADDR_W9_PHYS_COL_ADDR_W13
--------------------------------  -----------  -------  -----------  ----------  ------  ----------------------------------------------------------------------------------------------------------------
Total                                                   165448.4848  31767.1207  0.0000

1
