 
****************************************
Report : qor
Design : recam_dss_l1x4_r_static_global_live_state_top
Version: W-2024.09-SP2
Date   : Tue Sep 29 16:58:50 2026
****************************************


  Timing Path Group 'recam_clk'
  -----------------------------------
  Levels of Logic:              74.00
  Critical Path Length:         14.90
  Critical Path Slack:           0.00
  Critical Path Clk Period:     15.00
  Total Negative Slack:          0.00
  No. of Violating Paths:        0.00
  Worst Hold Violation:          0.00
  Total Hold Violation:          0.00
  No. of Hold Violations:        0.00
  -----------------------------------


  Cell Count
  -----------------------------------
  Hierarchical Cell Count:          6
  Hierarchical Port Count:       1079
  Leaf Cell Count:               8833
  Buf/Inv Cell Count:            2505
  Buf Cell Count:                 302
  Inv Cell Count:                2203
  CT Buf/Inv Cell Count:            0
  Combinational Cell Count:      8267
  Sequential Cell Count:          566
  Macro Count:                      0
  -----------------------------------


  Area
  -----------------------------------
  Combinational Area:   165448.484798
  Noncombinational Area: 31767.120747
  Buf/Inv Area:          28134.691639
  Total Buffer Area:          6273.59
  Total Inverter Area:       21861.10
  Macro/Black Box Area:      0.000000
  Net Area:             966051.555786
  -----------------------------------
  Cell Area:            197215.605545
  Design Area:         1163267.161331


  Design Rules
  -----------------------------------
  Total Number of Nets:          9195
  Nets With Violations:             2
  Max Trans Violations:             0
  Max Cap Violations:               2
  -----------------------------------


  Hostname: Kaohsiung

  Compile CPU Statistics
  -----------------------------------------
  Resource Sharing:                    3.78
  Logic Optimization:                133.77
  Mapping Optimization:               50.09
  -----------------------------------------
  Overall Compile Time:              193.94
  Overall Compile Wall Clock Time:   194.51

  --------------------------------------------------------------------

  Design  WNS: 0.00  TNS: 0.00  Number of Violating Paths: 0


  Design (Hold)  WNS: 0.00  TNS: 0.00  Number of Violating Paths: 0

  --------------------------------------------------------------------


1
