 
****************************************
Report : reference
Design : recam_dss_l1x4_r_static_global_live_state_top
Version: W-2024.09-SP2
Date   : Tue Sep 29 16:58:50 2026
****************************************

Attributes:
    b - black box (unknown)
   bo - allows boundary optimization
    d - dont_touch
   mo - map_only
    h - hierarchical
    n - noncombinational
    r - removable
    s - synthetic operator
    u - contains unmapped logic

Reference          Library       Unit Area   Count    Total Area   Attributes
-----------------------------------------------------------------------------
AND2X4             slow          16.632000       1     16.632000  
AND3X1             slow          16.632000       1     16.632000  
AOI31XL            slow          16.632000       1     16.632000  
BUFX3              slow          13.305600       1     13.305600  
CLKBUFXL           slow          13.305600       1     13.305600  
XNOR2X1            slow          26.611200       2     53.222401  
dss_group_pivot_address_regs_ROW_ADDR_W9_PHYS_COL_ADDR_W13
                              44507.233184       1  44507.233184  h, n
recam_dss_l1x4_r_static_global_live_state_core
                              28147.996905       1  28147.996905  h, n
recam_shared_config_analyzer_ROW_ADDR_W9_PHYS_COL_ADDR_W13_WORD_COL_ADDR_W5_HYBRID_LINE_ADDR_W13_HYBRID_ENTRIES7
                              124430.645854
                                                 1  124430.645854 h
-----------------------------------------------------------------------------
Total 9 references                                  197215.605545

****************************************
Design: dss_group_pivot_address_regs_ROW_ADDR_W9_PHYS_COL_ADDR_W13 
****************************************
Reference          Library       Unit Area   Count    Total Area   Attributes
-----------------------------------------------------------------------------
AND2X2             slow          13.305600       7     93.139201  
AOI2BB1X1          slow          16.632000       3     49.896000  
AOI2BB2X1          slow          23.284800       4     93.139198  
AOI21X1            slow          13.305600      13    172.972802  
AOI21XL            slow          13.305600       2     26.611200  
AOI22X1            slow          16.632000      10    166.320000  
AOI22XL            slow          16.632000       2     33.264000  
AOI32X1            slow          23.284800       3     69.854399  
AOI33X1            slow          26.611200       4    106.444801  
AOI222X1           slow          26.611200       1     26.611200  
BUFX1              slow          13.305600      18    239.500803  
BUFX3              slow          13.305600      21    279.417603  
CLKINVXL           slow           9.979200       1      9.979200  
DFFXL              slow          56.548801     440  24881.472626  n
INVX1              slow           6.652800     393   2614.550433  
INVXL              slow           6.652800       4     26.611200  
NAND2BX1           slow          13.305600       4     53.222401  
NAND2X1            slow           9.979200      34    339.292812  
NAND2XL            slow           9.979200      13    129.729605  
NAND3X1            slow          13.305600      12    159.667202  
NAND3XL            slow          13.305600       1     13.305600  
NOR2BX1            slow          13.305600       8    106.444801  
NOR2X1             slow           9.979200      18    179.625607  
NOR2XL             slow           9.979200      85    848.232031  
NOR3X1             slow          13.305600       5     66.528001  
OAI2BB1X1          slow          16.632000       1     16.632000  
OAI21XL            slow          13.305600      10    133.056002  
OAI22X1            slow          19.958401     440   8781.696320  
OAI22XL            slow          19.958401     180   3592.512131  
OAI31X1            slow          19.958401       4     79.833603  
OAI32X1            slow          23.284800       9    209.563196  
OAI33X1            slow          26.611200       4    106.444801  
OAI221XL           slow          23.284800       7    162.993597  
XNOR2X1            slow          26.611200       4    106.444801  
XOR2X1             slow          26.611200      20    532.224007  
-----------------------------------------------------------------------------
Total 35 references                                 44507.233184

****************************************
Design: recam_dss_l1x4_r_static_global_live_state_core 
****************************************
Reference          Library       Unit Area   Count    Total Area   Attributes
-----------------------------------------------------------------------------
AND2X2             slow          13.305600       9    119.750401  
AND3X2             slow          16.632000       1     16.632000  
AOI2BB1X1          slow          16.632000       1     16.632000  
AOI21X1            slow          13.305600       5     66.528001  
AOI22X1            slow          16.632000      28    465.695999  
AOI22XL            slow          16.632000       4     66.528000  
AOI31X1            slow          16.632000       5     83.160000  
AOI211X1           slow          16.632000       1     16.632000  
BUFX3              slow          13.305600       1     13.305600  
BUFX8              slow          29.937599       1     29.937599  
CLKINVX3           slow           9.979200       2     19.958401  
DFFHQX2            slow          66.528000       1     66.528000  n
DFFHQXL            slow          53.222401      64   3406.233643  n
DFFXL              slow          56.548801       1     56.548801  n
DLY1X1             slow          19.958401       1     19.958401  
INVX1              slow           6.652800      67    445.737606  
INVXL              slow           6.652800       4     26.611200  
MXI2XL             slow          23.284800       1     23.284800  
NAND2X1            slow           9.979200       6     59.875202  
NAND3BX1           slow          16.632000       1     16.632000  
NAND3X1            slow          13.305600       5     66.528001  
NAND3X4            slow          33.264000       1     33.264000  
NOR2X1             slow           9.979200       4     39.916801  
NOR3X1             slow          13.305600       1     13.305600  
OAI2BB1X1          slow          16.632000      12    199.584000  
OAI2BB2X1          slow          23.284800       6    139.708797  
OAI21XL            slow          13.305600       7     93.139201  
OAI22X1            slow          19.958401       1     19.958401  
OAI31X1            slow          19.958401       1     19.958401  
OAI32X1            slow          23.284800       2     46.569599  
OAI32XL            slow          23.284800       1     23.284800  
OAI211X1           slow          19.958401       1     19.958401  
OR2X2              slow          13.305600       2     26.611200  
OR2XL              slow          13.305600       1     13.305600  
XNOR2X1            slow          26.611200       2     53.222401  
XOR2X1             slow          26.611200       2     53.222401  
dss_v2_group_candidate_store  20148.004837       1  20148.004837  h, n
dss_v2_group_slot_decode        116.424001       1    116.424001  h
recam_dss_l1x4_r_static_selector
                               1985.860811       1   1985.860811  h
-----------------------------------------------------------------------------
Total 39 references                                 28147.996905

****************************************
Design: dss_v2_group_candidate_store 
****************************************
Reference          Library       Unit Area   Count    Total Area   Attributes
-----------------------------------------------------------------------------
ADDFX1             slow          69.854401       2    139.708801  r
ADDFX2             slow          69.854401       5    349.272003  r
AND2X1             slow          13.305600       6     79.833601  
AND2X2             slow          13.305600      10    133.056002  
AND3X1             slow          16.632000       3     49.896000  
AND3X4             slow          19.958401       2     39.916801  
AND4X2             slow          19.958401      16    319.334412  
AOI2BB1X1          slow          16.632000       2     33.264000  
AOI2BB2X1          slow          23.284800      27    628.689589  
AOI2BB2X2          slow          29.937599     118   3532.636703  
AOI2BB2X4          slow          49.896000      43   2145.527996  
AOI21X1            slow          13.305600      17    226.195203  
AOI21XL            slow          13.305600       1     13.305600  
AOI22X1            slow          16.632000      30    498.959999  
AOI22X2            slow          29.937599       3     89.812798  
AOI22X4            slow          46.569599       2     93.139198  
AOI22XL            slow          16.632000      11    182.952000  
AOI31X1            slow          16.632000      56    931.391998  
AOI221X1           slow          23.284800       1     23.284800  
AOI222X1           slow          26.611200       7    186.278402  
AOI222XL           slow          26.611200       6    159.667202  
BUFX3              slow          13.305600       5     66.528001  
BUFX8              slow          29.937599       2     59.875198  
BUFX12             slow          33.264000       6    199.584000  
BUFX16             slow          43.243198       1     43.243198  
CLKINVX3           slow           9.979200       4     39.916801  
CLKINVX4           slow          13.305600       1     13.305600  
CLKINVX8           slow          19.958401      10    199.584007  
CLKINVXL           slow           9.979200       1      9.979200  
DFFHQXL            slow          53.222401      11    585.446407  n
DFFXL              slow          56.548801      49   2770.891270  n
INVX1              slow           6.652800     126    838.252810  
INVX2              slow           9.979200       1      9.979200  
INVX4              slow          13.305600      10    133.056002  
INVX8              slow          19.958401      41    818.294430  
INVX20             slow          63.201599       2    126.403198  
INVXL              slow           6.652800      11     73.180801  
MXI2XL             slow          23.284800       1     23.284800  
NAND2X1            slow           9.979200       6     59.875202  
NAND2X2            slow          16.632000       3     49.896000  
NAND2X4            slow          23.284800       2     46.569599  
NAND3BX4           slow          36.590401       2     73.180801  
NAND3X1            slow          13.305600      27    359.251204  
NAND3X2            slow          23.284800      51   1187.524778  
NAND3X4            slow          33.264000       4    133.056000  
NAND3XL            slow          13.305600       1     13.305600  
NAND4X1            slow          16.632000       6     99.792000  
NAND4X2            slow          29.937599       1     29.937599  
NOR2X1             slow           9.979200       6     59.875202  
NOR2XL             slow           9.979200       2     19.958401  
NOR3X1             slow          13.305600       6     79.833601  
NOR3XL             slow          13.305600       4     53.222401  
OAI2BB1X1          slow          16.632000       4     66.528000  
OAI21XL            slow          13.305600       2     26.611200  
OAI22X1            slow          19.958401       2     39.916801  
OAI211X1           slow          19.958401       1     19.958401  
OAI222XL           slow          26.611200       1     26.611200  
OR2X2              slow          13.305600      71    944.697612  
OR4X1              slow          19.958401       3     59.875202  
XOR2X1             slow          26.611200      15    399.168005  
XOR2XL             slow          26.611200       5    133.056002  
XOR3X2             slow          59.875198       5    299.375992  
-----------------------------------------------------------------------------
Total 62 references                                 20148.004837

****************************************
Design: dss_v2_group_slot_decode 
****************************************
Reference          Library       Unit Area   Count    Total Area   Attributes
-----------------------------------------------------------------------------
AND2X4             slow          16.632000       2     33.264000  
BUFX3              slow          13.305600       2     26.611200  
INVX4              slow          13.305600       2     26.611200  
OAI2BB1X1          slow          16.632000       1     16.632000  
OR2XL              slow          13.305600       1     13.305600  
-----------------------------------------------------------------------------
Total 5 references                                    116.424001

****************************************
Design: recam_dss_l1x4_r_static_selector 
****************************************
Reference          Library       Unit Area   Count    Total Area   Attributes
-----------------------------------------------------------------------------
AND2X1             slow          13.305600       2     26.611200  
AND2X2             slow          13.305600       6     79.833601  
AND2X4             slow          16.632000       3     49.896000  
AND3X1             slow          16.632000       1     16.632000  
AND3X2             slow          16.632000       4     66.528000  
AND3X4             slow          19.958401       6    119.750404  
AND4X1             slow          19.958401       1     19.958401  
AND4X4             slow          36.590401       1     36.590401  
AOI22X1            slow          16.632000      12    199.584000  
AOI22XL            slow          16.632000       4     66.528000  
CLKINVX4           slow          13.305600       2     26.611200  
INVX1              slow           6.652800      14     93.139201  
INVX2              slow           9.979200       1      9.979200  
INVX4              slow          13.305600       1     13.305600  
INVX16             slow          56.548801       1     56.548801  
NAND2X1            slow           9.979200       2     19.958401  
NAND2X2            slow          16.632000       2     33.264000  
NAND2X4            slow          23.284800       5    116.423998  
NAND2XL            slow           9.979200       2     19.958401  
NAND3BX1           slow          16.632000       1     16.632000  
NAND3BXL           slow          16.632000       1     16.632000  
NAND3X1            slow          13.305600       3     39.916800  
NAND3X2            slow          23.284800       5    116.423998  
NAND3X4            slow          33.264000       2     66.528000  
NAND3XL            slow          13.305600       2     26.611200  
NAND4BBX2          slow          36.590401       1     36.590401  
NAND4BXL           slow          19.958401       1     19.958401  
NAND4X1            slow          16.632000       3     49.896000  
NAND4X2            slow          29.937599       2     59.875198  
NAND4X4            slow          56.548801       1     56.548801  
NOR2BX1            slow          13.305600       2     26.611200  
NOR2BX2            slow          19.958401       1     19.958401  
NOR2BX4            slow          26.611200       3     79.833601  
NOR2X1             slow           9.979200       2     19.958401  
NOR3XL             slow          13.305600       1     13.305600  
NOR4BX2            slow          33.264000       1     33.264000  
OAI2BB1X1          slow          16.632000       6     99.792000  
OAI2BB1XL          slow          16.632000       2     33.264000  
OAI21X2            slow          26.611200       2     53.222401  
OAI211X4           slow          29.937599       1     29.937599  
-----------------------------------------------------------------------------
Total 40 references                                  1985.860811

****************************************
Design: recam_shared_config_analyzer_ROW_ADDR_W9_PHYS_COL_ADDR_W13_WORD_COL_ADDR_W5_HYBRID_LINE_ADDR_W13_HYBRID_ENTRIES7 
****************************************
Reference          Library       Unit Area   Count    Total Area   Attributes
-----------------------------------------------------------------------------
AND2X1             slow          13.305600      19    252.806403  
AND2X2             slow          13.305600      54    718.502409  
AND2X4             slow          16.632000      32    532.223999  
AND3X1             slow          16.632000       1     16.632000  
AND3X2             slow          16.632000      29    482.327999  
AND3X4             slow          19.958401      70   1397.088051  
AND4X1             slow          19.958401       2     39.916801  
AND4X2             slow          19.958401      47    938.044834  
AND4X4             slow          36.590401      62   2268.604843  
AOI2BB1X1          slow          16.632000       5     83.160000  
AOI2BB1X2          slow          23.284800       6    139.708797  
AOI2BB1X4          slow          36.590401       6    219.542404  
AOI2BB1XL          slow          16.632000       2     33.264000  
AOI2BB2X1          slow          23.284800      19    442.411192  
AOI2BB2X2          slow          29.937599       5    149.687996  
AOI2BB2X4          slow          49.896000       3    149.688000  
AOI2BB2XL          slow          23.284800       2     46.569599  
AOI21X1            slow          13.305600       3     39.916800  
AOI21X2            slow          23.284800       2     46.569599  
AOI21X4            slow          33.264000       3     99.792000  
AOI21XL            slow          13.305600       2     26.611200  
AOI22X1            slow          16.632000      11    182.952000  
AOI31X1            slow          16.632000       5     83.160000  
AOI31X2            slow          29.937599       6    179.625595  
AOI31X4            slow          29.937599       2     59.875198  
AOI31XL            slow          16.632000       1     16.632000  
AOI32X1            slow          23.284800       5    116.423998  
AOI32X2            slow          36.590401       6    219.542404  
AOI32X4            slow          33.264000       1     33.264000  
AOI32XL            slow          23.284800       3     69.854399  
AOI33X1            slow          26.611200       3     79.833601  
AOI33X2            slow          43.243198       2     86.486397  
AOI33XL            slow          26.611200       1     26.611200  
AOI211X1           slow          16.632000       9    149.688000  
AOI211X2           slow          29.937599       9    269.438393  
AOI211X4           slow          33.264000       1     33.264000  
AOI221X1           slow          23.284800      13    302.702394  
AOI221X2           slow          39.916801       8    319.334412  
AOI221X4           slow          36.590401       5    182.952003  
AOI221XL           slow          23.284800       1     23.284800  
AOI222X1           slow          26.611200      23    612.057608  
AOI222X2           slow          46.569599       9    419.126392  
BUFX1              slow          13.305600      57    758.419209  
BUFX2              slow          13.305600       2     26.611200  
BUFX3              slow          13.305600      73    971.308812  
BUFX4              slow          16.632000       8    133.056000  
BUFX8              slow          29.937599      28    838.252777  
BUFX12             slow          33.264000      21    698.543999  
BUFX16             slow          43.243198      11    475.675182  
BUFX20             slow          53.222401      17    904.780811  
CLKBUFX3           slow          13.305600       1     13.305600  
CLKBUFX4           slow          16.632000       2     33.264000  
CLKBUFX8           slow          23.284800       3     69.854399  
CLKBUFXL           slow          13.305600       5     66.528001  
CLKINVX1           slow           9.979200       5     49.896002  
CLKINVX2           slow           9.979200      15    149.688005  
CLKINVX3           slow           9.979200     202   2015.798473  
CLKINVX4           slow          13.305600      47    625.363208  
CLKINVX8           slow          19.958401      73   1456.963253  
CLKINVX20          slow          96.465599       1     96.465599  
CLKINVXL           slow           9.979200      33    329.313612  
DLY1X1             slow          19.958401      14    279.417610  
INVX1              slow           6.652800     669   4450.723256  
INVX2              slow           9.979200      55    548.856020  
INVX3              slow          13.305600      16    212.889603  
INVX4              slow          13.305600     157   2088.979226  
INVX8              slow          19.958401     133   2654.467297  
INVX12             slow          43.243198      11    475.675182  
INVX16             slow          56.548801       2    113.097603  
INVX20             slow          63.201599       7    442.411194  
INVXL              slow           6.652800      78    518.918406  
MX2X1              slow          26.611200      97   2581.286432  
MX2X2              slow          29.937599      37   1107.691170  
MX2X4              slow          33.264000      51   1696.463997  
MX2XL              slow          26.611200       1     26.611200  
MXI2X1             slow          23.284800     103   2398.334356  
MXI2X2             slow          26.611200      93   2474.841631  
MXI2X4             slow          46.569599      94   4377.542320  
MXI2XL             slow          23.284800      45   1047.815981  
NAND2BX1           slow          13.305600       1     13.305600  
NAND2BX2           slow          19.958401      13    259.459209  
NAND2BX4           slow          26.611200      25    665.280008  
NAND2X1            slow           9.979200      63    628.689623  
NAND2X2            slow          16.632000      77   1280.663998  
NAND2X4            slow          23.284800     140   3259.871941  
NAND2XL            slow           9.979200      19    189.604807  
NAND3BX1           slow          16.632000       1     16.632000  
NAND3BX2           slow          26.611200       5    133.056002  
NAND3BX4           slow          36.590401      14    512.265610  
NAND3BXL           slow          16.632000       1     16.632000  
NAND3X1            slow          13.305600     151   2009.145625  
NAND3X2            slow          23.284800      60   1397.087975  
NAND3X4            slow          33.264000      57   1896.047997  
NAND3XL            slow          13.305600      30    399.168005  
NAND4BBX2          slow          36.590401       1     36.590401  
NAND4BBX4          slow          63.201599       3    189.604797  
NAND4BX2           slow          33.264000       1     33.264000  
NAND4BX4           slow          59.875198       8    479.001587  
NAND4X1            slow          16.632000      69   1147.607998  
NAND4X2            slow          29.937599      34   1017.878372  
NAND4X4            slow          56.548801      59   3336.379284  
NAND4XL            slow          16.632000      27    449.063999  
NOR2BX1            slow          13.305600       1     13.305600  
NOR2BX2            slow          19.958401       2     39.916801  
NOR2BX4            slow          26.611200       5    133.056002  
NOR2X1             slow           9.979200      45    449.064016  
NOR2X2             slow          16.632000      35    582.119999  
NOR2X4             slow          23.284800      71   1653.220770  
NOR2XL             slow           9.979200       8     79.833603  
NOR3BX2            slow          26.611200       1     26.611200  
NOR3BX4            slow          36.590401       1     36.590401  
NOR3X2             slow          23.284800       1     23.284800  
NOR3X4             slow          33.264000       6    199.584000  
NOR4BX4            slow          59.875198       2    119.750397  
NOR4X2             slow          29.937599       1     29.937599  
NOR4X4             slow          56.548801       5    282.744007  
OAI2BB1X1          slow          16.632000      43    715.175999  
OAI2BB1X2          slow          23.284800      22    512.265591  
OAI2BB1X4          slow          33.264000      50   1663.199997  
OAI2BB1XL          slow          16.632000      13    216.216000  
OAI2BB2X1          slow          23.284800       1     23.284800  
OAI2BB2X4          slow          49.896000       2     99.792000  
OAI21X1            slow          16.632000       2     33.264000  
OAI21X2            slow          26.611200       3     79.833601  
OAI21X4            slow          36.590401      11    402.494408  
OAI22X1            slow          19.958401      30    598.752022  
OAI22X2            slow          29.937599       9    269.438393  
OAI22X4            slow          46.569599      11    512.265591  
OAI22XL            slow          19.958401       3     59.875202  
OAI31X1            slow          19.958401       1     19.958401  
OAI31X2            slow          29.937599       5    149.687996  
OAI31X4            slow          29.937599       4    119.750397  
OAI32X2            slow          36.590401       1     36.590401  
OAI32X4            slow          33.264000       7    232.848000  
OAI33X2            slow          43.243198       3    129.729595  
OAI211X1           slow          19.958401      12    239.500809  
OAI211X2           slow          33.264000      17    565.487999  
OAI211X4           slow          29.937599      17    508.939186  
OAI211XL           slow          19.958401       1     19.958401  
OAI221X2           slow          43.243198       4    172.972794  
OAI221XL           slow          23.284800       4     93.139198  
OAI222X1           slow          29.937599       1     29.937599  
OAI222X2           slow          49.896000       6    299.375999  
OAI222XL           slow          26.611200       1     26.611200  
OR2X1              slow          13.305600      13    172.972802  
OR2X2              slow          13.305600     362   4816.627260  
OR2X4              slow          19.958401     202   4031.596947  
OR2XL              slow          13.305600      52    691.891209  
OR3X1              slow          19.958401       1     19.958401  
OR3X2              slow          19.958401       2     39.916801  
OR3X4              slow          29.937599       4    119.750397  
OR3XL              slow          16.632000       5     83.160000  
OR4X1              slow          19.958401       2     39.916801  
OR4X2              slow          19.958401      32    638.668823  
OR4X4              slow          36.590401      19    695.217613  
XNOR2X1            slow          26.611200      18    479.001606  
XNOR2X2            slow          36.590401      18    658.627213  
XNOR2X4            slow          56.548801      21   1187.524830  
XNOR2XL            slow          26.611200       3     79.833601  
XOR2X1             slow          26.611200     497  13225.766565  
XOR2X2             slow          33.264000     202   6719.327988  
XOR2X4             slow          56.548801     151   8538.869015  
XOR2XL             slow          26.611200      89   2368.396830  
XOR3X2             slow          59.875198       1     59.875198  
XOR3X4             slow          99.792000       1     99.792000  
-----------------------------------------------------------------------------
Total 165 references                                124430.645854
1
