 
****************************************
Report : reference
Design : recam_2r2c_pattern_analyzer
Version: W-2024.09-SP2
Date   : Thu Sep 10 03:32:13 2026
****************************************

Attributes:
    b - black box (unknown)
   bo - allows boundary optimization
    d - dont_touch
   mo - map_only
    h - hierarchical
    n - noncombinational
    r - removable
    s - synthetic operator
    u - contains unmapped logic

Reference          Library       Unit Area   Count    Total Area   Attributes
-----------------------------------------------------------------------------
NOR3X1             slow          13.305600       6     79.833601  
OR3XL              slow          16.632000       6     99.792000  
-----------------------------------------------------------------------------
Total 2 references                                    179.625601
1
