 
****************************************
Report : timing
        -path full
        -delay max
        -max_paths 10
Design : recam_2r2c_pattern_analyzer
Version: W-2024.09-SP2
Date   : Thu Sep 10 03:32:13 2026
****************************************

Operating Conditions: slow   Library: slow
Wire Load Model Mode: top

  Startpoint: matrix_flat_i[3]
              (input port clocked by recam_boundary_clk)
  Endpoint: candidate_valid_o[5]
            (output port clocked by recam_boundary_clk)
  Path Group: recam_boundary_clk
  Path Type: max

  Des/Clust/Port     Wire Load Model       Library
  ------------------------------------------------
  recam_2r2c_pattern_analyzer
                     tsmc18_wl10           slow

  Point                                    Incr       Path
  -----------------------------------------------------------
  clock recam_boundary_clk (rise edge)     0.00       0.00
  clock network delay (ideal)              0.00       0.00
  input external delay                     0.00       0.00 f
  matrix_flat_i[3] (in)                    0.00       0.00 f
  U15/Y (OR3XL)                            0.51       0.51 f
  U14/Y (NOR3X1)                           0.91       1.42 r
  candidate_valid_o[5] (out)               0.00       1.42 r
  data arrival time                                   1.42

  clock recam_boundary_clk (rise edge)    20.00      20.00
  clock network delay (ideal)              0.00      20.00
  output external delay                    0.00      20.00
  data required time                                 20.00
  -----------------------------------------------------------
  data required time                                 20.00
  data arrival time                                  -1.42
  -----------------------------------------------------------
  slack (MET)                                        18.58


  Startpoint: matrix_flat_i[1]
              (input port clocked by recam_boundary_clk)
  Endpoint: candidate_valid_o[4]
            (output port clocked by recam_boundary_clk)
  Path Group: recam_boundary_clk
  Path Type: max

  Des/Clust/Port     Wire Load Model       Library
  ------------------------------------------------
  recam_2r2c_pattern_analyzer
                     tsmc18_wl10           slow

  Point                                    Incr       Path
  -----------------------------------------------------------
  clock recam_boundary_clk (rise edge)     0.00       0.00
  clock network delay (ideal)              0.00       0.00
  input external delay                     0.00       0.00 f
  matrix_flat_i[1] (in)                    0.00       0.00 f
  U17/Y (OR3XL)                            0.51       0.51 f
  U16/Y (NOR3X1)                           0.91       1.42 r
  candidate_valid_o[4] (out)               0.00       1.42 r
  data arrival time                                   1.42

  clock recam_boundary_clk (rise edge)    20.00      20.00
  clock network delay (ideal)              0.00      20.00
  output external delay                    0.00      20.00
  data required time                                 20.00
  -----------------------------------------------------------
  data required time                                 20.00
  data arrival time                                  -1.42
  -----------------------------------------------------------
  slack (MET)                                        18.58


  Startpoint: matrix_flat_i[14]
              (input port clocked by recam_boundary_clk)
  Endpoint: candidate_valid_o[3]
            (output port clocked by recam_boundary_clk)
  Path Group: recam_boundary_clk
  Path Type: max

  Des/Clust/Port     Wire Load Model       Library
  ------------------------------------------------
  recam_2r2c_pattern_analyzer
                     tsmc18_wl10           slow

  Point                                    Incr       Path
  -----------------------------------------------------------
  clock recam_boundary_clk (rise edge)     0.00       0.00
  clock network delay (ideal)              0.00       0.00
  input external delay                     0.00       0.00 f
  matrix_flat_i[14] (in)                   0.00       0.00 f
  U19/Y (OR3XL)                            0.51       0.51 f
  U18/Y (NOR3X1)                           0.91       1.42 r
  candidate_valid_o[3] (out)               0.00       1.42 r
  data arrival time                                   1.42

  clock recam_boundary_clk (rise edge)    20.00      20.00
  clock network delay (ideal)              0.00      20.00
  output external delay                    0.00      20.00
  data required time                                 20.00
  -----------------------------------------------------------
  data required time                                 20.00
  data arrival time                                  -1.42
  -----------------------------------------------------------
  slack (MET)                                        18.58


  Startpoint: matrix_flat_i[4]
              (input port clocked by recam_boundary_clk)
  Endpoint: candidate_valid_o[2]
            (output port clocked by recam_boundary_clk)
  Path Group: recam_boundary_clk
  Path Type: max

  Des/Clust/Port     Wire Load Model       Library
  ------------------------------------------------
  recam_2r2c_pattern_analyzer
                     tsmc18_wl10           slow

  Point                                    Incr       Path
  -----------------------------------------------------------
  clock recam_boundary_clk (rise edge)     0.00       0.00
  clock network delay (ideal)              0.00       0.00
  input external delay                     0.00       0.00 f
  matrix_flat_i[4] (in)                    0.00       0.00 f
  U21/Y (OR3XL)                            0.51       0.51 f
  U20/Y (NOR3X1)                           0.91       1.42 r
  candidate_valid_o[2] (out)               0.00       1.42 r
  data arrival time                                   1.42

  clock recam_boundary_clk (rise edge)    20.00      20.00
  clock network delay (ideal)              0.00      20.00
  output external delay                    0.00      20.00
  data required time                                 20.00
  -----------------------------------------------------------
  data required time                                 20.00
  data arrival time                                  -1.42
  -----------------------------------------------------------
  slack (MET)                                        18.58


  Startpoint: matrix_flat_i[6]
              (input port clocked by recam_boundary_clk)
  Endpoint: candidate_valid_o[1]
            (output port clocked by recam_boundary_clk)
  Path Group: recam_boundary_clk
  Path Type: max

  Des/Clust/Port     Wire Load Model       Library
  ------------------------------------------------
  recam_2r2c_pattern_analyzer
                     tsmc18_wl10           slow

  Point                                    Incr       Path
  -----------------------------------------------------------
  clock recam_boundary_clk (rise edge)     0.00       0.00
  clock network delay (ideal)              0.00       0.00
  input external delay                     0.00       0.00 f
  matrix_flat_i[6] (in)                    0.00       0.00 f
  U23/Y (OR3XL)                            0.51       0.51 f
  U22/Y (NOR3X1)                           0.91       1.42 r
  candidate_valid_o[1] (out)               0.00       1.42 r
  data arrival time                                   1.42

  clock recam_boundary_clk (rise edge)    20.00      20.00
  clock network delay (ideal)              0.00      20.00
  output external delay                    0.00      20.00
  data required time                                 20.00
  -----------------------------------------------------------
  data required time                                 20.00
  data arrival time                                  -1.42
  -----------------------------------------------------------
  slack (MET)                                        18.58


  Startpoint: matrix_flat_i[9]
              (input port clocked by recam_boundary_clk)
  Endpoint: candidate_valid_o[0]
            (output port clocked by recam_boundary_clk)
  Path Group: recam_boundary_clk
  Path Type: max

  Des/Clust/Port     Wire Load Model       Library
  ------------------------------------------------
  recam_2r2c_pattern_analyzer
                     tsmc18_wl10           slow

  Point                                    Incr       Path
  -----------------------------------------------------------
  clock recam_boundary_clk (rise edge)     0.00       0.00
  clock network delay (ideal)              0.00       0.00
  input external delay                     0.00       0.00 f
  matrix_flat_i[9] (in)                    0.00       0.00 f
  U25/Y (OR3XL)                            0.51       0.51 f
  U24/Y (NOR3X1)                           0.91       1.42 r
  candidate_valid_o[0] (out)               0.00       1.42 r
  data arrival time                                   1.42

  clock recam_boundary_clk (rise edge)    20.00      20.00
  clock network delay (ideal)              0.00      20.00
  output external delay                    0.00      20.00
  data required time                                 20.00
  -----------------------------------------------------------
  data required time                                 20.00
  data arrival time                                  -1.42
  -----------------------------------------------------------
  slack (MET)                                        18.58


1
