 
****************************************
check_design summary:
Version:     W-2024.09-SP2
Date:        Thu Sep 10 03:34:00 2026
****************************************

                   Name                                            Total
--------------------------------------------------------------------------------
Cells                                                              62
    Cells do not drive (LINT-1)                                    62
--------------------------------------------------------------------------------

Warning: In design 'recam_shared_config_analyzer', cell 'B_1148' does not drive any nets. (LINT-1)
Warning: In design 'recam_shared_config_analyzer', cell 'B_1149' does not drive any nets. (LINT-1)
Warning: In design 'recam_shared_config_analyzer', cell 'B_1150' does not drive any nets. (LINT-1)
Warning: In design 'recam_shared_config_analyzer', cell 'B_1151' does not drive any nets. (LINT-1)
Warning: In design 'recam_shared_config_analyzer', cell 'B_1152' does not drive any nets. (LINT-1)
Warning: In design 'recam_shared_config_analyzer', cell 'B_1153' does not drive any nets. (LINT-1)
Warning: In design 'recam_shared_config_analyzer', cell 'B_1154' does not drive any nets. (LINT-1)
Warning: In design 'recam_shared_config_analyzer', cell 'B_1155' does not drive any nets. (LINT-1)
Warning: In design 'recam_shared_config_analyzer', cell 'B_1156' does not drive any nets. (LINT-1)
Warning: In design 'recam_shared_config_analyzer', cell 'B_1157' does not drive any nets. (LINT-1)
Warning: In design 'recam_shared_config_analyzer', cell 'B_1158' does not drive any nets. (LINT-1)
Warning: In design 'recam_shared_config_analyzer', cell 'B_1159' does not drive any nets. (LINT-1)
Warning: In design 'recam_shared_config_analyzer', cell 'B_1160' does not drive any nets. (LINT-1)
Warning: In design 'recam_shared_config_analyzer', cell 'B_1161' does not drive any nets. (LINT-1)
Warning: In design 'recam_shared_config_analyzer', cell 'B_1162' does not drive any nets. (LINT-1)
Warning: In design 'recam_shared_config_analyzer', cell 'B_1163' does not drive any nets. (LINT-1)
Warning: In design 'recam_shared_config_analyzer', cell 'B_1164' does not drive any nets. (LINT-1)
Warning: In design 'recam_shared_config_analyzer', cell 'B_1165' does not drive any nets. (LINT-1)
Warning: In design 'recam_shared_config_analyzer', cell 'B_1166' does not drive any nets. (LINT-1)
Warning: In design 'recam_shared_config_analyzer', cell 'B_1167' does not drive any nets. (LINT-1)
Warning: In design 'recam_shared_config_analyzer', cell 'B_1168' does not drive any nets. (LINT-1)
Warning: In design 'recam_shared_config_analyzer', cell 'C16776' does not drive any nets. (LINT-1)
Warning: In design 'recam_shared_config_analyzer', cell 'C16825' does not drive any nets. (LINT-1)
Warning: In design 'recam_shared_config_analyzer', cell 'C16867' does not drive any nets. (LINT-1)
Warning: In design 'recam_shared_config_analyzer', cell 'C16916' does not drive any nets. (LINT-1)
Warning: In design 'recam_shared_config_analyzer', cell 'C16967' does not drive any nets. (LINT-1)
Warning: In design 'recam_shared_config_analyzer', cell 'C17016' does not drive any nets. (LINT-1)
Warning: In design 'recam_shared_config_analyzer', cell 'C17058' does not drive any nets. (LINT-1)
Warning: In design 'recam_shared_config_analyzer', cell 'C17107' does not drive any nets. (LINT-1)
Warning: In design 'recam_shared_config_analyzer', cell 'C17158' does not drive any nets. (LINT-1)
Warning: In design 'recam_shared_config_analyzer', cell 'C17207' does not drive any nets. (LINT-1)
Warning: In design 'recam_shared_config_analyzer', cell 'C17249' does not drive any nets. (LINT-1)
Warning: In design 'recam_shared_config_analyzer', cell 'C17298' does not drive any nets. (LINT-1)
Warning: In design 'recam_shared_config_analyzer', cell 'C17349' does not drive any nets. (LINT-1)
Warning: In design 'recam_shared_config_analyzer', cell 'C17398' does not drive any nets. (LINT-1)
Warning: In design 'recam_shared_config_analyzer', cell 'C17440' does not drive any nets. (LINT-1)
Warning: In design 'recam_shared_config_analyzer', cell 'C17489' does not drive any nets. (LINT-1)
Warning: In design 'recam_shared_config_analyzer', cell 'C17540' does not drive any nets. (LINT-1)
Warning: In design 'recam_shared_config_analyzer', cell 'C17589' does not drive any nets. (LINT-1)
Warning: In design 'recam_shared_config_analyzer', cell 'C17631' does not drive any nets. (LINT-1)
Warning: In design 'recam_shared_config_analyzer', cell 'C17680' does not drive any nets. (LINT-1)
Warning: In design 'recam_shared_config_analyzer', cell 'C17731' does not drive any nets. (LINT-1)
Warning: In design 'recam_shared_config_analyzer', cell 'C17780' does not drive any nets. (LINT-1)
Warning: In design 'recam_shared_config_analyzer', cell 'C17822' does not drive any nets. (LINT-1)
Warning: In design 'recam_shared_config_analyzer', cell 'C17871' does not drive any nets. (LINT-1)
Warning: In design 'recam_shared_config_analyzer', cell 'C17922' does not drive any nets. (LINT-1)
Warning: In design 'recam_shared_config_analyzer', cell 'C17966' does not drive any nets. (LINT-1)
Warning: In design 'recam_shared_config_analyzer', cell 'C18008' does not drive any nets. (LINT-1)
Warning: In design 'recam_shared_config_analyzer', cell 'C18052' does not drive any nets. (LINT-1)
Warning: In design 'recam_shared_config_analyzer', cell 'B_1176' does not drive any nets. (LINT-1)
Warning: In design 'recam_shared_config_analyzer', cell 'B_1192' does not drive any nets. (LINT-1)
Warning: In design 'recam_shared_config_analyzer', cell 'B_1202' does not drive any nets. (LINT-1)
Warning: In design 'recam_shared_config_analyzer', cell 'B_1212' does not drive any nets. (LINT-1)
Warning: In design 'recam_shared_config_analyzer', cell 'B_1222' does not drive any nets. (LINT-1)
Warning: In design 'recam_shared_config_analyzer', cell 'B_1232' does not drive any nets. (LINT-1)
Warning: In design 'recam_shared_config_analyzer', cell 'B_1248' does not drive any nets. (LINT-1)
Warning: In design 'recam_shared_config_analyzer', cell 'B_1268' does not drive any nets. (LINT-1)
Warning: In design 'recam_shared_config_analyzer', cell 'B_1288' does not drive any nets. (LINT-1)
Warning: In design 'recam_shared_config_analyzer', cell 'B_1308' does not drive any nets. (LINT-1)
Warning: In design 'recam_shared_config_analyzer', cell 'C20042' does not drive any nets. (LINT-1)
Warning: In design 'recam_shared_config_analyzer', cell 'C20043' does not drive any nets. (LINT-1)
Warning: In design 'recam_shared_config_analyzer', cell 'C20044' does not drive any nets. (LINT-1)
1
