 
****************************************
Report : area
Design : recam_shared_config_analyzer
Version: W-2024.09-SP2
Date   : Thu Sep 10 03:35:24 2026
****************************************

Library(s) Used:

    slow (File: /cad/std_libraries/CBDK_TSMC018_Arm_f1.0/CIC/SynopsysDC/db/slow.db)

Number of ports:                          224
Number of nets:                          4284
Number of cells:                         4079
Number of combinational cells:           4079
Number of sequential cells:                 0
Number of macros/black boxes:               0
Number of buf/inv:                       1266
Number of references:                     152

Combinational area:              82804.075960
Buf/Inv area:                    14217.033825
Noncombinational area:               0.000000
Macro/Black Box area:                0.000000
Net Interconnect area:          425928.802094

Total cell area:                 82804.075960
Total area:                     508732.878054

Hierarchical area distribution
------------------------------

                                  Global cell area            Local cell area
                                  -------------------  ----------------------------- 
Hierarchical cell                 Absolute    Percent  Combi-      Noncombi-  Black-
                                  Total       Total    national    national   boxes   Design
--------------------------------  ----------  -------  ----------  ---------  ------  ---------
recam_shared_config_analyzer      82804.0760    100.0  82804.0760     0.0000  0.0000  recam_shared_config_analyzer
--------------------------------  ----------  -------  ----------  ---------  ------  ---------
Total                                                  82804.0760     0.0000  0.0000

1
