 
****************************************
Report : qor
Design : recam_shared_config_analyzer
Version: W-2024.09-SP2
Date   : Thu Sep 10 03:35:24 2026
****************************************


  Timing Path Group 'recam_boundary_clk'
  -----------------------------------
  Levels of Logic:              71.00
  Critical Path Length:         15.00
  Critical Path Slack:           0.00
  Critical Path Clk Period:     15.00
  Total Negative Slack:          0.00
  No. of Violating Paths:        0.00
  Worst Hold Violation:          0.00
  Total Hold Violation:          0.00
  No. of Hold Violations:        0.00
  -----------------------------------


  Cell Count
  -----------------------------------
  Hierarchical Cell Count:          0
  Hierarchical Port Count:          0
  Leaf Cell Count:               4079
  Buf/Inv Cell Count:            1266
  Buf Cell Count:                 147
  Inv Cell Count:                1119
  CT Buf/Inv Cell Count:            0
  Combinational Cell Count:      4079
  Sequential Cell Count:            0
  Macro Count:                      0
  -----------------------------------


  Area
  -----------------------------------
  Combinational Area:    82804.075960
  Noncombinational Area:     0.000000
  Buf/Inv Area:          14217.033825
  Total Buffer Area:          3379.62
  Total Inverter Area:       10837.41
  Macro/Black Box Area:      0.000000
  Net Area:             425928.802094
  -----------------------------------
  Cell Area:             82804.075960
  Design Area:          508732.878054


  Design Rules
  -----------------------------------
  Total Number of Nets:          4284
  Nets With Violations:             5
  Max Trans Violations:             0
  Max Cap Violations:               5
  -----------------------------------


  Hostname: Kaohsiung

  Compile CPU Statistics
  -----------------------------------------
  Resource Sharing:                    2.26
  Logic Optimization:                 62.78
  Mapping Optimization:               12.16
  -----------------------------------------
  Overall Compile Time:               83.03
  Overall Compile Wall Clock Time:    83.48

  --------------------------------------------------------------------

  Design  WNS: 0.00  TNS: 0.00  Number of Violating Paths: 0


  Design (Hold)  WNS: 0.00  TNS: 0.00  Number of Violating Paths: 0

  --------------------------------------------------------------------


1
