 
****************************************
Report : reference
Design : recam_shared_config_analyzer
Version: W-2024.09-SP2
Date   : Thu Sep 10 03:35:24 2026
****************************************

Attributes:
    b - black box (unknown)
   bo - allows boundary optimization
    d - dont_touch
   mo - map_only
    h - hierarchical
    n - noncombinational
    r - removable
    s - synthetic operator
    u - contains unmapped logic

Reference          Library       Unit Area   Count    Total Area   Attributes
-----------------------------------------------------------------------------
AND2X1             slow          13.305600       8    106.444801  
AND2X2             slow          13.305600      29    385.862405  
AND2X4             slow          16.632000      17    282.743999  
AND3X1             slow          16.632000       1     16.632000  
AND3X2             slow          16.632000      27    449.063999  
AND3X4             slow          19.958401      19    379.209614  
AND4X1             slow          19.958401       6    119.750404  
AND4X2             slow          19.958401      53   1057.795238  
AND4X4             slow          36.590401      21    768.398415  
AOI2BB1X2          slow          23.284800       4     93.139198  
AOI2BB1X4          slow          36.590401       4    146.361603  
AOI2BB2X1          slow          23.284800      27    628.689589  
AOI2BB2X2          slow          29.937599       6    179.625595  
AOI2BB2X4          slow          49.896000       1     49.896000  
AOI21X1            slow          13.305600       2     26.611200  
AOI21X4            slow          33.264000       2     66.528000  
AOI22X1            slow          16.632000       5     83.160000  
AOI22X4            slow          46.569599       1     46.569599  
AOI22XL            slow          16.632000       1     16.632000  
AOI31X1            slow          16.632000       5     83.160000  
AOI31X2            slow          29.937599       8    239.500793  
AOI31X4            slow          29.937599       2     59.875198  
AOI32X1            slow          23.284800       2     46.569599  
AOI32X2            slow          36.590401       1     36.590401  
AOI32X4            slow          33.264000       2     66.528000  
AOI33X2            slow          43.243198       2     86.486397  
AOI211X1           slow          16.632000       9    149.688000  
AOI211X2           slow          29.937599       3     89.812798  
AOI221X1           slow          23.284800      13    302.702394  
AOI221X2           slow          39.916801       5    199.584007  
AOI221X4           slow          36.590401       5    182.952003  
AOI221XL           slow          23.284800       1     23.284800  
AOI222X1           slow          26.611200      39   1037.836813  
AOI222X2           slow          46.569599       3    139.708797  
AOI222X4           slow          39.916801       1     39.916801  
BUFX1              slow          13.305600      18    239.500803  
BUFX2              slow          13.305600       1     13.305600  
BUFX3              slow          13.305600      38    505.612806  
BUFX4              slow          16.632000      30    498.959999  
BUFX8              slow          29.937599      22    658.627182  
BUFX12             slow          33.264000      14    465.695999  
BUFX16             slow          43.243198       2     86.486397  
BUFX20             slow          53.222401      14    745.113609  
CLKBUFX8           slow          23.284800       4     93.139198  
CLKBUFXL           slow          13.305600       1     13.305600  
CLKINVX1           slow           9.979200       1      9.979200  
CLKINVX2           slow           9.979200       6     59.875202  
CLKINVX3           slow           9.979200     152   1516.838455  
CLKINVX4           slow          13.305600      25    332.640004  
CLKINVX8           slow          19.958401      39    778.377628  
CLKINVX20          slow          96.465599       1     96.465599  
CLKINVXL           slow           9.979200      25    249.480009  
DLY1X1             slow          19.958401       3     59.875202  
INVX1              slow           6.652800     532   3539.289644  
INVX2              slow           9.979200      40    399.168015  
INVX3              slow          13.305600      10    133.056002  
INVX4              slow          13.305600      93   1237.420815  
INVX8              slow          19.958401      68   1357.171249  
INVX12             slow          43.243198       5    216.215992  
INVX16             slow          56.548801       2    113.097603  
INVXL              slow           6.652800     120    798.336010  
MX2X1              slow          26.611200      86   2288.563229  
MX2X2              slow          29.937599      16    479.001587  
MX2X4              slow          33.264000       9    299.375999  
MX2XL              slow          26.611200       1     26.611200  
MXI2X1             slow          23.284800      78   1816.214367  
MXI2X2             slow          26.611200      93   2474.841631  
MXI2X4             slow          46.569599      36   1676.505569  
MXI2XL             slow          23.284800      54   1257.379177  
NAND2BX1           slow          13.305600       3     39.916800  
NAND2BX2           slow          19.958401       2     39.916801  
NAND2BX4           slow          26.611200      12    319.334404  
NAND2BXL           slow          13.305600       1     13.305600  
NAND2X1            slow           9.979200      34    339.292812  
NAND2X2            slow          16.632000      11    182.952000  
NAND2X4            slow          23.284800      21    488.980791  
NAND2XL            slow           9.979200       6     59.875202  
NAND3BX1           slow          16.632000       1     16.632000  
NAND3BX2           slow          26.611200       3     79.833601  
NAND3BX4           slow          36.590401       4    146.361603  
NAND3X1            slow          13.305600     152   2022.451225  
NAND3X2            slow          23.284800      46   1071.100780  
NAND3X4            slow          33.264000      40   1330.559998  
NAND3XL            slow          13.305600      50    665.280008  
NAND4BBX4          slow          63.201599       2    126.403198  
NAND4BX4           slow          59.875198       4    239.500793  
NAND4X1            slow          16.632000      69   1147.607998  
NAND4X2            slow          29.937599      35   1047.815971  
NAND4X4            slow          56.548801      50   2827.440071  
NAND4XL            slow          16.632000      33    548.855999  
NOR2BX2            slow          19.958401       1     19.958401  
NOR2BX4            slow          26.611200       2     53.222401  
NOR2X1             slow           9.979200      42    419.126415  
NOR2X2             slow          16.632000      15    249.480000  
NOR2X4             slow          23.284800      15    349.271994  
NOR2XL             slow           9.979200       2     19.958401  
NOR3BX1            slow          19.958401       1     19.958401  
NOR3BX4            slow          36.590401       1     36.590401  
NOR3X1             slow          13.305600       1     13.305600  
NOR3X2             slow          23.284800       2     46.569599  
NOR3X4             slow          33.264000       1     33.264000  
NOR4BBX2           slow          36.590401       1     36.590401  
NOR4BX2            slow          33.264000       1     33.264000  
NOR4BX4            slow          59.875198       1     59.875198  
NOR4X2             slow          29.937599       2     59.875198  
NOR4X4             slow          56.548801       2    113.097603  
OAI2BB1X1          slow          16.632000      48    798.335999  
OAI2BB1X2          slow          23.284800      17    395.841593  
OAI2BB1X4          slow          33.264000      28    931.391998  
OAI2BB1XL          slow          16.632000       2     33.264000  
OAI2BB2X1          slow          23.284800       1     23.284800  
OAI2BB2X4          slow          49.896000       1     49.896000  
OAI21X4            slow          36.590401       2     73.180801  
OAI21XL            slow          13.305600       1     13.305600  
OAI22X1            slow          19.958401      21    419.126415  
OAI22X2            slow          29.937599      13    389.188789  
OAI22X4            slow          46.569599       6    279.417595  
OAI22XL            slow          19.958401      16    319.334412  
OAI31X2            slow          29.937599       7    209.563194  
OAI31X4            slow          29.937599       2     59.875198  
OAI32X1            slow          23.284800       1     23.284800  
OAI32X4            slow          33.264000       4    133.056000  
OAI32XL            slow          23.284800       1     23.284800  
OAI33X1            slow          26.611200       1     26.611200  
OAI211X1           slow          19.958401       5     99.792004  
OAI211X2           slow          33.264000       8    266.112000  
OAI211X4           slow          29.937599      16    479.001587  
OAI211XL           slow          19.958401       5     99.792004  
OAI221X1           slow          26.611200       1     26.611200  
OAI221X2           slow          43.243198       1     43.243198  
OAI221X4           slow          36.590401       1     36.590401  
OAI221XL           slow          23.284800       2     46.569599  
OAI222X2           slow          49.896000       3    149.688000  
OAI222X4           slow          39.916801       4    159.667206  
OAI222XL           slow          26.611200       1     26.611200  
OR2X1              slow          13.305600       6     79.833601  
OR2X2              slow          13.305600     266   3539.289644  
OR2X4              slow          19.958401     127   2534.716892  
OR2XL              slow          13.305600      33    439.084805  
OR3X2              slow          19.958401       3     59.875202  
OR3X4              slow          29.937599       1     29.937599  
OR3XL              slow          16.632000       2     33.264000  
OR4X1              slow          19.958401       3     59.875202  
OR4X2              slow          19.958401      55   1097.712040  
OR4X4              slow          36.590401      15    548.856010  
XNOR2X1            slow          26.611200      36    958.003212  
XNOR2X2            slow          36.590401      21    768.398415  
XNOR2X4            slow          56.548801      11    622.036816  
XOR2X1             slow          26.611200     379  10085.644926  
XOR2X2             slow          33.264000     163   5422.031990  
XOR2X4             slow          56.548801      60   3392.928085  
XOR2XL             slow          26.611200      36    958.003212  
-----------------------------------------------------------------------------
Total 152 references                                82804.075960
1
