 
****************************************
Report : timing
        -path full
        -delay max
        -max_paths 10
Design : recam_shared_config_analyzer
Version: W-2024.09-SP2
Date   : Thu Sep 10 03:35:24 2026
****************************************

Operating Conditions: slow   Library: slow
Wire Load Model Mode: top

  Startpoint: config_id_i[2]
              (input port clocked by recam_boundary_clk)
  Endpoint: solution_valid_o
            (output port clocked by recam_boundary_clk)
  Path Group: recam_boundary_clk
  Path Type: max

  Des/Clust/Port     Wire Load Model       Library
  ------------------------------------------------
  recam_shared_config_analyzer
                     tsmc18_wl10           slow

  Point                                    Incr       Path
  -----------------------------------------------------------
  clock recam_boundary_clk (rise edge)     0.00       0.00
  clock network delay (ideal)              0.00       0.00
  input external delay                     0.00       0.00 f
  config_id_i[2] (in)                      0.00       0.00 f
  U5669/Y (INVX8)                          0.19       0.19 r
  U5463/Y (CLKINVX8)                       0.13       0.32 f
  U4614/Y (CLKINVX8)                       0.10       0.42 r
  U4720/Y (NAND3X2)                        0.20       0.62 f
  U5864/Y (OAI2BB1X4)                      0.22       0.84 r
  U5814/Y (INVX8)                          0.12       0.96 f
  U5726/Y (NAND3X4)                        0.16       1.12 r
  U2803/Y (BUFX12)                         0.16       1.29 r
  U5093/Y (INVX4)                          0.06       1.35 f
  U3876/Y (NAND3BX2)                       0.22       1.57 r
  U3173/Y (CLKINVX3)                       0.10       1.67 f
  U5648/Y (OR2X4)                          0.24       1.91 f
  U3304/Y (CLKINVX3)                       0.07       1.98 r
  U5657/Y (OR2X4)                          0.16       2.14 r
  U5826/Y (NAND4X4)                        0.17       2.31 f
  U5780/Y (OR2X4)                          0.26       2.57 f
  U5627/Y (INVX8)                          0.13       2.70 r
  U3535/Y (MX2X1)                          0.45       3.15 r
  U3736/Y (XOR2X1)                         0.50       3.65 r
  U4773/Y (AND3X4)                         0.25       3.91 r
  U4705/Y (NAND4X4)                        0.13       4.04 f
  U5837/Y (OR2X4)                          0.33       4.38 f
  U5836/Y (NAND4X4)                        0.29       4.66 r
  U5250/Y (INVX8)                          0.07       4.73 f
  U5805/Y (OR2X4)                          0.33       5.06 f
  U4798/Y (NAND4X4)                        0.20       5.25 r
  U5560/Y (NAND2X4)                        0.10       5.35 f
  U4794/Y (INVX8)                          0.10       5.46 r
  U3087/Y (NAND4X2)                        0.27       5.73 f
  U4586/Y (NOR2X4)                         0.36       6.09 r
  U4693/Y (MXI2X1)                         0.35       6.44 f
  U4692/Y (INVX4)                          0.15       6.59 r
  U6009/Y (XOR2X2)                         0.28       6.87 r
  U5505/Y (AND3X4)                         0.23       7.09 r
  U5503/Y (NAND4BX4)                       0.16       7.25 f
  U2821/Y (OR2X4)                          0.32       7.58 f
  U4261/Y (INVX1)                          0.27       7.85 r
  U3384/Y (OR2X2)                          0.32       8.16 r
  U4673/Y (NAND2BXL)                       0.18       8.34 f
  U6023/Y (OAI2BB1X4)                      0.24       8.59 f
  U2999/Y (CLKINVXL)                       0.24       8.83 r
  U2998/Y (BUFX8)                          0.20       9.03 r
  U2850/Y (MXI2X2)                         0.22       9.25 f
  U2849/Y (BUFX8)                          0.20       9.45 f
  U4330/Y (XNOR2X2)                        0.38       9.83 r
  U6038/Y (NAND4X1)                        0.21      10.04 f
  U3239/Y (OR4X2)                          0.41      10.45 f
  U5833/Y (NAND4X4)                        0.24      10.69 r
  U4066/Y (INVX4)                          0.14      10.82 f
  U2962/Y (NAND3X4)                        0.21      11.03 r
  U5134/Y (CLKINVX8)                       0.12      11.15 f
  U5444/Y (OR2X4)                          0.29      11.44 f
  U5038/Y (NAND3X4)                        0.16      11.60 r
  U5830/Y (AND2X4)                         0.16      11.77 r
  U5617/Y (OAI31X2)                        0.12      11.89 f
  U2785/Y (CLKINVX4)                       0.11      11.99 r
  U2983/Y (CLKINVX8)                       0.09      12.08 f
  U5378/Y (INVX8)                          0.16      12.24 r
  U6730/Y (NAND4X1)                        0.18      12.41 f
  U4053/Y (OR2X2)                          0.33      12.74 f
  U5682/Y (NAND4X4)                        0.20      12.94 r
  U4137/Y (INVX4)                          0.10      13.04 f
  U5360/Y (OR2X4)                          0.26      13.30 f
  U4641/Y (AND2X4)                         0.21      13.50 f
  U5685/Y (AND4X4)                         0.20      13.70 f
  U5838/Y (NAND4X4)                        0.13      13.84 r
  U5439/Y (BUFX20)                         0.17      14.00 r
  U5689/Y (NAND4X4)                        0.16      14.17 f
  U5777/Y (OR2X4)                          0.31      14.47 f
  U5423/Y (AND2X4)                         0.23      14.70 f
  U5452/Y (NAND4BBX4)                      0.30      15.00 r
  solution_valid_o (out)                   0.00      15.00 r
  data arrival time                                  15.00

  clock recam_boundary_clk (rise edge)    15.00      15.00
  clock network delay (ideal)              0.00      15.00
  output external delay                    0.00      15.00
  data required time                                 15.00
  -----------------------------------------------------------
  data required time                                 15.00
  data arrival time                                 -15.00
  -----------------------------------------------------------
  slack (MET)                                         0.00


  Startpoint: config_id_i[2]
              (input port clocked by recam_boundary_clk)
  Endpoint: repairable_o
            (output port clocked by recam_boundary_clk)
  Path Group: recam_boundary_clk
  Path Type: max

  Des/Clust/Port     Wire Load Model       Library
  ------------------------------------------------
  recam_shared_config_analyzer
                     tsmc18_wl10           slow

  Point                                    Incr       Path
  -----------------------------------------------------------
  clock recam_boundary_clk (rise edge)     0.00       0.00
  clock network delay (ideal)              0.00       0.00
  input external delay                     0.00       0.00 f
  config_id_i[2] (in)                      0.00       0.00 f
  U5669/Y (INVX8)                          0.19       0.19 r
  U5463/Y (CLKINVX8)                       0.13       0.32 f
  U4614/Y (CLKINVX8)                       0.10       0.42 r
  U4720/Y (NAND3X2)                        0.20       0.62 f
  U5864/Y (OAI2BB1X4)                      0.22       0.84 r
  U5814/Y (INVX8)                          0.12       0.96 f
  U5726/Y (NAND3X4)                        0.16       1.12 r
  U2803/Y (BUFX12)                         0.16       1.29 r
  U5093/Y (INVX4)                          0.06       1.35 f
  U3876/Y (NAND3BX2)                       0.22       1.57 r
  U3173/Y (CLKINVX3)                       0.10       1.67 f
  U5648/Y (OR2X4)                          0.24       1.91 f
  U3304/Y (CLKINVX3)                       0.07       1.98 r
  U5657/Y (OR2X4)                          0.16       2.14 r
  U5826/Y (NAND4X4)                        0.17       2.31 f
  U5780/Y (OR2X4)                          0.26       2.57 f
  U5627/Y (INVX8)                          0.13       2.70 r
  U3535/Y (MX2X1)                          0.45       3.15 r
  U3736/Y (XOR2X1)                         0.50       3.65 r
  U4773/Y (AND3X4)                         0.25       3.91 r
  U4705/Y (NAND4X4)                        0.13       4.04 f
  U5837/Y (OR2X4)                          0.33       4.38 f
  U5836/Y (NAND4X4)                        0.29       4.66 r
  U5250/Y (INVX8)                          0.07       4.73 f
  U5805/Y (OR2X4)                          0.33       5.06 f
  U4798/Y (NAND4X4)                        0.20       5.25 r
  U5560/Y (NAND2X4)                        0.10       5.35 f
  U4794/Y (INVX8)                          0.10       5.46 r
  U3087/Y (NAND4X2)                        0.27       5.73 f
  U4586/Y (NOR2X4)                         0.36       6.09 r
  U4693/Y (MXI2X1)                         0.35       6.44 f
  U4692/Y (INVX4)                          0.15       6.59 r
  U6009/Y (XOR2X2)                         0.28       6.87 r
  U5505/Y (AND3X4)                         0.23       7.09 r
  U5503/Y (NAND4BX4)                       0.16       7.25 f
  U2821/Y (OR2X4)                          0.32       7.58 f
  U4261/Y (INVX1)                          0.27       7.85 r
  U3384/Y (OR2X2)                          0.32       8.16 r
  U4673/Y (NAND2BXL)                       0.18       8.34 f
  U6023/Y (OAI2BB1X4)                      0.24       8.59 f
  U2999/Y (CLKINVXL)                       0.24       8.83 r
  U2998/Y (BUFX8)                          0.20       9.03 r
  U2850/Y (MXI2X2)                         0.22       9.25 f
  U2849/Y (BUFX8)                          0.20       9.45 f
  U4330/Y (XNOR2X2)                        0.38       9.83 r
  U6038/Y (NAND4X1)                        0.21      10.04 f
  U3239/Y (OR4X2)                          0.41      10.45 f
  U5833/Y (NAND4X4)                        0.24      10.69 r
  U4066/Y (INVX4)                          0.14      10.82 f
  U2962/Y (NAND3X4)                        0.21      11.03 r
  U5134/Y (CLKINVX8)                       0.12      11.15 f
  U5444/Y (OR2X4)                          0.29      11.44 f
  U5038/Y (NAND3X4)                        0.16      11.60 r
  U5830/Y (AND2X4)                         0.16      11.77 r
  U5617/Y (OAI31X2)                        0.12      11.89 f
  U2785/Y (CLKINVX4)                       0.11      11.99 r
  U2983/Y (CLKINVX8)                       0.09      12.08 f
  U5378/Y (INVX8)                          0.16      12.24 r
  U6730/Y (NAND4X1)                        0.18      12.41 f
  U4053/Y (OR2X2)                          0.33      12.74 f
  U5682/Y (NAND4X4)                        0.20      12.94 r
  U4137/Y (INVX4)                          0.10      13.04 f
  U5360/Y (OR2X4)                          0.26      13.30 f
  U4641/Y (AND2X4)                         0.21      13.50 f
  U5685/Y (AND4X4)                         0.20      13.70 f
  U5838/Y (NAND4X4)                        0.13      13.84 r
  U5439/Y (BUFX20)                         0.17      14.00 r
  U5689/Y (NAND4X4)                        0.16      14.17 f
  U5777/Y (OR2X4)                          0.31      14.47 f
  U5423/Y (AND2X4)                         0.23      14.70 f
  U5452/Y (NAND4BBX4)                      0.30      15.00 r
  repairable_o (out)                       0.00      15.00 r
  data arrival time                                  15.00

  clock recam_boundary_clk (rise edge)    15.00      15.00
  clock network delay (ideal)              0.00      15.00
  output external delay                    0.00      15.00
  data required time                                 15.00
  -----------------------------------------------------------
  data required time                                 15.00
  data arrival time                                 -15.00
  -----------------------------------------------------------
  slack (MET)                                         0.00


  Startpoint: config_id_i[2]
              (input port clocked by recam_boundary_clk)
  Endpoint: pattern_id_o[1]
            (output port clocked by recam_boundary_clk)
  Path Group: recam_boundary_clk
  Path Type: max

  Des/Clust/Port     Wire Load Model       Library
  ------------------------------------------------
  recam_shared_config_analyzer
                     tsmc18_wl10           slow

  Point                                    Incr       Path
  -----------------------------------------------------------
  clock recam_boundary_clk (rise edge)     0.00       0.00
  clock network delay (ideal)              0.00       0.00
  input external delay                     0.00       0.00 f
  config_id_i[2] (in)                      0.00       0.00 f
  U5669/Y (INVX8)                          0.19       0.19 r
  U5463/Y (CLKINVX8)                       0.13       0.32 f
  U4614/Y (CLKINVX8)                       0.10       0.42 r
  U4720/Y (NAND3X2)                        0.20       0.62 f
  U5864/Y (OAI2BB1X4)                      0.22       0.84 r
  U5814/Y (INVX8)                          0.12       0.96 f
  U5726/Y (NAND3X4)                        0.16       1.12 r
  U2803/Y (BUFX12)                         0.16       1.29 r
  U5093/Y (INVX4)                          0.06       1.35 f
  U3876/Y (NAND3BX2)                       0.22       1.57 r
  U3173/Y (CLKINVX3)                       0.10       1.67 f
  U5648/Y (OR2X4)                          0.24       1.91 f
  U3304/Y (CLKINVX3)                       0.07       1.98 r
  U5657/Y (OR2X4)                          0.16       2.14 r
  U5826/Y (NAND4X4)                        0.17       2.31 f
  U5780/Y (OR2X4)                          0.26       2.57 f
  U5627/Y (INVX8)                          0.13       2.70 r
  U3535/Y (MX2X1)                          0.45       3.15 r
  U3736/Y (XOR2X1)                         0.50       3.65 r
  U4773/Y (AND3X4)                         0.25       3.91 r
  U4705/Y (NAND4X4)                        0.13       4.04 f
  U5837/Y (OR2X4)                          0.33       4.38 f
  U4696/Y (NAND3X2)                        0.29       4.66 r
  U5781/Y (XOR2X4)                         0.43       5.09 r
  U4867/Y (INVX8)                          0.06       5.16 f
  U5753/Y (OR2X4)                          0.23       5.39 f
  U5730/Y (AND4X4)                         0.25       5.63 f
  U5835/Y (NAND4X4)                        0.21       5.85 r
  U4239/Y (INVXL)                          0.19       6.03 f
  U5773/Y (OR4X4)                          0.35       6.39 f
  U2899/Y (CLKINVX8)                       0.10       6.49 r
  U4781/Y (MXI2XL)                         0.33       6.82 r
  U2880/Y (BUFX3)                          0.24       7.06 r
  U3156/Y (XOR2X1)                         0.37       7.44 f
  U5399/Y (CLKINVX8)                       0.08       7.52 r
  U3046/Y (NAND3X2)                        0.10       7.62 f
  U5743/Y (OR4X4)                          0.39       8.01 f
  U3772/Y (AOI31X1)                        0.27       8.28 r
  U3771/Y (NOR2X1)                         0.16       8.44 f
  U5862/Y (OAI222X4)                       0.64       9.08 r
  U4573/Y (CLKINVXL)                       0.18       9.26 f
  U5492/Y (OR2X4)                          0.28       9.54 f
  U5521/Y (AOI2BB1X4)                      0.16       9.70 r
  U5520/Y (NAND4X4)                        0.22       9.93 f
  U4817/Y (INVX8)                          0.18      10.10 r
  U4411/Y (MX2X4)                          0.33      10.44 r
  U3890/Y (XOR2X1)                         0.39      10.83 r
  U5491/Y (NAND4X2)                        0.18      11.00 f
  U5421/Y (OR4X4)                          0.44      11.44 f
  U2810/Y (MX2X4)                          0.27      11.72 f
  U6525/Y (OAI31X2)                        0.45      12.17 r
  U5749/Y (INVX4)                          0.13      12.30 f
  U5604/Y (AND3X4)                         0.22      12.52 f
  U4676/Y (NAND2BX4)                       0.18      12.70 f
  U4172/Y (INVX4)                          0.10      12.79 r
  U5034/Y (OR2X4)                          0.17      12.97 r
  U5783/Y (NAND4X4)                        0.20      13.16 f
  U4232/Y (CLKINVX3)                       0.12      13.28 r
  U5678/Y (NAND3X4)                        0.18      13.47 f
  U5049/Y (OR4X4)                          0.46      13.93 f
  U5806/Y (CLKINVX8)                       0.11      14.04 r
  U2978/Y (NAND4X1)                        0.21      14.25 f
  U5370/Y (OR2X4)                          0.32      14.57 f
  U6790/Y (OAI21X4)                        0.16      14.73 r
  U6791/Y (NAND3BX4)                       0.27      15.00 r
  pattern_id_o[1] (out)                    0.00      15.00 r
  data arrival time                                  15.00

  clock recam_boundary_clk (rise edge)    15.00      15.00
  clock network delay (ideal)              0.00      15.00
  output external delay                    0.00      15.00
  data required time                                 15.00
  -----------------------------------------------------------
  data required time                                 15.00
  data arrival time                                 -15.00
  -----------------------------------------------------------
  slack (MET)                                         0.00


  Startpoint: config_id_i[2]
              (input port clocked by recam_boundary_clk)
  Endpoint: pattern_id_o[0]
            (output port clocked by recam_boundary_clk)
  Path Group: recam_boundary_clk
  Path Type: max

  Des/Clust/Port     Wire Load Model       Library
  ------------------------------------------------
  recam_shared_config_analyzer
                     tsmc18_wl10           slow

  Point                                    Incr       Path
  -----------------------------------------------------------
  clock recam_boundary_clk (rise edge)     0.00       0.00
  clock network delay (ideal)              0.00       0.00
  input external delay                     0.00       0.00 f
  config_id_i[2] (in)                      0.00       0.00 f
  U5669/Y (INVX8)                          0.19       0.19 r
  U5141/Y (OR2X2)                          0.31       0.50 r
  U5792/Y (OAI2BB1X4)                      0.09       0.59 f
  U4314/Y (INVX4)                          0.12       0.72 r
  U4383/Y (NOR2X2)                         0.12       0.83 f
  U5872/Y (OR2X4)                          0.37       1.20 f
  U2727/Y (BUFX20)                         0.18       1.38 f
  U2784/Y (OAI22XL)                        0.39       1.76 r
  U2783/Y (BUFX4)                          0.24       2.00 r
  U3832/Y (XOR2X1)                         0.36       2.36 f
  U5575/Y (OR2X4)                          0.26       2.62 f
  U6098/Y (OAI31X2)                        0.30       2.92 r
  U4706/Y (INVX4)                          0.16       3.08 f
  U5591/Y (NAND4X4)                        0.15       3.23 r
  U5771/Y (NAND4X4)                        0.27       3.50 f
  U4768/Y (OR2X4)                          0.30       3.80 f
  U4587/Y (AND4X4)                         0.25       4.04 f
  U5543/Y (NAND4X4)                        0.23       4.27 r
  U5539/Y (NAND4X4)                        0.25       4.52 f
  U4700/Y (INVX8)                          0.15       4.67 r
  U6170/Y (MXI2X2)                         0.29       4.95 r
  U3608/Y (XOR2X2)                         0.45       5.40 r
  U5544/Y (AND2X4)                         0.17       5.57 r
  U3586/Y (NAND4X2)                        0.11       5.68 f
  U5748/Y (OAI31X4)                        0.57       6.25 r
  U5602/Y (INVX8)                          0.07       6.32 f
  U5416/Y (NAND3X2)                        0.16       6.47 r
  U5747/Y (AOI31X2)                        0.15       6.63 f
  U6198/Y (OAI211X2)                       0.28       6.91 r
  U4772/Y (NAND4X2)                        0.18       7.08 f
  U5732/Y (OR2X4)                          0.27       7.35 f
  U4565/Y (INVX1)                          0.23       7.58 r
  U5376/Y (OAI222X4)                       0.52       8.11 f
  U5626/Y (INVX8)                          0.10       8.21 r
  U5390/Y (OR2X4)                          0.25       8.46 r
  U3202/Y (CLKINVX2)                       0.12       8.58 f
  U5795/Y (OR2X4)                          0.30       8.88 f
  U5794/Y (NAND3X4)                        0.24       9.12 r
  U5481/Y (NAND4X4)                        0.21       9.34 f
  U4983/Y (CLKINVX8)                       0.08       9.42 r
  U5163/Y (NAND4X2)                        0.15       9.57 f
  U5770/Y (OR2X4)                          0.29       9.85 f
  U5725/Y (CLKINVX8)                       0.17      10.02 r
  U3858/Y (MX2X1)                          0.49      10.51 r
  U3960/Y (XOR2X1)                         0.40      10.91 r
  U2833/Y (NAND3X1)                        0.19      11.10 f
  U5791/Y (OR4X4)                          0.43      11.53 f
  U5442/Y (NAND3X4)                        0.28      11.81 r
  U5766/Y (OAI2BB1X4)                      0.15      11.96 f
  U4044/Y (INVX1)                          0.26      12.22 r
  U6726/Y (OR2X2)                          0.21      12.43 r
  U6727/Y (AND4X2)                         0.34      12.77 r
  U5682/Y (NAND4X4)                        0.17      12.94 f
  U4137/Y (INVX4)                          0.16      13.09 r
  U5029/Y (OR2X4)                          0.18      13.27 r
  U6766/Y (CLKINVX3)                       0.08      13.34 f
  U2919/Y (OR2X4)                          0.21      13.56 f
  U6778/Y (OAI31X2)                        0.41      13.97 r
  U5839/Y (OR2X4)                          0.33      14.30 r
  U5813/Y (OR2X4)                          0.21      14.51 r
  U5377/Y (NAND3X1)                        0.17      14.69 f
  U6789/Y (NAND3BX4)                       0.31      15.00 f
  pattern_id_o[0] (out)                    0.00      15.00 f
  data arrival time                                  15.00

  clock recam_boundary_clk (rise edge)    15.00      15.00
  clock network delay (ideal)              0.00      15.00
  output external delay                    0.00      15.00
  data required time                                 15.00
  -----------------------------------------------------------
  data required time                                 15.00
  data arrival time                                 -15.00
  -----------------------------------------------------------
  slack (MET)                                         0.00


  Startpoint: config_id_i[2]
              (input port clocked by recam_boundary_clk)
  Endpoint: pattern_id_o[3]
            (output port clocked by recam_boundary_clk)
  Path Group: recam_boundary_clk
  Path Type: max

  Des/Clust/Port     Wire Load Model       Library
  ------------------------------------------------
  recam_shared_config_analyzer
                     tsmc18_wl10           slow

  Point                                    Incr       Path
  -----------------------------------------------------------
  clock recam_boundary_clk (rise edge)     0.00       0.00
  clock network delay (ideal)              0.00       0.00
  input external delay                     0.00       0.00 f
  config_id_i[2] (in)                      0.00       0.00 f
  U5669/Y (INVX8)                          0.19       0.19 r
  U5463/Y (CLKINVX8)                       0.13       0.32 f
  U4614/Y (CLKINVX8)                       0.10       0.42 r
  U4720/Y (NAND3X2)                        0.20       0.62 f
  U5864/Y (OAI2BB1X4)                      0.22       0.84 r
  U5814/Y (INVX8)                          0.12       0.96 f
  U5726/Y (NAND3X4)                        0.16       1.12 r
  U2803/Y (BUFX12)                         0.16       1.29 r
  U5093/Y (INVX4)                          0.06       1.35 f
  U3876/Y (NAND3BX2)                       0.22       1.57 r
  U3173/Y (CLKINVX3)                       0.10       1.67 f
  U5648/Y (OR2X4)                          0.24       1.91 f
  U3304/Y (CLKINVX3)                       0.07       1.98 r
  U5657/Y (OR2X4)                          0.16       2.14 r
  U5826/Y (NAND4X4)                        0.17       2.31 f
  U5780/Y (OR2X4)                          0.26       2.57 f
  U5627/Y (INVX8)                          0.13       2.70 r
  U3535/Y (MX2X1)                          0.45       3.15 r
  U3736/Y (XOR2X1)                         0.50       3.65 r
  U4773/Y (AND3X4)                         0.25       3.91 r
  U4705/Y (NAND4X4)                        0.13       4.04 f
  U5837/Y (OR2X4)                          0.33       4.38 f
  U5836/Y (NAND4X4)                        0.29       4.66 r
  U5250/Y (INVX8)                          0.07       4.73 f
  U5805/Y (OR2X4)                          0.33       5.06 f
  U4798/Y (NAND4X4)                        0.20       5.25 r
  U5560/Y (NAND2X4)                        0.10       5.35 f
  U4794/Y (INVX8)                          0.10       5.46 r
  U3087/Y (NAND4X2)                        0.27       5.73 f
  U4586/Y (NOR2X4)                         0.36       6.09 r
  U4693/Y (MXI2X1)                         0.35       6.44 f
  U4692/Y (INVX4)                          0.15       6.59 r
  U6009/Y (XOR2X2)                         0.28       6.87 r
  U5505/Y (AND3X4)                         0.23       7.09 r
  U5503/Y (NAND4BX4)                       0.16       7.25 f
  U2821/Y (OR2X4)                          0.32       7.58 f
  U4261/Y (INVX1)                          0.27       7.85 r
  U3384/Y (OR2X2)                          0.32       8.16 r
  U4673/Y (NAND2BXL)                       0.18       8.34 f
  U6023/Y (OAI2BB1X4)                      0.24       8.59 f
  U2999/Y (CLKINVXL)                       0.24       8.83 r
  U2998/Y (BUFX8)                          0.20       9.03 r
  U2850/Y (MXI2X2)                         0.22       9.25 f
  U2849/Y (BUFX8)                          0.20       9.45 f
  U4330/Y (XNOR2X2)                        0.38       9.83 r
  U6038/Y (NAND4X1)                        0.21      10.04 f
  U3239/Y (OR4X2)                          0.41      10.45 f
  U5833/Y (NAND4X4)                        0.24      10.69 r
  U4066/Y (INVX4)                          0.14      10.82 f
  U2962/Y (NAND3X4)                        0.21      11.03 r
  U5134/Y (CLKINVX8)                       0.12      11.15 f
  U5444/Y (OR2X4)                          0.29      11.44 f
  U5038/Y (NAND3X4)                        0.16      11.60 r
  U5830/Y (AND2X4)                         0.16      11.77 r
  U5617/Y (OAI31X2)                        0.12      11.89 f
  U2785/Y (CLKINVX4)                       0.11      11.99 r
  U2983/Y (CLKINVX8)                       0.09      12.08 f
  U5378/Y (INVX8)                          0.16      12.24 r
  U6730/Y (NAND4X1)                        0.18      12.41 f
  U4053/Y (OR2X2)                          0.33      12.74 f
  U5682/Y (NAND4X4)                        0.20      12.94 r
  U4137/Y (INVX4)                          0.10      13.04 f
  U5360/Y (OR2X4)                          0.26      13.30 f
  U4641/Y (AND2X4)                         0.21      13.50 f
  U5685/Y (AND4X4)                         0.20      13.70 f
  U5838/Y (NAND4X4)                        0.13      13.84 r
  U5439/Y (BUFX20)                         0.17      14.00 r
  U5068/Y (CLKINVX8)                       0.11      14.12 f
  U5451/Y (NAND3X1)                        0.32      14.43 r
  U5142/Y (NAND4X2)                        0.21      14.65 f
  U5673/Y (OAI22X4)                        0.34      14.98 r
  pattern_id_o[3] (out)                    0.00      14.98 r
  data arrival time                                  14.98

  clock recam_boundary_clk (rise edge)    15.00      15.00
  clock network delay (ideal)              0.00      15.00
  output external delay                    0.00      15.00
  data required time                                 15.00
  -----------------------------------------------------------
  data required time                                 15.00
  data arrival time                                 -14.98
  -----------------------------------------------------------
  slack (MET)                                         0.02


  Startpoint: config_id_i[2]
              (input port clocked by recam_boundary_clk)
  Endpoint: pattern_id_o[2]
            (output port clocked by recam_boundary_clk)
  Path Group: recam_boundary_clk
  Path Type: max

  Des/Clust/Port     Wire Load Model       Library
  ------------------------------------------------
  recam_shared_config_analyzer
                     tsmc18_wl10           slow

  Point                                    Incr       Path
  -----------------------------------------------------------
  clock recam_boundary_clk (rise edge)     0.00       0.00
  clock network delay (ideal)              0.00       0.00
  input external delay                     0.00       0.00 f
  config_id_i[2] (in)                      0.00       0.00 f
  U5669/Y (INVX8)                          0.19       0.19 r
  U5463/Y (CLKINVX8)                       0.13       0.32 f
  U4614/Y (CLKINVX8)                       0.10       0.42 r
  U4720/Y (NAND3X2)                        0.20       0.62 f
  U5864/Y (OAI2BB1X4)                      0.22       0.84 r
  U5814/Y (INVX8)                          0.12       0.96 f
  U5726/Y (NAND3X4)                        0.16       1.12 r
  U2803/Y (BUFX12)                         0.16       1.29 r
  U5093/Y (INVX4)                          0.06       1.35 f
  U3876/Y (NAND3BX2)                       0.22       1.57 r
  U3173/Y (CLKINVX3)                       0.10       1.67 f
  U5648/Y (OR2X4)                          0.24       1.91 f
  U3304/Y (CLKINVX3)                       0.07       1.98 r
  U5657/Y (OR2X4)                          0.16       2.14 r
  U5826/Y (NAND4X4)                        0.17       2.31 f
  U5780/Y (OR2X4)                          0.26       2.57 f
  U5627/Y (INVX8)                          0.13       2.70 r
  U3535/Y (MX2X1)                          0.45       3.15 r
  U3736/Y (XOR2X1)                         0.50       3.65 r
  U4773/Y (AND3X4)                         0.25       3.91 r
  U4705/Y (NAND4X4)                        0.13       4.04 f
  U5837/Y (OR2X4)                          0.33       4.38 f
  U5836/Y (NAND4X4)                        0.29       4.66 r
  U5250/Y (INVX8)                          0.07       4.73 f
  U5805/Y (OR2X4)                          0.33       5.06 f
  U4798/Y (NAND4X4)                        0.20       5.25 r
  U5560/Y (NAND2X4)                        0.10       5.35 f
  U4794/Y (INVX8)                          0.10       5.46 r
  U3087/Y (NAND4X2)                        0.27       5.73 f
  U4586/Y (NOR2X4)                         0.36       6.09 r
  U4693/Y (MXI2X1)                         0.35       6.44 f
  U4692/Y (INVX4)                          0.15       6.59 r
  U6009/Y (XOR2X2)                         0.28       6.87 r
  U5505/Y (AND3X4)                         0.23       7.09 r
  U5503/Y (NAND4BX4)                       0.16       7.25 f
  U2821/Y (OR2X4)                          0.32       7.58 f
  U4261/Y (INVX1)                          0.27       7.85 r
  U3384/Y (OR2X2)                          0.32       8.16 r
  U4673/Y (NAND2BXL)                       0.18       8.34 f
  U6023/Y (OAI2BB1X4)                      0.24       8.59 f
  U2999/Y (CLKINVXL)                       0.24       8.83 r
  U2998/Y (BUFX8)                          0.20       9.03 r
  U2850/Y (MXI2X2)                         0.22       9.25 f
  U2849/Y (BUFX8)                          0.20       9.45 f
  U4330/Y (XNOR2X2)                        0.38       9.83 r
  U6038/Y (NAND4X1)                        0.21      10.04 f
  U3239/Y (OR4X2)                          0.41      10.45 f
  U5833/Y (NAND4X4)                        0.24      10.69 r
  U4066/Y (INVX4)                          0.14      10.82 f
  U2962/Y (NAND3X4)                        0.21      11.03 r
  U5134/Y (CLKINVX8)                       0.12      11.15 f
  U5444/Y (OR2X4)                          0.29      11.44 f
  U5038/Y (NAND3X4)                        0.16      11.60 r
  U5830/Y (AND2X4)                         0.16      11.77 r
  U5617/Y (OAI31X2)                        0.12      11.89 f
  U2785/Y (CLKINVX4)                       0.11      11.99 r
  U2983/Y (CLKINVX8)                       0.09      12.08 f
  U5378/Y (INVX8)                          0.16      12.24 r
  U6730/Y (NAND4X1)                        0.18      12.41 f
  U4053/Y (OR2X2)                          0.33      12.74 f
  U5682/Y (NAND4X4)                        0.20      12.94 r
  U4137/Y (INVX4)                          0.10      13.04 f
  U5360/Y (OR2X4)                          0.26      13.30 f
  U4641/Y (AND2X4)                         0.21      13.50 f
  U5685/Y (AND4X4)                         0.20      13.70 f
  U5838/Y (NAND4X4)                        0.13      13.84 r
  U5439/Y (BUFX20)                         0.17      14.00 r
  U5689/Y (NAND4X4)                        0.16      14.17 f
  U5777/Y (OR2X4)                          0.31      14.47 f
  U5483/Y (NAND4X1)                        0.51      14.98 r
  pattern_id_o[2] (out)                    0.00      14.98 r
  data arrival time                                  14.98

  clock recam_boundary_clk (rise edge)    15.00      15.00
  clock network delay (ideal)              0.00      15.00
  output external delay                    0.00      15.00
  data required time                                 15.00
  -----------------------------------------------------------
  data required time                                 15.00
  data arrival time                                 -14.98
  -----------------------------------------------------------
  slack (MET)                                         0.02


  Startpoint: config_id_i[2]
              (input port clocked by recam_boundary_clk)
  Endpoint: candidate_valid_o[8]
            (output port clocked by recam_boundary_clk)
  Path Group: recam_boundary_clk
  Path Type: max

  Des/Clust/Port     Wire Load Model       Library
  ------------------------------------------------
  recam_shared_config_analyzer
                     tsmc18_wl10           slow

  Point                                    Incr       Path
  -----------------------------------------------------------
  clock recam_boundary_clk (rise edge)     0.00       0.00
  clock network delay (ideal)              0.00       0.00
  input external delay                     0.00       0.00 f
  config_id_i[2] (in)                      0.00       0.00 f
  U5669/Y (INVX8)                          0.19       0.19 r
  U5141/Y (OR2X2)                          0.31       0.50 r
  U5792/Y (OAI2BB1X4)                      0.09       0.59 f
  U4314/Y (INVX4)                          0.12       0.72 r
  U4383/Y (NOR2X2)                         0.12       0.83 f
  U5872/Y (OR2X4)                          0.37       1.20 f
  U2727/Y (BUFX20)                         0.18       1.38 f
  U2784/Y (OAI22XL)                        0.39       1.76 r
  U2783/Y (BUFX4)                          0.24       2.00 r
  U3832/Y (XOR2X1)                         0.36       2.36 f
  U5575/Y (OR2X4)                          0.26       2.62 f
  U6098/Y (OAI31X2)                        0.30       2.92 r
  U4706/Y (INVX4)                          0.16       3.08 f
  U5591/Y (NAND4X4)                        0.15       3.23 r
  U5771/Y (NAND4X4)                        0.27       3.50 f
  U4768/Y (OR2X4)                          0.30       3.80 f
  U4587/Y (AND4X4)                         0.25       4.04 f
  U5543/Y (NAND4X4)                        0.23       4.27 r
  U5539/Y (NAND4X4)                        0.25       4.52 f
  U4700/Y (INVX8)                          0.15       4.67 r
  U6170/Y (MXI2X2)                         0.29       4.95 r
  U3608/Y (XOR2X2)                         0.45       5.40 r
  U5544/Y (AND2X4)                         0.17       5.57 r
  U3586/Y (NAND4X2)                        0.11       5.68 f
  U5748/Y (OAI31X4)                        0.57       6.25 r
  U5602/Y (INVX8)                          0.07       6.32 f
  U5416/Y (NAND3X2)                        0.16       6.47 r
  U5747/Y (AOI31X2)                        0.15       6.63 f
  U6198/Y (OAI211X2)                       0.28       6.91 r
  U4772/Y (NAND4X2)                        0.18       7.08 f
  U5732/Y (OR2X4)                          0.27       7.35 f
  U4565/Y (INVX1)                          0.23       7.58 r
  U5376/Y (OAI222X4)                       0.52       8.11 f
  U5626/Y (INVX8)                          0.10       8.21 r
  U5390/Y (OR2X4)                          0.25       8.46 r
  U3202/Y (CLKINVX2)                       0.12       8.58 f
  U5795/Y (OR2X4)                          0.30       8.88 f
  U5794/Y (NAND3X4)                        0.24       9.12 r
  U5481/Y (NAND4X4)                        0.21       9.34 f
  U4983/Y (CLKINVX8)                       0.08       9.42 r
  U5163/Y (NAND4X2)                        0.15       9.57 f
  U5770/Y (OR2X4)                          0.29       9.85 f
  U5725/Y (CLKINVX8)                       0.17      10.02 r
  U3858/Y (MX2X1)                          0.49      10.51 r
  U3960/Y (XOR2X1)                         0.40      10.91 r
  U2833/Y (NAND3X1)                        0.19      11.10 f
  U5791/Y (OR4X4)                          0.43      11.53 f
  U5442/Y (NAND3X4)                        0.28      11.81 r
  U5064/Y (OAI2BB1X4)                      0.14      11.95 f
  U6651/Y (CLKINVX3)                       0.09      12.04 r
  U5084/Y (OR2X4)                          0.13      12.16 r
  U4387/Y (AND3X2)                         0.23      12.40 r
  U5083/Y (AND2X4)                         0.19      12.59 r
  U5668/Y (OAI2BB1X4)                      0.08      12.67 f
  U4128/Y (INVX4)                          0.09      12.76 r
  U4667/Y (CLKINVXL)                       0.17      12.93 f
  U3293/Y (INVX2)                          0.26      13.19 r
  U4661/Y (NAND2X2)                        0.15      13.34 f
  U5130/Y (INVX2)                          0.13      13.47 r
  U5129/Y (NAND4X2)                        0.13      13.59 f
  U5128/Y (OR2X4)                          0.30      13.89 f
  U4238/Y (INVX1)                          0.64      14.53 r
  candidate_valid_o[8] (out)               0.00      14.53 r
  data arrival time                                  14.53

  clock recam_boundary_clk (rise edge)    15.00      15.00
  clock network delay (ideal)              0.00      15.00
  output external delay                    0.00      15.00
  data required time                                 15.00
  -----------------------------------------------------------
  data required time                                 15.00
  data arrival time                                 -14.53
  -----------------------------------------------------------
  slack (MET)                                         0.47


  Startpoint: config_id_i[2]
              (input port clocked by recam_boundary_clk)
  Endpoint: candidate_valid_o[4]
            (output port clocked by recam_boundary_clk)
  Path Group: recam_boundary_clk
  Path Type: max

  Des/Clust/Port     Wire Load Model       Library
  ------------------------------------------------
  recam_shared_config_analyzer
                     tsmc18_wl10           slow

  Point                                    Incr       Path
  -----------------------------------------------------------
  clock recam_boundary_clk (rise edge)     0.00       0.00
  clock network delay (ideal)              0.00       0.00
  input external delay                     0.00       0.00 f
  config_id_i[2] (in)                      0.00       0.00 f
  U5669/Y (INVX8)                          0.19       0.19 r
  U5141/Y (OR2X2)                          0.31       0.50 r
  U5792/Y (OAI2BB1X4)                      0.09       0.59 f
  U4314/Y (INVX4)                          0.12       0.72 r
  U4383/Y (NOR2X2)                         0.12       0.83 f
  U5872/Y (OR2X4)                          0.37       1.20 f
  U2727/Y (BUFX20)                         0.18       1.38 f
  U2784/Y (OAI22XL)                        0.39       1.76 r
  U2783/Y (BUFX4)                          0.24       2.00 r
  U3832/Y (XOR2X1)                         0.36       2.36 f
  U5575/Y (OR2X4)                          0.26       2.62 f
  U6098/Y (OAI31X2)                        0.30       2.92 r
  U4706/Y (INVX4)                          0.16       3.08 f
  U5591/Y (NAND4X4)                        0.15       3.23 r
  U5771/Y (NAND4X4)                        0.27       3.50 f
  U4768/Y (OR2X4)                          0.30       3.80 f
  U4587/Y (AND4X4)                         0.25       4.04 f
  U5543/Y (NAND4X4)                        0.23       4.27 r
  U5539/Y (NAND4X4)                        0.25       4.52 f
  U4700/Y (INVX8)                          0.15       4.67 r
  U6170/Y (MXI2X2)                         0.29       4.95 r
  U3608/Y (XOR2X2)                         0.45       5.40 r
  U5544/Y (AND2X4)                         0.17       5.57 r
  U3586/Y (NAND4X2)                        0.11       5.68 f
  U5748/Y (OAI31X4)                        0.57       6.25 r
  U5602/Y (INVX8)                          0.07       6.32 f
  U5416/Y (NAND3X2)                        0.16       6.47 r
  U5747/Y (AOI31X2)                        0.15       6.63 f
  U6198/Y (OAI211X2)                       0.28       6.91 r
  U4772/Y (NAND4X2)                        0.18       7.08 f
  U5732/Y (OR2X4)                          0.27       7.35 f
  U4565/Y (INVX1)                          0.23       7.58 r
  U5376/Y (OAI222X4)                       0.52       8.11 f
  U5626/Y (INVX8)                          0.10       8.21 r
  U5390/Y (OR2X4)                          0.25       8.46 r
  U3202/Y (CLKINVX2)                       0.12       8.58 f
  U5795/Y (OR2X4)                          0.30       8.88 f
  U5794/Y (NAND3X4)                        0.24       9.12 r
  U5481/Y (NAND4X4)                        0.21       9.34 f
  U4983/Y (CLKINVX8)                       0.08       9.42 r
  U5163/Y (NAND4X2)                        0.15       9.57 f
  U5770/Y (OR2X4)                          0.29       9.85 f
  U5725/Y (CLKINVX8)                       0.17      10.02 r
  U3858/Y (MX2X1)                          0.49      10.51 r
  U3260/Y (XOR2X1)                         0.46      10.98 r
  U5724/Y (NAND3X4)                        0.14      11.11 f
  U5509/Y (NOR4X4)                         0.30      11.41 r
  U2969/Y (MX2X4)                          0.26      11.67 r
  U2968/Y (NAND3X2)                        0.13      11.80 f
  U5432/Y (NAND3X4)                        0.20      11.99 r
  U4895/Y (INVX1)                          0.13      12.13 f
  U5632/Y (NAND3X2)                        0.21      12.34 r
  U4657/Y (INVX2)                          0.09      12.43 f
  U4556/Y (AOI2BB1X2)                      0.16      12.59 r
  U4403/Y (AND3X2)                         0.29      12.88 r
  U4670/Y (NAND2X4)                        0.10      12.97 f
  U5028/Y (INVX8)                          0.11      13.08 r
  U5671/Y (OR2X4)                          0.20      13.28 r
  U6786/Y (AND4X2)                         0.31      13.59 r
  U5511/Y (OAI2BB1X4)                      0.11      13.70 f
  U5807/Y (OR2X4)                          0.30      14.00 f
  U4237/Y (INVX1)                          0.46      14.46 r
  candidate_valid_o[4] (out)               0.00      14.46 r
  data arrival time                                  14.46

  clock recam_boundary_clk (rise edge)    15.00      15.00
  clock network delay (ideal)              0.00      15.00
  output external delay                    0.00      15.00
  data required time                                 15.00
  -----------------------------------------------------------
  data required time                                 15.00
  data arrival time                                 -14.46
  -----------------------------------------------------------
  slack (MET)                                         0.54


  Startpoint: config_id_i[2]
              (input port clocked by recam_boundary_clk)
  Endpoint: candidate_valid_o[5]
            (output port clocked by recam_boundary_clk)
  Path Group: recam_boundary_clk
  Path Type: max

  Des/Clust/Port     Wire Load Model       Library
  ------------------------------------------------
  recam_shared_config_analyzer
                     tsmc18_wl10           slow

  Point                                    Incr       Path
  -----------------------------------------------------------
  clock recam_boundary_clk (rise edge)     0.00       0.00
  clock network delay (ideal)              0.00       0.00
  input external delay                     0.00       0.00 f
  config_id_i[2] (in)                      0.00       0.00 f
  U5669/Y (INVX8)                          0.19       0.19 r
  U5141/Y (OR2X2)                          0.31       0.50 r
  U5792/Y (OAI2BB1X4)                      0.09       0.59 f
  U4314/Y (INVX4)                          0.12       0.72 r
  U4383/Y (NOR2X2)                         0.12       0.83 f
  U5872/Y (OR2X4)                          0.37       1.20 f
  U2727/Y (BUFX20)                         0.18       1.38 f
  U2784/Y (OAI22XL)                        0.39       1.76 r
  U2783/Y (BUFX4)                          0.24       2.00 r
  U3832/Y (XOR2X1)                         0.36       2.36 f
  U5575/Y (OR2X4)                          0.26       2.62 f
  U6098/Y (OAI31X2)                        0.30       2.92 r
  U4706/Y (INVX4)                          0.16       3.08 f
  U5591/Y (NAND4X4)                        0.15       3.23 r
  U5771/Y (NAND4X4)                        0.27       3.50 f
  U4768/Y (OR2X4)                          0.30       3.80 f
  U4587/Y (AND4X4)                         0.25       4.04 f
  U5543/Y (NAND4X4)                        0.23       4.27 r
  U5539/Y (NAND4X4)                        0.25       4.52 f
  U4700/Y (INVX8)                          0.15       4.67 r
  U6170/Y (MXI2X2)                         0.29       4.95 r
  U3608/Y (XOR2X2)                         0.45       5.40 r
  U5544/Y (AND2X4)                         0.17       5.57 r
  U3586/Y (NAND4X2)                        0.11       5.68 f
  U5748/Y (OAI31X4)                        0.57       6.25 r
  U5602/Y (INVX8)                          0.07       6.32 f
  U5416/Y (NAND3X2)                        0.16       6.47 r
  U5747/Y (AOI31X2)                        0.15       6.63 f
  U6198/Y (OAI211X2)                       0.28       6.91 r
  U4772/Y (NAND4X2)                        0.18       7.08 f
  U5732/Y (OR2X4)                          0.27       7.35 f
  U4565/Y (INVX1)                          0.23       7.58 r
  U5376/Y (OAI222X4)                       0.52       8.11 f
  U5626/Y (INVX8)                          0.10       8.21 r
  U5390/Y (OR2X4)                          0.25       8.46 r
  U3202/Y (CLKINVX2)                       0.12       8.58 f
  U5795/Y (OR2X4)                          0.30       8.88 f
  U5794/Y (NAND3X4)                        0.24       9.12 r
  U5481/Y (NAND4X4)                        0.21       9.34 f
  U4983/Y (CLKINVX8)                       0.08       9.42 r
  U5163/Y (NAND4X2)                        0.15       9.57 f
  U5770/Y (OR2X4)                          0.29       9.85 f
  U5725/Y (CLKINVX8)                       0.17      10.02 r
  U3858/Y (MX2X1)                          0.49      10.51 r
  U3960/Y (XOR2X1)                         0.40      10.91 r
  U2833/Y (NAND3X1)                        0.19      11.10 f
  U5791/Y (OR4X4)                          0.43      11.53 f
  U6496/Y (OAI2BB1X2)                      0.30      11.83 r
  U4898/Y (INVX8)                          0.09      11.91 f
  U4008/Y (NAND3X2)                        0.21      12.12 r
  U6498/Y (OR2X2)                          0.25      12.37 r
  U5690/Y (NAND4X4)                        0.16      12.53 f
  U4214/Y (INVX1)                          0.21      12.74 r
  U5477/Y (NAND4X2)                        0.32      13.05 f
  U4649/Y (MXI2X1)                         0.41      13.46 r
  U6787/Y (NAND2X4)                        0.11      13.57 f
  U4229/Y (INVX1)                          0.26      13.83 r
  U4886/Y (AND2X1)                         0.60      14.43 r
  candidate_valid_o[5] (out)               0.00      14.43 r
  data arrival time                                  14.43

  clock recam_boundary_clk (rise edge)    15.00      15.00
  clock network delay (ideal)              0.00      15.00
  output external delay                    0.00      15.00
  data required time                                 15.00
  -----------------------------------------------------------
  data required time                                 15.00
  data arrival time                                 -14.43
  -----------------------------------------------------------
  slack (MET)                                         0.57


  Startpoint: config_id_i[2]
              (input port clocked by recam_boundary_clk)
  Endpoint: candidate_valid_o[2]
            (output port clocked by recam_boundary_clk)
  Path Group: recam_boundary_clk
  Path Type: max

  Des/Clust/Port     Wire Load Model       Library
  ------------------------------------------------
  recam_shared_config_analyzer
                     tsmc18_wl10           slow

  Point                                    Incr       Path
  -----------------------------------------------------------
  clock recam_boundary_clk (rise edge)     0.00       0.00
  clock network delay (ideal)              0.00       0.00
  input external delay                     0.00       0.00 f
  config_id_i[2] (in)                      0.00       0.00 f
  U5669/Y (INVX8)                          0.19       0.19 r
  U5141/Y (OR2X2)                          0.31       0.50 r
  U5792/Y (OAI2BB1X4)                      0.09       0.59 f
  U4314/Y (INVX4)                          0.12       0.72 r
  U4383/Y (NOR2X2)                         0.12       0.83 f
  U5872/Y (OR2X4)                          0.37       1.20 f
  U2727/Y (BUFX20)                         0.18       1.38 f
  U2784/Y (OAI22XL)                        0.39       1.76 r
  U2783/Y (BUFX4)                          0.24       2.00 r
  U3832/Y (XOR2X1)                         0.36       2.36 f
  U5575/Y (OR2X4)                          0.26       2.62 f
  U6098/Y (OAI31X2)                        0.30       2.92 r
  U4706/Y (INVX4)                          0.16       3.08 f
  U5591/Y (NAND4X4)                        0.15       3.23 r
  U5771/Y (NAND4X4)                        0.27       3.50 f
  U4768/Y (OR2X4)                          0.30       3.80 f
  U4587/Y (AND4X4)                         0.25       4.04 f
  U5543/Y (NAND4X4)                        0.23       4.27 r
  U5539/Y (NAND4X4)                        0.25       4.52 f
  U4700/Y (INVX8)                          0.15       4.67 r
  U6170/Y (MXI2X2)                         0.29       4.95 r
  U3608/Y (XOR2X2)                         0.45       5.40 r
  U5544/Y (AND2X4)                         0.17       5.57 r
  U3586/Y (NAND4X2)                        0.11       5.68 f
  U5748/Y (OAI31X4)                        0.57       6.25 r
  U5602/Y (INVX8)                          0.07       6.32 f
  U5416/Y (NAND3X2)                        0.16       6.47 r
  U5747/Y (AOI31X2)                        0.15       6.63 f
  U6198/Y (OAI211X2)                       0.28       6.91 r
  U4772/Y (NAND4X2)                        0.18       7.08 f
  U5732/Y (OR2X4)                          0.27       7.35 f
  U4565/Y (INVX1)                          0.23       7.58 r
  U5376/Y (OAI222X4)                       0.52       8.11 f
  U5626/Y (INVX8)                          0.10       8.21 r
  U5390/Y (OR2X4)                          0.25       8.46 r
  U3202/Y (CLKINVX2)                       0.12       8.58 f
  U5795/Y (OR2X4)                          0.30       8.88 f
  U5794/Y (NAND3X4)                        0.24       9.12 r
  U5481/Y (NAND4X4)                        0.21       9.34 f
  U4983/Y (CLKINVX8)                       0.08       9.42 r
  U5163/Y (NAND4X2)                        0.15       9.57 f
  U5770/Y (OR2X4)                          0.29       9.85 f
  U5725/Y (CLKINVX8)                       0.17      10.02 r
  U3858/Y (MX2X1)                          0.49      10.51 r
  U3960/Y (XOR2X1)                         0.40      10.91 r
  U2833/Y (NAND3X1)                        0.19      11.10 f
  U5791/Y (OR4X4)                          0.43      11.53 f
  U5442/Y (NAND3X4)                        0.28      11.81 r
  U5064/Y (OAI2BB1X4)                      0.14      11.95 f
  U6651/Y (CLKINVX3)                       0.09      12.04 r
  U5084/Y (OR2X4)                          0.13      12.16 r
  U4387/Y (AND3X2)                         0.23      12.40 r
  U5083/Y (AND2X4)                         0.19      12.59 r
  U4671/Y (OAI32X4)                        0.33      12.92 f
  U3080/Y (NOR4BBX2)                       0.34      13.26 r
  U5664/Y (AND4X4)                         0.28      13.54 r
  U5692/Y (NAND4X4)                        0.23      13.77 f
  U4236/Y (INVX1)                          0.53      14.30 r
  candidate_valid_o[2] (out)               0.00      14.30 r
  data arrival time                                  14.30

  clock recam_boundary_clk (rise edge)    15.00      15.00
  clock network delay (ideal)              0.00      15.00
  output external delay                    0.00      15.00
  data required time                                 15.00
  -----------------------------------------------------------
  data required time                                 15.00
  data arrival time                                 -14.30
  -----------------------------------------------------------
  slack (MET)                                         0.70


1
