 
****************************************
Report : cell
Design : recam_dss_grid2x2_directional_rs2_cs2_m1_hyp02_early_noscratch_top
Version: W-2024.09-SP2
Date   : Thu Sep 24 06:45:19 2026
****************************************

Attributes:
    b - black box (unknown)
    h - hierarchical
    n - noncombinational
    p - parameterized
    r - removable
    u - contains unmapped logic

Cell                      Reference       Library             Area  Attributes
--------------------------------------------------------------------------------
U2                        DLY1X1          slow            19.958401 
U3                        BUFX8           slow            29.937599 
U4                        AND2X4          slow            16.632000 
U5                        DLY1X1          slow            19.958401 
U6                        BUFX20          slow            53.222401 
analyzer                  recam_shared_config_analyzer_ROW_ADDR_W9_PHYS_COL_ADDR_W13_WORD_COL_ADDR_W5_HYBRID_LINE_ADDR_W13_HYBRID_ENTRIES7
                                                          99479.319224
                                                                    h, p
core                      recam_dss_grid2x2_directional_rs2_cs2_m1_hyp02_early_noscratch_core
                                                          4843.238460
                                                                    h, n
selected_address_regs     dss_early_selected_address_regs_ROW_ADDR_W9_PHYS_COL_ADDR_W13
                                                          33237.389103
                                                                    h, n, p
--------------------------------------------------------------------------------
Total 8 cells                                             137699.655589
1
