 
****************************************
Report : area
Design : recam_dss_grid2x2_directional_rs2_cs2_m1_hyp02_early_noscratch_top
Version: W-2024.09-SP2
Date   : Thu Sep 24 06:45:19 2026
****************************************

Library(s) Used:

    slow (File: /cad/std_libraries/CBDK_TSMC018_Arm_f1.0/CIC/SynopsysDC/db/slow.db)

Number of ports:                         1379
Number of nets:                          7224
Number of cells:                         6101
Number of combinational cells:           5753
Number of sequential cells:               345
Number of macros/black boxes:               0
Number of buf/inv:                       1861
Number of references:                       7

Combinational area:             118955.391280
Buf/Inv area:                    22519.728326
Noncombinational area:           18744.264309
Macro/Black Box area:                0.000000
Net Interconnect area:          638916.563293

Total cell area:                137699.655589
Total area:                     776616.218882

Hierarchical area distribution
------------------------------

                                  Global cell area              Local cell area
                                  --------------------  ------------------------------- 
Hierarchical cell                 Absolute     Percent  Combi-       Noncombi-   Black-
                                  Total        Total    national     national    boxes   Design
--------------------------------  -----------  -------  -----------  ----------  ------  ----------------------------------------------------------------------------------------------------------------
recam_dss_grid2x2_directional_rs2_cs2_m1_hyp02_early_noscratch_top
                                  137699.6556    100.0     139.7088      0.0000  0.0000  recam_dss_grid2x2_directional_rs2_cs2_m1_hyp02_early_noscratch_top
analyzer                           99479.3192     72.2   99479.3192      0.0000  0.0000  recam_shared_config_analyzer_ROW_ADDR_W9_PHYS_COL_ADDR_W13_WORD_COL_ADDR_W5_HYBRID_LINE_ADDR_W13_HYBRID_ENTRIES7
core                                4843.2385      3.5    2408.3136   2434.9248  0.0000  recam_dss_grid2x2_directional_rs2_cs2_m1_hyp02_early_noscratch_core
selected_address_regs              33237.3891     24.1   16928.0496  16309.3395  0.0000  dss_early_selected_address_regs_ROW_ADDR_W9_PHYS_COL_ADDR_W13
--------------------------------  -----------  -------  -----------  ----------  ------  ----------------------------------------------------------------------------------------------------------------
Total                                                   118955.3913  18744.2643  0.0000

1
