 
****************************************
Report : reference
Design : recam_dss_grid2x2_directional_rs2_cs2_m1_hyp02_early_noscratch_top
Version: W-2024.09-SP2
Date   : Thu Sep 24 06:45:19 2026
****************************************

Attributes:
    b - black box (unknown)
   bo - allows boundary optimization
    d - dont_touch
   mo - map_only
    h - hierarchical
    n - noncombinational
    r - removable
    s - synthetic operator
    u - contains unmapped logic

Reference          Library       Unit Area   Count    Total Area   Attributes
-----------------------------------------------------------------------------
AND2X4             slow          16.632000       1     16.632000  
BUFX8              slow          29.937599       1     29.937599  
BUFX20             slow          53.222401       1     53.222401  
DLY1X1             slow          19.958401       2     39.916801  
dss_early_selected_address_regs_ROW_ADDR_W9_PHYS_COL_ADDR_W13
                              33237.389103       1  33237.389103  h, n
recam_dss_grid2x2_directional_rs2_cs2_m1_hyp02_early_noscratch_core
                               4843.238460       1   4843.238460  h, n
recam_shared_config_analyzer_ROW_ADDR_W9_PHYS_COL_ADDR_W13_WORD_COL_ADDR_W5_HYBRID_LINE_ADDR_W13_HYBRID_ENTRIES7
                              99479.319224       1  99479.319224  h
-----------------------------------------------------------------------------
Total 7 references                                  137699.655589

****************************************
Design: dss_early_selected_address_regs_ROW_ADDR_W9_PHYS_COL_ADDR_W13 
****************************************
Reference          Library       Unit Area   Count    Total Area   Attributes
-----------------------------------------------------------------------------
AND2X2             slow          13.305600       9    119.750401  
AND2X4             slow          16.632000       4     66.528000  
AND3X4             slow          19.958401       1     19.958401  
AOI2BB1X1          slow          16.632000       1     16.632000  
AOI2BB1X4          slow          36.590401       3    109.771202  
AOI2BB2X1          slow          23.284800       3     69.854399  
AOI2BB2X4          slow          49.896000       4    199.584000  
AOI21X2            slow          23.284800       1     23.284800  
AOI22X1            slow          16.632000       7    116.424000  
AOI22X2            slow          29.937599       3     89.812798  
AOI22X4            slow          46.569599       4    186.278397  
AOI31X2            slow          29.937599       2     59.875198  
AOI32X2            slow          36.590401       2     73.180801  
AOI32X4            slow          33.264000       9    299.375999  
AOI222X2           slow          46.569599       1     46.569599  
BUFX3              slow          13.305600       4     53.222401  
BUFX4              slow          16.632000      14    232.848000  
BUFX8              slow          29.937599      11    329.313591  
BUFX12             slow          33.264000       6    199.584000  
BUFX16             slow          43.243198       1     43.243198  
BUFX20             slow          53.222401       6    319.334404  
CLKINVX2           slow           9.979200       2     19.958401  
CLKINVX3           slow           9.979200      28    279.417610  
CLKINVX4           slow          13.305600      13    172.972802  
CLKINVX8           slow          19.958401      26    518.918419  
CLKINVX20          slow          96.465599       2    192.931198  
CLKINVXL           slow           9.979200       5     49.896002  
DFFHQXL            slow          53.222401     197  10484.812931  n
DFFXL              slow          56.548801     103   5824.526546  n
INVX1              slow           6.652800     250   1663.200021  
INVX2              slow           9.979200       6     59.875202  
INVX3              slow          13.305600       2     26.611200  
INVX4              slow          13.305600      37    492.307206  
INVX8              slow          19.958401      24    479.001617  
INVX12             slow          43.243198       2     86.486397  
INVX16             slow          56.548801       3    169.646404  
INVXL              slow           6.652800       2     13.305600  
MX2X1              slow          26.611200       1     26.611200  
MX2X2              slow          29.937599       1     29.937599  
MXI2X1             slow          23.284800     140   3259.871941  
MXI2X2             slow          26.611200      89   2368.396830  
MXI2XL             slow          23.284800      58   1350.518375  
NAND2BX1           slow          13.305600       1     13.305600  
NAND2BX2           slow          19.958401       3     59.875202  
NAND2BX4           slow          26.611200       3     79.833601  
NAND2X1            slow           9.979200      10     99.792004  
NAND2X2            slow          16.632000       7    116.424000  
NAND2X4            slow          23.284800       8    186.278397  
NAND2XL            slow           9.979200       2     19.958401  
NAND3X1            slow          13.305600       1     13.305600  
NAND3X2            slow          23.284800       1     23.284800  
NAND3X4            slow          33.264000       2     66.528000  
NAND3XL            slow          13.305600       1     13.305600  
NAND4X1            slow          16.632000       1     16.632000  
NAND4X4            slow          56.548801       1     56.548801  
NAND4XL            slow          16.632000       3     49.896000  
NOR2BX4            slow          26.611200       3     79.833601  
NOR2X1             slow           9.979200       7     69.854403  
NOR2X2             slow          16.632000       3     49.896000  
NOR2X4             slow          23.284800       3     69.854399  
OAI2BB1X1          slow          16.632000      15    249.480000  
OAI2BB1X2          slow          23.284800      15    349.271994  
OAI2BB1X4          slow          33.264000       2     66.528000  
OAI2BB2X1          slow          23.284800       8    186.278397  
OAI2BB2X4          slow          49.896000       1     49.896000  
OAI21X4            slow          36.590401       1     36.590401  
OAI32X1            slow          23.284800       1     23.284800  
OAI32X2            slow          36.590401       1     36.590401  
OAI33X2            slow          43.243198       1     43.243198  
OAI211X1           slow          19.958401       2     39.916801  
OAI211X2           slow          33.264000       2     66.528000  
OAI221X2           slow          43.243198       1     43.243198  
OAI222X2           slow          49.896000       1     49.896000  
OR2X1              slow          13.305600       1     13.305600  
OR2X2              slow          13.305600      17    226.195203  
OR2X4              slow          19.958401      16    319.334412  
OR2XL              slow          13.305600       2     26.611200  
XOR2X4             slow          56.548801       1     56.548801  
XOR2XL             slow          26.611200       1     26.611200  
-----------------------------------------------------------------------------
Total 79 references                                 33237.389103

****************************************
Design: recam_dss_grid2x2_directional_rs2_cs2_m1_hyp02_early_noscratch_core 
****************************************
Reference          Library       Unit Area   Count    Total Area   Attributes
-----------------------------------------------------------------------------
AND2X1             slow          13.305600       1     13.305600  
AND2X2             slow          13.305600       1     13.305600  
AOI2BB1XL          slow          16.632000       1     16.632000  
AOI2BB2X4          slow          49.896000       1     49.896000  
AOI2BB2XL          slow          23.284800       1     23.284800  
AOI31X1            slow          16.632000       1     16.632000  
BUFX3              slow          13.305600       2     26.611200  
BUFX4              slow          16.632000       1     16.632000  
BUFX8              slow          29.937599       3     89.812798  
CLKBUFX8           slow          23.284800       1     23.284800  
CLKINVX3           slow           9.979200       2     19.958401  
CLKINVX8           slow          19.958401       1     19.958401  
CLKINVXL           slow           9.979200       3     29.937601  
DFFHQX2            slow          66.528000       1     66.528000  n
DFFHQXL            slow          53.222401      40   2128.896027  n
DFFX2              slow          69.854401       1     69.854401  n
DFFXL              slow          56.548801       3    169.646404  n
INVX1              slow           6.652800      37    246.153603  
INVX2              slow           9.979200       1      9.979200  
INVX3              slow          13.305600       1     13.305600  
INVX4              slow          13.305600       1     13.305600  
INVX8              slow          19.958401       6    119.750404  
MXI2X1             slow          23.284800       4     93.139198  
MXI2X4             slow          46.569599       1     46.569599  
MXI2XL             slow          23.284800       4     93.139198  
NAND2BXL           slow          13.305600       1     13.305600  
NAND2X4            slow          23.284800       1     23.284800  
NAND3X1            slow          13.305600       3     39.916800  
NAND3X4            slow          33.264000       1     33.264000  
NOR2BX4            slow          26.611200       1     26.611200  
OAI2BB1X1          slow          16.632000      10    166.320000  
OAI2BB1X2          slow          23.284800       2     46.569599  
OAI22X1            slow          19.958401       7    139.708805  
OAI22XL            slow          19.958401      22    439.084816  
OAI31X4            slow          29.937599       3     89.812798  
OAI211X2           slow          33.264000       2     66.528000  
OR2X1              slow          13.305600       1     13.305600  
OR2X2              slow          13.305600       6     79.833601  
OR2X4              slow          19.958401       5     99.792004  
OR2XL              slow          13.305600       6     79.833601  
XNOR2X4            slow          56.548801       1     56.548801  
-----------------------------------------------------------------------------
Total 41 references                                  4843.238460

****************************************
Design: recam_shared_config_analyzer_ROW_ADDR_W9_PHYS_COL_ADDR_W13_WORD_COL_ADDR_W5_HYBRID_LINE_ADDR_W13_HYBRID_ENTRIES7 
****************************************
Reference          Library       Unit Area   Count    Total Area   Attributes
-----------------------------------------------------------------------------
AND2X1             slow          13.305600      13    172.972802  
AND2X2             slow          13.305600      15    199.584002  
AND2X4             slow          16.632000      11    182.952000  
AND3X1             slow          16.632000       7    116.424000  
AND3X2             slow          16.632000      23    382.535999  
AND3X4             slow          19.958401      27    538.876820  
AND4X1             slow          19.958401       3     59.875202  
AND4X2             slow          19.958401      46    918.086433  
AND4X4             slow          36.590401      31   1134.302422  
AOI2BB1X1          slow          16.632000       1     16.632000  
AOI2BB1X2          slow          23.284800       2     46.569599  
AOI2BB1X4          slow          36.590401       4    146.361603  
AOI2BB2X1          slow          23.284800      20    465.695992  
AOI2BB2X2          slow          29.937599       5    149.687996  
AOI2BB2XL          slow          23.284800       5    116.423998  
AOI21X4            slow          33.264000       2     66.528000  
AOI21XL            slow          13.305600       2     26.611200  
AOI22X1            slow          16.632000       9    149.688000  
AOI22XL            slow          16.632000       1     16.632000  
AOI31X1            slow          16.632000       1     16.632000  
AOI31X2            slow          29.937599       5    149.687996  
AOI31X4            slow          29.937599       1     29.937599  
AOI31XL            slow          16.632000       2     33.264000  
AOI32X1            slow          23.284800       1     23.284800  
AOI33X1            slow          26.611200       2     53.222401  
AOI33X2            slow          43.243198       4    172.972794  
AOI211X1           slow          16.632000       8    133.056000  
AOI211X2           slow          29.937599       7    209.563194  
AOI211X4           slow          33.264000       1     33.264000  
AOI221X1           slow          23.284800      15    349.271994  
AOI221X2           slow          39.916801       6    239.500809  
AOI221XL           slow          23.284800       1     23.284800  
AOI222X1           slow          26.611200      30    798.336010  
AOI222X2           slow          46.569599       6    279.417595  
AOI222X4           slow          39.916801       2     79.833603  
BUFX1              slow          13.305600      30    399.168005  
BUFX3              slow          13.305600      52    691.891209  
BUFX4              slow          16.632000      14    232.848000  
BUFX8              slow          29.937599      20    598.751984  
BUFX12             slow          33.264000      17    565.487999  
BUFX16             slow          43.243198      10    432.431984  
BUFX20             slow          53.222401      16    851.558411  
CLKBUFX3           slow          13.305600       1     13.305600  
CLKBUFX8           slow          23.284800       9    209.563196  
CLKBUFXL           slow          13.305600       2     26.611200  
CLKINVX1           slow           9.979200       6     59.875202  
CLKINVX2           slow           9.979200       6     59.875202  
CLKINVX3           slow           9.979200     176   1756.339264  
CLKINVX4           slow          13.305600      36    479.001606  
CLKINVX8           slow          19.958401      44    878.169632  
CLKINVXL           slow           9.979200      31    309.355211  
DLY1X1             slow          19.958401       6    119.750404  
INVX1              slow           6.652800     567   3772.137647  
INVX2              slow           9.979200      28    279.417610  
INVX3              slow          13.305600      13    172.972802  
INVX4              slow          13.305600      95   1264.032016  
INVX8              slow          19.958401      96   1916.006470  
INVX12             slow          43.243198      12    518.918381  
INVX16             slow          56.548801       4    226.195206  
INVX20             slow          63.201599       2    126.403198  
INVXL              slow           6.652800      61    405.820805  
MX2X1              slow          26.611200     128   3406.233643  
MX2X2              slow          29.937599      43   1287.316765  
MX2X4              slow          33.264000      21    698.543999  
MX2XL              slow          26.611200       3     79.833601  
MXI2X1             slow          23.284800      97   2258.625559  
MXI2X2             slow          26.611200     132   3512.678444  
MXI2X4             slow          46.569599      57   2654.467152  
MXI2XL             slow          23.284800      28    651.974388  
NAND2BX4           slow          26.611200       6    159.667202  
NAND2X1            slow           9.979200      47    469.022417  
NAND2X2            slow          16.632000      31    515.591999  
NAND2X4            slow          23.284800      50   1164.239979  
NAND2XL            slow           9.979200      11    109.771204  
NAND3BX1           slow          16.632000       2     33.264000  
NAND3BX2           slow          26.611200       2     53.222401  
NAND3BX4           slow          36.590401       2     73.180801  
NAND3X1            slow          13.305600     176   2341.785629  
NAND3X2            slow          23.284800      37    861.537584  
NAND3X4            slow          33.264000      44   1463.615997  
NAND3XL            slow          13.305600      38    505.612806  
NAND4BBX2          slow          36.590401       2     73.180801  
NAND4BBX4          slow          63.201599       6    379.209595  
NAND4BX2           slow          33.264000       1     33.264000  
NAND4BX4           slow          59.875198       6    359.251190  
NAND4X1            slow          16.632000      83   1380.455997  
NAND4X2            slow          29.937599      49   1466.942360  
NAND4X4            slow          56.548801      44   2488.147263  
NAND4XL            slow          16.632000      22    365.903999  
NOR2BX4            slow          26.611200       2     53.222401  
NOR2X1             slow           9.979200      36    359.251213  
NOR2X2             slow          16.632000       5     83.160000  
NOR2X4             slow          23.284800      26    605.404789  
NOR2XL             slow           9.979200       3     29.937601  
NOR3X2             slow          23.284800       2     46.569599  
NOR3X4             slow          33.264000       5    166.320000  
NOR4X1             slow          19.958401       1     19.958401  
NOR4X4             slow          56.548801       1     56.548801  
OAI2BB1X1          slow          16.632000      41    681.911999  
OAI2BB1X2          slow          23.284800      15    349.271994  
OAI2BB1X4          slow          33.264000      29    964.655998  
OAI2BB1XL          slow          16.632000      11    182.952000  
OAI2BB2X4          slow          49.896000       1     49.896000  
OAI21X4            slow          36.590401       2     73.180801  
OAI22X1            slow          19.958401      37    738.460827  
OAI22X2            slow          29.937599      30    898.127975  
OAI22X4            slow          46.569599      16    745.113586  
OAI22XL            slow          19.958401       4     79.833603  
OAI31X1            slow          19.958401       1     19.958401  
OAI31X2            slow          29.937599       5    149.687996  
OAI31X4            slow          29.937599       2     59.875198  
OAI32X1            slow          23.284800       2     46.569599  
OAI32X2            slow          36.590401       3    109.771202  
OAI32X4            slow          33.264000       8    266.112000  
OAI32XL            slow          23.284800       2     46.569599  
OAI33X4            slow          36.590401       1     36.590401  
OAI211X1           slow          19.958401       9    179.625607  
OAI211X2           slow          33.264000       7    232.848000  
OAI211X4           slow          29.937599      15    449.063988  
OAI221X2           slow          43.243198       2     86.486397  
OAI221X4           slow          36.590401       1     36.590401  
OAI221XL           slow          23.284800       3     69.854399  
OAI222X2           slow          49.896000       2     99.792000  
OAI222X4           slow          39.916801       2     79.833603  
OAI222XL           slow          26.611200       2     53.222401  
OR2X1              slow          13.305600      10    133.056002  
OR2X2              slow          13.305600     269   3579.206445  
OR2X4              slow          19.958401     145   2893.968105  
OR2XL              slow          13.305600      41    545.529607  
OR3X2              slow          19.958401       1     19.958401  
OR3X4              slow          29.937599       4    119.750397  
OR3XL              slow          16.632000       4     66.528000  
OR4X1              slow          19.958401       4     79.833603  
OR4X2              slow          19.958401      36    718.502426  
OR4X4              slow          36.590401      34   1244.073624  
XNOR2X1            slow          26.611200      26    691.891209  
XNOR2X2            slow          36.590401      23    841.579216  
XNOR2X4            slow          56.548801      16    904.780823  
XNOR2XL            slow          26.611200       1     26.611200  
XOR2X1             slow          26.611200     549  14609.548983  
XOR2X2             slow          33.264000     158   5255.711990  
XOR2X4             slow          56.548801      76   4297.708908  
XOR2XL             slow          26.611200      94   2501.452831  
-----------------------------------------------------------------------------
Total 143 references                                99479.319224
1
