 
****************************************
Report : area
Design : recam_dss_g2x2_r_static_early_live_state_top
Version: W-2024.09-SP2
Date   : Mon Sep 28 19:29:22 2026
****************************************

Library(s) Used:

    slow (File: /cad/std_libraries/CBDK_TSMC018_Arm_f1.0/CIC/SynopsysDC/db/slow.db)

Number of ports:                          883
Number of nets:                          5565
Number of cells:                         4794
Number of combinational cells:           4774
Number of sequential cells:                15
Number of macros/black boxes:               0
Number of buf/inv:                       1443
Number of references:                       7

Combinational area:              98391.586336
Buf/Inv area:                    16698.528233
Noncombinational area:             844.905613
Macro/Black Box area:                0.000000
Net Interconnect area:          508482.549225

Total cell area:                 99236.491949
Total area:                     607719.041174

Hierarchical area distribution
------------------------------

                                  Global cell area            Local cell area
                                  -------------------  ----------------------------- 
Hierarchical cell                 Absolute    Percent  Combi-      Noncombi-  Black-
                                  Total       Total    national    national   boxes   Design
--------------------------------  ----------  -------  ----------  ---------  ------  ----------------------------------------------------------------------------------------------------------------
recam_dss_g2x2_r_static_early_live_state_top
                                  99236.4919    100.0    119.7504     0.0000  0.0000  recam_dss_g2x2_r_static_early_live_state_top
analyzer                          91595.7511     92.3  91595.7511     0.0000  0.0000  recam_shared_config_analyzer_ROW_ADDR_W9_PHYS_COL_ADDR_W13_WORD_COL_ADDR_W5_HYBRID_LINE_ADDR_W13_HYBRID_ENTRIES7
core                               2421.6192      2.4   1576.7136   844.9056  0.0000  recam_dss_g2x2_r_static_early_live_state_core
selected_address_mux               5099.3712      5.1   5099.3712     0.0000  0.0000  dss_early_selected_address_mux_ROW_ADDR_W9_PHYS_COL_ADDR_W13
--------------------------------  ----------  -------  ----------  ---------  ------  ----------------------------------------------------------------------------------------------------------------
Total                                                  98391.5863   844.9056  0.0000

1
