 
****************************************
Report : cell
Design : recam_dss_g2x2_r_static_early_live_state_top
Version: W-2024.09-SP2
Date   : Mon Sep 28 19:29:22 2026
****************************************

Attributes:
    b - black box (unknown)
    h - hierarchical
    n - noncombinational
    p - parameterized
    r - removable
    u - contains unmapped logic

Cell                      Reference       Library             Area  Attributes
--------------------------------------------------------------------------------
U2                        BUFX12          slow            33.264000 
U3                        BUFX12          slow            33.264000 
U4                        AND2X2          slow            13.305600 
U5                        CLKBUFX3        slow            13.305600 
U6                        BUFX3           slow            13.305600 
U7                        CLKBUFX3        slow            13.305600 
analyzer                  recam_shared_config_analyzer_ROW_ADDR_W9_PHYS_COL_ADDR_W13_WORD_COL_ADDR_W5_HYBRID_LINE_ADDR_W13_HYBRID_ENTRIES7
                                                          91595.751111
                                                                    h, p
core                      recam_dss_g2x2_r_static_early_live_state_core
                                                          2421.619220
                                                                    h, n
selected_address_mux      dss_early_selected_address_mux_ROW_ADDR_W9_PHYS_COL_ADDR_W13
                                                          5099.371217
                                                                    h, p
--------------------------------------------------------------------------------
Total 9 cells                                             99236.491949
1
