 
****************************************
check_design summary:
Version:     W-2024.09-SP2
Date:        Mon Sep 28 19:28:13 2026
****************************************

                   Name                                            Total
--------------------------------------------------------------------------------
Inputs/Outputs                                                      6
    Shorted outputs (LINT-31)                                       5
    Constant outputs (LINT-52)                                      1

Cells                                                              64
    Cells do not drive (LINT-1)                                    64
--------------------------------------------------------------------------------

Warning: In design 'recam_dss_g2x2_r_static_early_live_state_core', cell 'C404' does not drive any nets. (LINT-1)
Warning: In design 'recam_dss_g2x2_r_static_early_live_state_core', cell 'C414' does not drive any nets. (LINT-1)
Warning: In design 'recam_shared_config_analyzer_ROW_ADDR_W9_PHYS_COL_ADDR_W13_WORD_COL_ADDR_W5_HYBRID_LINE_ADDR_W13_HYBRID_ENTRIES7', cell 'B_1148' does not drive any nets. (LINT-1)
Warning: In design 'recam_shared_config_analyzer_ROW_ADDR_W9_PHYS_COL_ADDR_W13_WORD_COL_ADDR_W5_HYBRID_LINE_ADDR_W13_HYBRID_ENTRIES7', cell 'B_1149' does not drive any nets. (LINT-1)
Warning: In design 'recam_shared_config_analyzer_ROW_ADDR_W9_PHYS_COL_ADDR_W13_WORD_COL_ADDR_W5_HYBRID_LINE_ADDR_W13_HYBRID_ENTRIES7', cell 'B_1150' does not drive any nets. (LINT-1)
Warning: In design 'recam_shared_config_analyzer_ROW_ADDR_W9_PHYS_COL_ADDR_W13_WORD_COL_ADDR_W5_HYBRID_LINE_ADDR_W13_HYBRID_ENTRIES7', cell 'B_1151' does not drive any nets. (LINT-1)
Warning: In design 'recam_shared_config_analyzer_ROW_ADDR_W9_PHYS_COL_ADDR_W13_WORD_COL_ADDR_W5_HYBRID_LINE_ADDR_W13_HYBRID_ENTRIES7', cell 'B_1152' does not drive any nets. (LINT-1)
Warning: In design 'recam_shared_config_analyzer_ROW_ADDR_W9_PHYS_COL_ADDR_W13_WORD_COL_ADDR_W5_HYBRID_LINE_ADDR_W13_HYBRID_ENTRIES7', cell 'B_1153' does not drive any nets. (LINT-1)
Warning: In design 'recam_shared_config_analyzer_ROW_ADDR_W9_PHYS_COL_ADDR_W13_WORD_COL_ADDR_W5_HYBRID_LINE_ADDR_W13_HYBRID_ENTRIES7', cell 'B_1154' does not drive any nets. (LINT-1)
Warning: In design 'recam_shared_config_analyzer_ROW_ADDR_W9_PHYS_COL_ADDR_W13_WORD_COL_ADDR_W5_HYBRID_LINE_ADDR_W13_HYBRID_ENTRIES7', cell 'B_1155' does not drive any nets. (LINT-1)
Warning: In design 'recam_shared_config_analyzer_ROW_ADDR_W9_PHYS_COL_ADDR_W13_WORD_COL_ADDR_W5_HYBRID_LINE_ADDR_W13_HYBRID_ENTRIES7', cell 'B_1156' does not drive any nets. (LINT-1)
Warning: In design 'recam_shared_config_analyzer_ROW_ADDR_W9_PHYS_COL_ADDR_W13_WORD_COL_ADDR_W5_HYBRID_LINE_ADDR_W13_HYBRID_ENTRIES7', cell 'B_1157' does not drive any nets. (LINT-1)
Warning: In design 'recam_shared_config_analyzer_ROW_ADDR_W9_PHYS_COL_ADDR_W13_WORD_COL_ADDR_W5_HYBRID_LINE_ADDR_W13_HYBRID_ENTRIES7', cell 'B_1158' does not drive any nets. (LINT-1)
Warning: In design 'recam_shared_config_analyzer_ROW_ADDR_W9_PHYS_COL_ADDR_W13_WORD_COL_ADDR_W5_HYBRID_LINE_ADDR_W13_HYBRID_ENTRIES7', cell 'B_1159' does not drive any nets. (LINT-1)
Warning: In design 'recam_shared_config_analyzer_ROW_ADDR_W9_PHYS_COL_ADDR_W13_WORD_COL_ADDR_W5_HYBRID_LINE_ADDR_W13_HYBRID_ENTRIES7', cell 'B_1160' does not drive any nets. (LINT-1)
Warning: In design 'recam_shared_config_analyzer_ROW_ADDR_W9_PHYS_COL_ADDR_W13_WORD_COL_ADDR_W5_HYBRID_LINE_ADDR_W13_HYBRID_ENTRIES7', cell 'B_1161' does not drive any nets. (LINT-1)
Warning: In design 'recam_shared_config_analyzer_ROW_ADDR_W9_PHYS_COL_ADDR_W13_WORD_COL_ADDR_W5_HYBRID_LINE_ADDR_W13_HYBRID_ENTRIES7', cell 'B_1162' does not drive any nets. (LINT-1)
Warning: In design 'recam_shared_config_analyzer_ROW_ADDR_W9_PHYS_COL_ADDR_W13_WORD_COL_ADDR_W5_HYBRID_LINE_ADDR_W13_HYBRID_ENTRIES7', cell 'B_1163' does not drive any nets. (LINT-1)
Warning: In design 'recam_shared_config_analyzer_ROW_ADDR_W9_PHYS_COL_ADDR_W13_WORD_COL_ADDR_W5_HYBRID_LINE_ADDR_W13_HYBRID_ENTRIES7', cell 'B_1164' does not drive any nets. (LINT-1)
Warning: In design 'recam_shared_config_analyzer_ROW_ADDR_W9_PHYS_COL_ADDR_W13_WORD_COL_ADDR_W5_HYBRID_LINE_ADDR_W13_HYBRID_ENTRIES7', cell 'B_1165' does not drive any nets. (LINT-1)
Warning: In design 'recam_shared_config_analyzer_ROW_ADDR_W9_PHYS_COL_ADDR_W13_WORD_COL_ADDR_W5_HYBRID_LINE_ADDR_W13_HYBRID_ENTRIES7', cell 'B_1166' does not drive any nets. (LINT-1)
Warning: In design 'recam_shared_config_analyzer_ROW_ADDR_W9_PHYS_COL_ADDR_W13_WORD_COL_ADDR_W5_HYBRID_LINE_ADDR_W13_HYBRID_ENTRIES7', cell 'B_1167' does not drive any nets. (LINT-1)
Warning: In design 'recam_shared_config_analyzer_ROW_ADDR_W9_PHYS_COL_ADDR_W13_WORD_COL_ADDR_W5_HYBRID_LINE_ADDR_W13_HYBRID_ENTRIES7', cell 'B_1168' does not drive any nets. (LINT-1)
Warning: In design 'recam_shared_config_analyzer_ROW_ADDR_W9_PHYS_COL_ADDR_W13_WORD_COL_ADDR_W5_HYBRID_LINE_ADDR_W13_HYBRID_ENTRIES7', cell 'C18312' does not drive any nets. (LINT-1)
Warning: In design 'recam_shared_config_analyzer_ROW_ADDR_W9_PHYS_COL_ADDR_W13_WORD_COL_ADDR_W5_HYBRID_LINE_ADDR_W13_HYBRID_ENTRIES7', cell 'C18361' does not drive any nets. (LINT-1)
Warning: In design 'recam_shared_config_analyzer_ROW_ADDR_W9_PHYS_COL_ADDR_W13_WORD_COL_ADDR_W5_HYBRID_LINE_ADDR_W13_HYBRID_ENTRIES7', cell 'C18403' does not drive any nets. (LINT-1)
Warning: In design 'recam_shared_config_analyzer_ROW_ADDR_W9_PHYS_COL_ADDR_W13_WORD_COL_ADDR_W5_HYBRID_LINE_ADDR_W13_HYBRID_ENTRIES7', cell 'C18452' does not drive any nets. (LINT-1)
Warning: In design 'recam_shared_config_analyzer_ROW_ADDR_W9_PHYS_COL_ADDR_W13_WORD_COL_ADDR_W5_HYBRID_LINE_ADDR_W13_HYBRID_ENTRIES7', cell 'C18503' does not drive any nets. (LINT-1)
Warning: In design 'recam_shared_config_analyzer_ROW_ADDR_W9_PHYS_COL_ADDR_W13_WORD_COL_ADDR_W5_HYBRID_LINE_ADDR_W13_HYBRID_ENTRIES7', cell 'C18552' does not drive any nets. (LINT-1)
Warning: In design 'recam_shared_config_analyzer_ROW_ADDR_W9_PHYS_COL_ADDR_W13_WORD_COL_ADDR_W5_HYBRID_LINE_ADDR_W13_HYBRID_ENTRIES7', cell 'C18594' does not drive any nets. (LINT-1)
Warning: In design 'recam_shared_config_analyzer_ROW_ADDR_W9_PHYS_COL_ADDR_W13_WORD_COL_ADDR_W5_HYBRID_LINE_ADDR_W13_HYBRID_ENTRIES7', cell 'C18643' does not drive any nets. (LINT-1)
Warning: In design 'recam_shared_config_analyzer_ROW_ADDR_W9_PHYS_COL_ADDR_W13_WORD_COL_ADDR_W5_HYBRID_LINE_ADDR_W13_HYBRID_ENTRIES7', cell 'C18694' does not drive any nets. (LINT-1)
Warning: In design 'recam_shared_config_analyzer_ROW_ADDR_W9_PHYS_COL_ADDR_W13_WORD_COL_ADDR_W5_HYBRID_LINE_ADDR_W13_HYBRID_ENTRIES7', cell 'C18743' does not drive any nets. (LINT-1)
Warning: In design 'recam_shared_config_analyzer_ROW_ADDR_W9_PHYS_COL_ADDR_W13_WORD_COL_ADDR_W5_HYBRID_LINE_ADDR_W13_HYBRID_ENTRIES7', cell 'C18785' does not drive any nets. (LINT-1)
Warning: In design 'recam_shared_config_analyzer_ROW_ADDR_W9_PHYS_COL_ADDR_W13_WORD_COL_ADDR_W5_HYBRID_LINE_ADDR_W13_HYBRID_ENTRIES7', cell 'C18834' does not drive any nets. (LINT-1)
Warning: In design 'recam_shared_config_analyzer_ROW_ADDR_W9_PHYS_COL_ADDR_W13_WORD_COL_ADDR_W5_HYBRID_LINE_ADDR_W13_HYBRID_ENTRIES7', cell 'C18885' does not drive any nets. (LINT-1)
Warning: In design 'recam_shared_config_analyzer_ROW_ADDR_W9_PHYS_COL_ADDR_W13_WORD_COL_ADDR_W5_HYBRID_LINE_ADDR_W13_HYBRID_ENTRIES7', cell 'C18934' does not drive any nets. (LINT-1)
Warning: In design 'recam_shared_config_analyzer_ROW_ADDR_W9_PHYS_COL_ADDR_W13_WORD_COL_ADDR_W5_HYBRID_LINE_ADDR_W13_HYBRID_ENTRIES7', cell 'C18976' does not drive any nets. (LINT-1)
Warning: In design 'recam_shared_config_analyzer_ROW_ADDR_W9_PHYS_COL_ADDR_W13_WORD_COL_ADDR_W5_HYBRID_LINE_ADDR_W13_HYBRID_ENTRIES7', cell 'C19025' does not drive any nets. (LINT-1)
Warning: In design 'recam_shared_config_analyzer_ROW_ADDR_W9_PHYS_COL_ADDR_W13_WORD_COL_ADDR_W5_HYBRID_LINE_ADDR_W13_HYBRID_ENTRIES7', cell 'C19076' does not drive any nets. (LINT-1)
Warning: In design 'recam_shared_config_analyzer_ROW_ADDR_W9_PHYS_COL_ADDR_W13_WORD_COL_ADDR_W5_HYBRID_LINE_ADDR_W13_HYBRID_ENTRIES7', cell 'C19125' does not drive any nets. (LINT-1)
Warning: In design 'recam_shared_config_analyzer_ROW_ADDR_W9_PHYS_COL_ADDR_W13_WORD_COL_ADDR_W5_HYBRID_LINE_ADDR_W13_HYBRID_ENTRIES7', cell 'C19167' does not drive any nets. (LINT-1)
Warning: In design 'recam_shared_config_analyzer_ROW_ADDR_W9_PHYS_COL_ADDR_W13_WORD_COL_ADDR_W5_HYBRID_LINE_ADDR_W13_HYBRID_ENTRIES7', cell 'C19216' does not drive any nets. (LINT-1)
Warning: In design 'recam_shared_config_analyzer_ROW_ADDR_W9_PHYS_COL_ADDR_W13_WORD_COL_ADDR_W5_HYBRID_LINE_ADDR_W13_HYBRID_ENTRIES7', cell 'C19267' does not drive any nets. (LINT-1)
Warning: In design 'recam_shared_config_analyzer_ROW_ADDR_W9_PHYS_COL_ADDR_W13_WORD_COL_ADDR_W5_HYBRID_LINE_ADDR_W13_HYBRID_ENTRIES7', cell 'C19316' does not drive any nets. (LINT-1)
Warning: In design 'recam_shared_config_analyzer_ROW_ADDR_W9_PHYS_COL_ADDR_W13_WORD_COL_ADDR_W5_HYBRID_LINE_ADDR_W13_HYBRID_ENTRIES7', cell 'C19358' does not drive any nets. (LINT-1)
Warning: In design 'recam_shared_config_analyzer_ROW_ADDR_W9_PHYS_COL_ADDR_W13_WORD_COL_ADDR_W5_HYBRID_LINE_ADDR_W13_HYBRID_ENTRIES7', cell 'C19407' does not drive any nets. (LINT-1)
Warning: In design 'recam_shared_config_analyzer_ROW_ADDR_W9_PHYS_COL_ADDR_W13_WORD_COL_ADDR_W5_HYBRID_LINE_ADDR_W13_HYBRID_ENTRIES7', cell 'C19458' does not drive any nets. (LINT-1)
Warning: In design 'recam_shared_config_analyzer_ROW_ADDR_W9_PHYS_COL_ADDR_W13_WORD_COL_ADDR_W5_HYBRID_LINE_ADDR_W13_HYBRID_ENTRIES7', cell 'C19502' does not drive any nets. (LINT-1)
Warning: In design 'recam_shared_config_analyzer_ROW_ADDR_W9_PHYS_COL_ADDR_W13_WORD_COL_ADDR_W5_HYBRID_LINE_ADDR_W13_HYBRID_ENTRIES7', cell 'C19544' does not drive any nets. (LINT-1)
Warning: In design 'recam_shared_config_analyzer_ROW_ADDR_W9_PHYS_COL_ADDR_W13_WORD_COL_ADDR_W5_HYBRID_LINE_ADDR_W13_HYBRID_ENTRIES7', cell 'C19588' does not drive any nets. (LINT-1)
Warning: In design 'recam_shared_config_analyzer_ROW_ADDR_W9_PHYS_COL_ADDR_W13_WORD_COL_ADDR_W5_HYBRID_LINE_ADDR_W13_HYBRID_ENTRIES7', cell 'B_1176' does not drive any nets. (LINT-1)
Warning: In design 'recam_shared_config_analyzer_ROW_ADDR_W9_PHYS_COL_ADDR_W13_WORD_COL_ADDR_W5_HYBRID_LINE_ADDR_W13_HYBRID_ENTRIES7', cell 'B_1192' does not drive any nets. (LINT-1)
Warning: In design 'recam_shared_config_analyzer_ROW_ADDR_W9_PHYS_COL_ADDR_W13_WORD_COL_ADDR_W5_HYBRID_LINE_ADDR_W13_HYBRID_ENTRIES7', cell 'B_1202' does not drive any nets. (LINT-1)
Warning: In design 'recam_shared_config_analyzer_ROW_ADDR_W9_PHYS_COL_ADDR_W13_WORD_COL_ADDR_W5_HYBRID_LINE_ADDR_W13_HYBRID_ENTRIES7', cell 'B_1212' does not drive any nets. (LINT-1)
Warning: In design 'recam_shared_config_analyzer_ROW_ADDR_W9_PHYS_COL_ADDR_W13_WORD_COL_ADDR_W5_HYBRID_LINE_ADDR_W13_HYBRID_ENTRIES7', cell 'B_1222' does not drive any nets. (LINT-1)
Warning: In design 'recam_shared_config_analyzer_ROW_ADDR_W9_PHYS_COL_ADDR_W13_WORD_COL_ADDR_W5_HYBRID_LINE_ADDR_W13_HYBRID_ENTRIES7', cell 'B_1232' does not drive any nets. (LINT-1)
Warning: In design 'recam_shared_config_analyzer_ROW_ADDR_W9_PHYS_COL_ADDR_W13_WORD_COL_ADDR_W5_HYBRID_LINE_ADDR_W13_HYBRID_ENTRIES7', cell 'B_1248' does not drive any nets. (LINT-1)
Warning: In design 'recam_shared_config_analyzer_ROW_ADDR_W9_PHYS_COL_ADDR_W13_WORD_COL_ADDR_W5_HYBRID_LINE_ADDR_W13_HYBRID_ENTRIES7', cell 'B_1268' does not drive any nets. (LINT-1)
Warning: In design 'recam_shared_config_analyzer_ROW_ADDR_W9_PHYS_COL_ADDR_W13_WORD_COL_ADDR_W5_HYBRID_LINE_ADDR_W13_HYBRID_ENTRIES7', cell 'B_1288' does not drive any nets. (LINT-1)
Warning: In design 'recam_shared_config_analyzer_ROW_ADDR_W9_PHYS_COL_ADDR_W13_WORD_COL_ADDR_W5_HYBRID_LINE_ADDR_W13_HYBRID_ENTRIES7', cell 'B_1308' does not drive any nets. (LINT-1)
Warning: In design 'recam_shared_config_analyzer_ROW_ADDR_W9_PHYS_COL_ADDR_W13_WORD_COL_ADDR_W5_HYBRID_LINE_ADDR_W13_HYBRID_ENTRIES7', cell 'C21578' does not drive any nets. (LINT-1)
Warning: In design 'recam_shared_config_analyzer_ROW_ADDR_W9_PHYS_COL_ADDR_W13_WORD_COL_ADDR_W5_HYBRID_LINE_ADDR_W13_HYBRID_ENTRIES7', cell 'C21579' does not drive any nets. (LINT-1)
Warning: In design 'recam_shared_config_analyzer_ROW_ADDR_W9_PHYS_COL_ADDR_W13_WORD_COL_ADDR_W5_HYBRID_LINE_ADDR_W13_HYBRID_ENTRIES7', cell 'C21580' does not drive any nets. (LINT-1)
Warning: In design 'recam_dss_g2x2_r_static_early_live_state_top', output port 'active_sa_o[1]' is connected directly to output port 'solution_sa_o[1]'. (LINT-31)
Warning: In design 'recam_dss_g2x2_r_static_early_live_state_top', output port 'active_sa_o[0]' is connected directly to output port 'solution_sa_o[0]'. (LINT-31)
Warning: In design 'recam_dss_g2x2_r_static_early_live_state_top', output port 'scan_config_o[2]' is connected directly to output port 'solution_config_o[2]'. (LINT-31)
Warning: In design 'recam_dss_g2x2_r_static_early_live_state_top', output port 'scan_config_o[1]' is connected directly to output port 'solution_config_o[1]'. (LINT-31)
Warning: In design 'recam_dss_g2x2_r_static_early_live_state_top', output port 'scan_config_o[0]' is connected directly to output port 'solution_config_o[0]'. (LINT-31)
Warning: In design 'recam_dss_g2x2_r_static_early_live_state_core', output port 'scan_config_id_o[0]' is connected directly to 'logic 0'. (LINT-52)
1
