 
****************************************
Report : qor
Design : recam_dss_g2x2_r_static_early_live_state_top
Version: W-2024.09-SP2
Date   : Mon Sep 28 19:29:22 2026
****************************************


  Timing Path Group 'recam_clk'
  -----------------------------------
  Levels of Logic:              85.00
  Critical Path Length:         20.00
  Critical Path Slack:           0.00
  Critical Path Clk Period:     20.00
  Total Negative Slack:          0.00
  No. of Violating Paths:        0.00
  Worst Hold Violation:          0.00
  Total Hold Violation:          0.00
  No. of Hold Violations:        0.00
  -----------------------------------


  Cell Count
  -----------------------------------
  Hierarchical Cell Count:          3
  Hierarchical Port Count:        506
  Leaf Cell Count:               4789
  Buf/Inv Cell Count:            1443
  Buf Cell Count:                 184
  Inv Cell Count:                1259
  CT Buf/Inv Cell Count:            0
  Combinational Cell Count:      4774
  Sequential Cell Count:           15
  Macro Count:                      0
  -----------------------------------


  Area
  -----------------------------------
  Combinational Area:    98391.586336
  Noncombinational Area:   844.905613
  Buf/Inv Area:          16698.528233
  Total Buffer Area:          4088.15
  Total Inverter Area:       12610.38
  Macro/Black Box Area:      0.000000
  Net Area:             508482.549225
  -----------------------------------
  Cell Area:             99236.491949
  Design Area:          607719.041174


  Design Rules
  -----------------------------------
  Total Number of Nets:          5073
  Nets With Violations:             0
  Max Trans Violations:             0
  Max Cap Violations:               0
  -----------------------------------


  Hostname: Kaohsiung

  Compile CPU Statistics
  -----------------------------------------
  Resource Sharing:                    2.65
  Logic Optimization:                 45.45
  Mapping Optimization:               14.06
  -----------------------------------------
  Overall Compile Time:               68.07
  Overall Compile Wall Clock Time:    68.38

  --------------------------------------------------------------------

  Design  WNS: 0.00  TNS: 0.00  Number of Violating Paths: 0


  Design (Hold)  WNS: 0.00  TNS: 0.00  Number of Violating Paths: 0

  --------------------------------------------------------------------


1
