 
****************************************
Report : reference
Design : recam_dss_g2x2_r_static_early_live_state_top
Version: W-2024.09-SP2
Date   : Mon Sep 28 19:29:22 2026
****************************************

Attributes:
    b - black box (unknown)
   bo - allows boundary optimization
    d - dont_touch
   mo - map_only
    h - hierarchical
    n - noncombinational
    r - removable
    s - synthetic operator
    u - contains unmapped logic

Reference          Library       Unit Area   Count    Total Area   Attributes
-----------------------------------------------------------------------------
AND2X2             slow          13.305600       1     13.305600  
BUFX3              slow          13.305600       1     13.305600  
BUFX12             slow          33.264000       2     66.528000  
CLKBUFX3           slow          13.305600       2     26.611200  
dss_early_selected_address_mux_ROW_ADDR_W9_PHYS_COL_ADDR_W13
                               5099.371217       1   5099.371217  h
recam_dss_g2x2_r_static_early_live_state_core
                               2421.619220       1   2421.619220  h, n
recam_shared_config_analyzer_ROW_ADDR_W9_PHYS_COL_ADDR_W13_WORD_COL_ADDR_W5_HYBRID_LINE_ADDR_W13_HYBRID_ENTRIES7
                              91595.751111       1  91595.751111  h
-----------------------------------------------------------------------------
Total 7 references                                  99236.491949

****************************************
Design: dss_early_selected_address_mux_ROW_ADDR_W9_PHYS_COL_ADDR_W13 
****************************************
Reference          Library       Unit Area   Count    Total Area   Attributes
-----------------------------------------------------------------------------
AND2X1             slow          13.305600       4     53.222401  
AND2X2             slow          13.305600      18    239.500803  
AND2X4             slow          16.632000       2     33.264000  
AND3X1             slow          16.632000       1     16.632000  
AOI2BB1X2          slow          23.284800       3     69.854399  
AOI2BB1XL          slow          16.632000       1     16.632000  
AOI2BB2XL          slow          23.284800       1     23.284800  
AOI22X1            slow          16.632000       4     66.528000  
AOI22X2            slow          29.937599      27    808.315178  
AOI22X4            slow          46.569599       2     93.139198  
AOI22XL            slow          16.632000       3     49.896000  
AOI31X1            slow          16.632000       1     16.632000  
AOI31X4            slow          29.937599       1     29.937599  
AOI33X4            slow          36.590401       1     36.590401  
AOI211X2           slow          29.937599       1     29.937599  
BUFX3              slow          13.305600       4     53.222401  
BUFX4              slow          16.632000       1     16.632000  
BUFX8              slow          29.937599       2     59.875198  
BUFX12             slow          33.264000       2     66.528000  
BUFX16             slow          43.243198       1     43.243198  
BUFX20             slow          53.222401       3    159.667202  
CLKBUFX2           slow          13.305600       1     13.305600  
CLKINVX3           slow           9.979200      15    149.688005  
CLKINVX4           slow          13.305600       8    106.444801  
CLKINVX8           slow          19.958401       3     59.875202  
INVX1              slow           6.652800      18    119.750401  
INVX2              slow           9.979200       4     39.916801  
INVX4              slow          13.305600      28    372.556805  
INVX8              slow          19.958401      10    199.584007  
INVX16             slow          56.548801       2    113.097603  
INVXL              slow           6.652800       5     33.264000  
MXI2XL             slow          23.284800       1     23.284800  
NAND2BX1           slow          13.305600       1     13.305600  
NAND3X1            slow          13.305600      17    226.195203  
NAND3X4            slow          33.264000       3     99.792000  
NAND3XL            slow          13.305600       1     13.305600  
NAND4X1            slow          16.632000       4     66.528000  
NAND4X2            slow          29.937599       2     59.875198  
NAND4X4            slow          56.548801       2    113.097603  
NAND4XL            slow          16.632000       1     16.632000  
NOR2X2             slow          16.632000       1     16.632000  
NOR2X4             slow          23.284800       1     23.284800  
OAI2BB1X1          slow          16.632000       2     33.264000  
OAI2BB1X4          slow          33.264000      10    332.639999  
OAI22X1            slow          19.958401       1     19.958401  
OAI22XL            slow          19.958401       1     19.958401  
OAI31X2            slow          29.937599       1     29.937599  
OAI32X4            slow          33.264000       1     33.264000  
OAI33X2            slow          43.243198       1     43.243198  
OAI33X4            slow          36.590401       1     36.590401  
OAI211X2           slow          33.264000       1     33.264000  
OAI211X4           slow          29.937599       1     29.937599  
OAI221X4           slow          36.590401       1     36.590401  
OAI222X1           slow          29.937599       1     29.937599  
OAI222X4           slow          39.916801       1     39.916801  
OR2X1              slow          13.305600       3     39.916800  
OR2X2              slow          13.305600      14    186.278402  
OR2X4              slow          19.958401      10    199.584007  
OR2XL              slow          13.305600       5     66.528001  
XOR2X1             slow          26.611200       1     26.611200  
-----------------------------------------------------------------------------
Total 60 references                                  5099.371217

****************************************
Design: recam_dss_g2x2_r_static_early_live_state_core 
****************************************
Reference          Library       Unit Area   Count    Total Area   Attributes
-----------------------------------------------------------------------------
AND2X1             slow          13.305600       1     13.305600  
AND2X2             slow          13.305600       1     13.305600  
AND2X4             slow          16.632000       1     16.632000  
AND3X2             slow          16.632000       1     16.632000  
AOI2BB1X1          slow          16.632000       1     16.632000  
AOI2BB1X2          slow          23.284800       1     23.284800  
AOI21X4            slow          33.264000       1     33.264000  
AOI31X1            slow          16.632000       3     49.896000  
AOI211X1           slow          16.632000       1     16.632000  
AOI221XL           slow          23.284800       1     23.284800  
BUFX16             slow          43.243198       1     43.243198  
CLKINVX3           slow           9.979200       1      9.979200  
CLKINVX4           slow          13.305600       2     26.611200  
DFFHQX4            slow          73.180801       2    146.361603  n
DFFHQXL            slow          53.222401      11    585.446407  n
DFFXL              slow          56.548801       2    113.097603  n
INVX1              slow           6.652800      19    126.403202  
INVX2              slow           9.979200       2     19.958401  
INVX4              slow          13.305600       2     26.611200  
INVX8              slow          19.958401       3     59.875202  
INVXL              slow           6.652800       2     13.305600  
MXI2X1             slow          23.284800      10    232.847996  
MXI2X2             slow          26.611200       1     26.611200  
MXI2XL             slow          23.284800       1     23.284800  
NAND2X1            slow           9.979200       2     19.958401  
NAND3BXL           slow          16.632000       1     16.632000  
NAND3X1            slow          13.305600       1     13.305600  
NAND3XL            slow          13.305600       3     39.916800  
NAND4X1            slow          16.632000       3     49.896000  
NAND4X2            slow          29.937599       1     29.937599  
NAND4XL            slow          16.632000       1     16.632000  
NOR2X1             slow           9.979200       1      9.979200  
NOR2X2             slow          16.632000       1     16.632000  
OAI2BB1X1          slow          16.632000       2     33.264000  
OAI22X2            slow          29.937599       1     29.937599  
OAI22XL            slow          19.958401       1     19.958401  
OAI31X1            slow          19.958401       1     19.958401  
OAI31X2            slow          29.937599       1     29.937599  
OAI211X1           slow          19.958401       1     19.958401  
OR2X2              slow          13.305600      10    133.056002  
OR2X4              slow          19.958401       5     99.792004  
OR2XL              slow          13.305600       3     39.916800  
XOR2X1             slow          26.611200       4    106.444801  
-----------------------------------------------------------------------------
Total 43 references                                  2421.619220

****************************************
Design: recam_shared_config_analyzer_ROW_ADDR_W9_PHYS_COL_ADDR_W13_WORD_COL_ADDR_W5_HYBRID_LINE_ADDR_W13_HYBRID_ENTRIES7 
****************************************
Reference          Library       Unit Area   Count    Total Area   Attributes
-----------------------------------------------------------------------------
AND2X1             slow          13.305600       7     93.139201  
AND2X2             slow          13.305600      26    345.945604  
AND2X4             slow          16.632000       5     83.160000  
AND3X1             slow          16.632000       3     49.896000  
AND3X2             slow          16.632000      17    282.743999  
AND3X4             slow          19.958401      16    319.334412  
AND4X1             slow          19.958401       2     39.916801  
AND4X2             slow          19.958401      39    778.377628  
AND4X4             slow          36.590401      24    878.169617  
AOI2BB1X1          slow          16.632000       2     33.264000  
AOI2BB1X2          slow          23.284800       9    209.563196  
AOI2BB2X1          slow          23.284800      26    605.404789  
AOI2BB2X2          slow          29.937599       6    179.625595  
AOI2BB2XL          slow          23.284800       2     46.569599  
AOI21X1            slow          13.305600       1     13.305600  
AOI21X2            slow          23.284800       1     23.284800  
AOI21XL            slow          13.305600       1     13.305600  
AOI22X1            slow          16.632000       9    149.688000  
AOI31X1            slow          16.632000       3     49.896000  
AOI31X2            slow          29.937599       4    119.750397  
AOI31X4            slow          29.937599       2     59.875198  
AOI31XL            slow          16.632000       1     16.632000  
AOI32X1            slow          23.284800       3     69.854399  
AOI32X2            slow          36.590401       1     36.590401  
AOI32X4            slow          33.264000       3     99.792000  
AOI32XL            slow          23.284800       1     23.284800  
AOI33X1            slow          26.611200       2     53.222401  
AOI33X2            slow          43.243198       3    129.729595  
AOI211X1           slow          16.632000       6     99.792000  
AOI211X2           slow          29.937599       4    119.750397  
AOI221X1           slow          23.284800      12    279.417595  
AOI221X2           slow          39.916801       6    239.500809  
AOI222X1           slow          26.611200      38   1011.225613  
AOI222X2           slow          46.569599       5    232.847996  
AOI222X4           slow          39.916801       3    119.750404  
BUFX1              slow          13.305600      35    465.696006  
BUFX2              slow          13.305600       2     26.611200  
BUFX3              slow          13.305600      49    651.974408  
BUFX4              slow          16.632000      11    182.952000  
BUFX8              slow          29.937599      24    718.502380  
BUFX12             slow          33.264000      13    432.431999  
BUFX16             slow          43.243198       5    216.215992  
BUFX20             slow          53.222401      11    585.446407  
CLKBUFX2           slow          13.305600       1     13.305600  
CLKBUFX3           slow          13.305600       1     13.305600  
CLKBUFX4           slow          16.632000       3     49.896000  
CLKBUFX8           slow          23.284800       3     69.854399  
CLKBUFXL           slow          13.305600       3     39.916800  
CLKINVX1           slow           9.979200       3     29.937601  
CLKINVX2           slow           9.979200       6     59.875202  
CLKINVX3           slow           9.979200     170   1696.464062  
CLKINVX4           slow          13.305600      21    279.417603  
CLKINVX8           slow          19.958401      41    818.294430  
CLKINVX20          slow          96.465599       1     96.465599  
CLKINVXL           slow           9.979200      24    239.500809  
DLY1X1             slow          19.958401       3     59.875202  
INVX1              slow           6.652800     619   4118.083251  
INVX2              slow           9.979200      30    299.376011  
INVX3              slow          13.305600       6     79.833601  
INVX4              slow          13.305600      63    838.252810  
INVX8              slow          19.958401      41    818.294430  
INVX12             slow          43.243198      11    475.675182  
INVX16             slow          56.548801       8    452.390411  
INVX20             slow          63.201599       4    252.806396  
INVXL              slow           6.652800      87    578.793607  
MX2X1              slow          26.611200     131   3486.067244  
MX2X2              slow          29.937599      31    928.065575  
MX2X4              slow          33.264000      34   1130.975998  
MX2XL              slow          26.611200       1     26.611200  
MXI2X1             slow          23.284800     134   3120.163143  
MXI2X2             slow          26.611200     109   2900.620836  
MXI2X4             slow          46.569599      54   2514.758354  
MXI2XL             slow          23.284800      27    628.689589  
NAND2BX1           slow          13.305600       3     39.916800  
NAND2BX2           slow          19.958401       3     59.875202  
NAND2BX4           slow          26.611200       1     26.611200  
NAND2BXL           slow          13.305600       1     13.305600  
NAND2X1            slow           9.979200      45    449.064016  
NAND2X2            slow          16.632000       6     99.792000  
NAND2X4            slow          23.284800      19    442.411192  
NAND2XL            slow           9.979200       6     59.875202  
NAND3BX2           slow          26.611200       1     26.611200  
NAND3BX4           slow          36.590401       7    256.132805  
NAND3X1            slow          13.305600     177   2355.091229  
NAND3X2            slow          23.284800      39    908.107183  
NAND3X4            slow          33.264000      31   1031.183998  
NAND3XL            slow          13.305600      25    332.640004  
NAND4BBX2          slow          36.590401       1     36.590401  
NAND4BBX4          slow          63.201599       3    189.604797  
NAND4BX4           slow          59.875198       8    479.001587  
NAND4BXL           slow          19.958401       2     39.916801  
NAND4X1            slow          16.632000     101   1679.831997  
NAND4X2            slow          29.937599      47   1407.067162  
NAND4X4            slow          56.548801      30   1696.464043  
NAND4XL            slow          16.632000      18    299.375999  
NOR2BX2            slow          19.958401       1     19.958401  
NOR2X1             slow           9.979200      46    459.043217  
NOR2X2             slow          16.632000      17    282.743999  
NOR2X4             slow          23.284800      18    419.126392  
NOR2XL             slow           9.979200       1      9.979200  
NOR3BX4            slow          36.590401       1     36.590401  
NOR3X1             slow          13.305600       2     26.611200  
NOR3X2             slow          23.284800       7    162.993597  
NOR3X4             slow          33.264000       4    133.056000  
NOR4X4             slow          56.548801       2    113.097603  
OAI2BB1X1          slow          16.632000      38    632.015999  
OAI2BB1X2          slow          23.284800      21    488.980791  
OAI2BB1X4          slow          33.264000      20    665.279999  
OAI2BB1XL          slow          16.632000      10    166.320000  
OAI2BB2X2          slow          33.264000       2     66.528000  
OAI2BB2X4          slow          49.896000       1     49.896000  
OAI21X2            slow          26.611200       1     26.611200  
OAI21X4            slow          36.590401       2     73.180801  
OAI21XL            slow          13.305600       1     13.305600  
OAI22X1            slow          19.958401      47    938.044834  
OAI22X2            slow          29.937599      27    808.315178  
OAI22X4            slow          46.569599       5    232.847996  
OAI22XL            slow          19.958401      17    339.292812  
OAI31X2            slow          29.937599       5    149.687996  
OAI31X4            slow          29.937599       4    119.750397  
OAI32X1            slow          23.284800       1     23.284800  
OAI32X2            slow          36.590401       4    146.361603  
OAI32X4            slow          33.264000       5    166.320000  
OAI33X2            slow          43.243198       1     43.243198  
OAI211X1           slow          19.958401      14    279.417610  
OAI211X2           slow          33.264000       2     66.528000  
OAI211X4           slow          29.937599       9    269.438393  
OAI211XL           slow          19.958401       2     39.916801  
OAI221X2           slow          43.243198       3    129.729595  
OAI221X4           slow          36.590401       5    182.952003  
OAI221XL           slow          23.284800       2     46.569599  
OAI222X2           slow          49.896000       4    199.584000  
OAI222X4           slow          39.916801       3    119.750404  
OAI222XL           slow          26.611200       1     26.611200  
OR2X1              slow          13.305600       5     66.528001  
OR2X2              slow          13.305600     242   3219.955240  
OR2X4              slow          19.958401      81   1616.630459  
OR2XL              slow          13.305600      30    399.168005  
OR3X4              slow          29.937599       1     29.937599  
OR3XL              slow          16.632000       5     83.160000  
OR4X2              slow          19.958401      44    878.169632  
OR4X4              slow          36.590401      29   1061.121620  
XNOR2X1            slow          26.611200      49   1303.948816  
XNOR2X2            slow          36.590401      22    804.988815  
XNOR2X4            slow          56.548801      14    791.683220  
XNOR2XL            slow          26.611200       5    133.056002  
XOR2X1             slow          26.611200     484  12879.820961  
XOR2X2             slow          33.264000     153   5089.391991  
XOR2X4             slow          56.548801      55   3110.184078  
XOR2XL             slow          26.611200     140   3725.568047  
-----------------------------------------------------------------------------
Total 150 references                                91595.751111
1
