 
****************************************
check_design summary:
Version:     W-2024.09-SP2
Date:        Thu Sep 10 18:54:53 2026
****************************************

                   Name                                            Total
--------------------------------------------------------------------------------
Cells                                                              66
    Cells do not drive (LINT-1)                                    65
    Connected to power or ground (LINT-32)                          1

Nets                                                               18
    Unloaded nets (LINT-2)                                         18
--------------------------------------------------------------------------------

Warning: In design 'recam_phase3j_full_dss_top_GROUP_POLICY0_ROW_ADDR_W9_COL_ADDR_W5_DIFF_ADDR_W9_HYBRID_ENTRIES7', cell 'C2802' does not drive any nets. (LINT-1)
Warning: In design 'recam_role_aware_config_scheduler_ROW_ADDR_W9_COL_ADDR_W5_DIFF_ADDR_W9_HYBRID_ENTRIES7', cell 'C320' does not drive any nets. (LINT-1)
Warning: In design 'recam_dss_group_allocator', cell 'C703' does not drive any nets. (LINT-1)
Warning: In design 'recam_shared_config_analyzer_ROW_ADDR_W9_COL_ADDR_W5_DIFF_ADDR_W9_HYBRID_ENTRIES7', cell 'B_1148' does not drive any nets. (LINT-1)
Warning: In design 'recam_shared_config_analyzer_ROW_ADDR_W9_COL_ADDR_W5_DIFF_ADDR_W9_HYBRID_ENTRIES7', cell 'B_1149' does not drive any nets. (LINT-1)
Warning: In design 'recam_shared_config_analyzer_ROW_ADDR_W9_COL_ADDR_W5_DIFF_ADDR_W9_HYBRID_ENTRIES7', cell 'B_1150' does not drive any nets. (LINT-1)
Warning: In design 'recam_shared_config_analyzer_ROW_ADDR_W9_COL_ADDR_W5_DIFF_ADDR_W9_HYBRID_ENTRIES7', cell 'B_1151' does not drive any nets. (LINT-1)
Warning: In design 'recam_shared_config_analyzer_ROW_ADDR_W9_COL_ADDR_W5_DIFF_ADDR_W9_HYBRID_ENTRIES7', cell 'B_1152' does not drive any nets. (LINT-1)
Warning: In design 'recam_shared_config_analyzer_ROW_ADDR_W9_COL_ADDR_W5_DIFF_ADDR_W9_HYBRID_ENTRIES7', cell 'B_1153' does not drive any nets. (LINT-1)
Warning: In design 'recam_shared_config_analyzer_ROW_ADDR_W9_COL_ADDR_W5_DIFF_ADDR_W9_HYBRID_ENTRIES7', cell 'B_1154' does not drive any nets. (LINT-1)
Warning: In design 'recam_shared_config_analyzer_ROW_ADDR_W9_COL_ADDR_W5_DIFF_ADDR_W9_HYBRID_ENTRIES7', cell 'B_1155' does not drive any nets. (LINT-1)
Warning: In design 'recam_shared_config_analyzer_ROW_ADDR_W9_COL_ADDR_W5_DIFF_ADDR_W9_HYBRID_ENTRIES7', cell 'B_1156' does not drive any nets. (LINT-1)
Warning: In design 'recam_shared_config_analyzer_ROW_ADDR_W9_COL_ADDR_W5_DIFF_ADDR_W9_HYBRID_ENTRIES7', cell 'B_1157' does not drive any nets. (LINT-1)
Warning: In design 'recam_shared_config_analyzer_ROW_ADDR_W9_COL_ADDR_W5_DIFF_ADDR_W9_HYBRID_ENTRIES7', cell 'B_1158' does not drive any nets. (LINT-1)
Warning: In design 'recam_shared_config_analyzer_ROW_ADDR_W9_COL_ADDR_W5_DIFF_ADDR_W9_HYBRID_ENTRIES7', cell 'B_1159' does not drive any nets. (LINT-1)
Warning: In design 'recam_shared_config_analyzer_ROW_ADDR_W9_COL_ADDR_W5_DIFF_ADDR_W9_HYBRID_ENTRIES7', cell 'B_1160' does not drive any nets. (LINT-1)
Warning: In design 'recam_shared_config_analyzer_ROW_ADDR_W9_COL_ADDR_W5_DIFF_ADDR_W9_HYBRID_ENTRIES7', cell 'B_1161' does not drive any nets. (LINT-1)
Warning: In design 'recam_shared_config_analyzer_ROW_ADDR_W9_COL_ADDR_W5_DIFF_ADDR_W9_HYBRID_ENTRIES7', cell 'B_1162' does not drive any nets. (LINT-1)
Warning: In design 'recam_shared_config_analyzer_ROW_ADDR_W9_COL_ADDR_W5_DIFF_ADDR_W9_HYBRID_ENTRIES7', cell 'B_1163' does not drive any nets. (LINT-1)
Warning: In design 'recam_shared_config_analyzer_ROW_ADDR_W9_COL_ADDR_W5_DIFF_ADDR_W9_HYBRID_ENTRIES7', cell 'B_1164' does not drive any nets. (LINT-1)
Warning: In design 'recam_shared_config_analyzer_ROW_ADDR_W9_COL_ADDR_W5_DIFF_ADDR_W9_HYBRID_ENTRIES7', cell 'B_1165' does not drive any nets. (LINT-1)
Warning: In design 'recam_shared_config_analyzer_ROW_ADDR_W9_COL_ADDR_W5_DIFF_ADDR_W9_HYBRID_ENTRIES7', cell 'B_1166' does not drive any nets. (LINT-1)
Warning: In design 'recam_shared_config_analyzer_ROW_ADDR_W9_COL_ADDR_W5_DIFF_ADDR_W9_HYBRID_ENTRIES7', cell 'B_1167' does not drive any nets. (LINT-1)
Warning: In design 'recam_shared_config_analyzer_ROW_ADDR_W9_COL_ADDR_W5_DIFF_ADDR_W9_HYBRID_ENTRIES7', cell 'B_1168' does not drive any nets. (LINT-1)
Warning: In design 'recam_shared_config_analyzer_ROW_ADDR_W9_COL_ADDR_W5_DIFF_ADDR_W9_HYBRID_ENTRIES7', cell 'C16776' does not drive any nets. (LINT-1)
Warning: In design 'recam_shared_config_analyzer_ROW_ADDR_W9_COL_ADDR_W5_DIFF_ADDR_W9_HYBRID_ENTRIES7', cell 'C16825' does not drive any nets. (LINT-1)
Warning: In design 'recam_shared_config_analyzer_ROW_ADDR_W9_COL_ADDR_W5_DIFF_ADDR_W9_HYBRID_ENTRIES7', cell 'C16867' does not drive any nets. (LINT-1)
Warning: In design 'recam_shared_config_analyzer_ROW_ADDR_W9_COL_ADDR_W5_DIFF_ADDR_W9_HYBRID_ENTRIES7', cell 'C16916' does not drive any nets. (LINT-1)
Warning: In design 'recam_shared_config_analyzer_ROW_ADDR_W9_COL_ADDR_W5_DIFF_ADDR_W9_HYBRID_ENTRIES7', cell 'C16967' does not drive any nets. (LINT-1)
Warning: In design 'recam_shared_config_analyzer_ROW_ADDR_W9_COL_ADDR_W5_DIFF_ADDR_W9_HYBRID_ENTRIES7', cell 'C17016' does not drive any nets. (LINT-1)
Warning: In design 'recam_shared_config_analyzer_ROW_ADDR_W9_COL_ADDR_W5_DIFF_ADDR_W9_HYBRID_ENTRIES7', cell 'C17058' does not drive any nets. (LINT-1)
Warning: In design 'recam_shared_config_analyzer_ROW_ADDR_W9_COL_ADDR_W5_DIFF_ADDR_W9_HYBRID_ENTRIES7', cell 'C17107' does not drive any nets. (LINT-1)
Warning: In design 'recam_shared_config_analyzer_ROW_ADDR_W9_COL_ADDR_W5_DIFF_ADDR_W9_HYBRID_ENTRIES7', cell 'C17158' does not drive any nets. (LINT-1)
Warning: In design 'recam_shared_config_analyzer_ROW_ADDR_W9_COL_ADDR_W5_DIFF_ADDR_W9_HYBRID_ENTRIES7', cell 'C17207' does not drive any nets. (LINT-1)
Warning: In design 'recam_shared_config_analyzer_ROW_ADDR_W9_COL_ADDR_W5_DIFF_ADDR_W9_HYBRID_ENTRIES7', cell 'C17249' does not drive any nets. (LINT-1)
Warning: In design 'recam_shared_config_analyzer_ROW_ADDR_W9_COL_ADDR_W5_DIFF_ADDR_W9_HYBRID_ENTRIES7', cell 'C17298' does not drive any nets. (LINT-1)
Warning: In design 'recam_shared_config_analyzer_ROW_ADDR_W9_COL_ADDR_W5_DIFF_ADDR_W9_HYBRID_ENTRIES7', cell 'C17349' does not drive any nets. (LINT-1)
Warning: In design 'recam_shared_config_analyzer_ROW_ADDR_W9_COL_ADDR_W5_DIFF_ADDR_W9_HYBRID_ENTRIES7', cell 'C17398' does not drive any nets. (LINT-1)
Warning: In design 'recam_shared_config_analyzer_ROW_ADDR_W9_COL_ADDR_W5_DIFF_ADDR_W9_HYBRID_ENTRIES7', cell 'C17440' does not drive any nets. (LINT-1)
Warning: In design 'recam_shared_config_analyzer_ROW_ADDR_W9_COL_ADDR_W5_DIFF_ADDR_W9_HYBRID_ENTRIES7', cell 'C17489' does not drive any nets. (LINT-1)
Warning: In design 'recam_shared_config_analyzer_ROW_ADDR_W9_COL_ADDR_W5_DIFF_ADDR_W9_HYBRID_ENTRIES7', cell 'C17540' does not drive any nets. (LINT-1)
Warning: In design 'recam_shared_config_analyzer_ROW_ADDR_W9_COL_ADDR_W5_DIFF_ADDR_W9_HYBRID_ENTRIES7', cell 'C17589' does not drive any nets. (LINT-1)
Warning: In design 'recam_shared_config_analyzer_ROW_ADDR_W9_COL_ADDR_W5_DIFF_ADDR_W9_HYBRID_ENTRIES7', cell 'C17631' does not drive any nets. (LINT-1)
Warning: In design 'recam_shared_config_analyzer_ROW_ADDR_W9_COL_ADDR_W5_DIFF_ADDR_W9_HYBRID_ENTRIES7', cell 'C17680' does not drive any nets. (LINT-1)
Warning: In design 'recam_shared_config_analyzer_ROW_ADDR_W9_COL_ADDR_W5_DIFF_ADDR_W9_HYBRID_ENTRIES7', cell 'C17731' does not drive any nets. (LINT-1)
Warning: In design 'recam_shared_config_analyzer_ROW_ADDR_W9_COL_ADDR_W5_DIFF_ADDR_W9_HYBRID_ENTRIES7', cell 'C17780' does not drive any nets. (LINT-1)
Warning: In design 'recam_shared_config_analyzer_ROW_ADDR_W9_COL_ADDR_W5_DIFF_ADDR_W9_HYBRID_ENTRIES7', cell 'C17822' does not drive any nets. (LINT-1)
Warning: In design 'recam_shared_config_analyzer_ROW_ADDR_W9_COL_ADDR_W5_DIFF_ADDR_W9_HYBRID_ENTRIES7', cell 'C17871' does not drive any nets. (LINT-1)
Warning: In design 'recam_shared_config_analyzer_ROW_ADDR_W9_COL_ADDR_W5_DIFF_ADDR_W9_HYBRID_ENTRIES7', cell 'C17922' does not drive any nets. (LINT-1)
Warning: In design 'recam_shared_config_analyzer_ROW_ADDR_W9_COL_ADDR_W5_DIFF_ADDR_W9_HYBRID_ENTRIES7', cell 'C17966' does not drive any nets. (LINT-1)
Warning: In design 'recam_shared_config_analyzer_ROW_ADDR_W9_COL_ADDR_W5_DIFF_ADDR_W9_HYBRID_ENTRIES7', cell 'C18008' does not drive any nets. (LINT-1)
Warning: In design 'recam_shared_config_analyzer_ROW_ADDR_W9_COL_ADDR_W5_DIFF_ADDR_W9_HYBRID_ENTRIES7', cell 'C18052' does not drive any nets. (LINT-1)
Warning: In design 'recam_shared_config_analyzer_ROW_ADDR_W9_COL_ADDR_W5_DIFF_ADDR_W9_HYBRID_ENTRIES7', cell 'B_1176' does not drive any nets. (LINT-1)
Warning: In design 'recam_shared_config_analyzer_ROW_ADDR_W9_COL_ADDR_W5_DIFF_ADDR_W9_HYBRID_ENTRIES7', cell 'B_1192' does not drive any nets. (LINT-1)
Warning: In design 'recam_shared_config_analyzer_ROW_ADDR_W9_COL_ADDR_W5_DIFF_ADDR_W9_HYBRID_ENTRIES7', cell 'B_1202' does not drive any nets. (LINT-1)
Warning: In design 'recam_shared_config_analyzer_ROW_ADDR_W9_COL_ADDR_W5_DIFF_ADDR_W9_HYBRID_ENTRIES7', cell 'B_1212' does not drive any nets. (LINT-1)
Warning: In design 'recam_shared_config_analyzer_ROW_ADDR_W9_COL_ADDR_W5_DIFF_ADDR_W9_HYBRID_ENTRIES7', cell 'B_1222' does not drive any nets. (LINT-1)
Warning: In design 'recam_shared_config_analyzer_ROW_ADDR_W9_COL_ADDR_W5_DIFF_ADDR_W9_HYBRID_ENTRIES7', cell 'B_1232' does not drive any nets. (LINT-1)
Warning: In design 'recam_shared_config_analyzer_ROW_ADDR_W9_COL_ADDR_W5_DIFF_ADDR_W9_HYBRID_ENTRIES7', cell 'B_1248' does not drive any nets. (LINT-1)
Warning: In design 'recam_shared_config_analyzer_ROW_ADDR_W9_COL_ADDR_W5_DIFF_ADDR_W9_HYBRID_ENTRIES7', cell 'B_1268' does not drive any nets. (LINT-1)
Warning: In design 'recam_shared_config_analyzer_ROW_ADDR_W9_COL_ADDR_W5_DIFF_ADDR_W9_HYBRID_ENTRIES7', cell 'B_1288' does not drive any nets. (LINT-1)
Warning: In design 'recam_shared_config_analyzer_ROW_ADDR_W9_COL_ADDR_W5_DIFF_ADDR_W9_HYBRID_ENTRIES7', cell 'B_1308' does not drive any nets. (LINT-1)
Warning: In design 'recam_shared_config_analyzer_ROW_ADDR_W9_COL_ADDR_W5_DIFF_ADDR_W9_HYBRID_ENTRIES7', cell 'C20042' does not drive any nets. (LINT-1)
Warning: In design 'recam_shared_config_analyzer_ROW_ADDR_W9_COL_ADDR_W5_DIFF_ADDR_W9_HYBRID_ENTRIES7', cell 'C20043' does not drive any nets. (LINT-1)
Warning: In design 'recam_shared_config_analyzer_ROW_ADDR_W9_COL_ADDR_W5_DIFF_ADDR_W9_HYBRID_ENTRIES7', cell 'C20044' does not drive any nets. (LINT-1)
Warning: In design 'recam_phase3j_full_early_top', net 'd/allocator_busy' driven by pin 'd/allocator/busy_o' has no loads. (LINT-2)
Warning: In design 'recam_phase3j_full_early_top', net 'd/scheduler_busy' driven by pin 'd/scheduler/busy_o' has no loads. (LINT-2)
Warning: In design 'recam_phase3j_full_early_top', net 'd/scheduler/dictionary_overflow_unused' driven by pin 'd/scheduler/shared_analyzer/dictionary_overflow_o' has no loads. (LINT-2)
Warning: In design 'recam_phase3j_full_early_top', net 'd/allocator/rep' driven by pin 'd/allocator/f/selected_repairable_o' has no loads. (LINT-2)
Warning: In design 'recam_phase3j_full_early_top', net 'd/allocator/cand[0]' driven by pin 'd/allocator/f/selected_candidate_valid_o[0]' has no loads. (LINT-2)
Warning: In design 'recam_phase3j_full_early_top', net 'd/allocator/cand[1]' driven by pin 'd/allocator/f/selected_candidate_valid_o[1]' has no loads. (LINT-2)
Warning: In design 'recam_phase3j_full_early_top', net 'd/allocator/cand[2]' driven by pin 'd/allocator/f/selected_candidate_valid_o[2]' has no loads. (LINT-2)
Warning: In design 'recam_phase3j_full_early_top', net 'd/allocator/cand[3]' driven by pin 'd/allocator/f/selected_candidate_valid_o[3]' has no loads. (LINT-2)
Warning: In design 'recam_phase3j_full_early_top', net 'd/allocator/cand[4]' driven by pin 'd/allocator/f/selected_candidate_valid_o[4]' has no loads. (LINT-2)
Warning: In design 'recam_phase3j_full_early_top', net 'd/allocator/cand[5]' driven by pin 'd/allocator/f/selected_candidate_valid_o[5]' has no loads. (LINT-2)
Warning: In design 'recam_phase3j_full_early_top', net 'd/allocator/cand[6]' driven by pin 'd/allocator/f/selected_candidate_valid_o[6]' has no loads. (LINT-2)
Warning: In design 'recam_phase3j_full_early_top', net 'd/allocator/cand[7]' driven by pin 'd/allocator/f/selected_candidate_valid_o[7]' has no loads. (LINT-2)
Warning: In design 'recam_phase3j_full_early_top', net 'd/allocator/cand[8]' driven by pin 'd/allocator/f/selected_candidate_valid_o[8]' has no loads. (LINT-2)
Warning: In design 'recam_phase3j_full_early_top', net 'd/allocator/cand[9]' driven by pin 'd/allocator/f/selected_candidate_valid_o[9]' has no loads. (LINT-2)
Warning: In design 'recam_phase3j_full_early_top', net 'd/allocator/feasible[0]' driven by pin 'd/allocator/f/physical_feasible_bitmap_o[0]' has no loads. (LINT-2)
Warning: In design 'recam_phase3j_full_early_top', net 'd/allocator/feasible[1]' driven by pin 'd/allocator/f/physical_feasible_bitmap_o[1]' has no loads. (LINT-2)
Warning: In design 'recam_phase3j_full_early_top', net 'd/allocator/feasible[2]' driven by pin 'd/allocator/f/physical_feasible_bitmap_o[2]' has no loads. (LINT-2)
Warning: In design 'recam_phase3j_full_early_top', net 'd/allocator/feasible[3]' driven by pin 'd/allocator/f/physical_feasible_bitmap_o[3]' has no loads. (LINT-2)
Warning: In design 'recam_phase3j_full_dss_top_GROUP_POLICY0_ROW_ADDR_W9_COL_ADDR_W5_DIFF_ADDR_W9_HYBRID_ENTRIES7', a pin on submodule 'allocator' is connected to logic 1 or logic 0. (LINT-32)
   Pin 'policy_i' is connected to logic 0. 
1
