 
****************************************
Report : qor
Design : recam_phase3j_full_early_top
Version: W-2024.09-SP2
Date   : Thu Sep 10 18:55:28 2026
****************************************


  Timing Path Group 'recam_clk'
  -----------------------------------
  Levels of Logic:             121.00
  Critical Path Length:         29.85
  Critical Path Slack:           0.01
  Critical Path Clk Period:     30.00
  Total Negative Slack:          0.00
  No. of Violating Paths:        0.00
  Worst Hold Violation:          0.00
  Total Hold Violation:          0.00
  No. of Hold Violations:        0.00
  -----------------------------------


  Cell Count
  -----------------------------------
  Hierarchical Cell Count:         10
  Hierarchical Port Count:       1361
  Leaf Cell Count:               5517
  Buf/Inv Cell Count:            1629
  Buf Cell Count:                  56
  Inv Cell Count:                1573
  CT Buf/Inv Cell Count:            0
  Combinational Cell Count:      5032
  Sequential Cell Count:          485
  Macro Count:                      0
  -----------------------------------


  Area
  -----------------------------------
  Combinational Area:    83805.322121
  Noncombinational Area: 25876.065926
  Buf/Inv Area:          12597.076998
  Total Buffer Area:           844.91
  Total Inverter Area:       11752.17
  Macro/Black Box Area:      0.000000
  Net Area:             611476.438416
  -----------------------------------
  Cell Area:            109681.388047
  Design Area:          721157.826462


  Design Rules
  -----------------------------------
  Total Number of Nets:          5727
  Nets With Violations:             0
  Max Trans Violations:             0
  Max Cap Violations:               0
  -----------------------------------


  Hostname: Kaohsiung

  Compile CPU Statistics
  -----------------------------------------
  Resource Sharing:                    3.20
  Logic Optimization:                 18.14
  Mapping Optimization:                5.47
  -----------------------------------------
  Overall Compile Time:               34.26
  Overall Compile Wall Clock Time:    34.54

  --------------------------------------------------------------------

  Design  WNS: 0.00  TNS: 0.00  Number of Violating Paths: 0


  Design (Hold)  WNS: 0.00  TNS: 0.00  Number of Violating Paths: 0

  --------------------------------------------------------------------


1
