 
****************************************
Report : reference
Design : recam_phase3j_full_early_top
Version: W-2024.09-SP2
Date   : Thu Sep 10 18:55:28 2026
****************************************

Attributes:
    b - black box (unknown)
   bo - allows boundary optimization
    d - dont_touch
   mo - map_only
    h - hierarchical
    n - noncombinational
    r - removable
    s - synthetic operator
    u - contains unmapped logic

Reference          Library       Unit Area   Count    Total Area   Attributes
-----------------------------------------------------------------------------
recam_phase3j_full_dss_top_GROUP_POLICY0_ROW_ADDR_W9_COL_ADDR_W5_DIFF_ADDR_W9_HYBRID_ENTRIES7
                              109681.388047
                                                 1  109681.388047 h, n
-----------------------------------------------------------------------------
Total 1 references                                  109681.388047

****************************************
Design: recam_phase3j_full_dss_top_GROUP_POLICY0_ROW_ADDR_W9_COL_ADDR_W5_DIFF_ADDR_W9_HYBRID_ENTRIES7 
****************************************
Reference          Library       Unit Area   Count    Total Area   Attributes
-----------------------------------------------------------------------------
AOI2BB1X1          slow          16.632000       1     16.632000  
AOI21X1            slow          13.305600       3     39.916800  
AOI21XL            slow          13.305600       3     39.916800  
AOI31X1            slow          16.632000       1     16.632000  
BUFX3              slow          13.305600       1     13.305600  
DFFHQXL            slow          53.222401     325  17297.280216  n
DFFTRXL            slow          56.548801       1     56.548801  n
DFFXL              slow          56.548801       1     56.548801  n
INVX1              slow           6.652800     205   1363.824017  
INVXL              slow           6.652800       2     13.305600  
NAND2X1            slow           9.979200       2     19.958401  
NAND2XL            slow           9.979200       1      9.979200  
NAND3X1            slow          13.305600       2     26.611200  
NAND3XL            slow          13.305600       1     13.305600  
NAND4X1            slow          16.632000       2     33.264000  
NAND4XL            slow          16.632000       1     16.632000  
NOR2X1             slow           9.979200       3     29.937601  
NOR3X1             slow          13.305600       2     26.611200  
OAI2BB2X1          slow          23.284800     320   7451.135864  
OAI21XL            slow          13.305600       4     53.222401  
OAI22X1            slow          19.958401       2     39.916801  
OAI32X1            slow          23.284800       1     23.284800  
OR2X2              slow          13.305600       4     53.222401  
OR2XL              slow          13.305600       1     13.305600  
recam_dss_group_allocator     16595.409714       1  16595.409714  h, n
recam_role_aware_config_scheduler_ROW_ADDR_W9_COL_ADDR_W5_DIFF_ADDR_W9_HYBRID_ENTRIES7
                              66361.680626       1  66361.680626  h, n
-----------------------------------------------------------------------------
Total 26 references                                 109681.388047

****************************************
Design: recam_dss_group_allocator 
****************************************
Reference          Library       Unit Area   Count    Total Area   Attributes
-----------------------------------------------------------------------------
AND2X1             slow          13.305600       1     13.305600  
AOI21X1            slow          13.305600       1     13.305600  
AOI22X1            slow          16.632000     160   2661.119995  
BUFX1              slow          13.305600       1     13.305600  
BUFX3              slow          13.305600       5     66.528001  
DFFHQXL            slow          53.222401      73   3885.235249  n
INVX1              slow           6.652800     116    771.724810  
INVXL              slow           6.652800       8     53.222401  
NAND2X1            slow           9.979200      87    868.190432  
NAND2XL            slow           9.979200       4     39.916801  
NAND3X1            slow          13.305600       1     13.305600  
NAND3XL            slow          13.305600       1     13.305600  
NOR2X1             slow           9.979200       2     19.958401  
NOR2XL             slow           9.979200       1      9.979200  
OAI2BB1X1          slow          16.632000       2     33.264000  
OAI2BB1XL          slow          16.632000       4     66.528000  
OAI2BB2X1          slow          23.284800      10    232.847996  
OAI2BB2XL          slow          23.284800      55   1280.663977  
OAI21XL            slow          13.305600       6     79.833601  
OAI22X1            slow          19.958401       2     39.916801  
OAI31X1            slow          19.958401       8    159.667206  
OAI32XL            slow          23.284800       1     23.284800  
XOR2X1             slow          26.611200       1     26.611200  
recam_resource_aware_fallback_selector
                               6210.388844       1   6210.388844  h
-----------------------------------------------------------------------------
Total 24 references                                 16595.409714

****************************************
Design: recam_resource_aware_fallback_selector 
****************************************
Reference          Library       Unit Area   Count    Total Area   Attributes
-----------------------------------------------------------------------------
AOI21X1            slow          13.305600       2     26.611200  
AOI21XL            slow          13.305600       2     26.611200  
AOI22X1            slow          16.632000      58    964.655998  
AOI22XL            slow          16.632000      31    515.591999  
AOI32X1            slow          23.284800       1     23.284800  
AOI33X1            slow          26.611200       2     53.222401  
AOI211X1           slow          16.632000       1     16.632000  
AOI221X1           slow          23.284800       3     69.854399  
AOI221X4           slow          36.590401       1     36.590401  
AOI222X1           slow          26.611200       8    212.889603  
BUFX1              slow          13.305600       1     13.305600  
BUFX3              slow          13.305600       7     93.139201  
INVX1              slow           6.652800     118    785.030410  
INVXL              slow           6.652800      14     93.139201  
NAND2BX1           slow          13.305600       1     13.305600  
NAND2X1            slow           9.979200      10     99.792004  
NAND2XL            slow           9.979200       4     39.916801  
NAND3X1            slow          13.305600       1     13.305600  
NAND4BXL           slow          19.958401       2     39.916801  
NAND4X1            slow          16.632000       3     49.896000  
NOR2BX1            slow          13.305600       1     13.305600  
NOR2X1             slow           9.979200      16    159.667206  
NOR2XL             slow           9.979200       2     19.958401  
NOR3X1             slow          13.305600       1     13.305600  
OAI2BB1X1          slow          16.632000       2     33.264000  
OAI21XL            slow          13.305600       7     93.139201  
OAI22X1            slow          19.958401      15    299.376011  
OAI22XL            slow          19.958401       6    119.750404  
OAI31X1            slow          19.958401       2     39.916801  
OAI32X1            slow          23.284800       2     46.569599  
OAI221XL           slow          23.284800      40    931.391983  
XNOR2XL            slow          26.611200       1     26.611200  
recam_config_resource_action_decoder_0
                                252.806404       1    252.806404  h
recam_config_resource_action_decoder_1
                                252.806404       1    252.806404  h
recam_config_resource_action_decoder_2
                                252.806404       1    252.806404  h
recam_config_resource_action_decoder_3
                                246.153604       1    246.153604  h
recam_physical_resource_ledger_checker
                                222.868803       1    222.868803  h
-----------------------------------------------------------------------------
Total 37 references                                  6210.388844

****************************************
Design: recam_config_resource_action_decoder_0 
****************************************
Reference          Library       Unit Area   Count    Total Area   Attributes
-----------------------------------------------------------------------------
INVX1              slow           6.652800       5     33.264000  
INVXL              slow           6.652800       2     13.305600  
NAND2BX1           slow          13.305600       1     13.305600  
NAND3X1            slow          13.305600       4     53.222401  
NAND4XL            slow          16.632000       1     16.632000  
NOR2X1             slow           9.979200       1      9.979200  
OAI21XL            slow          13.305600       1     13.305600  
OAI31X1            slow          19.958401       1     19.958401  
OR2X2              slow          13.305600       2     26.611200  
XNOR2X1            slow          26.611200       2     53.222401  
-----------------------------------------------------------------------------
Total 10 references                                   252.806404

****************************************
Design: recam_config_resource_action_decoder_1 
****************************************
Reference          Library       Unit Area   Count    Total Area   Attributes
-----------------------------------------------------------------------------
INVX1              slow           6.652800       5     33.264000  
INVXL              slow           6.652800       2     13.305600  
NAND2BX1           slow          13.305600       1     13.305600  
NAND3X1            slow          13.305600       1     13.305600  
NAND3XL            slow          13.305600       3     39.916800  
NAND4XL            slow          16.632000       1     16.632000  
NOR2XL             slow           9.979200       1      9.979200  
OAI21XL            slow          13.305600       1     13.305600  
OAI31X1            slow          19.958401       1     19.958401  
OR2X2              slow          13.305600       1     13.305600  
OR2XL              slow          13.305600       1     13.305600  
XNOR2X1            slow          26.611200       1     26.611200  
XOR2X1             slow          26.611200       1     26.611200  
-----------------------------------------------------------------------------
Total 13 references                                   252.806404

****************************************
Design: recam_config_resource_action_decoder_2 
****************************************
Reference          Library       Unit Area   Count    Total Area   Attributes
-----------------------------------------------------------------------------
INVX1              slow           6.652800       5     33.264000  
INVXL              slow           6.652800       2     13.305600  
NAND2BX1           slow          13.305600       1     13.305600  
NAND3X1            slow          13.305600       1     13.305600  
NAND3XL            slow          13.305600       3     39.916800  
NAND4XL            slow          16.632000       1     16.632000  
NOR2XL             slow           9.979200       1      9.979200  
OAI21XL            slow          13.305600       1     13.305600  
OAI31X1            slow          19.958401       1     19.958401  
OR2X2              slow          13.305600       1     13.305600  
OR2XL              slow          13.305600       1     13.305600  
XNOR2X1            slow          26.611200       1     26.611200  
XOR2X1             slow          26.611200       1     26.611200  
-----------------------------------------------------------------------------
Total 13 references                                   252.806404

****************************************
Design: recam_config_resource_action_decoder_3 
****************************************
Reference          Library       Unit Area   Count    Total Area   Attributes
-----------------------------------------------------------------------------
INVX1              slow           6.652800       4     26.611200  
INVXL              slow           6.652800       2     13.305600  
NAND2BX1           slow          13.305600       1     13.305600  
NAND3X1            slow          13.305600       4     53.222401  
NAND4XL            slow          16.632000       1     16.632000  
NOR2X1             slow           9.979200       1      9.979200  
OAI21XL            slow          13.305600       1     13.305600  
OAI31X1            slow          19.958401       1     19.958401  
OR2X2              slow          13.305600       2     26.611200  
XNOR2X1            slow          26.611200       2     53.222401  
-----------------------------------------------------------------------------
Total 10 references                                   246.153604

****************************************
Design: recam_physical_resource_ledger_checker 
****************************************
Reference          Library       Unit Area   Count    Total Area   Attributes
-----------------------------------------------------------------------------
AND3X2             slow          16.632000       1     16.632000  
AOI21X1            slow          13.305600       1     13.305600  
INVX1              slow           6.652800       5     33.264000  
NOR2X1             slow           9.979200       2     19.958401  
NOR3X1             slow          13.305600       4     53.222401  
OAI2BB1X1          slow          16.632000       2     33.264000  
OAI21XL            slow          13.305600       2     26.611200  
OAI222XL           slow          26.611200       1     26.611200  
-----------------------------------------------------------------------------
Total 8 references                                    222.868803

****************************************
Design: recam_role_aware_config_scheduler_ROW_ADDR_W9_COL_ADDR_W5_DIFF_ADDR_W9_HYBRID_ENTRIES7 
****************************************
Reference          Library       Unit Area   Count    Total Area   Attributes
-----------------------------------------------------------------------------
AND2X2             slow          13.305600       5     66.528001  
AND3X1             slow          16.632000       1     16.632000  
BUFX3              slow          13.305600       5     66.528001  
CLKINVX3           slow           9.979200       6     59.875202  
CLKINVX4           slow          13.305600       2     26.611200  
CLKINVX8           slow          19.958401       2     39.916801  
DFFHQX2            slow          66.528000       1     66.528000  n
DFFHQX4            slow          73.180801       2    146.361603  n
DFFHQXL            slow          53.222401      81   4311.014454  n
DFFXL              slow          56.548801       1     56.548801  n
INVX1              slow           6.652800      83    552.182407  
INVX4              slow          13.305600       2     26.611200  
INVXL              slow           6.652800      18    119.750401  
NAND3XL            slow          13.305600       2     26.611200  
OAI2BB1X1          slow          16.632000      12    199.584000  
OAI2BB1X2          slow          23.284800       2     46.569599  
OAI2BB1X4          slow          33.264000       1     33.264000  
OAI2BB2X1          slow          23.284800       1     23.284800  
OAI21XL            slow          13.305600       1     13.305600  
OAI22X1            slow          19.958401      52   1037.836838  
OAI22XL            slow          19.958401      17    339.292812  
OR2X2              slow          13.305600       8    106.444801  
OR2XL              slow          13.305600       1     13.305600  
recam_shared_config_analyzer_ROW_ADDR_W9_COL_ADDR_W5_DIFF_ADDR_W9_HYBRID_ENTRIES7
                              58967.093303       1  58967.093303  h
-----------------------------------------------------------------------------
Total 24 references                                 66361.680626

****************************************
Design: recam_shared_config_analyzer_ROW_ADDR_W9_COL_ADDR_W5_DIFF_ADDR_W9_HYBRID_ENTRIES7 
****************************************
Reference          Library       Unit Area   Count    Total Area   Attributes
-----------------------------------------------------------------------------
AND2X2             slow          13.305600      31    412.473605  
AND2X4             slow          16.632000       1     16.632000  
AND3X1             slow          16.632000       3     49.896000  
AND3X2             slow          16.632000       9    149.688000  
AND3X4             slow          19.958401       3     59.875202  
AND4X2             slow          19.958401      29    578.793621  
AND4X4             slow          36.590401       5    182.952003  
AOI2BB1X1          slow          16.632000       8    133.056000  
AOI2BB1X2          slow          23.284800       2     46.569599  
AOI2BB1XL          slow          16.632000       1     16.632000  
AOI2BB2X1          slow          23.284800      86   2002.492764  
AOI2BB2X2          slow          29.937599       8    239.500793  
AOI2BB2X4          slow          49.896000       1     49.896000  
AOI2BB2XL          slow          23.284800       9    209.563196  
AOI21X1            slow          13.305600       2     26.611200  
AOI22X1            slow          16.632000       5     83.160000  
AOI31X1            slow          16.632000       5     83.160000  
AOI31X4            slow          29.937599       1     29.937599  
AOI33X1            slow          26.611200       3     79.833601  
AOI211X2           slow          29.937599       3     89.812798  
AOI221X1           slow          23.284800       3     69.854399  
AOI221X2           slow          39.916801       1     39.916801  
AOI221X4           slow          36.590401       5    182.952003  
AOI222X1           slow          26.611200      23    612.057608  
BUFX1              slow          13.305600       7     93.139201  
BUFX3              slow          13.305600      21    279.417603  
BUFX4              slow          16.632000       3     49.896000  
BUFX16             slow          43.243198       1     43.243198  
BUFX20             slow          53.222401       1     53.222401  
CLKBUFX2           slow          13.305600       1     13.305600  
CLKBUFX8           slow          23.284800       2     46.569599  
CLKINVX2           slow           9.979200       2     19.958401  
CLKINVX3           slow           9.979200     102   1017.878437  
CLKINVX4           slow          13.305600       8    106.444801  
CLKINVX8           slow          19.958401      12    239.500809  
CLKINVXL           slow           9.979200       8     79.833603  
INVX1              slow           6.652800     638   4244.486453  
INVX2              slow           9.979200      16    159.667206  
INVX3              slow          13.305600       2     26.611200  
INVX4              slow          13.305600      24    319.334404  
INVX8              slow          19.958401      21    419.126415  
INVX12             slow          43.243198       2     86.486397  
INVX16             slow          56.548801       1     56.548801  
INVXL              slow           6.652800     129    858.211211  
MX2X1              slow          26.611200      71   1889.395224  
MX2XL              slow          26.611200       1     26.611200  
MXI2X1             slow          23.284800     100   2328.479958  
MXI2X2             slow          26.611200      60   1596.672020  
MXI2X4             slow          46.569599       9    419.126392  
MXI2XL             slow          23.284800     128   2980.454346  
NAND2BX1           slow          13.305600       1     13.305600  
NAND2X1            slow           9.979200      36    359.251213  
NAND2X2            slow          16.632000       6     99.792000  
NAND2X4            slow          23.284800       1     23.284800  
NAND2XL            slow           9.979200       1      9.979200  
NAND3BXL           slow          16.632000       1     16.632000  
NAND3X1            slow          13.305600     168   2235.340828  
NAND3X2            slow          23.284800      12    279.417595  
NAND3X4            slow          33.264000      15    498.959999  
NAND3XL            slow          13.305600      16    212.889603  
NAND4BX4           slow          59.875198       1     59.875198  
NAND4BXL           slow          19.958401       2     39.916801  
NAND4X1            slow          16.632000      98   1629.935997  
NAND4X2            slow          29.937599      11    329.313591  
NAND4X4            slow          56.548801      14    791.683220  
NAND4XL            slow          16.632000       8    133.056000  
NOR2X1             slow           9.979200      27    269.438410  
NOR2X2             slow          16.632000       8    133.056000  
NOR2X4             slow          23.284800       7    162.993597  
NOR2XL             slow           9.979200       2     19.958401  
NOR3X1             slow          13.305600      10    133.056002  
NOR3XL             slow          13.305600       1     13.305600  
NOR4X1             slow          19.958401       3     59.875202  
OAI2BB1X1          slow          16.632000      58    964.655998  
OAI2BB1X2          slow          23.284800      21    488.980791  
OAI2BB1X4          slow          33.264000       5    166.320000  
OAI2BB1XL          slow          16.632000       6     99.792000  
OAI21X1            slow          16.632000       2     33.264000  
OAI21X4            slow          36.590401       1     36.590401  
OAI22X1            slow          19.958401      33    658.627224  
OAI22X2            slow          29.937599      14    419.126389  
OAI22XL            slow          19.958401      29    578.793621  
OAI31X4            slow          29.937599       1     29.937599  
OAI32X4            slow          33.264000       1     33.264000  
OAI211X1           slow          19.958401      15    299.376011  
OAI211X2           slow          33.264000       2     66.528000  
OAI211X4           slow          29.937599      10    299.375992  
OAI221X2           slow          43.243198       2     86.486397  
OAI221X4           slow          36.590401       3    109.771202  
OAI221XL           slow          23.284800       3     69.854399  
OAI222X4           slow          39.916801       8    319.334412  
OAI222XL           slow          26.611200       2     53.222401  
OR2X1              slow          13.305600       2     26.611200  
OR2X2              slow          13.305600     229   3046.982438  
OR2X4              slow          19.958401      42    838.252831  
OR2XL              slow          13.305600      31    412.473605  
OR3XL              slow          16.632000       2     33.264000  
OR4X2              slow          19.958401      74   1476.921654  
OR4X4              slow          36.590401      17    622.036812  
OR4XL              slow          19.958401       1     19.958401  
XNOR2X1            slow          26.611200     105   2794.176035  
XNOR2X2            slow          36.590401       1     36.590401  
XNOR2XL            slow          26.611200       7    186.278402  
XOR2X1             slow          26.611200     337   8967.974512  
XOR2X2             slow          33.264000      45   1496.879997  
XOR2X4             slow          56.548801       6    339.292809  
XOR2XL             slow          26.611200     129   3432.844843  
-----------------------------------------------------------------------------
Total 107 references                                58967.093303
1
