Information: Checking out the license 'DesignWare'. (SEC-104)
Module: DW01_cmp2_width4, Ports: 12, Input: 10, Output: 2, Inout: 0
Module: DW01_cmp2_width4, Registers: 0, Async set/reset: 0, Sync set/reset: 0
Module: DW01_cmp6_width10, Ports: 27, Input: 21, Output: 6, Inout: 0
Module: DW01_cmp6_width10, Registers: 0, Async set/reset: 0, Sync set/reset: 0
Module: DW01_cmp2_width3, Ports: 10, Input: 8, Output: 2, Inout: 0
Module: DW01_cmp2_width3, Registers: 0, Async set/reset: 0, Sync set/reset: 0
Module: DW01_inc_width4, Ports: 8, Input: 4, Output: 4, Inout: 0
Module: DW01_inc_width4, Registers: 0, Async set/reset: 0, Sync set/reset: 0
Module: DW01_cmp2_width5, Ports: 14, Input: 12, Output: 2, Inout: 0
Module: DW01_cmp2_width5, Registers: 0, Async set/reset: 0, Sync set/reset: 0
Module: DW01_inc_width3, Ports: 6, Input: 3, Output: 3, Inout: 0
Module: DW01_inc_width3, Registers: 0, Async set/reset: 0, Sync set/reset: 0
Module: DW01_cmp2_width9, Ports: 22, Input: 20, Output: 2, Inout: 0
Module: DW01_cmp2_width9, Registers: 0, Async set/reset: 0, Sync set/reset: 0
Module: DW01_inc_width2, Ports: 4, Input: 2, Output: 2, Inout: 0
Module: DW01_inc_width2, Registers: 0, Async set/reset: 0, Sync set/reset: 0
Module: DW01_sub_width3, Ports: 11, Input: 7, Output: 4, Inout: 0
Module: DW01_sub_width3, Registers: 0, Async set/reset: 0, Sync set/reset: 0
Module: DW01_add_width6, Ports: 20, Input: 13, Output: 7, Inout: 0
Module: DW01_add_width6, Registers: 0, Async set/reset: 0, Sync set/reset: 0
Module: DW01_sub_width6, Ports: 20, Input: 13, Output: 7, Inout: 0
Module: DW01_sub_width6, Registers: 0, Async set/reset: 0, Sync set/reset: 0
Module: DW01_cmp6_width3, Ports: 13, Input: 7, Output: 6, Inout: 0
Module: DW01_cmp6_width3, Registers: 0, Async set/reset: 0, Sync set/reset: 0
Module: DW01_cmp2_width6, Ports: 16, Input: 14, Output: 2, Inout: 0
Module: DW01_cmp2_width6, Registers: 0, Async set/reset: 0, Sync set/reset: 0
Module: DW01_cmp6_width6, Ports: 19, Input: 13, Output: 6, Inout: 0
Module: DW01_cmp6_width6, Registers: 0, Async set/reset: 0, Sync set/reset: 0
Module: DW01_inc_width12, Ports: 24, Input: 12, Output: 12, Inout: 0
Module: DW01_inc_width12, Registers: 0, Async set/reset: 0, Sync set/reset: 0
Module: DW01_cmp2_width32, Ports: 68, Input: 66, Output: 2, Inout: 0
Module: DW01_cmp2_width32, Registers: 0, Async set/reset: 0, Sync set/reset: 0
Information: Changed wire load model for 'alt1' from '(none)' to 'tsmc18_wl10'. (OPT-170)
Information: Changed wire load model for 'apparch' from '(none)' to 'tsmc18_wl10'. (OPT-170)
Module: DW01_add_width5, Ports: 17, Input: 11, Output: 6, Inout: 0
Module: DW01_add_width5, Registers: 0, Async set/reset: 0, Sync set/reset: 0
Module: DW01_add_width32, Ports: 98, Input: 65, Output: 33, Inout: 0
Module: DW01_add_width32, Registers: 0, Async set/reset: 0, Sync set/reset: 0
Module: DW01_inc_width32, Ports: 64, Input: 32, Output: 32, Inout: 0
Module: DW01_inc_width32, Registers: 0, Async set/reset: 0, Sync set/reset: 0
Information: Changed wire load model for 'alt1' from '(none)' to 'tsmc18_wl10'. (OPT-170)
Information: Changed wire load model for 'astr' from '(none)' to 'tsmc18_wl10'. (OPT-170)
Module: DW01_dec_width6, Ports: 12, Input: 6, Output: 6, Inout: 0
Module: DW01_dec_width6, Registers: 0, Async set/reset: 0, Sync set/reset: 0
Information: Changed wire load model for 'alt1' from '(none)' to 'tsmc18_wl10'. (OPT-170)
Information: Changed wire load model for 'astr' from '(none)' to 'tsmc18_wl10'. (OPT-170)
Module: DW01_cmp6_width2, Ports: 11, Input: 5, Output: 6, Inout: 0
Module: DW01_cmp6_width2, Registers: 0, Async set/reset: 0, Sync set/reset: 0
Module: DW01_dec_width7, Ports: 14, Input: 7, Output: 7, Inout: 0
Module: DW01_dec_width7, Registers: 0, Async set/reset: 0, Sync set/reset: 0
Module: DW01_sub_width7, Ports: 23, Input: 15, Output: 8, Inout: 0
Module: DW01_sub_width7, Registers: 0, Async set/reset: 0, Sync set/reset: 0
Module: DW01_cmp6_width32, Ports: 71, Input: 65, Output: 6, Inout: 0
Module: DW01_cmp6_width32, Registers: 0, Async set/reset: 0, Sync set/reset: 0
Module: DW01_sub_width5, Ports: 17, Input: 11, Output: 6, Inout: 0
Module: DW01_sub_width5, Registers: 0, Async set/reset: 0, Sync set/reset: 0
Module: DW01_add_width7, Ports: 23, Input: 15, Output: 8, Inout: 0
Module: DW01_add_width7, Registers: 0, Async set/reset: 0, Sync set/reset: 0
Module: DW01_add_width4, Ports: 14, Input: 9, Output: 5, Inout: 0
Module: DW01_add_width4, Registers: 0, Async set/reset: 0, Sync set/reset: 0
Module: DW01_dec_width5, Ports: 10, Input: 5, Output: 5, Inout: 0
Module: DW01_dec_width5, Registers: 0, Async set/reset: 0, Sync set/reset: 0
Module: DW01_cmp6_width4, Ports: 15, Input: 9, Output: 6, Inout: 0
Module: DW01_cmp6_width4, Registers: 0, Async set/reset: 0, Sync set/reset: 0
Information: Updating design information... (UID-85)
Warning: Design 'dss_analyzer_top_PARALLEL_ORIENTATION0' contains 31 high-fanout nets. A fanout number of 1000 will be used for delay calculations involving these nets. (TIM-134)

Information: Checking generated_clocks...

Information: Checking loops...

Information: Checking no_input_delay...
Warning: The following input ports have no clock_relative delay specified, the command set_input_delay without -clock option will be ignored. (TIM-216)
--------------------
rst_ni

Information: Checking unconstrained_endpoints...

Information: Checking pulse_clock_cell_type...

Information: Checking no_driving_cell...

Information: Checking partial_input_delay...
1
