 
****************************************
Report : area
Design : recam_2r2c_pattern_encoder
Version: W-2024.09-SP2
Date   : Wed Sep  9 17:05:47 2026
****************************************

Library(s) Used:

    slow (File: /cad/std_libraries/CBDK_TSMC018_Arm_f1.0/CIC/SynopsysDC/db/slow.db)

Number of ports:                           11
Number of nets:                            21
Number of cells:                           15
Number of combinational cells:             14
Number of sequential cells:                 0
Number of macros/black boxes:               0
Number of buf/inv:                          4
Number of references:                       9

Combinational area:                159.667202
Buf/Inv area:                       26.611200
Noncombinational area:               0.000000
Macro/Black Box area:                0.000000
Net Interconnect area:            1680.008423

Total cell area:                   159.667202
Total area:                       1839.675625

Hierarchical area distribution
------------------------------

                                  Global cell area          Local cell area
                                  ------------------  --------------------------- 
Hierarchical cell                 Absolute   Percent  Combi-    Noncombi-  Black-
                                  Total      Total    national  national   boxes   Design
--------------------------------  ---------  -------  --------  ---------  ------  ---------
recam_2r2c_pattern_encoder         159.6672    100.0  159.6672     0.0000  0.0000  recam_2r2c_pattern_encoder
--------------------------------  ---------  -------  --------  ---------  ------  ---------
Total                                                 159.6672     0.0000  0.0000

1
