 
****************************************
check_design summary:
Version:     W-2024.09-SP2
Date:        Thu Sep 24 07:23:41 2026
****************************************

                   Name                                            Total
--------------------------------------------------------------------------------
Inputs/Outputs                                                      6
    Unconnected ports (LINT-28)                                     4
    Constant outputs (LINT-52)                                      2

Nets                                                                1
    Unloaded nets (LINT-2)                                          1
--------------------------------------------------------------------------------

Warning: In design 'recam_n2_2r2c_analyzer', net 'n17' driven by pin 'pattern_encoder/pattern_id_o[3]' has no loads. (LINT-2)
Warning: In design 'recam_n2_2r2c_pattern_analyzer', port 'matrix_flat_i[15]' is not connected to any nets. (LINT-28)
Warning: In design 'recam_n2_2r2c_pattern_analyzer', port 'matrix_flat_i[10]' is not connected to any nets. (LINT-28)
Warning: In design 'recam_n2_2r2c_pattern_analyzer', port 'matrix_flat_i[5]' is not connected to any nets. (LINT-28)
Warning: In design 'recam_n2_2r2c_pattern_analyzer', port 'matrix_flat_i[0]' is not connected to any nets. (LINT-28)
Warning: In design 'recam_n2_2r2c_analyzer', output port 'pattern_id_o[3]' is connected directly to 'logic 0'. (LINT-52)
Warning: In design 'recam_n2_2r2c_pattern_encoder', output port 'pattern_id_o[3]' is connected directly to 'logic 0'. (LINT-52)
1
