 
****************************************
Report : area
Design : recam_n2_2r2c_analyzer
Version: W-2024.09-SP2
Date   : Thu Sep 24 07:23:41 2026
****************************************

Library(s) Used:

    slow (File: /cad/std_libraries/CBDK_TSMC018_Arm_f1.0/CIC/SynopsysDC/db/slow.db)

Number of ports:                          600
Number of nets:                          3934
Number of cells:                         3369
Number of combinational cells:           3364
Number of sequential cells:                 0
Number of macros/black boxes:               0
Number of buf/inv:                       1108
Number of references:                       9

Combinational area:              72116.352610
Buf/Inv area:                    13871.088226
Noncombinational area:               0.000000
Macro/Black Box area:                0.000000
Net Interconnect area:          354575.111023

Total cell area:                 72116.352610
Total area:                     426691.463633

Hierarchical area distribution
------------------------------

                                  Global cell area            Local cell area
                                  -------------------  ----------------------------- 
Hierarchical cell                 Absolute    Percent  Combi-      Noncombi-  Black-
                                  Total       Total    national    national   boxes   Design
--------------------------------  ----------  -------  ----------  ---------  ------  ----------------------------------------------------------------------------
recam_n2_2r2c_analyzer            72116.3526    100.0    212.8896     0.0000  0.0000  recam_n2_2r2c_analyzer
matrix_builder                    70992.0294     98.4  70992.0294     0.0000  0.0000  recam_n2_2r2c_matrix_builder_ROW_ADDR_W9_PHYS_COL_ADDR_W13_HYBRID_ENTRY_NUM7
pattern_analyzer                    538.8768      0.7    538.8768     0.0000  0.0000  recam_n2_2r2c_pattern_analyzer
pattern_encoder                     372.5568      0.5    372.5568     0.0000  0.0000  recam_n2_2r2c_pattern_encoder
--------------------------------  ----------  -------  ----------  ---------  ------  ----------------------------------------------------------------------------
Total                                                  72116.3526     0.0000  0.0000

1
