 
****************************************
Report : qor
Design : recam_n2_preopt_group_top
Version: W-2024.09-SP2
Date   : Thu Sep 24 10:54:56 2026
****************************************


  Timing Path Group 'recam_clk'
  -----------------------------------
  Levels of Logic:              83.00
  Critical Path Length:         19.61
  Critical Path Slack:           0.00
  Critical Path Clk Period:     20.00
  Total Negative Slack:          0.00
  No. of Violating Paths:        0.00
  Worst Hold Violation:          0.00
  Total Hold Violation:          0.00
  No. of Hold Violations:        0.00
  -----------------------------------


  Cell Count
  -----------------------------------
  Hierarchical Cell Count:         16
  Hierarchical Port Count:       6031
  Leaf Cell Count:              48869
  Buf/Inv Cell Count:           14115
  Buf Cell Count:                1294
  Inv Cell Count:               12821
  CT Buf/Inv Cell Count:            0
  Combinational Cell Count:     46130
  Sequential Cell Count:         2739
  Macro Count:                      0
  -----------------------------------


  Area
  -----------------------------------
  Combinational Area:   915521.753137
  Noncombinational Area:
                        151284.674774
  Buf/Inv Area:         163675.514200
  Total Buffer Area:         30027.41
  Total Inverter Area:      133648.10
  Macro/Black Box Area:      0.000000
  Net Area:            5280126.703156
  -----------------------------------
  Cell Area:           1066806.427911
  Design Area:         6346933.131067


  Design Rules
  -----------------------------------
  Total Number of Nets:         50700
  Nets With Violations:           836
  Max Trans Violations:             0
  Max Cap Violations:             785
  Max Fanout Violations:          632
  -----------------------------------


  Hostname: Kaohsiung

  Compile CPU Statistics
  -----------------------------------------
  Resource Sharing:                   13.50
  Logic Optimization:                208.76
  Mapping Optimization:              114.89
  -----------------------------------------
  Overall Compile Time:              367.96
  Overall Compile Wall Clock Time:   368.74

  --------------------------------------------------------------------

  Design  WNS: 0.00  TNS: 0.00  Number of Violating Paths: 0


  Design (Hold)  WNS: 0.00  TNS: 0.00  Number of Violating Paths: 0

  --------------------------------------------------------------------


1
