 
****************************************
Report : constraint
        -all_violators
Design : recam_dss_hyp02_static_global_live_state_top
Version: W-2024.09-SP2
Date   : Mon Sep 28 02:32:46 2026
****************************************


   max_capacitance

                             Required        Actual
   Net                      Capacitance    Capacitance       Slack
   -----------------------------------------------------------------
   candidate_store_image_o[65]
                                0.15           0.16          -0.01  (VIOLATED)
   analyzer/n2401               0.15           0.16          -0.01  (VIOLATED)
   analyzer/n3538               0.15           0.16          -0.01  (VIOLATED)
   core/candidate_store/n101
                                0.15           0.16          -0.01  (VIOLATED)
   analyzer/n2792               0.15           0.15           0.00  (VIOLATED: increase significant digits)
   analyzer/n2796               0.15           0.15           0.00  (VIOLATED: increase significant digits)
   analyzer/n2811               0.15           0.15           0.00  (VIOLATED: increase significant digits)
   selected_pattern_flat_o[8]
                                0.15           0.15           0.00  (VIOLATED: increase significant digits)
   candidate_store_image_o[60]
                                0.15           0.15           0.00  (VIOLATED: increase significant digits)

   -----------------------------------------------------------------
   Total                      9                  -0.05  

1
