 
****************************************
Report : area
Design : recam_dss_hyp02_static_global_live_state_top
Version: W-2024.09-SP2
Date   : Mon Sep 28 02:32:46 2026
****************************************

Library(s) Used:

    slow (File: /cad/std_libraries/CBDK_TSMC018_Arm_f1.0/CIC/SynopsysDC/db/slow.db)

Number of ports:                         1871
Number of nets:                          9353
Number of cells:                         7969
Number of combinational cells:           7356
Number of sequential cells:               586
Number of macros/black boxes:               0
Number of buf/inv:                       2186
Number of references:                       9

Combinational area:             138614.415895
Buf/Inv area:                    24069.830706
Noncombinational area:           32784.999130
Macro/Black Box area:                0.000000
Net Interconnect area:          908417.935455

Total cell area:                171399.415025
Total area:                    1079817.350480

Hierarchical area distribution
------------------------------

                                  Global cell area              Local cell area
                                  --------------------  ------------------------------- 
Hierarchical cell                 Absolute     Percent  Combi-       Noncombi-   Black-
                                  Total        Total    national     national    boxes   Design
--------------------------------  -----------  -------  -----------  ----------  ------  ----------------------------------------------------------------------------------------------------------------
recam_dss_hyp02_static_global_live_state_top
                                  171399.4150    100.0     169.6464      0.0000  0.0000  recam_dss_hyp02_static_global_live_state_top
analyzer                           92071.4263     53.7   92071.4263      0.0000  0.0000  recam_shared_config_analyzer_ROW_ADDR_W9_PHYS_COL_ADDR_W13_WORD_COL_ADDR_W5_HYBRID_LINE_ADDR_W13_HYBRID_ENTRIES7
core                               34667.7411     20.2    2824.1136   3635.7552  0.0000  recam_dss_hyp02_static_global_live_state_core
core/candidate_store               21804.5522     12.7   17536.7809   4267.7713  0.0000  dss_v2_group_candidate_store
core/slot_decode                     459.0432      0.3     459.0432      0.0000  0.0000  dss_v2_group_slot_decode
core/static_selector                5944.2768      3.5    5944.2768      0.0000  0.0000  recam_dss_hyp02_static_selector
pivot_address_regs                 44490.6012     26.0   19609.1286  24881.4726  0.0000  dss_group_pivot_address_regs_ROW_ADDR_W9_PHYS_COL_ADDR_W13
--------------------------------  -----------  -------  -----------  ----------  ------  ----------------------------------------------------------------------------------------------------------------
Total                                                   138614.4159  32784.9991  0.0000

1
