 
****************************************
Report : qor
Design : recam_dss_hyp02_static_global_live_state_top
Version: W-2024.09-SP2
Date   : Mon Sep 28 02:32:46 2026
****************************************


  Timing Path Group 'recam_clk'
  -----------------------------------
  Levels of Logic:              91.00
  Critical Path Length:         19.88
  Critical Path Slack:           0.02
  Critical Path Clk Period:     20.00
  Total Negative Slack:          0.00
  No. of Violating Paths:        0.00
  Worst Hold Violation:          0.00
  Total Hold Violation:          0.00
  No. of Hold Violations:        0.00
  -----------------------------------


  Cell Count
  -----------------------------------
  Hierarchical Cell Count:          6
  Hierarchical Port Count:       1137
  Leaf Cell Count:               7942
  Buf/Inv Cell Count:            2186
  Buf Cell Count:                 238
  Inv Cell Count:                1948
  CT Buf/Inv Cell Count:            0
  Combinational Cell Count:      7356
  Sequential Cell Count:          586
  Macro Count:                      0
  -----------------------------------


  Area
  -----------------------------------
  Combinational Area:   138614.415895
  Noncombinational Area: 32784.999130
  Buf/Inv Area:          24069.830706
  Total Buffer Area:          5199.16
  Total Inverter Area:       18870.67
  Macro/Black Box Area:      0.000000
  Net Area:             908417.935455
  -----------------------------------
  Cell Area:            171399.415025
  Design Area:         1079817.350480


  Design Rules
  -----------------------------------
  Total Number of Nets:          8250
  Nets With Violations:             9
  Max Trans Violations:             0
  Max Cap Violations:               9
  -----------------------------------


  Hostname: Kaohsiung

  Compile CPU Statistics
  -----------------------------------------
  Resource Sharing:                    4.23
  Logic Optimization:                 50.50
  Mapping Optimization:               19.80
  -----------------------------------------
  Overall Compile Time:               80.86
  Overall Compile Wall Clock Time:    81.21

  --------------------------------------------------------------------

  Design  WNS: 0.00  TNS: 0.00  Number of Violating Paths: 0


  Design (Hold)  WNS: 0.00  TNS: 0.00  Number of Violating Paths: 0

  --------------------------------------------------------------------


1
