 
****************************************
Report : reference
Design : recam_dss_hyp02_static_global_live_state_top
Version: W-2024.09-SP2
Date   : Mon Sep 28 02:32:46 2026
****************************************

Attributes:
    b - black box (unknown)
   bo - allows boundary optimization
    d - dont_touch
   mo - map_only
    h - hierarchical
    n - noncombinational
    r - removable
    s - synthetic operator
    u - contains unmapped logic

Reference          Library       Unit Area   Count    Total Area   Attributes
-----------------------------------------------------------------------------
AND2X4             slow          16.632000       1     16.632000  
AND4X1             slow          19.958401       1     19.958401  
BUFX20             slow          53.222401       1     53.222401  
CLKBUFX2           slow          13.305600       1     13.305600  
NAND3X1            slow          13.305600       1     13.305600  
XNOR2XL            slow          26.611200       2     53.222401  
dss_group_pivot_address_regs_ROW_ADDR_W9_PHYS_COL_ADDR_W13
                              44490.601184       1  44490.601184  h, n
recam_dss_hyp02_static_global_live_state_core
                              34667.741109       1  34667.741109  h, n
recam_shared_config_analyzer_ROW_ADDR_W9_PHYS_COL_ADDR_W13_WORD_COL_ADDR_W5_HYBRID_LINE_ADDR_W13_HYBRID_ENTRIES7
                              92071.426329       1  92071.426329  h
-----------------------------------------------------------------------------
Total 9 references                                  171399.415025

****************************************
Design: dss_group_pivot_address_regs_ROW_ADDR_W9_PHYS_COL_ADDR_W13 
****************************************
Reference          Library       Unit Area   Count    Total Area   Attributes
-----------------------------------------------------------------------------
AND2X2             slow          13.305600       7     93.139201  
AOI2BB1X1          slow          16.632000       3     49.896000  
AOI2BB2X1          slow          23.284800       4     93.139198  
AOI21X1            slow          13.305600      14    186.278402  
AOI21XL            slow          13.305600       1     13.305600  
AOI22X1            slow          16.632000      10    166.320000  
AOI22XL            slow          16.632000       2     33.264000  
AOI32X1            slow          23.284800       3     69.854399  
AOI33X1            slow          26.611200       3     79.833601  
AOI33X4            slow          36.590401       1     36.590401  
AOI222X1           slow          26.611200       1     26.611200  
BUFX1              slow          13.305600      16    212.889603  
BUFX3              slow          13.305600      21    279.417603  
CLKINVXL           slow           9.979200       1      9.979200  
DFFXL              slow          56.548801     440  24881.472626  n
INVX1              slow           6.652800     394   2621.203233  
INVXL              slow           6.652800       3     19.958400  
NAND2BX1           slow          13.305600       4     53.222401  
NAND2X1            slow           9.979200      35    349.272013  
NAND2XL            slow           9.979200      12    119.750404  
NAND3X1            slow          13.305600      13    172.972802  
NOR2BX1            slow          13.305600       8    106.444801  
NOR2X1             slow           9.979200      18    179.625607  
NOR2XL             slow           9.979200      85    848.232031  
NOR3X1             slow          13.305600       5     66.528001  
OAI2BB1X1          slow          16.632000       1     16.632000  
OAI21XL            slow          13.305600      10    133.056002  
OAI22X1            slow          19.958401     440   8781.696320  
OAI22XL            slow          19.958401     180   3592.512131  
OAI31X1            slow          19.958401       3     59.875202  
OAI31XL            slow          19.958401       1     19.958401  
OAI32X1            slow          23.284800       9    209.563196  
OAI33X1            slow          26.611200       4    106.444801  
OAI221XL           slow          23.284800       7    162.993597  
XNOR2X1            slow          26.611200       2     53.222401  
XNOR2XL            slow          26.611200       2     53.222401  
XOR2X1             slow          26.611200      20    532.224007  
-----------------------------------------------------------------------------
Total 37 references                                 44490.601184

****************************************
Design: recam_dss_hyp02_static_global_live_state_core 
****************************************
Reference          Library       Unit Area   Count    Total Area   Attributes
-----------------------------------------------------------------------------
AND2X2             slow          13.305600       2     26.611200  
AND3X2             slow          16.632000       1     16.632000  
AOI2BB1X1          slow          16.632000       3     49.896000  
AOI21X1            slow          13.305600       4     53.222401  
AOI22X1            slow          16.632000      29    482.327999  
AOI22X2            slow          29.937599       3     89.812798  
AOI22XL            slow          16.632000      10    166.320000  
AOI31X1            slow          16.632000       1     16.632000  
AOI211X1           slow          16.632000       1     16.632000  
BUFX3              slow          13.305600       3     39.916800  
BUFX4              slow          16.632000       1     16.632000  
BUFX8              slow          29.937599       1     29.937599  
BUFX12             slow          33.264000       1     33.264000  
CLKBUFXL           slow          13.305600       1     13.305600  
CLKINVX2           slow           9.979200       1      9.979200  
CLKINVX8           slow          19.958401       6    119.750404  
DFFHQX2            slow          66.528000       1     66.528000  n
DFFHQX4            slow          73.180801       1     73.180801  n
DFFHQXL            slow          53.222401      59   3140.121639  n
DFFX2              slow          69.854401       1     69.854401  n
DFFXL              slow          56.548801       1     56.548801  n
EDFFXL             slow          76.507202       3    229.521606  n
INVX1              slow           6.652800      78    518.918406  
INVX4              slow          13.305600       1     13.305600  
INVX8              slow          19.958401       3     59.875202  
INVX12             slow          43.243198       1     43.243198  
INVXL              slow           6.652800       1      6.652800  
MXI2X1             slow          23.284800       4     93.139198  
MXI2XL             slow          23.284800       2     46.569599  
NAND3BX1           slow          16.632000       1     16.632000  
NAND3X1            slow          13.305600       4     53.222401  
NAND3X4            slow          33.264000       1     33.264000  
NAND3XL            slow          13.305600       1     13.305600  
NOR2X1             slow           9.979200       2     19.958401  
OAI2BB1X1          slow          16.632000      11    182.952000  
OAI2BB2X1          slow          23.284800       2     46.569599  
OAI21XL            slow          13.305600       4     53.222401  
OAI22X1            slow          19.958401       2     39.916801  
OAI31X1            slow          19.958401       2     39.916801  
OAI31XL            slow          19.958401       1     19.958401  
OAI32X1            slow          23.284800       3     69.854399  
OAI211X1           slow          19.958401       1     19.958401  
OR2X2              slow          13.305600       9    119.750401  
OR2XL              slow          13.305600       2     26.611200  
XOR2X1             slow          26.611200       2     53.222401  
XOR2XL             slow          26.611200       2     53.222401  
dss_v2_group_candidate_store  21804.552197       1  21804.552197  h, n
dss_v2_group_slot_decode        459.043206       1    459.043206  h
recam_dss_hyp02_static_selector
                               5944.276844       1   5944.276844  h
-----------------------------------------------------------------------------
Total 49 references                                 34667.741109

****************************************
Design: dss_v2_group_candidate_store 
****************************************
Reference          Library       Unit Area   Count    Total Area   Attributes
-----------------------------------------------------------------------------
ADDFX2             slow          69.854401       2    139.708801  r
AND2X1             slow          13.305600       3     39.916800  
AND2X2             slow          13.305600       1     13.305600  
AND2X4             slow          16.632000       1     16.632000  
AND3X2             slow          16.632000       8    133.056000  
AND3X4             slow          19.958401       3     59.875202  
AND4X2             slow          19.958401      25    498.960018  
AOI2BB2X1          slow          23.284800      39    908.107183  
AOI2BB2XL          slow          23.284800       5    116.423998  
AOI22X1            slow          16.632000      15    249.480000  
AOI22XL            slow          16.632000       1     16.632000  
AOI31X1            slow          16.632000      74   1230.767998  
AOI222X1           slow          26.611200       9    239.500803  
AOI222X4           slow          39.916801       4    159.667206  
AOI222XL           slow          26.611200       5    133.056002  
BUFX3              slow          13.305600       3     39.916800  
BUFX8              slow          29.937599       2     59.875198  
BUFX12             slow          33.264000       1     33.264000  
BUFX16             slow          43.243198       1     43.243198  
BUFX20             slow          53.222401       2    106.444801  
CLKINVX1           slow           9.979200       1      9.979200  
CLKINVX2           slow           9.979200       2     19.958401  
CLKINVX3           slow           9.979200      13    129.729605  
CLKINVX4           slow          13.305600      21    279.417603  
CLKINVX8           slow          19.958401      36    718.502426  
CLKINVXL           slow           9.979200       2     19.958401  
DFFHQXL            slow          53.222401      77   4098.124851  n
DFFXL              slow          56.548801       3    169.646404  n
INVX1              slow           6.652800     135    898.128011  
INVX2              slow           9.979200       5     49.896002  
INVX3              slow          13.305600       1     13.305600  
INVX4              slow          13.305600       9    119.750401  
INVX8              slow          19.958401      35    698.544025  
INVX12             slow          43.243198      11    475.675182  
INVX16             slow          56.548801       1     56.548801  
INVXL              slow           6.652800      17    113.097601  
MXI2X1             slow          23.284800       1     23.284800  
NAND2X1            slow           9.979200      18    179.625607  
NAND2X2            slow          16.632000       1     16.632000  
NAND2XL            slow           9.979200       1      9.979200  
NAND3X1            slow          13.305600      13    172.972802  
NAND3X2            slow          23.284800       1     23.284800  
NAND3X4            slow          33.264000       2     66.528000  
NAND3XL            slow          13.305600       1     13.305600  
NAND4X1            slow          16.632000      13    216.216000  
NOR2BX1            slow          13.305600       1     13.305600  
NOR2BXL            slow          13.305600       1     13.305600  
NOR2X1             slow           9.979200       8     79.833603  
NOR2X4             slow          23.284800       1     23.284800  
NOR2XL             slow           9.979200       3     29.937601  
NOR3X1             slow          13.305600       2     26.611200  
NOR3X2             slow          23.284800       2     46.569599  
OAI2BB1X1          slow          16.632000       6     99.792000  
OAI21XL            slow          13.305600       4     53.222401  
OAI211X1           slow          19.958401       2     39.916801  
OAI221XL           slow          23.284800      16    372.556793  
OAI222X1           slow          29.937599      61   1826.193550  
OAI222X2           slow          49.896000       8    399.167999  
OAI222X4           slow          39.916801      21    838.252831  
OAI222XL           slow          26.611200      59   1570.060820  
OR2X2              slow          13.305600     186   2474.841631  
OR2X4              slow          19.958401      40    798.336029  
OR3X4              slow          29.937599       1     29.937599  
OR4X2              slow          19.958401       4     79.833603  
XOR2X1             slow          26.611200       1     26.611200  
XOR2XL             slow          26.611200       5    133.056002  
-----------------------------------------------------------------------------
Total 66 references                                 21804.552197

****************************************
Design: dss_v2_group_slot_decode 
****************************************
Reference          Library       Unit Area   Count    Total Area   Attributes
-----------------------------------------------------------------------------
AOI2BB1X4          slow          36.590401       2     73.180801  
BUFX16             slow          43.243198       1     43.243198  
CLKINVX3           slow           9.979200       1      9.979200  
CLKINVXL           slow           9.979200       1      9.979200  
INVX4              slow          13.305600       1     13.305600  
INVX8              slow          19.958401       2     39.916801  
NAND2BX2           slow          19.958401       1     19.958401  
NAND2BX4           slow          26.611200       1     26.611200  
NOR2X4             slow          23.284800       2     46.569599  
OAI2BB1XL          slow          16.632000       1     16.632000  
OR2X4              slow          19.958401       1     19.958401  
XNOR2X1            slow          26.611200       1     26.611200  
XOR2X4             slow          56.548801       2    113.097603  
-----------------------------------------------------------------------------
Total 13 references                                   459.043206

****************************************
Design: recam_dss_hyp02_static_selector 
****************************************
Reference          Library       Unit Area   Count    Total Area   Attributes
-----------------------------------------------------------------------------
AND2X1             slow          13.305600      13    172.972802  
AND2X2             slow          13.305600      10    133.056002  
AND2X4             slow          16.632000       3     49.896000  
AND2XL             slow          13.305600       1     13.305600  
AND3X1             slow          16.632000       1     16.632000  
AND3X2             slow          16.632000      27    449.063999  
AOI21X1            slow          13.305600       2     26.611200  
AOI22X1            slow          16.632000      31    515.591999  
AOI22XL            slow          16.632000       2     33.264000  
AOI211XL           slow          16.632000       3     49.896000  
AOI221XL           slow          23.284800       1     23.284800  
BUFX1              slow          13.305600       3     39.916800  
BUFX3              slow          13.305600       7     93.139201  
CLKINVX4           slow          13.305600       4     53.222401  
INVX1              slow           6.652800      22    146.361602  
INVX2              slow           9.979200       1      9.979200  
NAND2BX1           slow          13.305600      12    159.667202  
NAND2X1            slow           9.979200      53    528.897619  
NAND2X2            slow          16.632000       1     16.632000  
NAND2X4            slow          23.284800       1     23.284800  
NAND2XL            slow           9.979200      25    249.480009  
NAND3BX1           slow          16.632000      25    415.799999  
NAND3BX4           slow          36.590401       2     73.180801  
NAND3X1            slow          13.305600      10    133.056002  
NAND3X2            slow          23.284800       2     46.569599  
NAND3X4            slow          33.264000       4    133.056000  
NAND3XL            slow          13.305600      12    159.667202  
NAND4BX2           slow          33.264000       1     33.264000  
NAND4BX4           slow          59.875198       5    299.375992  
NAND4BXL           slow          19.958401       1     19.958401  
NAND4X1            slow          16.632000       4     66.528000  
NAND4X2            slow          29.937599       2     59.875198  
NOR2BX1            slow          13.305600      22    292.723204  
NOR2BX2            slow          19.958401       1     19.958401  
NOR2X1             slow           9.979200      14    139.708805  
NOR2X4             slow          23.284800      10    232.847996  
NOR3BX1            slow          19.958401       2     39.916801  
NOR3BX4            slow          36.590401       4    146.361603  
NOR3X1             slow          13.305600      12    159.667202  
NOR3X4             slow          33.264000       1     33.264000  
NOR3XL             slow          13.305600       3     39.916800  
NOR4BX1            slow          19.958401       4     79.833603  
NOR4BX4            slow          59.875198       3    179.625595  
NOR4X1             slow          19.958401       2     39.916801  
OAI21X4            slow          36.590401       1     36.590401  
OAI21XL            slow          13.305600       3     39.916800  
OAI211XL           slow          19.958401       1     19.958401  
OR2X2              slow          13.305600       1     13.305600  
OR3X4              slow          29.937599       2     59.875198  
OR3XL              slow          16.632000       3     49.896000  
OR4X2              slow          19.958401       2     39.916801  
OR4X4              slow          36.590401       1     36.590401  
-----------------------------------------------------------------------------
Total 52 references                                  5944.276844

****************************************
Design: recam_shared_config_analyzer_ROW_ADDR_W9_PHYS_COL_ADDR_W13_WORD_COL_ADDR_W5_HYBRID_LINE_ADDR_W13_HYBRID_ENTRIES7 
****************************************
Reference          Library       Unit Area   Count    Total Area   Attributes
-----------------------------------------------------------------------------
AND2X1             slow          13.305600       7     93.139201  
AND2X2             slow          13.305600      18    239.500803  
AND2X4             slow          16.632000       8    133.056000  
AND3X1             slow          16.632000       2     33.264000  
AND3X2             slow          16.632000      23    382.535999  
AND3X4             slow          19.958401      15    299.376011  
AND4X1             slow          19.958401       5     99.792004  
AND4X2             slow          19.958401      38    758.419228  
AND4X4             slow          36.590401      25    914.760017  
AOI2BB1X1          slow          16.632000       3     49.896000  
AOI2BB2X1          slow          23.284800      33    768.398386  
AOI2BB2X2          slow          29.937599       5    149.687996  
AOI2BB2X4          slow          49.896000       1     49.896000  
AOI2BB2XL          slow          23.284800       7    162.993597  
AOI21X4            slow          33.264000       1     33.264000  
AOI22X1            slow          16.632000       9    149.688000  
AOI31X1            slow          16.632000       1     16.632000  
AOI31X2            slow          29.937599       4    119.750397  
AOI31X4            slow          29.937599       1     29.937599  
AOI32X1            slow          23.284800       1     23.284800  
AOI33X1            slow          26.611200       2     53.222401  
AOI33X2            slow          43.243198       1     43.243198  
AOI211X1           slow          16.632000       7    116.424000  
AOI211X2           slow          29.937599       4    119.750397  
AOI211X4           slow          33.264000       2     66.528000  
AOI221X1           slow          23.284800       6    139.708797  
AOI221X2           slow          39.916801       5    199.584007  
AOI221X4           slow          36.590401       5    182.952003  
AOI222X1           slow          26.611200      34    904.780811  
AOI222X2           slow          46.569599       3    139.708797  
AOI222X4           slow          39.916801       1     39.916801  
BUFX1              slow          13.305600      36    479.001606  
BUFX3              slow          13.305600      48    638.668808  
BUFX4              slow          16.632000      11    182.952000  
BUFX8              slow          29.937599      29    868.190376  
BUFX12             slow          33.264000      17    565.487999  
BUFX16             slow          43.243198       7    302.702389  
BUFX20             slow          53.222401      16    851.558411  
CLKBUFX3           slow          13.305600       1     13.305600  
CLKBUFX8           slow          23.284800       4     93.139198  
CLKBUFXL           slow          13.305600       1     13.305600  
CLKINVX1           slow           9.979200       1      9.979200  
CLKINVX2           slow           9.979200       5     49.896002  
CLKINVX3           slow           9.979200     166   1656.547260  
CLKINVX4           slow          13.305600      20    266.112003  
CLKINVX8           slow          19.958401      42    838.252831  
CLKINVX12          slow          63.201599       2    126.403198  
CLKINVX20          slow          96.465599       1     96.465599  
CLKINVXL           slow           9.979200      17    169.646406  
DLY1X1             slow          19.958401       2     39.916801  
INVX1              slow           6.652800     599   3985.027250  
INVX2              slow           9.979200      43    429.105616  
INVX3              slow          13.305600      12    159.667202  
INVX4              slow          13.305600      73    971.308812  
INVX8              slow          19.958401      55   1097.712040  
INVX12             slow          43.243198      18    778.377571  
INVX16             slow          56.548801       4    226.195206  
INVX20             slow          63.201599       3    189.604797  
INVXL              slow           6.652800      77    512.265606  
MX2X1              slow          26.611200     144   3832.012848  
MX2X2              slow          29.937599      31    928.065575  
MX2X4              slow          33.264000      16    532.223999  
MX2XL              slow          26.611200       1     26.611200  
MXI2X1             slow          23.284800      87   2025.777563  
MXI2X2             slow          26.611200     137   3645.734446  
MXI2X4             slow          46.569599      60   2794.175949  
MXI2XL             slow          23.284800      33    768.398386  
NAND2BX1           slow          13.305600       2     26.611200  
NAND2BX2           slow          19.958401       1     19.958401  
NAND2BX4           slow          26.611200       1     26.611200  
NAND2X1            slow           9.979200      54    538.876820  
NAND2X2            slow          16.632000      22    365.903999  
NAND2X4            slow          23.284800      43   1001.246382  
NAND2XL            slow           9.979200       8     79.833603  
NAND3BX2           slow          26.611200       3     79.833601  
NAND3BX4           slow          36.590401       2     73.180801  
NAND3X1            slow          13.305600     181   2408.313630  
NAND3X2            slow          23.284800      33    768.398386  
NAND3X4            slow          33.264000      32   1064.447998  
NAND3XL            slow          13.305600      31    412.473605  
NAND4BBX2          slow          36.590401       2     73.180801  
NAND4BBX4          slow          63.201599       1     63.201599  
NAND4BX2           slow          33.264000       1     33.264000  
NAND4BX4           slow          59.875198       1     59.875198  
NAND4BXL           slow          19.958401       1     19.958401  
NAND4X1            slow          16.632000     104   1729.727997  
NAND4X2            slow          29.937599      44   1317.254364  
NAND4X4            slow          56.548801      28   1583.366440  
NAND4XL            slow          16.632000      21    349.271999  
NOR2BX2            slow          19.958401       1     19.958401  
NOR2BXL            slow          13.305600       1     13.305600  
NOR2X1             slow           9.979200      43    429.105616  
NOR2X2             slow          16.632000      14    232.848000  
NOR2X4             slow          23.284800      12    279.417595  
NOR3X1             slow          13.305600       6     79.833601  
NOR3X2             slow          23.284800       1     23.284800  
NOR3X4             slow          33.264000       1     33.264000  
NOR4X1             slow          19.958401       1     19.958401  
NOR4X4             slow          56.548801       1     56.548801  
OAI2BB1X1          slow          16.632000      43    715.175999  
OAI2BB1X2          slow          23.284800      21    488.980791  
OAI2BB1X4          slow          33.264000      21    698.543999  
OAI2BB1XL          slow          16.632000       6     99.792000  
OAI2BB2X1          slow          23.284800       1     23.284800  
OAI2BB2X2          slow          33.264000       2     66.528000  
OAI21X2            slow          26.611200       1     26.611200  
OAI21X4            slow          36.590401       5    182.952003  
OAI22X1            slow          19.958401      54   1077.753639  
OAI22X2            slow          29.937599      22    658.627182  
OAI22X4            slow          46.569599       5    232.847996  
OAI22XL            slow          19.958401      18    359.251213  
OAI31X2            slow          29.937599       3     89.812798  
OAI32X1            slow          23.284800       2     46.569599  
OAI32X2            slow          36.590401       3    109.771202  
OAI32X4            slow          33.264000       7    232.848000  
OAI33X2            slow          43.243198       1     43.243198  
OAI211X1           slow          19.958401       7    139.708805  
OAI211X2           slow          33.264000       7    232.848000  
OAI211X4           slow          29.937599      16    479.001587  
OAI211XL           slow          19.958401       2     39.916801  
OAI221X2           slow          43.243198       2     86.486397  
OAI221X4           slow          36.590401       3    109.771202  
OAI221XL           slow          23.284800       2     46.569599  
OAI222X1           slow          29.937599       2     59.875198  
OAI222X2           slow          49.896000       4    199.584000  
OAI222X4           slow          39.916801       5    199.584007  
OR2X1              slow          13.305600       6     79.833601  
OR2X2              slow          13.305600     238   3166.732840  
OR2X4              slow          19.958401      82   1636.588860  
OR2XL              slow          13.305600      33    439.084805  
OR3X2              slow          19.958401       1     19.958401  
OR3X4              slow          29.937599       2     59.875198  
OR3XL              slow          16.632000       5     83.160000  
OR4X1              slow          19.958401       2     39.916801  
OR4X2              slow          19.958401      42    838.252831  
OR4X4              slow          36.590401      31   1134.302422  
XNOR2X1            slow          26.611200      47   1250.726416  
XNOR2X2            slow          36.590401      20    731.808014  
XNOR2X4            slow          56.548801      13    735.134418  
XNOR2XL            slow          26.611200       2     53.222401  
XOR2X1             slow          26.611200     497  13225.766565  
XOR2X2             slow          33.264000     183   6087.311989  
XOR2X4             slow          56.548801      51   2883.988873  
XOR2XL             slow          26.611200     109   2900.620836  
-----------------------------------------------------------------------------
Total 144 references                                92071.426329
1
