 
****************************************
Report : qor
Design : recam_phase3j_full_group_top
Version: W-2024.09-SP2
Date   : Thu Sep 10 18:54:40 2026
****************************************


  Timing Path Group 'recam_clk'
  -----------------------------------
  Levels of Logic:              98.00
  Critical Path Length:         24.69
  Critical Path Slack:           0.00
  Critical Path Clk Period:     25.00
  Total Negative Slack:          0.00
  No. of Violating Paths:        0.00
  Worst Hold Violation:          0.00
  Total Hold Violation:          0.00
  No. of Hold Violations:        0.00
  -----------------------------------


  Cell Count
  -----------------------------------
  Hierarchical Cell Count:         10
  Hierarchical Port Count:       1361
  Leaf Cell Count:               5511
  Buf/Inv Cell Count:            1595
  Buf Cell Count:                  63
  Inv Cell Count:                1532
  CT Buf/Inv Cell Count:            0
  Combinational Cell Count:      5026
  Sequential Cell Count:          485
  Macro Count:                      0
  -----------------------------------


  Area
  -----------------------------------
  Combinational Area:    85967.482162
  Noncombinational Area: 25876.065926
  Buf/Inv Area:          12819.945808
  Total Buffer Area:          1034.51
  Total Inverter Area:       11785.44
  Macro/Black Box Area:      0.000000
  Net Area:             613949.784149
  -----------------------------------
  Cell Area:            111843.548088
  Design Area:          725793.332237


  Design Rules
  -----------------------------------
  Total Number of Nets:          5721
  Nets With Violations:             0
  Max Trans Violations:             0
  Max Cap Violations:               0
  -----------------------------------


  Hostname: Kaohsiung

  Compile CPU Statistics
  -----------------------------------------
  Resource Sharing:                    3.21
  Logic Optimization:                 18.82
  Mapping Optimization:                5.79
  -----------------------------------------
  Overall Compile Time:               35.25
  Overall Compile Wall Clock Time:    35.53

  --------------------------------------------------------------------

  Design  WNS: 0.00  TNS: 0.00  Number of Violating Paths: 0


  Design (Hold)  WNS: 0.00  TNS: 0.00  Number of Violating Paths: 0

  --------------------------------------------------------------------


1
