 
****************************************
Report : reference
Design : recam_phase3j_full_group_top
Version: W-2024.09-SP2
Date   : Thu Sep 10 18:54:40 2026
****************************************

Attributes:
    b - black box (unknown)
   bo - allows boundary optimization
    d - dont_touch
   mo - map_only
    h - hierarchical
    n - noncombinational
    r - removable
    s - synthetic operator
    u - contains unmapped logic

Reference          Library       Unit Area   Count    Total Area   Attributes
-----------------------------------------------------------------------------
recam_phase3j_full_dss_top_GROUP_POLICY1_ROW_ADDR_W9_COL_ADDR_W5_DIFF_ADDR_W9_HYBRID_ENTRIES7
                              111843.548088
                                                 1  111843.548088 h, n
-----------------------------------------------------------------------------
Total 1 references                                  111843.548088

****************************************
Design: recam_phase3j_full_dss_top_GROUP_POLICY1_ROW_ADDR_W9_COL_ADDR_W5_DIFF_ADDR_W9_HYBRID_ENTRIES7 
****************************************
Reference          Library       Unit Area   Count    Total Area   Attributes
-----------------------------------------------------------------------------
AOI2BB1X1          slow          16.632000       1     16.632000  
AOI21X1            slow          13.305600       4     53.222401  
AOI21XL            slow          13.305600       2     26.611200  
AOI31XL            slow          16.632000       1     16.632000  
BUFX3              slow          13.305600       1     13.305600  
DFFHQXL            slow          53.222401     325  17297.280216  n
DFFTRXL            slow          56.548801       1     56.548801  n
DFFXL              slow          56.548801       1     56.548801  n
INVX1              slow           6.652800     205   1363.824017  
INVXL              slow           6.652800       2     13.305600  
NAND2X1            slow           9.979200       3     29.937601  
NAND3X1            slow          13.305600       3     39.916800  
NAND4X1            slow          16.632000       3     49.896000  
NOR2X1             slow           9.979200       3     29.937601  
NOR3X1             slow          13.305600       2     26.611200  
OAI2BB2X1          slow          23.284800     320   7451.135864  
OAI21XL            slow          13.305600       4     53.222401  
OAI22X1            slow          19.958401       2     39.916801  
OAI32X1            slow          23.284800       1     23.284800  
OR2X2              slow          13.305600       3     39.916800  
OR2XL              slow          13.305600       2     26.611200  
recam_dss_group_allocator     16618.694514       1  16618.694514  h, n
recam_role_aware_config_scheduler_ROW_ADDR_W9_COL_ADDR_W5_DIFF_ADDR_W9_HYBRID_ENTRIES7
                              68500.555866       1  68500.555866  h, n
-----------------------------------------------------------------------------
Total 23 references                                 111843.548088

****************************************
Design: recam_dss_group_allocator 
****************************************
Reference          Library       Unit Area   Count    Total Area   Attributes
-----------------------------------------------------------------------------
AND2X2             slow          13.305600       1     13.305600  
AOI21X1            slow          13.305600       1     13.305600  
AOI22X1            slow          16.632000     160   2661.119995  
BUFX1              slow          13.305600       1     13.305600  
BUFX3              slow          13.305600       5     66.528001  
DFFHQXL            slow          53.222401      73   3885.235249  n
INVX1              slow           6.652800     120    798.336010  
INVXL              slow           6.652800       8     53.222401  
NAND2X1            slow           9.979200      89    888.148832  
NAND2XL            slow           9.979200       3     29.937601  
NAND3X1            slow          13.305600       2     26.611200  
NOR2X1             slow           9.979200       2     19.958401  
NOR2XL             slow           9.979200       1      9.979200  
OAI2BB1X1          slow          16.632000       2     33.264000  
OAI2BB1XL          slow          16.632000       4     66.528000  
OAI2BB2X1          slow          23.284800      13    302.702394  
OAI2BB2XL          slow          23.284800      52   1210.809578  
OAI21XL            slow          13.305600       6     79.833601  
OAI22X1            slow          19.958401       2     39.916801  
OAI31X1            slow          19.958401       8    159.667206  
OAI32X1            slow          23.284800       1     23.284800  
XOR2X1             slow          26.611200       1     26.611200  
recam_resource_aware_fallback_selector
                               6197.083243       1   6197.083243  h
-----------------------------------------------------------------------------
Total 23 references                                 16618.694514

****************************************
Design: recam_resource_aware_fallback_selector 
****************************************
Reference          Library       Unit Area   Count    Total Area   Attributes
-----------------------------------------------------------------------------
AOI21X1            slow          13.305600       2     26.611200  
AOI21XL            slow          13.305600       2     26.611200  
AOI22X1            slow          16.632000      58    964.655998  
AOI22XL            slow          16.632000      31    515.591999  
AOI32X1            slow          23.284800       1     23.284800  
AOI33X1            slow          26.611200       2     53.222401  
AOI211X1           slow          16.632000       1     16.632000  
AOI221X1           slow          23.284800       3     69.854399  
AOI221X4           slow          36.590401       1     36.590401  
AOI222X1           slow          26.611200       8    212.889603  
BUFX1              slow          13.305600       1     13.305600  
BUFX3              slow          13.305600       8    106.444801  
INVX1              slow           6.652800     115    765.072010  
INVXL              slow           6.652800      12     79.833601  
NAND2BX1           slow          13.305600       1     13.305600  
NAND2X1            slow           9.979200      10     99.792004  
NAND2XL            slow           9.979200       4     39.916801  
NAND3X1            slow          13.305600       1     13.305600  
NAND4BXL           slow          19.958401       2     39.916801  
NAND4X1            slow          16.632000       3     49.896000  
NOR2BX1            slow          13.305600       1     13.305600  
NOR2X1             slow           9.979200      16    159.667206  
NOR2XL             slow           9.979200       2     19.958401  
NOR3X1             slow          13.305600       1     13.305600  
OAI2BB1X1          slow          16.632000       2     33.264000  
OAI21XL            slow          13.305600       7     93.139201  
OAI22X1            slow          19.958401      14    279.417610  
OAI22XL            slow          19.958401       7    139.708805  
OAI31X1            slow          19.958401       2     39.916801  
OAI32X1            slow          23.284800       2     46.569599  
OAI221XL           slow          23.284800      40    931.391983  
XNOR2XL            slow          26.611200       1     26.611200  
recam_config_resource_action_decoder_0
                                252.806404       1    252.806404  h
recam_config_resource_action_decoder_1
                                252.806404       1    252.806404  h
recam_config_resource_action_decoder_2
                                252.806404       1    252.806404  h
recam_config_resource_action_decoder_3
                                252.806404       1    252.806404  h
recam_physical_resource_ledger_checker
                                222.868803       1    222.868803  h
-----------------------------------------------------------------------------
Total 37 references                                  6197.083243

****************************************
Design: recam_config_resource_action_decoder_0 
****************************************
Reference          Library       Unit Area   Count    Total Area   Attributes
-----------------------------------------------------------------------------
INVX1              slow           6.652800       5     33.264000  
INVXL              slow           6.652800       2     13.305600  
NAND2BX1           slow          13.305600       1     13.305600  
NAND3X1            slow          13.305600       4     53.222401  
NAND4XL            slow          16.632000       1     16.632000  
NOR2X1             slow           9.979200       1      9.979200  
OAI21XL            slow          13.305600       1     13.305600  
OAI31X1            slow          19.958401       1     19.958401  
OR2X2              slow          13.305600       2     26.611200  
XNOR2X1            slow          26.611200       1     26.611200  
XOR2X1             slow          26.611200       1     26.611200  
-----------------------------------------------------------------------------
Total 11 references                                   252.806404

****************************************
Design: recam_config_resource_action_decoder_1 
****************************************
Reference          Library       Unit Area   Count    Total Area   Attributes
-----------------------------------------------------------------------------
INVX1              slow           6.652800       5     33.264000  
INVXL              slow           6.652800       2     13.305600  
NAND2BX1           slow          13.305600       1     13.305600  
NAND3X1            slow          13.305600       1     13.305600  
NAND3XL            slow          13.305600       3     39.916800  
NAND4XL            slow          16.632000       1     16.632000  
NOR2XL             slow           9.979200       1      9.979200  
OAI21XL            slow          13.305600       1     13.305600  
OAI31X1            slow          19.958401       1     19.958401  
OR2X2              slow          13.305600       1     13.305600  
OR2XL              slow          13.305600       1     13.305600  
XNOR2X1            slow          26.611200       1     26.611200  
XOR2X1             slow          26.611200       1     26.611200  
-----------------------------------------------------------------------------
Total 13 references                                   252.806404

****************************************
Design: recam_config_resource_action_decoder_2 
****************************************
Reference          Library       Unit Area   Count    Total Area   Attributes
-----------------------------------------------------------------------------
INVX1              slow           6.652800       4     26.611200  
INVXL              slow           6.652800       3     19.958400  
NAND2BX1           slow          13.305600       1     13.305600  
NAND3X1            slow          13.305600       1     13.305600  
NAND3XL            slow          13.305600       3     39.916800  
NAND4XL            slow          16.632000       1     16.632000  
NOR2XL             slow           9.979200       1      9.979200  
OAI21XL            slow          13.305600       1     13.305600  
OAI31X1            slow          19.958401       1     19.958401  
OR2X2              slow          13.305600       1     13.305600  
OR2XL              slow          13.305600       1     13.305600  
XNOR2X1            slow          26.611200       1     26.611200  
XOR2X1             slow          26.611200       1     26.611200  
-----------------------------------------------------------------------------
Total 13 references                                   252.806404

****************************************
Design: recam_config_resource_action_decoder_3 
****************************************
Reference          Library       Unit Area   Count    Total Area   Attributes
-----------------------------------------------------------------------------
INVX1              slow           6.652800       5     33.264000  
INVXL              slow           6.652800       2     13.305600  
NAND2BX1           slow          13.305600       1     13.305600  
NAND3X1            slow          13.305600       4     53.222401  
NAND4XL            slow          16.632000       1     16.632000  
NOR2X1             slow           9.979200       1      9.979200  
OAI21XL            slow          13.305600       1     13.305600  
OAI31X1            slow          19.958401       1     19.958401  
OR2X2              slow          13.305600       2     26.611200  
XNOR2X1            slow          26.611200       2     53.222401  
-----------------------------------------------------------------------------
Total 10 references                                   252.806404

****************************************
Design: recam_physical_resource_ledger_checker 
****************************************
Reference          Library       Unit Area   Count    Total Area   Attributes
-----------------------------------------------------------------------------
AND3X2             slow          16.632000       1     16.632000  
AOI21X1            slow          13.305600       1     13.305600  
INVX1              slow           6.652800       5     33.264000  
NOR2X1             slow           9.979200       2     19.958401  
NOR3X1             slow          13.305600       4     53.222401  
OAI2BB1X1          slow          16.632000       2     33.264000  
OAI21XL            slow          13.305600       2     26.611200  
OAI222XL           slow          26.611200       1     26.611200  
-----------------------------------------------------------------------------
Total 8 references                                    222.868803

****************************************
Design: recam_role_aware_config_scheduler_ROW_ADDR_W9_COL_ADDR_W5_DIFF_ADDR_W9_HYBRID_ENTRIES7 
****************************************
Reference          Library       Unit Area   Count    Total Area   Attributes
-----------------------------------------------------------------------------
AND2X2             slow          13.305600       5     66.528001  
AND3X1             slow          16.632000       1     16.632000  
BUFX3              slow          13.305600       6     79.833601  
CLKINVX2           slow           9.979200       1      9.979200  
CLKINVX3           slow           9.979200      12    119.750404  
CLKINVX4           slow          13.305600       1     13.305600  
CLKINVX8           slow          19.958401       3     59.875202  
DFFHQX2            slow          66.528000       1     66.528000  n
DFFHQX4            slow          73.180801       2    146.361603  n
DFFHQXL            slow          53.222401      81   4311.014454  n
DFFXL              slow          56.548801       1     56.548801  n
INVX1              slow           6.652800      78    518.918406  
INVX2              slow           9.979200       1      9.979200  
INVX4              slow          13.305600       1     13.305600  
INVX8              slow          19.958401       2     39.916801  
INVXL              slow           6.652800      10     66.528001  
NAND3X1            slow          13.305600       1     13.305600  
NAND3XL            slow          13.305600       1     13.305600  
OAI2BB1X1          slow          16.632000      10    166.320000  
OAI2BB1X2          slow          23.284800       2     46.569599  
OAI2BB1X4          slow          33.264000       1     33.264000  
OAI2BB1XL          slow          16.632000       2     33.264000  
OAI2BB2X1          slow          23.284800       1     23.284800  
OAI21XL            slow          13.305600       1     13.305600  
OAI22X1            slow          19.958401      40    798.336029  
OAI22X2            slow          29.937599       1     29.937599  
OAI22XL            slow          19.958401      28    558.835220  
OR2X2              slow          13.305600       8    106.444801  
OR2XL              slow          13.305600       1     13.305600  
recam_shared_config_analyzer_ROW_ADDR_W9_COL_ADDR_W5_DIFF_ADDR_W9_HYBRID_ENTRIES7
                              61056.072541       1  61056.072541  h
-----------------------------------------------------------------------------
Total 30 references                                 68500.555866

****************************************
Design: recam_shared_config_analyzer_ROW_ADDR_W9_COL_ADDR_W5_DIFF_ADDR_W9_HYBRID_ENTRIES7 
****************************************
Reference          Library       Unit Area   Count    Total Area   Attributes
-----------------------------------------------------------------------------
AND2X1             slow          13.305600       3     39.916800  
AND2X2             slow          13.305600      26    345.945604  
AND2X4             slow          16.632000       4     66.528000  
AND3X1             slow          16.632000       3     49.896000  
AND3X2             slow          16.632000       9    149.688000  
AND3X4             slow          19.958401       2     39.916801  
AND4X2             slow          19.958401      43    858.211231  
AND4X4             slow          36.590401       5    182.952003  
AOI2BB1X1          slow          16.632000       8    133.056000  
AOI2BB1X2          slow          23.284800       2     46.569599  
AOI2BB1XL          slow          16.632000       1     16.632000  
AOI2BB2X1          slow          23.284800      84   1955.923164  
AOI2BB2X2          slow          29.937599      16    479.001587  
AOI2BB2X4          slow          49.896000       1     49.896000  
AOI2BB2XL          slow          23.284800       4     93.139198  
AOI21X1            slow          13.305600       2     26.611200  
AOI21X2            slow          23.284800       1     23.284800  
AOI22X1            slow          16.632000       5     83.160000  
AOI31X1            slow          16.632000       2     33.264000  
AOI31X2            slow          29.937599       2     59.875198  
AOI33X1            slow          26.611200       2     53.222401  
AOI33X4            slow          36.590401       1     36.590401  
AOI211X2           slow          29.937599       1     29.937599  
AOI211X4           slow          33.264000       1     33.264000  
AOI221X1           slow          23.284800       8    186.278397  
AOI221X2           slow          39.916801       3    119.750404  
AOI221X4           slow          36.590401       1     36.590401  
AOI222X1           slow          26.611200      19    505.612806  
AOI222X2           slow          46.569599       1     46.569599  
AOI222X4           slow          39.916801       1     39.916801  
BUFX1              slow          13.305600      11    146.361602  
BUFX3              slow          13.305600      19    252.806403  
BUFX4              slow          16.632000       3     49.896000  
BUFX8              slow          29.937599       4    119.750397  
BUFX12             slow          33.264000       2     66.528000  
BUFX20             slow          53.222401       2    106.444801  
CLKINVX2           slow           9.979200       4     39.916801  
CLKINVX3           slow           9.979200     129   1287.316847  
CLKINVX4           slow          13.305600       6     79.833601  
CLKINVX8           slow          19.958401      11    219.542408  
CLKINVXL           slow           9.979200      12    119.750404  
INVX1              slow           6.652800     577   3838.665648  
INVX2              slow           9.979200      17    169.646406  
INVX3              slow          13.305600       1     13.305600  
INVX4              slow          13.305600      28    372.556805  
INVX8              slow          19.958401      25    498.960018  
INVX12             slow          43.243198       3    129.729595  
INVX16             slow          56.548801       1     56.548801  
INVX20             slow          63.201599       1     63.201599  
INVXL              slow           6.652800     113    751.766409  
MX2X1              slow          26.611200      82   2182.118427  
MX2X2              slow          29.937599       4    119.750397  
MX2X4              slow          33.264000       2     66.528000  
MX2XL              slow          26.611200       1     26.611200  
MXI2X1             slow          23.284800      91   2118.916761  
MXI2X2             slow          26.611200      93   2474.841631  
MXI2X4             slow          46.569599      12    558.835190  
MXI2XL             slow          23.284800      84   1955.923164  
NAND2BX1           slow          13.305600       1     13.305600  
NAND2X1            slow           9.979200      35    349.272013  
NAND2X2            slow          16.632000       3     49.896000  
NAND2X4            slow          23.284800       5    116.423998  
NAND2XL            slow           9.979200       7     69.854403  
NAND3BX1           slow          16.632000       1     16.632000  
NAND3BXL           slow          16.632000       1     16.632000  
NAND3X1            slow          13.305600     186   2474.841631  
NAND3X2            slow          23.284800       6    139.708797  
NAND3X4            slow          33.264000      20    665.279999  
NAND3XL            slow          13.305600       9    119.750401  
NAND4BBX1          slow          26.611200       1     26.611200  
NAND4BXL           slow          19.958401       3     59.875202  
NAND4X1            slow          16.632000      92   1530.143997  
NAND4X2            slow          29.937599      11    329.313591  
NAND4X4            slow          56.548801      20   1130.976028  
NAND4XL            slow          16.632000       9    149.688000  
NOR2X1             slow           9.979200      36    359.251213  
NOR2X2             slow          16.632000       6     99.792000  
NOR2X4             slow          23.284800       6    139.708797  
NOR2XL             slow           9.979200       1      9.979200  
NOR3BX1            slow          19.958401       1     19.958401  
NOR3BXL            slow          19.958401       1     19.958401  
NOR3X1             slow          13.305600       2     26.611200  
NOR3XL             slow          13.305600       1     13.305600  
NOR4X1             slow          19.958401       3     59.875202  
OAI2BB1X1          slow          16.632000      59    981.287998  
OAI2BB1X2          slow          23.284800      15    349.271994  
OAI2BB1X4          slow          33.264000      12    399.167999  
OAI2BB1XL          slow          16.632000       4     66.528000  
OAI21X4            slow          36.590401       1     36.590401  
OAI22X1            slow          19.958401      37    738.460827  
OAI22X2            slow          29.937599      27    808.315178  
OAI22XL            slow          19.958401      10    199.584007  
OAI31X4            slow          29.937599       2     59.875198  
OAI32X4            slow          33.264000       1     33.264000  
OAI211X1           slow          19.958401      13    259.459209  
OAI211X2           slow          33.264000       3     99.792000  
OAI211X4           slow          29.937599       6    179.625595  
OAI211XL           slow          19.958401       2     39.916801  
OAI221X2           slow          43.243198       4    172.972794  
OAI221X4           slow          36.590401       4    146.361603  
OAI221XL           slow          23.284800       3     69.854399  
OAI222X2           slow          49.896000       1     49.896000  
OAI222X4           slow          39.916801       8    319.334412  
OAI222XL           slow          26.611200       2     53.222401  
OR2X1              slow          13.305600       3     39.916800  
OR2X2              slow          13.305600     219   2913.926436  
OR2X4              slow          19.958401      47    938.044834  
OR2XL              slow          13.305600      29    385.862405  
OR3XL              slow          16.632000       2     33.264000  
OR4X1              slow          19.958401       1     19.958401  
OR4X2              slow          19.958401      73   1456.963253  
OR4X4              slow          36.590401      15    548.856010  
XNOR2X1            slow          26.611200      80   2128.896027  
XNOR2X2            slow          36.590401       3    109.771202  
XNOR2X4            slow          56.548801       1     56.548801  
XNOR2XL            slow          26.611200       3     79.833601  
XOR2X1             slow          26.611200     349   9287.308916  
XOR2X2             slow          33.264000      81   2694.383995  
XOR2X4             slow          56.548801      14    791.683220  
XOR2XL             slow          26.611200     105   2794.176035  
-----------------------------------------------------------------------------
Total 120 references                                61056.072541
1
