 
****************************************
Report : cell
Design : recam_n2_2r2c_analyzer
Version: W-2024.09-SP2
Date   : Thu Sep 24 07:25:26 2026
****************************************

Attributes:
    b - black box (unknown)
    h - hierarchical
    n - noncombinational
    p - parameterized
    r - removable
    u - contains unmapped logic

Cell                      Reference       Library             Area  Attributes
--------------------------------------------------------------------------------
U1                        BUFX20          slow            53.222401 
U2                        BUFX16          slow            43.243198 
U3                        BUFX3           slow            13.305600 
U4                        BUFX3           slow            13.305600 
U5                        CLKBUFXL        slow            13.305600 
U6                        BUFX3           slow            13.305600 
U7                        BUFX12          slow            33.264000 
U8                        BUFX8           slow            29.937599 
matrix_builder            recam_n2_2r2c_matrix_builder_ROW_ADDR_W9_PHYS_COL_ADDR_W13_HYBRID_ENTRY_NUM7
                                                          70992.029399
                                                                    h, p
pattern_analyzer          recam_n2_2r2c_pattern_analyzer  538.876807
                                                                    h
pattern_encoder           recam_n2_2r2c_pattern_encoder   372.556806
                                                                    h
--------------------------------------------------------------------------------
Total 11 cells                                            72116.352610
1
