 
****************************************
Report : qor
Design : recam_n2_2r2c_analyzer
Version: W-2024.09-SP2
Date   : Thu Sep 24 07:25:26 2026
****************************************


  Timing Path Group 'recam_boundary_clk'
  -----------------------------------
  Levels of Logic:              99.00
  Critical Path Length:         20.00
  Critical Path Slack:           0.00
  Critical Path Clk Period:     20.00
  Total Negative Slack:          0.00
  No. of Violating Paths:        0.00
  Worst Hold Violation:          0.00
  Total Hold Violation:          0.00
  No. of Hold Violations:        0.00
  -----------------------------------


  Cell Count
  -----------------------------------
  Hierarchical Cell Count:          3
  Hierarchical Port Count:        311
  Leaf Cell Count:               3364
  Buf/Inv Cell Count:            1108
  Buf Cell Count:                 108
  Inv Cell Count:                1000
  CT Buf/Inv Cell Count:            0
  Combinational Cell Count:      3364
  Sequential Cell Count:            0
  Macro Count:                      0
  -----------------------------------


  Area
  -----------------------------------
  Combinational Area:    72116.352610
  Noncombinational Area:     0.000000
  Buf/Inv Area:          13871.088226
  Total Buffer Area:          3020.37
  Total Inverter Area:       10850.72
  Macro/Black Box Area:      0.000000
  Net Area:             354575.111023
  -----------------------------------
  Cell Area:             72116.352610
  Design Area:          426691.463633


  Design Rules
  -----------------------------------
  Total Number of Nets:          3628
  Nets With Violations:             0
  Max Trans Violations:             0
  Max Cap Violations:               0
  -----------------------------------


  Hostname: Kaohsiung

  Compile CPU Statistics
  -----------------------------------------
  Resource Sharing:                    0.80
  Logic Optimization:                 24.91
  Mapping Optimization:                7.54
  -----------------------------------------
  Overall Compile Time:               34.31
  Overall Compile Wall Clock Time:    34.61

  --------------------------------------------------------------------

  Design  WNS: 0.00  TNS: 0.00  Number of Violating Paths: 0


  Design (Hold)  WNS: 0.00  TNS: 0.00  Number of Violating Paths: 0

  --------------------------------------------------------------------


1
