 
****************************************
Report : area
Design : recam_dss_hyp02_static_global_live_state_top
Version: W-2024.09-SP2
Date   : Mon Sep 28 03:24:34 2026
****************************************

Library(s) Used:

    slow (File: /cad/std_libraries/CBDK_TSMC018_Arm_f1.0/CIC/SynopsysDC/db/slow.db)

Number of ports:                         1871
Number of nets:                         10815
Number of cells:                         9376
Number of combinational cells:           8763
Number of sequential cells:               586
Number of macros/black boxes:               0
Number of buf/inv:                       2709
Number of references:                      10

Combinational area:             183008.550445
Buf/Inv area:                    33446.952446
Noncombinational area:           32961.298374
Macro/Black Box area:                0.000000
Net Interconnect area:         1026251.859558

Total cell area:                215969.848819
Total area:                    1242221.708377

Hierarchical area distribution
------------------------------

                                  Global cell area              Local cell area
                                  --------------------  ------------------------------- 
Hierarchical cell                 Absolute     Percent  Combi-       Noncombi-   Black-
                                  Total        Total    national     national    boxes   Design
--------------------------------  -----------  -------  -----------  ----------  ------  ----------------------------------------------------------------------------------------------------------------
recam_dss_hyp02_static_global_live_state_top
                                  215969.8488    100.0     192.9312      0.0000  0.0000  recam_dss_hyp02_static_global_live_state_top
analyzer                          131229.8074     60.8  131229.8074      0.0000  0.0000  recam_shared_config_analyzer_ROW_ADDR_W9_PHYS_COL_ADDR_W13_WORD_COL_ADDR_W5_HYBRID_LINE_ADDR_W13_HYBRID_ENTRIES7
core                               40039.8770     18.5    2917.2528   3609.1441  0.0000  recam_dss_hyp02_static_global_live_state_core
core/candidate_store               26770.8672     12.4   22300.1855   4470.6817  0.0000  dss_v2_group_candidate_store
core/slot_decode                     402.4944      0.2     402.4944      0.0000  0.0000  dss_v2_group_slot_decode
core/static_selector                6340.1185      2.9    6340.1185      0.0000  0.0000  recam_dss_hyp02_static_selector
pivot_address_regs                 44507.2332     20.6   19625.7606  24881.4726  0.0000  dss_group_pivot_address_regs_ROW_ADDR_W9_PHYS_COL_ADDR_W13
--------------------------------  -----------  -------  -----------  ----------  ------  ----------------------------------------------------------------------------------------------------------------
Total                                                   183008.5504  32961.2984  0.0000

1
