 
****************************************
Report : qor
Design : recam_dss_hyp02_static_global_live_state_top
Version: W-2024.09-SP2
Date   : Mon Sep 28 03:24:34 2026
****************************************


  Timing Path Group 'recam_clk'
  -----------------------------------
  Levels of Logic:              77.00
  Critical Path Length:         14.83
  Critical Path Slack:           0.00
  Critical Path Clk Period:     15.00
  Total Negative Slack:          0.00
  No. of Violating Paths:        0.00
  Worst Hold Violation:          0.00
  Total Hold Violation:          0.00
  No. of Hold Violations:        0.00
  -----------------------------------


  Cell Count
  -----------------------------------
  Hierarchical Cell Count:          6
  Hierarchical Port Count:       1137
  Leaf Cell Count:               9349
  Buf/Inv Cell Count:            2709
  Buf Cell Count:                 382
  Inv Cell Count:                2327
  CT Buf/Inv Cell Count:            0
  Combinational Cell Count:      8763
  Sequential Cell Count:          586
  Macro Count:                      0
  -----------------------------------


  Area
  -----------------------------------
  Combinational Area:   183008.550445
  Noncombinational Area: 32961.298374
  Buf/Inv Area:          33446.952446
  Total Buffer Area:          8239.49
  Total Inverter Area:       25207.46
  Macro/Black Box Area:      0.000000
  Net Area:            1026251.859558
  -----------------------------------
  Cell Area:            215969.848819
  Design Area:         1242221.708377


  Design Rules
  -----------------------------------
  Total Number of Nets:          9712
  Nets With Violations:             4
  Max Trans Violations:             0
  Max Cap Violations:               4
  -----------------------------------


  Hostname: Kaohsiung

  Compile CPU Statistics
  -----------------------------------------
  Resource Sharing:                    4.24
  Logic Optimization:                201.64
  Mapping Optimization:              100.76
  -----------------------------------------
  Overall Compile Time:              313.05
  Overall Compile Wall Clock Time:   314.23

  --------------------------------------------------------------------

  Design  WNS: 0.00  TNS: 0.00  Number of Violating Paths: 0


  Design (Hold)  WNS: 0.00  TNS: 0.00  Number of Violating Paths: 0

  --------------------------------------------------------------------


1
