 
****************************************
Report : qor
Design : recam_2r2c_analyzer
Version: W-2024.09-SP2
Date   : Wed Sep  9 20:30:11 2026
****************************************


  Timing Path Group 'recam_boundary_clk'
  -----------------------------------
  Levels of Logic:              64.00
  Critical Path Length:         14.99
  Critical Path Slack:           0.01
  Critical Path Clk Period:     15.00
  Total Negative Slack:          0.00
  No. of Violating Paths:        0.00
  Worst Hold Violation:          0.00
  Total Hold Violation:          0.00
  No. of Hold Violations:        0.00
  -----------------------------------


  Cell Count
  -----------------------------------
  Hierarchical Cell Count:          3
  Hierarchical Port Count:        226
  Leaf Cell Count:               1575
  Buf/Inv Cell Count:             466
  Buf Cell Count:                  24
  Inv Cell Count:                 442
  CT Buf/Inv Cell Count:            0
  Combinational Cell Count:      1575
  Sequential Cell Count:            0
  Macro Count:                      0
  -----------------------------------


  Area
  -----------------------------------
  Combinational Area:    30755.894664
  Noncombinational Area:     0.000000
  Buf/Inv Area:           4839.912084
  Total Buffer Area:           721.83
  Total Inverter Area:        4118.08
  Macro/Black Box Area:      0.000000
  Net Area:             167207.504974
  -----------------------------------
  Cell Area:             30755.894664
  Design Area:          197963.399639


  Design Rules
  -----------------------------------
  Total Number of Nets:          1754
  Nets With Violations:             0
  Max Trans Violations:             0
  Max Cap Violations:               0
  -----------------------------------


  Hostname: Kaohsiung

  Compile CPU Statistics
  -----------------------------------------
  Resource Sharing:                    0.51
  Logic Optimization:                  2.89
  Mapping Optimization:                1.41
  -----------------------------------------
  Overall Compile Time:                5.72
  Overall Compile Wall Clock Time:     5.95

  --------------------------------------------------------------------

  Design  WNS: 0.00  TNS: 0.00  Number of Violating Paths: 0


  Design (Hold)  WNS: 0.00  TNS: 0.00  Number of Violating Paths: 0

  --------------------------------------------------------------------


1
