 
****************************************
Report : reference
Design : recam_2r2c_analyzer
Version: W-2024.09-SP2
Date   : Wed Sep  9 20:30:11 2026
****************************************

Attributes:
    b - black box (unknown)
   bo - allows boundary optimization
    d - dont_touch
   mo - map_only
    h - hierarchical
    n - noncombinational
    r - removable
    s - synthetic operator
    u - contains unmapped logic

Reference          Library       Unit Area   Count    Total Area   Attributes
-----------------------------------------------------------------------------
BUFX8              slow          29.937599       3     89.812798  
BUFX12             slow          33.264000       1     33.264000  
BUFX16             slow          43.243198       1     43.243198  
recam_2r2c_matrix_builder_ADDR_W10_HYBRID_ENTRY_NUM4
                              29817.849864       1  29817.849864  h
recam_2r2c_pattern_analyzer     445.737604       1    445.737604  h
recam_2r2c_pattern_encoder      325.987200       1    325.987200  h
-----------------------------------------------------------------------------
Total 6 references                                  30755.894664

****************************************
Design: recam_2r2c_matrix_builder_ADDR_W10_HYBRID_ENTRY_NUM4 
****************************************
Reference          Library       Unit Area   Count    Total Area   Attributes
-----------------------------------------------------------------------------
AND2X1             slow          13.305600       2     26.611200  
AND2X2             slow          13.305600      26    345.945604  
AND2X4             slow          16.632000       2     33.264000  
AND3X2             slow          16.632000       5     83.160000  
AND3X4             slow          19.958401       7    139.708805  
AND4X2             slow          19.958401      19    379.209614  
AND4X4             slow          36.590401       1     36.590401  
AOI2BB1X1          slow          16.632000       3     49.896000  
AOI2BB1X2          slow          23.284800       2     46.569599  
AOI2BB1X4          slow          36.590401       1     36.590401  
AOI2BB1XL          slow          16.632000       1     16.632000  
AOI2BB2X1          slow          23.284800      38    884.822384  
AOI2BB2X2          slow          29.937599      25    748.439980  
AOI2BB2XL          slow          23.284800       7    162.993597  
AOI31X1            slow          16.632000       2     33.264000  
AOI32X1            slow          23.284800       2     46.569599  
AOI33X2            slow          43.243198       1     43.243198  
AOI211X1           slow          16.632000       3     49.896000  
AOI221X1           slow          23.284800       4     93.139198  
AOI222X1           slow          26.611200       9    239.500803  
AOI222X4           slow          39.916801       1     39.916801  
BUFX3              slow          13.305600       5     66.528001  
BUFX4              slow          16.632000       1     16.632000  
BUFX8              slow          29.937599       3     89.812798  
BUFX12             slow          33.264000       3     99.792000  
BUFX16             slow          43.243198       1     43.243198  
BUFX20             slow          53.222401       3    159.667202  
CLKBUFX2           slow          13.305600       1     13.305600  
CLKBUFX8           slow          23.284800       1     23.284800  
CLKINVX2           slow           9.979200       3     29.937601  
CLKINVX3           slow           9.979200     109   1087.732840  
CLKINVX4           slow          13.305600       6     79.833601  
CLKINVX8           slow          19.958401      10    199.584007  
CLKINVXL           slow           9.979200       1      9.979200  
INVX1              slow           6.652800     208   1383.782417  
INVX2              slow           9.979200      11    109.771204  
INVX3              slow          13.305600       3     39.916800  
INVX4              slow          13.305600      29    385.862405  
INVX8              slow          19.958401      19    379.209614  
INVX12             slow          43.243198       2     86.486397  
INVXL              slow           6.652800      31    206.236803  
MX2X1              slow          26.611200      16    425.779205  
MXI2X1             slow          23.284800      12    279.417595  
MXI2X2             slow          26.611200       7    186.278402  
MXI2X4             slow          46.569599       2     93.139198  
MXI2XL             slow          23.284800      22    512.265591  
NAND2BX1           slow          13.305600       1     13.305600  
NAND2BX4           slow          26.611200       1     26.611200  
NAND2X1            slow           9.979200      15    149.688005  
NAND2X2            slow          16.632000      16    266.112000  
NAND2X4            slow          23.284800      13    302.702394  
NAND2XL            slow           9.979200      17    169.646406  
NAND3BX4           slow          36.590401       1     36.590401  
NAND3BXL           slow          16.632000       1     16.632000  
NAND3X1            slow          13.305600      64    851.558411  
NAND3X2            slow          23.284800       6    139.708797  
NAND3X4            slow          33.264000      11    365.903999  
NAND3XL            slow          13.305600       2     26.611200  
NAND4BX4           slow          59.875198       1     59.875198  
NAND4BXL           slow          19.958401       1     19.958401  
NAND4X1            slow          16.632000      30    498.959999  
NAND4X2            slow          29.937599       7    209.563194  
NAND4X4            slow          56.548801      12    678.585617  
NAND4XL            slow          16.632000       3     49.896000  
NOR2X1             slow           9.979200       9     89.812803  
NOR2X2             slow          16.632000       2     33.264000  
NOR2X4             slow          23.284800       4     93.139198  
NOR2XL             slow           9.979200       5     49.896002  
NOR3X1             slow          13.305600       3     39.916800  
NOR4X1             slow          19.958401       4     79.833603  
NOR4X4             slow          56.548801       2    113.097603  
OAI2BB1X1          slow          16.632000       7    116.424000  
OAI2BB1X2          slow          23.284800       6    139.708797  
OAI2BB1X4          slow          33.264000       2     66.528000  
OAI2BB1XL          slow          16.632000       2     33.264000  
OAI21X4            slow          36.590401       2     73.180801  
OAI22X1            slow          19.958401      24    479.001617  
OAI22X2            slow          29.937599      10    299.375992  
OAI22X4            slow          46.569599       1     46.569599  
OAI22XL            slow          19.958401      27    538.876820  
OAI31X2            slow          29.937599       3     89.812798  
OAI31X4            slow          29.937599       6    179.625595  
OAI31XL            slow          19.958401       1     19.958401  
OAI32X1            slow          23.284800       6    139.708797  
OAI32X2            slow          36.590401       8    292.723206  
OAI32X4            slow          33.264000       4    133.056000  
OAI211X1           slow          19.958401       1     19.958401  
OAI211X2           slow          33.264000       3     99.792000  
OAI211X4           slow          29.937599       2     59.875198  
OAI221X2           slow          43.243198       2     86.486397  
OAI221X4           slow          36.590401       3    109.771202  
OAI221XL           slow          23.284800       1     23.284800  
OAI222XL           slow          26.611200       1     26.611200  
OR2X1              slow          13.305600       4     53.222401  
OR2X2              slow          13.305600     115   1530.144019  
OR2X4              slow          19.958401      33    658.627224  
OR2XL              slow          13.305600      15    199.584002  
OR3X4              slow          29.937599       1     29.937599  
OR4X2              slow          19.958401      19    379.209614  
OR4X4              slow          36.590401      11    402.494408  
XNOR2X1            slow          26.611200      25    665.280008  
XNOR2X4            slow          56.548801       1     56.548801  
XOR2X1             slow          26.611200     182   4843.238461  
XOR2X2             slow          33.264000      94   3126.815994  
XOR2X4             slow          56.548801      11    622.036816  
XOR2XL             slow          26.611200       2     53.222401  
XOR3X4             slow          99.792000       2    199.584000  
-----------------------------------------------------------------------------
Total 107 references                                29817.849864

****************************************
Design: recam_2r2c_pattern_analyzer 
****************************************
Reference          Library       Unit Area   Count    Total Area   Attributes
-----------------------------------------------------------------------------
BUFX16             slow          43.243198       1     43.243198  
CLKINVX1           slow           9.979200       1      9.979200  
INVX1              slow           6.652800       1      6.652800  
INVX2              slow           9.979200       1      9.979200  
INVX8              slow          19.958401       1     19.958401  
NAND3X2            slow          23.284800       1     23.284800  
NAND3X4            slow          33.264000       1     33.264000  
NOR2X4             slow          23.284800       1     23.284800  
NOR3X2             slow          23.284800       1     23.284800  
NOR3X4             slow          33.264000       1     33.264000  
NOR4X4             slow          56.548801       3    169.646404  
OR2XL              slow          13.305600       1     13.305600  
OR4X4              slow          36.590401       1     36.590401  
-----------------------------------------------------------------------------
Total 13 references                                   445.737604

****************************************
Design: recam_2r2c_pattern_encoder 
****************************************
Reference          Library       Unit Area   Count    Total Area   Attributes
-----------------------------------------------------------------------------
AND2X2             slow          13.305600       1     13.305600  
AOI21X2            slow          23.284800       1     23.284800  
AOI211X2           slow          29.937599       1     29.937599  
INVX1              slow           6.652800       1      6.652800  
INVX4              slow          13.305600       5     66.528001  
NAND3X1            slow          13.305600       1     13.305600  
NAND3X4            slow          33.264000       1     33.264000  
NAND4X2            slow          29.937599       1     29.937599  
NOR2XL             slow           9.979200       1      9.979200  
OAI2BB1X4          slow          33.264000       2     66.528000  
OR2X4              slow          19.958401       1     19.958401  
OR2XL              slow          13.305600       1     13.305600  
-----------------------------------------------------------------------------
Total 12 references                                   325.987200
1
