 
****************************************
Report : timing
        -path full
        -delay max
        -max_paths 10
Design : recam_2r2c_analyzer
Version: W-2024.09-SP2
Date   : Wed Sep  9 20:30:11 2026
****************************************

Operating Conditions: slow   Library: slow
Wire Load Model Mode: top

  Startpoint: pivot_valid_i[0]
              (input port clocked by recam_boundary_clk)
  Endpoint: pattern_id_o[0]
            (output port clocked by recam_boundary_clk)
  Path Group: recam_boundary_clk
  Path Type: max

  Des/Clust/Port     Wire Load Model       Library
  ------------------------------------------------
  recam_2r2c_analyzer
                     tsmc18_wl10           slow

  Point                                                   Incr       Path
  --------------------------------------------------------------------------
  clock recam_boundary_clk (rise edge)                    0.00       0.00
  clock network delay (ideal)                             0.00       0.00
  input external delay                                    0.00       0.00 f
  pivot_valid_i[0] (in)                                   0.00       0.00 f
  matrix_builder/pivot_valid_i[0] (recam_2r2c_matrix_builder_ADDR_W10_HYBRID_ENTRY_NUM4)
                                                          0.00       0.00 f
  matrix_builder/U498/Y (CLKINVX3)                        0.23       0.23 r
  matrix_builder/U526/Y (INVX4)                           0.08       0.31 f
  matrix_builder/U17/Y (BUFX20)                           0.15       0.46 f
  matrix_builder/U1066/Y (NAND2X2)                        0.21       0.67 r
  matrix_builder/U272/Y (XOR2X1)                          0.38       1.05 r
  matrix_builder/U269/Y (NAND3X1)                         0.25       1.30 f
  matrix_builder/U844/Y (NOR4X4)                          0.35       1.65 r
  matrix_builder/U843/Y (NAND2BX4)                        0.10       1.75 f
  matrix_builder/U863/Y (CLKINVX8)                        0.07       1.82 r
  matrix_builder/U871/Y (OR4X4)                           0.21       2.03 r
  matrix_builder/U71/Y (CLKINVX8)                         0.06       2.10 f
  matrix_builder/U70/Y (OR2X2)                            0.31       2.41 f
  matrix_builder/U158/Y (INVX4)                           0.12       2.53 r
  matrix_builder/U992/Y (NAND3X4)                         0.14       2.67 f
  matrix_builder/U954/Y (INVX4)                           0.11       2.78 r
  matrix_builder/U1018/Y (OR2X4)                          0.21       2.99 r
  matrix_builder/U1017/Y (OR2X4)                          0.22       3.21 r
  matrix_builder/U1028/Y (OR2X4)                          0.26       3.47 r
  matrix_builder/U1029/Y (INVX8)                          0.07       3.54 f
  matrix_builder/U752/Y (BUFX20)                          0.15       3.69 f
  matrix_builder/U889/Y (OAI32X2)                         0.42       4.11 r
  matrix_builder/U963/Y (INVX8)                           0.09       4.19 f
  matrix_builder/U962/Y (XOR2X4)                          0.25       4.44 r
  matrix_builder/U974/Y (NAND3X4)                         0.11       4.55 f
  matrix_builder/U984/Y (OR4X4)                           0.43       4.98 f
  matrix_builder/U973/Y (OR4X4)                           0.46       5.44 f
  matrix_builder/U1002/Y (OAI2BB1X4)                      0.16       5.60 r
  matrix_builder/U66/Y (INVX8)                            0.05       5.65 f
  matrix_builder/U65/Y (OAI221X2)                         0.18       5.84 r
  matrix_builder/U528/Y (INVX4)                           0.12       5.96 f
  matrix_builder/U515/Y (OR2X2)                           0.29       6.24 f
  matrix_builder/U1019/Y (OR2X4)                          0.30       6.55 f
  matrix_builder/U742/Y (OR2X4)                           0.24       6.79 f
  matrix_builder/U751/Y (BUFX4)                           0.17       6.95 f
  matrix_builder/U1024/Y (OAI31X4)                        0.62       7.57 r
  matrix_builder/U80/Y (INVX4)                            0.08       7.65 f
  matrix_builder/U961/Y (NAND4X4)                         0.21       7.86 r
  matrix_builder/U929/Y (NAND3X4)                         0.11       7.98 f
  matrix_builder/U958/Y (OR4X4)                           0.44       8.41 f
  matrix_builder/U957/Y (OR4X4)                           0.45       8.87 f
  matrix_builder/U679/Y (AND3X4)                          0.24       9.11 f
  matrix_builder/U993/Y (OR2X4)                           0.33       9.44 f
  matrix_builder/U991/Y (CLKINVX8)                        0.09       9.53 r
  matrix_builder/U888/Y (OR2X4)                           0.20       9.73 r
  matrix_builder/U894/Y (INVX4)                           0.08       9.81 f
  matrix_builder/U522/Y (NAND3X2)                         0.23      10.04 r
  matrix_builder/U91/Y (INVX4)                            0.22      10.26 f
  matrix_builder/U734/Y (AOI2BB2XL)                       0.39      10.66 r
  matrix_builder/U161/Y (XOR2X1)                          0.43      11.08 r
  matrix_builder/U838/Y (AND3X4)                          0.24      11.32 r
  matrix_builder/U835/Y (NAND4X4)                         0.20      11.52 f
  matrix_builder/U520/Y (INVX1)                           0.17      11.68 r
  matrix_builder/U872/Y (OR2XL)                           0.42      12.11 r
  matrix_builder/U1444/Y (CLKINVX3)                       0.11      12.22 f
  matrix_builder/U1445/Y (OR2X2)                          0.27      12.49 f
  matrix_builder/U1446/Y (OR2X2)                          0.38      12.87 f
  matrix_builder/U1511/Y (OR2X2)                          0.28      13.15 f
  matrix_builder/U634/Y (NAND3X1)                         0.56      13.71 r
  matrix_builder/matrix_flat_o[9] (recam_2r2c_matrix_builder_ADDR_W10_HYBRID_ENTRY_NUM4)
                                                          0.00      13.71 r
  pattern_analyzer/matrix_flat_i[9] (recam_2r2c_pattern_analyzer)
                                                          0.00      13.71 r
  pattern_analyzer/U8/Y (NOR3X2)                          0.20      13.90 f
  pattern_analyzer/candidate_valid_o[2] (recam_2r2c_pattern_analyzer)
                                                          0.00      13.90 f
  U5/Y (BUFX8)                                            0.22      14.12 f
  pattern_encoder/candidate_valid_i[2] (recam_2r2c_pattern_encoder)
                                                          0.00      14.12 f
  pattern_encoder/U17/Y (OR2X4)                           0.25      14.37 f
  pattern_encoder/U11/Y (INVX4)                           0.13      14.50 r
  pattern_encoder/U19/Y (NAND3X1)                         0.22      14.71 f
  pattern_encoder/U8/Y (NAND3X4)                          0.28      14.99 r
  pattern_encoder/pattern_id_o[0] (recam_2r2c_pattern_encoder)
                                                          0.00      14.99 r
  pattern_id_o[0] (out)                                   0.00      14.99 r
  data arrival time                                                 14.99

  clock recam_boundary_clk (rise edge)                   15.00      15.00
  clock network delay (ideal)                             0.00      15.00
  output external delay                                   0.00      15.00
  data required time                                                15.00
  --------------------------------------------------------------------------
  data required time                                                15.00
  data arrival time                                                -14.99
  --------------------------------------------------------------------------
  slack (MET)                                                        0.01


  Startpoint: pivot_valid_i[0]
              (input port clocked by recam_boundary_clk)
  Endpoint: pattern_id_o[1]
            (output port clocked by recam_boundary_clk)
  Path Group: recam_boundary_clk
  Path Type: max

  Des/Clust/Port     Wire Load Model       Library
  ------------------------------------------------
  recam_2r2c_analyzer
                     tsmc18_wl10           slow

  Point                                                   Incr       Path
  --------------------------------------------------------------------------
  clock recam_boundary_clk (rise edge)                    0.00       0.00
  clock network delay (ideal)                             0.00       0.00
  input external delay                                    0.00       0.00 f
  pivot_valid_i[0] (in)                                   0.00       0.00 f
  matrix_builder/pivot_valid_i[0] (recam_2r2c_matrix_builder_ADDR_W10_HYBRID_ENTRY_NUM4)
                                                          0.00       0.00 f
  matrix_builder/U498/Y (CLKINVX3)                        0.23       0.23 r
  matrix_builder/U526/Y (INVX4)                           0.08       0.31 f
  matrix_builder/U17/Y (BUFX20)                           0.15       0.46 f
  matrix_builder/U1066/Y (NAND2X2)                        0.21       0.67 r
  matrix_builder/U272/Y (XOR2X1)                          0.38       1.05 r
  matrix_builder/U269/Y (NAND3X1)                         0.25       1.30 f
  matrix_builder/U844/Y (NOR4X4)                          0.35       1.65 r
  matrix_builder/U843/Y (NAND2BX4)                        0.10       1.75 f
  matrix_builder/U863/Y (CLKINVX8)                        0.07       1.82 r
  matrix_builder/U871/Y (OR4X4)                           0.21       2.03 r
  matrix_builder/U71/Y (CLKINVX8)                         0.06       2.10 f
  matrix_builder/U70/Y (OR2X2)                            0.31       2.41 f
  matrix_builder/U158/Y (INVX4)                           0.12       2.53 r
  matrix_builder/U992/Y (NAND3X4)                         0.14       2.67 f
  matrix_builder/U954/Y (INVX4)                           0.11       2.78 r
  matrix_builder/U1018/Y (OR2X4)                          0.21       2.99 r
  matrix_builder/U1017/Y (OR2X4)                          0.22       3.21 r
  matrix_builder/U1028/Y (OR2X4)                          0.26       3.47 r
  matrix_builder/U1029/Y (INVX8)                          0.07       3.54 f
  matrix_builder/U752/Y (BUFX20)                          0.15       3.69 f
  matrix_builder/U889/Y (OAI32X2)                         0.42       4.11 r
  matrix_builder/U963/Y (INVX8)                           0.09       4.19 f
  matrix_builder/U962/Y (XOR2X4)                          0.25       4.44 r
  matrix_builder/U974/Y (NAND3X4)                         0.11       4.55 f
  matrix_builder/U984/Y (OR4X4)                           0.43       4.98 f
  matrix_builder/U973/Y (OR4X4)                           0.46       5.44 f
  matrix_builder/U1002/Y (OAI2BB1X4)                      0.16       5.60 r
  matrix_builder/U66/Y (INVX8)                            0.05       5.65 f
  matrix_builder/U65/Y (OAI221X2)                         0.18       5.84 r
  matrix_builder/U528/Y (INVX4)                           0.12       5.96 f
  matrix_builder/U515/Y (OR2X2)                           0.29       6.24 f
  matrix_builder/U1019/Y (OR2X4)                          0.30       6.55 f
  matrix_builder/U742/Y (OR2X4)                           0.24       6.79 f
  matrix_builder/U751/Y (BUFX4)                           0.17       6.95 f
  matrix_builder/U1024/Y (OAI31X4)                        0.62       7.57 r
  matrix_builder/U80/Y (INVX4)                            0.08       7.65 f
  matrix_builder/U961/Y (NAND4X4)                         0.21       7.86 r
  matrix_builder/U929/Y (NAND3X4)                         0.11       7.98 f
  matrix_builder/U958/Y (OR4X4)                           0.44       8.41 f
  matrix_builder/U957/Y (OR4X4)                           0.45       8.87 f
  matrix_builder/U679/Y (AND3X4)                          0.24       9.11 f
  matrix_builder/U993/Y (OR2X4)                           0.33       9.44 f
  matrix_builder/U991/Y (CLKINVX8)                        0.09       9.53 r
  matrix_builder/U990/Y (OR2X4)                           0.25       9.78 r
  matrix_builder/U959/Y (INVX8)                           0.07       9.85 f
  matrix_builder/U930/Y (OR2X4)                           0.30      10.16 f
  matrix_builder/U10/Y (INVX8)                            0.10      10.26 r
  matrix_builder/U445/Y (AOI2BB2X1)                       0.27      10.53 r
  matrix_builder/U444/Y (XOR2X1)                          0.43      10.96 r
  matrix_builder/U818/Y (NAND4X2)                         0.17      11.13 f
  matrix_builder/U980/Y (OR4X4)                           0.48      11.61 f
  matrix_builder/U979/Y (NAND4X4)                         0.28      11.89 r
  matrix_builder/U21/Y (INVX8)                            0.06      11.94 f
  matrix_builder/U1030/Y (OR2X4)                          0.26      12.20 f
  matrix_builder/U19/Y (BUFX20)                           0.16      12.36 f
  matrix_builder/U1007/Y (NAND4XL)                        0.28      12.63 r
  matrix_builder/U681/Y (AND2X4)                          0.25      12.89 r
  matrix_builder/U643/Y (OR2X2)                           0.24      13.13 r
  matrix_builder/U981/Y (NAND4X4)                         0.16      13.29 f
  matrix_builder/matrix_flat_o[15] (recam_2r2c_matrix_builder_ADDR_W10_HYBRID_ENTRY_NUM4)
                                                          0.00      13.29 f
  U1/Y (BUFX16)                                           0.20      13.49 f
  pattern_analyzer/matrix_flat_i[15] (recam_2r2c_pattern_analyzer)
                                                          0.00      13.49 f
  pattern_analyzer/U12/Y (OR4X4)                          0.44      13.93 f
  pattern_analyzer/U16/Y (NOR2X4)                         0.14      14.06 r
  pattern_analyzer/candidate_valid_o[1] (recam_2r2c_pattern_analyzer)
                                                          0.00      14.06 r
  U2/Y (BUFX12)                                           0.17      14.23 r
  pattern_encoder/candidate_valid_i[1] (recam_2r2c_pattern_encoder)
                                                          0.00      14.23 r
  pattern_encoder/U17/Y (OR2X4)                           0.19      14.43 r
  pattern_encoder/U3/Y (AOI21X2)                          0.09      14.51 f
  pattern_encoder/U6/Y (AOI211X2)                         0.29      14.81 r
  pattern_encoder/pattern_id_o[1] (recam_2r2c_pattern_encoder)
                                                          0.00      14.81 r
  U4/Y (BUFX8)                                            0.18      14.99 r
  pattern_id_o[1] (out)                                   0.00      14.99 r
  data arrival time                                                 14.99

  clock recam_boundary_clk (rise edge)                   15.00      15.00
  clock network delay (ideal)                             0.00      15.00
  output external delay                                   0.00      15.00
  data required time                                                15.00
  --------------------------------------------------------------------------
  data required time                                                15.00
  data arrival time                                                -14.99
  --------------------------------------------------------------------------
  slack (MET)                                                        0.01


  Startpoint: pivot_valid_i[0]
              (input port clocked by recam_boundary_clk)
  Endpoint: pattern_id_o[2]
            (output port clocked by recam_boundary_clk)
  Path Group: recam_boundary_clk
  Path Type: max

  Des/Clust/Port     Wire Load Model       Library
  ------------------------------------------------
  recam_2r2c_analyzer
                     tsmc18_wl10           slow

  Point                                                   Incr       Path
  --------------------------------------------------------------------------
  clock recam_boundary_clk (rise edge)                    0.00       0.00
  clock network delay (ideal)                             0.00       0.00
  input external delay                                    0.00       0.00 f
  pivot_valid_i[0] (in)                                   0.00       0.00 f
  matrix_builder/pivot_valid_i[0] (recam_2r2c_matrix_builder_ADDR_W10_HYBRID_ENTRY_NUM4)
                                                          0.00       0.00 f
  matrix_builder/U498/Y (CLKINVX3)                        0.23       0.23 r
  matrix_builder/U526/Y (INVX4)                           0.08       0.31 f
  matrix_builder/U17/Y (BUFX20)                           0.15       0.46 f
  matrix_builder/U1066/Y (NAND2X2)                        0.21       0.67 r
  matrix_builder/U272/Y (XOR2X1)                          0.38       1.05 r
  matrix_builder/U269/Y (NAND3X1)                         0.25       1.30 f
  matrix_builder/U844/Y (NOR4X4)                          0.35       1.65 r
  matrix_builder/U843/Y (NAND2BX4)                        0.10       1.75 f
  matrix_builder/U863/Y (CLKINVX8)                        0.07       1.82 r
  matrix_builder/U871/Y (OR4X4)                           0.21       2.03 r
  matrix_builder/U71/Y (CLKINVX8)                         0.06       2.10 f
  matrix_builder/U70/Y (OR2X2)                            0.31       2.41 f
  matrix_builder/U158/Y (INVX4)                           0.12       2.53 r
  matrix_builder/U992/Y (NAND3X4)                         0.14       2.67 f
  matrix_builder/U954/Y (INVX4)                           0.11       2.78 r
  matrix_builder/U1018/Y (OR2X4)                          0.21       2.99 r
  matrix_builder/U1017/Y (OR2X4)                          0.22       3.21 r
  matrix_builder/U1028/Y (OR2X4)                          0.26       3.47 r
  matrix_builder/U1029/Y (INVX8)                          0.07       3.54 f
  matrix_builder/U752/Y (BUFX20)                          0.15       3.69 f
  matrix_builder/U889/Y (OAI32X2)                         0.42       4.11 r
  matrix_builder/U963/Y (INVX8)                           0.09       4.19 f
  matrix_builder/U962/Y (XOR2X4)                          0.25       4.44 r
  matrix_builder/U974/Y (NAND3X4)                         0.11       4.55 f
  matrix_builder/U984/Y (OR4X4)                           0.43       4.98 f
  matrix_builder/U973/Y (OR4X4)                           0.46       5.44 f
  matrix_builder/U1002/Y (OAI2BB1X4)                      0.16       5.60 r
  matrix_builder/U66/Y (INVX8)                            0.05       5.65 f
  matrix_builder/U65/Y (OAI221X2)                         0.18       5.84 r
  matrix_builder/U528/Y (INVX4)                           0.12       5.96 f
  matrix_builder/U515/Y (OR2X2)                           0.29       6.24 f
  matrix_builder/U1019/Y (OR2X4)                          0.30       6.55 f
  matrix_builder/U742/Y (OR2X4)                           0.24       6.79 f
  matrix_builder/U751/Y (BUFX4)                           0.17       6.95 f
  matrix_builder/U1024/Y (OAI31X4)                        0.62       7.57 r
  matrix_builder/U80/Y (INVX4)                            0.08       7.65 f
  matrix_builder/U961/Y (NAND4X4)                         0.21       7.86 r
  matrix_builder/U929/Y (NAND3X4)                         0.11       7.98 f
  matrix_builder/U958/Y (OR4X4)                           0.44       8.41 f
  matrix_builder/U957/Y (OR4X4)                           0.45       8.87 f
  matrix_builder/U679/Y (AND3X4)                          0.24       9.11 f
  matrix_builder/U993/Y (OR2X4)                           0.33       9.44 f
  matrix_builder/U991/Y (CLKINVX8)                        0.09       9.53 r
  matrix_builder/U990/Y (OR2X4)                           0.25       9.78 r
  matrix_builder/U959/Y (INVX8)                           0.07       9.85 f
  matrix_builder/U930/Y (OR2X4)                           0.30      10.16 f
  matrix_builder/U10/Y (INVX8)                            0.10      10.26 r
  matrix_builder/U445/Y (AOI2BB2X1)                       0.27      10.53 r
  matrix_builder/U444/Y (XOR2X1)                          0.43      10.96 r
  matrix_builder/U818/Y (NAND4X2)                         0.17      11.13 f
  matrix_builder/U980/Y (OR4X4)                           0.48      11.61 f
  matrix_builder/U979/Y (NAND4X4)                         0.28      11.89 r
  matrix_builder/U21/Y (INVX8)                            0.06      11.94 f
  matrix_builder/U1030/Y (OR2X4)                          0.26      12.20 f
  matrix_builder/U19/Y (BUFX20)                           0.16      12.36 f
  matrix_builder/U960/Y (NAND3X1)                         0.18      12.53 r
  matrix_builder/U687/Y (AND3X2)                          0.39      12.93 r
  matrix_builder/U599/Y (AOI2BB2X1)                       0.32      13.24 r
  matrix_builder/U630/Y (NAND4X2)                         0.42      13.67 f
  matrix_builder/matrix_flat_o[8] (recam_2r2c_matrix_builder_ADDR_W10_HYBRID_ENTRY_NUM4)
                                                          0.00      13.67 f
  pattern_analyzer/matrix_flat_i[8] (recam_2r2c_pattern_analyzer)
                                                          0.00      13.67 f
  pattern_analyzer/U4/Y (NOR4X4)                          0.36      14.03 r
  pattern_analyzer/candidate_valid_o[4] (recam_2r2c_pattern_analyzer)
                                                          0.00      14.03 r
  U3/Y (BUFX8)                                            0.21      14.24 r
  pattern_encoder/candidate_valid_i[4] (recam_2r2c_pattern_encoder)
                                                          0.00      14.24 r
  pattern_encoder/U14/Y (INVX4)                           0.07      14.31 f
  pattern_encoder/U9/Y (OAI2BB1X4)                        0.22      14.53 f
  pattern_encoder/U10/Y (OAI2BB1X4)                       0.10      14.63 r
  pattern_encoder/U7/Y (AND2X2)                           0.35      14.98 r
  pattern_encoder/pattern_id_o[2] (recam_2r2c_pattern_encoder)
                                                          0.00      14.98 r
  pattern_id_o[2] (out)                                   0.00      14.98 r
  data arrival time                                                 14.98

  clock recam_boundary_clk (rise edge)                   15.00      15.00
  clock network delay (ideal)                             0.00      15.00
  output external delay                                   0.00      15.00
  data required time                                                15.00
  --------------------------------------------------------------------------
  data required time                                                15.00
  data arrival time                                                -14.98
  --------------------------------------------------------------------------
  slack (MET)                                                        0.02


  Startpoint: pivot_valid_i[0]
              (input port clocked by recam_boundary_clk)
  Endpoint: repairable_o
            (output port clocked by recam_boundary_clk)
  Path Group: recam_boundary_clk
  Path Type: max

  Des/Clust/Port     Wire Load Model       Library
  ------------------------------------------------
  recam_2r2c_analyzer
                     tsmc18_wl10           slow

  Point                                                   Incr       Path
  --------------------------------------------------------------------------
  clock recam_boundary_clk (rise edge)                    0.00       0.00
  clock network delay (ideal)                             0.00       0.00
  input external delay                                    0.00       0.00 f
  pivot_valid_i[0] (in)                                   0.00       0.00 f
  matrix_builder/pivot_valid_i[0] (recam_2r2c_matrix_builder_ADDR_W10_HYBRID_ENTRY_NUM4)
                                                          0.00       0.00 f
  matrix_builder/U498/Y (CLKINVX3)                        0.23       0.23 r
  matrix_builder/U526/Y (INVX4)                           0.08       0.31 f
  matrix_builder/U17/Y (BUFX20)                           0.15       0.46 f
  matrix_builder/U1066/Y (NAND2X2)                        0.21       0.67 r
  matrix_builder/U272/Y (XOR2X1)                          0.38       1.05 r
  matrix_builder/U269/Y (NAND3X1)                         0.25       1.30 f
  matrix_builder/U844/Y (NOR4X4)                          0.35       1.65 r
  matrix_builder/U843/Y (NAND2BX4)                        0.10       1.75 f
  matrix_builder/U863/Y (CLKINVX8)                        0.07       1.82 r
  matrix_builder/U871/Y (OR4X4)                           0.21       2.03 r
  matrix_builder/U71/Y (CLKINVX8)                         0.06       2.10 f
  matrix_builder/U70/Y (OR2X2)                            0.31       2.41 f
  matrix_builder/U158/Y (INVX4)                           0.12       2.53 r
  matrix_builder/U992/Y (NAND3X4)                         0.14       2.67 f
  matrix_builder/U954/Y (INVX4)                           0.11       2.78 r
  matrix_builder/U1018/Y (OR2X4)                          0.21       2.99 r
  matrix_builder/U1017/Y (OR2X4)                          0.22       3.21 r
  matrix_builder/U1028/Y (OR2X4)                          0.26       3.47 r
  matrix_builder/U1029/Y (INVX8)                          0.07       3.54 f
  matrix_builder/U752/Y (BUFX20)                          0.15       3.69 f
  matrix_builder/U889/Y (OAI32X2)                         0.42       4.11 r
  matrix_builder/U963/Y (INVX8)                           0.09       4.19 f
  matrix_builder/U962/Y (XOR2X4)                          0.25       4.44 r
  matrix_builder/U974/Y (NAND3X4)                         0.11       4.55 f
  matrix_builder/U984/Y (OR4X4)                           0.43       4.98 f
  matrix_builder/U973/Y (OR4X4)                           0.46       5.44 f
  matrix_builder/U1002/Y (OAI2BB1X4)                      0.16       5.60 r
  matrix_builder/U66/Y (INVX8)                            0.05       5.65 f
  matrix_builder/U65/Y (OAI221X2)                         0.18       5.84 r
  matrix_builder/U528/Y (INVX4)                           0.12       5.96 f
  matrix_builder/U515/Y (OR2X2)                           0.29       6.24 f
  matrix_builder/U1019/Y (OR2X4)                          0.30       6.55 f
  matrix_builder/U742/Y (OR2X4)                           0.24       6.79 f
  matrix_builder/U751/Y (BUFX4)                           0.17       6.95 f
  matrix_builder/U1024/Y (OAI31X4)                        0.62       7.57 r
  matrix_builder/U80/Y (INVX4)                            0.08       7.65 f
  matrix_builder/U961/Y (NAND4X4)                         0.21       7.86 r
  matrix_builder/U929/Y (NAND3X4)                         0.11       7.98 f
  matrix_builder/U958/Y (OR4X4)                           0.44       8.41 f
  matrix_builder/U957/Y (OR4X4)                           0.45       8.87 f
  matrix_builder/U679/Y (AND3X4)                          0.24       9.11 f
  matrix_builder/U993/Y (OR2X4)                           0.33       9.44 f
  matrix_builder/U991/Y (CLKINVX8)                        0.09       9.53 r
  matrix_builder/U990/Y (OR2X4)                           0.25       9.78 r
  matrix_builder/U959/Y (INVX8)                           0.07       9.85 f
  matrix_builder/U930/Y (OR2X4)                           0.30      10.16 f
  matrix_builder/U10/Y (INVX8)                            0.10      10.26 r
  matrix_builder/U445/Y (AOI2BB2X1)                       0.27      10.53 r
  matrix_builder/U444/Y (XOR2X1)                          0.43      10.96 r
  matrix_builder/U818/Y (NAND4X2)                         0.17      11.13 f
  matrix_builder/U980/Y (OR4X4)                           0.48      11.61 f
  matrix_builder/U979/Y (NAND4X4)                         0.28      11.89 r
  matrix_builder/U21/Y (INVX8)                            0.06      11.94 f
  matrix_builder/U1030/Y (OR2X4)                          0.26      12.20 f
  matrix_builder/U19/Y (BUFX20)                           0.16      12.36 f
  matrix_builder/U960/Y (NAND3X1)                         0.18      12.53 r
  matrix_builder/U687/Y (AND3X2)                          0.39      12.93 r
  matrix_builder/U599/Y (AOI2BB2X1)                       0.32      13.24 r
  matrix_builder/U630/Y (NAND4X2)                         0.42      13.67 f
  matrix_builder/matrix_flat_o[8] (recam_2r2c_matrix_builder_ADDR_W10_HYBRID_ENTRY_NUM4)
                                                          0.00      13.67 f
  pattern_analyzer/matrix_flat_i[8] (recam_2r2c_pattern_analyzer)
                                                          0.00      13.67 f
  pattern_analyzer/U4/Y (NOR4X4)                          0.36      14.03 r
  pattern_analyzer/candidate_valid_o[4] (recam_2r2c_pattern_analyzer)
                                                          0.00      14.03 r
  U3/Y (BUFX8)                                            0.21      14.24 r
  pattern_encoder/candidate_valid_i[4] (recam_2r2c_pattern_encoder)
                                                          0.00      14.24 r
  pattern_encoder/U14/Y (INVX4)                           0.07      14.31 f
  pattern_encoder/U9/Y (OAI2BB1X4)                        0.22      14.53 f
  pattern_encoder/U12/Y (NAND4X2)                         0.33      14.86 r
  pattern_encoder/repairable_o (recam_2r2c_pattern_encoder)
                                                          0.00      14.86 r
  repairable_o (out)                                      0.00      14.86 r
  data arrival time                                                 14.86

  clock recam_boundary_clk (rise edge)                   15.00      15.00
  clock network delay (ideal)                             0.00      15.00
  output external delay                                   0.00      15.00
  data required time                                                15.00
  --------------------------------------------------------------------------
  data required time                                                15.00
  data arrival time                                                -14.86
  --------------------------------------------------------------------------
  slack (MET)                                                        0.14


  Startpoint: pivot_valid_i[0]
              (input port clocked by recam_boundary_clk)
  Endpoint: candidate_valid_o[3]
            (output port clocked by recam_boundary_clk)
  Path Group: recam_boundary_clk
  Path Type: max

  Des/Clust/Port     Wire Load Model       Library
  ------------------------------------------------
  recam_2r2c_analyzer
                     tsmc18_wl10           slow

  Point                                                   Incr       Path
  --------------------------------------------------------------------------
  clock recam_boundary_clk (rise edge)                    0.00       0.00
  clock network delay (ideal)                             0.00       0.00
  input external delay                                    0.00       0.00 f
  pivot_valid_i[0] (in)                                   0.00       0.00 f
  matrix_builder/pivot_valid_i[0] (recam_2r2c_matrix_builder_ADDR_W10_HYBRID_ENTRY_NUM4)
                                                          0.00       0.00 f
  matrix_builder/U498/Y (CLKINVX3)                        0.23       0.23 r
  matrix_builder/U526/Y (INVX4)                           0.08       0.31 f
  matrix_builder/U17/Y (BUFX20)                           0.15       0.46 f
  matrix_builder/U1066/Y (NAND2X2)                        0.21       0.67 r
  matrix_builder/U272/Y (XOR2X1)                          0.38       1.05 r
  matrix_builder/U269/Y (NAND3X1)                         0.25       1.30 f
  matrix_builder/U844/Y (NOR4X4)                          0.35       1.65 r
  matrix_builder/U843/Y (NAND2BX4)                        0.10       1.75 f
  matrix_builder/U863/Y (CLKINVX8)                        0.07       1.82 r
  matrix_builder/U871/Y (OR4X4)                           0.21       2.03 r
  matrix_builder/U71/Y (CLKINVX8)                         0.06       2.10 f
  matrix_builder/U70/Y (OR2X2)                            0.31       2.41 f
  matrix_builder/U158/Y (INVX4)                           0.12       2.53 r
  matrix_builder/U992/Y (NAND3X4)                         0.14       2.67 f
  matrix_builder/U954/Y (INVX4)                           0.11       2.78 r
  matrix_builder/U1018/Y (OR2X4)                          0.21       2.99 r
  matrix_builder/U1017/Y (OR2X4)                          0.22       3.21 r
  matrix_builder/U1028/Y (OR2X4)                          0.26       3.47 r
  matrix_builder/U1029/Y (INVX8)                          0.07       3.54 f
  matrix_builder/U752/Y (BUFX20)                          0.15       3.69 f
  matrix_builder/U889/Y (OAI32X2)                         0.42       4.11 r
  matrix_builder/U963/Y (INVX8)                           0.09       4.19 f
  matrix_builder/U962/Y (XOR2X4)                          0.25       4.44 r
  matrix_builder/U974/Y (NAND3X4)                         0.11       4.55 f
  matrix_builder/U984/Y (OR4X4)                           0.43       4.98 f
  matrix_builder/U973/Y (OR4X4)                           0.46       5.44 f
  matrix_builder/U1002/Y (OAI2BB1X4)                      0.16       5.60 r
  matrix_builder/U66/Y (INVX8)                            0.05       5.65 f
  matrix_builder/U65/Y (OAI221X2)                         0.18       5.84 r
  matrix_builder/U528/Y (INVX4)                           0.12       5.96 f
  matrix_builder/U515/Y (OR2X2)                           0.29       6.24 f
  matrix_builder/U1019/Y (OR2X4)                          0.30       6.55 f
  matrix_builder/U742/Y (OR2X4)                           0.24       6.79 f
  matrix_builder/U751/Y (BUFX4)                           0.17       6.95 f
  matrix_builder/U1024/Y (OAI31X4)                        0.62       7.57 r
  matrix_builder/U80/Y (INVX4)                            0.08       7.65 f
  matrix_builder/U961/Y (NAND4X4)                         0.21       7.86 r
  matrix_builder/U929/Y (NAND3X4)                         0.11       7.98 f
  matrix_builder/U958/Y (OR4X4)                           0.44       8.41 f
  matrix_builder/U957/Y (OR4X4)                           0.45       8.87 f
  matrix_builder/U679/Y (AND3X4)                          0.24       9.11 f
  matrix_builder/U993/Y (OR2X4)                           0.33       9.44 f
  matrix_builder/U991/Y (CLKINVX8)                        0.09       9.53 r
  matrix_builder/U990/Y (OR2X4)                           0.25       9.78 r
  matrix_builder/U959/Y (INVX8)                           0.07       9.85 f
  matrix_builder/U1021/Y (NAND3X4)                        0.20      10.05 r
  matrix_builder/U964/Y (OR2X4)                           0.25      10.30 r
  matrix_builder/U761/Y (INVX4)                           0.17      10.47 f
  matrix_builder/U1399/Y (AOI2BB2X2)                      0.21      10.67 r
  matrix_builder/U470/Y (XOR2X1)                          0.37      11.04 r
  matrix_builder/U1404/Y (NAND3X1)                        0.18      11.22 f
  matrix_builder/U820/Y (NAND4BX4)                        0.30      11.52 f
  matrix_builder/U540/Y (INVX1)                           0.18      11.70 r
  matrix_builder/U1436/Y (OR2X2)                          0.35      12.05 r
  matrix_builder/U1525/Y (OR2X2)                          0.28      12.33 r
  matrix_builder/U1529/Y (OR2X2)                          0.32      12.65 r
  matrix_builder/U994/Y (AOI2BB1XL)                       0.63      13.27 r
  matrix_builder/U72/Y (NAND4X4)                          0.29      13.56 f
  matrix_builder/matrix_flat_o[12] (recam_2r2c_matrix_builder_ADDR_W10_HYBRID_ENTRY_NUM4)
                                                          0.00      13.56 f
  pattern_analyzer/matrix_flat_i[12] (recam_2r2c_pattern_analyzer)
                                                          0.00      13.56 f
  pattern_analyzer/U14/Y (NOR4X4)                         0.76      14.33 r
  pattern_analyzer/candidate_valid_o[3] (recam_2r2c_pattern_analyzer)
                                                          0.00      14.33 r
  candidate_valid_o[3] (out)                              0.00      14.33 r
  data arrival time                                                 14.33

  clock recam_boundary_clk (rise edge)                   15.00      15.00
  clock network delay (ideal)                             0.00      15.00
  output external delay                                   0.00      15.00
  data required time                                                15.00
  --------------------------------------------------------------------------
  data required time                                                15.00
  data arrival time                                                -14.33
  --------------------------------------------------------------------------
  slack (MET)                                                        0.67


  Startpoint: pivot_valid_i[0]
              (input port clocked by recam_boundary_clk)
  Endpoint: candidate_valid_o[4]
            (output port clocked by recam_boundary_clk)
  Path Group: recam_boundary_clk
  Path Type: max

  Des/Clust/Port     Wire Load Model       Library
  ------------------------------------------------
  recam_2r2c_analyzer
                     tsmc18_wl10           slow

  Point                                                   Incr       Path
  --------------------------------------------------------------------------
  clock recam_boundary_clk (rise edge)                    0.00       0.00
  clock network delay (ideal)                             0.00       0.00
  input external delay                                    0.00       0.00 f
  pivot_valid_i[0] (in)                                   0.00       0.00 f
  matrix_builder/pivot_valid_i[0] (recam_2r2c_matrix_builder_ADDR_W10_HYBRID_ENTRY_NUM4)
                                                          0.00       0.00 f
  matrix_builder/U498/Y (CLKINVX3)                        0.23       0.23 r
  matrix_builder/U526/Y (INVX4)                           0.08       0.31 f
  matrix_builder/U17/Y (BUFX20)                           0.15       0.46 f
  matrix_builder/U1066/Y (NAND2X2)                        0.21       0.67 r
  matrix_builder/U272/Y (XOR2X1)                          0.38       1.05 r
  matrix_builder/U269/Y (NAND3X1)                         0.25       1.30 f
  matrix_builder/U844/Y (NOR4X4)                          0.35       1.65 r
  matrix_builder/U843/Y (NAND2BX4)                        0.10       1.75 f
  matrix_builder/U863/Y (CLKINVX8)                        0.07       1.82 r
  matrix_builder/U871/Y (OR4X4)                           0.21       2.03 r
  matrix_builder/U71/Y (CLKINVX8)                         0.06       2.10 f
  matrix_builder/U70/Y (OR2X2)                            0.31       2.41 f
  matrix_builder/U158/Y (INVX4)                           0.12       2.53 r
  matrix_builder/U992/Y (NAND3X4)                         0.14       2.67 f
  matrix_builder/U954/Y (INVX4)                           0.11       2.78 r
  matrix_builder/U1018/Y (OR2X4)                          0.21       2.99 r
  matrix_builder/U1017/Y (OR2X4)                          0.22       3.21 r
  matrix_builder/U1028/Y (OR2X4)                          0.26       3.47 r
  matrix_builder/U1029/Y (INVX8)                          0.07       3.54 f
  matrix_builder/U752/Y (BUFX20)                          0.15       3.69 f
  matrix_builder/U889/Y (OAI32X2)                         0.42       4.11 r
  matrix_builder/U963/Y (INVX8)                           0.09       4.19 f
  matrix_builder/U962/Y (XOR2X4)                          0.25       4.44 r
  matrix_builder/U974/Y (NAND3X4)                         0.11       4.55 f
  matrix_builder/U984/Y (OR4X4)                           0.43       4.98 f
  matrix_builder/U973/Y (OR4X4)                           0.46       5.44 f
  matrix_builder/U1002/Y (OAI2BB1X4)                      0.16       5.60 r
  matrix_builder/U66/Y (INVX8)                            0.05       5.65 f
  matrix_builder/U65/Y (OAI221X2)                         0.18       5.84 r
  matrix_builder/U528/Y (INVX4)                           0.12       5.96 f
  matrix_builder/U515/Y (OR2X2)                           0.29       6.24 f
  matrix_builder/U1019/Y (OR2X4)                          0.30       6.55 f
  matrix_builder/U742/Y (OR2X4)                           0.24       6.79 f
  matrix_builder/U751/Y (BUFX4)                           0.17       6.95 f
  matrix_builder/U1024/Y (OAI31X4)                        0.62       7.57 r
  matrix_builder/U80/Y (INVX4)                            0.08       7.65 f
  matrix_builder/U961/Y (NAND4X4)                         0.21       7.86 r
  matrix_builder/U929/Y (NAND3X4)                         0.11       7.98 f
  matrix_builder/U958/Y (OR4X4)                           0.44       8.41 f
  matrix_builder/U957/Y (OR4X4)                           0.45       8.87 f
  matrix_builder/U679/Y (AND3X4)                          0.24       9.11 f
  matrix_builder/U993/Y (OR2X4)                           0.33       9.44 f
  matrix_builder/U991/Y (CLKINVX8)                        0.09       9.53 r
  matrix_builder/U990/Y (OR2X4)                           0.25       9.78 r
  matrix_builder/U959/Y (INVX8)                           0.07       9.85 f
  matrix_builder/U930/Y (OR2X4)                           0.30      10.16 f
  matrix_builder/U10/Y (INVX8)                            0.10      10.26 r
  matrix_builder/U445/Y (AOI2BB2X1)                       0.27      10.53 r
  matrix_builder/U444/Y (XOR2X1)                          0.43      10.96 r
  matrix_builder/U818/Y (NAND4X2)                         0.17      11.13 f
  matrix_builder/U980/Y (OR4X4)                           0.48      11.61 f
  matrix_builder/U979/Y (NAND4X4)                         0.28      11.89 r
  matrix_builder/U21/Y (INVX8)                            0.06      11.94 f
  matrix_builder/U1030/Y (OR2X4)                          0.26      12.20 f
  matrix_builder/U19/Y (BUFX20)                           0.16      12.36 f
  matrix_builder/U960/Y (NAND3X1)                         0.18      12.53 r
  matrix_builder/U687/Y (AND3X2)                          0.39      12.93 r
  matrix_builder/U599/Y (AOI2BB2X1)                       0.32      13.24 r
  matrix_builder/U630/Y (NAND4X2)                         0.42      13.67 f
  matrix_builder/matrix_flat_o[8] (recam_2r2c_matrix_builder_ADDR_W10_HYBRID_ENTRY_NUM4)
                                                          0.00      13.67 f
  pattern_analyzer/matrix_flat_i[8] (recam_2r2c_pattern_analyzer)
                                                          0.00      13.67 f
  pattern_analyzer/U4/Y (NOR4X4)                          0.36      14.03 r
  pattern_analyzer/candidate_valid_o[4] (recam_2r2c_pattern_analyzer)
                                                          0.00      14.03 r
  U3/Y (BUFX8)                                            0.21      14.24 r
  candidate_valid_o[4] (out)                              0.00      14.24 r
  data arrival time                                                 14.24

  clock recam_boundary_clk (rise edge)                   15.00      15.00
  clock network delay (ideal)                             0.00      15.00
  output external delay                                   0.00      15.00
  data required time                                                15.00
  --------------------------------------------------------------------------
  data required time                                                15.00
  data arrival time                                                -14.24
  --------------------------------------------------------------------------
  slack (MET)                                                        0.76


  Startpoint: pivot_valid_i[0]
              (input port clocked by recam_boundary_clk)
  Endpoint: candidate_valid_o[1]
            (output port clocked by recam_boundary_clk)
  Path Group: recam_boundary_clk
  Path Type: max

  Des/Clust/Port     Wire Load Model       Library
  ------------------------------------------------
  recam_2r2c_analyzer
                     tsmc18_wl10           slow

  Point                                                   Incr       Path
  --------------------------------------------------------------------------
  clock recam_boundary_clk (rise edge)                    0.00       0.00
  clock network delay (ideal)                             0.00       0.00
  input external delay                                    0.00       0.00 f
  pivot_valid_i[0] (in)                                   0.00       0.00 f
  matrix_builder/pivot_valid_i[0] (recam_2r2c_matrix_builder_ADDR_W10_HYBRID_ENTRY_NUM4)
                                                          0.00       0.00 f
  matrix_builder/U498/Y (CLKINVX3)                        0.23       0.23 r
  matrix_builder/U526/Y (INVX4)                           0.08       0.31 f
  matrix_builder/U17/Y (BUFX20)                           0.15       0.46 f
  matrix_builder/U1066/Y (NAND2X2)                        0.21       0.67 r
  matrix_builder/U272/Y (XOR2X1)                          0.38       1.05 r
  matrix_builder/U269/Y (NAND3X1)                         0.25       1.30 f
  matrix_builder/U844/Y (NOR4X4)                          0.35       1.65 r
  matrix_builder/U843/Y (NAND2BX4)                        0.10       1.75 f
  matrix_builder/U863/Y (CLKINVX8)                        0.07       1.82 r
  matrix_builder/U871/Y (OR4X4)                           0.21       2.03 r
  matrix_builder/U71/Y (CLKINVX8)                         0.06       2.10 f
  matrix_builder/U70/Y (OR2X2)                            0.31       2.41 f
  matrix_builder/U158/Y (INVX4)                           0.12       2.53 r
  matrix_builder/U992/Y (NAND3X4)                         0.14       2.67 f
  matrix_builder/U954/Y (INVX4)                           0.11       2.78 r
  matrix_builder/U1018/Y (OR2X4)                          0.21       2.99 r
  matrix_builder/U1017/Y (OR2X4)                          0.22       3.21 r
  matrix_builder/U1028/Y (OR2X4)                          0.26       3.47 r
  matrix_builder/U1029/Y (INVX8)                          0.07       3.54 f
  matrix_builder/U752/Y (BUFX20)                          0.15       3.69 f
  matrix_builder/U889/Y (OAI32X2)                         0.42       4.11 r
  matrix_builder/U963/Y (INVX8)                           0.09       4.19 f
  matrix_builder/U962/Y (XOR2X4)                          0.25       4.44 r
  matrix_builder/U974/Y (NAND3X4)                         0.11       4.55 f
  matrix_builder/U984/Y (OR4X4)                           0.43       4.98 f
  matrix_builder/U973/Y (OR4X4)                           0.46       5.44 f
  matrix_builder/U1002/Y (OAI2BB1X4)                      0.16       5.60 r
  matrix_builder/U66/Y (INVX8)                            0.05       5.65 f
  matrix_builder/U65/Y (OAI221X2)                         0.18       5.84 r
  matrix_builder/U528/Y (INVX4)                           0.12       5.96 f
  matrix_builder/U515/Y (OR2X2)                           0.29       6.24 f
  matrix_builder/U1019/Y (OR2X4)                          0.30       6.55 f
  matrix_builder/U742/Y (OR2X4)                           0.24       6.79 f
  matrix_builder/U751/Y (BUFX4)                           0.17       6.95 f
  matrix_builder/U1024/Y (OAI31X4)                        0.62       7.57 r
  matrix_builder/U80/Y (INVX4)                            0.08       7.65 f
  matrix_builder/U961/Y (NAND4X4)                         0.21       7.86 r
  matrix_builder/U929/Y (NAND3X4)                         0.11       7.98 f
  matrix_builder/U958/Y (OR4X4)                           0.44       8.41 f
  matrix_builder/U957/Y (OR4X4)                           0.45       8.87 f
  matrix_builder/U679/Y (AND3X4)                          0.24       9.11 f
  matrix_builder/U993/Y (OR2X4)                           0.33       9.44 f
  matrix_builder/U991/Y (CLKINVX8)                        0.09       9.53 r
  matrix_builder/U990/Y (OR2X4)                           0.25       9.78 r
  matrix_builder/U959/Y (INVX8)                           0.07       9.85 f
  matrix_builder/U930/Y (OR2X4)                           0.30      10.16 f
  matrix_builder/U10/Y (INVX8)                            0.10      10.26 r
  matrix_builder/U445/Y (AOI2BB2X1)                       0.27      10.53 r
  matrix_builder/U444/Y (XOR2X1)                          0.43      10.96 r
  matrix_builder/U818/Y (NAND4X2)                         0.17      11.13 f
  matrix_builder/U980/Y (OR4X4)                           0.48      11.61 f
  matrix_builder/U979/Y (NAND4X4)                         0.28      11.89 r
  matrix_builder/U21/Y (INVX8)                            0.06      11.94 f
  matrix_builder/U1030/Y (OR2X4)                          0.26      12.20 f
  matrix_builder/U19/Y (BUFX20)                           0.16      12.36 f
  matrix_builder/U1007/Y (NAND4XL)                        0.28      12.63 r
  matrix_builder/U681/Y (AND2X4)                          0.25      12.89 r
  matrix_builder/U643/Y (OR2X2)                           0.24      13.13 r
  matrix_builder/U981/Y (NAND4X4)                         0.16      13.29 f
  matrix_builder/matrix_flat_o[15] (recam_2r2c_matrix_builder_ADDR_W10_HYBRID_ENTRY_NUM4)
                                                          0.00      13.29 f
  U1/Y (BUFX16)                                           0.20      13.49 f
  pattern_analyzer/matrix_flat_i[15] (recam_2r2c_pattern_analyzer)
                                                          0.00      13.49 f
  pattern_analyzer/U12/Y (OR4X4)                          0.44      13.93 f
  pattern_analyzer/U16/Y (NOR2X4)                         0.14      14.06 r
  pattern_analyzer/candidate_valid_o[1] (recam_2r2c_pattern_analyzer)
                                                          0.00      14.06 r
  U2/Y (BUFX12)                                           0.17      14.23 r
  candidate_valid_o[1] (out)                              0.00      14.23 r
  data arrival time                                                 14.23

  clock recam_boundary_clk (rise edge)                   15.00      15.00
  clock network delay (ideal)                             0.00      15.00
  output external delay                                   0.00      15.00
  data required time                                                15.00
  --------------------------------------------------------------------------
  data required time                                                15.00
  data arrival time                                                -14.23
  --------------------------------------------------------------------------
  slack (MET)                                                        0.77


  Startpoint: pivot_valid_i[0]
              (input port clocked by recam_boundary_clk)
  Endpoint: candidate_valid_o[2]
            (output port clocked by recam_boundary_clk)
  Path Group: recam_boundary_clk
  Path Type: max

  Des/Clust/Port     Wire Load Model       Library
  ------------------------------------------------
  recam_2r2c_analyzer
                     tsmc18_wl10           slow

  Point                                                   Incr       Path
  --------------------------------------------------------------------------
  clock recam_boundary_clk (rise edge)                    0.00       0.00
  clock network delay (ideal)                             0.00       0.00
  input external delay                                    0.00       0.00 f
  pivot_valid_i[0] (in)                                   0.00       0.00 f
  matrix_builder/pivot_valid_i[0] (recam_2r2c_matrix_builder_ADDR_W10_HYBRID_ENTRY_NUM4)
                                                          0.00       0.00 f
  matrix_builder/U498/Y (CLKINVX3)                        0.23       0.23 r
  matrix_builder/U526/Y (INVX4)                           0.08       0.31 f
  matrix_builder/U17/Y (BUFX20)                           0.15       0.46 f
  matrix_builder/U1066/Y (NAND2X2)                        0.21       0.67 r
  matrix_builder/U272/Y (XOR2X1)                          0.38       1.05 r
  matrix_builder/U269/Y (NAND3X1)                         0.25       1.30 f
  matrix_builder/U844/Y (NOR4X4)                          0.35       1.65 r
  matrix_builder/U843/Y (NAND2BX4)                        0.10       1.75 f
  matrix_builder/U863/Y (CLKINVX8)                        0.07       1.82 r
  matrix_builder/U871/Y (OR4X4)                           0.21       2.03 r
  matrix_builder/U71/Y (CLKINVX8)                         0.06       2.10 f
  matrix_builder/U70/Y (OR2X2)                            0.31       2.41 f
  matrix_builder/U158/Y (INVX4)                           0.12       2.53 r
  matrix_builder/U992/Y (NAND3X4)                         0.14       2.67 f
  matrix_builder/U954/Y (INVX4)                           0.11       2.78 r
  matrix_builder/U1018/Y (OR2X4)                          0.21       2.99 r
  matrix_builder/U1017/Y (OR2X4)                          0.22       3.21 r
  matrix_builder/U1028/Y (OR2X4)                          0.26       3.47 r
  matrix_builder/U1029/Y (INVX8)                          0.07       3.54 f
  matrix_builder/U752/Y (BUFX20)                          0.15       3.69 f
  matrix_builder/U889/Y (OAI32X2)                         0.42       4.11 r
  matrix_builder/U963/Y (INVX8)                           0.09       4.19 f
  matrix_builder/U962/Y (XOR2X4)                          0.25       4.44 r
  matrix_builder/U974/Y (NAND3X4)                         0.11       4.55 f
  matrix_builder/U984/Y (OR4X4)                           0.43       4.98 f
  matrix_builder/U973/Y (OR4X4)                           0.46       5.44 f
  matrix_builder/U1002/Y (OAI2BB1X4)                      0.16       5.60 r
  matrix_builder/U66/Y (INVX8)                            0.05       5.65 f
  matrix_builder/U65/Y (OAI221X2)                         0.18       5.84 r
  matrix_builder/U528/Y (INVX4)                           0.12       5.96 f
  matrix_builder/U515/Y (OR2X2)                           0.29       6.24 f
  matrix_builder/U1019/Y (OR2X4)                          0.30       6.55 f
  matrix_builder/U742/Y (OR2X4)                           0.24       6.79 f
  matrix_builder/U751/Y (BUFX4)                           0.17       6.95 f
  matrix_builder/U1024/Y (OAI31X4)                        0.62       7.57 r
  matrix_builder/U80/Y (INVX4)                            0.08       7.65 f
  matrix_builder/U961/Y (NAND4X4)                         0.21       7.86 r
  matrix_builder/U929/Y (NAND3X4)                         0.11       7.98 f
  matrix_builder/U958/Y (OR4X4)                           0.44       8.41 f
  matrix_builder/U957/Y (OR4X4)                           0.45       8.87 f
  matrix_builder/U679/Y (AND3X4)                          0.24       9.11 f
  matrix_builder/U993/Y (OR2X4)                           0.33       9.44 f
  matrix_builder/U991/Y (CLKINVX8)                        0.09       9.53 r
  matrix_builder/U990/Y (OR2X4)                           0.25       9.78 r
  matrix_builder/U959/Y (INVX8)                           0.07       9.85 f
  matrix_builder/U930/Y (OR2X4)                           0.30      10.16 f
  matrix_builder/U10/Y (INVX8)                            0.10      10.26 r
  matrix_builder/U445/Y (AOI2BB2X1)                       0.27      10.53 r
  matrix_builder/U444/Y (XOR2X1)                          0.43      10.96 r
  matrix_builder/U818/Y (NAND4X2)                         0.17      11.13 f
  matrix_builder/U980/Y (OR4X4)                           0.48      11.61 f
  matrix_builder/U979/Y (NAND4X4)                         0.28      11.89 r
  matrix_builder/U21/Y (INVX8)                            0.06      11.94 f
  matrix_builder/U1030/Y (OR2X4)                          0.26      12.20 f
  matrix_builder/U19/Y (BUFX20)                           0.16      12.36 f
  matrix_builder/U960/Y (NAND3X1)                         0.18      12.53 r
  matrix_builder/U687/Y (AND3X2)                          0.39      12.93 r
  matrix_builder/U1511/Y (OR2X2)                          0.21      13.13 r
  matrix_builder/U634/Y (NAND3X1)                         0.51      13.64 f
  matrix_builder/matrix_flat_o[9] (recam_2r2c_matrix_builder_ADDR_W10_HYBRID_ENTRY_NUM4)
                                                          0.00      13.64 f
  pattern_analyzer/matrix_flat_i[9] (recam_2r2c_pattern_analyzer)
                                                          0.00      13.64 f
  pattern_analyzer/U8/Y (NOR3X2)                          0.37      14.01 r
  pattern_analyzer/candidate_valid_o[2] (recam_2r2c_pattern_analyzer)
                                                          0.00      14.01 r
  U5/Y (BUFX8)                                            0.22      14.23 r
  candidate_valid_o[2] (out)                              0.00      14.23 r
  data arrival time                                                 14.23

  clock recam_boundary_clk (rise edge)                   15.00      15.00
  clock network delay (ideal)                             0.00      15.00
  output external delay                                   0.00      15.00
  data required time                                                15.00
  --------------------------------------------------------------------------
  data required time                                                15.00
  data arrival time                                                -14.23
  --------------------------------------------------------------------------
  slack (MET)                                                        0.77


  Startpoint: pivot_valid_i[0]
              (input port clocked by recam_boundary_clk)
  Endpoint: candidate_valid_o[0]
            (output port clocked by recam_boundary_clk)
  Path Group: recam_boundary_clk
  Path Type: max

  Des/Clust/Port     Wire Load Model       Library
  ------------------------------------------------
  recam_2r2c_analyzer
                     tsmc18_wl10           slow

  Point                                                   Incr       Path
  --------------------------------------------------------------------------
  clock recam_boundary_clk (rise edge)                    0.00       0.00
  clock network delay (ideal)                             0.00       0.00
  input external delay                                    0.00       0.00 f
  pivot_valid_i[0] (in)                                   0.00       0.00 f
  matrix_builder/pivot_valid_i[0] (recam_2r2c_matrix_builder_ADDR_W10_HYBRID_ENTRY_NUM4)
                                                          0.00       0.00 f
  matrix_builder/U498/Y (CLKINVX3)                        0.23       0.23 r
  matrix_builder/U526/Y (INVX4)                           0.08       0.31 f
  matrix_builder/U17/Y (BUFX20)                           0.15       0.46 f
  matrix_builder/U1066/Y (NAND2X2)                        0.21       0.67 r
  matrix_builder/U272/Y (XOR2X1)                          0.38       1.05 r
  matrix_builder/U269/Y (NAND3X1)                         0.25       1.30 f
  matrix_builder/U844/Y (NOR4X4)                          0.35       1.65 r
  matrix_builder/U843/Y (NAND2BX4)                        0.10       1.75 f
  matrix_builder/U863/Y (CLKINVX8)                        0.07       1.82 r
  matrix_builder/U871/Y (OR4X4)                           0.21       2.03 r
  matrix_builder/U71/Y (CLKINVX8)                         0.06       2.10 f
  matrix_builder/U70/Y (OR2X2)                            0.31       2.41 f
  matrix_builder/U158/Y (INVX4)                           0.12       2.53 r
  matrix_builder/U992/Y (NAND3X4)                         0.14       2.67 f
  matrix_builder/U954/Y (INVX4)                           0.11       2.78 r
  matrix_builder/U1018/Y (OR2X4)                          0.21       2.99 r
  matrix_builder/U1017/Y (OR2X4)                          0.22       3.21 r
  matrix_builder/U1028/Y (OR2X4)                          0.26       3.47 r
  matrix_builder/U1029/Y (INVX8)                          0.07       3.54 f
  matrix_builder/U752/Y (BUFX20)                          0.15       3.69 f
  matrix_builder/U889/Y (OAI32X2)                         0.42       4.11 r
  matrix_builder/U963/Y (INVX8)                           0.09       4.19 f
  matrix_builder/U962/Y (XOR2X4)                          0.25       4.44 r
  matrix_builder/U974/Y (NAND3X4)                         0.11       4.55 f
  matrix_builder/U984/Y (OR4X4)                           0.43       4.98 f
  matrix_builder/U973/Y (OR4X4)                           0.46       5.44 f
  matrix_builder/U1002/Y (OAI2BB1X4)                      0.16       5.60 r
  matrix_builder/U66/Y (INVX8)                            0.05       5.65 f
  matrix_builder/U65/Y (OAI221X2)                         0.18       5.84 r
  matrix_builder/U528/Y (INVX4)                           0.12       5.96 f
  matrix_builder/U515/Y (OR2X2)                           0.29       6.24 f
  matrix_builder/U1019/Y (OR2X4)                          0.30       6.55 f
  matrix_builder/U742/Y (OR2X4)                           0.24       6.79 f
  matrix_builder/U751/Y (BUFX4)                           0.17       6.95 f
  matrix_builder/U1024/Y (OAI31X4)                        0.62       7.57 r
  matrix_builder/U80/Y (INVX4)                            0.08       7.65 f
  matrix_builder/U961/Y (NAND4X4)                         0.21       7.86 r
  matrix_builder/U929/Y (NAND3X4)                         0.11       7.98 f
  matrix_builder/U958/Y (OR4X4)                           0.44       8.41 f
  matrix_builder/U957/Y (OR4X4)                           0.45       8.87 f
  matrix_builder/U679/Y (AND3X4)                          0.24       9.11 f
  matrix_builder/U993/Y (OR2X4)                           0.33       9.44 f
  matrix_builder/U991/Y (CLKINVX8)                        0.09       9.53 r
  matrix_builder/U990/Y (OR2X4)                           0.25       9.78 r
  matrix_builder/U959/Y (INVX8)                           0.07       9.85 f
  matrix_builder/U930/Y (OR2X4)                           0.30      10.16 f
  matrix_builder/U10/Y (INVX8)                            0.10      10.26 r
  matrix_builder/U445/Y (AOI2BB2X1)                       0.27      10.53 r
  matrix_builder/U444/Y (XOR2X1)                          0.43      10.96 r
  matrix_builder/U818/Y (NAND4X2)                         0.17      11.13 f
  matrix_builder/U980/Y (OR4X4)                           0.48      11.61 f
  matrix_builder/U979/Y (NAND4X4)                         0.28      11.89 r
  matrix_builder/U21/Y (INVX8)                            0.06      11.94 f
  matrix_builder/U1030/Y (OR2X4)                          0.26      12.20 f
  matrix_builder/U19/Y (BUFX20)                           0.16      12.36 f
  matrix_builder/U1007/Y (NAND4XL)                        0.28      12.63 r
  matrix_builder/U681/Y (AND2X4)                          0.25      12.89 r
  matrix_builder/U643/Y (OR2X2)                           0.24      13.13 r
  matrix_builder/U981/Y (NAND4X4)                         0.16      13.29 f
  matrix_builder/matrix_flat_o[15] (recam_2r2c_matrix_builder_ADDR_W10_HYBRID_ENTRY_NUM4)
                                                          0.00      13.29 f
  U1/Y (BUFX16)                                           0.20      13.49 f
  pattern_analyzer/matrix_flat_i[15] (recam_2r2c_pattern_analyzer)
                                                          0.00      13.49 f
  pattern_analyzer/U9/Y (CLKINVX1)                        0.17      13.66 r
  pattern_analyzer/U6/Y (NAND3X2)                         0.15      13.82 f
  pattern_analyzer/U15/Y (NOR3X4)                         0.23      14.05 r
  pattern_analyzer/U5/Y (BUFX16)                          0.18      14.22 r
  pattern_analyzer/candidate_valid_o[0] (recam_2r2c_pattern_analyzer)
                                                          0.00      14.22 r
  candidate_valid_o[0] (out)                              0.00      14.22 r
  data arrival time                                                 14.22

  clock recam_boundary_clk (rise edge)                   15.00      15.00
  clock network delay (ideal)                             0.00      15.00
  output external delay                                   0.00      15.00
  data required time                                                15.00
  --------------------------------------------------------------------------
  data required time                                                15.00
  data arrival time                                                -14.22
  --------------------------------------------------------------------------
  slack (MET)                                                        0.78


  Startpoint: pivot_valid_i[0]
              (input port clocked by recam_boundary_clk)
  Endpoint: candidate_valid_o[5]
            (output port clocked by recam_boundary_clk)
  Path Group: recam_boundary_clk
  Path Type: max

  Des/Clust/Port     Wire Load Model       Library
  ------------------------------------------------
  recam_2r2c_analyzer
                     tsmc18_wl10           slow

  Point                                                   Incr       Path
  --------------------------------------------------------------------------
  clock recam_boundary_clk (rise edge)                    0.00       0.00
  clock network delay (ideal)                             0.00       0.00
  input external delay                                    0.00       0.00 f
  pivot_valid_i[0] (in)                                   0.00       0.00 f
  matrix_builder/pivot_valid_i[0] (recam_2r2c_matrix_builder_ADDR_W10_HYBRID_ENTRY_NUM4)
                                                          0.00       0.00 f
  matrix_builder/U498/Y (CLKINVX3)                        0.23       0.23 r
  matrix_builder/U526/Y (INVX4)                           0.08       0.31 f
  matrix_builder/U17/Y (BUFX20)                           0.15       0.46 f
  matrix_builder/U1066/Y (NAND2X2)                        0.21       0.67 r
  matrix_builder/U272/Y (XOR2X1)                          0.38       1.05 r
  matrix_builder/U269/Y (NAND3X1)                         0.25       1.30 f
  matrix_builder/U844/Y (NOR4X4)                          0.35       1.65 r
  matrix_builder/U843/Y (NAND2BX4)                        0.10       1.75 f
  matrix_builder/U863/Y (CLKINVX8)                        0.07       1.82 r
  matrix_builder/U871/Y (OR4X4)                           0.21       2.03 r
  matrix_builder/U71/Y (CLKINVX8)                         0.06       2.10 f
  matrix_builder/U70/Y (OR2X2)                            0.31       2.41 f
  matrix_builder/U158/Y (INVX4)                           0.12       2.53 r
  matrix_builder/U992/Y (NAND3X4)                         0.14       2.67 f
  matrix_builder/U954/Y (INVX4)                           0.11       2.78 r
  matrix_builder/U1018/Y (OR2X4)                          0.21       2.99 r
  matrix_builder/U1017/Y (OR2X4)                          0.22       3.21 r
  matrix_builder/U1028/Y (OR2X4)                          0.26       3.47 r
  matrix_builder/U1029/Y (INVX8)                          0.07       3.54 f
  matrix_builder/U752/Y (BUFX20)                          0.15       3.69 f
  matrix_builder/U889/Y (OAI32X2)                         0.42       4.11 r
  matrix_builder/U963/Y (INVX8)                           0.09       4.19 f
  matrix_builder/U962/Y (XOR2X4)                          0.25       4.44 r
  matrix_builder/U974/Y (NAND3X4)                         0.11       4.55 f
  matrix_builder/U984/Y (OR4X4)                           0.43       4.98 f
  matrix_builder/U973/Y (OR4X4)                           0.46       5.44 f
  matrix_builder/U1002/Y (OAI2BB1X4)                      0.16       5.60 r
  matrix_builder/U66/Y (INVX8)                            0.05       5.65 f
  matrix_builder/U65/Y (OAI221X2)                         0.18       5.84 r
  matrix_builder/U528/Y (INVX4)                           0.12       5.96 f
  matrix_builder/U515/Y (OR2X2)                           0.29       6.24 f
  matrix_builder/U1019/Y (OR2X4)                          0.30       6.55 f
  matrix_builder/U742/Y (OR2X4)                           0.24       6.79 f
  matrix_builder/U751/Y (BUFX4)                           0.17       6.95 f
  matrix_builder/U1024/Y (OAI31X4)                        0.62       7.57 r
  matrix_builder/U80/Y (INVX4)                            0.08       7.65 f
  matrix_builder/U961/Y (NAND4X4)                         0.21       7.86 r
  matrix_builder/U929/Y (NAND3X4)                         0.11       7.98 f
  matrix_builder/U958/Y (OR4X4)                           0.44       8.41 f
  matrix_builder/U957/Y (OR4X4)                           0.45       8.87 f
  matrix_builder/U679/Y (AND3X4)                          0.24       9.11 f
  matrix_builder/U993/Y (OR2X4)                           0.33       9.44 f
  matrix_builder/U991/Y (CLKINVX8)                        0.09       9.53 r
  matrix_builder/U990/Y (OR2X4)                           0.25       9.78 r
  matrix_builder/U959/Y (INVX8)                           0.07       9.85 f
  matrix_builder/U930/Y (OR2X4)                           0.30      10.16 f
  matrix_builder/U10/Y (INVX8)                            0.10      10.26 r
  matrix_builder/U445/Y (AOI2BB2X1)                       0.27      10.53 r
  matrix_builder/U444/Y (XOR2X1)                          0.43      10.96 r
  matrix_builder/U818/Y (NAND4X2)                         0.17      11.13 f
  matrix_builder/U980/Y (OR4X4)                           0.48      11.61 f
  matrix_builder/U979/Y (NAND4X4)                         0.28      11.89 r
  matrix_builder/U21/Y (INVX8)                            0.06      11.94 f
  matrix_builder/U1030/Y (OR2X4)                          0.26      12.20 f
  matrix_builder/U19/Y (BUFX20)                           0.16      12.36 f
  matrix_builder/U819/Y (INVX3)                           0.16      12.52 r
  matrix_builder/U778/Y (INVX1)                           0.14      12.66 f
  matrix_builder/U1441/Y (OAI31X2)                        0.37      13.03 r
  matrix_builder/U45/Y (CLKINVX3)                         0.16      13.19 f
  matrix_builder/U44/Y (OAI22X1)                          0.36      13.55 r
  matrix_builder/U69/Y (OR4X4)                            0.42      13.97 r
  matrix_builder/matrix_flat_o[1] (recam_2r2c_matrix_builder_ADDR_W10_HYBRID_ENTRY_NUM4)
                                                          0.00      13.97 r
  pattern_analyzer/matrix_flat_i[1] (recam_2r2c_pattern_analyzer)
                                                          0.00      13.97 r
  pattern_analyzer/U2/Y (NOR4X4)                          0.23      14.20 f
  pattern_analyzer/candidate_valid_o[5] (recam_2r2c_pattern_analyzer)
                                                          0.00      14.20 f
  candidate_valid_o[5] (out)                              0.00      14.20 f
  data arrival time                                                 14.20

  clock recam_boundary_clk (rise edge)                   15.00      15.00
  clock network delay (ideal)                             0.00      15.00
  output external delay                                   0.00      15.00
  data required time                                                15.00
  --------------------------------------------------------------------------
  data required time                                                15.00
  data arrival time                                                -14.20
  --------------------------------------------------------------------------
  slack (MET)                                                        0.80


1
