 
****************************************
Report : area
Design : recam_2r2c_analyzer
Version: W-2024.09-SP2
Date   : Wed Sep  9 20:30:03 2026
****************************************

Library(s) Used:

    slow (File: /cad/std_libraries/CBDK_TSMC018_Arm_f1.0/CIC/SynopsysDC/db/slow.db)

Number of ports:                          430
Number of nets:                          1762
Number of cells:                         1363
Number of combinational cells:           1358
Number of sequential cells:                 0
Number of macros/black boxes:               0
Number of buf/inv:                        295
Number of references:                       6

Combinational area:              31068.576227
Buf/Inv area:                     4254.465616
Noncombinational area:               0.000000
Macro/Black Box area:                0.000000
Net Interconnect area:          155540.779816

Total cell area:                 31068.576227
Total area:                     186609.356042

Hierarchical area distribution
------------------------------

                                  Global cell area            Local cell area
                                  -------------------  ----------------------------- 
Hierarchical cell                 Absolute    Percent  Combi-      Noncombi-  Black-
                                  Total       Total    national    national   boxes   Design
--------------------------------  ----------  -------  ----------  ---------  ------  ----------------------------------------------------
recam_2r2c_analyzer               31068.5762    100.0    246.1536     0.0000  0.0000  recam_2r2c_analyzer
matrix_builder                    30133.8578     97.0  30133.8578     0.0000  0.0000  recam_2r2c_matrix_builder_ADDR_W10_HYBRID_ENTRY_NUM4
pattern_analyzer                    392.5152      1.3    392.5152     0.0000  0.0000  recam_2r2c_pattern_analyzer
pattern_encoder                     296.0496      1.0    296.0496     0.0000  0.0000  recam_2r2c_pattern_encoder
--------------------------------  ----------  -------  ----------  ---------  ------  ----------------------------------------------------
Total                                                  31068.5762     0.0000  0.0000

1
