 
****************************************
Report : qor
Design : recam_2r2c_analyzer
Version: W-2024.09-SP2
Date   : Wed Sep  9 20:30:03 2026
****************************************


  Timing Path Group 'recam_boundary_clk'
  -----------------------------------
  Levels of Logic:              98.00
  Critical Path Length:         19.99
  Critical Path Slack:           0.01
  Critical Path Clk Period:     20.00
  Total Negative Slack:          0.00
  No. of Violating Paths:        0.00
  Worst Hold Violation:          0.00
  Total Hold Violation:          0.00
  No. of Hold Violations:        0.00
  -----------------------------------


  Cell Count
  -----------------------------------
  Hierarchical Cell Count:          3
  Hierarchical Port Count:        226
  Leaf Cell Count:               1358
  Buf/Inv Cell Count:             295
  Buf Cell Count:                  77
  Inv Cell Count:                 218
  CT Buf/Inv Cell Count:            0
  Combinational Cell Count:      1358
  Sequential Cell Count:            0
  Macro Count:                      0
  -----------------------------------


  Area
  -----------------------------------
  Combinational Area:    31068.576227
  Noncombinational Area:     0.000000
  Buf/Inv Area:           4254.465616
  Total Buffer Area:          2095.63
  Total Inverter Area:        2158.83
  Macro/Black Box Area:      0.000000
  Net Area:             155540.779816
  -----------------------------------
  Cell Area:             31068.576227
  Design Area:          186609.356042


  Design Rules
  -----------------------------------
  Total Number of Nets:          1537
  Nets With Violations:             0
  Max Trans Violations:             0
  Max Cap Violations:               0
  -----------------------------------


  Hostname: Kaohsiung

  Compile CPU Statistics
  -----------------------------------------
  Resource Sharing:                    0.48
  Logic Optimization:                  1.21
  Mapping Optimization:                2.50
  -----------------------------------------
  Overall Compile Time:                5.05
  Overall Compile Wall Clock Time:     5.30

  --------------------------------------------------------------------

  Design  WNS: 0.00  TNS: 0.00  Number of Violating Paths: 0


  Design (Hold)  WNS: 0.00  TNS: 0.00  Number of Violating Paths: 0

  --------------------------------------------------------------------


1
