 
****************************************
Report : area
Design : recam_dss_canonical_global_noscratch_core
Version: W-2024.09-SP2
Date   : Fri Sep 18 16:05:33 2026
****************************************

Library(s) Used:

    slow (File: /cad/std_libraries/CBDK_TSMC018_Arm_f1.0/CIC/SynopsysDC/db/slow.db)

Number of ports:                          550
Number of nets:                          3025
Number of cells:                         2031
Number of combinational cells:           1415
Number of sequential cells:               616
Number of macros/black boxes:               0
Number of buf/inv:                        283
Number of references:                      62

Combinational area:              26917.228756
Buf/Inv area:                     2152.180830
Noncombinational area:           34834.061676
Macro/Black Box area:                0.000000
Net Interconnect area:          281214.795715

Total cell area:                 61751.290432
Total area:                     342966.086147

Hierarchical area distribution
------------------------------

                                  Global cell area            Local cell area
                                  -------------------  ------------------------------ 
Hierarchical cell                 Absolute    Percent  Combi-      Noncombi-   Black-
                                  Total       Total    national    national    boxes   Design
--------------------------------  ----------  -------  ----------  ----------  ------  ---------
recam_dss_canonical_global_noscratch_core
                                  61751.2904    100.0  26917.2288  34834.0617  0.0000  recam_dss_canonical_global_noscratch_core
--------------------------------  ----------  -------  ----------  ----------  ------  ---------
Total                                                  26917.2288  34834.0617  0.0000

1
