 
****************************************
check_design summary:
Version:     W-2024.09-SP2
Date:        Fri Sep 18 16:05:27 2026
****************************************

                   Name                                            Total
--------------------------------------------------------------------------------
Cells                                                              10
    Cells do not drive (LINT-1)                                    10
--------------------------------------------------------------------------------

Warning: In design 'recam_dss_canonical_global_noscratch_core', cell 'B_602' does not drive any nets. (LINT-1)
Warning: In design 'recam_dss_canonical_global_noscratch_core', cell 'C8537' does not drive any nets. (LINT-1)
Warning: In design 'recam_dss_canonical_global_noscratch_core', cell 'C8595' does not drive any nets. (LINT-1)
Warning: In design 'recam_dss_canonical_global_noscratch_core', cell 'C8597' does not drive any nets. (LINT-1)
Warning: In design 'recam_dss_canonical_global_noscratch_core', cell 'C8634' does not drive any nets. (LINT-1)
Warning: In design 'recam_dss_canonical_global_noscratch_core', cell 'C8638' does not drive any nets. (LINT-1)
Warning: In design 'recam_dss_canonical_global_noscratch_core', cell 'C8641' does not drive any nets. (LINT-1)
Warning: In design 'recam_dss_canonical_global_noscratch_core', cell 'C8645' does not drive any nets. (LINT-1)
Warning: In design 'recam_dss_canonical_global_noscratch_core', cell 'C8649' does not drive any nets. (LINT-1)
Warning: In design 'recam_dss_canonical_global_noscratch_core', cell 'C8652' does not drive any nets. (LINT-1)
1
