 
****************************************
Report : qor
Design : recam_dss_canonical_global_noscratch_core
Version: W-2024.09-SP2
Date   : Fri Sep 18 16:05:33 2026
****************************************


  Timing Path Group 'recam_clk'
  -----------------------------------
  Levels of Logic:              41.00
  Critical Path Length:         19.87
  Critical Path Slack:           0.02
  Critical Path Clk Period:     20.00
  Total Negative Slack:          0.00
  No. of Violating Paths:        0.00
  Worst Hold Violation:          0.00
  Total Hold Violation:          0.00
  No. of Hold Violations:        0.00
  -----------------------------------


  Cell Count
  -----------------------------------
  Hierarchical Cell Count:          0
  Hierarchical Port Count:          0
  Leaf Cell Count:               2031
  Buf/Inv Cell Count:             283
  Buf Cell Count:                  23
  Inv Cell Count:                 260
  CT Buf/Inv Cell Count:            0
  Combinational Cell Count:      1415
  Sequential Cell Count:          616
  Macro Count:                      0
  -----------------------------------


  Area
  -----------------------------------
  Combinational Area:    26917.228756
  Noncombinational Area: 34834.061676
  Buf/Inv Area:           2152.180830
  Total Buffer Area:           309.36
  Total Inverter Area:        1842.83
  Macro/Black Box Area:      0.000000
  Net Area:             281214.795715
  -----------------------------------
  Cell Area:             61751.290432
  Design Area:          342966.086147


  Design Rules
  -----------------------------------
  Total Number of Nets:          3025
  Nets With Violations:             0
  Max Trans Violations:             0
  Max Cap Violations:               0
  -----------------------------------


  Hostname: Kaohsiung

  Compile CPU Statistics
  -----------------------------------------
  Resource Sharing:                    0.66
  Logic Optimization:                  1.07
  Mapping Optimization:                2.68
  -----------------------------------------
  Overall Compile Time:                5.64
  Overall Compile Wall Clock Time:     5.95

  --------------------------------------------------------------------

  Design  WNS: 0.00  TNS: 0.00  Number of Violating Paths: 0


  Design (Hold)  WNS: 0.00  TNS: 0.00  Number of Violating Paths: 0

  --------------------------------------------------------------------


1
