 
****************************************
Report : reference
Design : recam_dss_canonical_global_noscratch_core
Version: W-2024.09-SP2
Date   : Fri Sep 18 16:05:33 2026
****************************************

Attributes:
    b - black box (unknown)
   bo - allows boundary optimization
    d - dont_touch
   mo - map_only
    h - hierarchical
    n - noncombinational
    r - removable
    s - synthetic operator
    u - contains unmapped logic

Reference          Library       Unit Area   Count    Total Area   Attributes
-----------------------------------------------------------------------------
ADDFHX2            slow         113.097603       3    339.292809  r
ADDHXL             slow          36.590401      12    439.084808  r
AND2X1             slow          13.305600      19    252.806403  
AND2X2             slow          13.305600      40    532.224007  
AND2X4             slow          16.632000       4     66.528000  
AND3X1             slow          16.632000       4     66.528000  
AND4X1             slow          19.958401       2     39.916801  
AOI2BB1X1          slow          16.632000       4     66.528000  
AOI2BB2X1          slow          23.284800       1     23.284800  
AOI21X1            slow          13.305600       7     93.139201  
AOI22X1            slow          16.632000      31    515.591999  
AOI22XL            slow          16.632000      84   1397.087997  
AOI31X1            slow          16.632000       4     66.528000  
AOI211X1           slow          16.632000       1     16.632000  
AOI221X1           slow          23.284800       1     23.284800  
AOI222X1           slow          26.611200      76   2022.451225  
AOI222X4           slow          39.916801      32   1277.337646  
AOI222XL           slow          26.611200       8    212.889603  
BUFX1              slow          13.305600       5     66.528001  
BUFX3              slow          13.305600      17    226.195203  
BUFX4              slow          16.632000       1     16.632000  
CLKINVX3           slow           9.979200       7     69.854403  
CLKINVX4           slow          13.305600       1     13.305600  
DFFXL              slow          56.548801     616  34834.061676  n
INVX1              slow           6.652800     234   1556.755219  
INVX2              slow           9.979200       4     39.916801  
INVX4              slow          13.305600       3     39.916800  
INVX16             slow          56.548801       1     56.548801  
INVXL              slow           6.652800      10     66.528001  
MX2X1              slow          26.611200       2     53.222401  
MXI2X1             slow          23.284800       4     93.139198  
MXI2XL             slow          23.284800       1     23.284800  
NAND2BX1           slow          13.305600       3     39.916800  
NAND2X1            slow           9.979200      23    229.521608  
NAND3BX1           slow          16.632000       1     16.632000  
NAND3X1            slow          13.305600       7     93.139201  
NAND4BXL           slow          19.958401       1     19.958401  
NAND4X1            slow          16.632000      49    814.967999  
NOR2BX1            slow          13.305600       1     13.305600  
NOR2X1             slow           9.979200      28    279.417610  
NOR2X2             slow          16.632000       5     83.160000  
NOR2XL             slow           9.979200       2     19.958401  
NOR3BX1            slow          19.958401       1     19.958401  
NOR3X1             slow          13.305600       6     79.833601  
NOR3X2             slow          23.284800       1     23.284800  
NOR4BX1            slow          19.958401       1     19.958401  
NOR4X1             slow          19.958401       6    119.750404  
OAI2BB1X1          slow          16.632000      10    166.320000  
OAI2BB2X1          slow          23.284800     558  12992.918163  
OAI21XL            slow          13.305600      15    199.584002  
OAI22X1            slow          19.958401      20    399.168015  
OAI31X1            slow          19.958401       2     39.916801  
OAI32X1            slow          23.284800       2     46.569599  
OAI221X1           slow          26.611200       1     26.611200  
OAI221X4           slow          36.590401       6    219.542404  
OAI221XL           slow          23.284800       4     93.139198  
OAI222XL           slow          26.611200      19    505.612806  
OR4X1              slow          19.958401       6    119.750404  
XNOR2X1            slow          26.611200       1     26.611200  
XOR2X1             slow          26.611200       8    212.889603  
XOR2X4             slow          56.548801       3    169.646404  
XOR2XL             slow          26.611200       2     53.222401  
-----------------------------------------------------------------------------
Total 62 references                                 61751.290432
1
