 
****************************************
Report : timing
        -path full
        -delay max
        -input_pins
        -max_paths 10
Design : recam_dss_canonical_global_noscratch_core
Version: W-2024.09-SP2
Date   : Fri Sep 18 16:05:33 2026
****************************************

Operating Conditions: slow   Library: slow
Wire Load Model Mode: top

  Startpoint: depth_q_reg[0]
              (rising edge-triggered flip-flop clocked by recam_clk)
  Endpoint: selected_release_q_reg[3]
            (rising edge-triggered flip-flop clocked by recam_clk)
  Path Group: recam_clk
  Path Type: max

  Des/Clust/Port     Wire Load Model       Library
  ------------------------------------------------
  recam_dss_canonical_global_noscratch_core
                     tsmc18_wl10           slow

  Point                                                   Incr       Path
  --------------------------------------------------------------------------
  clock recam_clk (rise edge)                             0.00       0.00
  clock network delay (ideal)                             0.00       0.00
  depth_q_reg[0]/CK (DFFXL)                               0.00       0.00 r
  depth_q_reg[0]/QN (DFFXL)                               1.11       1.11 r
  U1821/A (INVX2)                                         0.00       1.11 r
  U1821/Y (INVX2)                                         0.44       1.55 f
  U3123/A (INVX1)                                         0.00       1.55 f
  U3123/Y (INVX1)                                         0.54       2.09 r
  U1954/A (NOR2XL)                                        0.00       2.09 r
  U1954/Y (NOR2XL)                                        0.22       2.31 f
  U1951/A (INVX1)                                         0.00       2.31 f
  U1951/Y (INVX1)                                         0.50       2.81 r
  U1817/A (INVX1)                                         0.00       2.81 r
  U1817/Y (INVX1)                                         0.57       3.38 f
  U2205/A1 (AOI22XL)                                      0.00       3.38 f
  U2205/Y (AOI22XL)                                       0.47       3.85 r
  U1717/C0 (OAI221X4)                                     0.00       3.85 r
  U1717/Y (OAI221X4)                                      0.51       4.36 f
  U3044/A (NAND2X1)                                       0.00       4.36 f
  U3044/Y (NAND2X1)                                       0.28       4.64 r
  U3043/A (INVX1)                                         0.00       4.64 r
  U3043/Y (INVX1)                                         0.28       4.92 f
  U3042/A0 (AOI31X1)                                      0.00       4.92 f
  U3042/Y (AOI31X1)                                       0.45       5.37 r
  U3041/A (INVX1)                                         0.00       5.37 r
  U3041/Y (INVX1)                                         0.46       5.83 f
  U1812/A (NOR2X2)                                        0.00       5.83 f
  U1812/Y (NOR2X2)                                        0.48       6.31 r
  U2906/C1 (AOI222X1)                                     0.00       6.31 r
  U2906/Y (AOI222X1)                                      0.27       6.59 f
  U2068/B (MXI2XL)                                        0.00       6.59 f
  U2068/Y (MXI2XL)                                        0.91       7.49 r
  U1723/A (XOR2XL)                                        0.00       7.49 r
  U1723/Y (XOR2XL)                                        0.92       8.41 r
  add_0_root_add_0_root_add_186_2/U1_3/B (ADDFHX2)        0.00       8.41 r
  add_0_root_add_0_root_add_186_2/U1_3/CO (ADDFHX2)       0.39       8.80 r
  add_0_root_add_0_root_add_186_2/U1_4/CI (ADDFHX2)       0.00       8.80 r
  add_0_root_add_0_root_add_186_2/U1_4/CO (ADDFHX2)       0.36       9.16 r
  U2008/A (AND2X4)                                        0.00       9.16 r
  U2008/Y (AND2X4)                                        0.24       9.40 r
  U1714/B (XOR2X4)                                        0.00       9.40 r
  U1714/Y (XOR2X4)                                        0.31       9.71 r
  U1716/A (INVX2)                                         0.00       9.71 r
  U1716/Y (INVX2)                                         0.11       9.82 f
  U3104/A (NOR2X1)                                        0.00       9.82 f
  U3104/Y (NOR2X1)                                        1.16      10.98 r
  U2013/A (AND2X2)                                        0.00      10.98 r
  U2013/Y (AND2X2)                                        0.42      11.40 r
  U1775/A (INVX1)                                         0.00      11.40 r
  U1775/Y (INVX1)                                         0.12      11.52 f
  U1774/A (INVX1)                                         0.00      11.52 f
  U1774/Y (INVX1)                                         1.04      12.56 r
  U3053/A0 (AOI22X1)                                      0.00      12.56 r
  U3053/Y (AOI22X1)                                       0.26      12.82 f
  U3052/A (NAND4X1)                                       0.00      12.82 f
  U3052/Y (NAND4X1)                                       0.25      13.06 r
  U3046/A (OR4X1)                                         0.00      13.06 r
  U3046/Y (OR4X1)                                         0.26      13.33 r
  U1820/B1 (AOI22X1)                                      0.00      13.33 r
  U1820/Y (AOI22X1)                                       0.18      13.50 f
  U2203/C0 (OAI221X4)                                     0.00      13.50 f
  U2203/Y (OAI221X4)                                      0.50      14.00 r
  U3034/A (NAND2X1)                                       0.00      14.00 r
  U3034/Y (NAND2X1)                                       0.36      14.37 f
  U2998/A1 (AOI22X1)                                      0.00      14.37 f
  U2998/Y (AOI22X1)                                       0.38      14.75 r
  U2997/C (NAND3X1)                                       0.00      14.75 r
  U2997/Y (NAND3X1)                                       0.43      15.18 f
  U2975/A (NOR2X1)                                        0.00      15.18 f
  U2975/Y (NOR2X1)                                        0.53      15.71 r
  U1819/A (CLKINVX3)                                      0.00      15.71 r
  U1819/Y (CLKINVX3)                                      0.37      16.08 f
  U1833/A (NOR2X2)                                        0.00      16.08 f
  U1833/Y (NOR2X2)                                        0.42      16.50 r
  U2974/A (INVX1)                                         0.00      16.50 r
  U2974/Y (INVX1)                                         0.41      16.91 f
  U2956/A (NOR2X1)                                        0.00      16.91 f
  U2956/Y (NOR2X1)                                        0.59      17.50 r
  U1838/AN (NAND2BX1)                                     0.00      17.50 r
  U1838/Y (NAND2BX1)                                      0.68      18.17 r
  U2148/A (INVXL)                                         0.00      18.17 r
  U2148/Y (INVXL)                                         0.21      18.38 f
  U2149/A (INVXL)                                         0.00      18.38 f
  U2149/Y (INVXL)                                         1.11      19.49 r
  U2929/A1N (OAI2BB2X1)                                   0.00      19.49 r
  U2929/Y (OAI2BB2X1)                                     0.37      19.87 r
  selected_release_q_reg[3]/D (DFFXL)                     0.00      19.87 r
  data arrival time                                                 19.87

  clock recam_clk (rise edge)                            20.00      20.00
  clock network delay (ideal)                             0.00      20.00
  selected_release_q_reg[3]/CK (DFFXL)                    0.00      20.00 r
  library setup time                                     -0.12      19.88
  data required time                                                19.88
  --------------------------------------------------------------------------
  data required time                                                19.88
  data arrival time                                                -19.87
  --------------------------------------------------------------------------
  slack (MET)                                                        0.02


  Startpoint: depth_q_reg[0]
              (rising edge-triggered flip-flop clocked by recam_clk)
  Endpoint: selected_pattern_q_reg[15]
            (rising edge-triggered flip-flop clocked by recam_clk)
  Path Group: recam_clk
  Path Type: max

  Des/Clust/Port     Wire Load Model       Library
  ------------------------------------------------
  recam_dss_canonical_global_noscratch_core
                     tsmc18_wl10           slow

  Point                                                   Incr       Path
  --------------------------------------------------------------------------
  clock recam_clk (rise edge)                             0.00       0.00
  clock network delay (ideal)                             0.00       0.00
  depth_q_reg[0]/CK (DFFXL)                               0.00       0.00 r
  depth_q_reg[0]/QN (DFFXL)                               1.11       1.11 r
  U1821/A (INVX2)                                         0.00       1.11 r
  U1821/Y (INVX2)                                         0.44       1.55 f
  U3123/A (INVX1)                                         0.00       1.55 f
  U3123/Y (INVX1)                                         0.54       2.09 r
  U1954/A (NOR2XL)                                        0.00       2.09 r
  U1954/Y (NOR2XL)                                        0.22       2.31 f
  U1951/A (INVX1)                                         0.00       2.31 f
  U1951/Y (INVX1)                                         0.50       2.81 r
  U1817/A (INVX1)                                         0.00       2.81 r
  U1817/Y (INVX1)                                         0.57       3.38 f
  U2205/A1 (AOI22XL)                                      0.00       3.38 f
  U2205/Y (AOI22XL)                                       0.47       3.85 r
  U1717/C0 (OAI221X4)                                     0.00       3.85 r
  U1717/Y (OAI221X4)                                      0.51       4.36 f
  U3044/A (NAND2X1)                                       0.00       4.36 f
  U3044/Y (NAND2X1)                                       0.28       4.64 r
  U3043/A (INVX1)                                         0.00       4.64 r
  U3043/Y (INVX1)                                         0.28       4.92 f
  U3042/A0 (AOI31X1)                                      0.00       4.92 f
  U3042/Y (AOI31X1)                                       0.45       5.37 r
  U3041/A (INVX1)                                         0.00       5.37 r
  U3041/Y (INVX1)                                         0.46       5.83 f
  U1812/A (NOR2X2)                                        0.00       5.83 f
  U1812/Y (NOR2X2)                                        0.48       6.31 r
  U2906/C1 (AOI222X1)                                     0.00       6.31 r
  U2906/Y (AOI222X1)                                      0.27       6.59 f
  U2068/B (MXI2XL)                                        0.00       6.59 f
  U2068/Y (MXI2XL)                                        0.91       7.49 r
  U1723/A (XOR2XL)                                        0.00       7.49 r
  U1723/Y (XOR2XL)                                        0.92       8.41 r
  add_0_root_add_0_root_add_186_2/U1_3/B (ADDFHX2)        0.00       8.41 r
  add_0_root_add_0_root_add_186_2/U1_3/CO (ADDFHX2)       0.39       8.80 r
  add_0_root_add_0_root_add_186_2/U1_4/CI (ADDFHX2)       0.00       8.80 r
  add_0_root_add_0_root_add_186_2/U1_4/CO (ADDFHX2)       0.36       9.16 r
  U2008/A (AND2X4)                                        0.00       9.16 r
  U2008/Y (AND2X4)                                        0.24       9.40 r
  U1714/B (XOR2X4)                                        0.00       9.40 r
  U1714/Y (XOR2X4)                                        0.31       9.71 r
  U1716/A (INVX2)                                         0.00       9.71 r
  U1716/Y (INVX2)                                         0.11       9.82 f
  U3104/A (NOR2X1)                                        0.00       9.82 f
  U3104/Y (NOR2X1)                                        1.16      10.98 r
  U2013/A (AND2X2)                                        0.00      10.98 r
  U2013/Y (AND2X2)                                        0.42      11.40 r
  U1775/A (INVX1)                                         0.00      11.40 r
  U1775/Y (INVX1)                                         0.12      11.52 f
  U1774/A (INVX1)                                         0.00      11.52 f
  U1774/Y (INVX1)                                         1.04      12.56 r
  U3053/A0 (AOI22X1)                                      0.00      12.56 r
  U3053/Y (AOI22X1)                                       0.26      12.82 f
  U3052/A (NAND4X1)                                       0.00      12.82 f
  U3052/Y (NAND4X1)                                       0.25      13.06 r
  U3046/A (OR4X1)                                         0.00      13.06 r
  U3046/Y (OR4X1)                                         0.26      13.33 r
  U1820/B1 (AOI22X1)                                      0.00      13.33 r
  U1820/Y (AOI22X1)                                       0.18      13.50 f
  U2203/C0 (OAI221X4)                                     0.00      13.50 f
  U2203/Y (OAI221X4)                                      0.50      14.00 r
  U3034/A (NAND2X1)                                       0.00      14.00 r
  U3034/Y (NAND2X1)                                       0.36      14.37 f
  U2998/A1 (AOI22X1)                                      0.00      14.37 f
  U2998/Y (AOI22X1)                                       0.38      14.75 r
  U2997/C (NAND3X1)                                       0.00      14.75 r
  U2997/Y (NAND3X1)                                       0.43      15.18 f
  U2975/A (NOR2X1)                                        0.00      15.18 f
  U2975/Y (NOR2X1)                                        0.53      15.71 r
  U1819/A (CLKINVX3)                                      0.00      15.71 r
  U1819/Y (CLKINVX3)                                      0.37      16.08 f
  U1833/A (NOR2X2)                                        0.00      16.08 f
  U1833/Y (NOR2X2)                                        0.42      16.50 r
  U2974/A (INVX1)                                         0.00      16.50 r
  U2974/Y (INVX1)                                         0.41      16.91 f
  U2956/A (NOR2X1)                                        0.00      16.91 f
  U2956/Y (NOR2X1)                                        0.59      17.50 r
  U1838/AN (NAND2BX1)                                     0.00      17.50 r
  U1838/Y (NAND2BX1)                                      0.68      18.17 r
  U2148/A (INVXL)                                         0.00      18.17 r
  U2148/Y (INVXL)                                         0.21      18.38 f
  U2149/A (INVXL)                                         0.00      18.38 f
  U2149/Y (INVXL)                                         1.11      19.49 r
  U2904/A1N (OAI2BB2X1)                                   0.00      19.49 r
  U2904/Y (OAI2BB2X1)                                     0.37      19.87 r
  selected_pattern_q_reg[15]/D (DFFXL)                    0.00      19.87 r
  data arrival time                                                 19.87

  clock recam_clk (rise edge)                            20.00      20.00
  clock network delay (ideal)                             0.00      20.00
  selected_pattern_q_reg[15]/CK (DFFXL)                   0.00      20.00 r
  library setup time                                     -0.12      19.88
  data required time                                                19.88
  --------------------------------------------------------------------------
  data required time                                                19.88
  data arrival time                                                -19.87
  --------------------------------------------------------------------------
  slack (MET)                                                        0.02


  Startpoint: depth_q_reg[0]
              (rising edge-triggered flip-flop clocked by recam_clk)
  Endpoint: selected_borrow_q_reg[3]
            (rising edge-triggered flip-flop clocked by recam_clk)
  Path Group: recam_clk
  Path Type: max

  Des/Clust/Port     Wire Load Model       Library
  ------------------------------------------------
  recam_dss_canonical_global_noscratch_core
                     tsmc18_wl10           slow

  Point                                                   Incr       Path
  --------------------------------------------------------------------------
  clock recam_clk (rise edge)                             0.00       0.00
  clock network delay (ideal)                             0.00       0.00
  depth_q_reg[0]/CK (DFFXL)                               0.00       0.00 r
  depth_q_reg[0]/QN (DFFXL)                               1.11       1.11 r
  U1821/A (INVX2)                                         0.00       1.11 r
  U1821/Y (INVX2)                                         0.44       1.55 f
  U3123/A (INVX1)                                         0.00       1.55 f
  U3123/Y (INVX1)                                         0.54       2.09 r
  U1954/A (NOR2XL)                                        0.00       2.09 r
  U1954/Y (NOR2XL)                                        0.22       2.31 f
  U1951/A (INVX1)                                         0.00       2.31 f
  U1951/Y (INVX1)                                         0.50       2.81 r
  U1817/A (INVX1)                                         0.00       2.81 r
  U1817/Y (INVX1)                                         0.57       3.38 f
  U2205/A1 (AOI22XL)                                      0.00       3.38 f
  U2205/Y (AOI22XL)                                       0.47       3.85 r
  U1717/C0 (OAI221X4)                                     0.00       3.85 r
  U1717/Y (OAI221X4)                                      0.51       4.36 f
  U3044/A (NAND2X1)                                       0.00       4.36 f
  U3044/Y (NAND2X1)                                       0.28       4.64 r
  U3043/A (INVX1)                                         0.00       4.64 r
  U3043/Y (INVX1)                                         0.28       4.92 f
  U3042/A0 (AOI31X1)                                      0.00       4.92 f
  U3042/Y (AOI31X1)                                       0.45       5.37 r
  U3041/A (INVX1)                                         0.00       5.37 r
  U3041/Y (INVX1)                                         0.46       5.83 f
  U1812/A (NOR2X2)                                        0.00       5.83 f
  U1812/Y (NOR2X2)                                        0.48       6.31 r
  U2906/C1 (AOI222X1)                                     0.00       6.31 r
  U2906/Y (AOI222X1)                                      0.27       6.59 f
  U2068/B (MXI2XL)                                        0.00       6.59 f
  U2068/Y (MXI2XL)                                        0.91       7.49 r
  U1723/A (XOR2XL)                                        0.00       7.49 r
  U1723/Y (XOR2XL)                                        0.92       8.41 r
  add_0_root_add_0_root_add_186_2/U1_3/B (ADDFHX2)        0.00       8.41 r
  add_0_root_add_0_root_add_186_2/U1_3/CO (ADDFHX2)       0.39       8.80 r
  add_0_root_add_0_root_add_186_2/U1_4/CI (ADDFHX2)       0.00       8.80 r
  add_0_root_add_0_root_add_186_2/U1_4/CO (ADDFHX2)       0.36       9.16 r
  U2008/A (AND2X4)                                        0.00       9.16 r
  U2008/Y (AND2X4)                                        0.24       9.40 r
  U1714/B (XOR2X4)                                        0.00       9.40 r
  U1714/Y (XOR2X4)                                        0.31       9.71 r
  U1716/A (INVX2)                                         0.00       9.71 r
  U1716/Y (INVX2)                                         0.11       9.82 f
  U3104/A (NOR2X1)                                        0.00       9.82 f
  U3104/Y (NOR2X1)                                        1.16      10.98 r
  U2013/A (AND2X2)                                        0.00      10.98 r
  U2013/Y (AND2X2)                                        0.42      11.40 r
  U1775/A (INVX1)                                         0.00      11.40 r
  U1775/Y (INVX1)                                         0.12      11.52 f
  U1774/A (INVX1)                                         0.00      11.52 f
  U1774/Y (INVX1)                                         1.04      12.56 r
  U3053/A0 (AOI22X1)                                      0.00      12.56 r
  U3053/Y (AOI22X1)                                       0.26      12.82 f
  U3052/A (NAND4X1)                                       0.00      12.82 f
  U3052/Y (NAND4X1)                                       0.25      13.06 r
  U3046/A (OR4X1)                                         0.00      13.06 r
  U3046/Y (OR4X1)                                         0.26      13.33 r
  U1820/B1 (AOI22X1)                                      0.00      13.33 r
  U1820/Y (AOI22X1)                                       0.18      13.50 f
  U2203/C0 (OAI221X4)                                     0.00      13.50 f
  U2203/Y (OAI221X4)                                      0.50      14.00 r
  U3034/A (NAND2X1)                                       0.00      14.00 r
  U3034/Y (NAND2X1)                                       0.36      14.37 f
  U2998/A1 (AOI22X1)                                      0.00      14.37 f
  U2998/Y (AOI22X1)                                       0.38      14.75 r
  U2997/C (NAND3X1)                                       0.00      14.75 r
  U2997/Y (NAND3X1)                                       0.43      15.18 f
  U2975/A (NOR2X1)                                        0.00      15.18 f
  U2975/Y (NOR2X1)                                        0.53      15.71 r
  U1819/A (CLKINVX3)                                      0.00      15.71 r
  U1819/Y (CLKINVX3)                                      0.37      16.08 f
  U1833/A (NOR2X2)                                        0.00      16.08 f
  U1833/Y (NOR2X2)                                        0.42      16.50 r
  U2974/A (INVX1)                                         0.00      16.50 r
  U2974/Y (INVX1)                                         0.41      16.91 f
  U2956/A (NOR2X1)                                        0.00      16.91 f
  U2956/Y (NOR2X1)                                        0.59      17.50 r
  U1838/AN (NAND2BX1)                                     0.00      17.50 r
  U1838/Y (NAND2BX1)                                      0.68      18.17 r
  U2148/A (INVXL)                                         0.00      18.17 r
  U2148/Y (INVXL)                                         0.21      18.38 f
  U2149/A (INVXL)                                         0.00      18.38 f
  U2149/Y (INVXL)                                         1.11      19.49 r
  U2940/A1N (OAI2BB2X1)                                   0.00      19.49 r
  U2940/Y (OAI2BB2X1)                                     0.37      19.87 r
  selected_borrow_q_reg[3]/D (DFFXL)                      0.00      19.87 r
  data arrival time                                                 19.87

  clock recam_clk (rise edge)                            20.00      20.00
  clock network delay (ideal)                             0.00      20.00
  selected_borrow_q_reg[3]/CK (DFFXL)                     0.00      20.00 r
  library setup time                                     -0.12      19.88
  data required time                                                19.88
  --------------------------------------------------------------------------
  data required time                                                19.88
  data arrival time                                                -19.87
  --------------------------------------------------------------------------
  slack (MET)                                                        0.02


  Startpoint: depth_q_reg[0]
              (rising edge-triggered flip-flop clocked by recam_clk)
  Endpoint: selected_pattern_q_reg[13]
            (rising edge-triggered flip-flop clocked by recam_clk)
  Path Group: recam_clk
  Path Type: max

  Des/Clust/Port     Wire Load Model       Library
  ------------------------------------------------
  recam_dss_canonical_global_noscratch_core
                     tsmc18_wl10           slow

  Point                                                   Incr       Path
  --------------------------------------------------------------------------
  clock recam_clk (rise edge)                             0.00       0.00
  clock network delay (ideal)                             0.00       0.00
  depth_q_reg[0]/CK (DFFXL)                               0.00       0.00 r
  depth_q_reg[0]/QN (DFFXL)                               1.11       1.11 r
  U1821/A (INVX2)                                         0.00       1.11 r
  U1821/Y (INVX2)                                         0.44       1.55 f
  U3123/A (INVX1)                                         0.00       1.55 f
  U3123/Y (INVX1)                                         0.54       2.09 r
  U1954/A (NOR2XL)                                        0.00       2.09 r
  U1954/Y (NOR2XL)                                        0.22       2.31 f
  U1951/A (INVX1)                                         0.00       2.31 f
  U1951/Y (INVX1)                                         0.50       2.81 r
  U1817/A (INVX1)                                         0.00       2.81 r
  U1817/Y (INVX1)                                         0.57       3.38 f
  U2205/A1 (AOI22XL)                                      0.00       3.38 f
  U2205/Y (AOI22XL)                                       0.47       3.85 r
  U1717/C0 (OAI221X4)                                     0.00       3.85 r
  U1717/Y (OAI221X4)                                      0.51       4.36 f
  U3044/A (NAND2X1)                                       0.00       4.36 f
  U3044/Y (NAND2X1)                                       0.28       4.64 r
  U3043/A (INVX1)                                         0.00       4.64 r
  U3043/Y (INVX1)                                         0.28       4.92 f
  U3042/A0 (AOI31X1)                                      0.00       4.92 f
  U3042/Y (AOI31X1)                                       0.45       5.37 r
  U3041/A (INVX1)                                         0.00       5.37 r
  U3041/Y (INVX1)                                         0.46       5.83 f
  U1812/A (NOR2X2)                                        0.00       5.83 f
  U1812/Y (NOR2X2)                                        0.48       6.31 r
  U2906/C1 (AOI222X1)                                     0.00       6.31 r
  U2906/Y (AOI222X1)                                      0.27       6.59 f
  U2068/B (MXI2XL)                                        0.00       6.59 f
  U2068/Y (MXI2XL)                                        0.91       7.49 r
  U1723/A (XOR2XL)                                        0.00       7.49 r
  U1723/Y (XOR2XL)                                        0.92       8.41 r
  add_0_root_add_0_root_add_186_2/U1_3/B (ADDFHX2)        0.00       8.41 r
  add_0_root_add_0_root_add_186_2/U1_3/CO (ADDFHX2)       0.39       8.80 r
  add_0_root_add_0_root_add_186_2/U1_4/CI (ADDFHX2)       0.00       8.80 r
  add_0_root_add_0_root_add_186_2/U1_4/CO (ADDFHX2)       0.36       9.16 r
  U2008/A (AND2X4)                                        0.00       9.16 r
  U2008/Y (AND2X4)                                        0.24       9.40 r
  U1714/B (XOR2X4)                                        0.00       9.40 r
  U1714/Y (XOR2X4)                                        0.31       9.71 r
  U1716/A (INVX2)                                         0.00       9.71 r
  U1716/Y (INVX2)                                         0.11       9.82 f
  U3104/A (NOR2X1)                                        0.00       9.82 f
  U3104/Y (NOR2X1)                                        1.16      10.98 r
  U2013/A (AND2X2)                                        0.00      10.98 r
  U2013/Y (AND2X2)                                        0.42      11.40 r
  U1775/A (INVX1)                                         0.00      11.40 r
  U1775/Y (INVX1)                                         0.12      11.52 f
  U1774/A (INVX1)                                         0.00      11.52 f
  U1774/Y (INVX1)                                         1.04      12.56 r
  U3053/A0 (AOI22X1)                                      0.00      12.56 r
  U3053/Y (AOI22X1)                                       0.26      12.82 f
  U3052/A (NAND4X1)                                       0.00      12.82 f
  U3052/Y (NAND4X1)                                       0.25      13.06 r
  U3046/A (OR4X1)                                         0.00      13.06 r
  U3046/Y (OR4X1)                                         0.26      13.33 r
  U1820/B1 (AOI22X1)                                      0.00      13.33 r
  U1820/Y (AOI22X1)                                       0.18      13.50 f
  U2203/C0 (OAI221X4)                                     0.00      13.50 f
  U2203/Y (OAI221X4)                                      0.50      14.00 r
  U3034/A (NAND2X1)                                       0.00      14.00 r
  U3034/Y (NAND2X1)                                       0.36      14.37 f
  U2998/A1 (AOI22X1)                                      0.00      14.37 f
  U2998/Y (AOI22X1)                                       0.38      14.75 r
  U2997/C (NAND3X1)                                       0.00      14.75 r
  U2997/Y (NAND3X1)                                       0.43      15.18 f
  U2975/A (NOR2X1)                                        0.00      15.18 f
  U2975/Y (NOR2X1)                                        0.53      15.71 r
  U1819/A (CLKINVX3)                                      0.00      15.71 r
  U1819/Y (CLKINVX3)                                      0.37      16.08 f
  U1833/A (NOR2X2)                                        0.00      16.08 f
  U1833/Y (NOR2X2)                                        0.42      16.50 r
  U2974/A (INVX1)                                         0.00      16.50 r
  U2974/Y (INVX1)                                         0.41      16.91 f
  U2956/A (NOR2X1)                                        0.00      16.91 f
  U2956/Y (NOR2X1)                                        0.59      17.50 r
  U1838/AN (NAND2BX1)                                     0.00      17.50 r
  U1838/Y (NAND2BX1)                                      0.68      18.17 r
  U2148/A (INVXL)                                         0.00      18.17 r
  U2148/Y (INVXL)                                         0.21      18.38 f
  U2149/A (INVXL)                                         0.00      18.38 f
  U2149/Y (INVXL)                                         1.11      19.49 r
  U2900/A1N (OAI2BB2X1)                                   0.00      19.49 r
  U2900/Y (OAI2BB2X1)                                     0.37      19.87 r
  selected_pattern_q_reg[13]/D (DFFXL)                    0.00      19.87 r
  data arrival time                                                 19.87

  clock recam_clk (rise edge)                            20.00      20.00
  clock network delay (ideal)                             0.00      20.00
  selected_pattern_q_reg[13]/CK (DFFXL)                   0.00      20.00 r
  library setup time                                     -0.11      19.89
  data required time                                                19.89
  --------------------------------------------------------------------------
  data required time                                                19.89
  data arrival time                                                -19.87
  --------------------------------------------------------------------------
  slack (MET)                                                        0.02


  Startpoint: depth_q_reg[0]
              (rising edge-triggered flip-flop clocked by recam_clk)
  Endpoint: selected_pattern_q_reg[14]
            (rising edge-triggered flip-flop clocked by recam_clk)
  Path Group: recam_clk
  Path Type: max

  Des/Clust/Port     Wire Load Model       Library
  ------------------------------------------------
  recam_dss_canonical_global_noscratch_core
                     tsmc18_wl10           slow

  Point                                                   Incr       Path
  --------------------------------------------------------------------------
  clock recam_clk (rise edge)                             0.00       0.00
  clock network delay (ideal)                             0.00       0.00
  depth_q_reg[0]/CK (DFFXL)                               0.00       0.00 r
  depth_q_reg[0]/QN (DFFXL)                               1.11       1.11 r
  U1821/A (INVX2)                                         0.00       1.11 r
  U1821/Y (INVX2)                                         0.44       1.55 f
  U3123/A (INVX1)                                         0.00       1.55 f
  U3123/Y (INVX1)                                         0.54       2.09 r
  U1954/A (NOR2XL)                                        0.00       2.09 r
  U1954/Y (NOR2XL)                                        0.22       2.31 f
  U1951/A (INVX1)                                         0.00       2.31 f
  U1951/Y (INVX1)                                         0.50       2.81 r
  U1817/A (INVX1)                                         0.00       2.81 r
  U1817/Y (INVX1)                                         0.57       3.38 f
  U2205/A1 (AOI22XL)                                      0.00       3.38 f
  U2205/Y (AOI22XL)                                       0.47       3.85 r
  U1717/C0 (OAI221X4)                                     0.00       3.85 r
  U1717/Y (OAI221X4)                                      0.51       4.36 f
  U3044/A (NAND2X1)                                       0.00       4.36 f
  U3044/Y (NAND2X1)                                       0.28       4.64 r
  U3043/A (INVX1)                                         0.00       4.64 r
  U3043/Y (INVX1)                                         0.28       4.92 f
  U3042/A0 (AOI31X1)                                      0.00       4.92 f
  U3042/Y (AOI31X1)                                       0.45       5.37 r
  U3041/A (INVX1)                                         0.00       5.37 r
  U3041/Y (INVX1)                                         0.46       5.83 f
  U1812/A (NOR2X2)                                        0.00       5.83 f
  U1812/Y (NOR2X2)                                        0.48       6.31 r
  U2906/C1 (AOI222X1)                                     0.00       6.31 r
  U2906/Y (AOI222X1)                                      0.27       6.59 f
  U2068/B (MXI2XL)                                        0.00       6.59 f
  U2068/Y (MXI2XL)                                        0.91       7.49 r
  U1723/A (XOR2XL)                                        0.00       7.49 r
  U1723/Y (XOR2XL)                                        0.92       8.41 r
  add_0_root_add_0_root_add_186_2/U1_3/B (ADDFHX2)        0.00       8.41 r
  add_0_root_add_0_root_add_186_2/U1_3/CO (ADDFHX2)       0.39       8.80 r
  add_0_root_add_0_root_add_186_2/U1_4/CI (ADDFHX2)       0.00       8.80 r
  add_0_root_add_0_root_add_186_2/U1_4/CO (ADDFHX2)       0.36       9.16 r
  U2008/A (AND2X4)                                        0.00       9.16 r
  U2008/Y (AND2X4)                                        0.24       9.40 r
  U1714/B (XOR2X4)                                        0.00       9.40 r
  U1714/Y (XOR2X4)                                        0.31       9.71 r
  U1716/A (INVX2)                                         0.00       9.71 r
  U1716/Y (INVX2)                                         0.11       9.82 f
  U3104/A (NOR2X1)                                        0.00       9.82 f
  U3104/Y (NOR2X1)                                        1.16      10.98 r
  U2013/A (AND2X2)                                        0.00      10.98 r
  U2013/Y (AND2X2)                                        0.42      11.40 r
  U1775/A (INVX1)                                         0.00      11.40 r
  U1775/Y (INVX1)                                         0.12      11.52 f
  U1774/A (INVX1)                                         0.00      11.52 f
  U1774/Y (INVX1)                                         1.04      12.56 r
  U3053/A0 (AOI22X1)                                      0.00      12.56 r
  U3053/Y (AOI22X1)                                       0.26      12.82 f
  U3052/A (NAND4X1)                                       0.00      12.82 f
  U3052/Y (NAND4X1)                                       0.25      13.06 r
  U3046/A (OR4X1)                                         0.00      13.06 r
  U3046/Y (OR4X1)                                         0.26      13.33 r
  U1820/B1 (AOI22X1)                                      0.00      13.33 r
  U1820/Y (AOI22X1)                                       0.18      13.50 f
  U2203/C0 (OAI221X4)                                     0.00      13.50 f
  U2203/Y (OAI221X4)                                      0.50      14.00 r
  U3034/A (NAND2X1)                                       0.00      14.00 r
  U3034/Y (NAND2X1)                                       0.36      14.37 f
  U2998/A1 (AOI22X1)                                      0.00      14.37 f
  U2998/Y (AOI22X1)                                       0.38      14.75 r
  U2997/C (NAND3X1)                                       0.00      14.75 r
  U2997/Y (NAND3X1)                                       0.43      15.18 f
  U2975/A (NOR2X1)                                        0.00      15.18 f
  U2975/Y (NOR2X1)                                        0.53      15.71 r
  U1819/A (CLKINVX3)                                      0.00      15.71 r
  U1819/Y (CLKINVX3)                                      0.37      16.08 f
  U1833/A (NOR2X2)                                        0.00      16.08 f
  U1833/Y (NOR2X2)                                        0.42      16.50 r
  U2974/A (INVX1)                                         0.00      16.50 r
  U2974/Y (INVX1)                                         0.41      16.91 f
  U2956/A (NOR2X1)                                        0.00      16.91 f
  U2956/Y (NOR2X1)                                        0.59      17.50 r
  U1838/AN (NAND2BX1)                                     0.00      17.50 r
  U1838/Y (NAND2BX1)                                      0.68      18.17 r
  U2148/A (INVXL)                                         0.00      18.17 r
  U2148/Y (INVXL)                                         0.21      18.38 f
  U2149/A (INVXL)                                         0.00      18.38 f
  U2149/Y (INVXL)                                         1.11      19.49 r
  U2902/A1N (OAI2BB2X1)                                   0.00      19.49 r
  U2902/Y (OAI2BB2X1)                                     0.37      19.87 r
  selected_pattern_q_reg[14]/D (DFFXL)                    0.00      19.87 r
  data arrival time                                                 19.87

  clock recam_clk (rise edge)                            20.00      20.00
  clock network delay (ideal)                             0.00      20.00
  selected_pattern_q_reg[14]/CK (DFFXL)                   0.00      20.00 r
  library setup time                                     -0.11      19.89
  data required time                                                19.89
  --------------------------------------------------------------------------
  data required time                                                19.89
  data arrival time                                                -19.87
  --------------------------------------------------------------------------
  slack (MET)                                                        0.02


  Startpoint: depth_q_reg[0]
              (rising edge-triggered flip-flop clocked by recam_clk)
  Endpoint: selected_config_q_reg[9]
            (rising edge-triggered flip-flop clocked by recam_clk)
  Path Group: recam_clk
  Path Type: max

  Des/Clust/Port     Wire Load Model       Library
  ------------------------------------------------
  recam_dss_canonical_global_noscratch_core
                     tsmc18_wl10           slow

  Point                                                   Incr       Path
  --------------------------------------------------------------------------
  clock recam_clk (rise edge)                             0.00       0.00
  clock network delay (ideal)                             0.00       0.00
  depth_q_reg[0]/CK (DFFXL)                               0.00       0.00 r
  depth_q_reg[0]/QN (DFFXL)                               1.11       1.11 r
  U1821/A (INVX2)                                         0.00       1.11 r
  U1821/Y (INVX2)                                         0.44       1.55 f
  U3123/A (INVX1)                                         0.00       1.55 f
  U3123/Y (INVX1)                                         0.54       2.09 r
  U1954/A (NOR2XL)                                        0.00       2.09 r
  U1954/Y (NOR2XL)                                        0.22       2.31 f
  U1951/A (INVX1)                                         0.00       2.31 f
  U1951/Y (INVX1)                                         0.50       2.81 r
  U1817/A (INVX1)                                         0.00       2.81 r
  U1817/Y (INVX1)                                         0.57       3.38 f
  U2205/A1 (AOI22XL)                                      0.00       3.38 f
  U2205/Y (AOI22XL)                                       0.47       3.85 r
  U1717/C0 (OAI221X4)                                     0.00       3.85 r
  U1717/Y (OAI221X4)                                      0.51       4.36 f
  U3044/A (NAND2X1)                                       0.00       4.36 f
  U3044/Y (NAND2X1)                                       0.28       4.64 r
  U3043/A (INVX1)                                         0.00       4.64 r
  U3043/Y (INVX1)                                         0.28       4.92 f
  U3042/A0 (AOI31X1)                                      0.00       4.92 f
  U3042/Y (AOI31X1)                                       0.45       5.37 r
  U3041/A (INVX1)                                         0.00       5.37 r
  U3041/Y (INVX1)                                         0.46       5.83 f
  U1812/A (NOR2X2)                                        0.00       5.83 f
  U1812/Y (NOR2X2)                                        0.48       6.31 r
  U2906/C1 (AOI222X1)                                     0.00       6.31 r
  U2906/Y (AOI222X1)                                      0.27       6.59 f
  U2068/B (MXI2XL)                                        0.00       6.59 f
  U2068/Y (MXI2XL)                                        0.91       7.49 r
  U1723/A (XOR2XL)                                        0.00       7.49 r
  U1723/Y (XOR2XL)                                        0.92       8.41 r
  add_0_root_add_0_root_add_186_2/U1_3/B (ADDFHX2)        0.00       8.41 r
  add_0_root_add_0_root_add_186_2/U1_3/CO (ADDFHX2)       0.39       8.80 r
  add_0_root_add_0_root_add_186_2/U1_4/CI (ADDFHX2)       0.00       8.80 r
  add_0_root_add_0_root_add_186_2/U1_4/CO (ADDFHX2)       0.36       9.16 r
  U2008/A (AND2X4)                                        0.00       9.16 r
  U2008/Y (AND2X4)                                        0.24       9.40 r
  U1714/B (XOR2X4)                                        0.00       9.40 r
  U1714/Y (XOR2X4)                                        0.31       9.71 r
  U1716/A (INVX2)                                         0.00       9.71 r
  U1716/Y (INVX2)                                         0.11       9.82 f
  U3104/A (NOR2X1)                                        0.00       9.82 f
  U3104/Y (NOR2X1)                                        1.16      10.98 r
  U2013/A (AND2X2)                                        0.00      10.98 r
  U2013/Y (AND2X2)                                        0.42      11.40 r
  U1775/A (INVX1)                                         0.00      11.40 r
  U1775/Y (INVX1)                                         0.12      11.52 f
  U1774/A (INVX1)                                         0.00      11.52 f
  U1774/Y (INVX1)                                         1.04      12.56 r
  U3053/A0 (AOI22X1)                                      0.00      12.56 r
  U3053/Y (AOI22X1)                                       0.26      12.82 f
  U3052/A (NAND4X1)                                       0.00      12.82 f
  U3052/Y (NAND4X1)                                       0.25      13.06 r
  U3046/A (OR4X1)                                         0.00      13.06 r
  U3046/Y (OR4X1)                                         0.26      13.33 r
  U1820/B1 (AOI22X1)                                      0.00      13.33 r
  U1820/Y (AOI22X1)                                       0.18      13.50 f
  U2203/C0 (OAI221X4)                                     0.00      13.50 f
  U2203/Y (OAI221X4)                                      0.50      14.00 r
  U3034/A (NAND2X1)                                       0.00      14.00 r
  U3034/Y (NAND2X1)                                       0.36      14.37 f
  U2998/A1 (AOI22X1)                                      0.00      14.37 f
  U2998/Y (AOI22X1)                                       0.38      14.75 r
  U2997/C (NAND3X1)                                       0.00      14.75 r
  U2997/Y (NAND3X1)                                       0.43      15.18 f
  U2975/A (NOR2X1)                                        0.00      15.18 f
  U2975/Y (NOR2X1)                                        0.53      15.71 r
  U1819/A (CLKINVX3)                                      0.00      15.71 r
  U1819/Y (CLKINVX3)                                      0.37      16.08 f
  U1833/A (NOR2X2)                                        0.00      16.08 f
  U1833/Y (NOR2X2)                                        0.42      16.50 r
  U2974/A (INVX1)                                         0.00      16.50 r
  U2974/Y (INVX1)                                         0.41      16.91 f
  U2956/A (NOR2X1)                                        0.00      16.91 f
  U2956/Y (NOR2X1)                                        0.59      17.50 r
  U1838/AN (NAND2BX1)                                     0.00      17.50 r
  U1838/Y (NAND2BX1)                                      0.68      18.17 r
  U2148/A (INVXL)                                         0.00      18.17 r
  U2148/Y (INVXL)                                         0.21      18.38 f
  U2149/A (INVXL)                                         0.00      18.38 f
  U2149/Y (INVXL)                                         1.11      19.49 r
  U2878/A1N (OAI2BB2X1)                                   0.00      19.49 r
  U2878/Y (OAI2BB2X1)                                     0.37      19.87 r
  selected_config_q_reg[9]/D (DFFXL)                      0.00      19.87 r
  data arrival time                                                 19.87

  clock recam_clk (rise edge)                            20.00      20.00
  clock network delay (ideal)                             0.00      20.00
  selected_config_q_reg[9]/CK (DFFXL)                     0.00      20.00 r
  library setup time                                     -0.11      19.89
  data required time                                                19.89
  --------------------------------------------------------------------------
  data required time                                                19.89
  data arrival time                                                -19.87
  --------------------------------------------------------------------------
  slack (MET)                                                        0.02


  Startpoint: depth_q_reg[0]
              (rising edge-triggered flip-flop clocked by recam_clk)
  Endpoint: selected_config_q_reg[10]
            (rising edge-triggered flip-flop clocked by recam_clk)
  Path Group: recam_clk
  Path Type: max

  Des/Clust/Port     Wire Load Model       Library
  ------------------------------------------------
  recam_dss_canonical_global_noscratch_core
                     tsmc18_wl10           slow

  Point                                                   Incr       Path
  --------------------------------------------------------------------------
  clock recam_clk (rise edge)                             0.00       0.00
  clock network delay (ideal)                             0.00       0.00
  depth_q_reg[0]/CK (DFFXL)                               0.00       0.00 r
  depth_q_reg[0]/QN (DFFXL)                               1.11       1.11 r
  U1821/A (INVX2)                                         0.00       1.11 r
  U1821/Y (INVX2)                                         0.44       1.55 f
  U3123/A (INVX1)                                         0.00       1.55 f
  U3123/Y (INVX1)                                         0.54       2.09 r
  U1954/A (NOR2XL)                                        0.00       2.09 r
  U1954/Y (NOR2XL)                                        0.22       2.31 f
  U1951/A (INVX1)                                         0.00       2.31 f
  U1951/Y (INVX1)                                         0.50       2.81 r
  U1817/A (INVX1)                                         0.00       2.81 r
  U1817/Y (INVX1)                                         0.57       3.38 f
  U2205/A1 (AOI22XL)                                      0.00       3.38 f
  U2205/Y (AOI22XL)                                       0.47       3.85 r
  U1717/C0 (OAI221X4)                                     0.00       3.85 r
  U1717/Y (OAI221X4)                                      0.51       4.36 f
  U3044/A (NAND2X1)                                       0.00       4.36 f
  U3044/Y (NAND2X1)                                       0.28       4.64 r
  U3043/A (INVX1)                                         0.00       4.64 r
  U3043/Y (INVX1)                                         0.28       4.92 f
  U3042/A0 (AOI31X1)                                      0.00       4.92 f
  U3042/Y (AOI31X1)                                       0.45       5.37 r
  U3041/A (INVX1)                                         0.00       5.37 r
  U3041/Y (INVX1)                                         0.46       5.83 f
  U1812/A (NOR2X2)                                        0.00       5.83 f
  U1812/Y (NOR2X2)                                        0.48       6.31 r
  U2906/C1 (AOI222X1)                                     0.00       6.31 r
  U2906/Y (AOI222X1)                                      0.27       6.59 f
  U2068/B (MXI2XL)                                        0.00       6.59 f
  U2068/Y (MXI2XL)                                        0.91       7.49 r
  U1723/A (XOR2XL)                                        0.00       7.49 r
  U1723/Y (XOR2XL)                                        0.92       8.41 r
  add_0_root_add_0_root_add_186_2/U1_3/B (ADDFHX2)        0.00       8.41 r
  add_0_root_add_0_root_add_186_2/U1_3/CO (ADDFHX2)       0.39       8.80 r
  add_0_root_add_0_root_add_186_2/U1_4/CI (ADDFHX2)       0.00       8.80 r
  add_0_root_add_0_root_add_186_2/U1_4/CO (ADDFHX2)       0.36       9.16 r
  U2008/A (AND2X4)                                        0.00       9.16 r
  U2008/Y (AND2X4)                                        0.24       9.40 r
  U1714/B (XOR2X4)                                        0.00       9.40 r
  U1714/Y (XOR2X4)                                        0.31       9.71 r
  U1716/A (INVX2)                                         0.00       9.71 r
  U1716/Y (INVX2)                                         0.11       9.82 f
  U3104/A (NOR2X1)                                        0.00       9.82 f
  U3104/Y (NOR2X1)                                        1.16      10.98 r
  U2013/A (AND2X2)                                        0.00      10.98 r
  U2013/Y (AND2X2)                                        0.42      11.40 r
  U1775/A (INVX1)                                         0.00      11.40 r
  U1775/Y (INVX1)                                         0.12      11.52 f
  U1774/A (INVX1)                                         0.00      11.52 f
  U1774/Y (INVX1)                                         1.04      12.56 r
  U3053/A0 (AOI22X1)                                      0.00      12.56 r
  U3053/Y (AOI22X1)                                       0.26      12.82 f
  U3052/A (NAND4X1)                                       0.00      12.82 f
  U3052/Y (NAND4X1)                                       0.25      13.06 r
  U3046/A (OR4X1)                                         0.00      13.06 r
  U3046/Y (OR4X1)                                         0.26      13.33 r
  U1820/B1 (AOI22X1)                                      0.00      13.33 r
  U1820/Y (AOI22X1)                                       0.18      13.50 f
  U2203/C0 (OAI221X4)                                     0.00      13.50 f
  U2203/Y (OAI221X4)                                      0.50      14.00 r
  U3034/A (NAND2X1)                                       0.00      14.00 r
  U3034/Y (NAND2X1)                                       0.36      14.37 f
  U2998/A1 (AOI22X1)                                      0.00      14.37 f
  U2998/Y (AOI22X1)                                       0.38      14.75 r
  U2997/C (NAND3X1)                                       0.00      14.75 r
  U2997/Y (NAND3X1)                                       0.43      15.18 f
  U2975/A (NOR2X1)                                        0.00      15.18 f
  U2975/Y (NOR2X1)                                        0.53      15.71 r
  U1819/A (CLKINVX3)                                      0.00      15.71 r
  U1819/Y (CLKINVX3)                                      0.37      16.08 f
  U1833/A (NOR2X2)                                        0.00      16.08 f
  U1833/Y (NOR2X2)                                        0.42      16.50 r
  U2974/A (INVX1)                                         0.00      16.50 r
  U2974/Y (INVX1)                                         0.41      16.91 f
  U2956/A (NOR2X1)                                        0.00      16.91 f
  U2956/Y (NOR2X1)                                        0.59      17.50 r
  U1838/AN (NAND2BX1)                                     0.00      17.50 r
  U1838/Y (NAND2BX1)                                      0.68      18.17 r
  U2148/A (INVXL)                                         0.00      18.17 r
  U2148/Y (INVXL)                                         0.21      18.38 f
  U2149/A (INVXL)                                         0.00      18.38 f
  U2149/Y (INVXL)                                         1.11      19.49 r
  U2881/A1N (OAI2BB2X1)                                   0.00      19.49 r
  U2881/Y (OAI2BB2X1)                                     0.37      19.87 r
  selected_config_q_reg[10]/D (DFFXL)                     0.00      19.87 r
  data arrival time                                                 19.87

  clock recam_clk (rise edge)                            20.00      20.00
  clock network delay (ideal)                             0.00      20.00
  selected_config_q_reg[10]/CK (DFFXL)                    0.00      20.00 r
  library setup time                                     -0.11      19.89
  data required time                                                19.89
  --------------------------------------------------------------------------
  data required time                                                19.89
  data arrival time                                                -19.87
  --------------------------------------------------------------------------
  slack (MET)                                                        0.02


  Startpoint: depth_q_reg[0]
              (rising edge-triggered flip-flop clocked by recam_clk)
  Endpoint: selected_donor_q_reg[7]
            (rising edge-triggered flip-flop clocked by recam_clk)
  Path Group: recam_clk
  Path Type: max

  Des/Clust/Port     Wire Load Model       Library
  ------------------------------------------------
  recam_dss_canonical_global_noscratch_core
                     tsmc18_wl10           slow

  Point                                                   Incr       Path
  --------------------------------------------------------------------------
  clock recam_clk (rise edge)                             0.00       0.00
  clock network delay (ideal)                             0.00       0.00
  depth_q_reg[0]/CK (DFFXL)                               0.00       0.00 r
  depth_q_reg[0]/QN (DFFXL)                               1.11       1.11 r
  U1821/A (INVX2)                                         0.00       1.11 r
  U1821/Y (INVX2)                                         0.44       1.55 f
  U3123/A (INVX1)                                         0.00       1.55 f
  U3123/Y (INVX1)                                         0.54       2.09 r
  U1954/A (NOR2XL)                                        0.00       2.09 r
  U1954/Y (NOR2XL)                                        0.22       2.31 f
  U1951/A (INVX1)                                         0.00       2.31 f
  U1951/Y (INVX1)                                         0.50       2.81 r
  U1817/A (INVX1)                                         0.00       2.81 r
  U1817/Y (INVX1)                                         0.57       3.38 f
  U2205/A1 (AOI22XL)                                      0.00       3.38 f
  U2205/Y (AOI22XL)                                       0.47       3.85 r
  U1717/C0 (OAI221X4)                                     0.00       3.85 r
  U1717/Y (OAI221X4)                                      0.51       4.36 f
  U3044/A (NAND2X1)                                       0.00       4.36 f
  U3044/Y (NAND2X1)                                       0.28       4.64 r
  U3043/A (INVX1)                                         0.00       4.64 r
  U3043/Y (INVX1)                                         0.28       4.92 f
  U3042/A0 (AOI31X1)                                      0.00       4.92 f
  U3042/Y (AOI31X1)                                       0.45       5.37 r
  U3041/A (INVX1)                                         0.00       5.37 r
  U3041/Y (INVX1)                                         0.46       5.83 f
  U1812/A (NOR2X2)                                        0.00       5.83 f
  U1812/Y (NOR2X2)                                        0.48       6.31 r
  U2906/C1 (AOI222X1)                                     0.00       6.31 r
  U2906/Y (AOI222X1)                                      0.27       6.59 f
  U2068/B (MXI2XL)                                        0.00       6.59 f
  U2068/Y (MXI2XL)                                        0.91       7.49 r
  U1723/A (XOR2XL)                                        0.00       7.49 r
  U1723/Y (XOR2XL)                                        0.92       8.41 r
  add_0_root_add_0_root_add_186_2/U1_3/B (ADDFHX2)        0.00       8.41 r
  add_0_root_add_0_root_add_186_2/U1_3/CO (ADDFHX2)       0.39       8.80 r
  add_0_root_add_0_root_add_186_2/U1_4/CI (ADDFHX2)       0.00       8.80 r
  add_0_root_add_0_root_add_186_2/U1_4/CO (ADDFHX2)       0.36       9.16 r
  U2008/A (AND2X4)                                        0.00       9.16 r
  U2008/Y (AND2X4)                                        0.24       9.40 r
  U1714/B (XOR2X4)                                        0.00       9.40 r
  U1714/Y (XOR2X4)                                        0.31       9.71 r
  U1716/A (INVX2)                                         0.00       9.71 r
  U1716/Y (INVX2)                                         0.11       9.82 f
  U3104/A (NOR2X1)                                        0.00       9.82 f
  U3104/Y (NOR2X1)                                        1.16      10.98 r
  U2013/A (AND2X2)                                        0.00      10.98 r
  U2013/Y (AND2X2)                                        0.42      11.40 r
  U1775/A (INVX1)                                         0.00      11.40 r
  U1775/Y (INVX1)                                         0.12      11.52 f
  U1774/A (INVX1)                                         0.00      11.52 f
  U1774/Y (INVX1)                                         1.04      12.56 r
  U3053/A0 (AOI22X1)                                      0.00      12.56 r
  U3053/Y (AOI22X1)                                       0.26      12.82 f
  U3052/A (NAND4X1)                                       0.00      12.82 f
  U3052/Y (NAND4X1)                                       0.25      13.06 r
  U3046/A (OR4X1)                                         0.00      13.06 r
  U3046/Y (OR4X1)                                         0.26      13.33 r
  U1820/B1 (AOI22X1)                                      0.00      13.33 r
  U1820/Y (AOI22X1)                                       0.18      13.50 f
  U2203/C0 (OAI221X4)                                     0.00      13.50 f
  U2203/Y (OAI221X4)                                      0.50      14.00 r
  U3034/A (NAND2X1)                                       0.00      14.00 r
  U3034/Y (NAND2X1)                                       0.36      14.37 f
  U2998/A1 (AOI22X1)                                      0.00      14.37 f
  U2998/Y (AOI22X1)                                       0.38      14.75 r
  U2997/C (NAND3X1)                                       0.00      14.75 r
  U2997/Y (NAND3X1)                                       0.43      15.18 f
  U2975/A (NOR2X1)                                        0.00      15.18 f
  U2975/Y (NOR2X1)                                        0.53      15.71 r
  U1819/A (CLKINVX3)                                      0.00      15.71 r
  U1819/Y (CLKINVX3)                                      0.37      16.08 f
  U1833/A (NOR2X2)                                        0.00      16.08 f
  U1833/Y (NOR2X2)                                        0.42      16.50 r
  U2974/A (INVX1)                                         0.00      16.50 r
  U2974/Y (INVX1)                                         0.41      16.91 f
  U2956/A (NOR2X1)                                        0.00      16.91 f
  U2956/Y (NOR2X1)                                        0.59      17.50 r
  U1838/AN (NAND2BX1)                                     0.00      17.50 r
  U1838/Y (NAND2BX1)                                      0.68      18.17 r
  U2148/A (INVXL)                                         0.00      18.17 r
  U2148/Y (INVXL)                                         0.21      18.38 f
  U2149/A (INVXL)                                         0.00      18.38 f
  U2149/Y (INVXL)                                         1.11      19.49 r
  U2925/A1N (OAI2BB1X1)                                   0.00      19.49 r
  U2925/Y (OAI2BB1X1)                                     0.37      19.86 r
  selected_donor_q_reg[7]/D (DFFXL)                       0.00      19.86 r
  data arrival time                                                 19.86

  clock recam_clk (rise edge)                            20.00      20.00
  clock network delay (ideal)                             0.00      20.00
  selected_donor_q_reg[7]/CK (DFFXL)                      0.00      20.00 r
  library setup time                                     -0.11      19.89
  data required time                                                19.89
  --------------------------------------------------------------------------
  data required time                                                19.89
  data arrival time                                                -19.86
  --------------------------------------------------------------------------
  slack (MET)                                                        0.03


  Startpoint: depth_q_reg[0]
              (rising edge-triggered flip-flop clocked by recam_clk)
  Endpoint: selected_donor_q_reg[6]
            (rising edge-triggered flip-flop clocked by recam_clk)
  Path Group: recam_clk
  Path Type: max

  Des/Clust/Port     Wire Load Model       Library
  ------------------------------------------------
  recam_dss_canonical_global_noscratch_core
                     tsmc18_wl10           slow

  Point                                                   Incr       Path
  --------------------------------------------------------------------------
  clock recam_clk (rise edge)                             0.00       0.00
  clock network delay (ideal)                             0.00       0.00
  depth_q_reg[0]/CK (DFFXL)                               0.00       0.00 r
  depth_q_reg[0]/QN (DFFXL)                               1.11       1.11 r
  U1821/A (INVX2)                                         0.00       1.11 r
  U1821/Y (INVX2)                                         0.44       1.55 f
  U3123/A (INVX1)                                         0.00       1.55 f
  U3123/Y (INVX1)                                         0.54       2.09 r
  U1954/A (NOR2XL)                                        0.00       2.09 r
  U1954/Y (NOR2XL)                                        0.22       2.31 f
  U1951/A (INVX1)                                         0.00       2.31 f
  U1951/Y (INVX1)                                         0.50       2.81 r
  U1817/A (INVX1)                                         0.00       2.81 r
  U1817/Y (INVX1)                                         0.57       3.38 f
  U2205/A1 (AOI22XL)                                      0.00       3.38 f
  U2205/Y (AOI22XL)                                       0.47       3.85 r
  U1717/C0 (OAI221X4)                                     0.00       3.85 r
  U1717/Y (OAI221X4)                                      0.51       4.36 f
  U3044/A (NAND2X1)                                       0.00       4.36 f
  U3044/Y (NAND2X1)                                       0.28       4.64 r
  U3043/A (INVX1)                                         0.00       4.64 r
  U3043/Y (INVX1)                                         0.28       4.92 f
  U3042/A0 (AOI31X1)                                      0.00       4.92 f
  U3042/Y (AOI31X1)                                       0.45       5.37 r
  U3041/A (INVX1)                                         0.00       5.37 r
  U3041/Y (INVX1)                                         0.46       5.83 f
  U1812/A (NOR2X2)                                        0.00       5.83 f
  U1812/Y (NOR2X2)                                        0.48       6.31 r
  U2906/C1 (AOI222X1)                                     0.00       6.31 r
  U2906/Y (AOI222X1)                                      0.27       6.59 f
  U2068/B (MXI2XL)                                        0.00       6.59 f
  U2068/Y (MXI2XL)                                        0.91       7.49 r
  U1723/A (XOR2XL)                                        0.00       7.49 r
  U1723/Y (XOR2XL)                                        0.92       8.41 r
  add_0_root_add_0_root_add_186_2/U1_3/B (ADDFHX2)        0.00       8.41 r
  add_0_root_add_0_root_add_186_2/U1_3/CO (ADDFHX2)       0.39       8.80 r
  add_0_root_add_0_root_add_186_2/U1_4/CI (ADDFHX2)       0.00       8.80 r
  add_0_root_add_0_root_add_186_2/U1_4/CO (ADDFHX2)       0.36       9.16 r
  U2008/A (AND2X4)                                        0.00       9.16 r
  U2008/Y (AND2X4)                                        0.24       9.40 r
  U1714/B (XOR2X4)                                        0.00       9.40 r
  U1714/Y (XOR2X4)                                        0.31       9.71 r
  U1716/A (INVX2)                                         0.00       9.71 r
  U1716/Y (INVX2)                                         0.11       9.82 f
  U3104/A (NOR2X1)                                        0.00       9.82 f
  U3104/Y (NOR2X1)                                        1.16      10.98 r
  U2013/A (AND2X2)                                        0.00      10.98 r
  U2013/Y (AND2X2)                                        0.42      11.40 r
  U1775/A (INVX1)                                         0.00      11.40 r
  U1775/Y (INVX1)                                         0.12      11.52 f
  U1774/A (INVX1)                                         0.00      11.52 f
  U1774/Y (INVX1)                                         1.04      12.56 r
  U3053/A0 (AOI22X1)                                      0.00      12.56 r
  U3053/Y (AOI22X1)                                       0.26      12.82 f
  U3052/A (NAND4X1)                                       0.00      12.82 f
  U3052/Y (NAND4X1)                                       0.25      13.06 r
  U3046/A (OR4X1)                                         0.00      13.06 r
  U3046/Y (OR4X1)                                         0.26      13.33 r
  U1820/B1 (AOI22X1)                                      0.00      13.33 r
  U1820/Y (AOI22X1)                                       0.18      13.50 f
  U2203/C0 (OAI221X4)                                     0.00      13.50 f
  U2203/Y (OAI221X4)                                      0.50      14.00 r
  U3034/A (NAND2X1)                                       0.00      14.00 r
  U3034/Y (NAND2X1)                                       0.36      14.37 f
  U2998/A1 (AOI22X1)                                      0.00      14.37 f
  U2998/Y (AOI22X1)                                       0.38      14.75 r
  U2997/C (NAND3X1)                                       0.00      14.75 r
  U2997/Y (NAND3X1)                                       0.43      15.18 f
  U2975/A (NOR2X1)                                        0.00      15.18 f
  U2975/Y (NOR2X1)                                        0.53      15.71 r
  U1819/A (CLKINVX3)                                      0.00      15.71 r
  U1819/Y (CLKINVX3)                                      0.37      16.08 f
  U1833/A (NOR2X2)                                        0.00      16.08 f
  U1833/Y (NOR2X2)                                        0.42      16.50 r
  U2974/A (INVX1)                                         0.00      16.50 r
  U2974/Y (INVX1)                                         0.41      16.91 f
  U2956/A (NOR2X1)                                        0.00      16.91 f
  U2956/Y (NOR2X1)                                        0.59      17.50 r
  U1838/AN (NAND2BX1)                                     0.00      17.50 r
  U1838/Y (NAND2BX1)                                      0.68      18.17 r
  U2148/A (INVXL)                                         0.00      18.17 r
  U2148/Y (INVXL)                                         0.21      18.38 f
  U2149/A (INVXL)                                         0.00      18.38 f
  U2149/Y (INVXL)                                         1.11      19.49 r
  U2924/A1N (OAI2BB1X1)                                   0.00      19.49 r
  U2924/Y (OAI2BB1X1)                                     0.37      19.86 r
  selected_donor_q_reg[6]/D (DFFXL)                       0.00      19.86 r
  data arrival time                                                 19.86

  clock recam_clk (rise edge)                            20.00      20.00
  clock network delay (ideal)                             0.00      20.00
  selected_donor_q_reg[6]/CK (DFFXL)                      0.00      20.00 r
  library setup time                                     -0.11      19.89
  data required time                                                19.89
  --------------------------------------------------------------------------
  data required time                                                19.89
  data arrival time                                                -19.86
  --------------------------------------------------------------------------
  slack (MET)                                                        0.03


  Startpoint: depth_q_reg[0]
              (rising edge-triggered flip-flop clocked by recam_clk)
  Endpoint: selected_pattern_q_reg[4]
            (rising edge-triggered flip-flop clocked by recam_clk)
  Path Group: recam_clk
  Path Type: max

  Des/Clust/Port     Wire Load Model       Library
  ------------------------------------------------
  recam_dss_canonical_global_noscratch_core
                     tsmc18_wl10           slow

  Point                                                   Incr       Path
  --------------------------------------------------------------------------
  clock recam_clk (rise edge)                             0.00       0.00
  clock network delay (ideal)                             0.00       0.00
  depth_q_reg[0]/CK (DFFXL)                               0.00       0.00 r
  depth_q_reg[0]/QN (DFFXL)                               1.11       1.11 r
  U1821/A (INVX2)                                         0.00       1.11 r
  U1821/Y (INVX2)                                         0.44       1.55 f
  U3123/A (INVX1)                                         0.00       1.55 f
  U3123/Y (INVX1)                                         0.54       2.09 r
  U1954/A (NOR2XL)                                        0.00       2.09 r
  U1954/Y (NOR2XL)                                        0.22       2.31 f
  U1951/A (INVX1)                                         0.00       2.31 f
  U1951/Y (INVX1)                                         0.50       2.81 r
  U1817/A (INVX1)                                         0.00       2.81 r
  U1817/Y (INVX1)                                         0.57       3.38 f
  U2205/A1 (AOI22XL)                                      0.00       3.38 f
  U2205/Y (AOI22XL)                                       0.47       3.85 r
  U1717/C0 (OAI221X4)                                     0.00       3.85 r
  U1717/Y (OAI221X4)                                      0.51       4.36 f
  U3044/A (NAND2X1)                                       0.00       4.36 f
  U3044/Y (NAND2X1)                                       0.28       4.64 r
  U3043/A (INVX1)                                         0.00       4.64 r
  U3043/Y (INVX1)                                         0.28       4.92 f
  U3042/A0 (AOI31X1)                                      0.00       4.92 f
  U3042/Y (AOI31X1)                                       0.45       5.37 r
  U3041/A (INVX1)                                         0.00       5.37 r
  U3041/Y (INVX1)                                         0.46       5.83 f
  U1812/A (NOR2X2)                                        0.00       5.83 f
  U1812/Y (NOR2X2)                                        0.48       6.31 r
  U2906/C1 (AOI222X1)                                     0.00       6.31 r
  U2906/Y (AOI222X1)                                      0.27       6.59 f
  U2068/B (MXI2XL)                                        0.00       6.59 f
  U2068/Y (MXI2XL)                                        0.91       7.49 r
  U1723/A (XOR2XL)                                        0.00       7.49 r
  U1723/Y (XOR2XL)                                        0.92       8.41 r
  add_0_root_add_0_root_add_186_2/U1_3/B (ADDFHX2)        0.00       8.41 r
  add_0_root_add_0_root_add_186_2/U1_3/CO (ADDFHX2)       0.39       8.80 r
  add_0_root_add_0_root_add_186_2/U1_4/CI (ADDFHX2)       0.00       8.80 r
  add_0_root_add_0_root_add_186_2/U1_4/CO (ADDFHX2)       0.36       9.16 r
  U2008/A (AND2X4)                                        0.00       9.16 r
  U2008/Y (AND2X4)                                        0.24       9.40 r
  U1714/B (XOR2X4)                                        0.00       9.40 r
  U1714/Y (XOR2X4)                                        0.31       9.71 r
  U1716/A (INVX2)                                         0.00       9.71 r
  U1716/Y (INVX2)                                         0.11       9.82 f
  U3104/A (NOR2X1)                                        0.00       9.82 f
  U3104/Y (NOR2X1)                                        1.16      10.98 r
  U2013/A (AND2X2)                                        0.00      10.98 r
  U2013/Y (AND2X2)                                        0.42      11.40 r
  U1775/A (INVX1)                                         0.00      11.40 r
  U1775/Y (INVX1)                                         0.12      11.52 f
  U1774/A (INVX1)                                         0.00      11.52 f
  U1774/Y (INVX1)                                         1.04      12.56 r
  U3053/A0 (AOI22X1)                                      0.00      12.56 r
  U3053/Y (AOI22X1)                                       0.26      12.82 f
  U3052/A (NAND4X1)                                       0.00      12.82 f
  U3052/Y (NAND4X1)                                       0.25      13.06 r
  U3046/A (OR4X1)                                         0.00      13.06 r
  U3046/Y (OR4X1)                                         0.26      13.33 r
  U1820/B1 (AOI22X1)                                      0.00      13.33 r
  U1820/Y (AOI22X1)                                       0.18      13.50 f
  U2203/C0 (OAI221X4)                                     0.00      13.50 f
  U2203/Y (OAI221X4)                                      0.50      14.00 r
  U3034/A (NAND2X1)                                       0.00      14.00 r
  U3034/Y (NAND2X1)                                       0.36      14.37 f
  U2998/A1 (AOI22X1)                                      0.00      14.37 f
  U2998/Y (AOI22X1)                                       0.38      14.75 r
  U2997/C (NAND3X1)                                       0.00      14.75 r
  U2997/Y (NAND3X1)                                       0.43      15.18 f
  U2975/A (NOR2X1)                                        0.00      15.18 f
  U2975/Y (NOR2X1)                                        0.53      15.71 r
  U1819/A (CLKINVX3)                                      0.00      15.71 r
  U1819/Y (CLKINVX3)                                      0.37      16.08 f
  U1833/A (NOR2X2)                                        0.00      16.08 f
  U1833/Y (NOR2X2)                                        0.42      16.50 r
  U2974/A (INVX1)                                         0.00      16.50 r
  U2974/Y (INVX1)                                         0.41      16.91 f
  U2935/A1 (OAI21XL)                                      0.00      16.91 f
  U2935/Y (OAI21XL)                                       0.92      17.83 r
  U2031/A (INVX1)                                         0.00      17.83 r
  U2031/Y (INVX1)                                         0.59      18.42 f
  U1847/A (INVX1)                                         0.00      18.42 f
  U1847/Y (INVX1)                                         1.01      19.43 r
  U2891/A1N (OAI2BB2X1)                                   0.00      19.43 r
  U2891/Y (OAI2BB2X1)                                     0.37      19.80 r
  selected_pattern_q_reg[4]/D (DFFXL)                     0.00      19.80 r
  data arrival time                                                 19.80

  clock recam_clk (rise edge)                            20.00      20.00
  clock network delay (ideal)                             0.00      20.00
  selected_pattern_q_reg[4]/CK (DFFXL)                    0.00      20.00 r
  library setup time                                     -0.12      19.88
  data required time                                                19.88
  --------------------------------------------------------------------------
  data required time                                                19.88
  data arrival time                                                -19.80
  --------------------------------------------------------------------------
  slack (MET)                                                        0.08


1
