 
****************************************
Report : area
Design : recam_2r2c_analyzer
Version: W-2024.09-SP2
Date   : Thu Sep 10 03:28:13 2026
****************************************

Library(s) Used:

    slow (File: /cad/std_libraries/CBDK_TSMC018_Arm_f1.0/CIC/SynopsysDC/db/slow.db)

Number of ports:                          201
Number of nets:                          2222
Number of cells:                         2048
Number of combinational cells:           2047
Number of sequential cells:                 0
Number of macros/black boxes:               0
Number of buf/inv:                        458
Number of references:                     101

Combinational area:              34105.579462
Buf/Inv area:                     3336.379244
Noncombinational area:               0.000000
Macro/Black Box area:                0.000000
Net Interconnect area:          212894.400696

Total cell area:                 34105.579462
Total area:                     246999.980158

Hierarchical area distribution
------------------------------

                                  Global cell area            Local cell area
                                  -------------------  ----------------------------- 
Hierarchical cell                 Absolute    Percent  Combi-      Noncombi-  Black-
                                  Total       Total    national    national   boxes   Design
--------------------------------  ----------  -------  ----------  ---------  ------  ---------
recam_2r2c_analyzer               34105.5795    100.0  34105.5795     0.0000  0.0000  recam_2r2c_analyzer
--------------------------------  ----------  -------  ----------  ---------  ------  ---------
Total                                                  34105.5795     0.0000  0.0000

1
