 
****************************************
Report : qor
Design : recam_2r2c_analyzer
Version: W-2024.09-SP2
Date   : Thu Sep 10 03:28:14 2026
****************************************


  Timing Path Group 'recam_boundary_clk'
  -----------------------------------
  Levels of Logic:              67.00
  Critical Path Length:         20.00
  Critical Path Slack:           0.00
  Critical Path Clk Period:     20.00
  Total Negative Slack:          0.00
  No. of Violating Paths:        0.00
  Worst Hold Violation:          0.00
  Total Hold Violation:          0.00
  No. of Hold Violations:        0.00
  -----------------------------------


  Cell Count
  -----------------------------------
  Hierarchical Cell Count:          0
  Hierarchical Port Count:          0
  Leaf Cell Count:               2047
  Buf/Inv Cell Count:             458
  Buf Cell Count:                  20
  Inv Cell Count:                 438
  CT Buf/Inv Cell Count:            0
  Combinational Cell Count:      2047
  Sequential Cell Count:            0
  Macro Count:                      0
  -----------------------------------


  Area
  -----------------------------------
  Combinational Area:    34105.579462
  Noncombinational Area:     0.000000
  Buf/Inv Area:           3336.379244
  Total Buffer Area:           296.05
  Total Inverter Area:        3040.33
  Macro/Black Box Area:      0.000000
  Net Area:             212894.400696
  -----------------------------------
  Cell Area:             34105.579462
  Design Area:          246999.980158


  Design Rules
  -----------------------------------
  Total Number of Nets:          2222
  Nets With Violations:             0
  Max Trans Violations:             0
  Max Cap Violations:               0
  -----------------------------------


  Hostname: Kaohsiung

  Compile CPU Statistics
  -----------------------------------------
  Resource Sharing:                    0.81
  Logic Optimization:                  2.30
  Mapping Optimization:                1.28
  -----------------------------------------
  Overall Compile Time:               12.35
  Overall Compile Wall Clock Time:    12.75

  --------------------------------------------------------------------

  Design  WNS: 0.00  TNS: 0.00  Number of Violating Paths: 0


  Design (Hold)  WNS: 0.00  TNS: 0.00  Number of Violating Paths: 0

  --------------------------------------------------------------------


1
