 
****************************************
Report : reference
Design : recam_2r2c_analyzer
Version: W-2024.09-SP2
Date   : Thu Sep 10 03:28:13 2026
****************************************

Attributes:
    b - black box (unknown)
   bo - allows boundary optimization
    d - dont_touch
   mo - map_only
    h - hierarchical
    n - noncombinational
    r - removable
    s - synthetic operator
    u - contains unmapped logic

Reference          Library       Unit Area   Count    Total Area   Attributes
-----------------------------------------------------------------------------
AND2X1             slow          13.305600      12    159.667202  
AND2X2             slow          13.305600      16    212.889603  
AND2X4             slow          16.632000       8    133.056000  
AND2XL             slow          13.305600       8    106.444801  
AND3X1             slow          16.632000       1     16.632000  
AND3X2             slow          16.632000       1     16.632000  
AND3X4             slow          19.958401       5     99.792004  
AND3XL             slow          16.632000       3     49.896000  
AND4X2             slow          19.958401       3     59.875202  
AOI2BB1X1          slow          16.632000      11    182.952000  
AOI2BB1X2          slow          23.284800       9    209.563196  
AOI2BB1X4          slow          36.590401       1     36.590401  
AOI2BB1XL          slow          16.632000      16    266.112000  
AOI2BB2X1          slow          23.284800      29    675.259188  
AOI2BB2X2          slow          29.937599       1     29.937599  
AOI2BB2X4          slow          49.896000      12    598.751999  
AOI2BB2XL          slow          23.284800       3     69.854399  
AOI21X1            slow          13.305600      18    239.500803  
AOI21X2            slow          23.284800       1     23.284800  
AOI21X4            slow          33.264000       1     33.264000  
AOI21XL            slow          13.305600      44    585.446407  
AOI22X1            slow          16.632000      19    316.007999  
AOI22XL            slow          16.632000      13    216.216000  
AOI211X1           slow          16.632000       3     49.896000  
AOI211XL           slow          16.632000       4     66.528000  
BUFX1              slow          13.305600       2     26.611200  
BUFX2              slow          13.305600       3     39.916800  
BUFX3              slow          13.305600      10    133.056002  
BUFX4              slow          16.632000       3     49.896000  
CLKBUFX8           slow          23.284800       2     46.569599  
CLKINVX2           slow           9.979200       1      9.979200  
CLKINVX3           slow           9.979200       6     59.875202  
INVX1              slow           6.652800     140    931.392012  
INVX2              slow           9.979200       5     49.896002  
INVX3              slow          13.305600       1     13.305600  
INVX4              slow          13.305600       6     79.833601  
INVX8              slow          19.958401       3     59.875202  
INVXL              slow           6.652800     276   1836.172823  
MX2X1              slow          26.611200       1     26.611200  
MXI2X1             slow          23.284800     159   3702.283133  
MXI2X2             slow          26.611200      24    638.668808  
MXI2XL             slow          23.284800       1     23.284800  
NAND2BX1           slow          13.305600       2     26.611200  
NAND2BX2           slow          19.958401       3     59.875202  
NAND2BX4           slow          26.611200       6    159.667202  
NAND2BXL           slow          13.305600       7     93.139201  
NAND2X1            slow           9.979200      86    858.211231  
NAND2X2            slow          16.632000      36    598.751999  
NAND2X4            slow          23.284800      19    442.411192  
NAND2XL            slow           9.979200      93    928.065634  
NAND3BX1           slow          16.632000       1     16.632000  
NAND3BX2           slow          26.611200       1     26.611200  
NAND3BX4           slow          36.590401       3    109.771202  
NAND3BXL           slow          16.632000       1     16.632000  
NAND3X1            slow          13.305600      12    159.667202  
NAND3X2            slow          23.284800       2     46.569599  
NAND3X4            slow          33.264000       2     66.528000  
NAND3XL            slow          13.305600      22    292.723204  
NAND4BBX1          slow          26.611200       1     26.611200  
NAND4BBX2          slow          36.590401       2     73.180801  
NAND4BBX4          slow          63.201599       1     63.201599  
NAND4BBXL          slow          26.611200       1     26.611200  
NAND4BX2           slow          33.264000       2     66.528000  
NAND4BX4           slow          59.875198       4    239.500793  
NAND4BXL           slow          19.958401       2     39.916801  
NAND4X1            slow          16.632000      51    848.231998  
NAND4X2            slow          29.937599       6    179.625595  
NAND4X4            slow          56.548801       5    282.744007  
NAND4XL            slow          16.632000      30    498.959999  
NOR2BXL            slow          13.305600       4     53.222401  
NOR2X1             slow           9.979200      99    987.940836  
NOR2X2             slow          16.632000      16    266.112000  
NOR2X4             slow          23.284800       9    209.563196  
NOR2XL             slow           9.979200      36    359.251213  
NOR3X1             slow          13.305600       4     53.222401  
NOR3X2             slow          23.284800       4     93.139198  
NOR3X4             slow          33.264000       1     33.264000  
NOR3XL             slow          13.305600       2     26.611200  
OAI2BB1X1          slow          16.632000      20    332.639999  
OAI2BB1X2          slow          23.284800       2     46.569599  
OAI2BB1X4          slow          33.264000       2     66.528000  
OAI2BB1XL          slow          16.632000      10    166.320000  
OAI21X1            slow          16.632000       4     66.528000  
OAI21X2            slow          26.611200       6    159.667202  
OAI21X4            slow          36.590401      14    512.265610  
OAI21XL            slow          13.305600      86   1144.281614  
OAI22X1            slow          19.958401       4     79.833603  
OAI22X2            slow          29.937599       2     59.875198  
OAI22XL            slow          19.958401       1     19.958401  
OR2X1              slow          13.305600       1     13.305600  
OR2X2              slow          13.305600      15    199.584002  
OR2X4              slow          19.958401      16    319.334412  
OR2XL              slow          13.305600      23    306.028804  
OR3X2              slow          19.958401       2     39.916801  
OR3XL              slow          16.632000       3     49.896000  
OR4X2              slow          19.958401       1     19.958401  
XNOR2X1            slow          26.611200      12    319.334404  
XNOR2XL            slow          26.611200       2     53.222401  
XOR2X1             slow          26.611200     159   4231.180853  
XOR2X2             slow          33.264000       6    199.584000  
XOR2XL             slow          26.611200     195   5189.184065  
-----------------------------------------------------------------------------
Total 101 references                                34105.579462
1
