 
****************************************
Report : timing
        -path full
        -delay max
        -max_paths 10
Design : recam_2r2c_analyzer
Version: W-2024.09-SP2
Date   : Thu Sep 10 03:28:13 2026
****************************************

Operating Conditions: slow   Library: slow
Wire Load Model Mode: top

  Startpoint: hybrid_cols_flat_i[2]
              (input port clocked by recam_boundary_clk)
  Endpoint: repairable_o
            (output port clocked by recam_boundary_clk)
  Path Group: recam_boundary_clk
  Path Type: max

  Des/Clust/Port     Wire Load Model       Library
  ------------------------------------------------
  recam_2r2c_analyzer
                     tsmc18_wl10           slow

  Point                                    Incr       Path
  -----------------------------------------------------------
  clock recam_boundary_clk (rise edge)     0.00       0.00
  clock network delay (ideal)              0.00       0.00
  input external delay                     0.00       0.00 f
  hybrid_cols_flat_i[2] (in)               0.00       0.00 f
  U169/Y (INVX1)                           0.56       0.56 r
  U463/Y (AOI22X1)                         0.27       0.83 f
  U435/Y (NAND3XL)                         0.27       1.10 r
  U1437/Y (MX2X1)                          0.31       1.40 r
  U1050/Y (NOR2X1)                         0.11       1.51 f
  U182/Y (AND2X1)                          0.35       1.86 f
  U155/Y (NOR2X1)                          0.37       2.23 r
  U1441/Y (NAND2X4)                        0.21       2.44 f
  U1442/Y (NAND4BX4)                       0.31       2.76 r
  U1012/Y (OR2X4)                          0.32       3.07 r
  U1316/Y (MXI2X1)                         0.40       3.47 r
  U1450/Y (XOR2X1)                         0.37       3.84 f
  U140/Y (NOR2XL)                          0.52       4.36 r
  U1262/Y (NAND4BX4)                       0.34       4.70 f
  U299/Y (OAI21X4)                         0.20       4.90 r
  U1471/Y (NAND3BX4)                       0.36       5.26 r
  U1303/Y (NAND4BX2)                       0.57       5.83 r
  U1294/Y (BUFX3)                          0.30       6.12 r
  U1295/Y (MXI2X1)                         0.37       6.50 r
  U1531/Y (XOR2X1)                         0.47       6.96 r
  U855/Y (NAND2X1)                         0.15       7.11 f
  U1537/Y (NAND4BBX4)                      0.43       7.54 f
  U1549/Y (NAND2X4)                        0.31       7.85 r
  U846/Y (NAND4X2)                         0.23       8.07 f
  U1561/Y (NAND3X4)                        0.29       8.36 r
  U1599/Y (NOR2X4)                         0.14       8.50 f
  U110/Y (INVX1)                           0.29       8.78 r
  U108/Y (NAND2X1)                         0.34       9.12 f
  U785/Y (NOR2X2)                          0.36       9.48 r
  U1615/Y (NOR2X1)                         0.15       9.63 f
  U756/Y (NAND4X1)                         0.27       9.90 r
  U1619/Y (NOR2X2)                         0.12      10.02 f
  U1620/Y (NAND2BX4)                       0.21      10.23 r
  U290/Y (CLKINVX3)                        0.10      10.33 f
  U289/Y (NOR2X2)                          0.20      10.52 r
  U1635/Y (NAND2X4)                        0.15      10.68 f
  U1700/Y (NAND2X4)                        0.19      10.86 r
  U1701/Y (OR2X4)                          0.32      11.18 r
  U288/Y (MXI2X1)                          0.41      11.59 r
  U1702/Y (XOR2X1)                         0.47      12.06 r
  U1704/Y (NAND2X1)                        0.13      12.19 f
  U653/Y (NAND4BX2)                        0.42      12.61 f
  U1730/Y (NAND4X4)                        0.33      12.93 r
  U72/Y (INVX1)                            0.21      13.14 f
  U70/Y (NOR2X1)                           0.71      13.85 r
  U1732/Y (NAND2X2)                        0.22      14.07 f
  U1733/Y (AOI2BB1X4)                      0.35      14.42 f
  U339/Y (INVX4)                           0.19      14.61 r
  U550/Y (NAND4X1)                         0.24      14.85 f
  U1783/Y (NOR3X2)                         0.35      15.20 r
  U221/Y (INVX1)                           0.21      15.41 f
  U1260/Y (NAND3BX4)                       0.33      15.74 r
  U1840/Y (NAND4X4)                        0.22      15.96 f
  U52/Y (XOR2X1)                           0.58      16.54 r
  U1858/Y (OAI2BB1X4)                      0.34      16.89 r
  U512/Y (NAND2BX4)                        0.23      17.11 r
  U1263/Y (NAND4X4)                        0.32      17.43 f
  U1903/Y (NOR2X4)                         0.25      17.68 r
  U1904/Y (NAND2X4)                        0.17      17.85 f
  U40/Y (OR2X2)                            0.34      18.18 f
  U495/Y (AOI2BB1X2)                       0.30      18.48 f
  U1975/Y (OAI21X4)                        0.22      18.70 r
  U28/Y (INVXL)                            0.20      18.90 f
  U2030/Y (AND3X4)                         0.32      19.22 f
  U2032/Y (NOR3X4)                         0.32      19.54 r
  U2033/Y (INVX1)                          0.15      19.69 f
  U2034/Y (OR2X4)                          0.31      20.00 f
  repairable_o (out)                       0.00      20.00 f
  data arrival time                                  20.00

  clock recam_boundary_clk (rise edge)    20.00      20.00
  clock network delay (ideal)              0.00      20.00
  output external delay                    0.00      20.00
  data required time                                 20.00
  -----------------------------------------------------------
  data required time                                 20.00
  data arrival time                                 -20.00
  -----------------------------------------------------------
  slack (MET)                                         0.00


  Startpoint: pivot_valid_i[1]
              (input port clocked by recam_boundary_clk)
  Endpoint: pattern_id_o[0]
            (output port clocked by recam_boundary_clk)
  Path Group: recam_boundary_clk
  Path Type: max

  Des/Clust/Port     Wire Load Model       Library
  ------------------------------------------------
  recam_2r2c_analyzer
                     tsmc18_wl10           slow

  Point                                    Incr       Path
  -----------------------------------------------------------
  clock recam_boundary_clk (rise edge)     0.00       0.00
  clock network delay (ideal)              0.00       0.00
  input external delay                     0.00       0.00 f
  pivot_valid_i[1] (in)                    0.00       0.00 f
  U472/Y (XOR2X2)                          0.46       0.46 r
  U1173/Y (XOR2X2)                         0.27       0.74 f
  U157/Y (NAND2X2)                         0.20       0.94 r
  U156/Y (NAND2X2)                         0.39       1.33 f
  U1443/Y (AND2X4)                         0.45       1.78 f
  U190/Y (NAND2X1)                         0.58       2.36 r
  U1032/Y (INVX4)                          0.26       2.62 f
  U423/Y (BUFX3)                           0.38       3.00 f
  U1519/Y (AOI2BB2X1)                      0.47       3.47 r
  U992/Y (XOR2XL)                          0.51       3.98 r
  U191/Y (AND3X1)                          0.34       4.33 r
  U407/Y (NAND4X1)                         0.30       4.63 f
  U406/Y (AND3X4)                          0.30       4.93 f
  U1521/Y (OAI21X4)                        0.25       5.17 r
  U136/Y (INVXL)                           0.24       5.41 f
  U133/Y (NAND3X2)                         0.37       5.78 r
  U1562/Y (NOR2X4)                         0.13       5.91 f
  U403/Y (NAND2X2)                         0.17       6.08 r
  U1563/Y (BUFX3)                          0.34       6.42 r
  U1564/Y (MXI2X2)                         0.31       6.73 r
  U192/Y (XOR2XL)                          0.38       7.11 f
  U1568/Y (NOR2X1)                         0.25       7.36 r
  U1574/Y (NAND4X1)                        0.32       7.68 f
  U1597/Y (NAND4X2)                        0.45       8.13 r
  U383/Y (NAND2X2)                         0.17       8.30 f
  U1599/Y (NOR2X4)                         0.24       8.54 r
  U1312/Y (AND2X4)                         0.24       8.79 r
  U1313/Y (CLKINVX3)                       0.19       8.97 f
  U101/Y (MXI2X1)                          0.37       9.34 r
  U1609/Y (XOR2X1)                         0.47       9.82 r
  U1612/Y (NAND4X1)                        0.21      10.02 f
  U1620/Y (NAND2BX4)                       0.28      10.31 f
  U290/Y (CLKINVX3)                        0.09      10.40 r
  U289/Y (NOR2X2)                          0.09      10.49 f
  U1635/Y (NAND2X4)                        0.20      10.69 r
  U85/Y (NAND2BX2)                         0.30      10.99 r
  U1661/Y (OR2X4)                          0.38      11.38 r
  U1307/Y (MXI2X1)                         0.43      11.81 r
  U1668/Y (XOR2X1)                         0.47      12.28 r
  U1669/Y (NAND4X1)                        0.21      12.49 f
  U77/Y (NOR2X1)                           0.37      12.86 r
  U1678/Y (NAND2BX4)                       0.22      13.08 f
  U1699/Y (NAND2X4)                        0.25      13.33 r
  U1735/Y (NAND2BX4)                       0.27      13.59 r
  U345/Y (BUFX4)                           0.28      13.87 r
  U65/Y (AOI2BB2X2)                        0.37      14.24 r
  U1758/Y (XOR2X1)                         0.49      14.73 r
  U1759/Y (NOR2X2)                         0.12      14.85 f
  U1760/Y (NAND4BX4)                       0.27      15.12 r
  U1761/Y (OAI21X2)                        0.18      15.30 f
  U1260/Y (NAND3BX4)                       0.35      15.66 f
  U274/Y (INVX4)                           0.25      15.90 r
  U1804/Y (NAND2X4)                        0.15      16.05 f
  U228/Y (NOR2X2)                          0.22      16.27 r
  U46/Y (OAI21XL)                          0.29      16.56 f
  U1833/Y (NAND3X4)                        0.40      16.97 r
  U1839/Y (NAND4X4)                        0.37      17.34 f
  U266/Y (NAND2X2)                         0.34      17.68 r
  U498/Y (OR2X2)                           0.20      17.88 r
  U35/Y (AOI2BB1X1)                        0.42      18.30 r
  U2027/Y (OAI21X4)                        0.24      18.54 f
  U2028/Y (NOR2X2)                         0.27      18.81 r
  U2029/Y (AND3X4)                         0.38      19.19 r
  U225/Y (CLKINVX2)                        0.19      19.39 f
  U261/Y (AOI21X1)                         0.34      19.72 r
  U1389/Y (OAI21X2)                        0.27      19.99 f
  pattern_id_o[0] (out)                    0.00      19.99 f
  data arrival time                                  19.99

  clock recam_boundary_clk (rise edge)    20.00      20.00
  clock network delay (ideal)              0.00      20.00
  output external delay                    0.00      20.00
  data required time                                 20.00
  -----------------------------------------------------------
  data required time                                 20.00
  data arrival time                                 -19.99
  -----------------------------------------------------------
  slack (MET)                                         0.01


  Startpoint: pivot_valid_i[1]
              (input port clocked by recam_boundary_clk)
  Endpoint: pattern_id_o[2]
            (output port clocked by recam_boundary_clk)
  Path Group: recam_boundary_clk
  Path Type: max

  Des/Clust/Port     Wire Load Model       Library
  ------------------------------------------------
  recam_2r2c_analyzer
                     tsmc18_wl10           slow

  Point                                    Incr       Path
  -----------------------------------------------------------
  clock recam_boundary_clk (rise edge)     0.00       0.00
  clock network delay (ideal)              0.00       0.00
  input external delay                     0.00       0.00 f
  pivot_valid_i[1] (in)                    0.00       0.00 f
  U472/Y (XOR2X2)                          0.46       0.46 r
  U1173/Y (XOR2X2)                         0.27       0.74 f
  U157/Y (NAND2X2)                         0.20       0.94 r
  U156/Y (NAND2X2)                         0.39       1.33 f
  U1443/Y (AND2X4)                         0.45       1.78 f
  U190/Y (NAND2X1)                         0.58       2.36 r
  U1032/Y (INVX4)                          0.26       2.62 f
  U423/Y (BUFX3)                           0.38       3.00 f
  U1519/Y (AOI2BB2X1)                      0.47       3.47 r
  U992/Y (XOR2XL)                          0.51       3.98 r
  U191/Y (AND3X1)                          0.34       4.33 r
  U407/Y (NAND4X1)                         0.30       4.63 f
  U406/Y (AND3X4)                          0.30       4.93 f
  U1521/Y (OAI21X4)                        0.25       5.17 r
  U136/Y (INVXL)                           0.24       5.41 f
  U133/Y (NAND3X2)                         0.37       5.78 r
  U1562/Y (NOR2X4)                         0.13       5.91 f
  U403/Y (NAND2X2)                         0.17       6.08 r
  U1563/Y (BUFX3)                          0.34       6.42 r
  U1564/Y (MXI2X2)                         0.31       6.73 r
  U192/Y (XOR2XL)                          0.38       7.11 f
  U1568/Y (NOR2X1)                         0.25       7.36 r
  U1574/Y (NAND4X1)                        0.32       7.68 f
  U1597/Y (NAND4X2)                        0.45       8.13 r
  U383/Y (NAND2X2)                         0.17       8.30 f
  U1599/Y (NOR2X4)                         0.24       8.54 r
  U1312/Y (AND2X4)                         0.24       8.79 r
  U1313/Y (CLKINVX3)                       0.19       8.97 f
  U101/Y (MXI2X1)                          0.37       9.34 r
  U1609/Y (XOR2X1)                         0.47       9.82 r
  U1612/Y (NAND4X1)                        0.21      10.02 f
  U1620/Y (NAND2BX4)                       0.28      10.31 f
  U290/Y (CLKINVX3)                        0.09      10.40 r
  U289/Y (NOR2X2)                          0.09      10.49 f
  U1635/Y (NAND2X4)                        0.20      10.69 r
  U85/Y (NAND2BX2)                         0.30      10.99 r
  U1661/Y (OR2X4)                          0.38      11.38 r
  U1307/Y (MXI2X1)                         0.43      11.81 r
  U1668/Y (XOR2X1)                         0.47      12.28 r
  U1669/Y (NAND4X1)                        0.21      12.49 f
  U77/Y (NOR2X1)                           0.37      12.86 r
  U1678/Y (NAND2BX4)                       0.22      13.08 f
  U1699/Y (NAND2X4)                        0.25      13.33 r
  U1735/Y (NAND2BX4)                       0.27      13.59 r
  U345/Y (BUFX4)                           0.28      13.87 r
  U65/Y (AOI2BB2X2)                        0.37      14.24 r
  U1758/Y (XOR2X1)                         0.49      14.73 r
  U1759/Y (NOR2X2)                         0.12      14.85 f
  U1760/Y (NAND4BX4)                       0.27      15.12 r
  U1761/Y (OAI21X2)                        0.18      15.30 f
  U1260/Y (NAND3BX4)                       0.35      15.66 f
  U274/Y (INVX4)                           0.25      15.90 r
  U1804/Y (NAND2X4)                        0.15      16.05 f
  U228/Y (NOR2X2)                          0.22      16.27 r
  U269/Y (INVX1)                           0.12      16.39 f
  U267/Y (OAI21X1)                         0.24      16.63 r
  U1833/Y (NAND3X4)                        0.35      16.98 f
  U1839/Y (NAND4X4)                        0.41      17.39 r
  U1869/Y (NAND2X4)                        0.16      17.56 f
  U1875/Y (NAND3BX4)                       0.31      17.86 f
  U1876/Y (AOI2BB2X4)                      0.36      18.22 f
  U32/Y (OAI21X2)                          0.64      18.86 r
  U488/Y (NOR3X2)                          0.13      18.99 f
  U1943/Y (AND2X4)                         0.31      19.30 f
  U2031/Y (NOR2X4)                         0.21      19.52 r
  U484/Y (NAND2X2)                         0.18      19.69 f
  U2069/Y (NOR2X4)                         0.25      19.95 r
  pattern_id_o[2] (out)                    0.00      19.95 r
  data arrival time                                  19.95

  clock recam_boundary_clk (rise edge)    20.00      20.00
  clock network delay (ideal)              0.00      20.00
  output external delay                    0.00      20.00
  data required time                                 20.00
  -----------------------------------------------------------
  data required time                                 20.00
  data arrival time                                 -19.95
  -----------------------------------------------------------
  slack (MET)                                         0.05


  Startpoint: hybrid_cols_flat_i[2]
              (input port clocked by recam_boundary_clk)
  Endpoint: pattern_id_o[1]
            (output port clocked by recam_boundary_clk)
  Path Group: recam_boundary_clk
  Path Type: max

  Des/Clust/Port     Wire Load Model       Library
  ------------------------------------------------
  recam_2r2c_analyzer
                     tsmc18_wl10           slow

  Point                                    Incr       Path
  -----------------------------------------------------------
  clock recam_boundary_clk (rise edge)     0.00       0.00
  clock network delay (ideal)              0.00       0.00
  input external delay                     0.00       0.00 f
  hybrid_cols_flat_i[2] (in)               0.00       0.00 f
  U169/Y (INVX1)                           0.56       0.56 r
  U463/Y (AOI22X1)                         0.27       0.83 f
  U435/Y (NAND3XL)                         0.27       1.10 r
  U1437/Y (MX2X1)                          0.31       1.40 r
  U1050/Y (NOR2X1)                         0.11       1.51 f
  U182/Y (AND2X1)                          0.35       1.86 f
  U155/Y (NOR2X1)                          0.37       2.23 r
  U1441/Y (NAND2X4)                        0.21       2.44 f
  U1442/Y (NAND4BX4)                       0.31       2.76 r
  U1012/Y (OR2X4)                          0.32       3.07 r
  U1316/Y (MXI2X1)                         0.40       3.47 r
  U1450/Y (XOR2X1)                         0.37       3.84 f
  U140/Y (NOR2XL)                          0.52       4.36 r
  U1262/Y (NAND4BX4)                       0.34       4.70 f
  U299/Y (OAI21X4)                         0.20       4.90 r
  U1471/Y (NAND3BX4)                       0.36       5.26 r
  U1303/Y (NAND4BX2)                       0.57       5.83 r
  U1294/Y (BUFX3)                          0.30       6.12 r
  U1295/Y (MXI2X1)                         0.37       6.50 r
  U1531/Y (XOR2X1)                         0.47       6.96 r
  U855/Y (NAND2X1)                         0.15       7.11 f
  U1537/Y (NAND4BBX4)                      0.43       7.54 f
  U1549/Y (NAND2X4)                        0.31       7.85 r
  U846/Y (NAND4X2)                         0.23       8.07 f
  U1561/Y (NAND3X4)                        0.29       8.36 r
  U1599/Y (NOR2X4)                         0.14       8.50 f
  U110/Y (INVX1)                           0.29       8.78 r
  U108/Y (NAND2X1)                         0.34       9.12 f
  U785/Y (NOR2X2)                          0.36       9.48 r
  U1615/Y (NOR2X1)                         0.15       9.63 f
  U756/Y (NAND4X1)                         0.27       9.90 r
  U1619/Y (NOR2X2)                         0.12      10.02 f
  U1620/Y (NAND2BX4)                       0.21      10.23 r
  U290/Y (CLKINVX3)                        0.10      10.33 f
  U289/Y (NOR2X2)                          0.20      10.52 r
  U1635/Y (NAND2X4)                        0.15      10.68 f
  U1700/Y (NAND2X4)                        0.19      10.86 r
  U1701/Y (OR2X4)                          0.32      11.18 r
  U288/Y (MXI2X1)                          0.41      11.59 r
  U1702/Y (XOR2X1)                         0.47      12.06 r
  U1704/Y (NAND2X1)                        0.13      12.19 f
  U653/Y (NAND4BX2)                        0.42      12.61 f
  U1730/Y (NAND4X4)                        0.33      12.93 r
  U72/Y (INVX1)                            0.21      13.14 f
  U70/Y (NOR2X1)                           0.71      13.85 r
  U1732/Y (NAND2X2)                        0.22      14.07 f
  U1733/Y (AOI2BB1X4)                      0.35      14.42 f
  U339/Y (INVX4)                           0.19      14.61 r
  U550/Y (NAND4X1)                         0.24      14.85 f
  U1783/Y (NOR3X2)                         0.35      15.20 r
  U221/Y (INVX1)                           0.21      15.41 f
  U1260/Y (NAND3BX4)                       0.33      15.74 r
  U1840/Y (NAND4X4)                        0.22      15.96 f
  U52/Y (XOR2X1)                           0.58      16.54 r
  U1858/Y (OAI2BB1X4)                      0.34      16.89 r
  U512/Y (NAND2BX4)                        0.23      17.11 r
  U1263/Y (NAND4X4)                        0.32      17.43 f
  U1903/Y (NOR2X4)                         0.25      17.68 r
  U1904/Y (NAND2X4)                        0.17      17.85 f
  U1387/Y (OR2X2)                          0.33      18.18 f
  U491/Y (AOI2BB1X2)                       0.30      18.48 f
  U1997/Y (OAI21X4)                        0.22      18.69 r
  U27/Y (INVXL)                            0.20      18.89 f
  U2023/Y (AND3X4)                         0.32      19.21 f
  U262/Y (INVX1)                           0.18      19.39 r
  U485/Y (NAND3X1)                         0.24      19.62 f
  U2068/Y (AOI21X4)                        0.32      19.94 r
  pattern_id_o[1] (out)                    0.00      19.94 r
  data arrival time                                  19.94

  clock recam_boundary_clk (rise edge)    20.00      20.00
  clock network delay (ideal)              0.00      20.00
  output external delay                    0.00      20.00
  data required time                                 20.00
  -----------------------------------------------------------
  data required time                                 20.00
  data arrival time                                 -19.94
  -----------------------------------------------------------
  slack (MET)                                         0.06


  Startpoint: pivot_valid_i[1]
              (input port clocked by recam_boundary_clk)
  Endpoint: candidate_valid_o[5]
            (output port clocked by recam_boundary_clk)
  Path Group: recam_boundary_clk
  Path Type: max

  Des/Clust/Port     Wire Load Model       Library
  ------------------------------------------------
  recam_2r2c_analyzer
                     tsmc18_wl10           slow

  Point                                    Incr       Path
  -----------------------------------------------------------
  clock recam_boundary_clk (rise edge)     0.00       0.00
  clock network delay (ideal)              0.00       0.00
  input external delay                     0.00       0.00 f
  pivot_valid_i[1] (in)                    0.00       0.00 f
  U472/Y (XOR2X2)                          0.46       0.46 r
  U1173/Y (XOR2X2)                         0.27       0.74 f
  U157/Y (NAND2X2)                         0.20       0.94 r
  U156/Y (NAND2X2)                         0.39       1.33 f
  U1443/Y (AND2X4)                         0.45       1.78 f
  U190/Y (NAND2X1)                         0.58       2.36 r
  U1032/Y (INVX4)                          0.26       2.62 f
  U423/Y (BUFX3)                           0.38       3.00 f
  U1519/Y (AOI2BB2X1)                      0.47       3.47 r
  U992/Y (XOR2XL)                          0.51       3.98 r
  U191/Y (AND3X1)                          0.34       4.33 r
  U407/Y (NAND4X1)                         0.30       4.63 f
  U406/Y (AND3X4)                          0.30       4.93 f
  U1521/Y (OAI21X4)                        0.25       5.17 r
  U136/Y (INVXL)                           0.24       5.41 f
  U133/Y (NAND3X2)                         0.37       5.78 r
  U1562/Y (NOR2X4)                         0.13       5.91 f
  U403/Y (NAND2X2)                         0.17       6.08 r
  U1563/Y (BUFX3)                          0.34       6.42 r
  U1564/Y (MXI2X2)                         0.31       6.73 r
  U192/Y (XOR2XL)                          0.38       7.11 f
  U1568/Y (NOR2X1)                         0.25       7.36 r
  U1574/Y (NAND4X1)                        0.32       7.68 f
  U1597/Y (NAND4X2)                        0.45       8.13 r
  U383/Y (NAND2X2)                         0.17       8.30 f
  U1599/Y (NOR2X4)                         0.24       8.54 r
  U1312/Y (AND2X4)                         0.24       8.79 r
  U1313/Y (CLKINVX3)                       0.19       8.97 f
  U101/Y (MXI2X1)                          0.37       9.34 r
  U1609/Y (XOR2X1)                         0.47       9.82 r
  U1612/Y (NAND4X1)                        0.21      10.02 f
  U1620/Y (NAND2BX4)                       0.28      10.31 f
  U290/Y (CLKINVX3)                        0.09      10.40 r
  U289/Y (NOR2X2)                          0.09      10.49 f
  U1635/Y (NAND2X4)                        0.20      10.69 r
  U85/Y (NAND2BX2)                         0.30      10.99 r
  U1661/Y (OR2X4)                          0.38      11.38 r
  U1307/Y (MXI2X1)                         0.43      11.81 r
  U1668/Y (XOR2X1)                         0.47      12.28 r
  U1669/Y (NAND4X1)                        0.21      12.49 f
  U77/Y (NOR2X1)                           0.37      12.86 r
  U1678/Y (NAND2BX4)                       0.22      13.08 f
  U1699/Y (NAND2X4)                        0.25      13.33 r
  U1735/Y (NAND2BX4)                       0.27      13.59 r
  U345/Y (BUFX4)                           0.28      13.87 r
  U65/Y (AOI2BB2X2)                        0.37      14.24 r
  U1758/Y (XOR2X1)                         0.49      14.73 r
  U1759/Y (NOR2X2)                         0.12      14.85 f
  U1760/Y (NAND4BX4)                       0.27      15.12 r
  U1761/Y (OAI21X2)                        0.18      15.30 f
  U1260/Y (NAND3BX4)                       0.35      15.66 f
  U274/Y (INVX4)                           0.25      15.90 r
  U1804/Y (NAND2X4)                        0.15      16.05 f
  U228/Y (NOR2X2)                          0.22      16.27 r
  U46/Y (OAI21XL)                          0.29      16.56 f
  U1833/Y (NAND3X4)                        0.40      16.97 r
  U1839/Y (NAND4X4)                        0.37      17.34 f
  U266/Y (NAND2X2)                         0.34      17.68 r
  U502/Y (OR2X2)                           0.20      17.88 r
  U34/Y (AOI2BB1XL)                        0.52      18.41 r
  U2022/Y (OAI21X4)                        0.28      18.69 f
  U29/Y (NOR2X1)                           0.29      18.98 r
  U2030/Y (AND3X4)                         0.39      19.37 r
  candidate_valid_o[5] (out)               0.00      19.37 r
  data arrival time                                  19.37

  clock recam_boundary_clk (rise edge)    20.00      20.00
  clock network delay (ideal)              0.00      20.00
  output external delay                    0.00      20.00
  data required time                                 20.00
  -----------------------------------------------------------
  data required time                                 20.00
  data arrival time                                 -19.37
  -----------------------------------------------------------
  slack (MET)                                         0.63


  Startpoint: hybrid_cols_flat_i[2]
              (input port clocked by recam_boundary_clk)
  Endpoint: matrix_flat_o[5]
            (output port clocked by recam_boundary_clk)
  Path Group: recam_boundary_clk
  Path Type: max

  Des/Clust/Port     Wire Load Model       Library
  ------------------------------------------------
  recam_2r2c_analyzer
                     tsmc18_wl10           slow

  Point                                    Incr       Path
  -----------------------------------------------------------
  clock recam_boundary_clk (rise edge)     0.00       0.00
  clock network delay (ideal)              0.00       0.00
  input external delay                     0.00       0.00 f
  hybrid_cols_flat_i[2] (in)               0.00       0.00 f
  U169/Y (INVX1)                           0.56       0.56 r
  U463/Y (AOI22X1)                         0.27       0.83 f
  U435/Y (NAND3XL)                         0.27       1.10 r
  U1437/Y (MX2X1)                          0.31       1.40 r
  U1050/Y (NOR2X1)                         0.11       1.51 f
  U182/Y (AND2X1)                          0.35       1.86 f
  U155/Y (NOR2X1)                          0.37       2.23 r
  U1441/Y (NAND2X4)                        0.21       2.44 f
  U1442/Y (NAND4BX4)                       0.31       2.76 r
  U1012/Y (OR2X4)                          0.32       3.07 r
  U1316/Y (MXI2X1)                         0.40       3.47 r
  U1450/Y (XOR2X1)                         0.37       3.84 f
  U140/Y (NOR2XL)                          0.52       4.36 r
  U1262/Y (NAND4BX4)                       0.34       4.70 f
  U299/Y (OAI21X4)                         0.20       4.90 r
  U1471/Y (NAND3BX4)                       0.36       5.26 r
  U1303/Y (NAND4BX2)                       0.57       5.83 r
  U1294/Y (BUFX3)                          0.30       6.12 r
  U1295/Y (MXI2X1)                         0.37       6.50 r
  U1531/Y (XOR2X1)                         0.47       6.96 r
  U855/Y (NAND2X1)                         0.15       7.11 f
  U1537/Y (NAND4BBX4)                      0.43       7.54 f
  U1549/Y (NAND2X4)                        0.31       7.85 r
  U846/Y (NAND4X2)                         0.23       8.07 f
  U1561/Y (NAND3X4)                        0.29       8.36 r
  U1599/Y (NOR2X4)                         0.14       8.50 f
  U110/Y (INVX1)                           0.29       8.78 r
  U108/Y (NAND2X1)                         0.34       9.12 f
  U785/Y (NOR2X2)                          0.36       9.48 r
  U1615/Y (NOR2X1)                         0.15       9.63 f
  U756/Y (NAND4X1)                         0.27       9.90 r
  U1619/Y (NOR2X2)                         0.12      10.02 f
  U1620/Y (NAND2BX4)                       0.21      10.23 r
  U290/Y (CLKINVX3)                        0.10      10.33 f
  U289/Y (NOR2X2)                          0.20      10.52 r
  U1635/Y (NAND2X4)                        0.15      10.68 f
  U1700/Y (NAND2X4)                        0.19      10.86 r
  U1701/Y (OR2X4)                          0.32      11.18 r
  U288/Y (MXI2X1)                          0.41      11.59 r
  U1702/Y (XOR2X1)                         0.47      12.06 r
  U1704/Y (NAND2X1)                        0.13      12.19 f
  U653/Y (NAND4BX2)                        0.42      12.61 f
  U1730/Y (NAND4X4)                        0.33      12.93 r
  U72/Y (INVX1)                            0.21      13.14 f
  U70/Y (NOR2X1)                           0.71      13.85 r
  U1732/Y (NAND2X2)                        0.22      14.07 f
  U1733/Y (AOI2BB1X4)                      0.35      14.42 f
  U339/Y (INVX4)                           0.19      14.61 r
  U550/Y (NAND4X1)                         0.24      14.85 f
  U1783/Y (NOR3X2)                         0.35      15.20 r
  U221/Y (INVX1)                           0.21      15.41 f
  U1260/Y (NAND3BX4)                       0.33      15.74 r
  U1840/Y (NAND4X4)                        0.22      15.96 f
  U52/Y (XOR2X1)                           0.58      16.54 r
  U1858/Y (OAI2BB1X4)                      0.34      16.89 r
  U512/Y (NAND2BX4)                        0.23      17.11 r
  U1263/Y (NAND4X4)                        0.32      17.43 f
  U1903/Y (NOR2X4)                         0.25      17.68 r
  U1904/Y (NAND2X4)                        0.17      17.85 f
  U1387/Y (OR2X2)                          0.33      18.18 f
  U494/Y (NOR2XL)                          0.32      18.50 r
  U2067/Y (AOI211X1)                       0.17      18.66 f
  U25/Y (OAI21XL)                          0.69      19.36 r
  matrix_flat_o[5] (out)                   0.00      19.36 r
  data arrival time                                  19.36

  clock recam_boundary_clk (rise edge)    20.00      20.00
  clock network delay (ideal)              0.00      20.00
  output external delay                    0.00      20.00
  data required time                                 20.00
  -----------------------------------------------------------
  data required time                                 20.00
  data arrival time                                 -19.36
  -----------------------------------------------------------
  slack (MET)                                         0.64


  Startpoint: hybrid_cols_flat_i[2]
              (input port clocked by recam_boundary_clk)
  Endpoint: candidate_valid_o[1]
            (output port clocked by recam_boundary_clk)
  Path Group: recam_boundary_clk
  Path Type: max

  Des/Clust/Port     Wire Load Model       Library
  ------------------------------------------------
  recam_2r2c_analyzer
                     tsmc18_wl10           slow

  Point                                    Incr       Path
  -----------------------------------------------------------
  clock recam_boundary_clk (rise edge)     0.00       0.00
  clock network delay (ideal)              0.00       0.00
  input external delay                     0.00       0.00 f
  hybrid_cols_flat_i[2] (in)               0.00       0.00 f
  U169/Y (INVX1)                           0.56       0.56 r
  U463/Y (AOI22X1)                         0.27       0.83 f
  U435/Y (NAND3XL)                         0.27       1.10 r
  U1437/Y (MX2X1)                          0.31       1.40 r
  U1050/Y (NOR2X1)                         0.11       1.51 f
  U182/Y (AND2X1)                          0.35       1.86 f
  U155/Y (NOR2X1)                          0.37       2.23 r
  U1441/Y (NAND2X4)                        0.21       2.44 f
  U1442/Y (NAND4BX4)                       0.31       2.76 r
  U1012/Y (OR2X4)                          0.32       3.07 r
  U1316/Y (MXI2X1)                         0.40       3.47 r
  U1450/Y (XOR2X1)                         0.37       3.84 f
  U140/Y (NOR2XL)                          0.52       4.36 r
  U1262/Y (NAND4BX4)                       0.34       4.70 f
  U299/Y (OAI21X4)                         0.20       4.90 r
  U1471/Y (NAND3BX4)                       0.36       5.26 r
  U1303/Y (NAND4BX2)                       0.57       5.83 r
  U1294/Y (BUFX3)                          0.30       6.12 r
  U1295/Y (MXI2X1)                         0.37       6.50 r
  U1531/Y (XOR2X1)                         0.47       6.96 r
  U855/Y (NAND2X1)                         0.15       7.11 f
  U1537/Y (NAND4BBX4)                      0.43       7.54 f
  U1549/Y (NAND2X4)                        0.31       7.85 r
  U846/Y (NAND4X2)                         0.23       8.07 f
  U1561/Y (NAND3X4)                        0.29       8.36 r
  U1599/Y (NOR2X4)                         0.14       8.50 f
  U110/Y (INVX1)                           0.29       8.78 r
  U108/Y (NAND2X1)                         0.34       9.12 f
  U785/Y (NOR2X2)                          0.36       9.48 r
  U1615/Y (NOR2X1)                         0.15       9.63 f
  U756/Y (NAND4X1)                         0.27       9.90 r
  U1619/Y (NOR2X2)                         0.12      10.02 f
  U1620/Y (NAND2BX4)                       0.21      10.23 r
  U290/Y (CLKINVX3)                        0.10      10.33 f
  U289/Y (NOR2X2)                          0.20      10.52 r
  U1635/Y (NAND2X4)                        0.15      10.68 f
  U1700/Y (NAND2X4)                        0.19      10.86 r
  U1701/Y (OR2X4)                          0.32      11.18 r
  U288/Y (MXI2X1)                          0.41      11.59 r
  U1702/Y (XOR2X1)                         0.47      12.06 r
  U1704/Y (NAND2X1)                        0.13      12.19 f
  U653/Y (NAND4BX2)                        0.42      12.61 f
  U1730/Y (NAND4X4)                        0.33      12.93 r
  U72/Y (INVX1)                            0.21      13.14 f
  U70/Y (NOR2X1)                           0.71      13.85 r
  U1732/Y (NAND2X2)                        0.22      14.07 f
  U1733/Y (AOI2BB1X4)                      0.35      14.42 f
  U339/Y (INVX4)                           0.19      14.61 r
  U550/Y (NAND4X1)                         0.24      14.85 f
  U1783/Y (NOR3X2)                         0.35      15.20 r
  U221/Y (INVX1)                           0.21      15.41 f
  U1260/Y (NAND3BX4)                       0.33      15.74 r
  U1840/Y (NAND4X4)                        0.22      15.96 f
  U1842/Y (NAND2BX4)                       0.31      16.27 f
  U519/Y (OAI22X2)                         0.23      16.49 r
  U510/Y (XOR2X2)                          0.41      16.90 r
  U1857/Y (NAND4X4)                        0.22      17.13 f
  U1263/Y (NAND4X4)                        0.36      17.48 r
  U1903/Y (NOR2X4)                         0.13      17.61 f
  U1904/Y (NAND2X4)                        0.22      17.83 r
  U40/Y (OR2X2)                            0.30      18.13 r
  U496/Y (AOI2BB1X2)                       0.30      18.43 r
  U1921/Y (OAI21X4)                        0.21      18.64 f
  U487/Y (OR3X2)                           0.37      19.01 f
  U1983/Y (NOR2X4)                         0.34      19.35 r
  candidate_valid_o[1] (out)               0.00      19.35 r
  data arrival time                                  19.35

  clock recam_boundary_clk (rise edge)    20.00      20.00
  clock network delay (ideal)              0.00      20.00
  output external delay                    0.00      20.00
  data required time                                 20.00
  -----------------------------------------------------------
  data required time                                 20.00
  data arrival time                                 -19.35
  -----------------------------------------------------------
  slack (MET)                                         0.65


  Startpoint: hybrid_cols_flat_i[2]
              (input port clocked by recam_boundary_clk)
  Endpoint: candidate_valid_o[0]
            (output port clocked by recam_boundary_clk)
  Path Group: recam_boundary_clk
  Path Type: max

  Des/Clust/Port     Wire Load Model       Library
  ------------------------------------------------
  recam_2r2c_analyzer
                     tsmc18_wl10           slow

  Point                                    Incr       Path
  -----------------------------------------------------------
  clock recam_boundary_clk (rise edge)     0.00       0.00
  clock network delay (ideal)              0.00       0.00
  input external delay                     0.00       0.00 f
  hybrid_cols_flat_i[2] (in)               0.00       0.00 f
  U169/Y (INVX1)                           0.56       0.56 r
  U463/Y (AOI22X1)                         0.27       0.83 f
  U435/Y (NAND3XL)                         0.27       1.10 r
  U1437/Y (MX2X1)                          0.31       1.40 r
  U1050/Y (NOR2X1)                         0.11       1.51 f
  U182/Y (AND2X1)                          0.35       1.86 f
  U155/Y (NOR2X1)                          0.37       2.23 r
  U1441/Y (NAND2X4)                        0.21       2.44 f
  U1442/Y (NAND4BX4)                       0.31       2.76 r
  U1012/Y (OR2X4)                          0.32       3.07 r
  U1316/Y (MXI2X1)                         0.40       3.47 r
  U1450/Y (XOR2X1)                         0.37       3.84 f
  U140/Y (NOR2XL)                          0.52       4.36 r
  U1262/Y (NAND4BX4)                       0.34       4.70 f
  U299/Y (OAI21X4)                         0.20       4.90 r
  U1471/Y (NAND3BX4)                       0.36       5.26 r
  U1303/Y (NAND4BX2)                       0.57       5.83 r
  U1294/Y (BUFX3)                          0.30       6.12 r
  U1295/Y (MXI2X1)                         0.37       6.50 r
  U1531/Y (XOR2X1)                         0.47       6.96 r
  U855/Y (NAND2X1)                         0.15       7.11 f
  U1537/Y (NAND4BBX4)                      0.43       7.54 f
  U1549/Y (NAND2X4)                        0.31       7.85 r
  U846/Y (NAND4X2)                         0.23       8.07 f
  U1561/Y (NAND3X4)                        0.29       8.36 r
  U1599/Y (NOR2X4)                         0.14       8.50 f
  U110/Y (INVX1)                           0.29       8.78 r
  U108/Y (NAND2X1)                         0.34       9.12 f
  U785/Y (NOR2X2)                          0.36       9.48 r
  U1615/Y (NOR2X1)                         0.15       9.63 f
  U756/Y (NAND4X1)                         0.27       9.90 r
  U1619/Y (NOR2X2)                         0.12      10.02 f
  U1620/Y (NAND2BX4)                       0.21      10.23 r
  U290/Y (CLKINVX3)                        0.10      10.33 f
  U289/Y (NOR2X2)                          0.20      10.52 r
  U1635/Y (NAND2X4)                        0.15      10.68 f
  U1700/Y (NAND2X4)                        0.19      10.86 r
  U1701/Y (OR2X4)                          0.32      11.18 r
  U288/Y (MXI2X1)                          0.41      11.59 r
  U1702/Y (XOR2X1)                         0.47      12.06 r
  U1704/Y (NAND2X1)                        0.13      12.19 f
  U653/Y (NAND4BX2)                        0.42      12.61 f
  U1730/Y (NAND4X4)                        0.33      12.93 r
  U72/Y (INVX1)                            0.21      13.14 f
  U70/Y (NOR2X1)                           0.71      13.85 r
  U1732/Y (NAND2X2)                        0.22      14.07 f
  U1733/Y (AOI2BB1X4)                      0.35      14.42 f
  U339/Y (INVX4)                           0.19      14.61 r
  U550/Y (NAND4X1)                         0.24      14.85 f
  U1783/Y (NOR3X2)                         0.35      15.20 r
  U221/Y (INVX1)                           0.21      15.41 f
  U1260/Y (NAND3BX4)                       0.33      15.74 r
  U1840/Y (NAND4X4)                        0.22      15.96 f
  U1842/Y (NAND2BX4)                       0.31      16.27 f
  U519/Y (OAI22X2)                         0.23      16.49 r
  U510/Y (XOR2X2)                          0.41      16.90 r
  U1857/Y (NAND4X4)                        0.22      17.13 f
  U1263/Y (NAND4X4)                        0.36      17.48 r
  U1903/Y (NOR2X4)                         0.13      17.61 f
  U1904/Y (NAND2X4)                        0.22      17.83 r
  U1387/Y (OR2X2)                          0.30      18.13 r
  U491/Y (AOI2BB1X2)                       0.29      18.42 r
  U1997/Y (OAI21X4)                        0.20      18.63 f
  U264/Y (OR3X2)                           0.37      19.00 f
  U2006/Y (NOR2X4)                         0.34      19.33 r
  candidate_valid_o[0] (out)               0.00      19.33 r
  data arrival time                                  19.33

  clock recam_boundary_clk (rise edge)    20.00      20.00
  clock network delay (ideal)              0.00      20.00
  output external delay                    0.00      20.00
  data required time                                 20.00
  -----------------------------------------------------------
  data required time                                 20.00
  data arrival time                                 -19.33
  -----------------------------------------------------------
  slack (MET)                                         0.67


  Startpoint: pivot_valid_i[1]
              (input port clocked by recam_boundary_clk)
  Endpoint: candidate_valid_o[2]
            (output port clocked by recam_boundary_clk)
  Path Group: recam_boundary_clk
  Path Type: max

  Des/Clust/Port     Wire Load Model       Library
  ------------------------------------------------
  recam_2r2c_analyzer
                     tsmc18_wl10           slow

  Point                                    Incr       Path
  -----------------------------------------------------------
  clock recam_boundary_clk (rise edge)     0.00       0.00
  clock network delay (ideal)              0.00       0.00
  input external delay                     0.00       0.00 f
  pivot_valid_i[1] (in)                    0.00       0.00 f
  U472/Y (XOR2X2)                          0.46       0.46 r
  U1173/Y (XOR2X2)                         0.27       0.74 f
  U157/Y (NAND2X2)                         0.20       0.94 r
  U156/Y (NAND2X2)                         0.39       1.33 f
  U1443/Y (AND2X4)                         0.45       1.78 f
  U190/Y (NAND2X1)                         0.58       2.36 r
  U1032/Y (INVX4)                          0.26       2.62 f
  U423/Y (BUFX3)                           0.38       3.00 f
  U1519/Y (AOI2BB2X1)                      0.47       3.47 r
  U992/Y (XOR2XL)                          0.51       3.98 r
  U191/Y (AND3X1)                          0.34       4.33 r
  U407/Y (NAND4X1)                         0.30       4.63 f
  U406/Y (AND3X4)                          0.30       4.93 f
  U1521/Y (OAI21X4)                        0.25       5.17 r
  U136/Y (INVXL)                           0.24       5.41 f
  U133/Y (NAND3X2)                         0.37       5.78 r
  U1562/Y (NOR2X4)                         0.13       5.91 f
  U403/Y (NAND2X2)                         0.17       6.08 r
  U1563/Y (BUFX3)                          0.34       6.42 r
  U1564/Y (MXI2X2)                         0.31       6.73 r
  U192/Y (XOR2XL)                          0.38       7.11 f
  U1568/Y (NOR2X1)                         0.25       7.36 r
  U1574/Y (NAND4X1)                        0.32       7.68 f
  U1597/Y (NAND4X2)                        0.45       8.13 r
  U383/Y (NAND2X2)                         0.17       8.30 f
  U1599/Y (NOR2X4)                         0.24       8.54 r
  U1312/Y (AND2X4)                         0.24       8.79 r
  U1313/Y (CLKINVX3)                       0.19       8.97 f
  U101/Y (MXI2X1)                          0.37       9.34 r
  U1609/Y (XOR2X1)                         0.47       9.82 r
  U1612/Y (NAND4X1)                        0.21      10.02 f
  U1620/Y (NAND2BX4)                       0.28      10.31 f
  U290/Y (CLKINVX3)                        0.09      10.40 r
  U289/Y (NOR2X2)                          0.09      10.49 f
  U1635/Y (NAND2X4)                        0.20      10.69 r
  U85/Y (NAND2BX2)                         0.30      10.99 r
  U1661/Y (OR2X4)                          0.38      11.38 r
  U1307/Y (MXI2X1)                         0.43      11.81 r
  U1668/Y (XOR2X1)                         0.47      12.28 r
  U1669/Y (NAND4X1)                        0.21      12.49 f
  U77/Y (NOR2X1)                           0.37      12.86 r
  U1678/Y (NAND2BX4)                       0.22      13.08 f
  U1699/Y (NAND2X4)                        0.25      13.33 r
  U1735/Y (NAND2BX4)                       0.27      13.59 r
  U345/Y (BUFX4)                           0.28      13.87 r
  U65/Y (AOI2BB2X2)                        0.37      14.24 r
  U1758/Y (XOR2X1)                         0.49      14.73 r
  U1759/Y (NOR2X2)                         0.12      14.85 f
  U1760/Y (NAND4BX4)                       0.27      15.12 r
  U1761/Y (OAI21X2)                        0.18      15.30 f
  U1260/Y (NAND3BX4)                       0.35      15.66 f
  U274/Y (INVX4)                           0.25      15.90 r
  U1804/Y (NAND2X4)                        0.15      16.05 f
  U228/Y (NOR2X2)                          0.22      16.27 r
  U269/Y (INVX1)                           0.12      16.39 f
  U267/Y (OAI21X1)                         0.24      16.63 r
  U1833/Y (NAND3X4)                        0.35      16.98 f
  U1839/Y (NAND4X4)                        0.41      17.39 r
  U1869/Y (NAND2X4)                        0.16      17.56 f
  U1875/Y (NAND3BX4)                       0.31      17.86 f
  U1876/Y (AOI2BB2X4)                      0.36      18.22 f
  U32/Y (OAI21X2)                          0.64      18.86 r
  U488/Y (NOR3X2)                          0.13      18.99 f
  U1943/Y (AND2X4)                         0.31      19.30 f
  candidate_valid_o[2] (out)               0.00      19.30 f
  data arrival time                                  19.30

  clock recam_boundary_clk (rise edge)    20.00      20.00
  clock network delay (ideal)              0.00      20.00
  output external delay                    0.00      20.00
  data required time                                 20.00
  -----------------------------------------------------------
  data required time                                 20.00
  data arrival time                                 -19.30
  -----------------------------------------------------------
  slack (MET)                                         0.70


  Startpoint: pivot_valid_i[1]
              (input port clocked by recam_boundary_clk)
  Endpoint: candidate_valid_o[4]
            (output port clocked by recam_boundary_clk)
  Path Group: recam_boundary_clk
  Path Type: max

  Des/Clust/Port     Wire Load Model       Library
  ------------------------------------------------
  recam_2r2c_analyzer
                     tsmc18_wl10           slow

  Point                                    Incr       Path
  -----------------------------------------------------------
  clock recam_boundary_clk (rise edge)     0.00       0.00
  clock network delay (ideal)              0.00       0.00
  input external delay                     0.00       0.00 f
  pivot_valid_i[1] (in)                    0.00       0.00 f
  U472/Y (XOR2X2)                          0.46       0.46 r
  U1173/Y (XOR2X2)                         0.27       0.74 f
  U157/Y (NAND2X2)                         0.20       0.94 r
  U156/Y (NAND2X2)                         0.39       1.33 f
  U1443/Y (AND2X4)                         0.45       1.78 f
  U190/Y (NAND2X1)                         0.58       2.36 r
  U1032/Y (INVX4)                          0.26       2.62 f
  U423/Y (BUFX3)                           0.38       3.00 f
  U1519/Y (AOI2BB2X1)                      0.47       3.47 r
  U992/Y (XOR2XL)                          0.51       3.98 r
  U191/Y (AND3X1)                          0.34       4.33 r
  U407/Y (NAND4X1)                         0.30       4.63 f
  U406/Y (AND3X4)                          0.30       4.93 f
  U1521/Y (OAI21X4)                        0.25       5.17 r
  U136/Y (INVXL)                           0.24       5.41 f
  U133/Y (NAND3X2)                         0.37       5.78 r
  U1562/Y (NOR2X4)                         0.13       5.91 f
  U403/Y (NAND2X2)                         0.17       6.08 r
  U1563/Y (BUFX3)                          0.34       6.42 r
  U1564/Y (MXI2X2)                         0.31       6.73 r
  U192/Y (XOR2XL)                          0.38       7.11 f
  U1568/Y (NOR2X1)                         0.25       7.36 r
  U1574/Y (NAND4X1)                        0.32       7.68 f
  U1597/Y (NAND4X2)                        0.45       8.13 r
  U383/Y (NAND2X2)                         0.17       8.30 f
  U1599/Y (NOR2X4)                         0.24       8.54 r
  U1312/Y (AND2X4)                         0.24       8.79 r
  U1313/Y (CLKINVX3)                       0.19       8.97 f
  U101/Y (MXI2X1)                          0.37       9.34 r
  U1609/Y (XOR2X1)                         0.47       9.82 r
  U1612/Y (NAND4X1)                        0.21      10.02 f
  U1620/Y (NAND2BX4)                       0.28      10.31 f
  U290/Y (CLKINVX3)                        0.09      10.40 r
  U289/Y (NOR2X2)                          0.09      10.49 f
  U1635/Y (NAND2X4)                        0.20      10.69 r
  U85/Y (NAND2BX2)                         0.30      10.99 r
  U1661/Y (OR2X4)                          0.38      11.38 r
  U1307/Y (MXI2X1)                         0.43      11.81 r
  U1668/Y (XOR2X1)                         0.47      12.28 r
  U1669/Y (NAND4X1)                        0.21      12.49 f
  U77/Y (NOR2X1)                           0.37      12.86 r
  U1678/Y (NAND2BX4)                       0.22      13.08 f
  U1699/Y (NAND2X4)                        0.25      13.33 r
  U1735/Y (NAND2BX4)                       0.27      13.59 r
  U345/Y (BUFX4)                           0.28      13.87 r
  U65/Y (AOI2BB2X2)                        0.37      14.24 r
  U1758/Y (XOR2X1)                         0.49      14.73 r
  U1759/Y (NOR2X2)                         0.12      14.85 f
  U1760/Y (NAND4BX4)                       0.27      15.12 r
  U1761/Y (OAI21X2)                        0.18      15.30 f
  U1260/Y (NAND3BX4)                       0.35      15.66 f
  U274/Y (INVX4)                           0.25      15.90 r
  U1804/Y (NAND2X4)                        0.15      16.05 f
  U228/Y (NOR2X2)                          0.22      16.27 r
  U46/Y (OAI21XL)                          0.29      16.56 f
  U1833/Y (NAND3X4)                        0.40      16.97 r
  U1839/Y (NAND4X4)                        0.37      17.34 f
  U266/Y (NAND2X2)                         0.34      17.68 r
  U502/Y (OR2X2)                           0.20      17.88 r
  U34/Y (AOI2BB1XL)                        0.52      18.41 r
  U2022/Y (OAI21X4)                        0.28      18.69 f
  U489/Y (NOR2X2)                          0.20      18.89 r
  U2023/Y (AND3X4)                         0.39      19.28 r
  candidate_valid_o[4] (out)               0.00      19.28 r
  data arrival time                                  19.28

  clock recam_boundary_clk (rise edge)    20.00      20.00
  clock network delay (ideal)              0.00      20.00
  output external delay                    0.00      20.00
  data required time                                 20.00
  -----------------------------------------------------------
  data required time                                 20.00
  data arrival time                                 -19.28
  -----------------------------------------------------------
  slack (MET)                                         0.72


1
