 
****************************************
Report : area
Design : recam_role_aware_config_control
Version: W-2024.09-SP2
Date   : Thu Sep 10 05:09:12 2026
****************************************

Library(s) Used:

    slow (File: /cad/std_libraries/CBDK_TSMC018_Arm_f1.0/CIC/SynopsysDC/db/slow.db)

Number of ports:                          105
Number of nets:                           321
Number of cells:                          300
Number of combinational cells:            215
Number of sequential cells:                85
Number of macros/black boxes:               0
Number of buf/inv:                        113
Number of references:                      18

Combinational area:               2418.292815
Buf/Inv area:                      824.947210
Noncombinational area:            4527.230457
Macro/Black Box area:                0.000000
Net Interconnect area:           34066.837463

Total cell area:                  6945.523273
Total area:                      41012.360736

Hierarchical area distribution
------------------------------

                                  Global cell area          Local cell area
                                  ------------------  ---------------------------- 
Hierarchical cell                 Absolute   Percent  Combi-     Noncombi-  Black-
                                  Total      Total    national   national   boxes   Design
--------------------------------  ---------  -------  ---------  ---------  ------  ---------
recam_role_aware_config_control   6945.5233    100.0  2418.2928  4527.2305  0.0000  recam_role_aware_config_control
--------------------------------  ---------  -------  ---------  ---------  ------  ---------
Total                                                 2418.2928  4527.2305  0.0000

1
