 
****************************************
Report : qor
Design : recam_role_aware_config_control
Version: W-2024.09-SP2
Date   : Thu Sep 10 05:09:12 2026
****************************************


  Timing Path Group (none)
  -----------------------------------
  Levels of Logic:               2.00
  Critical Path Length:          2.53
  Critical Path Slack:         uninit
  Critical Path Clk Period:     20.00
  Total Negative Slack:          0.00
  No. of Violating Paths:        0.00
  Worst Hold Violation:          0.00
  Total Hold Violation:          0.00
  No. of Hold Violations:        0.00
  -----------------------------------


  Cell Count
  -----------------------------------
  Hierarchical Cell Count:          0
  Hierarchical Port Count:          0
  Leaf Cell Count:                300
  Buf/Inv Cell Count:             113
  Buf Cell Count:                  11
  Inv Cell Count:                 102
  CT Buf/Inv Cell Count:            0
  Combinational Cell Count:       215
  Sequential Cell Count:           85
  Macro Count:                      0
  -----------------------------------


  Area
  -----------------------------------
  Combinational Area:     2418.292815
  Noncombinational Area:  4527.230457
  Buf/Inv Area:            824.947210
  Total Buffer Area:           146.36
  Total Inverter Area:         678.59
  Macro/Black Box Area:      0.000000
  Net Area:              34066.837463
  -----------------------------------
  Cell Area:              6945.523273
  Design Area:           41012.360736


  Design Rules
  -----------------------------------
  Total Number of Nets:           321
  Nets With Violations:             0
  Max Trans Violations:             0
  Max Cap Violations:               0
  -----------------------------------


  Hostname: Kaohsiung

  Compile CPU Statistics
  -----------------------------------------
  Resource Sharing:                    0.02
  Logic Optimization:                  0.20
  Mapping Optimization:                0.15
  -----------------------------------------
  Overall Compile Time:                1.04
  Overall Compile Wall Clock Time:     1.27

  --------------------------------------------------------------------

  Design  WNS: 0.00  TNS: 0.00  Number of Violating Paths: 0


  Design (Hold)  WNS: 0.00  TNS: 0.00  Number of Violating Paths: 0

  --------------------------------------------------------------------


1
