 
****************************************
Report : timing
        -path full
        -delay max
        -max_paths 10
Design : recam_role_aware_config_control
Version: W-2024.09-SP2
Date   : Thu Sep 10 05:09:12 2026
****************************************

Operating Conditions: slow   Library: slow
Wire Load Model Mode: top

  Startpoint: scan_index_reg_reg[0]
              (rising edge-triggered flip-flop)
  Endpoint: current_config_id_o[2]
            (output port clocked by recam_boundary_clk)
  Path Group: (none)
  Path Type: max

  Des/Clust/Port     Wire Load Model       Library
  ------------------------------------------------
  recam_role_aware_config_control
                     tsmc18_wl10           slow

  Point                                    Incr       Path
  -----------------------------------------------------------
  scan_index_reg_reg[0]/CK (DFFHQX1)       0.00       0.00 r
  scan_index_reg_reg[0]/Q (DFFHQX1)        0.78       0.78 r
  U203/Y (INVX1)                           0.50       1.27 f
  U207/Y (AOI21X1)                         1.26       2.53 r
  current_config_id_o[2] (out)             0.00       2.53 r
  data arrival time                                   2.53
  -----------------------------------------------------------
  (Path is unconstrained)


  Startpoint: scan_index_reg_reg[0]
              (rising edge-triggered flip-flop)
  Endpoint: current_config_id_o[1]
            (output port clocked by recam_boundary_clk)
  Path Group: (none)
  Path Type: max

  Des/Clust/Port     Wire Load Model       Library
  ------------------------------------------------
  recam_role_aware_config_control
                     tsmc18_wl10           slow

  Point                                    Incr       Path
  -----------------------------------------------------------
  scan_index_reg_reg[0]/CK (DFFHQX1)       0.00       0.00 r
  scan_index_reg_reg[0]/Q (DFFHQX1)        0.78       0.78 r
  U203/Y (INVX1)                           0.50       1.27 f
  U206/Y (AOI21X1)                         0.97       2.25 r
  current_config_id_o[1] (out)             0.00       2.25 r
  data arrival time                                   2.25
  -----------------------------------------------------------
  (Path is unconstrained)


  Startpoint: scan_index_reg_reg[1]
              (rising edge-triggered flip-flop)
  Endpoint: current_config_id_o[0]
            (output port clocked by recam_boundary_clk)
  Path Group: (none)
  Path Type: max

  Des/Clust/Port     Wire Load Model       Library
  ------------------------------------------------
  recam_role_aware_config_control
                     tsmc18_wl10           slow

  Point                                    Incr       Path
  -----------------------------------------------------------
  scan_index_reg_reg[1]/CK (DFFHQX1)       0.00       0.00 r
  scan_index_reg_reg[1]/Q (DFFHQX1)        0.60       0.60 r
  U199/Y (INVX1)                           0.42       1.02 f
  U205/Y (AOI21X1)                         0.96       1.98 r
  current_config_id_o[0] (out)             0.00       1.98 r
  data arrival time                                   1.98
  -----------------------------------------------------------
  (Path is unconstrained)


  Startpoint: config_pattern_map_o_reg[78]
              (rising edge-triggered flip-flop)
  Endpoint: config_pattern_map_o[78]
            (output port clocked by recam_boundary_clk)
  Path Group: (none)
  Path Type: max

  Des/Clust/Port     Wire Load Model       Library
  ------------------------------------------------
  recam_role_aware_config_control
                     tsmc18_wl10           slow

  Point                                                   Incr       Path
  --------------------------------------------------------------------------
  config_pattern_map_o_reg[78]/CK (DFFHQX1)               0.00       0.00 r
  config_pattern_map_o_reg[78]/Q (DFFHQX1)                0.90       0.90 r
  config_pattern_map_o[78] (out)                          0.00       0.90 r
  data arrival time                                                  0.90
  --------------------------------------------------------------------------
  (Path is unconstrained)


  Startpoint: config_pattern_map_o_reg[77]
              (rising edge-triggered flip-flop)
  Endpoint: config_pattern_map_o[77]
            (output port clocked by recam_boundary_clk)
  Path Group: (none)
  Path Type: max

  Des/Clust/Port     Wire Load Model       Library
  ------------------------------------------------
  recam_role_aware_config_control
                     tsmc18_wl10           slow

  Point                                                   Incr       Path
  --------------------------------------------------------------------------
  config_pattern_map_o_reg[77]/CK (DFFHQX1)               0.00       0.00 r
  config_pattern_map_o_reg[77]/Q (DFFHQX1)                0.90       0.90 r
  config_pattern_map_o[77] (out)                          0.00       0.90 r
  data arrival time                                                  0.90
  --------------------------------------------------------------------------
  (Path is unconstrained)


  Startpoint: config_pattern_map_o_reg[76]
              (rising edge-triggered flip-flop)
  Endpoint: config_pattern_map_o[76]
            (output port clocked by recam_boundary_clk)
  Path Group: (none)
  Path Type: max

  Des/Clust/Port     Wire Load Model       Library
  ------------------------------------------------
  recam_role_aware_config_control
                     tsmc18_wl10           slow

  Point                                                   Incr       Path
  --------------------------------------------------------------------------
  config_pattern_map_o_reg[76]/CK (DFFHQX1)               0.00       0.00 r
  config_pattern_map_o_reg[76]/Q (DFFHQX1)                0.90       0.90 r
  config_pattern_map_o[76] (out)                          0.00       0.90 r
  data arrival time                                                  0.90
  --------------------------------------------------------------------------
  (Path is unconstrained)


  Startpoint: config_pattern_map_o_reg[75]
              (rising edge-triggered flip-flop)
  Endpoint: config_pattern_map_o[75]
            (output port clocked by recam_boundary_clk)
  Path Group: (none)
  Path Type: max

  Des/Clust/Port     Wire Load Model       Library
  ------------------------------------------------
  recam_role_aware_config_control
                     tsmc18_wl10           slow

  Point                                                   Incr       Path
  --------------------------------------------------------------------------
  config_pattern_map_o_reg[75]/CK (DFFHQX1)               0.00       0.00 r
  config_pattern_map_o_reg[75]/Q (DFFHQX1)                0.90       0.90 r
  config_pattern_map_o[75] (out)                          0.00       0.90 r
  data arrival time                                                  0.90
  --------------------------------------------------------------------------
  (Path is unconstrained)


  Startpoint: config_pattern_map_o_reg[74]
              (rising edge-triggered flip-flop)
  Endpoint: config_pattern_map_o[74]
            (output port clocked by recam_boundary_clk)
  Path Group: (none)
  Path Type: max

  Des/Clust/Port     Wire Load Model       Library
  ------------------------------------------------
  recam_role_aware_config_control
                     tsmc18_wl10           slow

  Point                                                   Incr       Path
  --------------------------------------------------------------------------
  config_pattern_map_o_reg[74]/CK (DFFHQX1)               0.00       0.00 r
  config_pattern_map_o_reg[74]/Q (DFFHQX1)                0.90       0.90 r
  config_pattern_map_o[74] (out)                          0.00       0.90 r
  data arrival time                                                  0.90
  --------------------------------------------------------------------------
  (Path is unconstrained)


  Startpoint: config_pattern_map_o_reg[73]
              (rising edge-triggered flip-flop)
  Endpoint: config_pattern_map_o[73]
            (output port clocked by recam_boundary_clk)
  Path Group: (none)
  Path Type: max

  Des/Clust/Port     Wire Load Model       Library
  ------------------------------------------------
  recam_role_aware_config_control
                     tsmc18_wl10           slow

  Point                                                   Incr       Path
  --------------------------------------------------------------------------
  config_pattern_map_o_reg[73]/CK (DFFHQX1)               0.00       0.00 r
  config_pattern_map_o_reg[73]/Q (DFFHQX1)                0.90       0.90 r
  config_pattern_map_o[73] (out)                          0.00       0.90 r
  data arrival time                                                  0.90
  --------------------------------------------------------------------------
  (Path is unconstrained)


  Startpoint: config_pattern_map_o_reg[31]
              (rising edge-triggered flip-flop)
  Endpoint: config_pattern_map_o[31]
            (output port clocked by recam_boundary_clk)
  Path Group: (none)
  Path Type: max

  Des/Clust/Port     Wire Load Model       Library
  ------------------------------------------------
  recam_role_aware_config_control
                     tsmc18_wl10           slow

  Point                                                   Incr       Path
  --------------------------------------------------------------------------
  config_pattern_map_o_reg[31]/CK (DFFHQX1)               0.00       0.00 r
  config_pattern_map_o_reg[31]/Q (DFFHQX1)                0.90       0.90 r
  config_pattern_map_o[31] (out)                          0.00       0.90 r
  data arrival time                                                  0.90
  --------------------------------------------------------------------------
  (Path is unconstrained)


1
