 
****************************************
check_design summary:
Version:     W-2024.09-SP2
Date:        Wed Sep 23 03:46:05 2026
****************************************

                   Name                                            Total
--------------------------------------------------------------------------------
Cells                                                              80
    Cells do not drive (LINT-1)                                    80

Nets                                                                2
    Unloaded nets (LINT-2)                                          2
--------------------------------------------------------------------------------

Warning: In design 'recam_dss_grid2x2_directional_rs2_cs2_m1_early_noscratch_core', cell 'C641' does not drive any nets. (LINT-1)
Warning: In design 'recam_dss_grid2x2_directional_rs2_cs2_m1_early_noscratch_core', cell 'C642' does not drive any nets. (LINT-1)
Warning: In design 'recam_shared_config_analyzer_ROW_ADDR_W9_COL_ADDR_W5_DIFF_ADDR_W9_HYBRID_ENTRIES11', cell 'B_1484' does not drive any nets. (LINT-1)
Warning: In design 'recam_shared_config_analyzer_ROW_ADDR_W9_COL_ADDR_W5_DIFF_ADDR_W9_HYBRID_ENTRIES11', cell 'B_1485' does not drive any nets. (LINT-1)
Warning: In design 'recam_shared_config_analyzer_ROW_ADDR_W9_COL_ADDR_W5_DIFF_ADDR_W9_HYBRID_ENTRIES11', cell 'B_1486' does not drive any nets. (LINT-1)
Warning: In design 'recam_shared_config_analyzer_ROW_ADDR_W9_COL_ADDR_W5_DIFF_ADDR_W9_HYBRID_ENTRIES11', cell 'B_1487' does not drive any nets. (LINT-1)
Warning: In design 'recam_shared_config_analyzer_ROW_ADDR_W9_COL_ADDR_W5_DIFF_ADDR_W9_HYBRID_ENTRIES11', cell 'B_1488' does not drive any nets. (LINT-1)
Warning: In design 'recam_shared_config_analyzer_ROW_ADDR_W9_COL_ADDR_W5_DIFF_ADDR_W9_HYBRID_ENTRIES11', cell 'B_1489' does not drive any nets. (LINT-1)
Warning: In design 'recam_shared_config_analyzer_ROW_ADDR_W9_COL_ADDR_W5_DIFF_ADDR_W9_HYBRID_ENTRIES11', cell 'B_1490' does not drive any nets. (LINT-1)
Warning: In design 'recam_shared_config_analyzer_ROW_ADDR_W9_COL_ADDR_W5_DIFF_ADDR_W9_HYBRID_ENTRIES11', cell 'B_1491' does not drive any nets. (LINT-1)
Warning: In design 'recam_shared_config_analyzer_ROW_ADDR_W9_COL_ADDR_W5_DIFF_ADDR_W9_HYBRID_ENTRIES11', cell 'B_1492' does not drive any nets. (LINT-1)
Warning: In design 'recam_shared_config_analyzer_ROW_ADDR_W9_COL_ADDR_W5_DIFF_ADDR_W9_HYBRID_ENTRIES11', cell 'B_1493' does not drive any nets. (LINT-1)
Warning: In design 'recam_shared_config_analyzer_ROW_ADDR_W9_COL_ADDR_W5_DIFF_ADDR_W9_HYBRID_ENTRIES11', cell 'B_1494' does not drive any nets. (LINT-1)
Warning: In design 'recam_shared_config_analyzer_ROW_ADDR_W9_COL_ADDR_W5_DIFF_ADDR_W9_HYBRID_ENTRIES11', cell 'B_1495' does not drive any nets. (LINT-1)
Warning: In design 'recam_shared_config_analyzer_ROW_ADDR_W9_COL_ADDR_W5_DIFF_ADDR_W9_HYBRID_ENTRIES11', cell 'B_1496' does not drive any nets. (LINT-1)
Warning: In design 'recam_shared_config_analyzer_ROW_ADDR_W9_COL_ADDR_W5_DIFF_ADDR_W9_HYBRID_ENTRIES11', cell 'B_1497' does not drive any nets. (LINT-1)
Warning: In design 'recam_shared_config_analyzer_ROW_ADDR_W9_COL_ADDR_W5_DIFF_ADDR_W9_HYBRID_ENTRIES11', cell 'B_1498' does not drive any nets. (LINT-1)
Warning: In design 'recam_shared_config_analyzer_ROW_ADDR_W9_COL_ADDR_W5_DIFF_ADDR_W9_HYBRID_ENTRIES11', cell 'B_1499' does not drive any nets. (LINT-1)
Warning: In design 'recam_shared_config_analyzer_ROW_ADDR_W9_COL_ADDR_W5_DIFF_ADDR_W9_HYBRID_ENTRIES11', cell 'B_1500' does not drive any nets. (LINT-1)
Warning: In design 'recam_shared_config_analyzer_ROW_ADDR_W9_COL_ADDR_W5_DIFF_ADDR_W9_HYBRID_ENTRIES11', cell 'B_1501' does not drive any nets. (LINT-1)
Warning: In design 'recam_shared_config_analyzer_ROW_ADDR_W9_COL_ADDR_W5_DIFF_ADDR_W9_HYBRID_ENTRIES11', cell 'B_1502' does not drive any nets. (LINT-1)
Warning: In design 'recam_shared_config_analyzer_ROW_ADDR_W9_COL_ADDR_W5_DIFF_ADDR_W9_HYBRID_ENTRIES11', cell 'B_1503' does not drive any nets. (LINT-1)
Warning: In design 'recam_shared_config_analyzer_ROW_ADDR_W9_COL_ADDR_W5_DIFF_ADDR_W9_HYBRID_ENTRIES11', cell 'B_1504' does not drive any nets. (LINT-1)
Warning: In design 'recam_shared_config_analyzer_ROW_ADDR_W9_COL_ADDR_W5_DIFF_ADDR_W9_HYBRID_ENTRIES11', cell 'C22960' does not drive any nets. (LINT-1)
Warning: In design 'recam_shared_config_analyzer_ROW_ADDR_W9_COL_ADDR_W5_DIFF_ADDR_W9_HYBRID_ENTRIES11', cell 'C23009' does not drive any nets. (LINT-1)
Warning: In design 'recam_shared_config_analyzer_ROW_ADDR_W9_COL_ADDR_W5_DIFF_ADDR_W9_HYBRID_ENTRIES11', cell 'C23051' does not drive any nets. (LINT-1)
Warning: In design 'recam_shared_config_analyzer_ROW_ADDR_W9_COL_ADDR_W5_DIFF_ADDR_W9_HYBRID_ENTRIES11', cell 'C23100' does not drive any nets. (LINT-1)
Warning: In design 'recam_shared_config_analyzer_ROW_ADDR_W9_COL_ADDR_W5_DIFF_ADDR_W9_HYBRID_ENTRIES11', cell 'C23151' does not drive any nets. (LINT-1)
Warning: In design 'recam_shared_config_analyzer_ROW_ADDR_W9_COL_ADDR_W5_DIFF_ADDR_W9_HYBRID_ENTRIES11', cell 'C23200' does not drive any nets. (LINT-1)
Warning: In design 'recam_shared_config_analyzer_ROW_ADDR_W9_COL_ADDR_W5_DIFF_ADDR_W9_HYBRID_ENTRIES11', cell 'C23242' does not drive any nets. (LINT-1)
Warning: In design 'recam_shared_config_analyzer_ROW_ADDR_W9_COL_ADDR_W5_DIFF_ADDR_W9_HYBRID_ENTRIES11', cell 'C23291' does not drive any nets. (LINT-1)
Warning: In design 'recam_shared_config_analyzer_ROW_ADDR_W9_COL_ADDR_W5_DIFF_ADDR_W9_HYBRID_ENTRIES11', cell 'C23342' does not drive any nets. (LINT-1)
Warning: In design 'recam_shared_config_analyzer_ROW_ADDR_W9_COL_ADDR_W5_DIFF_ADDR_W9_HYBRID_ENTRIES11', cell 'C23391' does not drive any nets. (LINT-1)
Warning: In design 'recam_shared_config_analyzer_ROW_ADDR_W9_COL_ADDR_W5_DIFF_ADDR_W9_HYBRID_ENTRIES11', cell 'C23433' does not drive any nets. (LINT-1)
Warning: In design 'recam_shared_config_analyzer_ROW_ADDR_W9_COL_ADDR_W5_DIFF_ADDR_W9_HYBRID_ENTRIES11', cell 'C23482' does not drive any nets. (LINT-1)
Warning: In design 'recam_shared_config_analyzer_ROW_ADDR_W9_COL_ADDR_W5_DIFF_ADDR_W9_HYBRID_ENTRIES11', cell 'C23533' does not drive any nets. (LINT-1)
Warning: In design 'recam_shared_config_analyzer_ROW_ADDR_W9_COL_ADDR_W5_DIFF_ADDR_W9_HYBRID_ENTRIES11', cell 'C23582' does not drive any nets. (LINT-1)
Warning: In design 'recam_shared_config_analyzer_ROW_ADDR_W9_COL_ADDR_W5_DIFF_ADDR_W9_HYBRID_ENTRIES11', cell 'C23624' does not drive any nets. (LINT-1)
Warning: In design 'recam_shared_config_analyzer_ROW_ADDR_W9_COL_ADDR_W5_DIFF_ADDR_W9_HYBRID_ENTRIES11', cell 'C23673' does not drive any nets. (LINT-1)
Warning: In design 'recam_shared_config_analyzer_ROW_ADDR_W9_COL_ADDR_W5_DIFF_ADDR_W9_HYBRID_ENTRIES11', cell 'C23724' does not drive any nets. (LINT-1)
Warning: In design 'recam_shared_config_analyzer_ROW_ADDR_W9_COL_ADDR_W5_DIFF_ADDR_W9_HYBRID_ENTRIES11', cell 'C23773' does not drive any nets. (LINT-1)
Warning: In design 'recam_shared_config_analyzer_ROW_ADDR_W9_COL_ADDR_W5_DIFF_ADDR_W9_HYBRID_ENTRIES11', cell 'C23815' does not drive any nets. (LINT-1)
Warning: In design 'recam_shared_config_analyzer_ROW_ADDR_W9_COL_ADDR_W5_DIFF_ADDR_W9_HYBRID_ENTRIES11', cell 'C23864' does not drive any nets. (LINT-1)
Warning: In design 'recam_shared_config_analyzer_ROW_ADDR_W9_COL_ADDR_W5_DIFF_ADDR_W9_HYBRID_ENTRIES11', cell 'C23915' does not drive any nets. (LINT-1)
Warning: In design 'recam_shared_config_analyzer_ROW_ADDR_W9_COL_ADDR_W5_DIFF_ADDR_W9_HYBRID_ENTRIES11', cell 'C23964' does not drive any nets. (LINT-1)
Warning: In design 'recam_shared_config_analyzer_ROW_ADDR_W9_COL_ADDR_W5_DIFF_ADDR_W9_HYBRID_ENTRIES11', cell 'C24006' does not drive any nets. (LINT-1)
Warning: In design 'recam_shared_config_analyzer_ROW_ADDR_W9_COL_ADDR_W5_DIFF_ADDR_W9_HYBRID_ENTRIES11', cell 'C24055' does not drive any nets. (LINT-1)
Warning: In design 'recam_shared_config_analyzer_ROW_ADDR_W9_COL_ADDR_W5_DIFF_ADDR_W9_HYBRID_ENTRIES11', cell 'C24106' does not drive any nets. (LINT-1)
Warning: In design 'recam_shared_config_analyzer_ROW_ADDR_W9_COL_ADDR_W5_DIFF_ADDR_W9_HYBRID_ENTRIES11', cell 'C24155' does not drive any nets. (LINT-1)
Warning: In design 'recam_shared_config_analyzer_ROW_ADDR_W9_COL_ADDR_W5_DIFF_ADDR_W9_HYBRID_ENTRIES11', cell 'C24197' does not drive any nets. (LINT-1)
Warning: In design 'recam_shared_config_analyzer_ROW_ADDR_W9_COL_ADDR_W5_DIFF_ADDR_W9_HYBRID_ENTRIES11', cell 'C24246' does not drive any nets. (LINT-1)
Warning: In design 'recam_shared_config_analyzer_ROW_ADDR_W9_COL_ADDR_W5_DIFF_ADDR_W9_HYBRID_ENTRIES11', cell 'C24297' does not drive any nets. (LINT-1)
Warning: In design 'recam_shared_config_analyzer_ROW_ADDR_W9_COL_ADDR_W5_DIFF_ADDR_W9_HYBRID_ENTRIES11', cell 'C24346' does not drive any nets. (LINT-1)
Warning: In design 'recam_shared_config_analyzer_ROW_ADDR_W9_COL_ADDR_W5_DIFF_ADDR_W9_HYBRID_ENTRIES11', cell 'C24388' does not drive any nets. (LINT-1)
Warning: In design 'recam_shared_config_analyzer_ROW_ADDR_W9_COL_ADDR_W5_DIFF_ADDR_W9_HYBRID_ENTRIES11', cell 'C24437' does not drive any nets. (LINT-1)
Warning: In design 'recam_shared_config_analyzer_ROW_ADDR_W9_COL_ADDR_W5_DIFF_ADDR_W9_HYBRID_ENTRIES11', cell 'C24488' does not drive any nets. (LINT-1)
Warning: In design 'recam_shared_config_analyzer_ROW_ADDR_W9_COL_ADDR_W5_DIFF_ADDR_W9_HYBRID_ENTRIES11', cell 'C24537' does not drive any nets. (LINT-1)
Warning: In design 'recam_shared_config_analyzer_ROW_ADDR_W9_COL_ADDR_W5_DIFF_ADDR_W9_HYBRID_ENTRIES11', cell 'C24579' does not drive any nets. (LINT-1)
Warning: In design 'recam_shared_config_analyzer_ROW_ADDR_W9_COL_ADDR_W5_DIFF_ADDR_W9_HYBRID_ENTRIES11', cell 'C24628' does not drive any nets. (LINT-1)
Warning: In design 'recam_shared_config_analyzer_ROW_ADDR_W9_COL_ADDR_W5_DIFF_ADDR_W9_HYBRID_ENTRIES11', cell 'C24679' does not drive any nets. (LINT-1)
Warning: In design 'recam_shared_config_analyzer_ROW_ADDR_W9_COL_ADDR_W5_DIFF_ADDR_W9_HYBRID_ENTRIES11', cell 'C24728' does not drive any nets. (LINT-1)
Warning: In design 'recam_shared_config_analyzer_ROW_ADDR_W9_COL_ADDR_W5_DIFF_ADDR_W9_HYBRID_ENTRIES11', cell 'C24770' does not drive any nets. (LINT-1)
Warning: In design 'recam_shared_config_analyzer_ROW_ADDR_W9_COL_ADDR_W5_DIFF_ADDR_W9_HYBRID_ENTRIES11', cell 'C24819' does not drive any nets. (LINT-1)
Warning: In design 'recam_shared_config_analyzer_ROW_ADDR_W9_COL_ADDR_W5_DIFF_ADDR_W9_HYBRID_ENTRIES11', cell 'C24870' does not drive any nets. (LINT-1)
Warning: In design 'recam_shared_config_analyzer_ROW_ADDR_W9_COL_ADDR_W5_DIFF_ADDR_W9_HYBRID_ENTRIES11', cell 'C24914' does not drive any nets. (LINT-1)
Warning: In design 'recam_shared_config_analyzer_ROW_ADDR_W9_COL_ADDR_W5_DIFF_ADDR_W9_HYBRID_ENTRIES11', cell 'C24956' does not drive any nets. (LINT-1)
Warning: In design 'recam_shared_config_analyzer_ROW_ADDR_W9_COL_ADDR_W5_DIFF_ADDR_W9_HYBRID_ENTRIES11', cell 'C25000' does not drive any nets. (LINT-1)
Warning: In design 'recam_shared_config_analyzer_ROW_ADDR_W9_COL_ADDR_W5_DIFF_ADDR_W9_HYBRID_ENTRIES11', cell 'B_1516' does not drive any nets. (LINT-1)
Warning: In design 'recam_shared_config_analyzer_ROW_ADDR_W9_COL_ADDR_W5_DIFF_ADDR_W9_HYBRID_ENTRIES11', cell 'B_1532' does not drive any nets. (LINT-1)
Warning: In design 'recam_shared_config_analyzer_ROW_ADDR_W9_COL_ADDR_W5_DIFF_ADDR_W9_HYBRID_ENTRIES11', cell 'B_1542' does not drive any nets. (LINT-1)
Warning: In design 'recam_shared_config_analyzer_ROW_ADDR_W9_COL_ADDR_W5_DIFF_ADDR_W9_HYBRID_ENTRIES11', cell 'B_1552' does not drive any nets. (LINT-1)
Warning: In design 'recam_shared_config_analyzer_ROW_ADDR_W9_COL_ADDR_W5_DIFF_ADDR_W9_HYBRID_ENTRIES11', cell 'B_1562' does not drive any nets. (LINT-1)
Warning: In design 'recam_shared_config_analyzer_ROW_ADDR_W9_COL_ADDR_W5_DIFF_ADDR_W9_HYBRID_ENTRIES11', cell 'B_1572' does not drive any nets. (LINT-1)
Warning: In design 'recam_shared_config_analyzer_ROW_ADDR_W9_COL_ADDR_W5_DIFF_ADDR_W9_HYBRID_ENTRIES11', cell 'B_1588' does not drive any nets. (LINT-1)
Warning: In design 'recam_shared_config_analyzer_ROW_ADDR_W9_COL_ADDR_W5_DIFF_ADDR_W9_HYBRID_ENTRIES11', cell 'B_1608' does not drive any nets. (LINT-1)
Warning: In design 'recam_shared_config_analyzer_ROW_ADDR_W9_COL_ADDR_W5_DIFF_ADDR_W9_HYBRID_ENTRIES11', cell 'B_1628' does not drive any nets. (LINT-1)
Warning: In design 'recam_shared_config_analyzer_ROW_ADDR_W9_COL_ADDR_W5_DIFF_ADDR_W9_HYBRID_ENTRIES11', cell 'B_1648' does not drive any nets. (LINT-1)
Warning: In design 'recam_shared_config_analyzer_ROW_ADDR_W9_COL_ADDR_W5_DIFF_ADDR_W9_HYBRID_ENTRIES11', cell 'C26990' does not drive any nets. (LINT-1)
Warning: In design 'recam_shared_config_analyzer_ROW_ADDR_W9_COL_ADDR_W5_DIFF_ADDR_W9_HYBRID_ENTRIES11', cell 'C26991' does not drive any nets. (LINT-1)
Warning: In design 'recam_shared_config_analyzer_ROW_ADDR_W9_COL_ADDR_W5_DIFF_ADDR_W9_HYBRID_ENTRIES11', cell 'C26992' does not drive any nets. (LINT-1)
Warning: In design 'recam_dss_grid2x2_directional_rs2_cs2_m1_early_noscratch_top', net 'current_slot[0]' driven by pin 'core/current_slot_o[0]' has no loads. (LINT-2)
Warning: In design 'recam_dss_grid2x2_directional_rs2_cs2_m1_early_noscratch_top', net 'current_slot[1]' driven by pin 'core/current_slot_o[1]' has no loads. (LINT-2)
1
