 
****************************************
Report : area
Design : recam_dss_grid2x2_directional_rs2_cs2_m1_early_noscratch_top
Version: W-2024.09-SP2
Date   : Wed Sep 23 03:52:46 2026
****************************************

Library(s) Used:

    slow (File: /cad/std_libraries/CBDK_TSMC018_Arm_f1.0/CIC/SynopsysDC/db/slow.db)

Number of ports:                         1428
Number of nets:                         10952
Number of cells:                         9566
Number of combinational cells:           9515
Number of sequential cells:                49
Number of macros/black boxes:               0
Number of buf/inv:                       3067
Number of references:                      62

Combinational area:             198107.080162
Buf/Inv area:                    40921.373507
Noncombinational area:            2717.668842
Macro/Black Box area:                0.000000
Net Interconnect area:          978231.570709

Total cell area:                200824.749004
Total area:                    1179056.319714

Hierarchical area distribution
------------------------------

                                  Global cell area             Local cell area
                                  --------------------  ------------------------------ 
Hierarchical cell                 Absolute     Percent  Combi-       Noncombi-  Black-
                                  Total        Total    national     national   boxes   Design
--------------------------------  -----------  -------  -----------  ---------  ------  ----------------------------------------------------------------------------------
recam_dss_grid2x2_directional_rs2_cs2_m1_early_noscratch_top
                                  200824.7490    100.0   26205.3794     0.0000  0.0000  recam_dss_grid2x2_directional_rs2_cs2_m1_early_noscratch_top
analyzer                          168362.4111     83.8  168362.4111     0.0000  0.0000  recam_shared_config_analyzer_ROW_ADDR_W9_COL_ADDR_W5_DIFF_ADDR_W9_HYBRID_ENTRIES11
core                                6256.9585      3.1    3539.2896  2717.6688  0.0000  recam_dss_grid2x2_directional_rs2_cs2_m1_early_noscratch_core
--------------------------------  -----------  -------  -----------  ---------  ------  ----------------------------------------------------------------------------------
Total                                                   198107.0802  2717.6688  0.0000

1
