 
****************************************
Report : qor
Design : recam_dss_grid2x2_directional_rs2_cs2_m1_early_noscratch_top
Version: W-2024.09-SP2
Date   : Wed Sep 23 03:52:46 2026
****************************************


  Timing Path Group 'recam_clk'
  -----------------------------------
  Levels of Logic:             102.00
  Critical Path Length:         19.72
  Critical Path Slack:           0.00
  Critical Path Clk Period:     20.00
  Total Negative Slack:          0.00
  No. of Violating Paths:        0.00
  Worst Hold Violation:          0.00
  Total Hold Violation:          0.00
  No. of Hold Violations:        0.00
  -----------------------------------


  Cell Count
  -----------------------------------
  Hierarchical Cell Count:          2
  Hierarchical Port Count:        340
  Leaf Cell Count:               9564
  Buf/Inv Cell Count:            3067
  Buf Cell Count:                 344
  Inv Cell Count:                2723
  CT Buf/Inv Cell Count:            0
  Combinational Cell Count:      9515
  Sequential Cell Count:           49
  Macro Count:                      0
  -----------------------------------


  Area
  -----------------------------------
  Combinational Area:   198107.080162
  Noncombinational Area:  2717.668842
  Buf/Inv Area:          40921.373507
  Total Buffer Area:          7827.02
  Total Inverter Area:       33094.35
  Macro/Black Box Area:      0.000000
  Net Area:             978231.570709
  -----------------------------------
  Cell Area:            200824.749004
  Design Area:         1179056.319714


  Design Rules
  -----------------------------------
  Total Number of Nets:         10616
  Nets With Violations:             0
  Max Trans Violations:             0
  Max Cap Violations:               0
  -----------------------------------


  Hostname: Kaohsiung

  Compile CPU Statistics
  -----------------------------------------
  Resource Sharing:                    2.97
  Logic Optimization:                311.59
  Mapping Optimization:               76.57
  -----------------------------------------
  Overall Compile Time:              400.60
  Overall Compile Wall Clock Time:   401.24

  --------------------------------------------------------------------

  Design  WNS: 0.00  TNS: 0.00  Number of Violating Paths: 0


  Design (Hold)  WNS: 0.00  TNS: 0.00  Number of Violating Paths: 0

  --------------------------------------------------------------------


1
