 
****************************************
Report : reference
Design : recam_dss_grid2x2_directional_rs2_cs2_m1_early_noscratch_top
Version: W-2024.09-SP2
Date   : Wed Sep 23 03:52:46 2026
****************************************

Attributes:
    b - black box (unknown)
   bo - allows boundary optimization
    d - dont_touch
   mo - map_only
    h - hierarchical
    n - noncombinational
    r - removable
    s - synthetic operator
    u - contains unmapped logic

Reference          Library       Unit Area   Count    Total Area   Attributes
-----------------------------------------------------------------------------
AND2X1             slow          13.305600      36    479.001606  
AND2X2             slow          13.305600     292   3885.235249  
AND2X4             slow          16.632000      17    282.743999  
AOI2BB2X1          slow          23.284800       2     46.569599  
AOI2BB2X2          slow          29.937599       2     59.875198  
AOI2BB2X4          slow          49.896000       9    449.063999  
AOI2BB2XL          slow          23.284800       1     23.284800  
AOI22X1            slow          16.632000     129   2145.527996  
AOI22X2            slow          29.937599      29    868.190376  
AOI22X4            slow          46.569599      53   2468.188755  
AOI22XL            slow          16.632000      94   1563.407997  
BUFX2              slow          13.305600       1     13.305600  
BUFX3              slow          13.305600       1     13.305600  
BUFX4              slow          16.632000       3     49.896000  
BUFX8              slow          29.937599      14    419.126389  
BUFX12             slow          33.264000      10    332.639999  
BUFX20             slow          53.222401       2    106.444801  
CLKBUFX2           slow          13.305600       3     39.916800  
CLKBUFX3           slow          13.305600       1     13.305600  
CLKBUFX8           slow          23.284800       1     23.284800  
CLKINVX1           slow           9.979200       1      9.979200  
CLKINVX2           slow           9.979200       9     89.812803  
CLKINVX3           slow           9.979200      49    488.980818  
CLKINVX4           slow          13.305600      34    452.390406  
CLKINVX8           slow          19.958401      73   1456.963253  
CLKINVX20          slow          96.465599       2    192.931198  
CLKINVXL           slow           9.979200       6     59.875202  
INVX1              slow           6.652800      50    332.640004  
INVX2              slow           9.979200      18    179.625607  
INVX3              slow          13.305600       9    119.750401  
INVX4              slow          13.305600      71    944.697612  
INVX8              slow          19.958401      77   1536.796856  
INVX12             slow          43.243198       7    302.702389  
INVX16             slow          56.548801       2    113.097603  
INVX20             slow          63.201599       5    316.007996  
INVXL              slow           6.652800      13     86.486401  
NAND2BX1           slow          13.305600       1     13.305600  
NAND2BX4           slow          26.611200       2     53.222401  
NAND2X1            slow           9.979200     113   1127.649641  
NAND2X2            slow          16.632000      25    415.799999  
NAND2X4            slow          23.284800      57   1327.233576  
NAND2XL            slow           9.979200       1      9.979200  
NAND3X4            slow          33.264000       2     66.528000  
NAND4BX2           slow          33.264000       1     33.264000  
NAND4BX4           slow          59.875198       3    179.625595  
NAND4X2            slow          29.937599       6    179.625595  
NAND4X4            slow          56.548801       2    113.097603  
NOR2BX2            slow          19.958401       1     19.958401  
NOR2BX4            slow          26.611200       2     53.222401  
NOR2X2             slow          16.632000       2     33.264000  
NOR2X4             slow          23.284800       9    209.563196  
OAI2BB2X1          slow          23.284800       1     23.284800  
OAI21X4            slow          36.590401       2     73.180801  
OAI22X1            slow          19.958401       1     19.958401  
OAI22X2            slow          29.937599       1     29.937599  
OAI22X4            slow          46.569599       4    186.278397  
OAI221X2           slow          43.243198       1     43.243198  
OR2X4              slow          19.958401       3     59.875202  
OR4X2              slow          19.958401      73   1456.963253  
OR4X4              slow          36.590401      14    512.265610  
recam_dss_grid2x2_directional_rs2_cs2_m1_early_noscratch_core
                               6256.958486       1   6256.958486  h, n
recam_shared_config_analyzer_ROW_ADDR_W9_COL_ADDR_W5_DIFF_ADDR_W9_HYBRID_ENTRIES11
                              168362.411137
                                                 1  168362.411137 h
-----------------------------------------------------------------------------
Total 62 references                                 200824.749004

****************************************
Design: recam_dss_grid2x2_directional_rs2_cs2_m1_early_noscratch_core 
****************************************
Reference          Library       Unit Area   Count    Total Area   Attributes
-----------------------------------------------------------------------------
AND2X2             slow          13.305600       2     26.611200  
AND2X4             slow          16.632000       1     16.632000  
AND3X2             slow          16.632000       2     33.264000  
AND3X4             slow          19.958401       3     59.875202  
AND4X2             slow          19.958401       1     19.958401  
AOI221X2           slow          39.916801       3    119.750404  
AOI222X1           slow          26.611200       1     26.611200  
AOI222XL           slow          26.611200       1     26.611200  
BUFX3              slow          13.305600       4     53.222401  
BUFX8              slow          29.937599       2     59.875198  
BUFX16             slow          43.243198       1     43.243198  
BUFX20             slow          53.222401       3    159.667202  
CLKBUFX3           slow          13.305600       1     13.305600  
CLKBUFX4           slow          16.632000       1     16.632000  
CLKINVX3           slow           9.979200       1      9.979200  
CLKINVX4           slow          13.305600       2     26.611200  
CLKINVX8           slow          19.958401       2     39.916801  
DFFHQX4            slow          73.180801       4    292.723206  n
DFFHQXL            slow          53.222401      36   1916.006424  n
DFFXL              slow          56.548801       9    508.939213  n
INVX1              slow           6.652800      47    312.681604  
INVX4              slow          13.305600       5     66.528001  
INVX8              slow          19.958401       7    139.708805  
INVX20             slow          63.201599       1     63.201599  
MX2X2              slow          29.937599       1     29.937599  
MXI2X1             slow          23.284800       4     93.139198  
MXI2X4             slow          46.569599       1     46.569599  
NAND2X1            slow           9.979200       2     19.958401  
NAND2X2            slow          16.632000       1     16.632000  
NAND2X4            slow          23.284800       2     46.569599  
NAND2XL            slow           9.979200       1      9.979200  
NAND3BX1           slow          16.632000       2     33.264000  
NAND3BX4           slow          36.590401       1     36.590401  
NAND3BXL           slow          16.632000       1     16.632000  
NAND3X1            slow          13.305600       2     26.611200  
NAND3X2            slow          23.284800       1     23.284800  
NAND4X1            slow          16.632000       1     16.632000  
NAND4XL            slow          16.632000       1     16.632000  
NOR2X1             slow           9.979200       1      9.979200  
NOR2X4             slow          23.284800       1     23.284800  
OAI2BB1X1          slow          16.632000       3     49.896000  
OAI2BB1X2          slow          23.284800       2     46.569599  
OAI2BB1X4          slow          33.264000       3     99.792000  
OAI2BB1XL          slow          16.632000       1     16.632000  
OAI2BB2X1          slow          23.284800       2     46.569599  
OAI2BB2X4          slow          49.896000       1     49.896000  
OAI22X1            slow          19.958401      17    339.292812  
OAI22X2            slow          29.937599       2     59.875198  
OAI22XL            slow          19.958401       6    119.750404  
OAI31X2            slow          29.937599       1     29.937599  
OAI32X1            slow          23.284800       1     23.284800  
OAI32X2            slow          36.590401       7    256.132805  
OAI211X2           slow          33.264000       1     33.264000  
OR2X1              slow          13.305600       2     26.611200  
OR2X2              slow          13.305600       7     93.139201  
OR2X4              slow          19.958401       9    179.625607  
OR2XL              slow          13.305600       9    119.750401  
OR3X4              slow          29.937599       1     29.937599  
XNOR2X2            slow          36.590401       1     36.590401  
XNOR2X4            slow          56.548801       1     56.548801  
XOR2X1             slow          26.611200       1     26.611200  
-----------------------------------------------------------------------------
Total 61 references                                  6256.958486

****************************************
Design: recam_shared_config_analyzer_ROW_ADDR_W9_COL_ADDR_W5_DIFF_ADDR_W9_HYBRID_ENTRIES11 
****************************************
Reference          Library       Unit Area   Count    Total Area   Attributes
-----------------------------------------------------------------------------
AND2X1             slow          13.305600      36    479.001606  
AND2X2             slow          13.305600      79   1051.142413  
AND2X4             slow          16.632000      61   1014.551998  
AND3X1             slow          16.632000      13    216.216000  
AND3X2             slow          16.632000      29    482.327999  
AND3X4             slow          19.958401      73   1456.963253  
AND4X1             slow          19.958401      13    259.459209  
AND4X2             slow          19.958401     100   1995.840073  
AND4X4             slow          36.590401      58   2122.243240  
AOI2BB1X1          slow          16.632000       9    149.688000  
AOI2BB1X2          slow          23.284800       5    116.423998  
AOI2BB1X4          slow          36.590401      10    365.904007  
AOI2BB1XL          slow          16.632000       3     49.896000  
AOI2BB2X1          slow          23.284800      52   1210.809578  
AOI2BB2X2          slow          29.937599      15    449.063988  
AOI2BB2X4          slow          49.896000      12    598.751999  
AOI2BB2XL          slow          23.284800       6    139.708797  
AOI21X1            slow          13.305600       3     39.916800  
AOI21X2            slow          23.284800       1     23.284800  
AOI21X4            slow          33.264000       7    232.848000  
AOI21XL            slow          13.305600       2     26.611200  
AOI22X1            slow          16.632000      16    266.112000  
AOI22X2            slow          29.937599       1     29.937599  
AOI22X4            slow          46.569599       2     93.139198  
AOI22XL            slow          16.632000       1     16.632000  
AOI31X1            slow          16.632000       9    149.688000  
AOI31X2            slow          29.937599      10    299.375992  
AOI31X4            slow          29.937599       1     29.937599  
AOI31XL            slow          16.632000       1     16.632000  
AOI32X1            slow          23.284800       2     46.569599  
AOI32X2            slow          36.590401       7    256.132805  
AOI32X4            slow          33.264000       1     33.264000  
AOI32XL            slow          23.284800       1     23.284800  
AOI33X1            slow          26.611200       5    133.056002  
AOI33X2            slow          43.243198       4    172.972794  
AOI33XL            slow          26.611200       1     26.611200  
AOI211X1           slow          16.632000       2     33.264000  
AOI211X2           slow          29.937599      15    449.063988  
AOI211X4           slow          33.264000       1     33.264000  
AOI221X1           slow          23.284800      15    349.271994  
AOI221X2           slow          39.916801       3    119.750404  
AOI221X4           slow          36.590401       2     73.180801  
AOI222X1           slow          26.611200      35    931.392012  
AOI222X2           slow          46.569599       9    419.126392  
AOI222X4           slow          39.916801       2     79.833603  
BUFX1              slow          13.305600       3     39.916800  
BUFX3              slow          13.305600     135   1796.256022  
BUFX4              slow          16.632000      19    316.007999  
BUFX8              slow          29.937599      50   1496.879959  
BUFX12             slow          33.264000      23    765.071999  
BUFX16             slow          43.243198       7    302.702389  
BUFX20             slow          53.222401      19   1011.225613  
CLKBUFX2           slow          13.305600       4     53.222401  
CLKBUFX3           slow          13.305600       7     93.139201  
CLKBUFX4           slow          16.632000       1     16.632000  
CLKBUFX8           slow          23.284800      10    232.847996  
CLKBUFXL           slow          13.305600       2     26.611200  
CLKINVX1           slow           9.979200      13    129.729605  
CLKINVX2           slow           9.979200      40    399.168015  
CLKINVX3           slow           9.979200     257   2564.654493  
CLKINVX4           slow          13.305600      55    731.808009  
CLKINVX8           slow          19.958401     155   3093.552113  
CLKINVX12          slow          63.201599       1     63.201599  
CLKINVX20          slow          96.465599       2    192.931198  
CLKINVXL           slow           9.979200      45    449.064016  
DLY1X1             slow          19.958401      16    319.334412  
INVX1              slow           6.652800     830   5521.824069  
INVX2              slow           9.979200     109   1087.732840  
INVX3              slow          13.305600      25    332.640004  
INVX4              slow          13.305600     287   3818.707248  
INVX8              slow          19.958401     242   4829.932976  
INVX12             slow          43.243198      21    908.107166  
INVX16             slow          56.548801       7    395.841610  
INVX20             slow          63.201599       5    316.007996  
INVXL              slow           6.652800     138    918.086411  
MX2X1              slow          26.611200     106   2820.787235  
MX2X2              slow          29.937599      12    359.251190  
MX2X4              slow          33.264000      33   1097.711998  
MX2XL              slow          26.611200       9    239.500803  
MXI2X1             slow          23.284800     115   2677.751951  
MXI2X2             slow          26.611200     112   2980.454437  
MXI2X4             slow          46.569599     129   6007.478291  
MXI2XL             slow          23.284800     132   3073.593544  
NAND2BX1           slow          13.305600       4     53.222401  
NAND2BX2           slow          19.958401      10    199.584007  
NAND2BX4           slow          26.611200      29    771.724810  
NAND2X1            slow           9.979200      72    718.502426  
NAND2X2            slow          16.632000      72   1197.503998  
NAND2X4            slow          23.284800     117   2724.321550  
NAND2XL            slow           9.979200      15    149.688005  
NAND3BX1           slow          16.632000       2     33.264000  
NAND3BX2           slow          26.611200      10    266.112003  
NAND3BX4           slow          36.590401      15    548.856010  
NAND3X1            slow          13.305600     232   3086.899239  
NAND3X2            slow          23.284800      54   1257.379177  
NAND3X4            slow          33.264000      99   3293.135994  
NAND3XL            slow          13.305600      66    878.169611  
NAND4BBX2          slow          36.590401       2     73.180801  
NAND4BBX4          slow          63.201599      14    884.822388  
NAND4BX1           slow          23.284800       1     23.284800  
NAND4BX2           slow          33.264000       7    232.848000  
NAND4BX4           slow          59.875198       9    538.876785  
NAND4BXL           slow          19.958401       3     59.875202  
NAND4X1            slow          16.632000     101   1679.831997  
NAND4X2            slow          29.937599      56   1676.505554  
NAND4X4            slow          56.548801      85   4806.648121  
NAND4XL            slow          16.632000      43    715.175999  
NOR2BX1            slow          13.305600       1     13.305600  
NOR2BX2            slow          19.958401       2     39.916801  
NOR2BX4            slow          26.611200      12    319.334404  
NOR2BXL            slow          13.305600       2     26.611200  
NOR2X1             slow           9.979200      48    479.001617  
NOR2X2             slow          16.632000      28    465.695999  
NOR2X4             slow          23.284800      76   1769.644768  
NOR2XL             slow           9.979200       8     79.833603  
NOR3BX1            slow          19.958401       1     19.958401  
NOR3BX2            slow          26.611200       1     26.611200  
NOR3BX4            slow          36.590401       4    146.361603  
NOR3BXL            slow          19.958401       2     39.916801  
NOR3X1             slow          13.305600       8    106.444801  
NOR3X2             slow          23.284800       5    116.423998  
NOR3X4             slow          33.264000      14    465.695999  
NOR3XL             slow          13.305600       2     26.611200  
NOR4BBX4           slow          66.528000       1     66.528000  
NOR4BX1            slow          19.958401       1     19.958401  
NOR4BX4            slow          59.875198       1     59.875198  
NOR4X1             slow          19.958401       1     19.958401  
NOR4X2             slow          29.937599       1     29.937599  
NOR4X4             slow          56.548801       5    282.744007  
OAI2BB1X1          slow          16.632000      57    948.023998  
OAI2BB1X2          slow          23.284800      45   1047.815981  
OAI2BB1X4          slow          33.264000      71   2361.743996  
OAI2BB1XL          slow          16.632000      15    249.480000  
OAI2BB2X2          slow          33.264000       4    133.056000  
OAI2BB2X4          slow          49.896000       2     99.792000  
OAI2BB2XL          slow          23.284800       1     23.284800  
OAI21X2            slow          26.611200       3     79.833601  
OAI21X4            slow          36.590401       5    182.952003  
OAI21XL            slow          13.305600       2     26.611200  
OAI22X1            slow          19.958401       8    159.667206  
OAI22X2            slow          29.937599      14    419.126389  
OAI22X4            slow          46.569599      11    512.265591  
OAI22XL            slow          19.958401      15    299.376011  
OAI31X1            slow          19.958401       1     19.958401  
OAI31X2            slow          29.937599      15    449.063988  
OAI31X4            slow          29.937599       9    269.438393  
OAI31XL            slow          19.958401       1     19.958401  
OAI32X1            slow          23.284800       1     23.284800  
OAI32X2            slow          36.590401      26    951.350418  
OAI32X4            slow          33.264000       7    232.848000  
OAI33X2            slow          43.243198       6    259.459190  
OAI33X4            slow          36.590401       2     73.180801  
OAI211X1           slow          19.958401      13    259.459209  
OAI211X2           slow          33.264000      27    898.127998  
OAI211X4           slow          29.937599      14    419.126389  
OAI211XL           slow          19.958401       3     59.875202  
OAI221X2           slow          43.243198       7    302.702389  
OAI221X4           slow          36.590401       6    219.542404  
OAI221XL           slow          23.284800       3     69.854399  
OAI222X1           slow          29.937599       3     89.812798  
OAI222X2           slow          49.896000       9    449.063999  
OAI222X4           slow          39.916801       1     39.916801  
OAI222XL           slow          26.611200       4    106.444801  
OR2X1              slow          13.305600      13    172.972802  
OR2X2              slow          13.305600     387   5149.267264  
OR2X4              slow          19.958401     303   6047.395420  
OR2XL              slow          13.305600      87   1157.587214  
OR3X4              slow          29.937599       5    149.687996  
OR3XL              slow          16.632000       2     33.264000  
OR4X1              slow          19.958401       8    159.667206  
OR4X2              slow          19.958401      72   1437.004852  
OR4X4              slow          36.590401      20    731.808014  
OR4XL              slow          19.958401       2     39.916801  
XNOR2X1            slow          26.611200      42   1117.670414  
XNOR2X2            slow          36.590401      23    841.579216  
XNOR2X4            slow          56.548801      35   1979.208050  
XNOR2XL            slow          26.611200       3     79.833601  
XOR2X1             slow          26.611200     701  18654.451433  
XOR2X2             slow          33.264000     224   7451.135986  
XOR2X4             slow          56.548801     178  10065.686653  
XOR2XL             slow          26.611200     101   2687.731234  
XOR3X2             slow          59.875198       2    119.750397  
-----------------------------------------------------------------------------
Total 182 references                                168362.411137
1
