 
****************************************
Report : area
Design : multi_config_analyzer_area_engine_HYBRID_ENTRY_NUM7
Version: W-2024.09-SP2
Date   : Wed Sep  9 14:43:11 2026
****************************************

Library(s) Used:

    slow (File: /cad/std_libraries/CBDK_TSMC018_Arm_f1.0/CIC/SynopsysDC/db/slow.db)

Number of ports:                         1439
Number of nets:                          6607
Number of cells:                         5199
Number of combinational cells:           4716
Number of sequential cells:               479
Number of macros/black boxes:               0
Number of buf/inv:                       1005
Number of references:                      27

Combinational area:              91223.194249
Buf/Inv area:                    20760.062452
Noncombinational area:           49363.776276
Macro/Black Box area:                0.000000
Net Interconnect area:          639943.241180

Total cell area:                140586.970525
Total area:                     780530.211705

Hierarchical area distribution
------------------------------

                                  Global cell area             Local cell area
                                  --------------------  ------------------------------ 
Hierarchical cell                 Absolute     Percent  Combi-      Noncombi-   Black-
                                  Total        Total    national    national    boxes   Design
--------------------------------  -----------  -------  ----------  ----------  ------  --------------------------------------------------------------------------------
multi_config_analyzer_area_engine_HYBRID_ENTRY_NUM7
                                  140586.9705    100.0  18671.0833  49363.7763  0.0000  multi_config_analyzer_area_engine_HYBRID_ENTRY_NUM7
analyzer                           49443.6102     35.2  49443.6102      0.0000  0.0000  config_candidate_evaluator_MAX_K5_HYBRID_ENTRY_NUM7_ROW_W10_COL_W10_CANDIDATE_W4
view                               23108.5008     16.4  23108.5008      0.0000  0.0000  config_logical_view_MAX_K5_NUM_CFG7_HYBRID_ENTRY_NUM7_ADDR_W10_PTR_W3
--------------------------------  -----------  -------  ----------  ----------  ------  --------------------------------------------------------------------------------
Total                                                   91223.1942  49363.7763  0.0000

1
