 
****************************************
check_design summary:
Version:     W-2024.09-SP2
Date:        Wed Sep  9 14:42:55 2026
****************************************

                   Name                                            Total
--------------------------------------------------------------------------------
Cells                                                              90
    Cells do not drive (LINT-1)                                    85
    Connected to power or ground (LINT-32)                          3
    Nets connected to multiple pins on same cell (LINT-33)          2
--------------------------------------------------------------------------------

Warning: In design 'multi_config_analyzer_area_engine_HYBRID_ENTRY_NUM7', cell 'C1588' does not drive any nets. (LINT-1)
Warning: In design 'multi_config_analyzer_area_engine_HYBRID_ENTRY_NUM7', cell 'C1602' does not drive any nets. (LINT-1)
Warning: In design 'multi_config_analyzer_area_engine_HYBRID_ENTRY_NUM7', cell 'C1603' does not drive any nets. (LINT-1)
Warning: In design 'multi_config_analyzer_area_engine_HYBRID_ENTRY_NUM7', cell 'C1606' does not drive any nets. (LINT-1)
Warning: In design 'multi_config_analyzer_area_engine_HYBRID_ENTRY_NUM7', cell 'C1607' does not drive any nets. (LINT-1)
Warning: In design 'multi_config_analyzer_area_engine_HYBRID_ENTRY_NUM7', cell 'C1613' does not drive any nets. (LINT-1)
Warning: In design 'multi_config_analyzer_area_engine_HYBRID_ENTRY_NUM7', cell 'C1616' does not drive any nets. (LINT-1)
Warning: In design 'config_logical_view_MAX_K5_NUM_CFG7_HYBRID_ENTRY_NUM7_ADDR_W10_PTR_W3', cell 'C4697' does not drive any nets. (LINT-1)
Warning: In design 'config_logical_view_MAX_K5_NUM_CFG7_HYBRID_ENTRY_NUM7_ADDR_W10_PTR_W3', cell 'C4698' does not drive any nets. (LINT-1)
Warning: In design 'config_logical_view_MAX_K5_NUM_CFG7_HYBRID_ENTRY_NUM7_ADDR_W10_PTR_W3', cell 'C4708' does not drive any nets. (LINT-1)
Warning: In design 'config_logical_view_MAX_K5_NUM_CFG7_HYBRID_ENTRY_NUM7_ADDR_W10_PTR_W3', cell 'C4709' does not drive any nets. (LINT-1)
Warning: In design 'config_logical_view_MAX_K5_NUM_CFG7_HYBRID_ENTRY_NUM7_ADDR_W10_PTR_W3', cell 'C4719' does not drive any nets. (LINT-1)
Warning: In design 'config_logical_view_MAX_K5_NUM_CFG7_HYBRID_ENTRY_NUM7_ADDR_W10_PTR_W3', cell 'C4720' does not drive any nets. (LINT-1)
Warning: In design 'config_logical_view_MAX_K5_NUM_CFG7_HYBRID_ENTRY_NUM7_ADDR_W10_PTR_W3', cell 'C4730' does not drive any nets. (LINT-1)
Warning: In design 'config_logical_view_MAX_K5_NUM_CFG7_HYBRID_ENTRY_NUM7_ADDR_W10_PTR_W3', cell 'C4731' does not drive any nets. (LINT-1)
Warning: In design 'config_logical_view_MAX_K5_NUM_CFG7_HYBRID_ENTRY_NUM7_ADDR_W10_PTR_W3', cell 'C4741' does not drive any nets. (LINT-1)
Warning: In design 'config_logical_view_MAX_K5_NUM_CFG7_HYBRID_ENTRY_NUM7_ADDR_W10_PTR_W3', cell 'C4742' does not drive any nets. (LINT-1)
Warning: In design 'config_logical_view_MAX_K5_NUM_CFG7_HYBRID_ENTRY_NUM7_ADDR_W10_PTR_W3', cell 'C4752' does not drive any nets. (LINT-1)
Warning: In design 'config_logical_view_MAX_K5_NUM_CFG7_HYBRID_ENTRY_NUM7_ADDR_W10_PTR_W3', cell 'C4753' does not drive any nets. (LINT-1)
Warning: In design 'config_logical_view_MAX_K5_NUM_CFG7_HYBRID_ENTRY_NUM7_ADDR_W10_PTR_W3', cell 'C4763' does not drive any nets. (LINT-1)
Warning: In design 'config_logical_view_MAX_K5_NUM_CFG7_HYBRID_ENTRY_NUM7_ADDR_W10_PTR_W3', cell 'C4764' does not drive any nets. (LINT-1)
Warning: In design 'config_candidate_evaluator_MAX_K5_HYBRID_ENTRY_NUM7_ROW_W10_COL_W10_CANDIDATE_W4', cell 'B_862' does not drive any nets. (LINT-1)
Warning: In design 'config_candidate_evaluator_MAX_K5_HYBRID_ENTRY_NUM7_ROW_W10_COL_W10_CANDIDATE_W4', cell 'B_863' does not drive any nets. (LINT-1)
Warning: In design 'config_candidate_evaluator_MAX_K5_HYBRID_ENTRY_NUM7_ROW_W10_COL_W10_CANDIDATE_W4', cell 'B_864' does not drive any nets. (LINT-1)
Warning: In design 'config_candidate_evaluator_MAX_K5_HYBRID_ENTRY_NUM7_ROW_W10_COL_W10_CANDIDATE_W4', cell 'B_865' does not drive any nets. (LINT-1)
Warning: In design 'config_candidate_evaluator_MAX_K5_HYBRID_ENTRY_NUM7_ROW_W10_COL_W10_CANDIDATE_W4', cell 'B_866' does not drive any nets. (LINT-1)
Warning: In design 'config_candidate_evaluator_MAX_K5_HYBRID_ENTRY_NUM7_ROW_W10_COL_W10_CANDIDATE_W4', cell 'B_867' does not drive any nets. (LINT-1)
Warning: In design 'config_candidate_evaluator_MAX_K5_HYBRID_ENTRY_NUM7_ROW_W10_COL_W10_CANDIDATE_W4', cell 'B_868' does not drive any nets. (LINT-1)
Warning: In design 'config_candidate_evaluator_MAX_K5_HYBRID_ENTRY_NUM7_ROW_W10_COL_W10_CANDIDATE_W4', cell 'B_869' does not drive any nets. (LINT-1)
Warning: In design 'config_candidate_evaluator_MAX_K5_HYBRID_ENTRY_NUM7_ROW_W10_COL_W10_CANDIDATE_W4', cell 'B_870' does not drive any nets. (LINT-1)
Warning: In design 'config_candidate_evaluator_MAX_K5_HYBRID_ENTRY_NUM7_ROW_W10_COL_W10_CANDIDATE_W4', cell 'B_871' does not drive any nets. (LINT-1)
Warning: In design 'config_candidate_evaluator_MAX_K5_HYBRID_ENTRY_NUM7_ROW_W10_COL_W10_CANDIDATE_W4', cell 'B_872' does not drive any nets. (LINT-1)
Warning: In design 'config_candidate_evaluator_MAX_K5_HYBRID_ENTRY_NUM7_ROW_W10_COL_W10_CANDIDATE_W4', cell 'B_873' does not drive any nets. (LINT-1)
Warning: In design 'config_candidate_evaluator_MAX_K5_HYBRID_ENTRY_NUM7_ROW_W10_COL_W10_CANDIDATE_W4', cell 'B_874' does not drive any nets. (LINT-1)
Warning: In design 'config_candidate_evaluator_MAX_K5_HYBRID_ENTRY_NUM7_ROW_W10_COL_W10_CANDIDATE_W4', cell 'B_875' does not drive any nets. (LINT-1)
Warning: In design 'config_candidate_evaluator_MAX_K5_HYBRID_ENTRY_NUM7_ROW_W10_COL_W10_CANDIDATE_W4', cell 'B_876' does not drive any nets. (LINT-1)
Warning: In design 'config_candidate_evaluator_MAX_K5_HYBRID_ENTRY_NUM7_ROW_W10_COL_W10_CANDIDATE_W4', cell 'B_877' does not drive any nets. (LINT-1)
Warning: In design 'config_candidate_evaluator_MAX_K5_HYBRID_ENTRY_NUM7_ROW_W10_COL_W10_CANDIDATE_W4', cell 'B_878' does not drive any nets. (LINT-1)
Warning: In design 'config_candidate_evaluator_MAX_K5_HYBRID_ENTRY_NUM7_ROW_W10_COL_W10_CANDIDATE_W4', cell 'B_879' does not drive any nets. (LINT-1)
Warning: In design 'config_candidate_evaluator_MAX_K5_HYBRID_ENTRY_NUM7_ROW_W10_COL_W10_CANDIDATE_W4', cell 'B_880' does not drive any nets. (LINT-1)
Warning: In design 'config_candidate_evaluator_MAX_K5_HYBRID_ENTRY_NUM7_ROW_W10_COL_W10_CANDIDATE_W4', cell 'B_881' does not drive any nets. (LINT-1)
Warning: In design 'config_candidate_evaluator_MAX_K5_HYBRID_ENTRY_NUM7_ROW_W10_COL_W10_CANDIDATE_W4', cell 'B_882' does not drive any nets. (LINT-1)
Warning: In design 'config_candidate_evaluator_MAX_K5_HYBRID_ENTRY_NUM7_ROW_W10_COL_W10_CANDIDATE_W4', cell 'C16593' does not drive any nets. (LINT-1)
Warning: In design 'config_candidate_evaluator_MAX_K5_HYBRID_ENTRY_NUM7_ROW_W10_COL_W10_CANDIDATE_W4', cell 'C16597' does not drive any nets. (LINT-1)
Warning: In design 'config_candidate_evaluator_MAX_K5_HYBRID_ENTRY_NUM7_ROW_W10_COL_W10_CANDIDATE_W4', cell 'C16601' does not drive any nets. (LINT-1)
Warning: In design 'config_candidate_evaluator_MAX_K5_HYBRID_ENTRY_NUM7_ROW_W10_COL_W10_CANDIDATE_W4', cell 'C16605' does not drive any nets. (LINT-1)
Warning: In design 'config_candidate_evaluator_MAX_K5_HYBRID_ENTRY_NUM7_ROW_W10_COL_W10_CANDIDATE_W4', cell 'C16607' does not drive any nets. (LINT-1)
Warning: In design 'config_candidate_evaluator_MAX_K5_HYBRID_ENTRY_NUM7_ROW_W10_COL_W10_CANDIDATE_W4', cell 'C16610' does not drive any nets. (LINT-1)
Warning: In design 'config_candidate_evaluator_MAX_K5_HYBRID_ENTRY_NUM7_ROW_W10_COL_W10_CANDIDATE_W4', cell 'C16616' does not drive any nets. (LINT-1)
Warning: In design 'config_candidate_evaluator_MAX_K5_HYBRID_ENTRY_NUM7_ROW_W10_COL_W10_CANDIDATE_W4', cell 'C16620' does not drive any nets. (LINT-1)
Warning: In design 'config_candidate_evaluator_MAX_K5_HYBRID_ENTRY_NUM7_ROW_W10_COL_W10_CANDIDATE_W4', cell 'C16624' does not drive any nets. (LINT-1)
Warning: In design 'config_candidate_evaluator_MAX_K5_HYBRID_ENTRY_NUM7_ROW_W10_COL_W10_CANDIDATE_W4', cell 'C16628' does not drive any nets. (LINT-1)
Warning: In design 'config_candidate_evaluator_MAX_K5_HYBRID_ENTRY_NUM7_ROW_W10_COL_W10_CANDIDATE_W4', cell 'C16630' does not drive any nets. (LINT-1)
Warning: In design 'config_candidate_evaluator_MAX_K5_HYBRID_ENTRY_NUM7_ROW_W10_COL_W10_CANDIDATE_W4', cell 'C16633' does not drive any nets. (LINT-1)
Warning: In design 'config_candidate_evaluator_MAX_K5_HYBRID_ENTRY_NUM7_ROW_W10_COL_W10_CANDIDATE_W4', cell 'C16639' does not drive any nets. (LINT-1)
Warning: In design 'config_candidate_evaluator_MAX_K5_HYBRID_ENTRY_NUM7_ROW_W10_COL_W10_CANDIDATE_W4', cell 'C16643' does not drive any nets. (LINT-1)
Warning: In design 'config_candidate_evaluator_MAX_K5_HYBRID_ENTRY_NUM7_ROW_W10_COL_W10_CANDIDATE_W4', cell 'C16647' does not drive any nets. (LINT-1)
Warning: In design 'config_candidate_evaluator_MAX_K5_HYBRID_ENTRY_NUM7_ROW_W10_COL_W10_CANDIDATE_W4', cell 'C16651' does not drive any nets. (LINT-1)
Warning: In design 'config_candidate_evaluator_MAX_K5_HYBRID_ENTRY_NUM7_ROW_W10_COL_W10_CANDIDATE_W4', cell 'C16653' does not drive any nets. (LINT-1)
Warning: In design 'config_candidate_evaluator_MAX_K5_HYBRID_ENTRY_NUM7_ROW_W10_COL_W10_CANDIDATE_W4', cell 'C16656' does not drive any nets. (LINT-1)
Warning: In design 'config_candidate_evaluator_MAX_K5_HYBRID_ENTRY_NUM7_ROW_W10_COL_W10_CANDIDATE_W4', cell 'C16662' does not drive any nets. (LINT-1)
Warning: In design 'config_candidate_evaluator_MAX_K5_HYBRID_ENTRY_NUM7_ROW_W10_COL_W10_CANDIDATE_W4', cell 'C16666' does not drive any nets. (LINT-1)
Warning: In design 'config_candidate_evaluator_MAX_K5_HYBRID_ENTRY_NUM7_ROW_W10_COL_W10_CANDIDATE_W4', cell 'C16670' does not drive any nets. (LINT-1)
Warning: In design 'config_candidate_evaluator_MAX_K5_HYBRID_ENTRY_NUM7_ROW_W10_COL_W10_CANDIDATE_W4', cell 'C16674' does not drive any nets. (LINT-1)
Warning: In design 'config_candidate_evaluator_MAX_K5_HYBRID_ENTRY_NUM7_ROW_W10_COL_W10_CANDIDATE_W4', cell 'C16676' does not drive any nets. (LINT-1)
Warning: In design 'config_candidate_evaluator_MAX_K5_HYBRID_ENTRY_NUM7_ROW_W10_COL_W10_CANDIDATE_W4', cell 'C16679' does not drive any nets. (LINT-1)
Warning: In design 'config_candidate_evaluator_MAX_K5_HYBRID_ENTRY_NUM7_ROW_W10_COL_W10_CANDIDATE_W4', cell 'C16685' does not drive any nets. (LINT-1)
Warning: In design 'config_candidate_evaluator_MAX_K5_HYBRID_ENTRY_NUM7_ROW_W10_COL_W10_CANDIDATE_W4', cell 'C16689' does not drive any nets. (LINT-1)
Warning: In design 'config_candidate_evaluator_MAX_K5_HYBRID_ENTRY_NUM7_ROW_W10_COL_W10_CANDIDATE_W4', cell 'C16693' does not drive any nets. (LINT-1)
Warning: In design 'config_candidate_evaluator_MAX_K5_HYBRID_ENTRY_NUM7_ROW_W10_COL_W10_CANDIDATE_W4', cell 'C16697' does not drive any nets. (LINT-1)
Warning: In design 'config_candidate_evaluator_MAX_K5_HYBRID_ENTRY_NUM7_ROW_W10_COL_W10_CANDIDATE_W4', cell 'C16699' does not drive any nets. (LINT-1)
Warning: In design 'config_candidate_evaluator_MAX_K5_HYBRID_ENTRY_NUM7_ROW_W10_COL_W10_CANDIDATE_W4', cell 'C16702' does not drive any nets. (LINT-1)
Warning: In design 'config_candidate_evaluator_MAX_K5_HYBRID_ENTRY_NUM7_ROW_W10_COL_W10_CANDIDATE_W4', cell 'C16708' does not drive any nets. (LINT-1)
Warning: In design 'config_candidate_evaluator_MAX_K5_HYBRID_ENTRY_NUM7_ROW_W10_COL_W10_CANDIDATE_W4', cell 'C16712' does not drive any nets. (LINT-1)
Warning: In design 'config_candidate_evaluator_MAX_K5_HYBRID_ENTRY_NUM7_ROW_W10_COL_W10_CANDIDATE_W4', cell 'C16716' does not drive any nets. (LINT-1)
Warning: In design 'config_candidate_evaluator_MAX_K5_HYBRID_ENTRY_NUM7_ROW_W10_COL_W10_CANDIDATE_W4', cell 'C16720' does not drive any nets. (LINT-1)
Warning: In design 'config_candidate_evaluator_MAX_K5_HYBRID_ENTRY_NUM7_ROW_W10_COL_W10_CANDIDATE_W4', cell 'C16722' does not drive any nets. (LINT-1)
Warning: In design 'config_candidate_evaluator_MAX_K5_HYBRID_ENTRY_NUM7_ROW_W10_COL_W10_CANDIDATE_W4', cell 'C16725' does not drive any nets. (LINT-1)
Warning: In design 'config_candidate_evaluator_MAX_K5_HYBRID_ENTRY_NUM7_ROW_W10_COL_W10_CANDIDATE_W4', cell 'C16737' does not drive any nets. (LINT-1)
Warning: In design 'config_candidate_evaluator_MAX_K5_HYBRID_ENTRY_NUM7_ROW_W10_COL_W10_CANDIDATE_W4', cell 'C16741' does not drive any nets. (LINT-1)
Warning: In design 'config_candidate_evaluator_MAX_K5_HYBRID_ENTRY_NUM7_ROW_W10_COL_W10_CANDIDATE_W4', cell 'C16743' does not drive any nets. (LINT-1)
Warning: In design 'config_candidate_evaluator_MAX_K5_HYBRID_ENTRY_NUM7_ROW_W10_COL_W10_CANDIDATE_W4', cell 'C16746' does not drive any nets. (LINT-1)
Warning: In design 'config_candidate_evaluator_MAX_K5_HYBRID_ENTRY_NUM7_ROW_W10_COL_W10_CANDIDATE_W4', cell 'C16747' does not drive any nets. (LINT-1)
Warning: In design 'config_candidate_evaluator_MAX_K5_HYBRID_ENTRY_NUM7_ROW_W10_COL_W10_CANDIDATE_W4', cell 'C16748' does not drive any nets. (LINT-1)
Warning: In design 'config_candidate_evaluator_MAX_K5_HYBRID_ENTRY_NUM7_ROW_W10_COL_W10_CANDIDATE_W4', cell 'C16749' does not drive any nets. (LINT-1)
Warning: In design 'multi_config_analyzer_area_engine_HYBRID_ENTRY_NUM7', a pin on submodule 'analyzer' is connected to logic 1 or logic 0. (LINT-32)
   Pin 'active_rows_i[2]' is connected to logic 0. 
Warning: In design 'multi_config_analyzer_area_engine_HYBRID_ENTRY_NUM7', a pin on submodule 'analyzer' is connected to logic 1 or logic 0. (LINT-32)
   Pin 'active_rows_i[1]' is connected to logic 1. 
Warning: In design 'multi_config_analyzer_area_engine_HYBRID_ENTRY_NUM7', a pin on submodule 'analyzer' is connected to logic 1 or logic 0. (LINT-32)
   Pin 'active_cols_i[2]' is connected to logic 0. 
Warning: In design 'multi_config_analyzer_area_engine_HYBRID_ENTRY_NUM7', the same net is connected to more than one pin on submodule 'view'. (LINT-33)
   Net 'active_cfg[2]' is connected to pins 'config_id_i[2]', 'transpose_i''.
Warning: In design 'multi_config_analyzer_area_engine_HYBRID_ENTRY_NUM7', the same net is connected to more than one pin on submodule 'analyzer'. (LINT-33)
   Net '*Logic0*' is connected to pins 'active_rows_i[2]', 'active_cols_i[2]''.
1
