 
****************************************
Report : qor
Design : multi_config_analyzer_area_engine_HYBRID_ENTRY_NUM7
Version: W-2024.09-SP2
Date   : Wed Sep  9 14:43:12 2026
****************************************


  Timing Path Group 'clk'
  -----------------------------------
  Levels of Logic:             168.00
  Critical Path Length:         99.05
  Critical Path Slack:         -79.59
  Critical Path Clk Period:     20.00
  Total Negative Slack:      -3161.68
  No. of Violating Paths:       40.00
  Worst Hold Violation:          0.00
  Total Hold Violation:          0.00
  No. of Hold Violations:        0.00
  -----------------------------------


  Cell Count
  -----------------------------------
  Hierarchical Cell Count:          2
  Hierarchical Port Count:        969
  Leaf Cell Count:               5195
  Buf/Inv Cell Count:            1005
  Buf Cell Count:                   0
  Inv Cell Count:                1005
  CT Buf/Inv Cell Count:            0
  Combinational Cell Count:      4716
  Sequential Cell Count:          479
  Macro Count:                      0
  -----------------------------------


  Area
  -----------------------------------
  Combinational Area:    91223.194249
  Noncombinational Area: 49363.776276
  Buf/Inv Area:          20760.062452
  Total Buffer Area:             0.00
  Total Inverter Area:       20760.06
  Macro/Black Box Area:      0.000000
  Net Area:             639943.241180
  -----------------------------------
  Cell Area:            140586.970525
  Design Area:          780530.211705


  Design Rules
  -----------------------------------
  Total Number of Nets:          5638
  Nets With Violations:           210
  Max Trans Violations:            47
  Max Cap Violations:             204
  Max Fanout Violations:          202
  -----------------------------------


  Hostname: Kaohsiung

  Compile CPU Statistics
  -----------------------------------------
  Resource Sharing:                    3.67
  Logic Optimization:                  7.33
  Mapping Optimization:                0.14
  -----------------------------------------
  Overall Compile Time:               16.07
  Overall Compile Wall Clock Time:    16.42

  --------------------------------------------------------------------

  Design  WNS: 79.59  TNS: 3161.68  Number of Violating Paths: 40


  Design (Hold)  WNS: 0.00  TNS: 0.00  Number of Violating Paths: 0

  --------------------------------------------------------------------


1
