 
****************************************
Report : reference
Design : multi_config_analyzer_area_engine_HYBRID_ENTRY_NUM7
Version: W-2024.09-SP2
Date   : Wed Sep  9 14:43:11 2026
****************************************

Attributes:
    b - black box (unknown)
   bo - allows boundary optimization
    d - dont_touch
   mo - map_only
    h - hierarchical
    n - noncombinational
    r - removable
    s - synthetic operator
    u - contains unmapped logic

Reference          Library       Unit Area   Count    Total Area   Attributes
-----------------------------------------------------------------------------
AND2X1             slow          13.305600       1     13.305600  
AOI2BB2X1          slow          23.284800       1     23.284800  
AOI21X1            slow          13.305600       6     79.833601  
CLKINVX16          slow          83.160004      16   1330.560059  
CLKINVX20          slow          96.465599     106  10225.353500  
DFFHQX4            slow          73.180801       1     73.180801  n
EDFFX4             slow         103.118401     478  49290.595474  n
INVX1              slow           6.652800      11     73.180801  
MXI2X1             slow          23.284800       1     23.284800  
NAND2BX1           slow          13.305600       3     39.916800  
NAND2X1            slow           9.979200      15    149.688005  
NAND3X1            slow          13.305600       5     66.528001  
NAND4X1            slow          16.632000       2     33.264000  
NOR2BX1            slow          13.305600     433   5761.324872  
NOR2X1             slow           9.979200       5     49.896002  
NOR3X1             slow          13.305600       1     13.305600  
OAI2BB1X1          slow          16.632000       2     33.264000  
OAI2BB2X1          slow          23.284800       3     69.854399  
OAI21XL            slow          13.305600       8    106.444801  
OAI22X1            slow          19.958401       1     19.958401  
OAI31X1            slow          19.958401       4     79.833603  
OAI222XL           slow          26.611200       4    106.444801  
OR2X1              slow          13.305600       2     26.611200  
XNOR2X1            slow          26.611200       5    133.056002  
XOR2X1             slow          26.611200       8    212.889603  
config_candidate_evaluator_MAX_K5_HYBRID_ENTRY_NUM7_ROW_W10_COL_W10_CANDIDATE_W4
                              49443.610214       1  49443.610214  h
config_logical_view_MAX_K5_NUM_CFG7_HYBRID_ENTRY_NUM7_ADDR_W10_PTR_W3
                              23108.500784       1  23108.500784  h
-----------------------------------------------------------------------------
Total 27 references                                 140586.970525

****************************************
Design: config_candidate_evaluator_MAX_K5_HYBRID_ENTRY_NUM7_ROW_W10_COL_W10_CANDIDATE_W4 
****************************************
Reference          Library       Unit Area   Count    Total Area   Attributes
-----------------------------------------------------------------------------
AND2X1             slow          13.305600      11    146.361602  
AND3X1             slow          16.632000      18    299.375999  
AND4X1             slow          19.958401      14    279.417610  
AOI2BB1X1          slow          16.632000      15    249.480000  
AOI2BB2X1          slow          23.284800       5    116.423998  
AOI21X1            slow          13.305600      36    479.001606  
AOI22X1            slow          16.632000     254   4224.527992  
AOI31X1            slow          16.632000      29    482.327999  
AOI32X1            slow          23.284800      10    232.847996  
AOI33X1            slow          26.611200       2     53.222401  
AOI211X1           slow          16.632000      13    216.216000  
AOI221X1           slow          23.284800      15    349.271994  
AOI222X1           slow          26.611200      40   1064.448013  
INVX1              slow           6.652800     488   3246.566441  
MX2X1              slow          26.611200      83   2208.729628  
MXI2X1             slow          23.284800      68   1583.366371  
NAND2BX1           slow          13.305600      15    199.584002  
NAND2X1            slow           9.979200     136   1357.171249  
NAND3BX1           slow          16.632000      12    199.584000  
NAND3X1            slow          13.305600     101   1343.865617  
NAND4BBX1          slow          26.611200       2     53.222401  
NAND4BXL           slow          19.958401      17    339.292812  
NAND4X1            slow          16.632000     116   1929.311996  
NOR2BX1            slow          13.305600      26    345.945604  
NOR2X1             slow           9.979200      91    908.107233  
NOR3BX1            slow          19.958401       6    119.750404  
NOR3X1             slow          13.305600     135   1796.256022  
NOR4BBX1           slow          26.611200       3     79.833601  
NOR4BX1            slow          19.958401      15    299.376011  
NOR4X1             slow          19.958401      32    638.668823  
OAI2BB1X1          slow          16.632000      14    232.848000  
OAI2BB2X1          slow          23.284800       1     23.284800  
OAI21XL            slow          13.305600      68    904.780811  
OAI22X1            slow          19.958401     200   3991.680145  
OAI31X1            slow          19.958401       9    179.625607  
OAI32X1            slow          23.284800       1     23.284800  
OAI211X1           slow          19.958401      13    259.459209  
OAI221XL           slow          23.284800      32    745.113586  
OAI222XL           slow          26.611200      13    345.945604  
OR2X1              slow          13.305600       4     53.222401  
OR4X1              slow          19.958401       6    119.750404  
XNOR2X1            slow          26.611200      32    851.558411  
XOR2X1             slow          26.611200     634  16871.501011  
-----------------------------------------------------------------------------
Total 43 references                                 49443.610214

****************************************
Design: config_logical_view_MAX_K5_NUM_CFG7_HYBRID_ENTRY_NUM7_ADDR_W10_PTR_W3 
****************************************
Reference          Library       Unit Area   Count    Total Area   Attributes
-----------------------------------------------------------------------------
AND2X1             slow          13.305600      15    199.584002  
AND3X1             slow          16.632000      11    182.952000  
AND4X1             slow          19.958401       6    119.750404  
AOI21X1            slow          13.305600       6     79.833601  
AOI22X1            slow          16.632000     183   3043.655994  
AOI31X1            slow          16.632000       1     16.632000  
AOI32X1            slow          23.284800      14    325.987194  
AOI211X1           slow          16.632000       1     16.632000  
AOI222X1           slow          26.611200      40   1064.448013  
CLKINVX16          slow          83.160004      13   1081.080048  
CLKINVX20          slow          96.465599      26   2508.105576  
INVX1              slow           6.652800     345   2295.216029  
MXI2X1             slow          23.284800     278   6473.174282  
NAND2X1            slow           9.979200      38    379.209614  
NAND3X1            slow          13.305600       1     13.305600  
NAND4X1            slow          16.632000      10    166.320000  
NOR2BX1            slow          13.305600       7     93.139201  
NOR2X1             slow           9.979200      35    349.272013  
NOR3X1             slow          13.305600       4     53.222401  
OAI2BB1X1          slow          16.632000       7    116.424000  
OAI21XL            slow          13.305600      29    385.862405  
OAI211X1           slow          19.958401      14    279.417610  
OAI221XL           slow          23.284800      70   1629.935970  
OAI222XL           slow          26.611200      42   1117.670414  
XNOR2X1            slow          26.611200      28    745.113609  
XOR2X1             slow          26.611200      14    372.556805  
-----------------------------------------------------------------------------
Total 26 references                                 23108.500784
1
