 
****************************************
Report : resources
Design : multi_config_analyzer_area_engine_HYBRID_ENTRY_NUM7
Version: W-2024.09-SP2
Date   : Wed Sep  9 14:43:11 2026
****************************************

Resource Sharing Report for design
        multi_config_analyzer_area_engine_HYBRID_ENTRY_NUM7 in file
        /home/asd9112000/repair_rate/rtl/dss_2x2/analyzer/multi_config_analyzer_area_engine.sv

===============================================================================
|          |              |            | Contained     |                      |
| Resource | Module       | Parameters | Resources     | Contained Operations |
===============================================================================
| r63      | DW01_cmp6    | width=4    |               | eq_127               |
| r73      | DW01_inc     | width=3    |               | add_139              |
| r74      | DW01_dec     | width=4    |               | sub_127              |
| r434     | DW01_sub     | width=4    |               | sub_123 sub_132      |
| r435     | DW01_inc     | width=4    |               | add_125 add_134      |
|          |              |            |               | add_140              |
===============================================================================


No implementations to report
 
****************************************
Design : config_candidate_evaluator_MAX_K5_HYBRID_ENTRY_NUM7_ROW_W10_COL_W10_CANDIDATE_W4
****************************************
Resource Sharing Report for design
        config_candidate_evaluator_MAX_K5_HYBRID_ENTRY_NUM7_ROW_W10_COL_W10_CANDIDATE_W4
        in file
        /home/asd9112000/repair_rate/rtl/dss_2x2/analyzer/config_candidate_evaluator.sv

===============================================================================
|          |              |            | Contained     |                      |
| Resource | Module       | Parameters | Resources     | Contained Operations |
===============================================================================
| r1161    | DW01_cmp6    | width=10   |               | eq_55_I5             |
| r1162    | DW01_cmp2    | width=3    |               | lt_55_I5_I4          |
| r1163    | DW01_add     | width=3    |               | add_32_S3            |
| r1171    | DW01_inc     | width=3    |               | add_65_S3_I6         |
| r4191    | DW_cmp       | width=3    |               | lt_35 lt_45_2_I2     |
|          |              |            |               | lt_45_2_I3           |
|          |              |            |               | lt_45_2_I4           |
|          |              |            |               | lt_45_2_I5           |
|          |              |            |               | lt_45_I2_I1          |
|          |              |            |               | lt_45_I3_I1          |
|          |              |            |               | lt_45_I4_I1          |
|          |              |            |               | lt_45_I5_I1          |
|          |              |            |               | lt_97_2_I2           |
|          |              |            |               | lt_97_2_I3           |
|          |              |            |               | lt_97_2_I4           |
|          |              |            |               | lt_97_2_I5           |
|          |              |            |               | lt_97_I2_I1          |
|          |              |            |               | lt_97_I3_I1          |
|          |              |            |               | lt_97_I4_I1          |
|          |              |            |               | lt_97_I5_I1          |
| r4192    | DW_cmp       | width=3    |               | lt_35_I2             |
|          |              |            |               | lt_45_2_I2_I1        |
|          |              |            |               | lt_45_2_I2_I3        |
|          |              |            |               | lt_45_2_I2_I4        |
|          |              |            |               | lt_45_2_I2_I5        |
|          |              |            |               | lt_45_I2 lt_45_I3_I2 |
|          |              |            |               | lt_45_I4_I2          |
|          |              |            |               | lt_45_I5_I2          |
|          |              |            |               | lt_97_2_I2_I1        |
|          |              |            |               | lt_97_2_I2_I3        |
|          |              |            |               | lt_97_2_I2_I4        |
|          |              |            |               | lt_97_2_I2_I5        |
|          |              |            |               | lt_97_I2 lt_97_I3_I2 |
|          |              |            |               | lt_97_I4_I2          |
|          |              |            |               | lt_97_I5_I2          |
| r4194    | DW_cmp       | width=3    |               | lt_35_I3             |
|          |              |            |               | lt_45_2_I3_I1        |
|          |              |            |               | lt_45_2_I3_I2        |
|          |              |            |               | lt_45_2_I3_I4        |
|          |              |            |               | lt_45_2_I3_I5        |
|          |              |            |               | lt_45_I2_I3 lt_45_I3 |
|          |              |            |               | lt_45_I4_I3          |
|          |              |            |               | lt_45_I5_I3          |
|          |              |            |               | lt_97_2_I3_I1        |
|          |              |            |               | lt_97_2_I3_I2        |
|          |              |            |               | lt_97_2_I3_I4        |
|          |              |            |               | lt_97_2_I3_I5        |
|          |              |            |               | lt_97_I2_I3 lt_97_I3 |
|          |              |            |               | lt_97_I4_I3          |
|          |              |            |               | lt_97_I5_I3          |
| r4195    | DW_cmp       | width=3    |               | lt_35_I4             |
|          |              |            |               | lt_45_2_I4_I1        |
|          |              |            |               | lt_45_2_I4_I2        |
|          |              |            |               | lt_45_2_I4_I3        |
|          |              |            |               | lt_45_2_I4_I5        |
|          |              |            |               | lt_45_I2_I4          |
|          |              |            |               | lt_45_I3_I4 lt_45_I4 |
|          |              |            |               | lt_45_I5_I4          |
|          |              |            |               | lt_97_2_I4_I1        |
|          |              |            |               | lt_97_2_I4_I2        |
|          |              |            |               | lt_97_2_I4_I3        |
|          |              |            |               | lt_97_2_I4_I5        |
|          |              |            |               | lt_97_I2_I4          |
|          |              |            |               | lt_97_I3_I4 lt_97_I4 |
|          |              |            |               | lt_97_I5_I4          |
| r4197    | DW_cmp       | width=3    |               | lt_35_I5             |
|          |              |            |               | lt_45_2_I5_I1        |
|          |              |            |               | lt_45_2_I5_I2        |
|          |              |            |               | lt_45_2_I5_I3        |
|          |              |            |               | lt_45_2_I5_I4        |
|          |              |            |               | lt_45_I2_I5          |
|          |              |            |               | lt_45_I3_I5          |
|          |              |            |               | lt_45_I4_I5 lt_45_I5 |
|          |              |            |               | lt_97_2_I5_I1        |
|          |              |            |               | lt_97_2_I5_I2        |
|          |              |            |               | lt_97_2_I5_I3        |
|          |              |            |               | lt_97_2_I5_I4        |
|          |              |            |               | lt_97_I2_I5          |
|          |              |            |               | lt_97_I3_I5          |
|          |              |            |               | lt_97_I4_I5 lt_97_I5 |
| r4199    | DW_cmp       | width=3    |               | lt_46_2_I2_I1        |
|          |              |            |               | lt_46_2_I3_I1        |
|          |              |            |               | lt_46_2_I4_I1        |
|          |              |            |               | lt_46_2_I5_I1        |
|          |              |            |               | lt_46_3_I2           |
|          |              |            |               | lt_46_3_I3           |
|          |              |            |               | lt_46_3_I4           |
|          |              |            |               | lt_46_3_I5 lt_52     |
|          |              |            |               | lt_55                |
| r4200    | DW_cmp       | width=3    |               | lt_46_2_I2           |
|          |              |            |               | lt_46_2_I3_I2        |
|          |              |            |               | lt_46_2_I4_I2        |
|          |              |            |               | lt_46_2_I5_I2        |
|          |              |            |               | lt_46_3_I2_I1        |
|          |              |            |               | lt_46_3_I2_I3        |
|          |              |            |               | lt_46_3_I2_I4        |
|          |              |            |               | lt_46_3_I2_I5        |
|          |              |            |               | lt_52_I2_I1          |
|          |              |            |               | lt_55_I2_I1          |
| r4201    | DW_cmp       | width=3    |               | lt_46_2_I2_I3        |
|          |              |            |               | lt_46_2_I3           |
|          |              |            |               | lt_46_2_I4_I3        |
|          |              |            |               | lt_46_2_I5_I3        |
|          |              |            |               | lt_46_3_I3_I1        |
|          |              |            |               | lt_46_3_I3_I2        |
|          |              |            |               | lt_46_3_I3_I4        |
|          |              |            |               | lt_46_3_I3_I5        |
|          |              |            |               | lt_52_I3_I1          |
|          |              |            |               | lt_55_I3_I1          |
| r4202    | DW_cmp       | width=3    |               | lt_46_2_I2_I4        |
|          |              |            |               | lt_46_2_I3_I4        |
|          |              |            |               | lt_46_2_I4           |
|          |              |            |               | lt_46_2_I5_I4        |
|          |              |            |               | lt_46_3_I4_I1        |
|          |              |            |               | lt_46_3_I4_I2        |
|          |              |            |               | lt_46_3_I4_I3        |
|          |              |            |               | lt_46_3_I4_I5        |
|          |              |            |               | lt_52_I4_I1          |
|          |              |            |               | lt_55_I4_I1          |
| r4203    | DW_cmp       | width=3    |               | lt_46_2_I2_I5        |
|          |              |            |               | lt_46_2_I3_I5        |
|          |              |            |               | lt_46_2_I4_I5        |
|          |              |            |               | lt_46_2_I5           |
|          |              |            |               | lt_46_3_I5_I1        |
|          |              |            |               | lt_46_3_I5_I2        |
|          |              |            |               | lt_46_3_I5_I3        |
|          |              |            |               | lt_46_3_I5_I4        |
|          |              |            |               | lt_52_I5_I1          |
|          |              |            |               | lt_55_I5_I1          |
| r4204    | DW_cmp       | width=3    |               | lt_48 lt_64 lt_66    |
| r4215    | DW_cmp       | width=3    |               | lt_61_S5 lt_61_S5_I2 |
|          |              |            |               | lt_61_S5_I3          |
|          |              |            |               | lt_61_S5_I4          |
|          |              |            |               | lt_61_S5_I5          |
|          |              |            |               | lt_61_S5_I6          |
|          |              |            |               | lt_61_S5_I7 lt_62_S5 |
|          |              |            |               | lt_62_S5_I2          |
|          |              |            |               | lt_62_S5_I3          |
|          |              |            |               | lt_62_S5_I4          |
|          |              |            |               | lt_62_S5_I5          |
|          |              |            |               | lt_62_S5_I6          |
|          |              |            |               | lt_62_S5_I7 lt_68_S5 |
|          |              |            |               | lt_68_S5_I2          |
|          |              |            |               | lt_68_S5_I3          |
|          |              |            |               | lt_68_S5_I4          |
|          |              |            |               | lt_68_S5_I5          |
|          |              |            |               | lt_68_S5_I6          |
|          |              |            |               | lt_68_S5_I7 lt_69_S5 |
|          |              |            |               | lt_69_S5_I2          |
|          |              |            |               | lt_69_S5_I3          |
|          |              |            |               | lt_69_S5_I4          |
|          |              |            |               | lt_69_S5_I5          |
|          |              |            |               | lt_69_S5_I6          |
|          |              |            |               | lt_69_S5_I7          |
| r4216    | DW_cmp       | width=3    |               | lt_61_S5_I2_I1       |
|          |              |            |               | lt_61_S5_I2_I2       |
|          |              |            |               | lt_61_S5_I2_I3       |
|          |              |            |               | lt_61_S5_I2_I4       |
|          |              |            |               | lt_61_S5_I2_I5       |
|          |              |            |               | lt_61_S5_I2_I6       |
|          |              |            |               | lt_61_S5_I2_I7       |
|          |              |            |               | lt_62_S5_I2_I1       |
|          |              |            |               | lt_62_S5_I2_I2       |
|          |              |            |               | lt_62_S5_I2_I3       |
|          |              |            |               | lt_62_S5_I2_I4       |
|          |              |            |               | lt_62_S5_I2_I5       |
|          |              |            |               | lt_62_S5_I2_I6       |
|          |              |            |               | lt_62_S5_I2_I7       |
|          |              |            |               | lt_68_S5_I2_I1       |
|          |              |            |               | lt_68_S5_I2_I2       |
|          |              |            |               | lt_68_S5_I2_I3       |
|          |              |            |               | lt_68_S5_I2_I4       |
|          |              |            |               | lt_68_S5_I2_I5       |
|          |              |            |               | lt_68_S5_I2_I6       |
|          |              |            |               | lt_68_S5_I2_I7       |
|          |              |            |               | lt_69_S5_I2_I1       |
|          |              |            |               | lt_69_S5_I2_I2       |
|          |              |            |               | lt_69_S5_I2_I3       |
|          |              |            |               | lt_69_S5_I2_I4       |
|          |              |            |               | lt_69_S5_I2_I5       |
|          |              |            |               | lt_69_S5_I2_I6       |
|          |              |            |               | lt_69_S5_I2_I7       |
| r4217    | DW_cmp       | width=3    |               | lt_61_S5_I3_I1       |
|          |              |            |               | lt_61_S5_I3_I2       |
|          |              |            |               | lt_61_S5_I3_I3       |
|          |              |            |               | lt_61_S5_I3_I4       |
|          |              |            |               | lt_61_S5_I3_I5       |
|          |              |            |               | lt_61_S5_I3_I6       |
|          |              |            |               | lt_61_S5_I3_I7       |
|          |              |            |               | lt_62_S5_I3_I1       |
|          |              |            |               | lt_62_S5_I3_I2       |
|          |              |            |               | lt_62_S5_I3_I3       |
|          |              |            |               | lt_62_S5_I3_I4       |
|          |              |            |               | lt_62_S5_I3_I5       |
|          |              |            |               | lt_62_S5_I3_I6       |
|          |              |            |               | lt_62_S5_I3_I7       |
|          |              |            |               | lt_68_S5_I3_I1       |
|          |              |            |               | lt_68_S5_I3_I2       |
|          |              |            |               | lt_68_S5_I3_I3       |
|          |              |            |               | lt_68_S5_I3_I4       |
|          |              |            |               | lt_68_S5_I3_I5       |
|          |              |            |               | lt_68_S5_I3_I6       |
|          |              |            |               | lt_68_S5_I3_I7       |
|          |              |            |               | lt_69_S5_I3_I1       |
|          |              |            |               | lt_69_S5_I3_I2       |
|          |              |            |               | lt_69_S5_I3_I3       |
|          |              |            |               | lt_69_S5_I3_I4       |
|          |              |            |               | lt_69_S5_I3_I5       |
|          |              |            |               | lt_69_S5_I3_I6       |
|          |              |            |               | lt_69_S5_I3_I7       |
| r4218    | DW_cmp       | width=3    |               | lt_61_S5_I4_I1       |
|          |              |            |               | lt_61_S5_I4_I2       |
|          |              |            |               | lt_61_S5_I4_I3       |
|          |              |            |               | lt_61_S5_I4_I4       |
|          |              |            |               | lt_61_S5_I4_I5       |
|          |              |            |               | lt_61_S5_I4_I6       |
|          |              |            |               | lt_61_S5_I4_I7       |
|          |              |            |               | lt_62_S5_I4_I1       |
|          |              |            |               | lt_62_S5_I4_I2       |
|          |              |            |               | lt_62_S5_I4_I3       |
|          |              |            |               | lt_62_S5_I4_I4       |
|          |              |            |               | lt_62_S5_I4_I5       |
|          |              |            |               | lt_62_S5_I4_I6       |
|          |              |            |               | lt_62_S5_I4_I7       |
|          |              |            |               | lt_68_S5_I4_I1       |
|          |              |            |               | lt_68_S5_I4_I2       |
|          |              |            |               | lt_68_S5_I4_I3       |
|          |              |            |               | lt_68_S5_I4_I4       |
|          |              |            |               | lt_68_S5_I4_I5       |
|          |              |            |               | lt_68_S5_I4_I6       |
|          |              |            |               | lt_68_S5_I4_I7       |
|          |              |            |               | lt_69_S5_I4_I1       |
|          |              |            |               | lt_69_S5_I4_I2       |
|          |              |            |               | lt_69_S5_I4_I3       |
|          |              |            |               | lt_69_S5_I4_I4       |
|          |              |            |               | lt_69_S5_I4_I5       |
|          |              |            |               | lt_69_S5_I4_I6       |
|          |              |            |               | lt_69_S5_I4_I7       |
| r4219    | DW_cmp       | width=3    |               | lt_61_S5_I5_I1       |
|          |              |            |               | lt_61_S5_I5_I2       |
|          |              |            |               | lt_61_S5_I5_I3       |
|          |              |            |               | lt_61_S5_I5_I4       |
|          |              |            |               | lt_61_S5_I5_I5       |
|          |              |            |               | lt_61_S5_I5_I6       |
|          |              |            |               | lt_61_S5_I5_I7       |
|          |              |            |               | lt_62_S5_I5_I1       |
|          |              |            |               | lt_62_S5_I5_I2       |
|          |              |            |               | lt_62_S5_I5_I3       |
|          |              |            |               | lt_62_S5_I5_I4       |
|          |              |            |               | lt_62_S5_I5_I5       |
|          |              |            |               | lt_62_S5_I5_I6       |
|          |              |            |               | lt_62_S5_I5_I7       |
|          |              |            |               | lt_68_S5_I5_I1       |
|          |              |            |               | lt_68_S5_I5_I2       |
|          |              |            |               | lt_68_S5_I5_I3       |
|          |              |            |               | lt_68_S5_I5_I4       |
|          |              |            |               | lt_68_S5_I5_I5       |
|          |              |            |               | lt_68_S5_I5_I6       |
|          |              |            |               | lt_68_S5_I5_I7       |
|          |              |            |               | lt_69_S5_I5_I1       |
|          |              |            |               | lt_69_S5_I5_I2       |
|          |              |            |               | lt_69_S5_I5_I3       |
|          |              |            |               | lt_69_S5_I5_I4       |
|          |              |            |               | lt_69_S5_I5_I5       |
|          |              |            |               | lt_69_S5_I5_I6       |
|          |              |            |               | lt_69_S5_I5_I7       |
| r4220    | DW01_inc     | width=3    |               | add_65_S3 add_67_S3  |
| r4546    | DW01_add     | width=2    |               | add_2_root_add_38_I4_aco |
| r4548    | DW01_add     | width=3    |               | add_1_root_add_38_I4_aco |
| r4550    | DW01_inc     | width=3    |               | add_38_I5            |
| r4620    | DW01_inc     | width=3    |               | add_65_S3_I2         |
| r4622    | DW01_inc     | width=3    |               | add_67_S3_I2         |
| r4672    | DW01_inc     | width=3    |               | add_65_S3_I3         |
| r4674    | DW01_inc     | width=3    |               | add_67_S3_I3         |
| r4724    | DW01_inc     | width=3    |               | add_65_S3_I4         |
| r4726    | DW01_inc     | width=3    |               | add_67_S3_I4         |
| r4776    | DW01_inc     | width=3    |               | add_65_S3_I5         |
| r4778    | DW01_inc     | width=3    |               | add_67_S3_I5         |
| r4830    | DW01_inc     | width=3    |               | add_67_S3_I6         |
| r4880    | DW01_cmp2    | width=3    |               | lt_55_I7             |
| r4881    | DW01_cmp6    | width=10   |               | eq_55_I4_I3          |
| r4882    | DW01_cmp2    | width=3    |               | lt_55_I2_I4          |
| r4883    | DW01_cmp2    | width=3    |               | lt_55_I4_I2          |
| r4884    | DW01_cmp2    | width=3    |               | lt_55_I5_I2          |
| r4885    | DW01_cmp6    | width=10   |               | eq_55_I4_I6          |
| r4886    | DW01_cmp2    | width=3    |               | lt_55_I5_I6          |
| r4887    | DW01_cmp6    | width=10   |               | eq_52_I5_I7          |
| r4888    | DW01_cmp6    | width=10   |               | eq_55_I5_I6          |
| r4889    | DW01_cmp6    | width=10   |               | eq_55_I3_I5          |
| r4890    | DW01_cmp2    | width=3    |               | lt_55_I3_I7          |
| r4891    | DW01_cmp6    | width=10   |               | eq_55_I2_I6          |
| r4892    | DW01_cmp2    | width=3    |               | lt_55_I2_I6          |
| r4893    | DW01_cmp2    | width=3    |               | lt_55_I2_I3          |
| r4894    | DW01_cmp2    | width=3    |               | lt_55_I6             |
| r4895    | DW01_cmp2    | width=3    |               | lt_55_I2_I7          |
| r4896    | DW01_cmp2    | width=3    |               | lt_52_I7             |
| r4897    | DW01_cmp6    | width=10   |               | eq_55_I3_I3          |
| r4898    | DW01_cmp2    | width=3    |               | lt_66_I4             |
| r4899    | DW01_cmp6    | width=10   |               | eq_55_I4_I7          |
| r4900    | DW01_cmp2    | width=3    |               | lt_55_I3_I2          |
| r4901    | DW01_cmp2    | width=3    |               | lt_55_I3             |
| r4902    | DW01_cmp6    | width=10   |               | eq_55_I2_I4          |
| r4903    | DW01_cmp2    | width=3    |               | lt_55_I2_I5          |
| r4904    | DW01_cmp6    | width=10   |               | eq_55_I2_I2          |
| r4905    | DW01_cmp6    | width=10   |               | eq_55_I5_I3          |
| r4906    | DW01_cmp6    | width=10   |               | eq_55_I4_I5          |
| r4907    | DW01_cmp2    | width=3    |               | lt_64_I7             |
| r4908    | DW01_cmp6    | width=10   |               | eq_55_I5_I2          |
| r4909    | DW01_cmp2    | width=3    |               | lt_66_I6             |
| r4910    | DW01_cmp6    | width=10   |               | eq_52_I2_I7          |
| r4911    | DW01_cmp2    | width=3    |               | lt_66_I5             |
| r4912    | DW01_cmp2    | width=3    |               | lt_52_I5_I7          |
| r4913    | DW01_cmp2    | width=3    |               | lt_55_I5_I3          |
| r4914    | DW01_cmp2    | width=3    |               | gte_70_2_I6          |
| r4915    | DW01_cmp2    | width=3    |               | gte_70_I6            |
| r4916    | DW01_cmp2    | width=3    |               | lt_55_I5_I5          |
| r4917    | DW01_cmp6    | width=10   |               | eq_55_I3_I2          |
| r4918    | DW01_cmp6    | width=10   |               | eq_55_I4_I4          |
| r4919    | DW01_cmp2    | width=3    |               | lt_55_I4_I3          |
| r4920    | DW01_cmp2    | width=3    |               | lt_52_I3_I7          |
| r4921    | DW01_cmp2    | width=3    |               | lt_55_I5             |
| r4922    | DW01_cmp2    | width=3    |               | lt_55_I3_I5          |
| r4923    | DW01_cmp6    | width=10   |               | eq_55_I7             |
| r4924    | DW01_cmp2    | width=3    |               | lt_52_I2_I7          |
| r4925    | DW01_cmp2    | width=3    |               | lt_55_I3_I6          |
| r4926    | DW01_cmp6    | width=10   |               | eq_52_I3_I7          |
| r4927    | DW01_cmp6    | width=10   |               | eq_52_I4_I7          |
| r4928    | DW01_cmp6    | width=10   |               | eq_55_I5_I4          |
| r4929    | DW01_cmp2    | width=3    |               | lt_55_I5_I7          |
| r4930    | DW01_cmp2    | width=3    |               | lt_66_I7             |
| r4931    | DW01_cmp2    | width=3    |               | lt_55_I3_I3          |
| r4932    | DW01_cmp6    | width=10   |               | eq_55_I2_I3          |
| r4933    | DW01_cmp6    | width=10   |               | eq_55_I3_I4          |
| r4934    | DW01_cmp2    | width=3    |               | lt_55_I2             |
| r4935    | DW01_cmp6    | width=10   |               | eq_55_I4             |
| r4936    | DW01_cmp2    | width=3    |               | lt_52_I4_I7          |
| r4937    | DW01_cmp2    | width=3    |               | lt_66_I3             |
| r4938    | DW01_cmp2    | width=3    |               | lt_55_I4_I4          |
| r4939    | DW01_cmp6    | width=10   |               | eq_55_I5_I5          |
| r4940    | DW01_cmp6    | width=10   |               | eq_55_I2_I5          |
| r4941    | DW01_cmp2    | width=3    |               | lt_55_I4_I6          |
| r4942    | DW01_cmp6    | width=10   |               | eq_55_I5_I7          |
| r4943    | DW01_cmp6    | width=10   |               | eq_55_I3_I6          |
| r4944    | DW01_cmp2    | width=3    |               | lt_55_I4             |
| r4945    | DW01_cmp2    | width=3    |               | lt_55_I3_I4          |
| r4946    | DW01_cmp2    | width=3    |               | lt_55_I2_I2          |
| r4947    | DW01_cmp2    | width=3    |               | lt_66_I2             |
| r4948    | DW01_cmp6    | width=10   |               | eq_55_I2_I7          |
| r4949    | DW01_cmp6    | width=10   |               | eq_55_I2             |
| r4950    | DW01_cmp6    | width=10   |               | eq_55_I3_I7          |
| r4951    | DW01_cmp6    | width=10   |               | eq_52_I7             |
| r4952    | DW01_cmp6    | width=10   |               | eq_55_I6             |
| r4953    | DW01_cmp2    | width=3    |               | lt_55_I4_I7          |
| r4954    | DW01_cmp2    | width=3    |               | lt_55_I4_I5          |
| r4955    | DW01_cmp6    | width=10   |               | eq_55_I3             |
| r4956    | DW01_cmp6    | width=10   |               | eq_55_I4_I2          |
| r4957    | DW01_cmp6    | width=10   |               | eq_52_I5_I6          |
| r4958    | DW01_cmp2    | width=3    |               | gte_70_2_I5          |
| r4960    | DW01_cmp2    | width=3    |               | gte_70_I5            |
| r4961    | DW01_cmp2    | width=3    |               | gte_70_2             |
| r4962    | DW01_cmp2    | width=3    |               | gte_70_I2            |
| r4963    | DW01_cmp2    | width=3    |               | gte_70_I4            |
| r4965    | DW01_cmp2    | width=3    |               | gte_70_2_I4          |
| r4966    | DW01_cmp2    | width=3    |               | gte_70_I3            |
| r4967    | DW01_cmp2    | width=3    |               | gte_70               |
| r4968    | DW01_cmp2    | width=3    |               | gte_70_2_I3          |
| r4969    | DW01_cmp2    | width=3    |               | gte_70_2_I2          |
| r4970    | DW01_cmp2    | width=3    |               | lt_52_I4_I6          |
| r4971    | DW01_cmp2    | width=3    |               | lt_52_I5_I6          |
| r4972    | DW01_cmp2    | width=3    |               | lt_52_I3_I6          |
| r4973    | DW01_cmp6    | width=10   |               | eq_52_I4_I6          |
| r4974    | DW01_cmp6    | width=10   |               | eq_52_I2_I6          |
| r4975    | DW01_cmp6    | width=10   |               | eq_52_I3_I6          |
| r4976    | DW01_cmp2    | width=3    |               | lt_64_I6             |
| r4977    | DW01_cmp6    | width=10   |               | eq_52_I6             |
| r4978    | DW01_cmp2    | width=3    |               | lt_52_I2_I6          |
| r4979    | DW01_cmp2    | width=3    |               | lt_52_I6             |
| r4980    | DW01_cmp6    | width=10   |               | eq_52_I2_I5          |
| r4981    | DW01_cmp2    | width=3    |               | lt_52_I3_I5          |
| r4983    | DW01_cmp2    | width=3    |               | lt_52_I2_I5          |
| r4984    | DW01_cmp6    | width=10   |               | eq_52_I4_I5          |
| r4985    | DW01_cmp2    | width=3    |               | lt_64_I5             |
| r4986    | DW01_cmp2    | width=3    |               | lt_52_I5             |
| r4987    | DW01_cmp2    | width=3    |               | lt_52_I4_I5          |
| r4988    | DW01_cmp2    | width=3    |               | lt_52_I5_I5          |
| r4989    | DW01_cmp6    | width=10   |               | eq_52_I5             |
| r4990    | DW01_cmp6    | width=10   |               | eq_52_I3_I5          |
| r4991    | DW01_cmp6    | width=10   |               | eq_52_I5_I5          |
| r4992    | DW01_cmp2    | width=3    |               | lt_64_I4             |
| r4993    | DW01_cmp6    | width=10   |               | eq_52_I4_I4          |
| r4995    | DW01_cmp2    | width=3    |               | lt_52_I4_I4          |
| r4996    | DW01_cmp6    | width=10   |               | eq_52_I5_I4          |
| r4997    | DW01_cmp6    | width=10   |               | eq_52_I4             |
| r4998    | DW01_cmp6    | width=10   |               | eq_52_I3_I4          |
| r4999    | DW01_cmp2    | width=3    |               | lt_52_I2_I4          |
| r5000    | DW01_cmp2    | width=3    |               | lt_52_I3_I4          |
| r5001    | DW01_cmp6    | width=10   |               | eq_52_I2_I4          |
| r5002    | DW01_cmp6    | width=10   |               | eq_52_I3             |
| r5003    | DW01_cmp2    | width=3    |               | lt_52_I5_I4          |
| r5004    | DW01_cmp2    | width=3    |               | lt_52_I4             |
| r5005    | DW01_cmp2    | width=3    |               | lt_52_I3             |
| r5007    | DW01_cmp2    | width=3    |               | lt_52_I4_I3          |
| r5008    | DW01_cmp2    | width=3    |               | lt_52_I2_I3          |
| r5009    | DW01_cmp2    | width=3    |               | lt_52_I3_I3          |
| r5010    | DW01_cmp6    | width=10   |               | eq_52_I4_I3          |
| r5011    | DW01_cmp2    | width=3    |               | lt_52_I5_I3          |
| r5012    | DW01_cmp2    | width=3    |               | lt_64_I3             |
| r5013    | DW01_cmp6    | width=10   |               | eq_52_I5_I3          |
| r5014    | DW01_cmp6    | width=10   |               | eq_52_I2_I3          |
| r5015    | DW01_cmp6    | width=10   |               | eq_52_I3_I3          |
| r5016    | DW01_cmp2    | width=3    |               | lt_52_I2_I2          |
| r5017    | DW01_cmp6    | width=10   |               | eq_52_I2_I2          |
| r5019    | DW01_cmp2    | width=3    |               | lt_52_I2             |
| r5020    | DW01_cmp2    | width=3    |               | lt_64_I2             |
| r5021    | DW01_cmp6    | width=10   |               | eq_52_I3_I2          |
| r5022    | DW01_cmp6    | width=10   |               | eq_52_I2             |
| r5023    | DW01_cmp2    | width=3    |               | lt_52_I3_I2          |
| r5024    | DW01_cmp2    | width=3    |               | lt_52_I5_I2          |
| r5025    | DW01_cmp2    | width=3    |               | lt_52_I4_I2          |
| r5026    | DW01_cmp6    | width=10   |               | eq_52_I5_I2          |
| r5027    | DW01_cmp6    | width=10   |               | eq_52_I4_I2          |
| r5028    | DW01_cmp6    | width=10   |               | eq_55_I2_I1          |
| r5030    | DW01_cmp6    | width=10   |               | eq_52_I4_I1          |
| r5031    | DW01_cmp6    | width=10   |               | eq_55                |
| r5032    | DW01_cmp6    | width=10   |               | eq_55_I5_I1          |
| r5033    | DW01_cmp6    | width=10   |               | eq_55_I4_I1          |
| r5034    | DW01_cmp6    | width=10   |               | eq_52_I2_I1          |
| r5035    | DW01_cmp6    | width=10   |               | eq_55_I3_I1          |
| r5036    | DW01_cmp6    | width=10   |               | eq_52_I3_I1          |
| r5037    | DW01_cmp6    | width=10   |               | eq_52_I5_I1          |
| r5038    | DW01_cmp6    | width=10   |               | eq_52                |
===============================================================================


No implementations to report
 
****************************************
Design : config_logical_view_MAX_K5_NUM_CFG7_HYBRID_ENTRY_NUM7_ADDR_W10_PTR_W3
****************************************
Resource Sharing Report for design
        config_logical_view_MAX_K5_NUM_CFG7_HYBRID_ENTRY_NUM7_ADDR_W10_PTR_W3
        in file
        /home/asd9112000/repair_rate/rtl/dss_2x2/analyzer/config_logical_view.sv

===============================================================================
|          |              |            | Contained     |                      |
| Resource | Module       | Parameters | Resources     | Contained Operations |
===============================================================================
| r112     | DW01_cmp2    | width=4    |               | lt_68_I2             |
| r591     | DW_mult_uns  | a_width=3  |               | mult_69 mult_69_2    |
|          |              | b_width=3  |               | mult_69_2_I2         |
|          |              |            |               | mult_69_2_I3         |
|          |              |            |               | mult_69_2_I4         |
|          |              |            |               | mult_69_2_I5         |
|          |              |            |               | mult_69_2_I6         |
|          |              |            |               | mult_69_2_I7         |
|          |              |            |               | mult_69_I2           |
|          |              |            |               | mult_69_I3           |
|          |              |            |               | mult_69_I4           |
|          |              |            |               | mult_69_I5           |
|          |              |            |               | mult_69_I6           |
|          |              |            |               | mult_69_I7           |
| r592     | DW01_add     | width=6    |               | add_69 add_69_2      |
| r594     | DW01_add     | width=6    |               | add_69_2_I2          |
|          |              |            |               | add_69_I2            |
| r596     | DW01_add     | width=6    |               | add_69_2_I3          |
|          |              |            |               | add_69_I3            |
| r598     | DW01_add     | width=6    |               | add_69_2_I4          |
|          |              |            |               | add_69_I4            |
| r600     | DW01_add     | width=6    |               | add_69_2_I5          |
|          |              |            |               | add_69_I5            |
| r602     | DW01_add     | width=6    |               | add_69_2_I6          |
|          |              |            |               | add_69_I6            |
| r604     | DW01_add     | width=6    |               | add_69_2_I7          |
|          |              |            |               | add_69_I7            |
| r626     | DW01_cmp2    | width=4    |               | lt_68_I6             |
| r627     | DW01_cmp2    | width=4    |               | lt_68                |
| r628     | DW01_cmp2    | width=4    |               | lt_68_I4             |
| r629     | DW01_cmp2    | width=4    |               | lt_68_I7             |
| r630     | DW01_cmp2    | width=4    |               | lt_68_I3             |
| r631     | DW01_cmp2    | width=4    |               | lt_68_I5             |
===============================================================================


No implementations to report
1
