 
****************************************
Report : qor
Design : recam_phase3j_full_early_top
Version: W-2024.09-SP2
Date   : Thu Sep 10 18:54:00 2026
****************************************


  Timing Path Group 'recam_clk'
  -----------------------------------
  Levels of Logic:              98.00
  Critical Path Length:         24.69
  Critical Path Slack:           0.00
  Critical Path Clk Period:     25.00
  Total Negative Slack:          0.00
  No. of Violating Paths:        0.00
  Worst Hold Violation:          0.00
  Total Hold Violation:          0.00
  No. of Hold Violations:        0.00
  -----------------------------------


  Cell Count
  -----------------------------------
  Hierarchical Cell Count:         10
  Hierarchical Port Count:       1361
  Leaf Cell Count:               5514
  Buf/Inv Cell Count:            1598
  Buf Cell Count:                  62
  Inv Cell Count:                1536
  CT Buf/Inv Cell Count:            0
  Combinational Cell Count:      5029
  Sequential Cell Count:          485
  Macro Count:                      0
  -----------------------------------


  Area
  -----------------------------------
  Combinational Area:    85980.787762
  Noncombinational Area: 25876.065926
  Buf/Inv Area:          12833.251408
  Total Buffer Area:          1021.20
  Total Inverter Area:       11812.05
  Macro/Black Box Area:      0.000000
  Net Area:             614089.784851
  -----------------------------------
  Cell Area:            111856.853688
  Design Area:          725946.638539


  Design Rules
  -----------------------------------
  Total Number of Nets:          5724
  Nets With Violations:             0
  Max Trans Violations:             0
  Max Cap Violations:               0
  -----------------------------------


  Hostname: Kaohsiung

  Compile CPU Statistics
  -----------------------------------------
  Resource Sharing:                    3.18
  Logic Optimization:                 18.81
  Mapping Optimization:                5.85
  -----------------------------------------
  Overall Compile Time:               35.23
  Overall Compile Wall Clock Time:    35.55

  --------------------------------------------------------------------

  Design  WNS: 0.00  TNS: 0.00  Number of Violating Paths: 0


  Design (Hold)  WNS: 0.00  TNS: 0.00  Number of Violating Paths: 0

  --------------------------------------------------------------------


1
