 
****************************************
check_design summary:
Version:     W-2024.09-SP2
Date:        Wed Sep  9 14:41:37 2026
****************************************

                   Name                                            Total
--------------------------------------------------------------------------------
Inputs/Outputs                                                     11
    Shorted outputs (LINT-31)                                       5
    Constant outputs (LINT-52)                                      6

Cells                                                              35
    Cells do not drive (LINT-1)                                    26
    Connected to power or ground (LINT-32)                          8
    Nets connected to multiple pins on same cell (LINT-33)          1

Nets                                                               22
    Unloaded nets (LINT-2)                                         22
--------------------------------------------------------------------------------

Warning: In design 'multi_config_group_selector', cell 'B_148' does not drive any nets. (LINT-1)
Warning: In design 'multi_config_group_selector', cell 'B_149' does not drive any nets. (LINT-1)
Warning: In design 'multi_config_group_selector', cell 'B_151' does not drive any nets. (LINT-1)
Warning: In design 'multi_config_group_selector', cell 'B_152' does not drive any nets. (LINT-1)
Warning: In design 'multi_config_group_selector', cell 'B_154' does not drive any nets. (LINT-1)
Warning: In design 'multi_config_group_selector', cell 'B_155' does not drive any nets. (LINT-1)
Warning: In design 'multi_config_group_selector', cell 'B_157' does not drive any nets. (LINT-1)
Warning: In design 'multi_config_group_selector', cell 'B_158' does not drive any nets. (LINT-1)
Warning: In design 'multi_config_group_selector', cell 'B_159' does not drive any nets. (LINT-1)
Warning: In design 'multi_config_group_selector', cell 'B_160' does not drive any nets. (LINT-1)
Warning: In design 'multi_config_group_selector', cell 'B_161' does not drive any nets. (LINT-1)
Warning: In design 'multi_config_group_selector', cell 'B_162' does not drive any nets. (LINT-1)
Warning: In design 'multi_config_group_selector', cell 'C2504' does not drive any nets. (LINT-1)
Warning: In design 'multi_config_group_selector', cell 'C2514' does not drive any nets. (LINT-1)
Warning: In design 'multi_config_group_selector', cell 'C2518' does not drive any nets. (LINT-1)
Warning: In design 'multi_config_group_selector', cell 'C2519' does not drive any nets. (LINT-1)
Warning: In design 'multi_config_group_selector', cell 'C2526' does not drive any nets. (LINT-1)
Warning: In design 'multi_config_group_selector', cell 'C2528' does not drive any nets. (LINT-1)
Warning: In design 'resource_tracker_RS2_CS2_SHARED_ROWS1_SHARED_COLS1_MAX_BORROWS3_TOPOLOGY1_SPARE_WIDTH3', cell 'B_11' does not drive any nets. (LINT-1)
Warning: In design 'resource_tracker_RS2_CS2_SHARED_ROWS1_SHARED_COLS1_MAX_BORROWS3_TOPOLOGY1_SPARE_WIDTH3', cell 'B_12' does not drive any nets. (LINT-1)
Warning: In design 'resource_tracker_RS2_CS2_SHARED_ROWS1_SHARED_COLS1_MAX_BORROWS3_TOPOLOGY1_SPARE_WIDTH3', cell 'B_13' does not drive any nets. (LINT-1)
Warning: In design 'resource_tracker_RS2_CS2_SHARED_ROWS1_SHARED_COLS1_MAX_BORROWS3_TOPOLOGY1_SPARE_WIDTH3', cell 'B_14' does not drive any nets. (LINT-1)
Warning: In design 'resource_tracker_RS2_CS2_SHARED_ROWS1_SHARED_COLS1_MAX_BORROWS3_TOPOLOGY1_SPARE_WIDTH3', cell 'B_15' does not drive any nets. (LINT-1)
Warning: In design 'resource_tracker_RS2_CS2_SHARED_ROWS1_SHARED_COLS1_MAX_BORROWS3_TOPOLOGY1_SPARE_WIDTH3', cell 'B_16' does not drive any nets. (LINT-1)
Warning: In design 'resource_tracker_RS2_CS2_SHARED_ROWS1_SHARED_COLS1_MAX_BORROWS3_TOPOLOGY1_SPARE_WIDTH3', cell 'B_17' does not drive any nets. (LINT-1)
Warning: In design 'resource_tracker_RS2_CS2_SHARED_ROWS1_SHARED_COLS1_MAX_BORROWS3_TOPOLOGY1_SPARE_WIDTH3', cell 'B_18' does not drive any nets. (LINT-1)
Warning: In design 'multi_config_group_selector', net 'unused_uc[0]' driven by pin 'ledger/used_cols_o[0]' has no loads. (LINT-2)
Warning: In design 'multi_config_group_selector', net 'unused_uc[1]' driven by pin 'ledger/used_cols_o[1]' has no loads. (LINT-2)
Warning: In design 'multi_config_group_selector', net 'unused_uc[2]' driven by pin 'ledger/used_cols_o[2]' has no loads. (LINT-2)
Warning: In design 'multi_config_group_selector', net 'unused_uc[3]' driven by pin 'ledger/used_cols_o[3]' has no loads. (LINT-2)
Warning: In design 'multi_config_group_selector', net 'unused_uc[4]' driven by pin 'ledger/used_cols_o[4]' has no loads. (LINT-2)
Warning: In design 'multi_config_group_selector', net 'unused_uc[5]' driven by pin 'ledger/used_cols_o[5]' has no loads. (LINT-2)
Warning: In design 'multi_config_group_selector', net 'unused_uc[6]' driven by pin 'ledger/used_cols_o[6]' has no loads. (LINT-2)
Warning: In design 'multi_config_group_selector', net 'unused_uc[7]' driven by pin 'ledger/used_cols_o[7]' has no loads. (LINT-2)
Warning: In design 'multi_config_group_selector', net 'unused_ur[5]' driven by pin 'ledger/used_rows_o[5]' has no loads. (LINT-2)
Warning: In design 'multi_config_group_selector', net 'unused_ur[6]' driven by pin 'ledger/used_rows_o[6]' has no loads. (LINT-2)
Warning: In design 'multi_config_group_selector', net 'unused_ur[7]' driven by pin 'ledger/used_rows_o[7]' has no loads. (LINT-2)
Warning: In design 'multi_config_group_selector', net 'unused_ur[0]' driven by pin 'ledger/used_rows_o[0]' has no loads. (LINT-2)
Warning: In design 'multi_config_group_selector', net 'unused_ur[1]' driven by pin 'ledger/used_rows_o[1]' has no loads. (LINT-2)
Warning: In design 'multi_config_group_selector', net 'unused_ur[2]' driven by pin 'ledger/used_rows_o[2]' has no loads. (LINT-2)
Warning: In design 'multi_config_group_selector', net 'unused_ur[3]' driven by pin 'ledger/used_rows_o[3]' has no loads. (LINT-2)
Warning: In design 'multi_config_group_selector', net 'unused_ur[4]' driven by pin 'ledger/used_rows_o[4]' has no loads. (LINT-2)
Warning: In design 'multi_config_group_selector', net 'unused_bc[0]' driven by pin 'ledger/borrowed_cols_o[0]' has no loads. (LINT-2)
Warning: In design 'multi_config_group_selector', net 'unused_bc[1]' driven by pin 'ledger/borrowed_cols_o[1]' has no loads. (LINT-2)
Warning: In design 'multi_config_group_selector', net 'unused_bc[2]' driven by pin 'ledger/borrowed_cols_o[2]' has no loads. (LINT-2)
Warning: In design 'multi_config_group_selector', net 'unused_br[0]' driven by pin 'ledger/borrowed_rows_o[0]' has no loads. (LINT-2)
Warning: In design 'multi_config_group_selector', net 'unused_br[1]' driven by pin 'ledger/borrowed_rows_o[1]' has no loads. (LINT-2)
Warning: In design 'multi_config_group_selector', net 'unused_br[2]' driven by pin 'ledger/borrowed_rows_o[2]' has no loads. (LINT-2)
Warning: In design 'resource_tracker_RS2_CS2_SHARED_ROWS1_SHARED_COLS1_MAX_BORROWS3_TOPOLOGY1_SPARE_WIDTH3', output port 'used_rows_o[7]' is connected directly to output port 'used_cols_o[5]'. (LINT-31)
Warning: In design 'resource_tracker_RS2_CS2_SHARED_ROWS1_SHARED_COLS1_MAX_BORROWS3_TOPOLOGY1_SPARE_WIDTH3', output port 'used_rows_o[7]' is connected directly to output port 'used_cols_o[6]'. (LINT-31)
Warning: In design 'resource_tracker_RS2_CS2_SHARED_ROWS1_SHARED_COLS1_MAX_BORROWS3_TOPOLOGY1_SPARE_WIDTH3', output port 'used_rows_o[7]' is connected directly to output port 'used_cols_o[7]'. (LINT-31)
Warning: In design 'resource_tracker_RS2_CS2_SHARED_ROWS1_SHARED_COLS1_MAX_BORROWS3_TOPOLOGY1_SPARE_WIDTH3', output port 'used_rows_o[7]' is connected directly to output port 'used_rows_o[5]'. (LINT-31)
Warning: In design 'resource_tracker_RS2_CS2_SHARED_ROWS1_SHARED_COLS1_MAX_BORROWS3_TOPOLOGY1_SPARE_WIDTH3', output port 'used_rows_o[7]' is connected directly to output port 'used_rows_o[6]'. (LINT-31)
Warning: In design 'multi_config_group_selector', a pin on submodule 'ledger' is connected to logic 1 or logic 0. (LINT-32)
   Pin 'demand_rows_i[11]' is connected to logic 0. 
Warning: In design 'multi_config_group_selector', a pin on submodule 'ledger' is connected to logic 1 or logic 0. (LINT-32)
   Pin 'demand_rows_i[8]' is connected to logic 0. 
Warning: In design 'multi_config_group_selector', a pin on submodule 'ledger' is connected to logic 1 or logic 0. (LINT-32)
   Pin 'demand_rows_i[5]' is connected to logic 0. 
Warning: In design 'multi_config_group_selector', a pin on submodule 'ledger' is connected to logic 1 or logic 0. (LINT-32)
   Pin 'demand_rows_i[2]' is connected to logic 0. 
Warning: In design 'multi_config_group_selector', a pin on submodule 'ledger' is connected to logic 1 or logic 0. (LINT-32)
   Pin 'demand_cols_i[11]' is connected to logic 0. 
Warning: In design 'multi_config_group_selector', a pin on submodule 'ledger' is connected to logic 1 or logic 0. (LINT-32)
   Pin 'demand_cols_i[8]' is connected to logic 0. 
Warning: In design 'multi_config_group_selector', a pin on submodule 'ledger' is connected to logic 1 or logic 0. (LINT-32)
   Pin 'demand_cols_i[5]' is connected to logic 0. 
Warning: In design 'multi_config_group_selector', a pin on submodule 'ledger' is connected to logic 1 or logic 0. (LINT-32)
   Pin 'demand_cols_i[2]' is connected to logic 0. 
Warning: In design 'multi_config_group_selector', the same net is connected to more than one pin on submodule 'ledger'. (LINT-33)
   Net '*Logic0*' is connected to pins 'demand_rows_i[11]', 'demand_rows_i[8]'', 'demand_rows_i[5]', 'demand_rows_i[2]', 'demand_cols_i[11]', 'demand_cols_i[8]', 'demand_cols_i[5]', 'demand_cols_i[2]'.
Warning: In design 'resource_tracker_RS2_CS2_SHARED_ROWS1_SHARED_COLS1_MAX_BORROWS3_TOPOLOGY1_SPARE_WIDTH3', output port 'used_rows_o[7]' is connected directly to 'logic 0'. (LINT-52)
Warning: In design 'resource_tracker_RS2_CS2_SHARED_ROWS1_SHARED_COLS1_MAX_BORROWS3_TOPOLOGY1_SPARE_WIDTH3', output port 'used_rows_o[6]' is connected directly to 'logic 0'. (LINT-52)
Warning: In design 'resource_tracker_RS2_CS2_SHARED_ROWS1_SHARED_COLS1_MAX_BORROWS3_TOPOLOGY1_SPARE_WIDTH3', output port 'used_rows_o[5]' is connected directly to 'logic 0'. (LINT-52)
Warning: In design 'resource_tracker_RS2_CS2_SHARED_ROWS1_SHARED_COLS1_MAX_BORROWS3_TOPOLOGY1_SPARE_WIDTH3', output port 'used_cols_o[7]' is connected directly to 'logic 0'. (LINT-52)
Warning: In design 'resource_tracker_RS2_CS2_SHARED_ROWS1_SHARED_COLS1_MAX_BORROWS3_TOPOLOGY1_SPARE_WIDTH3', output port 'used_cols_o[6]' is connected directly to 'logic 0'. (LINT-52)
Warning: In design 'resource_tracker_RS2_CS2_SHARED_ROWS1_SHARED_COLS1_MAX_BORROWS3_TOPOLOGY1_SPARE_WIDTH3', output port 'used_cols_o[5]' is connected directly to 'logic 0'. (LINT-52)
1
