 
****************************************
Report : constraint
        -all_violators
Design : multi_config_group_selector
Version: W-2024.09-SP2
Date   : Wed Sep  9 14:41:39 2026
****************************************


   max_transition

                             Required        Actual
   Net                      Transition     Transition        Slack
   -----------------------------------------------------------------
   N998                         3.00          12.80          -9.80  (VIOLATED)
       PIN :   best_borrow_reg[0]/E
                                3.00          12.80          -9.80  (VIOLATED)
       PIN :   selected_patterns_o_reg[6]/E
                                3.00          12.80          -9.80  (VIOLATED)
       PIN :   selected_patterns_o_reg[4]/E
                                3.00          12.80          -9.80  (VIOLATED)
       PIN :   selected_patterns_o_reg[2]/E
                                3.00          12.80          -9.80  (VIOLATED)
       PIN :   selected_patterns_o_reg[0]/E
                                3.00          12.80          -9.80  (VIOLATED)
       PIN :   selected_configs_o_reg[10]/E
                                3.00          12.80          -9.80  (VIOLATED)
       PIN :   selected_configs_o_reg[8]/E
                                3.00          12.80          -9.80  (VIOLATED)
       PIN :   selected_configs_o_reg[6]/E
                                3.00          12.80          -9.80  (VIOLATED)
       PIN :   selected_configs_o_reg[4]/E
                                3.00          12.80          -9.80  (VIOLATED)
       PIN :   selected_configs_o_reg[2]/E
                                3.00          12.80          -9.80  (VIOLATED)
       PIN :   selected_configs_o_reg[0]/E
                                3.00          12.80          -9.80  (VIOLATED)
       PIN :   best_borrow_reg[5]/E
                                3.00          12.80          -9.80  (VIOLATED)
       PIN :   best_borrow_reg[3]/E
                                3.00          12.80          -9.80  (VIOLATED)
       PIN :   best_borrow_reg[1]/E
                                3.00          12.80          -9.80  (VIOLATED)
       PIN :   selected_patterns_o_reg[15]/E
                                3.00          12.80          -9.80  (VIOLATED)
       PIN :   selected_patterns_o_reg[13]/E
                                3.00          12.80          -9.80  (VIOLATED)
       PIN :   selected_patterns_o_reg[11]/E
                                3.00          12.80          -9.80  (VIOLATED)
       PIN :   selected_patterns_o_reg[9]/E
                                3.00          12.80          -9.80  (VIOLATED)
       PIN :   selected_patterns_o_reg[7]/E
                                3.00          12.80          -9.80  (VIOLATED)
       PIN :   selected_patterns_o_reg[8]/E
                                3.00          12.80          -9.80  (VIOLATED)
       PIN :   selected_patterns_o_reg[10]/E
                                3.00          12.80          -9.80  (VIOLATED)
       PIN :   selected_patterns_o_reg[12]/E
                                3.00          12.80          -9.80  (VIOLATED)
       PIN :   selected_patterns_o_reg[14]/E
                                3.00          12.80          -9.80  (VIOLATED)
       PIN :   best_borrow_reg[2]/E
                                3.00          12.80          -9.80  (VIOLATED)
       PIN :   best_borrow_reg[4]/E
                                3.00          12.80          -9.80  (VIOLATED)
       PIN :   selected_configs_o_reg[1]/E
                                3.00          12.80          -9.80  (VIOLATED)
       PIN :   selected_configs_o_reg[3]/E
                                3.00          12.80          -9.80  (VIOLATED)
       PIN :   selected_configs_o_reg[5]/E
                                3.00          12.80          -9.80  (VIOLATED)
       PIN :   selected_configs_o_reg[7]/E
                                3.00          12.80          -9.80  (VIOLATED)
       PIN :   selected_configs_o_reg[9]/E
                                3.00          12.80          -9.80  (VIOLATED)
       PIN :   selected_configs_o_reg[11]/E
                                3.00          12.80          -9.80  (VIOLATED)
       PIN :   selected_patterns_o_reg[1]/E
                                3.00          12.80          -9.80  (VIOLATED)
       PIN :   selected_patterns_o_reg[3]/E
                                3.00          12.80          -9.80  (VIOLATED)
       PIN :   selected_patterns_o_reg[5]/E
                                3.00          12.80          -9.80  (VIOLATED)
       PIN :   success_o_reg/E
                                3.00          12.80          -9.80  (VIOLATED)
       PIN :   U372/Y           3.00          12.80          -9.80  (VIOLATED)
   n594                         3.00           8.05          -5.05  (VIOLATED)
       PIN :   success_o_reg/D
                                3.00           8.05          -5.05  (VIOLATED)
       PIN :   U368/B           3.00           8.05          -5.05  (VIOLATED)
       PIN :   U422/B           3.00           8.05          -5.05  (VIOLATED)
       PIN :   U423/B           3.00           8.05          -5.05  (VIOLATED)
       PIN :   U438/A1          3.00           8.05          -5.05  (VIOLATED)
       PIN :   U446/A1          3.00           8.05          -5.05  (VIOLATED)
       PIN :   U452/A           3.00           8.05          -5.05  (VIOLATED)
       PIN :   U460/A1N         3.00           8.05          -5.05  (VIOLATED)
       PIN :   U509/B           3.00           8.05          -5.05  (VIOLATED)
       PIN :   U510/A1N         3.00           8.05          -5.05  (VIOLATED)
       PIN :   U555/B           3.00           8.05          -5.05  (VIOLATED)
       PIN :   U556/B           3.00           8.05          -5.05  (VIOLATED)
       PIN :   U557/B           3.00           8.05          -5.05  (VIOLATED)
       PIN :   U558/B           3.00           8.05          -5.05  (VIOLATED)
       PIN :   U559/B           3.00           8.05          -5.05  (VIOLATED)
       PIN :   U560/B           3.00           8.05          -5.05  (VIOLATED)
       PIN :   U561/B           3.00           8.05          -5.05  (VIOLATED)
       PIN :   U562/B           3.00           8.05          -5.05  (VIOLATED)
       PIN :   U563/B           3.00           8.05          -5.05  (VIOLATED)
       PIN :   U564/B           3.00           8.05          -5.05  (VIOLATED)
       PIN :   U565/B           3.00           8.05          -5.05  (VIOLATED)
       PIN :   U566/B           3.00           8.05          -5.05  (VIOLATED)
       PIN :   U567/B           3.00           8.05          -5.05  (VIOLATED)
       PIN :   U568/B           3.00           8.05          -5.05  (VIOLATED)
       PIN :   U569/B           3.00           8.05          -5.05  (VIOLATED)
       PIN :   U570/B           3.00           8.05          -5.05  (VIOLATED)
       PIN :   U571/B           3.00           8.05          -5.05  (VIOLATED)
       PIN :   U572/B           3.00           8.05          -5.05  (VIOLATED)
       PIN :   U573/B           3.00           8.05          -5.05  (VIOLATED)
       PIN :   U574/B           3.00           8.05          -5.05  (VIOLATED)
       PIN :   U575/B           3.00           8.05          -5.05  (VIOLATED)
       PIN :   U576/B           3.00           8.05          -5.05  (VIOLATED)
       PIN :   U577/B           3.00           8.05          -5.05  (VIOLATED)
       PIN :   U580/B           3.00           8.05          -5.05  (VIOLATED)
       PIN :   U585/B           3.00           8.05          -5.05  (VIOLATED)
       PIN :   U641/A           3.00           8.05          -5.05  (VIOLATED)
       PIN :   U642/Y           3.00           8.05          -5.05  (VIOLATED)
   n383                         3.00           5.95          -2.95  (VIOLATED)
       PIN :   U640/B           3.00           5.95          -2.95  (VIOLATED)
       PIN :   U625/B           3.00           5.95          -2.95  (VIOLATED)
       PIN :   U620/B           3.00           5.95          -2.95  (VIOLATED)
       PIN :   U615/B           3.00           5.95          -2.95  (VIOLATED)
       PIN :   U610/B           3.00           5.95          -2.95  (VIOLATED)
       PIN :   U595/B           3.00           5.95          -2.95  (VIOLATED)
       PIN :   U590/B           3.00           5.95          -2.95  (VIOLATED)
       PIN :   U579/B0          3.00           5.95          -2.95  (VIOLATED)
       PIN :   U578/A           3.00           5.95          -2.95  (VIOLATED)
       PIN :   U478/B           3.00           5.95          -2.95  (VIOLATED)
       PIN :   U470/B           3.00           5.95          -2.95  (VIOLATED)
       PIN :   U466/A           3.00           5.95          -2.95  (VIOLATED)
       PIN :   U459/A           3.00           5.95          -2.95  (VIOLATED)
       PIN :   U457/A           3.00           5.95          -2.95  (VIOLATED)
       PIN :   U455/A           3.00           5.95          -2.95  (VIOLATED)
       PIN :   U450/A           3.00           5.95          -2.95  (VIOLATED)
       PIN :   U449/A           3.00           5.95          -2.95  (VIOLATED)
       PIN :   U447/A           3.00           5.95          -2.95  (VIOLATED)
       PIN :   U442/A           3.00           5.95          -2.95  (VIOLATED)
       PIN :   U441/A           3.00           5.95          -2.95  (VIOLATED)
       PIN :   U439/A           3.00           5.95          -2.95  (VIOLATED)
       PIN :   U434/A           3.00           5.95          -2.95  (VIOLATED)
       PIN :   U433/A           3.00           5.95          -2.95  (VIOLATED)
       PIN :   U432/A           3.00           5.95          -2.95  (VIOLATED)
       PIN :   U429/B           3.00           5.95          -2.95  (VIOLATED)
       PIN :   U427/A           3.00           5.95          -2.95  (VIOLATED)
       PIN :   U426/B           3.00           5.95          -2.95  (VIOLATED)
       PIN :   U425/B           3.00           5.95          -2.95  (VIOLATED)
       PIN :   U424/B           3.00           5.95          -2.95  (VIOLATED)
       PIN :   U421/B           3.00           5.95          -2.95  (VIOLATED)
       PIN :   U420/B           3.00           5.95          -2.95  (VIOLATED)
       PIN :   U419/B           3.00           5.95          -2.95  (VIOLATED)
       PIN :   U418/B           3.00           5.95          -2.95  (VIOLATED)
       PIN :   U372/A2          3.00           5.95          -2.95  (VIOLATED)
       PIN :   U371/B           3.00           5.95          -2.95  (VIOLATED)
       PIN :   U641/Y           3.00           5.95          -2.95  (VIOLATED)

   -----------------------------------------------------------------
   Total                      3                 -17.81  

   max_fanout

                             Required        Actual
   Net                        Fanout         Fanout          Slack
   -----------------------------------------------------------------
   n594                        10.00          36.00         -26.00  (VIOLATED)
   N998                        10.00          35.00         -25.00  (VIOLATED)
   n383                        10.00          35.00         -25.00  (VIOLATED)
   N1018                       10.00          12.00          -2.00  (VIOLATED)
   N1053                       10.00          12.00          -2.00  (VIOLATED)

   -----------------------------------------------------------------
   Total                      5                 -80.00  

   max_capacitance

                             Required        Actual
   Net                      Capacitance    Capacitance       Slack
   -----------------------------------------------------------------
   N998                         0.15           0.55          -0.40  (VIOLATED)
   n383                         0.15           0.49          -0.34  (VIOLATED)
   n594                         0.15           0.44          -0.29  (VIOLATED)
   N1018                        0.15           0.19          -0.04  (VIOLATED)
   N1053                        0.15           0.19          -0.04  (VIOLATED)

   -----------------------------------------------------------------
   Total                      5                  -1.11  

1
