Loading db file '/cad/std_libraries/CBDK_TSMC018_Arm_f1.0/CIC/SynopsysDC/db/slow.db'
Information: Propagating switching activity (low effort zero delay simulation). (PWR-6)
Warning: Design has unannotated primary inputs. (PWR-414)
Warning: Design has unannotated sequential cell outputs. (PWR-415)
 
****************************************
Report : power
        -analysis_effort low
Design : multi_config_group_selector
Version: W-2024.09-SP2
Date   : Wed Sep  9 14:41:40 2026
****************************************


Library(s) Used:

    slow (File: /cad/std_libraries/CBDK_TSMC018_Arm_f1.0/CIC/SynopsysDC/db/slow.db)


Operating Conditions: slow   Library: slow
Wire Load Model Mode: top

Design        Wire Load Model            Library
------------------------------------------------
multi_config_group_selector
                       tsmc18_wl10       slow


Global Operating Voltage = 1.62 
Power-specific unit information :
    Voltage Units = 1V
    Capacitance Units = 1.000000pf
    Time Units = 1ns
    Dynamic Power Units = 1mW    (derived from V,C,T units)
    Leakage Power Units = 1pW


Attributes
----------
i - Including register clock pin internal power


  Cell Internal Power  = 502.3154 uW   (89%)
  Net Switching Power  =  60.1067 uW   (11%)
                         ---------
Total Dynamic Power    = 562.4222 uW  (100%)

Cell Leakage Power     = 575.2818 nW


                 Internal         Switching           Leakage            Total
Power Group      Power            Power               Power              Power   (   %    )  Attrs
--------------------------------------------------------------------------------------------------
io_pad             0.0000            0.0000            0.0000            0.0000  (   0.00%)
memory             0.0000            0.0000            0.0000            0.0000  (   0.00%)
black_box          0.0000            0.0000            0.0000            0.0000  (   0.00%)
clock_network      0.4129            0.0000            0.0000            0.4129  (  73.33%)  i
register       7.1577e-02        1.5278e-02        2.7450e+05        8.7129e-02  (  15.48%)
sequential         0.0000            0.0000            0.0000            0.0000  (   0.00%)
combinational  1.7880e-02        4.4829e-02        3.0078e+05        6.3010e-02  (  11.19%)
--------------------------------------------------------------------------------------------------
Total              0.5023 mW     6.0107e-02 mW     5.7528e+05 pW         0.5630 mW
1
