 
****************************************
Report : reference
Design : multi_config_group_selector
Version: W-2024.09-SP2
Date   : Wed Sep  9 14:41:39 2026
****************************************

Attributes:
    b - black box (unknown)
   bo - allows boundary optimization
    d - dont_touch
   mo - map_only
    h - hierarchical
    n - noncombinational
    r - removable
    s - synthetic operator
    u - contains unmapped logic

Reference          Library       Unit Area   Count    Total Area   Attributes
-----------------------------------------------------------------------------
AND2X1             slow          13.305600      31    412.473605  
AND3X1             slow          16.632000      13    216.216000  
AOI21X1            slow          13.305600       9    119.750401  
AOI22X1            slow          16.632000      35    582.119999  
AOI31X1            slow          16.632000       2     33.264000  
AOI33X1            slow          26.611200       1     26.611200  
AOI211X1           slow          16.632000       4     66.528000  
AOI222X1           slow          26.611200      16    425.779205  
DFFHQX4            slow          73.180801       1     73.180801  n
EDFFX4             slow         103.118401      72   7424.524841  n
INVX1              slow           6.652800      31    206.236803  
MX2X1              slow          26.611200       4    106.444801  
MXI2X1             slow          23.284800       8    186.278397  
NAND2BX1           slow          13.305600       2     26.611200  
NAND2X1            slow           9.979200       6     59.875202  
NAND3BX1           slow          16.632000       1     16.632000  
NAND3X1            slow          13.305600       9    119.750401  
NAND4X1            slow          16.632000       4     66.528000  
NOR2BX1            slow          13.305600       3     39.916800  
NOR2X1             slow           9.979200      49    488.980818  
NOR3X1             slow          13.305600      18    239.500803  
NOR4BX1            slow          19.958401       2     39.916801  
OAI2BB1X1          slow          16.632000       2     33.264000  
OAI21XL            slow          13.305600      12    159.667202  
OAI22X1            slow          19.958401       3     59.875202  
OAI31X1            slow          19.958401       3     59.875202  
OAI32X1            slow          23.284800       3     69.854399  
OAI221XL           slow          23.284800       1     23.284800  
OR2X1              slow          13.305600       1     13.305600  
XNOR2X1            slow          26.611200      14    372.556805  
XOR2X1             slow          26.611200       3     79.833601  
multi_config_group_selector_DW01_inc_0_DW01_inc_4
                                632.015984       1    632.015984  h
multi_config_group_selector_DW01_inc_1_DW01_inc_5
                                632.015984       1    632.015984  h
physical_resource_ledger_RS2_CS2_SHARED_ROWS1_SHARED_COLS1_MAX_BORROWS3_SPARE_WIDTH3
                               1749.686421       1   1749.686421  h
-----------------------------------------------------------------------------
Total 34 references                                 14862.355280

****************************************
Design: multi_config_group_selector_DW01_inc_0_DW01_inc_4 
****************************************
Reference          Library       Unit Area   Count    Total Area   Attributes
-----------------------------------------------------------------------------
ADDHX2             slow          59.875198      10    598.751984  r
INVX1              slow           6.652800       1      6.652800  
XOR2X1             slow          26.611200       1     26.611200  
-----------------------------------------------------------------------------
Total 3 references                                    632.015984

****************************************
Design: multi_config_group_selector_DW01_inc_1_DW01_inc_5 
****************************************
Reference          Library       Unit Area   Count    Total Area   Attributes
-----------------------------------------------------------------------------
ADDHX2             slow          59.875198      10    598.751984  r
INVX1              slow           6.652800       1      6.652800  
XOR2X1             slow          26.611200       1     26.611200  
-----------------------------------------------------------------------------
Total 3 references                                    632.015984

****************************************
Design: physical_resource_ledger_RS2_CS2_SHARED_ROWS1_SHARED_COLS1_MAX_BORROWS3_SPARE_WIDTH3 
****************************************
Reference          Library       Unit Area   Count    Total Area   Attributes
-----------------------------------------------------------------------------
INVX1              slow           6.652800       6     39.916800  
resource_tracker_RS2_CS2_SHARED_ROWS1_SHARED_COLS1_MAX_BORROWS3_TOPOLOGY1_SPARE_WIDTH3
                               1709.769620       1   1709.769620  h
-----------------------------------------------------------------------------
Total 2 references                                   1749.686421

****************************************
Design: resource_tracker_RS2_CS2_SHARED_ROWS1_SHARED_COLS1_MAX_BORROWS3_TOPOLOGY1_SPARE_WIDTH3 
****************************************
Reference          Library       Unit Area   Count    Total Area   Attributes
-----------------------------------------------------------------------------
AND2X1             slow          13.305600       8    106.444801  
AOI2BB1X1          slow          16.632000       2     33.264000  
AOI21X1            slow          13.305600       2     26.611200  
AOI22X1            slow          16.632000       2     33.264000  
AOI31X1            slow          16.632000       1     16.632000  
AOI32X1            slow          23.284800       2     46.569599  
AOI211X1           slow          16.632000       1     16.632000  
INVX1              slow           6.652800      25    166.320002  
MXI2X1             slow          23.284800       1     23.284800  
NAND2BX1           slow          13.305600       1     13.305600  
NAND2X1            slow           9.979200       8     79.833603  
NAND3BX1           slow          16.632000       1     16.632000  
NAND4BXL           slow          19.958401       1     19.958401  
NAND4X1            slow          16.632000       1     16.632000  
NOR2BX1            slow          13.305600       7     93.139201  
NOR2X1             slow           9.979200       4     39.916801  
NOR3X1             slow          13.305600       3     39.916800  
OAI21XL            slow          13.305600      12    159.667202  
OR3XL              slow          16.632000       1     16.632000  
XNOR2X1            slow          26.611200      17    452.390406  
XOR2X1             slow          26.611200      11    292.723204  
-----------------------------------------------------------------------------
Total 21 references                                  1709.769620
1
