 
****************************************
Report : resources
Design : multi_config_group_selector
Version: W-2024.09-SP2
Date   : Wed Sep  9 14:41:39 2026
****************************************

Resource Sharing Report for design multi_config_group_selector in file
        /home/asd9112000/repair_rate/rtl/dss_2x2/analyzer/group_selector.sv

===============================================================================
|          |              |            | Contained     |                      |
| Resource | Module       | Parameters | Resources     | Contained Operations |
===============================================================================
| r101     | DW01_cmp6    | width=3    |               | ne_51                |
| r102     | DW01_cmp2    | width=2    |               | gt_45_I4             |
| r103     | DW01_add     | width=6    |               | add_1_root_sub_45_S2_I4 |
| r104     | DW01_sub     | width=6    |               | sub_0_root_sub_45_S2_I4 |
| r111     | DW01_inc     | width=3    |               | add_82_S2            |
| r709     | DW01_cmp6    | width=6    |               | eq_56 lt_56          |
| r762     | DW01_sub     | width=3    |               | sub_44_S2            |
| r766     | DW01_add     | width=6    |               | add_1_root_sub_45_S2 |
| r768     | DW01_sub     | width=6    |               | sub_0_root_sub_45_S2 |
| r772     | DW01_add     | width=6    |               | add_1_root_sub_44_S2_I2 |
| r774     | DW01_sub     | width=6    |               | sub_0_root_sub_44_S2_I2 |
| r778     | DW01_add     | width=6    |               | add_1_root_sub_45_S2_I2 |
| r780     | DW01_sub     | width=6    |               | sub_0_root_sub_45_S2_I2 |
| r784     | DW01_add     | width=6    |               | add_1_root_sub_44_S2_I3 |
| r786     | DW01_sub     | width=6    |               | sub_0_root_sub_44_S2_I3 |
| r790     | DW01_add     | width=6    |               | add_1_root_sub_45_S2_I3 |
| r792     | DW01_sub     | width=6    |               | sub_0_root_sub_45_S2_I3 |
| r796     | DW01_add     | width=6    |               | add_1_root_sub_44_S2_I4 |
| r798     | DW01_sub     | width=6    |               | sub_0_root_sub_44_S2_I4 |
| r822     | DW01_inc     | width=12   |               | add_73               |
| r824     | DW01_inc     | width=12   |               | add_74_S2            |
| r832     | DW01_inc     | width=3    |               | add_83_S3            |
| r836     | DW01_inc     | width=3    |               | add_84_S3            |
| r838     | DW01_inc     | width=3    |               | add_85_S2            |
| r840     | DW01_cmp6    | width=3    |               | ne_51_I2             |
| r841     | DW01_cmp6    | width=3    |               | ne_51_I3             |
| r842     | DW01_cmp6    | width=3    |               | ne_51_I4             |
| r844     | DW01_cmp2    | width=3    |               | lt_82                |
| r845     | DW01_cmp2    | width=2    |               | gt_44_I4             |
| r846     | DW01_cmp2    | width=2    |               | gt_45_I3             |
| r847     | DW01_cmp2    | width=2    |               | gt_44_I3             |
| r848     | DW01_cmp2    | width=2    |               | gt_45_I2             |
| r849     | DW01_cmp2    | width=2    |               | gt_44_I2             |
| r850     | DW01_cmp2    | width=2    |               | gt_45                |
| r851     | DW01_cmp2    | width=2    |               | gt_44                |
| r852     | DW01_cmp2    | width=3    |               | lt_52_I4             |
| r853     | DW01_cmp2    | width=3    |               | lt_52_I2             |
| r854     | DW01_cmp2    | width=3    |               | lt_52                |
| r856     | DW01_cmp2    | width=3    |               | lt_52_I3             |
| r857     | DW01_cmp2    | width=3    |               | lt_84_S2             |
| r860     | DW01_cmp2    | width=3    |               | lt_83_S2             |
===============================================================================


Implementation Report
===============================================================================
|                    |                  | Current            | Set            |
| Cell               | Module           | Implementation     | Implementation |
===============================================================================
| add_73             | DW01_inc         | rpl                |                |
| add_74_S2          | DW01_inc         | rpl                |                |
===============================================================================


No resource sharing information to report.
 
****************************************
Design : physical_resource_ledger_RS2_CS2_SHARED_ROWS1_SHARED_COLS1_MAX_BORROWS3_SPARE_WIDTH3
****************************************

No implementations to report
 
****************************************
Design : resource_tracker_RS2_CS2_SHARED_ROWS1_SHARED_COLS1_MAX_BORROWS3_TOPOLOGY1_SPARE_WIDTH3
****************************************
Resource Sharing Report for design
        resource_tracker_RS2_CS2_SHARED_ROWS1_SHARED_COLS1_MAX_BORROWS3_TOPOLOGY1_SPARE_WIDTH3
        in file
        /home/asd9112000/repair_rate/rtl/dss_2x2/common/resource_tracker.sv

===============================================================================
|          |              |            | Contained     |                      |
| Resource | Module       | Parameters | Resources     | Contained Operations |
===============================================================================
| r29      | DW01_cmp2    | width=3    |               | gt_52_I4             |
| r30      | DW01_add     | width=4    |               | add_2_root_add_58_I4 |
| r31      | DW01_sub     | width=3    |               | sub_53_I2            |
| r652     | DW01_sub     | width=3    |               | sub_52               |
| r656     | DW01_sub     | width=3    |               | sub_53               |
| r660     | DW01_sub     | width=3    |               | sub_52_I2            |
| r666     | DW01_add     | width=4    |               | add_2_root_add_54_I4 |
| r668     | DW01_add     | width=4    |               | add_2_root_add_56_I4 |
| r672     | DW01_add     | width=4    |               | add_2_root_add_60_I4 |
| r676     | DW01_sub     | width=3    |               | sub_52_I3            |
| r680     | DW01_sub     | width=3    |               | sub_53_I3            |
| r682     | DW01_add     | width=5    |               | add_1_root_add_54_I4 |
| r684     | DW01_add     | width=5    |               | add_1_root_add_56_I4 |
| r686     | DW01_add     | width=5    |               | add_1_root_add_58_I4 |
| r688     | DW01_add     | width=5    |               | add_1_root_add_60_I4 |
| r692     | DW01_sub     | width=3    |               | sub_52_I4            |
| r696     | DW01_sub     | width=3    |               | sub_53_I4            |
| r698     | DW01_add     | width=5    |               | add_0_root_add_54_I4 |
| r700     | DW01_add     | width=5    |               | add_0_root_add_56_I4 |
| r702     | DW01_add     | width=5    |               | add_0_root_add_58_I4 |
| r704     | DW01_add     | width=5    |               | add_0_root_add_60_I4 |
| r714     | DW01_add     | width=4    |               | add_83               |
| r718     | DW01_add     | width=4    |               | add_83_2             |
| r722     | DW01_add     | width=4    |               | add_83_3             |
| r726     | DW01_add     | width=4    |               | add_83_4             |
| r730     | DW01_add     | width=6    |               | add_105              |
| r734     | DW01_cmp2    | width=3    |               | gt_52                |
| r735     | DW01_cmp2    | width=3    |               | gt_53_I3             |
| r736     | DW01_cmp2    | width=3    |               | gt_53_I2             |
| r737     | DW01_cmp2    | width=3    |               | gt_53                |
| r738     | DW01_cmp2    | width=3    |               | gt_52_I3             |
| r739     | DW01_cmp2    | width=3    |               | gt_53_I4             |
| r740     | DW01_cmp2    | width=3    |               | gt_52_I2             |
| r741     | DW01_cmp2    | width=3    |               | gt_78_3              |
| r742     | DW01_cmp2    | width=4    |               | gt_83_2              |
| r744     | DW01_cmp2    | width=6    |               | gt_105               |
| r746     | DW01_cmp2    | width=4    |               | gt_83                |
| r747     | DW01_cmp2    | width=3    |               | gt_78_2              |
| r748     | DW01_cmp2    | width=3    |               | gt_78                |
| r749     | DW01_cmp2    | width=4    |               | gt_83_4              |
| r750     | DW01_cmp2    | width=4    |               | gt_83_3              |
| r751     | DW01_cmp2    | width=3    |               | gt_78_4              |
===============================================================================


No implementations to report
1
