 
****************************************
Report : timing
        -path full
        -delay max
        -max_paths 10
Design : multi_config_group_selector
Version: W-2024.09-SP2
Date   : Wed Sep  9 14:41:39 2026
****************************************

Operating Conditions: slow   Library: slow
Wire Load Model Mode: top

  Startpoint: busy_o_reg (rising edge-triggered flip-flop clocked by clk)
  Endpoint: best_borrow_reg[0]
            (rising edge-triggered flip-flop clocked by clk)
  Path Group: clk
  Path Type: max

  Des/Clust/Port     Wire Load Model       Library
  ------------------------------------------------
  multi_config_group_selector
                     tsmc18_wl10           slow

  Point                                    Incr       Path
  -----------------------------------------------------------
  clock clk (rise edge)                    0.00       0.00
  clock network delay (ideal)              0.00       0.00
  busy_o_reg/CK (EDFFX4)                   0.00       0.00 r
  busy_o_reg/QN (EDFFX4)                   0.43       0.43 f
  U642/Y (NOR2X1)                          4.58       5.01 r
  U641/Y (INVX1)                           4.30       9.30 f
  U372/Y (OAI31X1)                         7.79      17.09 r
  best_borrow_reg[0]/E (EDFFX4)            0.00      17.09 r
  data arrival time                                  17.09

  clock clk (rise edge)                   20.00      20.00
  clock network delay (ideal)              0.00      20.00
  clock uncertainty                       -0.10      19.90
  best_borrow_reg[0]/CK (EDFFX4)           0.00      19.90 r
  library setup time                      -0.39      19.51
  data required time                                 19.51
  -----------------------------------------------------------
  data required time                                 19.51
  data arrival time                                 -17.09
  -----------------------------------------------------------
  slack (MET)                                         2.42


  Startpoint: busy_o_reg (rising edge-triggered flip-flop clocked by clk)
  Endpoint: selected_configs_o_reg[2]
            (rising edge-triggered flip-flop clocked by clk)
  Path Group: clk
  Path Type: max

  Des/Clust/Port     Wire Load Model       Library
  ------------------------------------------------
  multi_config_group_selector
                     tsmc18_wl10           slow

  Point                                                   Incr       Path
  --------------------------------------------------------------------------
  clock clk (rise edge)                                   0.00       0.00
  clock network delay (ideal)                             0.00       0.00
  busy_o_reg/CK (EDFFX4)                                  0.00       0.00 r
  busy_o_reg/QN (EDFFX4)                                  0.43       0.43 f
  U642/Y (NOR2X1)                                         4.58       5.01 r
  U641/Y (INVX1)                                          4.30       9.30 f
  U372/Y (OAI31X1)                                        7.79      17.09 r
  selected_configs_o_reg[2]/E (EDFFX4)                    0.00      17.09 r
  data arrival time                                                 17.09

  clock clk (rise edge)                                  20.00      20.00
  clock network delay (ideal)                             0.00      20.00
  clock uncertainty                                      -0.10      19.90
  selected_configs_o_reg[2]/CK (EDFFX4)                   0.00      19.90 r
  library setup time                                     -0.39      19.51
  data required time                                                19.51
  --------------------------------------------------------------------------
  data required time                                                19.51
  data arrival time                                                -17.09
  --------------------------------------------------------------------------
  slack (MET)                                                        2.42


  Startpoint: busy_o_reg (rising edge-triggered flip-flop clocked by clk)
  Endpoint: selected_configs_o_reg[0]
            (rising edge-triggered flip-flop clocked by clk)
  Path Group: clk
  Path Type: max

  Des/Clust/Port     Wire Load Model       Library
  ------------------------------------------------
  multi_config_group_selector
                     tsmc18_wl10           slow

  Point                                                   Incr       Path
  --------------------------------------------------------------------------
  clock clk (rise edge)                                   0.00       0.00
  clock network delay (ideal)                             0.00       0.00
  busy_o_reg/CK (EDFFX4)                                  0.00       0.00 r
  busy_o_reg/QN (EDFFX4)                                  0.43       0.43 f
  U642/Y (NOR2X1)                                         4.58       5.01 r
  U641/Y (INVX1)                                          4.30       9.30 f
  U372/Y (OAI31X1)                                        7.79      17.09 r
  selected_configs_o_reg[0]/E (EDFFX4)                    0.00      17.09 r
  data arrival time                                                 17.09

  clock clk (rise edge)                                  20.00      20.00
  clock network delay (ideal)                             0.00      20.00
  clock uncertainty                                      -0.10      19.90
  selected_configs_o_reg[0]/CK (EDFFX4)                   0.00      19.90 r
  library setup time                                     -0.39      19.51
  data required time                                                19.51
  --------------------------------------------------------------------------
  data required time                                                19.51
  data arrival time                                                -17.09
  --------------------------------------------------------------------------
  slack (MET)                                                        2.42


  Startpoint: busy_o_reg (rising edge-triggered flip-flop clocked by clk)
  Endpoint: best_borrow_reg[5]
            (rising edge-triggered flip-flop clocked by clk)
  Path Group: clk
  Path Type: max

  Des/Clust/Port     Wire Load Model       Library
  ------------------------------------------------
  multi_config_group_selector
                     tsmc18_wl10           slow

  Point                                    Incr       Path
  -----------------------------------------------------------
  clock clk (rise edge)                    0.00       0.00
  clock network delay (ideal)              0.00       0.00
  busy_o_reg/CK (EDFFX4)                   0.00       0.00 r
  busy_o_reg/QN (EDFFX4)                   0.43       0.43 f
  U642/Y (NOR2X1)                          4.58       5.01 r
  U641/Y (INVX1)                           4.30       9.30 f
  U372/Y (OAI31X1)                         7.79      17.09 r
  best_borrow_reg[5]/E (EDFFX4)            0.00      17.09 r
  data arrival time                                  17.09

  clock clk (rise edge)                   20.00      20.00
  clock network delay (ideal)              0.00      20.00
  clock uncertainty                       -0.10      19.90
  best_borrow_reg[5]/CK (EDFFX4)           0.00      19.90 r
  library setup time                      -0.39      19.51
  data required time                                 19.51
  -----------------------------------------------------------
  data required time                                 19.51
  data arrival time                                 -17.09
  -----------------------------------------------------------
  slack (MET)                                         2.42


  Startpoint: busy_o_reg (rising edge-triggered flip-flop clocked by clk)
  Endpoint: best_borrow_reg[3]
            (rising edge-triggered flip-flop clocked by clk)
  Path Group: clk
  Path Type: max

  Des/Clust/Port     Wire Load Model       Library
  ------------------------------------------------
  multi_config_group_selector
                     tsmc18_wl10           slow

  Point                                    Incr       Path
  -----------------------------------------------------------
  clock clk (rise edge)                    0.00       0.00
  clock network delay (ideal)              0.00       0.00
  busy_o_reg/CK (EDFFX4)                   0.00       0.00 r
  busy_o_reg/QN (EDFFX4)                   0.43       0.43 f
  U642/Y (NOR2X1)                          4.58       5.01 r
  U641/Y (INVX1)                           4.30       9.30 f
  U372/Y (OAI31X1)                         7.79      17.09 r
  best_borrow_reg[3]/E (EDFFX4)            0.00      17.09 r
  data arrival time                                  17.09

  clock clk (rise edge)                   20.00      20.00
  clock network delay (ideal)              0.00      20.00
  clock uncertainty                       -0.10      19.90
  best_borrow_reg[3]/CK (EDFFX4)           0.00      19.90 r
  library setup time                      -0.39      19.51
  data required time                                 19.51
  -----------------------------------------------------------
  data required time                                 19.51
  data arrival time                                 -17.09
  -----------------------------------------------------------
  slack (MET)                                         2.42


  Startpoint: busy_o_reg (rising edge-triggered flip-flop clocked by clk)
  Endpoint: best_borrow_reg[1]
            (rising edge-triggered flip-flop clocked by clk)
  Path Group: clk
  Path Type: max

  Des/Clust/Port     Wire Load Model       Library
  ------------------------------------------------
  multi_config_group_selector
                     tsmc18_wl10           slow

  Point                                    Incr       Path
  -----------------------------------------------------------
  clock clk (rise edge)                    0.00       0.00
  clock network delay (ideal)              0.00       0.00
  busy_o_reg/CK (EDFFX4)                   0.00       0.00 r
  busy_o_reg/QN (EDFFX4)                   0.43       0.43 f
  U642/Y (NOR2X1)                          4.58       5.01 r
  U641/Y (INVX1)                           4.30       9.30 f
  U372/Y (OAI31X1)                         7.79      17.09 r
  best_borrow_reg[1]/E (EDFFX4)            0.00      17.09 r
  data arrival time                                  17.09

  clock clk (rise edge)                   20.00      20.00
  clock network delay (ideal)              0.00      20.00
  clock uncertainty                       -0.10      19.90
  best_borrow_reg[1]/CK (EDFFX4)           0.00      19.90 r
  library setup time                      -0.39      19.51
  data required time                                 19.51
  -----------------------------------------------------------
  data required time                                 19.51
  data arrival time                                 -17.09
  -----------------------------------------------------------
  slack (MET)                                         2.42


  Startpoint: busy_o_reg (rising edge-triggered flip-flop clocked by clk)
  Endpoint: best_borrow_reg[2]
            (rising edge-triggered flip-flop clocked by clk)
  Path Group: clk
  Path Type: max

  Des/Clust/Port     Wire Load Model       Library
  ------------------------------------------------
  multi_config_group_selector
                     tsmc18_wl10           slow

  Point                                    Incr       Path
  -----------------------------------------------------------
  clock clk (rise edge)                    0.00       0.00
  clock network delay (ideal)              0.00       0.00
  busy_o_reg/CK (EDFFX4)                   0.00       0.00 r
  busy_o_reg/QN (EDFFX4)                   0.43       0.43 f
  U642/Y (NOR2X1)                          4.58       5.01 r
  U641/Y (INVX1)                           4.30       9.30 f
  U372/Y (OAI31X1)                         7.79      17.09 r
  best_borrow_reg[2]/E (EDFFX4)            0.00      17.09 r
  data arrival time                                  17.09

  clock clk (rise edge)                   20.00      20.00
  clock network delay (ideal)              0.00      20.00
  clock uncertainty                       -0.10      19.90
  best_borrow_reg[2]/CK (EDFFX4)           0.00      19.90 r
  library setup time                      -0.39      19.51
  data required time                                 19.51
  -----------------------------------------------------------
  data required time                                 19.51
  data arrival time                                 -17.09
  -----------------------------------------------------------
  slack (MET)                                         2.42


  Startpoint: busy_o_reg (rising edge-triggered flip-flop clocked by clk)
  Endpoint: best_borrow_reg[4]
            (rising edge-triggered flip-flop clocked by clk)
  Path Group: clk
  Path Type: max

  Des/Clust/Port     Wire Load Model       Library
  ------------------------------------------------
  multi_config_group_selector
                     tsmc18_wl10           slow

  Point                                    Incr       Path
  -----------------------------------------------------------
  clock clk (rise edge)                    0.00       0.00
  clock network delay (ideal)              0.00       0.00
  busy_o_reg/CK (EDFFX4)                   0.00       0.00 r
  busy_o_reg/QN (EDFFX4)                   0.43       0.43 f
  U642/Y (NOR2X1)                          4.58       5.01 r
  U641/Y (INVX1)                           4.30       9.30 f
  U372/Y (OAI31X1)                         7.79      17.09 r
  best_borrow_reg[4]/E (EDFFX4)            0.00      17.09 r
  data arrival time                                  17.09

  clock clk (rise edge)                   20.00      20.00
  clock network delay (ideal)              0.00      20.00
  clock uncertainty                       -0.10      19.90
  best_borrow_reg[4]/CK (EDFFX4)           0.00      19.90 r
  library setup time                      -0.39      19.51
  data required time                                 19.51
  -----------------------------------------------------------
  data required time                                 19.51
  data arrival time                                 -17.09
  -----------------------------------------------------------
  slack (MET)                                         2.42


  Startpoint: busy_o_reg (rising edge-triggered flip-flop clocked by clk)
  Endpoint: selected_configs_o_reg[1]
            (rising edge-triggered flip-flop clocked by clk)
  Path Group: clk
  Path Type: max

  Des/Clust/Port     Wire Load Model       Library
  ------------------------------------------------
  multi_config_group_selector
                     tsmc18_wl10           slow

  Point                                                   Incr       Path
  --------------------------------------------------------------------------
  clock clk (rise edge)                                   0.00       0.00
  clock network delay (ideal)                             0.00       0.00
  busy_o_reg/CK (EDFFX4)                                  0.00       0.00 r
  busy_o_reg/QN (EDFFX4)                                  0.43       0.43 f
  U642/Y (NOR2X1)                                         4.58       5.01 r
  U641/Y (INVX1)                                          4.30       9.30 f
  U372/Y (OAI31X1)                                        7.79      17.09 r
  selected_configs_o_reg[1]/E (EDFFX4)                    0.00      17.09 r
  data arrival time                                                 17.09

  clock clk (rise edge)                                  20.00      20.00
  clock network delay (ideal)                             0.00      20.00
  clock uncertainty                                      -0.10      19.90
  selected_configs_o_reg[1]/CK (EDFFX4)                   0.00      19.90 r
  library setup time                                     -0.39      19.51
  data required time                                                19.51
  --------------------------------------------------------------------------
  data required time                                                19.51
  data arrival time                                                -17.09
  --------------------------------------------------------------------------
  slack (MET)                                                        2.42


  Startpoint: busy_o_reg (rising edge-triggered flip-flop clocked by clk)
  Endpoint: selected_configs_o_reg[3]
            (rising edge-triggered flip-flop clocked by clk)
  Path Group: clk
  Path Type: max

  Des/Clust/Port     Wire Load Model       Library
  ------------------------------------------------
  multi_config_group_selector
                     tsmc18_wl10           slow

  Point                                                   Incr       Path
  --------------------------------------------------------------------------
  clock clk (rise edge)                                   0.00       0.00
  clock network delay (ideal)                             0.00       0.00
  busy_o_reg/CK (EDFFX4)                                  0.00       0.00 r
  busy_o_reg/QN (EDFFX4)                                  0.43       0.43 f
  U642/Y (NOR2X1)                                         4.58       5.01 r
  U641/Y (INVX1)                                          4.30       9.30 f
  U372/Y (OAI31X1)                                        7.79      17.09 r
  selected_configs_o_reg[3]/E (EDFFX4)                    0.00      17.09 r
  data arrival time                                                 17.09

  clock clk (rise edge)                                  20.00      20.00
  clock network delay (ideal)                             0.00      20.00
  clock uncertainty                                      -0.10      19.90
  selected_configs_o_reg[3]/CK (EDFFX4)                   0.00      19.90 r
  library setup time                                     -0.39      19.51
  data required time                                                19.51
  --------------------------------------------------------------------------
  data required time                                                19.51
  data arrival time                                                -17.09
  --------------------------------------------------------------------------
  slack (MET)                                                        2.42


1
