 
****************************************
Report : area
Design : shared_fault_collector_HYBRID_SHARED_ENTRIES14
Version: W-2024.09-SP2
Date   : Wed Sep  9 14:40:37 2026
****************************************

Library(s) Used:

    slow (File: /cad/std_libraries/CBDK_TSMC018_Arm_f1.0/CIC/SynopsysDC/db/slow.db)

Number of ports:                         2803
Number of nets:                          5379
Number of cells:                         3945
Number of combinational cells:           2603
Number of sequential cells:              1324
Number of macros/black boxes:               0
Number of buf/inv:                        440
Number of references:                      27

Combinational area:              70642.757514
Buf/Inv area:                    20254.449742
Noncombinational area:           97011.131439
Macro/Black Box area:                0.000000
Net Interconnect area:          491355.783081

Total cell area:                167653.888953
Total area:                     659009.672034

Hierarchical area distribution
------------------------------

                                  Global cell area             Local cell area
                                  --------------------  ------------------------------ 
Hierarchical cell                 Absolute     Percent  Combi-      Noncombi-   Black-
                                  Total        Total    national    national    boxes   Design
--------------------------------  -----------  -------  ----------  ----------  ------  ----------------------------------------------------------------------------------
shared_fault_collector_HYBRID_SHARED_ENTRIES14
                                  167653.8890    100.0   3941.7841    412.4736  0.0000  shared_fault_collector_HYBRID_SHARED_ENTRIES14
counters                           53219.0744     31.7  26800.8050  26418.2693  0.0000  shared_fault_counter_ENTRY_NUM12_ROW_W10_COL_W10_COUNT_W4
hybrids                            58145.4729     34.7  20896.4450  37249.0279  0.0000  tagged_hybrid_store_ENTRY_NUM14_FAULT_REF_W4_ROW_W10_COL_W10_PIVOT_PTR_W3_NUM_CFG7
pivots                             12936.3698      7.7   4959.6624   7976.7074  0.0000  shared_pivot_cam_ROW_W10_COL_W10_MAX_K5_NUM_CFG7
reuse                              38998.7142     23.3  14044.0610  24954.6533  0.0000  cam_reuse_temp_buffer_ENTRY_NUM12_ROW_W10_COL_W10_NUM_CFG7
--------------------------------  -----------  -------  ----------  ----------  ------  ----------------------------------------------------------------------------------
Total                                                   70642.7575  97011.1314  0.0000

1
