Loading db file '/cad/std_libraries/CBDK_TSMC018_Arm_f1.0/CIC/SynopsysDC/db/slow.db'
Information: Propagating switching activity (low effort zero delay simulation). (PWR-6)
Warning: Design has unannotated primary inputs. (PWR-414)
Warning: Design has unannotated sequential cell outputs. (PWR-415)
 
****************************************
Report : power
        -analysis_effort low
Design : shared_fault_collector_HYBRID_SHARED_ENTRIES14
Version: W-2024.09-SP2
Date   : Wed Sep  9 14:40:38 2026
****************************************


Library(s) Used:

    slow (File: /cad/std_libraries/CBDK_TSMC018_Arm_f1.0/CIC/SynopsysDC/db/slow.db)


Operating Conditions: slow   Library: slow
Wire Load Model Mode: top

Design        Wire Load Model            Library
------------------------------------------------
shared_fault_collector_HYBRID_SHARED_ENTRIES14
                       tsmc18_wl10       slow


Global Operating Voltage = 1.62 
Power-specific unit information :
    Voltage Units = 1V
    Capacitance Units = 1.000000pf
    Time Units = 1ns
    Dynamic Power Units = 1mW    (derived from V,C,T units)
    Leakage Power Units = 1pW


Attributes
----------
i - Including register clock pin internal power


  Cell Internal Power  =  11.1061 mW   (77%)
  Net Switching Power  =   3.3061 mW   (23%)
                         ---------
Total Dynamic Power    =  14.4122 mW  (100%)

Cell Leakage Power     =   8.5972 uW


                 Internal         Switching           Leakage            Total
Power Group      Power            Power               Power              Power   (   %    )  Attrs
--------------------------------------------------------------------------------------------------
io_pad             0.0000            0.0000            0.0000            0.0000  (   0.00%)
memory             0.0000            0.0000            0.0000            0.0000  (   0.00%)
black_box          0.0000            0.0000            0.0000            0.0000  (   0.00%)
clock_network     10.9911            3.1349        1.3300e+06           14.1273  (  97.97%)  i
register       2.8327e-02        2.6286e-02        4.8095e+06        5.9425e-02  (   0.41%)
sequential         0.0000            0.0000            0.0000            0.0000  (   0.00%)
combinational  8.6695e-02            0.1449        2.4577e+06            0.2340  (   1.62%)
--------------------------------------------------------------------------------------------------
Total             11.1061 mW         3.3061 mW     8.5972e+06 pW        14.4208 mW
1
