 
****************************************
Report : qor
Design : shared_fault_collector_HYBRID_SHARED_ENTRIES14
Version: W-2024.09-SP2
Date   : Wed Sep  9 14:40:38 2026
****************************************


  Timing Path Group 'clk'
  -----------------------------------
  Levels of Logic:              24.00
  Critical Path Length:         21.88
  Critical Path Slack:          -2.32
  Critical Path Clk Period:     20.00
  Total Negative Slack:       -665.01
  No. of Violating Paths:      337.00
  Worst Hold Violation:          0.00
  Total Hold Violation:          0.00
  No. of Hold Violations:        0.00
  -----------------------------------


  Cell Count
  -----------------------------------
  Hierarchical Cell Count:          4
  Hierarchical Port Count:       1476
  Leaf Cell Count:               3927
  Buf/Inv Cell Count:             440
  Buf Cell Count:                   0
  Inv Cell Count:                 440
  CT Buf/Inv Cell Count:          203
  Combinational Cell Count:      2603
  Sequential Cell Count:         1324
  Macro Count:                      0
  -----------------------------------


  Area
  -----------------------------------
  Combinational Area:    70642.757514
  Noncombinational Area: 97011.131439
  Buf/Inv Area:          20254.449742
  Total Buffer Area:             0.00
  Total Inverter Area:       20254.45
  Macro/Black Box Area:      0.000000
  Net Area:             491355.783081
  -----------------------------------
  Cell Area:            167653.888953
  Design Area:          659009.672034


  Design Rules
  -----------------------------------
  Total Number of Nets:          3969
  Nets With Violations:           102
  Max Trans Violations:            44
  Max Cap Violations:             102
  Max Fanout Violations:          102
  -----------------------------------


  Hostname: Kaohsiung

  Compile CPU Statistics
  -----------------------------------------
  Resource Sharing:                    2.38
  Logic Optimization:                  1.97
  Mapping Optimization:                0.19
  -----------------------------------------
  Overall Compile Time:                5.64
  Overall Compile Wall Clock Time:     5.94

  --------------------------------------------------------------------

  Design  WNS: 2.32  TNS: 665.01  Number of Violating Paths: 337


  Design (Hold)  WNS: 0.00  TNS: 0.00  Number of Violating Paths: 0

  --------------------------------------------------------------------


1
