 
****************************************
Report : reference
Design : shared_fault_collector_HYBRID_SHARED_ENTRIES14
Version: W-2024.09-SP2
Date   : Wed Sep  9 14:40:37 2026
****************************************

Attributes:
    b - black box (unknown)
   bo - allows boundary optimization
    d - dont_touch
   mo - map_only
    h - hierarchical
    n - noncombinational
    r - removable
    s - synthetic operator
    u - contains unmapped logic

Reference          Library       Unit Area   Count    Total Area   Attributes
-----------------------------------------------------------------------------
AND4X1             slow          19.958401       4     79.833603  
AOI21X1            slow          13.305600       1     13.305600  
AOI31X1            slow          16.632000       1     16.632000  
AOI211X1           slow          16.632000       1     16.632000  
EDFFX4             slow         103.118401       4    412.473602  n
INVX1              slow           6.652800      22    146.361602  
MXI2X1             slow          23.284800       2     46.569599  
NAND2X1            slow           9.979200       7     69.854403  
NAND3X1            slow          13.305600      12    159.667202  
NAND4BXL           slow          19.958401       2     39.916801  
NAND4X1            slow          16.632000       8    133.056000  
NOR2BX1            slow          13.305600       2     26.611200  
NOR2X1             slow           9.979200       4     39.916801  
NOR3X1             slow          13.305600      22    292.723204  
OAI2BB1X1          slow          16.632000       1     16.632000  
OAI21XL            slow          13.305600       4     53.222401  
OAI22X1            slow          19.958401       2     39.916801  
OAI33X1            slow          26.611200       1     26.611200  
OAI211X1           slow          19.958401       1     19.958401  
OR2X1              slow          13.305600       2     26.611200  
OR3XL              slow          16.632000       1     16.632000  
XNOR2X1            slow          26.611200      50   1330.560017  
XOR2X1             slow          26.611200      50   1330.560017  
cam_reuse_temp_buffer_ENTRY_NUM12_ROW_W10_COL_W10_NUM_CFG7
                              38998.714225       1  38998.714225  h, n
shared_fault_counter_ENTRY_NUM12_ROW_W10_COL_W10_COUNT_W4
                              53219.074351       1  53219.074351  h, n
shared_pivot_cam_ROW_W10_COL_W10_MAX_K5_NUM_CFG7
                              12936.369797       1  12936.369797  h, n
tagged_hybrid_store_ENTRY_NUM14_FAULT_REF_W4_ROW_W10_COL_W10_PIVOT_PTR_W3_NUM_CFG7
                              58145.472925       1  58145.472925  h, n
-----------------------------------------------------------------------------
Total 27 references                                 167653.888953

****************************************
Design: cam_reuse_temp_buffer_ENTRY_NUM12_ROW_W10_COL_W10_NUM_CFG7 
****************************************
Reference          Library       Unit Area   Count    Total Area   Attributes
-----------------------------------------------------------------------------
AND3X1             slow          16.632000       1     16.632000  
AOI2BB1X1          slow          16.632000       1     16.632000  
AOI22X1            slow          16.632000       2     33.264000  
CLKINVX16          slow          83.160004      18   1496.880066  
CLKINVX20          slow          96.465599      34   3279.830368  
DFFHQX4            slow          73.180801     341  24954.653275  n
INVX1              slow           6.652800       7     46.569601  
MX2X1              slow          26.611200     324   8622.028908  
MXI2X1             slow          23.284800       1     23.284800  
NAND2X1            slow           9.979200      16    159.667206  
NOR2BX1            slow          13.305600       3     39.916800  
NOR2X1             slow           9.979200       3     29.937601  
NOR3X1             slow          13.305600       1     13.305600  
OAI2BB1X1          slow          16.632000      12    199.584000  
OAI21XL            slow          13.305600       2     26.611200  
OAI22X1            slow          19.958401       1     19.958401  
OAI211X1           slow          19.958401       1     19.958401  
-----------------------------------------------------------------------------
Total 17 references                                 38998.714225

****************************************
Design: shared_fault_counter_ENTRY_NUM12_ROW_W10_COL_W10_COUNT_W4 
****************************************
Reference          Library       Unit Area   Count    Total Area   Attributes
-----------------------------------------------------------------------------
AND2X1             slow          13.305600      47    625.363208  
AND3X1             slow          16.632000       6     99.792000  
AND4X1             slow          19.958401       5     99.792004  
AOI22X1            slow          16.632000       1     16.632000  
AOI211X1           slow          16.632000       2     33.264000  
AOI222X1           slow          26.611200      32    851.558411  
CLKINVX16          slow          83.160004      19   1580.040070  
CLKINVX20          slow          96.465599      37   3569.227165  
DFFHQX4            slow          73.180801     361  26418.269302  n
INVX1              slow           6.652800     153   1017.878413  
MX2X1              slow          26.611200     240   6386.688080  
MXI2X1             slow          23.284800      96   2235.340759  
NAND2BX1           slow          13.305600       1     13.305600  
NAND2X1            slow           9.979200      43    429.105616  
NAND3BX1           slow          16.632000       6     99.792000  
NAND3X1            slow          13.305600      10    133.056002  
NAND4BXL           slow          19.958401       6    119.750404  
NAND4X1            slow          16.632000      39    648.647999  
NOR2BX1            slow          13.305600       6     79.833601  
NOR2X1             slow           9.979200      31    309.355211  
NOR3X1             slow          13.305600      70    931.392012  
NOR4BX1            slow          19.958401       2     39.916801  
NOR4X1             slow          19.958401       4     79.833603  
OAI2BB1X1          slow          16.632000       6     99.792000  
OAI2BB2X1          slow          23.284800       1     23.284800  
OAI21XL            slow          13.305600      52    691.891209  
OAI211X1           slow          19.958401       2     39.916801  
OR2X1              slow          13.305600       4     53.222401  
XNOR2X1            slow          26.611200       1     26.611200  
XOR2X1             slow          26.611200     243   6466.521681  
-----------------------------------------------------------------------------
Total 30 references                                 53219.074351

****************************************
Design: shared_pivot_cam_ROW_W10_COL_W10_MAX_K5_NUM_CFG7 
****************************************
Reference          Library       Unit Area   Count    Total Area   Attributes
-----------------------------------------------------------------------------
AOI21X1            slow          13.305600       2     26.611200  
AOI22X1            slow          16.632000       1     16.632000  
CLKINVX16          slow          83.160004       5    415.800018  
CLKINVX20          slow          96.465599      13   1254.052788  
DFFHQX4            slow          73.180801     109   7976.707352  n
INVX1              slow           6.652800      47    312.681604  
MX2X1              slow          26.611200     100   2661.120033  
MXI2X1             slow          23.284800       2     46.569599  
NAND2X1            slow           9.979200       1      9.979200  
NAND3X1            slow          13.305600       5     66.528001  
NOR2BX1            slow          13.305600       1     13.305600  
NOR2X1             slow           9.979200       1      9.979200  
NOR3X1             slow          13.305600       1     13.305600  
NOR4BX1            slow          19.958401       1     19.958401  
OAI2BB1X1          slow          16.632000       4     66.528000  
OAI21XL            slow          13.305600       2     26.611200  
-----------------------------------------------------------------------------
Total 16 references                                 12936.369797

****************************************
Design: tagged_hybrid_store_ENTRY_NUM14_FAULT_REF_W4_ROW_W10_COL_W10_PIVOT_PTR_W3_NUM_CFG7 
****************************************
Reference          Library       Unit Area   Count    Total Area   Attributes
-----------------------------------------------------------------------------
AND2X1             slow          13.305600       1     13.305600  
AOI21X1            slow          13.305600       1     13.305600  
AOI22X1            slow          16.632000       2     33.264000  
CLKINVX16          slow          83.160004      26   2162.160095  
CLKINVX20          slow          96.465599      51   4919.745552  
DFFHQX4            slow          73.180801     509  37249.027908  n
INVX1              slow           6.652800       8     53.222401  
MX2X1              slow          26.611200     490  13039.488163  
MXI2X1             slow          23.284800       3     69.854399  
NAND2X1            slow           9.979200       6     59.875202  
NAND3X1            slow          13.305600      13    172.972802  
NOR2BX1            slow          13.305600       2     26.611200  
NOR2X1             slow           9.979200       4     39.916801  
NOR4BX1            slow          19.958401       1     19.958401  
OAI2BB1X1          slow          16.632000      14    232.848000  
OAI21XL            slow          13.305600       2     26.611200  
OR2X1              slow          13.305600       1     13.305600  
-----------------------------------------------------------------------------
Total 17 references                                 58145.472925
1
