 
****************************************
Report : cell
Design : recam_dss_hyp02_static_global_top
Version: W-2024.09-SP2
Date   : Thu Sep 24 05:35:05 2026
****************************************

Attributes:
    b - black box (unknown)
    h - hierarchical
    n - noncombinational
    p - parameterized
    r - removable
    u - contains unmapped logic

Cell                      Reference       Library             Area  Attributes
--------------------------------------------------------------------------------
U3                        AND3X1          slow            16.632000 
U4                        AND2X4          slow            16.632000 
analyzer                  recam_shared_config_analyzer_ROW_ADDR_W9_PHYS_COL_ADDR_W13_HYBRID_LINE_ADDR_W13_HYBRID_ENTRIES7
                                                          88568.727182
                                                                    h, p
core                      recam_dss_hyp02_static_global_core
                                                          33024.499467
                                                                    h, n
pivot_address_regs        dss_group_pivot_address_regs_ROW_ADDR_W9_PHYS_COL_ADDR_W13
                                                          44513.885984
                                                                    h, n, p
--------------------------------------------------------------------------------
Total 5 cells                                             166140.376634
1
