 
****************************************
Report : qor
Design : recam_dss_hyp02_static_global_top
Version: W-2024.09-SP2
Date   : Thu Sep 24 05:35:05 2026
****************************************


  Timing Path Group 'recam_clk'
  -----------------------------------
  Levels of Logic:              88.00
  Critical Path Length:         19.90
  Critical Path Slack:           0.02
  Critical Path Clk Period:     20.00
  Total Negative Slack:          0.00
  No. of Violating Paths:        0.00
  Worst Hold Violation:          0.00
  Total Hold Violation:          0.00
  No. of Hold Violations:        0.00
  -----------------------------------


  Cell Count
  -----------------------------------
  Hierarchical Cell Count:          6
  Hierarchical Port Count:       1132
  Leaf Cell Count:               7620
  Buf/Inv Cell Count:            1971
  Buf Cell Count:                 218
  Inv Cell Count:                1753
  CT Buf/Inv Cell Count:            0
  Combinational Cell Count:      7039
  Sequential Cell Count:          581
  Macro Count:                      0
  -----------------------------------


  Area
  -----------------------------------
  Combinational Area:   133448.516656
  Noncombinational Area: 32691.859978
  Buf/Inv Area:          20277.734701
  Total Buffer Area:          4344.28
  Total Inverter Area:       15933.46
  Macro/Black Box Area:      0.000000
  Net Area:             884757.817352
  -----------------------------------
  Cell Area:            166140.376634
  Design Area:         1050898.193986


  Design Rules
  -----------------------------------
  Total Number of Nets:          7994
  Nets With Violations:             2
  Max Trans Violations:             0
  Max Cap Violations:               2
  -----------------------------------


  Hostname: Kaohsiung

  Compile CPU Statistics
  -----------------------------------------
  Resource Sharing:                    3.62
  Logic Optimization:                 46.85
  Mapping Optimization:               12.69
  -----------------------------------------
  Overall Compile Time:               68.96
  Overall Compile Wall Clock Time:    69.34

  --------------------------------------------------------------------

  Design  WNS: 0.00  TNS: 0.00  Number of Violating Paths: 0


  Design (Hold)  WNS: 0.00  TNS: 0.00  Number of Violating Paths: 0

  --------------------------------------------------------------------


1
