 
****************************************
Report : area
Design : pending_repair_buffer_HYBRID_ENTRIES7
Version: W-2024.09-SP2
Date   : Wed Sep  9 14:43:18 2026
****************************************

Library(s) Used:

    slow (File: /cad/std_libraries/CBDK_TSMC018_Arm_f1.0/CIC/SynopsysDC/db/slow.db)

Number of ports:                         4375
Number of nets:                          7118
Number of cells:                         4929
Number of combinational cells:           2743
Number of sequential cells:              2186
Number of macros/black boxes:               0
Number of buf/inv:                        556
Number of references:                       9

Combinational area:              72778.306729
Buf/Inv area:                    43682.285565
Noncombinational area:          225386.886055
Macro/Black Box area:                0.000000
Net Interconnect area:          638170.055328

Total cell area:                298165.192784
Total area:                     936335.248113

Hierarchical area distribution
------------------------------

                                  Global cell area              Local cell area
                                  --------------------  ------------------------------- 
Hierarchical cell                 Absolute     Percent  Combi-      Noncombi-    Black-
                                  Total        Total    national    national     boxes   Design
--------------------------------  -----------  -------  ----------  -----------  ------  ---------
pending_repair_buffer_HYBRID_ENTRIES7
                                  298165.1928    100.0  72778.3067  225386.8861  0.0000  pending_repair_buffer_HYBRID_ENTRIES7
--------------------------------  -----------  -------  ----------  -----------  ------  ---------
Total                                                   72778.3067  225386.8861  0.0000

1
