Loading db file '/cad/std_libraries/CBDK_TSMC018_Arm_f1.0/CIC/SynopsysDC/db/slow.db'
Information: Propagating switching activity (low effort zero delay simulation). (PWR-6)
Warning: Design has unannotated primary inputs. (PWR-414)
Warning: Design has unannotated sequential cell outputs. (PWR-415)
 
****************************************
Report : power
        -analysis_effort low
Design : pending_repair_buffer_HYBRID_ENTRIES7
Version: W-2024.09-SP2
Date   : Wed Sep  9 14:43:19 2026
****************************************


Library(s) Used:

    slow (File: /cad/std_libraries/CBDK_TSMC018_Arm_f1.0/CIC/SynopsysDC/db/slow.db)


Operating Conditions: slow   Library: slow
Wire Load Model Mode: top

Design        Wire Load Model            Library
------------------------------------------------
pending_repair_buffer_HYBRID_ENTRIES7
                       tsmc18_wl10       slow


Global Operating Voltage = 1.62 
Power-specific unit information :
    Voltage Units = 1V
    Capacitance Units = 1.000000pf
    Time Units = 1ns
    Dynamic Power Units = 1mW    (derived from V,C,T units)
    Leakage Power Units = 1pW


Attributes
----------
i - Including register clock pin internal power


  Cell Internal Power  =  13.8956 mW   (96%)
  Net Switching Power  = 632.5811 uW    (4%)
                         ---------
Total Dynamic Power    =  14.5282 mW  (100%)

Cell Leakage Power     =  12.2607 uW


                 Internal         Switching           Leakage            Total
Power Group      Power            Power               Power              Power   (   %    )  Attrs
--------------------------------------------------------------------------------------------------
io_pad             0.0000            0.0000            0.0000            0.0000  (   0.00%)
memory             0.0000            0.0000            0.0000            0.0000  (   0.00%)
black_box          0.0000            0.0000            0.0000            0.0000  (   0.00%)
clock_network     12.4088            0.0000            0.0000           12.4088  (  85.34%)  i
register           0.9967            0.2016        8.2237e+06            1.2066  (   8.30%)
sequential         0.0000            0.0000            0.0000            0.0000  (   0.00%)
combinational      0.4901            0.4309        4.0371e+06            0.9251  (   6.36%)
--------------------------------------------------------------------------------------------------
Total             13.8957 mW         0.6326 mW     1.2261e+07 pW        14.5405 mW
1
