 
****************************************
Report : reference
Design : pending_repair_buffer_HYBRID_ENTRIES7
Version: W-2024.09-SP2
Date   : Wed Sep  9 14:43:18 2026
****************************************

Attributes:
    b - black box (unknown)
   bo - allows boundary optimization
    d - dont_touch
   mo - map_only
    h - hierarchical
    n - noncombinational
    r - removable
    s - synthetic operator
    u - contains unmapped logic

Reference          Library       Unit Area   Count    Total Area   Attributes
-----------------------------------------------------------------------------
CLKINVX12          slow          63.201599     183  11565.892639  
CLKINVX16          slow          83.160004     277  23035.321014  
CLKINVX20          slow          96.465599      94   9067.766312  
DFFHQX4            slow          73.180801       1     73.180801  n
EDFFX4             slow         103.118401    2185  225313.705254 n
INVX1              slow           6.652800       2     13.305600  
NAND3X1            slow          13.305600       2     26.611200  
NOR2BX1            slow          13.305600    2184  29059.430763  
NOR2X1             slow           9.979200       1      9.979200  
-----------------------------------------------------------------------------
Total 9 references                                  298165.192784
1
