 
****************************************
Report : timing
        -path full
        -delay max
        -max_paths 10
Design : pending_repair_buffer_HYBRID_ENTRIES7
Version: W-2024.09-SP2
Date   : Wed Sep  9 14:43:18 2026
****************************************

 # A fanout number of 1000 was used for high fanout net computations.

Operating Conditions: slow   Library: slow
Wire Load Model Mode: top

  Startpoint: clear_i (input port clocked by clk)
  Endpoint: cam_reuse_flat_o_reg[9]
            (rising edge-triggered flip-flop clocked by clk)
  Path Group: clk
  Path Type: max

  Des/Clust/Port     Wire Load Model       Library
  ------------------------------------------------
  pending_repair_buffer_HYBRID_ENTRIES7
                     tsmc18_wl10           slow

  Point                                    Incr       Path
  -----------------------------------------------------------
  clock clk (rise edge)                    0.00       0.00
  clock network delay (ideal)              0.00       0.00
  input external delay                     0.00       0.00 r
  clear_i (in)                             0.00       0.00 r
  U4935/Y (INVX1)                          0.24       0.24 f
  U4934/Y (NAND3X1)                        0.38       0.62 r
  U2198/Y (CLKINVX20)                      0.33       0.94 f
  U2196/Y (CLKINVX16)                      0.23       1.18 r
  U2462/Y (CLKINVX20)                      0.23       1.41 f
  U2432/Y (CLKINVX16)                      0.23       1.64 r
  U2413/Y (CLKINVX20)                      0.23       1.87 f
  U2236/Y (CLKINVX16)                      0.27       2.15 r
  U4454/Y (NOR2BX1)                        0.11       2.26 f
  cam_reuse_flat_o_reg[9]/D (EDFFX4)       0.00       2.26 f
  data arrival time                                   2.26

  clock clk (rise edge)                   20.00      20.00
  clock network delay (ideal)              0.00      20.00
  clock uncertainty                       -0.10      19.90
  cam_reuse_flat_o_reg[9]/CK (EDFFX4)      0.00      19.90 r
  library setup time                      -0.53      19.37
  data required time                                 19.37
  -----------------------------------------------------------
  data required time                                 19.37
  data arrival time                                  -2.26
  -----------------------------------------------------------
  slack (MET)                                        17.12


  Startpoint: clear_i (input port clocked by clk)
  Endpoint: cam_reuse_flat_o_reg[8]
            (rising edge-triggered flip-flop clocked by clk)
  Path Group: clk
  Path Type: max

  Des/Clust/Port     Wire Load Model       Library
  ------------------------------------------------
  pending_repair_buffer_HYBRID_ENTRIES7
                     tsmc18_wl10           slow

  Point                                    Incr       Path
  -----------------------------------------------------------
  clock clk (rise edge)                    0.00       0.00
  clock network delay (ideal)              0.00       0.00
  input external delay                     0.00       0.00 r
  clear_i (in)                             0.00       0.00 r
  U4935/Y (INVX1)                          0.24       0.24 f
  U4934/Y (NAND3X1)                        0.38       0.62 r
  U2198/Y (CLKINVX20)                      0.33       0.94 f
  U2196/Y (CLKINVX16)                      0.23       1.18 r
  U2462/Y (CLKINVX20)                      0.23       1.41 f
  U2432/Y (CLKINVX16)                      0.23       1.64 r
  U2413/Y (CLKINVX20)                      0.23       1.87 f
  U2236/Y (CLKINVX16)                      0.27       2.15 r
  U4455/Y (NOR2BX1)                        0.11       2.26 f
  cam_reuse_flat_o_reg[8]/D (EDFFX4)       0.00       2.26 f
  data arrival time                                   2.26

  clock clk (rise edge)                   20.00      20.00
  clock network delay (ideal)              0.00      20.00
  clock uncertainty                       -0.10      19.90
  cam_reuse_flat_o_reg[8]/CK (EDFFX4)      0.00      19.90 r
  library setup time                      -0.53      19.37
  data required time                                 19.37
  -----------------------------------------------------------
  data required time                                 19.37
  data arrival time                                  -2.26
  -----------------------------------------------------------
  slack (MET)                                        17.12


  Startpoint: clear_i (input port clocked by clk)
  Endpoint: cam_reuse_flat_o_reg[7]
            (rising edge-triggered flip-flop clocked by clk)
  Path Group: clk
  Path Type: max

  Des/Clust/Port     Wire Load Model       Library
  ------------------------------------------------
  pending_repair_buffer_HYBRID_ENTRIES7
                     tsmc18_wl10           slow

  Point                                    Incr       Path
  -----------------------------------------------------------
  clock clk (rise edge)                    0.00       0.00
  clock network delay (ideal)              0.00       0.00
  input external delay                     0.00       0.00 r
  clear_i (in)                             0.00       0.00 r
  U4935/Y (INVX1)                          0.24       0.24 f
  U4934/Y (NAND3X1)                        0.38       0.62 r
  U2198/Y (CLKINVX20)                      0.33       0.94 f
  U2196/Y (CLKINVX16)                      0.23       1.18 r
  U2462/Y (CLKINVX20)                      0.23       1.41 f
  U2432/Y (CLKINVX16)                      0.23       1.64 r
  U2413/Y (CLKINVX20)                      0.23       1.87 f
  U2236/Y (CLKINVX16)                      0.27       2.15 r
  U4456/Y (NOR2BX1)                        0.11       2.26 f
  cam_reuse_flat_o_reg[7]/D (EDFFX4)       0.00       2.26 f
  data arrival time                                   2.26

  clock clk (rise edge)                   20.00      20.00
  clock network delay (ideal)              0.00      20.00
  clock uncertainty                       -0.10      19.90
  cam_reuse_flat_o_reg[7]/CK (EDFFX4)      0.00      19.90 r
  library setup time                      -0.53      19.37
  data required time                                 19.37
  -----------------------------------------------------------
  data required time                                 19.37
  data arrival time                                  -2.26
  -----------------------------------------------------------
  slack (MET)                                        17.12


  Startpoint: clear_i (input port clocked by clk)
  Endpoint: cam_reuse_flat_o_reg[6]
            (rising edge-triggered flip-flop clocked by clk)
  Path Group: clk
  Path Type: max

  Des/Clust/Port     Wire Load Model       Library
  ------------------------------------------------
  pending_repair_buffer_HYBRID_ENTRIES7
                     tsmc18_wl10           slow

  Point                                    Incr       Path
  -----------------------------------------------------------
  clock clk (rise edge)                    0.00       0.00
  clock network delay (ideal)              0.00       0.00
  input external delay                     0.00       0.00 r
  clear_i (in)                             0.00       0.00 r
  U4935/Y (INVX1)                          0.24       0.24 f
  U4934/Y (NAND3X1)                        0.38       0.62 r
  U2198/Y (CLKINVX20)                      0.33       0.94 f
  U2196/Y (CLKINVX16)                      0.23       1.18 r
  U2462/Y (CLKINVX20)                      0.23       1.41 f
  U2432/Y (CLKINVX16)                      0.23       1.64 r
  U2413/Y (CLKINVX20)                      0.23       1.87 f
  U2236/Y (CLKINVX16)                      0.27       2.15 r
  U4457/Y (NOR2BX1)                        0.11       2.26 f
  cam_reuse_flat_o_reg[6]/D (EDFFX4)       0.00       2.26 f
  data arrival time                                   2.26

  clock clk (rise edge)                   20.00      20.00
  clock network delay (ideal)              0.00      20.00
  clock uncertainty                       -0.10      19.90
  cam_reuse_flat_o_reg[6]/CK (EDFFX4)      0.00      19.90 r
  library setup time                      -0.53      19.37
  data required time                                 19.37
  -----------------------------------------------------------
  data required time                                 19.37
  data arrival time                                  -2.26
  -----------------------------------------------------------
  slack (MET)                                        17.12


  Startpoint: clear_i (input port clocked by clk)
  Endpoint: cam_reuse_flat_o_reg[5]
            (rising edge-triggered flip-flop clocked by clk)
  Path Group: clk
  Path Type: max

  Des/Clust/Port     Wire Load Model       Library
  ------------------------------------------------
  pending_repair_buffer_HYBRID_ENTRIES7
                     tsmc18_wl10           slow

  Point                                    Incr       Path
  -----------------------------------------------------------
  clock clk (rise edge)                    0.00       0.00
  clock network delay (ideal)              0.00       0.00
  input external delay                     0.00       0.00 r
  clear_i (in)                             0.00       0.00 r
  U4935/Y (INVX1)                          0.24       0.24 f
  U4934/Y (NAND3X1)                        0.38       0.62 r
  U2198/Y (CLKINVX20)                      0.33       0.94 f
  U2196/Y (CLKINVX16)                      0.23       1.18 r
  U2462/Y (CLKINVX20)                      0.23       1.41 f
  U2432/Y (CLKINVX16)                      0.23       1.64 r
  U2413/Y (CLKINVX20)                      0.23       1.87 f
  U2236/Y (CLKINVX16)                      0.27       2.15 r
  U4458/Y (NOR2BX1)                        0.11       2.26 f
  cam_reuse_flat_o_reg[5]/D (EDFFX4)       0.00       2.26 f
  data arrival time                                   2.26

  clock clk (rise edge)                   20.00      20.00
  clock network delay (ideal)              0.00      20.00
  clock uncertainty                       -0.10      19.90
  cam_reuse_flat_o_reg[5]/CK (EDFFX4)      0.00      19.90 r
  library setup time                      -0.53      19.37
  data required time                                 19.37
  -----------------------------------------------------------
  data required time                                 19.37
  data arrival time                                  -2.26
  -----------------------------------------------------------
  slack (MET)                                        17.12


  Startpoint: clear_i (input port clocked by clk)
  Endpoint: cam_reuse_flat_o_reg[4]
            (rising edge-triggered flip-flop clocked by clk)
  Path Group: clk
  Path Type: max

  Des/Clust/Port     Wire Load Model       Library
  ------------------------------------------------
  pending_repair_buffer_HYBRID_ENTRIES7
                     tsmc18_wl10           slow

  Point                                    Incr       Path
  -----------------------------------------------------------
  clock clk (rise edge)                    0.00       0.00
  clock network delay (ideal)              0.00       0.00
  input external delay                     0.00       0.00 r
  clear_i (in)                             0.00       0.00 r
  U4935/Y (INVX1)                          0.24       0.24 f
  U4934/Y (NAND3X1)                        0.38       0.62 r
  U2198/Y (CLKINVX20)                      0.33       0.94 f
  U2196/Y (CLKINVX16)                      0.23       1.18 r
  U2462/Y (CLKINVX20)                      0.23       1.41 f
  U2432/Y (CLKINVX16)                      0.23       1.64 r
  U2413/Y (CLKINVX20)                      0.23       1.87 f
  U2236/Y (CLKINVX16)                      0.27       2.15 r
  U4459/Y (NOR2BX1)                        0.11       2.26 f
  cam_reuse_flat_o_reg[4]/D (EDFFX4)       0.00       2.26 f
  data arrival time                                   2.26

  clock clk (rise edge)                   20.00      20.00
  clock network delay (ideal)              0.00      20.00
  clock uncertainty                       -0.10      19.90
  cam_reuse_flat_o_reg[4]/CK (EDFFX4)      0.00      19.90 r
  library setup time                      -0.53      19.37
  data required time                                 19.37
  -----------------------------------------------------------
  data required time                                 19.37
  data arrival time                                  -2.26
  -----------------------------------------------------------
  slack (MET)                                        17.12


  Startpoint: clear_i (input port clocked by clk)
  Endpoint: cam_reuse_flat_o_reg[3]
            (rising edge-triggered flip-flop clocked by clk)
  Path Group: clk
  Path Type: max

  Des/Clust/Port     Wire Load Model       Library
  ------------------------------------------------
  pending_repair_buffer_HYBRID_ENTRIES7
                     tsmc18_wl10           slow

  Point                                    Incr       Path
  -----------------------------------------------------------
  clock clk (rise edge)                    0.00       0.00
  clock network delay (ideal)              0.00       0.00
  input external delay                     0.00       0.00 r
  clear_i (in)                             0.00       0.00 r
  U4935/Y (INVX1)                          0.24       0.24 f
  U4934/Y (NAND3X1)                        0.38       0.62 r
  U2198/Y (CLKINVX20)                      0.33       0.94 f
  U2196/Y (CLKINVX16)                      0.23       1.18 r
  U2462/Y (CLKINVX20)                      0.23       1.41 f
  U2432/Y (CLKINVX16)                      0.23       1.64 r
  U2413/Y (CLKINVX20)                      0.23       1.87 f
  U2236/Y (CLKINVX16)                      0.27       2.15 r
  U4460/Y (NOR2BX1)                        0.11       2.26 f
  cam_reuse_flat_o_reg[3]/D (EDFFX4)       0.00       2.26 f
  data arrival time                                   2.26

  clock clk (rise edge)                   20.00      20.00
  clock network delay (ideal)              0.00      20.00
  clock uncertainty                       -0.10      19.90
  cam_reuse_flat_o_reg[3]/CK (EDFFX4)      0.00      19.90 r
  library setup time                      -0.53      19.37
  data required time                                 19.37
  -----------------------------------------------------------
  data required time                                 19.37
  data arrival time                                  -2.26
  -----------------------------------------------------------
  slack (MET)                                        17.12


  Startpoint: clear_i (input port clocked by clk)
  Endpoint: cam_reuse_flat_o_reg[2]
            (rising edge-triggered flip-flop clocked by clk)
  Path Group: clk
  Path Type: max

  Des/Clust/Port     Wire Load Model       Library
  ------------------------------------------------
  pending_repair_buffer_HYBRID_ENTRIES7
                     tsmc18_wl10           slow

  Point                                    Incr       Path
  -----------------------------------------------------------
  clock clk (rise edge)                    0.00       0.00
  clock network delay (ideal)              0.00       0.00
  input external delay                     0.00       0.00 r
  clear_i (in)                             0.00       0.00 r
  U4935/Y (INVX1)                          0.24       0.24 f
  U4934/Y (NAND3X1)                        0.38       0.62 r
  U2198/Y (CLKINVX20)                      0.33       0.94 f
  U2196/Y (CLKINVX16)                      0.23       1.18 r
  U2462/Y (CLKINVX20)                      0.23       1.41 f
  U2432/Y (CLKINVX16)                      0.23       1.64 r
  U2413/Y (CLKINVX20)                      0.23       1.87 f
  U2236/Y (CLKINVX16)                      0.27       2.15 r
  U4461/Y (NOR2BX1)                        0.11       2.26 f
  cam_reuse_flat_o_reg[2]/D (EDFFX4)       0.00       2.26 f
  data arrival time                                   2.26

  clock clk (rise edge)                   20.00      20.00
  clock network delay (ideal)              0.00      20.00
  clock uncertainty                       -0.10      19.90
  cam_reuse_flat_o_reg[2]/CK (EDFFX4)      0.00      19.90 r
  library setup time                      -0.53      19.37
  data required time                                 19.37
  -----------------------------------------------------------
  data required time                                 19.37
  data arrival time                                  -2.26
  -----------------------------------------------------------
  slack (MET)                                        17.12


  Startpoint: clear_i (input port clocked by clk)
  Endpoint: cam_reuse_flat_o_reg[1]
            (rising edge-triggered flip-flop clocked by clk)
  Path Group: clk
  Path Type: max

  Des/Clust/Port     Wire Load Model       Library
  ------------------------------------------------
  pending_repair_buffer_HYBRID_ENTRIES7
                     tsmc18_wl10           slow

  Point                                    Incr       Path
  -----------------------------------------------------------
  clock clk (rise edge)                    0.00       0.00
  clock network delay (ideal)              0.00       0.00
  input external delay                     0.00       0.00 r
  clear_i (in)                             0.00       0.00 r
  U4935/Y (INVX1)                          0.24       0.24 f
  U4934/Y (NAND3X1)                        0.38       0.62 r
  U2198/Y (CLKINVX20)                      0.33       0.94 f
  U2196/Y (CLKINVX16)                      0.23       1.18 r
  U2462/Y (CLKINVX20)                      0.23       1.41 f
  U2432/Y (CLKINVX16)                      0.23       1.64 r
  U2413/Y (CLKINVX20)                      0.23       1.87 f
  U2236/Y (CLKINVX16)                      0.27       2.15 r
  U4462/Y (NOR2BX1)                        0.11       2.26 f
  cam_reuse_flat_o_reg[1]/D (EDFFX4)       0.00       2.26 f
  data arrival time                                   2.26

  clock clk (rise edge)                   20.00      20.00
  clock network delay (ideal)              0.00      20.00
  clock uncertainty                       -0.10      19.90
  cam_reuse_flat_o_reg[1]/CK (EDFFX4)      0.00      19.90 r
  library setup time                      -0.53      19.37
  data required time                                 19.37
  -----------------------------------------------------------
  data required time                                 19.37
  data arrival time                                  -2.26
  -----------------------------------------------------------
  slack (MET)                                        17.12


  Startpoint: clear_i (input port clocked by clk)
  Endpoint: cam_reuse_flat_o_reg[0]
            (rising edge-triggered flip-flop clocked by clk)
  Path Group: clk
  Path Type: max

  Des/Clust/Port     Wire Load Model       Library
  ------------------------------------------------
  pending_repair_buffer_HYBRID_ENTRIES7
                     tsmc18_wl10           slow

  Point                                    Incr       Path
  -----------------------------------------------------------
  clock clk (rise edge)                    0.00       0.00
  clock network delay (ideal)              0.00       0.00
  input external delay                     0.00       0.00 r
  clear_i (in)                             0.00       0.00 r
  U4935/Y (INVX1)                          0.24       0.24 f
  U4934/Y (NAND3X1)                        0.38       0.62 r
  U2198/Y (CLKINVX20)                      0.33       0.94 f
  U2196/Y (CLKINVX16)                      0.23       1.18 r
  U2462/Y (CLKINVX20)                      0.23       1.41 f
  U2432/Y (CLKINVX16)                      0.23       1.64 r
  U2413/Y (CLKINVX20)                      0.23       1.87 f
  U2236/Y (CLKINVX16)                      0.27       2.15 r
  U4463/Y (NOR2BX1)                        0.11       2.26 f
  cam_reuse_flat_o_reg[0]/D (EDFFX4)       0.00       2.26 f
  data arrival time                                   2.26

  clock clk (rise edge)                   20.00      20.00
  clock network delay (ideal)              0.00      20.00
  clock uncertainty                       -0.10      19.90
  cam_reuse_flat_o_reg[0]/CK (EDFFX4)      0.00      19.90 r
  library setup time                      -0.53      19.37
  data required time                                 19.37
  -----------------------------------------------------------
  data required time                                 19.37
  data arrival time                                  -2.26
  -----------------------------------------------------------
  slack (MET)                                        17.12


1
