 
****************************************
Report : area
Design : recam_phase3j_full_group_top
Version: W-2024.09-SP2
Date   : Thu Sep 10 18:56:08 2026
****************************************

Library(s) Used:

    slow (File: /cad/std_libraries/CBDK_TSMC018_Arm_f1.0/CIC/SynopsysDC/db/slow.db)

Number of ports:                         1583
Number of nets:                          6982
Number of cells:                         5527
Number of combinational cells:           5031
Number of sequential cells:               485
Number of macros/black boxes:               0
Number of buf/inv:                       1628
Number of references:                       1

Combinational area:              83805.322121
Buf/Inv area:                    12597.076998
Noncombinational area:           25876.065926
Macro/Black Box area:                0.000000
Net Interconnect area:          611429.771515

Total cell area:                109681.388047
Total area:                     721111.159562

Hierarchical area distribution
------------------------------

                                  Global cell area             Local cell area
                                  --------------------  ------------------------------ 
Hierarchical cell                 Absolute     Percent  Combi-      Noncombi-   Black-
                                  Total        Total    national    national    boxes   Design
--------------------------------  -----------  -------  ----------  ----------  ------  ---------------------------------------------------------------------------------------------
recam_phase3j_full_group_top      109681.3880    100.0      0.0000      0.0000  0.0000  recam_phase3j_full_group_top
d                                 109681.3880    100.0   9313.9199  17410.3778  0.0000  recam_phase3j_full_dss_top_GROUP_POLICY1_ROW_ADDR_W9_COL_ADDR_W5_DIFF_ADDR_W9_HYBRID_ENTRIES7
d/allocator                        16595.4097     15.1   6499.7856   3885.2352  0.0000  recam_dss_group_allocator
d/allocator/f                       6210.3888      5.7   4982.9472      0.0000  0.0000  recam_resource_aware_fallback_selector
d/allocator/f/d0                     252.8064      0.2    252.8064      0.0000  0.0000  recam_config_resource_action_decoder_3
d/allocator/f/d1                     246.1536      0.2    246.1536      0.0000  0.0000  recam_config_resource_action_decoder_2
d/allocator/f/d2                     252.8064      0.2    252.8064      0.0000  0.0000  recam_config_resource_action_decoder_1
d/allocator/f/d3                     252.8064      0.2    252.8064      0.0000  0.0000  recam_config_resource_action_decoder_0
d/allocator/f/ledger                 222.8688      0.2    222.8688      0.0000  0.0000  recam_physical_resource_ledger_checker
d/scheduler                        66361.6806     60.5   2814.1345   4580.4529  0.0000  recam_role_aware_config_scheduler_ROW_ADDR_W9_COL_ADDR_W5_DIFF_ADDR_W9_HYBRID_ENTRIES7
d/scheduler/shared_analyzer        58967.0933     53.8  58967.0933      0.0000  0.0000  recam_shared_config_analyzer_ROW_ADDR_W9_COL_ADDR_W5_DIFF_ADDR_W9_HYBRID_ENTRIES7
--------------------------------  -----------  -------  ----------  ----------  ------  ---------------------------------------------------------------------------------------------
Total                                                   83805.3221  25876.0659  0.0000

1
