 
****************************************
Report : area
Design : recam_2r2c_analyzer
Version: W-2024.09-SP2
Date   : Wed Sep  9 17:05:54 2026
****************************************

Library(s) Used:

    slow (File: /cad/std_libraries/CBDK_TSMC018_Arm_f1.0/CIC/SynopsysDC/db/slow.db)

Number of ports:                          430
Number of nets:                          1587
Number of cells:                         1188
Number of combinational cells:           1183
Number of sequential cells:                 0
Number of macros/black boxes:               0
Number of buf/inv:                        210
Number of references:                       3

Combinational area:              20084.803477
Buf/Inv area:                     1397.088017
Noncombinational area:               0.000000
Macro/Black Box area:                0.000000
Net Interconnect area:          145414.062439

Total cell area:                 20084.803477
Total area:                     165498.865916

Hierarchical area distribution
------------------------------

                                  Global cell area            Local cell area
                                  -------------------  ----------------------------- 
Hierarchical cell                 Absolute    Percent  Combi-      Noncombi-  Black-
                                  Total       Total    national    national   boxes   Design
--------------------------------  ----------  -------  ----------  ---------  ------  ----------------------------------------------------
recam_2r2c_analyzer               20084.8035    100.0      0.0000     0.0000  0.0000  recam_2r2c_analyzer
matrix_builder                    19758.8163     98.4  19758.8163     0.0000  0.0000  recam_2r2c_matrix_builder_ADDR_W10_HYBRID_ENTRY_NUM4
pattern_analyzer                    166.3200      0.8    166.3200     0.0000  0.0000  recam_2r2c_pattern_analyzer
pattern_encoder                     159.6672      0.8    159.6672     0.0000  0.0000  recam_2r2c_pattern_encoder
--------------------------------  ----------  -------  ----------  ---------  ------  ----------------------------------------------------
Total                                                  20084.8035     0.0000  0.0000

1
