 
****************************************
Report : constraint
        -all_violators
Design : recam_2r2c_analyzer
Version: W-2024.09-SP2
Date   : Wed Sep  9 17:05:54 2026
****************************************


   max_delay/setup ('recam_boundary_clk' group)

                             Required        Actual
   Endpoint                 Path Delay     Path Delay        Slack
   -----------------------------------------------------------------
   pattern_id_o[2]             20.00          43.21 r       -23.21  (VIOLATED)
   repairable_o                20.00          43.19 r       -23.19  (VIOLATED)
   pattern_id_o[0]             20.00          42.89 r       -22.89  (VIOLATED)
   pattern_id_o[1]             20.00          42.79 r       -22.79  (VIOLATED)
   candidate_valid_o[1]        20.00          40.41 r       -20.41  (VIOLATED)
   candidate_valid_o[2]        20.00          40.40 r       -20.40  (VIOLATED)
   candidate_valid_o[5]        20.00          40.40 r       -20.40  (VIOLATED)
   candidate_valid_o[0]        20.00          40.40 r       -20.40  (VIOLATED)
   candidate_valid_o[4]        20.00          40.10 r       -20.10  (VIOLATED)
   candidate_valid_o[3]        20.00          40.04 r       -20.04  (VIOLATED)
   matrix_flat_o[15]           20.00          38.57 r       -18.57  (VIOLATED)
   matrix_flat_o[10]           20.00          38.56 r       -18.56  (VIOLATED)
   matrix_flat_o[3]            20.00          38.46 r       -18.46  (VIOLATED)
   matrix_flat_o[7]            20.00          38.45 r       -18.45  (VIOLATED)
   matrix_flat_o[9]            20.00          38.45 r       -18.45  (VIOLATED)
   matrix_flat_o[6]            20.00          38.45 r       -18.45  (VIOLATED)
   matrix_flat_o[5]            20.00          38.44 r       -18.44  (VIOLATED)
   matrix_flat_o[11]           20.00          38.44 r       -18.44  (VIOLATED)
   matrix_flat_o[13]           20.00          38.44 f       -18.44  (VIOLATED)
   matrix_flat_o[14]           20.00          38.44 f       -18.44  (VIOLATED)
   matrix_flat_o[4]            20.00          38.43 r       -18.43  (VIOLATED)
   matrix_flat_o[8]            20.00          38.43 r       -18.43  (VIOLATED)
   matrix_flat_o[12]           20.00          38.40 f       -18.40  (VIOLATED)
   matrix_flat_o[2]            20.00          38.36 r       -18.36  (VIOLATED)
   matrix_flat_o[1]            20.00          38.36 r       -18.36  (VIOLATED)


   max_transition

                             Required        Actual
   Net                      Transition     Transition        Slack
   -----------------------------------------------------------------
   matrix_builder/n686          3.00           5.23          -2.23  (VIOLATED)
       PIN :   matrix_builder/U679/AN
                                3.00           5.23          -2.23  (VIOLATED)
       PIN :   matrix_builder/U654/AN
                                3.00           5.23          -2.23  (VIOLATED)
       PIN :   matrix_builder/U596/A0
                                3.00           5.23          -2.23  (VIOLATED)
       PIN :   matrix_builder/U575/A1
                                3.00           5.23          -2.23  (VIOLATED)
       PIN :   matrix_builder/U572/A1
                                3.00           5.23          -2.23  (VIOLATED)
       PIN :   matrix_builder/U569/A1
                                3.00           5.23          -2.23  (VIOLATED)
       PIN :   matrix_builder/U566/A1
                                3.00           5.23          -2.23  (VIOLATED)
       PIN :   matrix_builder/U563/A1
                                3.00           5.23          -2.23  (VIOLATED)
       PIN :   matrix_builder/U558/A1
                                3.00           5.23          -2.23  (VIOLATED)
       PIN :   matrix_builder/U555/A1
                                3.00           5.23          -2.23  (VIOLATED)
       PIN :   matrix_builder/U552/A1
                                3.00           5.23          -2.23  (VIOLATED)
       PIN :   matrix_builder/U549/A1
                                3.00           5.23          -2.23  (VIOLATED)
       PIN :   matrix_builder/U545/A1
                                3.00           5.23          -2.23  (VIOLATED)
       PIN :   matrix_builder/U680/Y
                                3.00           5.23          -2.23  (VIOLATED)
   matrix_builder/n657          3.00           3.74          -0.74  (VIOLATED)
       PIN :   matrix_builder/U539/B1
                                3.00           3.74          -0.74  (VIOLATED)
       PIN :   matrix_builder/U537/B1
                                3.00           3.74          -0.74  (VIOLATED)
       PIN :   matrix_builder/U535/B1
                                3.00           3.74          -0.74  (VIOLATED)
       PIN :   matrix_builder/U532/B1
                                3.00           3.74          -0.74  (VIOLATED)
       PIN :   matrix_builder/U530/B
                                3.00           3.74          -0.74  (VIOLATED)
       PIN :   matrix_builder/U528/B1
                                3.00           3.74          -0.74  (VIOLATED)
       PIN :   matrix_builder/U524/B1
                                3.00           3.74          -0.74  (VIOLATED)
       PIN :   matrix_builder/U522/B1
                                3.00           3.74          -0.74  (VIOLATED)
       PIN :   matrix_builder/U519/B1
                                3.00           3.74          -0.74  (VIOLATED)
       PIN :   matrix_builder/U517/B1
                                3.00           3.74          -0.74  (VIOLATED)
       PIN :   matrix_builder/U514/B1
                                3.00           3.74          -0.74  (VIOLATED)
       PIN :   matrix_builder/U540/Y
                                3.00           3.74          -0.74  (VIOLATED)
   matrix_builder/n381          3.00           3.74          -0.74  (VIOLATED)
       PIN :   matrix_builder/U304/B0
                                3.00           3.74          -0.74  (VIOLATED)
       PIN :   matrix_builder/U302/B0
                                3.00           3.74          -0.74  (VIOLATED)
       PIN :   matrix_builder/U300/B0
                                3.00           3.74          -0.74  (VIOLATED)
       PIN :   matrix_builder/U297/B0
                                3.00           3.74          -0.74  (VIOLATED)
       PIN :   matrix_builder/U295/B
                                3.00           3.74          -0.74  (VIOLATED)
       PIN :   matrix_builder/U293/B0
                                3.00           3.74          -0.74  (VIOLATED)
       PIN :   matrix_builder/U289/B0
                                3.00           3.74          -0.74  (VIOLATED)
       PIN :   matrix_builder/U287/B0
                                3.00           3.74          -0.74  (VIOLATED)
       PIN :   matrix_builder/U285/B0
                                3.00           3.74          -0.74  (VIOLATED)
       PIN :   matrix_builder/U283/B0
                                3.00           3.74          -0.74  (VIOLATED)
       PIN :   matrix_builder/U280/B0
                                3.00           3.74          -0.74  (VIOLATED)
       PIN :   matrix_builder/U305/Y
                                3.00           3.74          -0.74  (VIOLATED)

   -----------------------------------------------------------------
   Total                      3                  -3.70  

   max_fanout

                             Required        Actual
   Net                        Fanout         Fanout          Slack
   -----------------------------------------------------------------
   pivot_valid_i[0]            10.00          22.00         -12.00  (VIOLATED)
   matrix_builder/n686         10.00          13.00          -3.00  (VIOLATED)
   matrix_builder/n594         10.00          12.00          -2.00  (VIOLATED)
   matrix_builder/n933         10.00          12.00          -2.00  (VIOLATED)
   hybrid_valid_i[2]           10.00          11.00          -1.00  (VIOLATED)
   matrix_builder/n319         10.00          11.00          -1.00  (VIOLATED)
   matrix_builder/n380         10.00          11.00          -1.00  (VIOLATED)
   matrix_builder/n381         10.00          11.00          -1.00  (VIOLATED)
   matrix_builder/n565         10.00          11.00          -1.00  (VIOLATED)
   matrix_builder/n619         10.00          11.00          -1.00  (VIOLATED)
   matrix_builder/n657         10.00          11.00          -1.00  (VIOLATED)
   matrix_builder/n688         10.00          11.00          -1.00  (VIOLATED)
   matrix_builder/n738         10.00          11.00          -1.00  (VIOLATED)
   matrix_builder/n763         10.00          11.00          -1.00  (VIOLATED)
   matrix_builder/n904         10.00          11.00          -1.00  (VIOLATED)
   matrix_builder/n969         10.00          11.00          -1.00  (VIOLATED)
   matrix_builder/n1001        10.00          11.00          -1.00  (VIOLATED)

   -----------------------------------------------------------------
   Total                      17                -32.00  

   max_capacitance

                             Required        Actual
   Net                      Capacitance    Capacitance       Slack
   -----------------------------------------------------------------
   pivot_valid_i[0]             0.15           0.31          -0.16  (VIOLATED)
   matrix_builder/n686          0.15           0.18          -0.03  (VIOLATED)
   matrix_builder/n594          0.15           0.18          -0.03  (VIOLATED)
   matrix_builder/n933          0.15           0.17          -0.02  (VIOLATED)
   matrix_builder/n969          0.15           0.16          -0.01  (VIOLATED)
   matrix_builder/n380          0.15           0.16          -0.01  (VIOLATED)
   matrix_builder/n619          0.15           0.16          -0.01  (VIOLATED)
   matrix_builder/n763          0.15           0.16          -0.01  (VIOLATED)
   matrix_builder/n1001         0.15           0.16          -0.01  (VIOLATED)
   matrix_builder/n565          0.15           0.16          -0.01  (VIOLATED)
   matrix_builder/n657          0.15           0.16          -0.01  (VIOLATED)
   matrix_builder/n381          0.15           0.16          -0.01  (VIOLATED)
   matrix_builder/n319          0.15           0.16          -0.01  (VIOLATED)
   matrix_builder/n688          0.15           0.16          -0.01  (VIOLATED)
   matrix_builder/n904          0.15           0.16          -0.01  (VIOLATED)
   matrix_builder/n738          0.15           0.15           0.00  (VIOLATED: increase significant digits)

   -----------------------------------------------------------------
   Total                      16                 -0.33  

1
