 
****************************************
Report : qor
Design : recam_2r2c_analyzer
Version: W-2024.09-SP2
Date   : Wed Sep  9 17:05:54 2026
****************************************


  Timing Path Group 'recam_boundary_clk'
  -----------------------------------
  Levels of Logic:              75.00
  Critical Path Length:         43.21
  Critical Path Slack:         -23.21
  Critical Path Clk Period:     20.00
  Total Negative Slack:       -490.51
  No. of Violating Paths:       25.00
  Worst Hold Violation:          0.00
  Total Hold Violation:          0.00
  No. of Hold Violations:        0.00
  -----------------------------------


  Cell Count
  -----------------------------------
  Hierarchical Cell Count:          3
  Hierarchical Port Count:        226
  Leaf Cell Count:               1183
  Buf/Inv Cell Count:             210
  Buf Cell Count:                   0
  Inv Cell Count:                 210
  CT Buf/Inv Cell Count:            0
  Combinational Cell Count:      1183
  Sequential Cell Count:            0
  Macro Count:                      0
  -----------------------------------


  Area
  -----------------------------------
  Combinational Area:    20084.803477
  Noncombinational Area:     0.000000
  Buf/Inv Area:           1397.088017
  Total Buffer Area:             0.00
  Total Inverter Area:        1397.09
  Macro/Black Box Area:      0.000000
  Net Area:             145414.062439
  -----------------------------------
  Cell Area:             20084.803477
  Design Area:          165498.865916


  Design Rules
  -----------------------------------
  Total Number of Nets:          1362
  Nets With Violations:            17
  Max Trans Violations:             3
  Max Cap Violations:              16
  Max Fanout Violations:           17
  -----------------------------------


  Hostname: Kaohsiung

  Compile CPU Statistics
  -----------------------------------------
  Resource Sharing:                    1.47
  Logic Optimization:                  0.63
  Mapping Optimization:                0.15
  -----------------------------------------
  Overall Compile Time:                3.54
  Overall Compile Wall Clock Time:     3.81

  --------------------------------------------------------------------

  Design  WNS: 23.21  TNS: 490.51  Number of Violating Paths: 25


  Design (Hold)  WNS: 0.00  TNS: 0.00  Number of Violating Paths: 0

  --------------------------------------------------------------------


1
