 
****************************************
Report : reference
Design : recam_2r2c_analyzer
Version: W-2024.09-SP2
Date   : Wed Sep  9 17:05:54 2026
****************************************

Attributes:
    b - black box (unknown)
   bo - allows boundary optimization
    d - dont_touch
   mo - map_only
    h - hierarchical
    n - noncombinational
    r - removable
    s - synthetic operator
    u - contains unmapped logic

Reference          Library       Unit Area   Count    Total Area   Attributes
-----------------------------------------------------------------------------
recam_2r2c_matrix_builder_ADDR_W10_HYBRID_ENTRY_NUM4
                              19758.816270       1  19758.816270  h
recam_2r2c_pattern_analyzer     166.320005       1    166.320005  h
recam_2r2c_pattern_encoder      159.667202       1    159.667202  h
-----------------------------------------------------------------------------
Total 3 references                                  20084.803477

****************************************
Design: recam_2r2c_matrix_builder_ADDR_W10_HYBRID_ENTRY_NUM4 
****************************************
Reference          Library       Unit Area   Count    Total Area   Attributes
-----------------------------------------------------------------------------
AND2X1             slow          13.305600       3     39.916800  
AND3X1             slow          16.632000      14    232.848000  
AND4X1             slow          19.958401       4     79.833603  
AOI2BB1X1          slow          16.632000       3     49.896000  
AOI21X1            slow          13.305600       6     79.833601  
AOI22X1            slow          16.632000     102   1696.463997  
AOI31X1            slow          16.632000      20    332.639999  
AOI32X1            slow          23.284800       6    139.708797  
AOI211X1           slow          16.632000      16    266.112000  
AOI222X1           slow          26.611200      20    532.224007  
INVX1              slow           6.652800     204   1357.171217  
MX2X1              slow          26.611200       1     26.611200  
MXI2X1             slow          23.284800      10    232.847996  
NAND2BX1           slow          13.305600       9    119.750401  
NAND2X1            slow           9.979200      78    778.377628  
NAND3BX1           slow          16.632000       4     66.528000  
NAND3X1            slow          13.305600      33    439.084805  
NAND4BBX1          slow          26.611200       2     53.222401  
NAND4BXL           slow          19.958401       6    119.750404  
NAND4X1            slow          16.632000      55    914.759998  
NOR2BX1            slow          13.305600      22    292.723204  
NOR2X1             slow           9.979200      36    359.251213  
NOR3X1             slow          13.305600      51    678.585608  
NOR4BBX1           slow          26.611200       2     53.222401  
NOR4BX1            slow          19.958401       6    119.750404  
NOR4X1             slow          19.958401       6    119.750404  
OAI2BB1X1          slow          16.632000       6     99.792000  
OAI21XL            slow          13.305600      24    319.334404  
OAI22X1            slow          19.958401      96   1916.006470  
OAI31X1            slow          19.958401       7    139.708805  
OAI32X1            slow          23.284800       2     46.569599  
OAI211X1           slow          19.958401       1     19.958401  
OAI222XL           slow          26.611200       2     53.222401  
OR2X1              slow          13.305600       1     13.305600  
OR4X1              slow          19.958401       2     39.916801  
XNOR2X1            slow          26.611200      27    718.502409  
XOR2X1             slow          26.611200     271   7211.635290  
-----------------------------------------------------------------------------
Total 37 references                                 19758.816270

****************************************
Design: recam_2r2c_pattern_analyzer 
****************************************
Reference          Library       Unit Area   Count    Total Area   Attributes
-----------------------------------------------------------------------------
INVX1              slow           6.652800       2     13.305600  
NAND2BX1           slow          13.305600       1     13.305600  
NAND2X1            slow           9.979200       1      9.979200  
NOR2X1             slow           9.979200       1      9.979200  
NOR4BX1            slow          19.958401       3     59.875202  
NOR4X1             slow          19.958401       3     59.875202  
-----------------------------------------------------------------------------
Total 6 references                                    166.320005

****************************************
Design: recam_2r2c_pattern_encoder 
****************************************
Reference          Library       Unit Area   Count    Total Area   Attributes
-----------------------------------------------------------------------------
AOI21X1            slow          13.305600       2     26.611200  
AOI31X1            slow          16.632000       1     16.632000  
INVX1              slow           6.652800       4     26.611200  
NAND2BX1           slow          13.305600       1     13.305600  
NAND2X1            slow           9.979200       1      9.979200  
NAND3X1            slow          13.305600       1     13.305600  
NOR2X1             slow           9.979200       1      9.979200  
OAI2BB1X1          slow          16.632000       1     16.632000  
OAI21XL            slow          13.305600       2     26.611200  
-----------------------------------------------------------------------------
Total 9 references                                    159.667202
1
