 
****************************************
Report : timing
        -path full
        -delay max
        -max_paths 10
Design : recam_2r2c_analyzer
Version: W-2024.09-SP2
Date   : Wed Sep  9 17:05:54 2026
****************************************

Operating Conditions: slow   Library: slow
Wire Load Model Mode: top

  Startpoint: pivot_valid_i[1]
              (input port clocked by recam_boundary_clk)
  Endpoint: pattern_id_o[2]
            (output port clocked by recam_boundary_clk)
  Path Group: recam_boundary_clk
  Path Type: max

  Des/Clust/Port     Wire Load Model       Library
  ------------------------------------------------
  recam_2r2c_analyzer
                     tsmc18_wl10           slow

  Point                                                   Incr       Path
  --------------------------------------------------------------------------
  clock recam_boundary_clk (rise edge)                    0.00       0.00
  clock network delay (ideal)                             0.00       0.00
  input external delay                                    0.00       0.00 f
  pivot_valid_i[1] (in)                                   0.00       0.00 f
  matrix_builder/pivot_valid_i[1] (recam_2r2c_matrix_builder_ADDR_W10_HYBRID_ENTRY_NUM4)
                                                          0.00       0.00 f
  matrix_builder/U1160/Y (XOR2X1)                         0.54       0.54 r
  matrix_builder/U1159/Y (XOR2X1)                         0.48       1.02 r
  matrix_builder/U1158/Y (AND2X1)                         0.39       1.41 r
  matrix_builder/U1155/Y (NAND2X1)                        0.44       1.85 f
  matrix_builder/U1154/Y (OAI21XL)                        0.86       2.71 r
  matrix_builder/U1153/Y (NAND2X1)                        0.90       3.60 f
  matrix_builder/U1152/Y (INVX1)                          0.49       4.09 r
  matrix_builder/U1150/Y (NAND2X1)                        0.62       4.71 f
  matrix_builder/U1120/Y (INVX1)                          0.66       5.38 r
  matrix_builder/U1008/Y (NOR4BX1)                        0.24       5.62 f
  matrix_builder/U1007/Y (NAND4X1)                        0.53       6.14 r
  matrix_builder/U999/Y (NAND4X1)                         0.23       6.37 f
  matrix_builder/U978/Y (NAND4BXL)                        0.80       7.17 f
  matrix_builder/U973/Y (NOR4BBX1)                        0.48       7.65 f
  matrix_builder/U963/Y (NAND4BBX1)                       0.35       8.00 r
  matrix_builder/U946/Y (NAND4X1)                         0.21       8.21 f
  matrix_builder/U938/Y (OR4X1)                           0.69       8.90 f
  matrix_builder/U937/Y (NAND2X1)                         0.49       9.39 r
  matrix_builder/U936/Y (INVX1)                           0.34       9.73 f
  matrix_builder/U935/Y (NAND3X1)                         0.42      10.15 r
  matrix_builder/U934/Y (NAND2X1)                         0.30      10.45 f
  matrix_builder/U933/Y (AND2X1)                          0.50      10.96 f
  matrix_builder/U932/Y (NAND2X1)                         0.43      11.39 r
  matrix_builder/U931/Y (INVX1)                           0.32      11.71 f
  matrix_builder/U930/Y (NAND2X1)                         1.20      12.91 r
  matrix_builder/U929/Y (NAND2X1)                         1.04      13.95 f
  matrix_builder/U912/Y (OAI22X1)                         0.68      14.63 r
  matrix_builder/U911/Y (XOR2X1)                          0.39      15.02 f
  matrix_builder/U910/Y (AOI211X1)                        0.38      15.39 r
  matrix_builder/U909/Y (NAND4X1)                         0.21      15.61 f
  matrix_builder/U873/Y (OAI21XL)                         0.77      16.38 r
  matrix_builder/U864/Y (NOR3X1)                          0.23      16.61 f
  matrix_builder/U842/Y (NAND4X1)                         0.32      16.93 r
  matrix_builder/U802/Y (NAND3X1)                         0.44      17.36 f
  matrix_builder/U691/Y (NAND2X1)                         0.49      17.85 r
  matrix_builder/U690/Y (INVX1)                           0.50      18.35 f
  matrix_builder/U680/Y (NOR4BX1)                         3.18      21.53 r
  matrix_builder/U654/Y (NOR2BX1)                         1.61      23.14 r
  matrix_builder/U626/Y (OAI22X1)                         0.55      23.70 f
  matrix_builder/U615/Y (XNOR2X1)                         0.41      24.11 f
  matrix_builder/U599/Y (NOR4X1)                          0.32      24.43 r
  matrix_builder/U598/Y (AOI211X1)                        0.21      24.64 f
  matrix_builder/U597/Y (NAND4X1)                         0.45      25.09 r
  matrix_builder/U588/Y (NOR4BX1)                         0.45      25.55 r
  matrix_builder/U587/Y (NAND4X1)                         0.33      25.87 f
  matrix_builder/U586/Y (NAND3BX1)                        0.45      26.32 r
  matrix_builder/U542/Y (AOI2BB1X1)                       0.34      26.66 f
  matrix_builder/U423/Y (NOR2X1)                          1.01      27.67 r
  matrix_builder/U419/Y (AOI21X1)                         0.36      28.03 f
  matrix_builder/U418/Y (OAI21XL)                         0.58      28.62 r
  matrix_builder/U329/Y (NAND4X1)                         1.27      29.89 f
  matrix_builder/U328/Y (INVX1)                           0.77      30.66 r
  matrix_builder/U257/Y (NAND2X1)                         0.90      31.57 f
  matrix_builder/U256/Y (AOI22X1)                         0.70      32.27 r
  matrix_builder/U255/Y (XNOR2X1)                         0.46      32.73 r
  matrix_builder/U253/Y (AOI31X1)                         0.19      32.92 f
  matrix_builder/U226/Y (NAND4X1)                         0.40      33.31 r
  matrix_builder/U225/Y (OAI21XL)                         0.27      33.58 f
  matrix_builder/U197/Y (NAND4BXL)                        0.53      34.11 f
  matrix_builder/U196/Y (NAND3BX1)                        0.49      34.60 r
  matrix_builder/U195/Y (AOI2BB1X1)                       0.34      34.94 f
  matrix_builder/U194/Y (NOR2BX1)                         0.72      35.67 r
  matrix_builder/U193/Y (INVX1)                           0.40      36.07 f
  matrix_builder/U192/Y (NAND2X1)                         0.43      36.50 r
  matrix_builder/U38/Y (OAI21XL)                          0.58      37.07 f
  matrix_builder/U27/Y (AOI22X1)                          0.44      37.52 r
  matrix_builder/U26/Y (NAND4X1)                          0.62      38.13 f
  matrix_builder/matrix_flat_o[5] (recam_2r2c_matrix_builder_ADDR_W10_HYBRID_ENTRY_NUM4)
                                                          0.00      38.13 f
  pattern_analyzer/matrix_flat_i[5] (recam_2r2c_pattern_analyzer)
                                                          0.00      38.13 f
  pattern_analyzer/U9/Y (NOR2X1)                          0.66      38.80 r
  pattern_analyzer/U7/Y (NOR4BX1)                         1.60      40.40 r
  pattern_analyzer/candidate_valid_o[2] (recam_2r2c_pattern_analyzer)
                                                          0.00      40.40 r
  pattern_encoder/candidate_valid_i[2] (recam_2r2c_pattern_encoder)
                                                          0.00      40.40 r
  pattern_encoder/U15/Y (NOR2X1)                          0.78      41.18 f
  pattern_encoder/U14/Y (AOI21X1)                         0.68      41.86 r
  pattern_encoder/U7/Y (OAI21XL)                          0.30      42.17 f
  pattern_encoder/U6/Y (OAI2BB1X1)                        0.28      42.44 r
  pattern_encoder/U5/Y (NAND2X1)                          0.21      42.66 f
  pattern_encoder/U4/Y (INVX1)                            0.56      43.21 r
  pattern_encoder/pattern_id_o[2] (recam_2r2c_pattern_encoder)
                                                          0.00      43.21 r
  pattern_id_o[2] (out)                                   0.00      43.21 r
  data arrival time                                                 43.21

  clock recam_boundary_clk (rise edge)                   20.00      20.00
  clock network delay (ideal)                             0.00      20.00
  output external delay                                   0.00      20.00
  data required time                                                20.00
  --------------------------------------------------------------------------
  data required time                                                20.00
  data arrival time                                                -43.21
  --------------------------------------------------------------------------
  slack (VIOLATED)                                                 -23.21


  Startpoint: pivot_valid_i[1]
              (input port clocked by recam_boundary_clk)
  Endpoint: repairable_o
            (output port clocked by recam_boundary_clk)
  Path Group: recam_boundary_clk
  Path Type: max

  Des/Clust/Port     Wire Load Model       Library
  ------------------------------------------------
  recam_2r2c_analyzer
                     tsmc18_wl10           slow

  Point                                                   Incr       Path
  --------------------------------------------------------------------------
  clock recam_boundary_clk (rise edge)                    0.00       0.00
  clock network delay (ideal)                             0.00       0.00
  input external delay                                    0.00       0.00 f
  pivot_valid_i[1] (in)                                   0.00       0.00 f
  matrix_builder/pivot_valid_i[1] (recam_2r2c_matrix_builder_ADDR_W10_HYBRID_ENTRY_NUM4)
                                                          0.00       0.00 f
  matrix_builder/U1160/Y (XOR2X1)                         0.54       0.54 r
  matrix_builder/U1159/Y (XOR2X1)                         0.48       1.02 r
  matrix_builder/U1158/Y (AND2X1)                         0.39       1.41 r
  matrix_builder/U1155/Y (NAND2X1)                        0.44       1.85 f
  matrix_builder/U1154/Y (OAI21XL)                        0.86       2.71 r
  matrix_builder/U1153/Y (NAND2X1)                        0.90       3.60 f
  matrix_builder/U1152/Y (INVX1)                          0.49       4.09 r
  matrix_builder/U1150/Y (NAND2X1)                        0.62       4.71 f
  matrix_builder/U1120/Y (INVX1)                          0.66       5.38 r
  matrix_builder/U1008/Y (NOR4BX1)                        0.24       5.62 f
  matrix_builder/U1007/Y (NAND4X1)                        0.53       6.14 r
  matrix_builder/U999/Y (NAND4X1)                         0.23       6.37 f
  matrix_builder/U978/Y (NAND4BXL)                        0.80       7.17 f
  matrix_builder/U973/Y (NOR4BBX1)                        0.48       7.65 f
  matrix_builder/U963/Y (NAND4BBX1)                       0.35       8.00 r
  matrix_builder/U946/Y (NAND4X1)                         0.21       8.21 f
  matrix_builder/U938/Y (OR4X1)                           0.69       8.90 f
  matrix_builder/U937/Y (NAND2X1)                         0.49       9.39 r
  matrix_builder/U936/Y (INVX1)                           0.34       9.73 f
  matrix_builder/U935/Y (NAND3X1)                         0.42      10.15 r
  matrix_builder/U934/Y (NAND2X1)                         0.30      10.45 f
  matrix_builder/U933/Y (AND2X1)                          0.50      10.96 f
  matrix_builder/U932/Y (NAND2X1)                         0.43      11.39 r
  matrix_builder/U931/Y (INVX1)                           0.32      11.71 f
  matrix_builder/U930/Y (NAND2X1)                         1.20      12.91 r
  matrix_builder/U929/Y (NAND2X1)                         1.04      13.95 f
  matrix_builder/U912/Y (OAI22X1)                         0.68      14.63 r
  matrix_builder/U911/Y (XOR2X1)                          0.39      15.02 f
  matrix_builder/U910/Y (AOI211X1)                        0.38      15.39 r
  matrix_builder/U909/Y (NAND4X1)                         0.21      15.61 f
  matrix_builder/U873/Y (OAI21XL)                         0.77      16.38 r
  matrix_builder/U864/Y (NOR3X1)                          0.23      16.61 f
  matrix_builder/U842/Y (NAND4X1)                         0.32      16.93 r
  matrix_builder/U802/Y (NAND3X1)                         0.44      17.36 f
  matrix_builder/U691/Y (NAND2X1)                         0.49      17.85 r
  matrix_builder/U690/Y (INVX1)                           0.50      18.35 f
  matrix_builder/U680/Y (NOR4BX1)                         3.18      21.53 r
  matrix_builder/U654/Y (NOR2BX1)                         1.61      23.14 r
  matrix_builder/U626/Y (OAI22X1)                         0.55      23.70 f
  matrix_builder/U615/Y (XNOR2X1)                         0.41      24.11 f
  matrix_builder/U599/Y (NOR4X1)                          0.32      24.43 r
  matrix_builder/U598/Y (AOI211X1)                        0.21      24.64 f
  matrix_builder/U597/Y (NAND4X1)                         0.45      25.09 r
  matrix_builder/U588/Y (NOR4BX1)                         0.45      25.55 r
  matrix_builder/U587/Y (NAND4X1)                         0.33      25.87 f
  matrix_builder/U586/Y (NAND3BX1)                        0.45      26.32 r
  matrix_builder/U542/Y (AOI2BB1X1)                       0.34      26.66 f
  matrix_builder/U423/Y (NOR2X1)                          1.01      27.67 r
  matrix_builder/U419/Y (AOI21X1)                         0.36      28.03 f
  matrix_builder/U418/Y (OAI21XL)                         0.58      28.62 r
  matrix_builder/U329/Y (NAND4X1)                         1.27      29.89 f
  matrix_builder/U328/Y (INVX1)                           0.77      30.66 r
  matrix_builder/U257/Y (NAND2X1)                         0.90      31.57 f
  matrix_builder/U256/Y (AOI22X1)                         0.70      32.27 r
  matrix_builder/U255/Y (XNOR2X1)                         0.46      32.73 r
  matrix_builder/U253/Y (AOI31X1)                         0.19      32.92 f
  matrix_builder/U226/Y (NAND4X1)                         0.40      33.31 r
  matrix_builder/U225/Y (OAI21XL)                         0.27      33.58 f
  matrix_builder/U197/Y (NAND4BXL)                        0.53      34.11 f
  matrix_builder/U196/Y (NAND3BX1)                        0.49      34.60 r
  matrix_builder/U195/Y (AOI2BB1X1)                       0.34      34.94 f
  matrix_builder/U194/Y (NOR2BX1)                         0.72      35.67 r
  matrix_builder/U193/Y (INVX1)                           0.40      36.07 f
  matrix_builder/U192/Y (NAND2X1)                         0.43      36.50 r
  matrix_builder/U38/Y (OAI21XL)                          0.58      37.07 f
  matrix_builder/U27/Y (AOI22X1)                          0.44      37.52 r
  matrix_builder/U26/Y (NAND4X1)                          0.62      38.13 f
  matrix_builder/matrix_flat_o[5] (recam_2r2c_matrix_builder_ADDR_W10_HYBRID_ENTRY_NUM4)
                                                          0.00      38.13 f
  pattern_analyzer/matrix_flat_i[5] (recam_2r2c_pattern_analyzer)
                                                          0.00      38.13 f
  pattern_analyzer/U9/Y (NOR2X1)                          0.66      38.80 r
  pattern_analyzer/U7/Y (NOR4BX1)                         1.60      40.40 r
  pattern_analyzer/candidate_valid_o[2] (recam_2r2c_pattern_analyzer)
                                                          0.00      40.40 r
  pattern_encoder/candidate_valid_i[2] (recam_2r2c_pattern_encoder)
                                                          0.00      40.40 r
  pattern_encoder/U15/Y (NOR2X1)                          0.78      41.18 f
  pattern_encoder/U14/Y (AOI21X1)                         0.68      41.86 r
  pattern_encoder/U7/Y (OAI21XL)                          0.30      42.17 f
  pattern_encoder/U6/Y (OAI2BB1X1)                        0.28      42.44 r
  pattern_encoder/U5/Y (NAND2X1)                          0.21      42.66 f
  pattern_encoder/U3/Y (NAND3X1)                          0.53      43.19 r
  pattern_encoder/repairable_o (recam_2r2c_pattern_encoder)
                                                          0.00      43.19 r
  repairable_o (out)                                      0.00      43.19 r
  data arrival time                                                 43.19

  clock recam_boundary_clk (rise edge)                   20.00      20.00
  clock network delay (ideal)                             0.00      20.00
  output external delay                                   0.00      20.00
  data required time                                                20.00
  --------------------------------------------------------------------------
  data required time                                                20.00
  data arrival time                                                -43.19
  --------------------------------------------------------------------------
  slack (VIOLATED)                                                 -23.19


  Startpoint: pivot_valid_i[1]
              (input port clocked by recam_boundary_clk)
  Endpoint: pattern_id_o[0]
            (output port clocked by recam_boundary_clk)
  Path Group: recam_boundary_clk
  Path Type: max

  Des/Clust/Port     Wire Load Model       Library
  ------------------------------------------------
  recam_2r2c_analyzer
                     tsmc18_wl10           slow

  Point                                                   Incr       Path
  --------------------------------------------------------------------------
  clock recam_boundary_clk (rise edge)                    0.00       0.00
  clock network delay (ideal)                             0.00       0.00
  input external delay                                    0.00       0.00 f
  pivot_valid_i[1] (in)                                   0.00       0.00 f
  matrix_builder/pivot_valid_i[1] (recam_2r2c_matrix_builder_ADDR_W10_HYBRID_ENTRY_NUM4)
                                                          0.00       0.00 f
  matrix_builder/U1160/Y (XOR2X1)                         0.54       0.54 r
  matrix_builder/U1159/Y (XOR2X1)                         0.48       1.02 r
  matrix_builder/U1158/Y (AND2X1)                         0.39       1.41 r
  matrix_builder/U1155/Y (NAND2X1)                        0.44       1.85 f
  matrix_builder/U1154/Y (OAI21XL)                        0.86       2.71 r
  matrix_builder/U1153/Y (NAND2X1)                        0.90       3.60 f
  matrix_builder/U1152/Y (INVX1)                          0.49       4.09 r
  matrix_builder/U1150/Y (NAND2X1)                        0.62       4.71 f
  matrix_builder/U1120/Y (INVX1)                          0.66       5.38 r
  matrix_builder/U1008/Y (NOR4BX1)                        0.24       5.62 f
  matrix_builder/U1007/Y (NAND4X1)                        0.53       6.14 r
  matrix_builder/U999/Y (NAND4X1)                         0.23       6.37 f
  matrix_builder/U978/Y (NAND4BXL)                        0.80       7.17 f
  matrix_builder/U973/Y (NOR4BBX1)                        0.48       7.65 f
  matrix_builder/U963/Y (NAND4BBX1)                       0.35       8.00 r
  matrix_builder/U946/Y (NAND4X1)                         0.21       8.21 f
  matrix_builder/U938/Y (OR4X1)                           0.69       8.90 f
  matrix_builder/U937/Y (NAND2X1)                         0.49       9.39 r
  matrix_builder/U936/Y (INVX1)                           0.34       9.73 f
  matrix_builder/U935/Y (NAND3X1)                         0.42      10.15 r
  matrix_builder/U934/Y (NAND2X1)                         0.30      10.45 f
  matrix_builder/U933/Y (AND2X1)                          0.50      10.96 f
  matrix_builder/U932/Y (NAND2X1)                         0.43      11.39 r
  matrix_builder/U931/Y (INVX1)                           0.32      11.71 f
  matrix_builder/U930/Y (NAND2X1)                         1.20      12.91 r
  matrix_builder/U929/Y (NAND2X1)                         1.04      13.95 f
  matrix_builder/U912/Y (OAI22X1)                         0.68      14.63 r
  matrix_builder/U911/Y (XOR2X1)                          0.39      15.02 f
  matrix_builder/U910/Y (AOI211X1)                        0.38      15.39 r
  matrix_builder/U909/Y (NAND4X1)                         0.21      15.61 f
  matrix_builder/U873/Y (OAI21XL)                         0.77      16.38 r
  matrix_builder/U864/Y (NOR3X1)                          0.23      16.61 f
  matrix_builder/U842/Y (NAND4X1)                         0.32      16.93 r
  matrix_builder/U802/Y (NAND3X1)                         0.44      17.36 f
  matrix_builder/U691/Y (NAND2X1)                         0.49      17.85 r
  matrix_builder/U690/Y (INVX1)                           0.50      18.35 f
  matrix_builder/U680/Y (NOR4BX1)                         3.18      21.53 r
  matrix_builder/U654/Y (NOR2BX1)                         1.61      23.14 r
  matrix_builder/U626/Y (OAI22X1)                         0.55      23.70 f
  matrix_builder/U615/Y (XNOR2X1)                         0.41      24.11 f
  matrix_builder/U599/Y (NOR4X1)                          0.32      24.43 r
  matrix_builder/U598/Y (AOI211X1)                        0.21      24.64 f
  matrix_builder/U597/Y (NAND4X1)                         0.45      25.09 r
  matrix_builder/U588/Y (NOR4BX1)                         0.45      25.55 r
  matrix_builder/U587/Y (NAND4X1)                         0.33      25.87 f
  matrix_builder/U586/Y (NAND3BX1)                        0.45      26.32 r
  matrix_builder/U542/Y (AOI2BB1X1)                       0.34      26.66 f
  matrix_builder/U423/Y (NOR2X1)                          1.01      27.67 r
  matrix_builder/U419/Y (AOI21X1)                         0.36      28.03 f
  matrix_builder/U418/Y (OAI21XL)                         0.58      28.62 r
  matrix_builder/U329/Y (NAND4X1)                         1.27      29.89 f
  matrix_builder/U328/Y (INVX1)                           0.77      30.66 r
  matrix_builder/U257/Y (NAND2X1)                         0.90      31.57 f
  matrix_builder/U256/Y (AOI22X1)                         0.70      32.27 r
  matrix_builder/U255/Y (XNOR2X1)                         0.46      32.73 r
  matrix_builder/U253/Y (AOI31X1)                         0.19      32.92 f
  matrix_builder/U226/Y (NAND4X1)                         0.40      33.31 r
  matrix_builder/U225/Y (OAI21XL)                         0.27      33.58 f
  matrix_builder/U197/Y (NAND4BXL)                        0.53      34.11 f
  matrix_builder/U196/Y (NAND3BX1)                        0.49      34.60 r
  matrix_builder/U195/Y (AOI2BB1X1)                       0.34      34.94 f
  matrix_builder/U194/Y (NOR2BX1)                         0.72      35.67 r
  matrix_builder/U193/Y (INVX1)                           0.40      36.07 f
  matrix_builder/U192/Y (NAND2X1)                         0.43      36.50 r
  matrix_builder/U38/Y (OAI21XL)                          0.58      37.07 f
  matrix_builder/U27/Y (AOI22X1)                          0.44      37.52 r
  matrix_builder/U26/Y (NAND4X1)                          0.62      38.13 f
  matrix_builder/matrix_flat_o[5] (recam_2r2c_matrix_builder_ADDR_W10_HYBRID_ENTRY_NUM4)
                                                          0.00      38.13 f
  pattern_analyzer/matrix_flat_i[5] (recam_2r2c_pattern_analyzer)
                                                          0.00      38.13 f
  pattern_analyzer/U9/Y (NOR2X1)                          0.66      38.80 r
  pattern_analyzer/U7/Y (NOR4BX1)                         1.60      40.40 r
  pattern_analyzer/candidate_valid_o[2] (recam_2r2c_pattern_analyzer)
                                                          0.00      40.40 r
  pattern_encoder/candidate_valid_i[2] (recam_2r2c_pattern_encoder)
                                                          0.00      40.40 r
  pattern_encoder/U15/Y (NOR2X1)                          0.78      41.18 f
  pattern_encoder/U14/Y (AOI21X1)                         0.68      41.86 r
  pattern_encoder/U13/Y (AOI31X1)                         0.25      42.12 f
  pattern_encoder/U12/Y (OAI21XL)                         0.77      42.89 r
  pattern_encoder/pattern_id_o[0] (recam_2r2c_pattern_encoder)
                                                          0.00      42.89 r
  pattern_id_o[0] (out)                                   0.00      42.89 r
  data arrival time                                                 42.89

  clock recam_boundary_clk (rise edge)                   20.00      20.00
  clock network delay (ideal)                             0.00      20.00
  output external delay                                   0.00      20.00
  data required time                                                20.00
  --------------------------------------------------------------------------
  data required time                                                20.00
  data arrival time                                                -42.89
  --------------------------------------------------------------------------
  slack (VIOLATED)                                                 -22.89


  Startpoint: pivot_valid_i[1]
              (input port clocked by recam_boundary_clk)
  Endpoint: pattern_id_o[1]
            (output port clocked by recam_boundary_clk)
  Path Group: recam_boundary_clk
  Path Type: max

  Des/Clust/Port     Wire Load Model       Library
  ------------------------------------------------
  recam_2r2c_analyzer
                     tsmc18_wl10           slow

  Point                                                   Incr       Path
  --------------------------------------------------------------------------
  clock recam_boundary_clk (rise edge)                    0.00       0.00
  clock network delay (ideal)                             0.00       0.00
  input external delay                                    0.00       0.00 f
  pivot_valid_i[1] (in)                                   0.00       0.00 f
  matrix_builder/pivot_valid_i[1] (recam_2r2c_matrix_builder_ADDR_W10_HYBRID_ENTRY_NUM4)
                                                          0.00       0.00 f
  matrix_builder/U1160/Y (XOR2X1)                         0.54       0.54 r
  matrix_builder/U1159/Y (XOR2X1)                         0.48       1.02 r
  matrix_builder/U1158/Y (AND2X1)                         0.39       1.41 r
  matrix_builder/U1155/Y (NAND2X1)                        0.44       1.85 f
  matrix_builder/U1154/Y (OAI21XL)                        0.86       2.71 r
  matrix_builder/U1153/Y (NAND2X1)                        0.90       3.60 f
  matrix_builder/U1152/Y (INVX1)                          0.49       4.09 r
  matrix_builder/U1150/Y (NAND2X1)                        0.62       4.71 f
  matrix_builder/U1120/Y (INVX1)                          0.66       5.38 r
  matrix_builder/U1008/Y (NOR4BX1)                        0.24       5.62 f
  matrix_builder/U1007/Y (NAND4X1)                        0.53       6.14 r
  matrix_builder/U999/Y (NAND4X1)                         0.23       6.37 f
  matrix_builder/U978/Y (NAND4BXL)                        0.80       7.17 f
  matrix_builder/U973/Y (NOR4BBX1)                        0.48       7.65 f
  matrix_builder/U963/Y (NAND4BBX1)                       0.35       8.00 r
  matrix_builder/U946/Y (NAND4X1)                         0.21       8.21 f
  matrix_builder/U938/Y (OR4X1)                           0.69       8.90 f
  matrix_builder/U937/Y (NAND2X1)                         0.49       9.39 r
  matrix_builder/U936/Y (INVX1)                           0.34       9.73 f
  matrix_builder/U935/Y (NAND3X1)                         0.42      10.15 r
  matrix_builder/U934/Y (NAND2X1)                         0.30      10.45 f
  matrix_builder/U933/Y (AND2X1)                          0.50      10.96 f
  matrix_builder/U932/Y (NAND2X1)                         0.43      11.39 r
  matrix_builder/U931/Y (INVX1)                           0.32      11.71 f
  matrix_builder/U930/Y (NAND2X1)                         1.20      12.91 r
  matrix_builder/U929/Y (NAND2X1)                         1.04      13.95 f
  matrix_builder/U912/Y (OAI22X1)                         0.68      14.63 r
  matrix_builder/U911/Y (XOR2X1)                          0.39      15.02 f
  matrix_builder/U910/Y (AOI211X1)                        0.38      15.39 r
  matrix_builder/U909/Y (NAND4X1)                         0.21      15.61 f
  matrix_builder/U873/Y (OAI21XL)                         0.77      16.38 r
  matrix_builder/U864/Y (NOR3X1)                          0.23      16.61 f
  matrix_builder/U842/Y (NAND4X1)                         0.32      16.93 r
  matrix_builder/U802/Y (NAND3X1)                         0.44      17.36 f
  matrix_builder/U691/Y (NAND2X1)                         0.49      17.85 r
  matrix_builder/U690/Y (INVX1)                           0.50      18.35 f
  matrix_builder/U680/Y (NOR4BX1)                         3.18      21.53 r
  matrix_builder/U654/Y (NOR2BX1)                         1.61      23.14 r
  matrix_builder/U626/Y (OAI22X1)                         0.55      23.70 f
  matrix_builder/U615/Y (XNOR2X1)                         0.41      24.11 f
  matrix_builder/U599/Y (NOR4X1)                          0.32      24.43 r
  matrix_builder/U598/Y (AOI211X1)                        0.21      24.64 f
  matrix_builder/U597/Y (NAND4X1)                         0.45      25.09 r
  matrix_builder/U588/Y (NOR4BX1)                         0.45      25.55 r
  matrix_builder/U587/Y (NAND4X1)                         0.33      25.87 f
  matrix_builder/U586/Y (NAND3BX1)                        0.45      26.32 r
  matrix_builder/U542/Y (AOI2BB1X1)                       0.34      26.66 f
  matrix_builder/U423/Y (NOR2X1)                          1.01      27.67 r
  matrix_builder/U419/Y (AOI21X1)                         0.36      28.03 f
  matrix_builder/U418/Y (OAI21XL)                         0.58      28.62 r
  matrix_builder/U329/Y (NAND4X1)                         1.27      29.89 f
  matrix_builder/U328/Y (INVX1)                           0.77      30.66 r
  matrix_builder/U257/Y (NAND2X1)                         0.90      31.57 f
  matrix_builder/U256/Y (AOI22X1)                         0.70      32.27 r
  matrix_builder/U255/Y (XNOR2X1)                         0.46      32.73 r
  matrix_builder/U253/Y (AOI31X1)                         0.19      32.92 f
  matrix_builder/U226/Y (NAND4X1)                         0.40      33.31 r
  matrix_builder/U225/Y (OAI21XL)                         0.27      33.58 f
  matrix_builder/U197/Y (NAND4BXL)                        0.53      34.11 f
  matrix_builder/U196/Y (NAND3BX1)                        0.49      34.60 r
  matrix_builder/U195/Y (AOI2BB1X1)                       0.34      34.94 f
  matrix_builder/U194/Y (NOR2BX1)                         0.72      35.67 r
  matrix_builder/U193/Y (INVX1)                           0.40      36.07 f
  matrix_builder/U192/Y (NAND2X1)                         0.43      36.50 r
  matrix_builder/U38/Y (OAI21XL)                          0.58      37.07 f
  matrix_builder/U27/Y (AOI22X1)                          0.44      37.52 r
  matrix_builder/U26/Y (NAND4X1)                          0.62      38.13 f
  matrix_builder/matrix_flat_o[5] (recam_2r2c_matrix_builder_ADDR_W10_HYBRID_ENTRY_NUM4)
                                                          0.00      38.13 f
  pattern_analyzer/matrix_flat_i[5] (recam_2r2c_pattern_analyzer)
                                                          0.00      38.13 f
  pattern_analyzer/U9/Y (NOR2X1)                          0.66      38.80 r
  pattern_analyzer/U7/Y (NOR4BX1)                         1.60      40.40 r
  pattern_analyzer/candidate_valid_o[2] (recam_2r2c_pattern_analyzer)
                                                          0.00      40.40 r
  pattern_encoder/candidate_valid_i[2] (recam_2r2c_pattern_encoder)
                                                          0.00      40.40 r
  pattern_encoder/U15/Y (NOR2X1)                          0.78      41.18 f
  pattern_encoder/U14/Y (AOI21X1)                         0.68      41.86 r
  pattern_encoder/U10/Y (INVX1)                           0.18      42.04 f
  pattern_encoder/U9/Y (AOI21X1)                          0.75      42.79 r
  pattern_encoder/pattern_id_o[1] (recam_2r2c_pattern_encoder)
                                                          0.00      42.79 r
  pattern_id_o[1] (out)                                   0.00      42.79 r
  data arrival time                                                 42.79

  clock recam_boundary_clk (rise edge)                   20.00      20.00
  clock network delay (ideal)                             0.00      20.00
  output external delay                                   0.00      20.00
  data required time                                                20.00
  --------------------------------------------------------------------------
  data required time                                                20.00
  data arrival time                                                -42.79
  --------------------------------------------------------------------------
  slack (VIOLATED)                                                 -22.79


  Startpoint: pivot_valid_i[1]
              (input port clocked by recam_boundary_clk)
  Endpoint: candidate_valid_o[1]
            (output port clocked by recam_boundary_clk)
  Path Group: recam_boundary_clk
  Path Type: max

  Des/Clust/Port     Wire Load Model       Library
  ------------------------------------------------
  recam_2r2c_analyzer
                     tsmc18_wl10           slow

  Point                                                   Incr       Path
  --------------------------------------------------------------------------
  clock recam_boundary_clk (rise edge)                    0.00       0.00
  clock network delay (ideal)                             0.00       0.00
  input external delay                                    0.00       0.00 f
  pivot_valid_i[1] (in)                                   0.00       0.00 f
  matrix_builder/pivot_valid_i[1] (recam_2r2c_matrix_builder_ADDR_W10_HYBRID_ENTRY_NUM4)
                                                          0.00       0.00 f
  matrix_builder/U1160/Y (XOR2X1)                         0.54       0.54 r
  matrix_builder/U1159/Y (XOR2X1)                         0.48       1.02 r
  matrix_builder/U1158/Y (AND2X1)                         0.39       1.41 r
  matrix_builder/U1155/Y (NAND2X1)                        0.44       1.85 f
  matrix_builder/U1154/Y (OAI21XL)                        0.86       2.71 r
  matrix_builder/U1153/Y (NAND2X1)                        0.90       3.60 f
  matrix_builder/U1152/Y (INVX1)                          0.49       4.09 r
  matrix_builder/U1150/Y (NAND2X1)                        0.62       4.71 f
  matrix_builder/U1120/Y (INVX1)                          0.66       5.38 r
  matrix_builder/U1008/Y (NOR4BX1)                        0.24       5.62 f
  matrix_builder/U1007/Y (NAND4X1)                        0.53       6.14 r
  matrix_builder/U999/Y (NAND4X1)                         0.23       6.37 f
  matrix_builder/U978/Y (NAND4BXL)                        0.80       7.17 f
  matrix_builder/U973/Y (NOR4BBX1)                        0.48       7.65 f
  matrix_builder/U963/Y (NAND4BBX1)                       0.35       8.00 r
  matrix_builder/U946/Y (NAND4X1)                         0.21       8.21 f
  matrix_builder/U938/Y (OR4X1)                           0.69       8.90 f
  matrix_builder/U937/Y (NAND2X1)                         0.49       9.39 r
  matrix_builder/U936/Y (INVX1)                           0.34       9.73 f
  matrix_builder/U935/Y (NAND3X1)                         0.42      10.15 r
  matrix_builder/U934/Y (NAND2X1)                         0.30      10.45 f
  matrix_builder/U933/Y (AND2X1)                          0.50      10.96 f
  matrix_builder/U932/Y (NAND2X1)                         0.43      11.39 r
  matrix_builder/U931/Y (INVX1)                           0.32      11.71 f
  matrix_builder/U930/Y (NAND2X1)                         1.20      12.91 r
  matrix_builder/U929/Y (NAND2X1)                         1.04      13.95 f
  matrix_builder/U912/Y (OAI22X1)                         0.68      14.63 r
  matrix_builder/U911/Y (XOR2X1)                          0.39      15.02 f
  matrix_builder/U910/Y (AOI211X1)                        0.38      15.39 r
  matrix_builder/U909/Y (NAND4X1)                         0.21      15.61 f
  matrix_builder/U873/Y (OAI21XL)                         0.77      16.38 r
  matrix_builder/U864/Y (NOR3X1)                          0.23      16.61 f
  matrix_builder/U842/Y (NAND4X1)                         0.32      16.93 r
  matrix_builder/U802/Y (NAND3X1)                         0.44      17.36 f
  matrix_builder/U691/Y (NAND2X1)                         0.49      17.85 r
  matrix_builder/U690/Y (INVX1)                           0.50      18.35 f
  matrix_builder/U680/Y (NOR4BX1)                         3.18      21.53 r
  matrix_builder/U654/Y (NOR2BX1)                         1.61      23.14 r
  matrix_builder/U626/Y (OAI22X1)                         0.55      23.70 f
  matrix_builder/U615/Y (XNOR2X1)                         0.41      24.11 f
  matrix_builder/U599/Y (NOR4X1)                          0.32      24.43 r
  matrix_builder/U598/Y (AOI211X1)                        0.21      24.64 f
  matrix_builder/U597/Y (NAND4X1)                         0.45      25.09 r
  matrix_builder/U588/Y (NOR4BX1)                         0.45      25.55 r
  matrix_builder/U587/Y (NAND4X1)                         0.33      25.87 f
  matrix_builder/U586/Y (NAND3BX1)                        0.45      26.32 r
  matrix_builder/U542/Y (AOI2BB1X1)                       0.34      26.66 f
  matrix_builder/U423/Y (NOR2X1)                          1.01      27.67 r
  matrix_builder/U419/Y (AOI21X1)                         0.36      28.03 f
  matrix_builder/U418/Y (OAI21XL)                         0.58      28.62 r
  matrix_builder/U329/Y (NAND4X1)                         1.27      29.89 f
  matrix_builder/U328/Y (INVX1)                           0.77      30.66 r
  matrix_builder/U257/Y (NAND2X1)                         0.90      31.57 f
  matrix_builder/U256/Y (AOI22X1)                         0.70      32.27 r
  matrix_builder/U255/Y (XNOR2X1)                         0.46      32.73 r
  matrix_builder/U253/Y (AOI31X1)                         0.19      32.92 f
  matrix_builder/U226/Y (NAND4X1)                         0.40      33.31 r
  matrix_builder/U225/Y (OAI21XL)                         0.27      33.58 f
  matrix_builder/U197/Y (NAND4BXL)                        0.53      34.11 f
  matrix_builder/U196/Y (NAND3BX1)                        0.49      34.60 r
  matrix_builder/U195/Y (AOI2BB1X1)                       0.34      34.94 f
  matrix_builder/U194/Y (NOR2BX1)                         0.72      35.67 r
  matrix_builder/U193/Y (INVX1)                           0.40      36.07 f
  matrix_builder/U192/Y (NAND2X1)                         0.43      36.50 r
  matrix_builder/U38/Y (OAI21XL)                          0.58      37.07 f
  matrix_builder/U27/Y (AOI22X1)                          0.44      37.52 r
  matrix_builder/U26/Y (NAND4X1)                          0.62      38.13 f
  matrix_builder/matrix_flat_o[5] (recam_2r2c_matrix_builder_ADDR_W10_HYBRID_ENTRY_NUM4)
                                                          0.00      38.13 f
  pattern_analyzer/matrix_flat_i[5] (recam_2r2c_pattern_analyzer)
                                                          0.00      38.13 f
  pattern_analyzer/U9/Y (NOR2X1)                          0.66      38.80 r
  pattern_analyzer/U8/Y (NOR4BX1)                         1.61      40.41 r
  pattern_analyzer/candidate_valid_o[1] (recam_2r2c_pattern_analyzer)
                                                          0.00      40.41 r
  candidate_valid_o[1] (out)                              0.00      40.41 r
  data arrival time                                                 40.41

  clock recam_boundary_clk (rise edge)                   20.00      20.00
  clock network delay (ideal)                             0.00      20.00
  output external delay                                   0.00      20.00
  data required time                                                20.00
  --------------------------------------------------------------------------
  data required time                                                20.00
  data arrival time                                                -40.41
  --------------------------------------------------------------------------
  slack (VIOLATED)                                                 -20.41


  Startpoint: pivot_valid_i[1]
              (input port clocked by recam_boundary_clk)
  Endpoint: candidate_valid_o[2]
            (output port clocked by recam_boundary_clk)
  Path Group: recam_boundary_clk
  Path Type: max

  Des/Clust/Port     Wire Load Model       Library
  ------------------------------------------------
  recam_2r2c_analyzer
                     tsmc18_wl10           slow

  Point                                                   Incr       Path
  --------------------------------------------------------------------------
  clock recam_boundary_clk (rise edge)                    0.00       0.00
  clock network delay (ideal)                             0.00       0.00
  input external delay                                    0.00       0.00 f
  pivot_valid_i[1] (in)                                   0.00       0.00 f
  matrix_builder/pivot_valid_i[1] (recam_2r2c_matrix_builder_ADDR_W10_HYBRID_ENTRY_NUM4)
                                                          0.00       0.00 f
  matrix_builder/U1160/Y (XOR2X1)                         0.54       0.54 r
  matrix_builder/U1159/Y (XOR2X1)                         0.48       1.02 r
  matrix_builder/U1158/Y (AND2X1)                         0.39       1.41 r
  matrix_builder/U1155/Y (NAND2X1)                        0.44       1.85 f
  matrix_builder/U1154/Y (OAI21XL)                        0.86       2.71 r
  matrix_builder/U1153/Y (NAND2X1)                        0.90       3.60 f
  matrix_builder/U1152/Y (INVX1)                          0.49       4.09 r
  matrix_builder/U1150/Y (NAND2X1)                        0.62       4.71 f
  matrix_builder/U1120/Y (INVX1)                          0.66       5.38 r
  matrix_builder/U1008/Y (NOR4BX1)                        0.24       5.62 f
  matrix_builder/U1007/Y (NAND4X1)                        0.53       6.14 r
  matrix_builder/U999/Y (NAND4X1)                         0.23       6.37 f
  matrix_builder/U978/Y (NAND4BXL)                        0.80       7.17 f
  matrix_builder/U973/Y (NOR4BBX1)                        0.48       7.65 f
  matrix_builder/U963/Y (NAND4BBX1)                       0.35       8.00 r
  matrix_builder/U946/Y (NAND4X1)                         0.21       8.21 f
  matrix_builder/U938/Y (OR4X1)                           0.69       8.90 f
  matrix_builder/U937/Y (NAND2X1)                         0.49       9.39 r
  matrix_builder/U936/Y (INVX1)                           0.34       9.73 f
  matrix_builder/U935/Y (NAND3X1)                         0.42      10.15 r
  matrix_builder/U934/Y (NAND2X1)                         0.30      10.45 f
  matrix_builder/U933/Y (AND2X1)                          0.50      10.96 f
  matrix_builder/U932/Y (NAND2X1)                         0.43      11.39 r
  matrix_builder/U931/Y (INVX1)                           0.32      11.71 f
  matrix_builder/U930/Y (NAND2X1)                         1.20      12.91 r
  matrix_builder/U929/Y (NAND2X1)                         1.04      13.95 f
  matrix_builder/U912/Y (OAI22X1)                         0.68      14.63 r
  matrix_builder/U911/Y (XOR2X1)                          0.39      15.02 f
  matrix_builder/U910/Y (AOI211X1)                        0.38      15.39 r
  matrix_builder/U909/Y (NAND4X1)                         0.21      15.61 f
  matrix_builder/U873/Y (OAI21XL)                         0.77      16.38 r
  matrix_builder/U864/Y (NOR3X1)                          0.23      16.61 f
  matrix_builder/U842/Y (NAND4X1)                         0.32      16.93 r
  matrix_builder/U802/Y (NAND3X1)                         0.44      17.36 f
  matrix_builder/U691/Y (NAND2X1)                         0.49      17.85 r
  matrix_builder/U690/Y (INVX1)                           0.50      18.35 f
  matrix_builder/U680/Y (NOR4BX1)                         3.18      21.53 r
  matrix_builder/U654/Y (NOR2BX1)                         1.61      23.14 r
  matrix_builder/U626/Y (OAI22X1)                         0.55      23.70 f
  matrix_builder/U615/Y (XNOR2X1)                         0.41      24.11 f
  matrix_builder/U599/Y (NOR4X1)                          0.32      24.43 r
  matrix_builder/U598/Y (AOI211X1)                        0.21      24.64 f
  matrix_builder/U597/Y (NAND4X1)                         0.45      25.09 r
  matrix_builder/U588/Y (NOR4BX1)                         0.45      25.55 r
  matrix_builder/U587/Y (NAND4X1)                         0.33      25.87 f
  matrix_builder/U586/Y (NAND3BX1)                        0.45      26.32 r
  matrix_builder/U542/Y (AOI2BB1X1)                       0.34      26.66 f
  matrix_builder/U423/Y (NOR2X1)                          1.01      27.67 r
  matrix_builder/U419/Y (AOI21X1)                         0.36      28.03 f
  matrix_builder/U418/Y (OAI21XL)                         0.58      28.62 r
  matrix_builder/U329/Y (NAND4X1)                         1.27      29.89 f
  matrix_builder/U328/Y (INVX1)                           0.77      30.66 r
  matrix_builder/U257/Y (NAND2X1)                         0.90      31.57 f
  matrix_builder/U256/Y (AOI22X1)                         0.70      32.27 r
  matrix_builder/U255/Y (XNOR2X1)                         0.46      32.73 r
  matrix_builder/U253/Y (AOI31X1)                         0.19      32.92 f
  matrix_builder/U226/Y (NAND4X1)                         0.40      33.31 r
  matrix_builder/U225/Y (OAI21XL)                         0.27      33.58 f
  matrix_builder/U197/Y (NAND4BXL)                        0.53      34.11 f
  matrix_builder/U196/Y (NAND3BX1)                        0.49      34.60 r
  matrix_builder/U195/Y (AOI2BB1X1)                       0.34      34.94 f
  matrix_builder/U194/Y (NOR2BX1)                         0.72      35.67 r
  matrix_builder/U193/Y (INVX1)                           0.40      36.07 f
  matrix_builder/U192/Y (NAND2X1)                         0.43      36.50 r
  matrix_builder/U38/Y (OAI21XL)                          0.58      37.07 f
  matrix_builder/U27/Y (AOI22X1)                          0.44      37.52 r
  matrix_builder/U26/Y (NAND4X1)                          0.62      38.13 f
  matrix_builder/matrix_flat_o[5] (recam_2r2c_matrix_builder_ADDR_W10_HYBRID_ENTRY_NUM4)
                                                          0.00      38.13 f
  pattern_analyzer/matrix_flat_i[5] (recam_2r2c_pattern_analyzer)
                                                          0.00      38.13 f
  pattern_analyzer/U9/Y (NOR2X1)                          0.66      38.80 r
  pattern_analyzer/U7/Y (NOR4BX1)                         1.60      40.40 r
  pattern_analyzer/candidate_valid_o[2] (recam_2r2c_pattern_analyzer)
                                                          0.00      40.40 r
  candidate_valid_o[2] (out)                              0.00      40.40 r
  data arrival time                                                 40.40

  clock recam_boundary_clk (rise edge)                   20.00      20.00
  clock network delay (ideal)                             0.00      20.00
  output external delay                                   0.00      20.00
  data required time                                                20.00
  --------------------------------------------------------------------------
  data required time                                                20.00
  data arrival time                                                -40.40
  --------------------------------------------------------------------------
  slack (VIOLATED)                                                 -20.40


  Startpoint: pivot_valid_i[1]
              (input port clocked by recam_boundary_clk)
  Endpoint: candidate_valid_o[5]
            (output port clocked by recam_boundary_clk)
  Path Group: recam_boundary_clk
  Path Type: max

  Des/Clust/Port     Wire Load Model       Library
  ------------------------------------------------
  recam_2r2c_analyzer
                     tsmc18_wl10           slow

  Point                                                   Incr       Path
  --------------------------------------------------------------------------
  clock recam_boundary_clk (rise edge)                    0.00       0.00
  clock network delay (ideal)                             0.00       0.00
  input external delay                                    0.00       0.00 f
  pivot_valid_i[1] (in)                                   0.00       0.00 f
  matrix_builder/pivot_valid_i[1] (recam_2r2c_matrix_builder_ADDR_W10_HYBRID_ENTRY_NUM4)
                                                          0.00       0.00 f
  matrix_builder/U1160/Y (XOR2X1)                         0.54       0.54 r
  matrix_builder/U1159/Y (XOR2X1)                         0.48       1.02 r
  matrix_builder/U1158/Y (AND2X1)                         0.39       1.41 r
  matrix_builder/U1155/Y (NAND2X1)                        0.44       1.85 f
  matrix_builder/U1154/Y (OAI21XL)                        0.86       2.71 r
  matrix_builder/U1153/Y (NAND2X1)                        0.90       3.60 f
  matrix_builder/U1152/Y (INVX1)                          0.49       4.09 r
  matrix_builder/U1150/Y (NAND2X1)                        0.62       4.71 f
  matrix_builder/U1120/Y (INVX1)                          0.66       5.38 r
  matrix_builder/U1008/Y (NOR4BX1)                        0.24       5.62 f
  matrix_builder/U1007/Y (NAND4X1)                        0.53       6.14 r
  matrix_builder/U999/Y (NAND4X1)                         0.23       6.37 f
  matrix_builder/U978/Y (NAND4BXL)                        0.80       7.17 f
  matrix_builder/U973/Y (NOR4BBX1)                        0.48       7.65 f
  matrix_builder/U963/Y (NAND4BBX1)                       0.35       8.00 r
  matrix_builder/U946/Y (NAND4X1)                         0.21       8.21 f
  matrix_builder/U938/Y (OR4X1)                           0.69       8.90 f
  matrix_builder/U937/Y (NAND2X1)                         0.49       9.39 r
  matrix_builder/U936/Y (INVX1)                           0.34       9.73 f
  matrix_builder/U935/Y (NAND3X1)                         0.42      10.15 r
  matrix_builder/U934/Y (NAND2X1)                         0.30      10.45 f
  matrix_builder/U933/Y (AND2X1)                          0.50      10.96 f
  matrix_builder/U932/Y (NAND2X1)                         0.43      11.39 r
  matrix_builder/U931/Y (INVX1)                           0.32      11.71 f
  matrix_builder/U930/Y (NAND2X1)                         1.20      12.91 r
  matrix_builder/U929/Y (NAND2X1)                         1.04      13.95 f
  matrix_builder/U912/Y (OAI22X1)                         0.68      14.63 r
  matrix_builder/U911/Y (XOR2X1)                          0.39      15.02 f
  matrix_builder/U910/Y (AOI211X1)                        0.38      15.39 r
  matrix_builder/U909/Y (NAND4X1)                         0.21      15.61 f
  matrix_builder/U873/Y (OAI21XL)                         0.77      16.38 r
  matrix_builder/U864/Y (NOR3X1)                          0.23      16.61 f
  matrix_builder/U842/Y (NAND4X1)                         0.32      16.93 r
  matrix_builder/U802/Y (NAND3X1)                         0.44      17.36 f
  matrix_builder/U691/Y (NAND2X1)                         0.49      17.85 r
  matrix_builder/U690/Y (INVX1)                           0.50      18.35 f
  matrix_builder/U680/Y (NOR4BX1)                         3.18      21.53 r
  matrix_builder/U654/Y (NOR2BX1)                         1.61      23.14 r
  matrix_builder/U626/Y (OAI22X1)                         0.55      23.70 f
  matrix_builder/U615/Y (XNOR2X1)                         0.41      24.11 f
  matrix_builder/U599/Y (NOR4X1)                          0.32      24.43 r
  matrix_builder/U598/Y (AOI211X1)                        0.21      24.64 f
  matrix_builder/U597/Y (NAND4X1)                         0.45      25.09 r
  matrix_builder/U588/Y (NOR4BX1)                         0.45      25.55 r
  matrix_builder/U587/Y (NAND4X1)                         0.33      25.87 f
  matrix_builder/U586/Y (NAND3BX1)                        0.45      26.32 r
  matrix_builder/U542/Y (AOI2BB1X1)                       0.34      26.66 f
  matrix_builder/U423/Y (NOR2X1)                          1.01      27.67 r
  matrix_builder/U419/Y (AOI21X1)                         0.36      28.03 f
  matrix_builder/U418/Y (OAI21XL)                         0.58      28.62 r
  matrix_builder/U329/Y (NAND4X1)                         1.27      29.89 f
  matrix_builder/U328/Y (INVX1)                           0.77      30.66 r
  matrix_builder/U257/Y (NAND2X1)                         0.90      31.57 f
  matrix_builder/U256/Y (AOI22X1)                         0.70      32.27 r
  matrix_builder/U255/Y (XNOR2X1)                         0.46      32.73 r
  matrix_builder/U253/Y (AOI31X1)                         0.19      32.92 f
  matrix_builder/U226/Y (NAND4X1)                         0.40      33.31 r
  matrix_builder/U225/Y (OAI21XL)                         0.27      33.58 f
  matrix_builder/U197/Y (NAND4BXL)                        0.53      34.11 f
  matrix_builder/U196/Y (NAND3BX1)                        0.49      34.60 r
  matrix_builder/U195/Y (AOI2BB1X1)                       0.34      34.94 f
  matrix_builder/U194/Y (NOR2BX1)                         0.72      35.67 r
  matrix_builder/U193/Y (INVX1)                           0.40      36.07 f
  matrix_builder/U192/Y (NAND2X1)                         0.43      36.50 r
  matrix_builder/U38/Y (OAI21XL)                          0.58      37.07 f
  matrix_builder/U27/Y (AOI22X1)                          0.44      37.52 r
  matrix_builder/U26/Y (NAND4X1)                          0.62      38.13 f
  matrix_builder/matrix_flat_o[5] (recam_2r2c_matrix_builder_ADDR_W10_HYBRID_ENTRY_NUM4)
                                                          0.00      38.13 f
  pattern_analyzer/matrix_flat_i[5] (recam_2r2c_pattern_analyzer)
                                                          0.00      38.13 f
  pattern_analyzer/U9/Y (NOR2X1)                          0.66      38.80 r
  pattern_analyzer/U2/Y (NOR4BX1)                         1.60      40.40 r
  pattern_analyzer/candidate_valid_o[5] (recam_2r2c_pattern_analyzer)
                                                          0.00      40.40 r
  candidate_valid_o[5] (out)                              0.00      40.40 r
  data arrival time                                                 40.40

  clock recam_boundary_clk (rise edge)                   20.00      20.00
  clock network delay (ideal)                             0.00      20.00
  output external delay                                   0.00      20.00
  data required time                                                20.00
  --------------------------------------------------------------------------
  data required time                                                20.00
  data arrival time                                                -40.40
  --------------------------------------------------------------------------
  slack (VIOLATED)                                                 -20.40


  Startpoint: pivot_valid_i[1]
              (input port clocked by recam_boundary_clk)
  Endpoint: candidate_valid_o[0]
            (output port clocked by recam_boundary_clk)
  Path Group: recam_boundary_clk
  Path Type: max

  Des/Clust/Port     Wire Load Model       Library
  ------------------------------------------------
  recam_2r2c_analyzer
                     tsmc18_wl10           slow

  Point                                                   Incr       Path
  --------------------------------------------------------------------------
  clock recam_boundary_clk (rise edge)                    0.00       0.00
  clock network delay (ideal)                             0.00       0.00
  input external delay                                    0.00       0.00 f
  pivot_valid_i[1] (in)                                   0.00       0.00 f
  matrix_builder/pivot_valid_i[1] (recam_2r2c_matrix_builder_ADDR_W10_HYBRID_ENTRY_NUM4)
                                                          0.00       0.00 f
  matrix_builder/U1160/Y (XOR2X1)                         0.54       0.54 r
  matrix_builder/U1159/Y (XOR2X1)                         0.48       1.02 r
  matrix_builder/U1158/Y (AND2X1)                         0.39       1.41 r
  matrix_builder/U1155/Y (NAND2X1)                        0.44       1.85 f
  matrix_builder/U1154/Y (OAI21XL)                        0.86       2.71 r
  matrix_builder/U1153/Y (NAND2X1)                        0.90       3.60 f
  matrix_builder/U1152/Y (INVX1)                          0.49       4.09 r
  matrix_builder/U1150/Y (NAND2X1)                        0.62       4.71 f
  matrix_builder/U1120/Y (INVX1)                          0.66       5.38 r
  matrix_builder/U1008/Y (NOR4BX1)                        0.24       5.62 f
  matrix_builder/U1007/Y (NAND4X1)                        0.53       6.14 r
  matrix_builder/U999/Y (NAND4X1)                         0.23       6.37 f
  matrix_builder/U978/Y (NAND4BXL)                        0.80       7.17 f
  matrix_builder/U973/Y (NOR4BBX1)                        0.48       7.65 f
  matrix_builder/U963/Y (NAND4BBX1)                       0.35       8.00 r
  matrix_builder/U946/Y (NAND4X1)                         0.21       8.21 f
  matrix_builder/U938/Y (OR4X1)                           0.69       8.90 f
  matrix_builder/U937/Y (NAND2X1)                         0.49       9.39 r
  matrix_builder/U936/Y (INVX1)                           0.34       9.73 f
  matrix_builder/U935/Y (NAND3X1)                         0.42      10.15 r
  matrix_builder/U934/Y (NAND2X1)                         0.30      10.45 f
  matrix_builder/U933/Y (AND2X1)                          0.50      10.96 f
  matrix_builder/U932/Y (NAND2X1)                         0.43      11.39 r
  matrix_builder/U931/Y (INVX1)                           0.32      11.71 f
  matrix_builder/U930/Y (NAND2X1)                         1.20      12.91 r
  matrix_builder/U929/Y (NAND2X1)                         1.04      13.95 f
  matrix_builder/U912/Y (OAI22X1)                         0.68      14.63 r
  matrix_builder/U911/Y (XOR2X1)                          0.39      15.02 f
  matrix_builder/U910/Y (AOI211X1)                        0.38      15.39 r
  matrix_builder/U909/Y (NAND4X1)                         0.21      15.61 f
  matrix_builder/U873/Y (OAI21XL)                         0.77      16.38 r
  matrix_builder/U864/Y (NOR3X1)                          0.23      16.61 f
  matrix_builder/U842/Y (NAND4X1)                         0.32      16.93 r
  matrix_builder/U802/Y (NAND3X1)                         0.44      17.36 f
  matrix_builder/U691/Y (NAND2X1)                         0.49      17.85 r
  matrix_builder/U690/Y (INVX1)                           0.50      18.35 f
  matrix_builder/U680/Y (NOR4BX1)                         3.18      21.53 r
  matrix_builder/U654/Y (NOR2BX1)                         1.61      23.14 r
  matrix_builder/U626/Y (OAI22X1)                         0.55      23.70 f
  matrix_builder/U615/Y (XNOR2X1)                         0.41      24.11 f
  matrix_builder/U599/Y (NOR4X1)                          0.32      24.43 r
  matrix_builder/U598/Y (AOI211X1)                        0.21      24.64 f
  matrix_builder/U597/Y (NAND4X1)                         0.45      25.09 r
  matrix_builder/U588/Y (NOR4BX1)                         0.45      25.55 r
  matrix_builder/U587/Y (NAND4X1)                         0.33      25.87 f
  matrix_builder/U586/Y (NAND3BX1)                        0.45      26.32 r
  matrix_builder/U542/Y (AOI2BB1X1)                       0.34      26.66 f
  matrix_builder/U423/Y (NOR2X1)                          1.01      27.67 r
  matrix_builder/U419/Y (AOI21X1)                         0.36      28.03 f
  matrix_builder/U418/Y (OAI21XL)                         0.58      28.62 r
  matrix_builder/U329/Y (NAND4X1)                         1.27      29.89 f
  matrix_builder/U328/Y (INVX1)                           0.77      30.66 r
  matrix_builder/U257/Y (NAND2X1)                         0.90      31.57 f
  matrix_builder/U256/Y (AOI22X1)                         0.70      32.27 r
  matrix_builder/U255/Y (XNOR2X1)                         0.46      32.73 r
  matrix_builder/U253/Y (AOI31X1)                         0.19      32.92 f
  matrix_builder/U226/Y (NAND4X1)                         0.40      33.31 r
  matrix_builder/U225/Y (OAI21XL)                         0.27      33.58 f
  matrix_builder/U197/Y (NAND4BXL)                        0.53      34.11 f
  matrix_builder/U196/Y (NAND3BX1)                        0.49      34.60 r
  matrix_builder/U195/Y (AOI2BB1X1)                       0.34      34.94 f
  matrix_builder/U194/Y (NOR2BX1)                         0.72      35.67 r
  matrix_builder/U177/Y (NOR2X1)                          0.44      36.11 f
  matrix_builder/U176/Y (NAND2X1)                         0.53      36.64 r
  matrix_builder/U175/Y (OAI2BB1X1)                       0.42      37.07 f
  matrix_builder/U167/Y (AOI222X1)                        0.57      37.64 r
  matrix_builder/U166/Y (NAND3X1)                         0.70      38.34 f
  matrix_builder/matrix_flat_o[10] (recam_2r2c_matrix_builder_ADDR_W10_HYBRID_ENTRY_NUM4)
                                                          0.00      38.34 f
  pattern_analyzer/matrix_flat_i[10] (recam_2r2c_pattern_analyzer)
                                                          0.00      38.34 f
  pattern_analyzer/U11/Y (NAND2BX1)                       0.45      38.78 f
  pattern_analyzer/U10/Y (NOR4X1)                         1.62      40.40 r
  pattern_analyzer/candidate_valid_o[0] (recam_2r2c_pattern_analyzer)
                                                          0.00      40.40 r
  candidate_valid_o[0] (out)                              0.00      40.40 r
  data arrival time                                                 40.40

  clock recam_boundary_clk (rise edge)                   20.00      20.00
  clock network delay (ideal)                             0.00      20.00
  output external delay                                   0.00      20.00
  data required time                                                20.00
  --------------------------------------------------------------------------
  data required time                                                20.00
  data arrival time                                                -40.40
  --------------------------------------------------------------------------
  slack (VIOLATED)                                                 -20.40


  Startpoint: pivot_valid_i[1]
              (input port clocked by recam_boundary_clk)
  Endpoint: candidate_valid_o[4]
            (output port clocked by recam_boundary_clk)
  Path Group: recam_boundary_clk
  Path Type: max

  Des/Clust/Port     Wire Load Model       Library
  ------------------------------------------------
  recam_2r2c_analyzer
                     tsmc18_wl10           slow

  Point                                                   Incr       Path
  --------------------------------------------------------------------------
  clock recam_boundary_clk (rise edge)                    0.00       0.00
  clock network delay (ideal)                             0.00       0.00
  input external delay                                    0.00       0.00 f
  pivot_valid_i[1] (in)                                   0.00       0.00 f
  matrix_builder/pivot_valid_i[1] (recam_2r2c_matrix_builder_ADDR_W10_HYBRID_ENTRY_NUM4)
                                                          0.00       0.00 f
  matrix_builder/U1160/Y (XOR2X1)                         0.54       0.54 r
  matrix_builder/U1159/Y (XOR2X1)                         0.48       1.02 r
  matrix_builder/U1158/Y (AND2X1)                         0.39       1.41 r
  matrix_builder/U1155/Y (NAND2X1)                        0.44       1.85 f
  matrix_builder/U1154/Y (OAI21XL)                        0.86       2.71 r
  matrix_builder/U1153/Y (NAND2X1)                        0.90       3.60 f
  matrix_builder/U1152/Y (INVX1)                          0.49       4.09 r
  matrix_builder/U1150/Y (NAND2X1)                        0.62       4.71 f
  matrix_builder/U1120/Y (INVX1)                          0.66       5.38 r
  matrix_builder/U1008/Y (NOR4BX1)                        0.24       5.62 f
  matrix_builder/U1007/Y (NAND4X1)                        0.53       6.14 r
  matrix_builder/U999/Y (NAND4X1)                         0.23       6.37 f
  matrix_builder/U978/Y (NAND4BXL)                        0.80       7.17 f
  matrix_builder/U973/Y (NOR4BBX1)                        0.48       7.65 f
  matrix_builder/U963/Y (NAND4BBX1)                       0.35       8.00 r
  matrix_builder/U946/Y (NAND4X1)                         0.21       8.21 f
  matrix_builder/U938/Y (OR4X1)                           0.69       8.90 f
  matrix_builder/U937/Y (NAND2X1)                         0.49       9.39 r
  matrix_builder/U936/Y (INVX1)                           0.34       9.73 f
  matrix_builder/U935/Y (NAND3X1)                         0.42      10.15 r
  matrix_builder/U934/Y (NAND2X1)                         0.30      10.45 f
  matrix_builder/U933/Y (AND2X1)                          0.50      10.96 f
  matrix_builder/U932/Y (NAND2X1)                         0.43      11.39 r
  matrix_builder/U931/Y (INVX1)                           0.32      11.71 f
  matrix_builder/U930/Y (NAND2X1)                         1.20      12.91 r
  matrix_builder/U929/Y (NAND2X1)                         1.04      13.95 f
  matrix_builder/U912/Y (OAI22X1)                         0.68      14.63 r
  matrix_builder/U911/Y (XOR2X1)                          0.39      15.02 f
  matrix_builder/U910/Y (AOI211X1)                        0.38      15.39 r
  matrix_builder/U909/Y (NAND4X1)                         0.21      15.61 f
  matrix_builder/U873/Y (OAI21XL)                         0.77      16.38 r
  matrix_builder/U864/Y (NOR3X1)                          0.23      16.61 f
  matrix_builder/U842/Y (NAND4X1)                         0.32      16.93 r
  matrix_builder/U802/Y (NAND3X1)                         0.44      17.36 f
  matrix_builder/U691/Y (NAND2X1)                         0.49      17.85 r
  matrix_builder/U690/Y (INVX1)                           0.50      18.35 f
  matrix_builder/U680/Y (NOR4BX1)                         3.18      21.53 r
  matrix_builder/U654/Y (NOR2BX1)                         1.61      23.14 r
  matrix_builder/U626/Y (OAI22X1)                         0.55      23.70 f
  matrix_builder/U615/Y (XNOR2X1)                         0.41      24.11 f
  matrix_builder/U599/Y (NOR4X1)                          0.32      24.43 r
  matrix_builder/U598/Y (AOI211X1)                        0.21      24.64 f
  matrix_builder/U597/Y (NAND4X1)                         0.45      25.09 r
  matrix_builder/U588/Y (NOR4BX1)                         0.45      25.55 r
  matrix_builder/U587/Y (NAND4X1)                         0.33      25.87 f
  matrix_builder/U586/Y (NAND3BX1)                        0.45      26.32 r
  matrix_builder/U542/Y (AOI2BB1X1)                       0.34      26.66 f
  matrix_builder/U423/Y (NOR2X1)                          1.01      27.67 r
  matrix_builder/U419/Y (AOI21X1)                         0.36      28.03 f
  matrix_builder/U418/Y (OAI21XL)                         0.58      28.62 r
  matrix_builder/U329/Y (NAND4X1)                         1.27      29.89 f
  matrix_builder/U328/Y (INVX1)                           0.77      30.66 r
  matrix_builder/U257/Y (NAND2X1)                         0.90      31.57 f
  matrix_builder/U256/Y (AOI22X1)                         0.70      32.27 r
  matrix_builder/U255/Y (XNOR2X1)                         0.46      32.73 r
  matrix_builder/U253/Y (AOI31X1)                         0.19      32.92 f
  matrix_builder/U226/Y (NAND4X1)                         0.40      33.31 r
  matrix_builder/U225/Y (OAI21XL)                         0.27      33.58 f
  matrix_builder/U197/Y (NAND4BXL)                        0.53      34.11 f
  matrix_builder/U196/Y (NAND3BX1)                        0.49      34.60 r
  matrix_builder/U195/Y (AOI2BB1X1)                       0.34      34.94 f
  matrix_builder/U194/Y (NOR2BX1)                         0.72      35.67 r
  matrix_builder/U177/Y (NOR2X1)                          0.44      36.11 f
  matrix_builder/U176/Y (NAND2X1)                         0.53      36.64 r
  matrix_builder/U175/Y (OAI2BB1X1)                       0.42      37.07 f
  matrix_builder/U167/Y (AOI222X1)                        0.57      37.64 r
  matrix_builder/U166/Y (NAND3X1)                         0.70      38.34 f
  matrix_builder/matrix_flat_o[10] (recam_2r2c_matrix_builder_ADDR_W10_HYBRID_ENTRY_NUM4)
                                                          0.00      38.34 f
  pattern_analyzer/matrix_flat_i[10] (recam_2r2c_pattern_analyzer)
                                                          0.00      38.34 f
  pattern_analyzer/U3/Y (NOR4X1)                          1.76      40.10 r
  pattern_analyzer/candidate_valid_o[4] (recam_2r2c_pattern_analyzer)
                                                          0.00      40.10 r
  candidate_valid_o[4] (out)                              0.00      40.10 r
  data arrival time                                                 40.10

  clock recam_boundary_clk (rise edge)                   20.00      20.00
  clock network delay (ideal)                             0.00      20.00
  output external delay                                   0.00      20.00
  data required time                                                20.00
  --------------------------------------------------------------------------
  data required time                                                20.00
  data arrival time                                                -40.10
  --------------------------------------------------------------------------
  slack (VIOLATED)                                                 -20.10


  Startpoint: pivot_valid_i[1]
              (input port clocked by recam_boundary_clk)
  Endpoint: candidate_valid_o[3]
            (output port clocked by recam_boundary_clk)
  Path Group: recam_boundary_clk
  Path Type: max

  Des/Clust/Port     Wire Load Model       Library
  ------------------------------------------------
  recam_2r2c_analyzer
                     tsmc18_wl10           slow

  Point                                                   Incr       Path
  --------------------------------------------------------------------------
  clock recam_boundary_clk (rise edge)                    0.00       0.00
  clock network delay (ideal)                             0.00       0.00
  input external delay                                    0.00       0.00 f
  pivot_valid_i[1] (in)                                   0.00       0.00 f
  matrix_builder/pivot_valid_i[1] (recam_2r2c_matrix_builder_ADDR_W10_HYBRID_ENTRY_NUM4)
                                                          0.00       0.00 f
  matrix_builder/U1160/Y (XOR2X1)                         0.54       0.54 r
  matrix_builder/U1159/Y (XOR2X1)                         0.48       1.02 r
  matrix_builder/U1158/Y (AND2X1)                         0.39       1.41 r
  matrix_builder/U1155/Y (NAND2X1)                        0.44       1.85 f
  matrix_builder/U1154/Y (OAI21XL)                        0.86       2.71 r
  matrix_builder/U1153/Y (NAND2X1)                        0.90       3.60 f
  matrix_builder/U1152/Y (INVX1)                          0.49       4.09 r
  matrix_builder/U1150/Y (NAND2X1)                        0.62       4.71 f
  matrix_builder/U1120/Y (INVX1)                          0.66       5.38 r
  matrix_builder/U1008/Y (NOR4BX1)                        0.24       5.62 f
  matrix_builder/U1007/Y (NAND4X1)                        0.53       6.14 r
  matrix_builder/U999/Y (NAND4X1)                         0.23       6.37 f
  matrix_builder/U978/Y (NAND4BXL)                        0.80       7.17 f
  matrix_builder/U973/Y (NOR4BBX1)                        0.48       7.65 f
  matrix_builder/U963/Y (NAND4BBX1)                       0.35       8.00 r
  matrix_builder/U946/Y (NAND4X1)                         0.21       8.21 f
  matrix_builder/U938/Y (OR4X1)                           0.69       8.90 f
  matrix_builder/U937/Y (NAND2X1)                         0.49       9.39 r
  matrix_builder/U936/Y (INVX1)                           0.34       9.73 f
  matrix_builder/U935/Y (NAND3X1)                         0.42      10.15 r
  matrix_builder/U934/Y (NAND2X1)                         0.30      10.45 f
  matrix_builder/U933/Y (AND2X1)                          0.50      10.96 f
  matrix_builder/U932/Y (NAND2X1)                         0.43      11.39 r
  matrix_builder/U931/Y (INVX1)                           0.32      11.71 f
  matrix_builder/U930/Y (NAND2X1)                         1.20      12.91 r
  matrix_builder/U929/Y (NAND2X1)                         1.04      13.95 f
  matrix_builder/U912/Y (OAI22X1)                         0.68      14.63 r
  matrix_builder/U911/Y (XOR2X1)                          0.39      15.02 f
  matrix_builder/U910/Y (AOI211X1)                        0.38      15.39 r
  matrix_builder/U909/Y (NAND4X1)                         0.21      15.61 f
  matrix_builder/U873/Y (OAI21XL)                         0.77      16.38 r
  matrix_builder/U864/Y (NOR3X1)                          0.23      16.61 f
  matrix_builder/U842/Y (NAND4X1)                         0.32      16.93 r
  matrix_builder/U802/Y (NAND3X1)                         0.44      17.36 f
  matrix_builder/U691/Y (NAND2X1)                         0.49      17.85 r
  matrix_builder/U690/Y (INVX1)                           0.50      18.35 f
  matrix_builder/U680/Y (NOR4BX1)                         3.18      21.53 r
  matrix_builder/U654/Y (NOR2BX1)                         1.61      23.14 r
  matrix_builder/U626/Y (OAI22X1)                         0.55      23.70 f
  matrix_builder/U615/Y (XNOR2X1)                         0.41      24.11 f
  matrix_builder/U599/Y (NOR4X1)                          0.32      24.43 r
  matrix_builder/U598/Y (AOI211X1)                        0.21      24.64 f
  matrix_builder/U597/Y (NAND4X1)                         0.45      25.09 r
  matrix_builder/U588/Y (NOR4BX1)                         0.45      25.55 r
  matrix_builder/U587/Y (NAND4X1)                         0.33      25.87 f
  matrix_builder/U586/Y (NAND3BX1)                        0.45      26.32 r
  matrix_builder/U542/Y (AOI2BB1X1)                       0.34      26.66 f
  matrix_builder/U423/Y (NOR2X1)                          1.01      27.67 r
  matrix_builder/U419/Y (AOI21X1)                         0.36      28.03 f
  matrix_builder/U418/Y (OAI21XL)                         0.58      28.62 r
  matrix_builder/U329/Y (NAND4X1)                         1.27      29.89 f
  matrix_builder/U328/Y (INVX1)                           0.77      30.66 r
  matrix_builder/U257/Y (NAND2X1)                         0.90      31.57 f
  matrix_builder/U256/Y (AOI22X1)                         0.70      32.27 r
  matrix_builder/U255/Y (XNOR2X1)                         0.46      32.73 r
  matrix_builder/U253/Y (AOI31X1)                         0.19      32.92 f
  matrix_builder/U226/Y (NAND4X1)                         0.40      33.31 r
  matrix_builder/U225/Y (OAI21XL)                         0.27      33.58 f
  matrix_builder/U197/Y (NAND4BXL)                        0.53      34.11 f
  matrix_builder/U196/Y (NAND3BX1)                        0.49      34.60 r
  matrix_builder/U195/Y (AOI2BB1X1)                       0.34      34.94 f
  matrix_builder/U194/Y (NOR2BX1)                         0.72      35.67 r
  matrix_builder/U193/Y (INVX1)                           0.40      36.07 f
  matrix_builder/U192/Y (NAND2X1)                         0.43      36.50 r
  matrix_builder/U124/Y (INVX1)                           0.16      36.66 f
  matrix_builder/U123/Y (AOI31X1)                         0.28      36.94 r
  matrix_builder/U122/Y (OAI31X1)                         0.44      37.38 f
  matrix_builder/U80/Y (AOI21X1)                          0.37      37.74 r
  matrix_builder/U78/Y (NAND3X1)                          0.70      38.44 f
  matrix_builder/matrix_flat_o[15] (recam_2r2c_matrix_builder_ADDR_W10_HYBRID_ENTRY_NUM4)
                                                          0.00      38.44 f
  pattern_analyzer/matrix_flat_i[15] (recam_2r2c_pattern_analyzer)
                                                          0.00      38.44 f
  pattern_analyzer/U4/Y (NOR4X1)                          1.60      40.04 r
  pattern_analyzer/candidate_valid_o[3] (recam_2r2c_pattern_analyzer)
                                                          0.00      40.04 r
  candidate_valid_o[3] (out)                              0.00      40.04 r
  data arrival time                                                 40.04

  clock recam_boundary_clk (rise edge)                   20.00      20.00
  clock network delay (ideal)                             0.00      20.00
  output external delay                                   0.00      20.00
  data required time                                                20.00
  --------------------------------------------------------------------------
  data required time                                                20.00
  data arrival time                                                -40.04
  --------------------------------------------------------------------------
  slack (VIOLATED)                                                 -20.04


1
