 
****************************************
Report : area
Design : multi_config_analyzer_area_engine_HYBRID_ENTRY_NUM14
Version: W-2024.09-SP2
Date   : Wed Sep  9 14:41:33 2026
****************************************

Library(s) Used:

    slow (File: /cad/std_libraries/CBDK_TSMC018_Arm_f1.0/CIC/SynopsysDC/db/slow.db)

Number of ports:                         2181
Number of nets:                         12065
Number of cells:                         9915
Number of combinational cells:           9208
Number of sequential cells:               703
Number of macros/black boxes:               0
Number of buf/inv:                       1860
Number of references:                      27

Combinational area:             172244.319924
Buf/Inv area:                    33613.272109
Noncombinational area:           72462.298004
Macro/Black Box area:                0.000000
Net Interconnect area:         1246052.954407

Total cell area:                244706.617928
Total area:                    1490759.572335

Hierarchical area distribution
------------------------------

                                  Global cell area              Local cell area
                                  --------------------  ------------------------------- 
Hierarchical cell                 Absolute     Percent  Combi-       Noncombi-   Black-
                                  Total        Total    national     national    boxes   Design
--------------------------------  -----------  -------  -----------  ----------  ------  ---------------------------------------------------------------------------------
multi_config_analyzer_area_engine_HYBRID_ENTRY_NUM14
                                  244706.6179    100.0   27429.4945  72462.2980  0.0000  multi_config_analyzer_area_engine_HYBRID_ENTRY_NUM14
analyzer                          105104.2623     43.0  105104.2623      0.0000  0.0000  config_candidate_evaluator_MAX_K5_HYBRID_ENTRY_NUM14_ROW_W10_COL_W10_CANDIDATE_W4
view                               39710.5632     16.2   39710.5632      0.0000  0.0000  config_logical_view_MAX_K5_NUM_CFG7_HYBRID_ENTRY_NUM14_ADDR_W10_PTR_W3
--------------------------------  -----------  -------  -----------  ----------  ------  ---------------------------------------------------------------------------------
Total                                                   172244.3199  72462.2980  0.0000

1
