 
****************************************
Report : qor
Design : multi_config_analyzer_area_engine_HYBRID_ENTRY_NUM14
Version: W-2024.09-SP2
Date   : Wed Sep  9 14:41:34 2026
****************************************


  Timing Path Group 'clk'
  -----------------------------------
  Levels of Logic:             271.00
  Critical Path Length:        189.56
  Critical Path Slack:        -170.10
  Critical Path Clk Period:     20.00
  Total Negative Slack:      -6782.10
  No. of Violating Paths:       40.00
  Worst Hold Violation:          0.00
  Total Hold Violation:          0.00
  No. of Hold Violations:        0.00
  -----------------------------------


  Cell Count
  -----------------------------------
  Hierarchical Cell Count:          2
  Hierarchical Port Count:       1487
  Leaf Cell Count:               9911
  Buf/Inv Cell Count:            1860
  Buf Cell Count:                   0
  Inv Cell Count:                1860
  CT Buf/Inv Cell Count:            0
  Combinational Cell Count:      9208
  Sequential Cell Count:          703
  Macro Count:                      0
  -----------------------------------


  Area
  -----------------------------------
  Combinational Area:   172244.319924
  Noncombinational Area: 72462.298004
  Buf/Inv Area:          33613.272109
  Total Buffer Area:             0.00
  Total Inverter Area:       33613.27
  Macro/Black Box Area:      0.000000
  Net Area:            1246052.954407
  -----------------------------------
  Cell Area:            244706.617928
  Design Area:         1490759.572335


  Design Rules
  -----------------------------------
  Total Number of Nets:         10578
  Nets With Violations:           472
  Max Trans Violations:            96
  Max Cap Violations:             466
  Max Fanout Violations:          448
  -----------------------------------


  Hostname: Kaohsiung

  Compile CPU Statistics
  -----------------------------------------
  Resource Sharing:                    6.76
  Logic Optimization:                 40.84
  Mapping Optimization:                0.23
  -----------------------------------------
  Overall Compile Time:               49.74
  Overall Compile Wall Clock Time:    50.11

  --------------------------------------------------------------------

  Design  WNS: 170.10  TNS: 6782.10  Number of Violating Paths: 40


  Design (Hold)  WNS: 0.00  TNS: 0.00  Number of Violating Paths: 0

  --------------------------------------------------------------------


1
