 
****************************************
Report : resources
Design : multi_config_analyzer_area_engine_HYBRID_ENTRY_NUM14
Version: W-2024.09-SP2
Date   : Wed Sep  9 14:41:33 2026
****************************************

Resource Sharing Report for design
        multi_config_analyzer_area_engine_HYBRID_ENTRY_NUM14 in file
        /home/asd9112000/repair_rate/rtl/dss_2x2/analyzer/multi_config_analyzer_area_engine.sv

===============================================================================
|          |              |            | Contained     |                      |
| Resource | Module       | Parameters | Resources     | Contained Operations |
===============================================================================
| r63      | DW01_cmp6    | width=4    |               | eq_127               |
| r73      | DW01_inc     | width=3    |               | add_139              |
| r74      | DW01_dec     | width=4    |               | sub_127              |
| r434     | DW01_sub     | width=4    |               | sub_123 sub_132      |
| r435     | DW01_inc     | width=4    |               | add_125 add_134      |
|          |              |            |               | add_140              |
===============================================================================


No implementations to report
 
****************************************
Design : config_candidate_evaluator_MAX_K5_HYBRID_ENTRY_NUM14_ROW_W10_COL_W10_CANDIDATE_W4
****************************************
Resource Sharing Report for design
        config_candidate_evaluator_MAX_K5_HYBRID_ENTRY_NUM14_ROW_W10_COL_W10_CANDIDATE_W4
        in file
        /home/asd9112000/repair_rate/rtl/dss_2x2/analyzer/config_candidate_evaluator.sv

===============================================================================
|          |              |            | Contained     |                      |
| Resource | Module       | Parameters | Resources     | Contained Operations |
===============================================================================
| r2260    | DW01_cmp6    | width=10   |               | eq_55_I5_I9          |
| r2261    | DW01_cmp2    | width=3    |               | lt_55_I4_I11         |
| r2262    | DW01_add     | width=3    |               | add_32_S3            |
| r2270    | DW01_inc     | width=3    |               | add_65_S3_I13        |
| r7222    | DW_cmp       | width=3    |               | lt_35 lt_45_2_I2     |
|          |              |            |               | lt_45_2_I3           |
|          |              |            |               | lt_45_2_I4           |
|          |              |            |               | lt_45_2_I5           |
|          |              |            |               | lt_45_I2_I1          |
|          |              |            |               | lt_45_I3_I1          |
|          |              |            |               | lt_45_I4_I1          |
|          |              |            |               | lt_45_I5_I1          |
|          |              |            |               | lt_97_2_I2           |
|          |              |            |               | lt_97_2_I3           |
|          |              |            |               | lt_97_2_I4           |
|          |              |            |               | lt_97_2_I5           |
|          |              |            |               | lt_97_I2_I1          |
|          |              |            |               | lt_97_I3_I1          |
|          |              |            |               | lt_97_I4_I1          |
|          |              |            |               | lt_97_I5_I1          |
| r7223    | DW_cmp       | width=3    |               | lt_35_I2             |
|          |              |            |               | lt_45_2_I2_I1        |
|          |              |            |               | lt_45_2_I2_I3        |
|          |              |            |               | lt_45_2_I2_I4        |
|          |              |            |               | lt_45_2_I2_I5        |
|          |              |            |               | lt_45_I2 lt_45_I3_I2 |
|          |              |            |               | lt_45_I4_I2          |
|          |              |            |               | lt_45_I5_I2          |
|          |              |            |               | lt_97_2_I2_I1        |
|          |              |            |               | lt_97_2_I2_I3        |
|          |              |            |               | lt_97_2_I2_I4        |
|          |              |            |               | lt_97_2_I2_I5        |
|          |              |            |               | lt_97_I2 lt_97_I3_I2 |
|          |              |            |               | lt_97_I4_I2          |
|          |              |            |               | lt_97_I5_I2          |
| r7225    | DW_cmp       | width=3    |               | lt_35_I3             |
|          |              |            |               | lt_45_2_I3_I1        |
|          |              |            |               | lt_45_2_I3_I2        |
|          |              |            |               | lt_45_2_I3_I4        |
|          |              |            |               | lt_45_2_I3_I5        |
|          |              |            |               | lt_45_I2_I3 lt_45_I3 |
|          |              |            |               | lt_45_I4_I3          |
|          |              |            |               | lt_45_I5_I3          |
|          |              |            |               | lt_97_2_I3_I1        |
|          |              |            |               | lt_97_2_I3_I2        |
|          |              |            |               | lt_97_2_I3_I4        |
|          |              |            |               | lt_97_2_I3_I5        |
|          |              |            |               | lt_97_I2_I3 lt_97_I3 |
|          |              |            |               | lt_97_I4_I3          |
|          |              |            |               | lt_97_I5_I3          |
| r7226    | DW_cmp       | width=3    |               | lt_35_I4             |
|          |              |            |               | lt_45_2_I4_I1        |
|          |              |            |               | lt_45_2_I4_I2        |
|          |              |            |               | lt_45_2_I4_I3        |
|          |              |            |               | lt_45_2_I4_I5        |
|          |              |            |               | lt_45_I2_I4          |
|          |              |            |               | lt_45_I3_I4 lt_45_I4 |
|          |              |            |               | lt_45_I5_I4          |
|          |              |            |               | lt_97_2_I4_I1        |
|          |              |            |               | lt_97_2_I4_I2        |
|          |              |            |               | lt_97_2_I4_I3        |
|          |              |            |               | lt_97_2_I4_I5        |
|          |              |            |               | lt_97_I2_I4          |
|          |              |            |               | lt_97_I3_I4 lt_97_I4 |
|          |              |            |               | lt_97_I5_I4          |
| r7228    | DW_cmp       | width=3    |               | lt_35_I5             |
|          |              |            |               | lt_45_2_I5_I1        |
|          |              |            |               | lt_45_2_I5_I2        |
|          |              |            |               | lt_45_2_I5_I3        |
|          |              |            |               | lt_45_2_I5_I4        |
|          |              |            |               | lt_45_I2_I5          |
|          |              |            |               | lt_45_I3_I5          |
|          |              |            |               | lt_45_I4_I5 lt_45_I5 |
|          |              |            |               | lt_97_2_I5_I1        |
|          |              |            |               | lt_97_2_I5_I2        |
|          |              |            |               | lt_97_2_I5_I3        |
|          |              |            |               | lt_97_2_I5_I4        |
|          |              |            |               | lt_97_I2_I5          |
|          |              |            |               | lt_97_I3_I5          |
|          |              |            |               | lt_97_I4_I5 lt_97_I5 |
| r7230    | DW_cmp       | width=3    |               | lt_46_2_I2_I1        |
|          |              |            |               | lt_46_2_I3_I1        |
|          |              |            |               | lt_46_2_I4_I1        |
|          |              |            |               | lt_46_2_I5_I1        |
|          |              |            |               | lt_46_3_I2           |
|          |              |            |               | lt_46_3_I3           |
|          |              |            |               | lt_46_3_I4           |
|          |              |            |               | lt_46_3_I5 lt_52     |
|          |              |            |               | lt_55                |
| r7231    | DW_cmp       | width=3    |               | lt_46_2_I2           |
|          |              |            |               | lt_46_2_I3_I2        |
|          |              |            |               | lt_46_2_I4_I2        |
|          |              |            |               | lt_46_2_I5_I2        |
|          |              |            |               | lt_46_3_I2_I1        |
|          |              |            |               | lt_46_3_I2_I3        |
|          |              |            |               | lt_46_3_I2_I4        |
|          |              |            |               | lt_46_3_I2_I5        |
|          |              |            |               | lt_52_I2_I1          |
|          |              |            |               | lt_55_I2_I1          |
| r7232    | DW_cmp       | width=3    |               | lt_46_2_I2_I3        |
|          |              |            |               | lt_46_2_I3           |
|          |              |            |               | lt_46_2_I4_I3        |
|          |              |            |               | lt_46_2_I5_I3        |
|          |              |            |               | lt_46_3_I3_I1        |
|          |              |            |               | lt_46_3_I3_I2        |
|          |              |            |               | lt_46_3_I3_I4        |
|          |              |            |               | lt_46_3_I3_I5        |
|          |              |            |               | lt_52_I3_I1          |
|          |              |            |               | lt_55_I3_I1          |
| r7233    | DW_cmp       | width=3    |               | lt_46_2_I2_I4        |
|          |              |            |               | lt_46_2_I3_I4        |
|          |              |            |               | lt_46_2_I4           |
|          |              |            |               | lt_46_2_I5_I4        |
|          |              |            |               | lt_46_3_I4_I1        |
|          |              |            |               | lt_46_3_I4_I2        |
|          |              |            |               | lt_46_3_I4_I3        |
|          |              |            |               | lt_46_3_I4_I5        |
|          |              |            |               | lt_52_I4_I1          |
|          |              |            |               | lt_55_I4_I1          |
| r7234    | DW_cmp       | width=3    |               | lt_46_2_I2_I5        |
|          |              |            |               | lt_46_2_I3_I5        |
|          |              |            |               | lt_46_2_I4_I5        |
|          |              |            |               | lt_46_2_I5           |
|          |              |            |               | lt_46_3_I5_I1        |
|          |              |            |               | lt_46_3_I5_I2        |
|          |              |            |               | lt_46_3_I5_I3        |
|          |              |            |               | lt_46_3_I5_I4        |
|          |              |            |               | lt_52_I5_I1          |
|          |              |            |               | lt_55_I5_I1          |
| r7235    | DW_cmp       | width=3    |               | lt_48 lt_64 lt_66    |
| r7246    | DW_cmp       | width=3    |               | lt_61_S5             |
|          |              |            |               | lt_61_S5_I10         |
|          |              |            |               | lt_61_S5_I11         |
|          |              |            |               | lt_61_S5_I12         |
|          |              |            |               | lt_61_S5_I13         |
|          |              |            |               | lt_61_S5_I14         |
|          |              |            |               | lt_61_S5_I2          |
|          |              |            |               | lt_61_S5_I3          |
|          |              |            |               | lt_61_S5_I4          |
|          |              |            |               | lt_61_S5_I5          |
|          |              |            |               | lt_61_S5_I6          |
|          |              |            |               | lt_61_S5_I7          |
|          |              |            |               | lt_61_S5_I8          |
|          |              |            |               | lt_61_S5_I9 lt_62_S5 |
|          |              |            |               | lt_62_S5_I10         |
|          |              |            |               | lt_62_S5_I11         |
|          |              |            |               | lt_62_S5_I12         |
|          |              |            |               | lt_62_S5_I13         |
|          |              |            |               | lt_62_S5_I14         |
|          |              |            |               | lt_62_S5_I2          |
|          |              |            |               | lt_62_S5_I3          |
|          |              |            |               | lt_62_S5_I4          |
|          |              |            |               | lt_62_S5_I5          |
|          |              |            |               | lt_62_S5_I6          |
|          |              |            |               | lt_62_S5_I7          |
|          |              |            |               | lt_62_S5_I8          |
|          |              |            |               | lt_62_S5_I9 lt_68_S5 |
|          |              |            |               | lt_68_S5_I10         |
|          |              |            |               | lt_68_S5_I11         |
|          |              |            |               | lt_68_S5_I12         |
|          |              |            |               | lt_68_S5_I13         |
|          |              |            |               | lt_68_S5_I14         |
|          |              |            |               | lt_68_S5_I2          |
|          |              |            |               | lt_68_S5_I3          |
|          |              |            |               | lt_68_S5_I4          |
|          |              |            |               | lt_68_S5_I5          |
|          |              |            |               | lt_68_S5_I6          |
|          |              |            |               | lt_68_S5_I7          |
|          |              |            |               | lt_68_S5_I8          |
|          |              |            |               | lt_68_S5_I9 lt_69_S5 |
|          |              |            |               | lt_69_S5_I10         |
|          |              |            |               | lt_69_S5_I11         |
|          |              |            |               | lt_69_S5_I12         |
|          |              |            |               | lt_69_S5_I13         |
|          |              |            |               | lt_69_S5_I14         |
|          |              |            |               | lt_69_S5_I2          |
|          |              |            |               | lt_69_S5_I3          |
|          |              |            |               | lt_69_S5_I4          |
|          |              |            |               | lt_69_S5_I5          |
|          |              |            |               | lt_69_S5_I6          |
|          |              |            |               | lt_69_S5_I7          |
|          |              |            |               | lt_69_S5_I8          |
|          |              |            |               | lt_69_S5_I9          |
| r7247    | DW_cmp       | width=3    |               | lt_61_S5_I2_I1       |
|          |              |            |               | lt_61_S5_I2_I10      |
|          |              |            |               | lt_61_S5_I2_I11      |
|          |              |            |               | lt_61_S5_I2_I12      |
|          |              |            |               | lt_61_S5_I2_I13      |
|          |              |            |               | lt_61_S5_I2_I14      |
|          |              |            |               | lt_61_S5_I2_I2       |
|          |              |            |               | lt_61_S5_I2_I3       |
|          |              |            |               | lt_61_S5_I2_I4       |
|          |              |            |               | lt_61_S5_I2_I5       |
|          |              |            |               | lt_61_S5_I2_I6       |
|          |              |            |               | lt_61_S5_I2_I7       |
|          |              |            |               | lt_61_S5_I2_I8       |
|          |              |            |               | lt_61_S5_I2_I9       |
|          |              |            |               | lt_62_S5_I2_I1       |
|          |              |            |               | lt_62_S5_I2_I10      |
|          |              |            |               | lt_62_S5_I2_I11      |
|          |              |            |               | lt_62_S5_I2_I12      |
|          |              |            |               | lt_62_S5_I2_I13      |
|          |              |            |               | lt_62_S5_I2_I14      |
|          |              |            |               | lt_62_S5_I2_I2       |
|          |              |            |               | lt_62_S5_I2_I3       |
|          |              |            |               | lt_62_S5_I2_I4       |
|          |              |            |               | lt_62_S5_I2_I5       |
|          |              |            |               | lt_62_S5_I2_I6       |
|          |              |            |               | lt_62_S5_I2_I7       |
|          |              |            |               | lt_62_S5_I2_I8       |
|          |              |            |               | lt_62_S5_I2_I9       |
|          |              |            |               | lt_68_S5_I2_I1       |
|          |              |            |               | lt_68_S5_I2_I10      |
|          |              |            |               | lt_68_S5_I2_I11      |
|          |              |            |               | lt_68_S5_I2_I12      |
|          |              |            |               | lt_68_S5_I2_I13      |
|          |              |            |               | lt_68_S5_I2_I14      |
|          |              |            |               | lt_68_S5_I2_I2       |
|          |              |            |               | lt_68_S5_I2_I3       |
|          |              |            |               | lt_68_S5_I2_I4       |
|          |              |            |               | lt_68_S5_I2_I5       |
|          |              |            |               | lt_68_S5_I2_I6       |
|          |              |            |               | lt_68_S5_I2_I7       |
|          |              |            |               | lt_68_S5_I2_I8       |
|          |              |            |               | lt_68_S5_I2_I9       |
|          |              |            |               | lt_69_S5_I2_I1       |
|          |              |            |               | lt_69_S5_I2_I10      |
|          |              |            |               | lt_69_S5_I2_I11      |
|          |              |            |               | lt_69_S5_I2_I12      |
|          |              |            |               | lt_69_S5_I2_I13      |
|          |              |            |               | lt_69_S5_I2_I14      |
|          |              |            |               | lt_69_S5_I2_I2       |
|          |              |            |               | lt_69_S5_I2_I3       |
|          |              |            |               | lt_69_S5_I2_I4       |
|          |              |            |               | lt_69_S5_I2_I5       |
|          |              |            |               | lt_69_S5_I2_I6       |
|          |              |            |               | lt_69_S5_I2_I7       |
|          |              |            |               | lt_69_S5_I2_I8       |
|          |              |            |               | lt_69_S5_I2_I9       |
| r7248    | DW_cmp       | width=3    |               | lt_61_S5_I3_I1       |
|          |              |            |               | lt_61_S5_I3_I10      |
|          |              |            |               | lt_61_S5_I3_I11      |
|          |              |            |               | lt_61_S5_I3_I12      |
|          |              |            |               | lt_61_S5_I3_I13      |
|          |              |            |               | lt_61_S5_I3_I14      |
|          |              |            |               | lt_61_S5_I3_I2       |
|          |              |            |               | lt_61_S5_I3_I3       |
|          |              |            |               | lt_61_S5_I3_I4       |
|          |              |            |               | lt_61_S5_I3_I5       |
|          |              |            |               | lt_61_S5_I3_I6       |
|          |              |            |               | lt_61_S5_I3_I7       |
|          |              |            |               | lt_61_S5_I3_I8       |
|          |              |            |               | lt_61_S5_I3_I9       |
|          |              |            |               | lt_62_S5_I3_I1       |
|          |              |            |               | lt_62_S5_I3_I10      |
|          |              |            |               | lt_62_S5_I3_I11      |
|          |              |            |               | lt_62_S5_I3_I12      |
|          |              |            |               | lt_62_S5_I3_I13      |
|          |              |            |               | lt_62_S5_I3_I14      |
|          |              |            |               | lt_62_S5_I3_I2       |
|          |              |            |               | lt_62_S5_I3_I3       |
|          |              |            |               | lt_62_S5_I3_I4       |
|          |              |            |               | lt_62_S5_I3_I5       |
|          |              |            |               | lt_62_S5_I3_I6       |
|          |              |            |               | lt_62_S5_I3_I7       |
|          |              |            |               | lt_62_S5_I3_I8       |
|          |              |            |               | lt_62_S5_I3_I9       |
|          |              |            |               | lt_68_S5_I3_I1       |
|          |              |            |               | lt_68_S5_I3_I10      |
|          |              |            |               | lt_68_S5_I3_I11      |
|          |              |            |               | lt_68_S5_I3_I12      |
|          |              |            |               | lt_68_S5_I3_I13      |
|          |              |            |               | lt_68_S5_I3_I14      |
|          |              |            |               | lt_68_S5_I3_I2       |
|          |              |            |               | lt_68_S5_I3_I3       |
|          |              |            |               | lt_68_S5_I3_I4       |
|          |              |            |               | lt_68_S5_I3_I5       |
|          |              |            |               | lt_68_S5_I3_I6       |
|          |              |            |               | lt_68_S5_I3_I7       |
|          |              |            |               | lt_68_S5_I3_I8       |
|          |              |            |               | lt_68_S5_I3_I9       |
|          |              |            |               | lt_69_S5_I3_I1       |
|          |              |            |               | lt_69_S5_I3_I10      |
|          |              |            |               | lt_69_S5_I3_I11      |
|          |              |            |               | lt_69_S5_I3_I12      |
|          |              |            |               | lt_69_S5_I3_I13      |
|          |              |            |               | lt_69_S5_I3_I14      |
|          |              |            |               | lt_69_S5_I3_I2       |
|          |              |            |               | lt_69_S5_I3_I3       |
|          |              |            |               | lt_69_S5_I3_I4       |
|          |              |            |               | lt_69_S5_I3_I5       |
|          |              |            |               | lt_69_S5_I3_I6       |
|          |              |            |               | lt_69_S5_I3_I7       |
|          |              |            |               | lt_69_S5_I3_I8       |
|          |              |            |               | lt_69_S5_I3_I9       |
| r7249    | DW_cmp       | width=3    |               | lt_61_S5_I4_I1       |
|          |              |            |               | lt_61_S5_I4_I10      |
|          |              |            |               | lt_61_S5_I4_I11      |
|          |              |            |               | lt_61_S5_I4_I12      |
|          |              |            |               | lt_61_S5_I4_I13      |
|          |              |            |               | lt_61_S5_I4_I14      |
|          |              |            |               | lt_61_S5_I4_I2       |
|          |              |            |               | lt_61_S5_I4_I3       |
|          |              |            |               | lt_61_S5_I4_I4       |
|          |              |            |               | lt_61_S5_I4_I5       |
|          |              |            |               | lt_61_S5_I4_I6       |
|          |              |            |               | lt_61_S5_I4_I7       |
|          |              |            |               | lt_61_S5_I4_I8       |
|          |              |            |               | lt_61_S5_I4_I9       |
|          |              |            |               | lt_62_S5_I4_I1       |
|          |              |            |               | lt_62_S5_I4_I10      |
|          |              |            |               | lt_62_S5_I4_I11      |
|          |              |            |               | lt_62_S5_I4_I12      |
|          |              |            |               | lt_62_S5_I4_I13      |
|          |              |            |               | lt_62_S5_I4_I14      |
|          |              |            |               | lt_62_S5_I4_I2       |
|          |              |            |               | lt_62_S5_I4_I3       |
|          |              |            |               | lt_62_S5_I4_I4       |
|          |              |            |               | lt_62_S5_I4_I5       |
|          |              |            |               | lt_62_S5_I4_I6       |
|          |              |            |               | lt_62_S5_I4_I7       |
|          |              |            |               | lt_62_S5_I4_I8       |
|          |              |            |               | lt_62_S5_I4_I9       |
|          |              |            |               | lt_68_S5_I4_I1       |
|          |              |            |               | lt_68_S5_I4_I10      |
|          |              |            |               | lt_68_S5_I4_I11      |
|          |              |            |               | lt_68_S5_I4_I12      |
|          |              |            |               | lt_68_S5_I4_I13      |
|          |              |            |               | lt_68_S5_I4_I14      |
|          |              |            |               | lt_68_S5_I4_I2       |
|          |              |            |               | lt_68_S5_I4_I3       |
|          |              |            |               | lt_68_S5_I4_I4       |
|          |              |            |               | lt_68_S5_I4_I5       |
|          |              |            |               | lt_68_S5_I4_I6       |
|          |              |            |               | lt_68_S5_I4_I7       |
|          |              |            |               | lt_68_S5_I4_I8       |
|          |              |            |               | lt_68_S5_I4_I9       |
|          |              |            |               | lt_69_S5_I4_I1       |
|          |              |            |               | lt_69_S5_I4_I10      |
|          |              |            |               | lt_69_S5_I4_I11      |
|          |              |            |               | lt_69_S5_I4_I12      |
|          |              |            |               | lt_69_S5_I4_I13      |
|          |              |            |               | lt_69_S5_I4_I14      |
|          |              |            |               | lt_69_S5_I4_I2       |
|          |              |            |               | lt_69_S5_I4_I3       |
|          |              |            |               | lt_69_S5_I4_I4       |
|          |              |            |               | lt_69_S5_I4_I5       |
|          |              |            |               | lt_69_S5_I4_I6       |
|          |              |            |               | lt_69_S5_I4_I7       |
|          |              |            |               | lt_69_S5_I4_I8       |
|          |              |            |               | lt_69_S5_I4_I9       |
| r7250    | DW_cmp       | width=3    |               | lt_61_S5_I5_I1       |
|          |              |            |               | lt_61_S5_I5_I10      |
|          |              |            |               | lt_61_S5_I5_I11      |
|          |              |            |               | lt_61_S5_I5_I12      |
|          |              |            |               | lt_61_S5_I5_I13      |
|          |              |            |               | lt_61_S5_I5_I14      |
|          |              |            |               | lt_61_S5_I5_I2       |
|          |              |            |               | lt_61_S5_I5_I3       |
|          |              |            |               | lt_61_S5_I5_I4       |
|          |              |            |               | lt_61_S5_I5_I5       |
|          |              |            |               | lt_61_S5_I5_I6       |
|          |              |            |               | lt_61_S5_I5_I7       |
|          |              |            |               | lt_61_S5_I5_I8       |
|          |              |            |               | lt_61_S5_I5_I9       |
|          |              |            |               | lt_62_S5_I5_I1       |
|          |              |            |               | lt_62_S5_I5_I10      |
|          |              |            |               | lt_62_S5_I5_I11      |
|          |              |            |               | lt_62_S5_I5_I12      |
|          |              |            |               | lt_62_S5_I5_I13      |
|          |              |            |               | lt_62_S5_I5_I14      |
|          |              |            |               | lt_62_S5_I5_I2       |
|          |              |            |               | lt_62_S5_I5_I3       |
|          |              |            |               | lt_62_S5_I5_I4       |
|          |              |            |               | lt_62_S5_I5_I5       |
|          |              |            |               | lt_62_S5_I5_I6       |
|          |              |            |               | lt_62_S5_I5_I7       |
|          |              |            |               | lt_62_S5_I5_I8       |
|          |              |            |               | lt_62_S5_I5_I9       |
|          |              |            |               | lt_68_S5_I5_I1       |
|          |              |            |               | lt_68_S5_I5_I10      |
|          |              |            |               | lt_68_S5_I5_I11      |
|          |              |            |               | lt_68_S5_I5_I12      |
|          |              |            |               | lt_68_S5_I5_I13      |
|          |              |            |               | lt_68_S5_I5_I14      |
|          |              |            |               | lt_68_S5_I5_I2       |
|          |              |            |               | lt_68_S5_I5_I3       |
|          |              |            |               | lt_68_S5_I5_I4       |
|          |              |            |               | lt_68_S5_I5_I5       |
|          |              |            |               | lt_68_S5_I5_I6       |
|          |              |            |               | lt_68_S5_I5_I7       |
|          |              |            |               | lt_68_S5_I5_I8       |
|          |              |            |               | lt_68_S5_I5_I9       |
|          |              |            |               | lt_69_S5_I5_I1       |
|          |              |            |               | lt_69_S5_I5_I10      |
|          |              |            |               | lt_69_S5_I5_I11      |
|          |              |            |               | lt_69_S5_I5_I12      |
|          |              |            |               | lt_69_S5_I5_I13      |
|          |              |            |               | lt_69_S5_I5_I14      |
|          |              |            |               | lt_69_S5_I5_I2       |
|          |              |            |               | lt_69_S5_I5_I3       |
|          |              |            |               | lt_69_S5_I5_I4       |
|          |              |            |               | lt_69_S5_I5_I5       |
|          |              |            |               | lt_69_S5_I5_I6       |
|          |              |            |               | lt_69_S5_I5_I7       |
|          |              |            |               | lt_69_S5_I5_I8       |
|          |              |            |               | lt_69_S5_I5_I9       |
| r7251    | DW01_inc     | width=3    |               | add_65_S3 add_67_S3  |
| r7941    | DW01_add     | width=2    |               | add_2_root_add_38_I4_aco |
| r7943    | DW01_add     | width=3    |               | add_1_root_add_38_I4_aco |
| r7945    | DW01_inc     | width=3    |               | add_38_I5            |
| r8015    | DW01_inc     | width=3    |               | add_65_S3_I2         |
| r8017    | DW01_inc     | width=3    |               | add_67_S3_I2         |
| r8067    | DW01_inc     | width=3    |               | add_65_S3_I3         |
| r8069    | DW01_inc     | width=3    |               | add_67_S3_I3         |
| r8119    | DW01_inc     | width=3    |               | add_65_S3_I4         |
| r8121    | DW01_inc     | width=3    |               | add_67_S3_I4         |
| r8171    | DW01_inc     | width=3    |               | add_65_S3_I5         |
| r8173    | DW01_inc     | width=3    |               | add_67_S3_I5         |
| r8223    | DW01_inc     | width=3    |               | add_65_S3_I6         |
| r8225    | DW01_inc     | width=3    |               | add_67_S3_I6         |
| r8275    | DW01_inc     | width=3    |               | add_65_S3_I7         |
| r8277    | DW01_inc     | width=3    |               | add_67_S3_I7         |
| r8327    | DW01_inc     | width=3    |               | add_65_S3_I8         |
| r8329    | DW01_inc     | width=3    |               | add_67_S3_I8         |
| r8379    | DW01_inc     | width=3    |               | add_65_S3_I9         |
| r8381    | DW01_inc     | width=3    |               | add_67_S3_I9         |
| r8431    | DW01_inc     | width=3    |               | add_65_S3_I10        |
| r8433    | DW01_inc     | width=3    |               | add_67_S3_I10        |
| r8483    | DW01_inc     | width=3    |               | add_65_S3_I11        |
| r8485    | DW01_inc     | width=3    |               | add_67_S3_I11        |
| r8535    | DW01_inc     | width=3    |               | add_65_S3_I12        |
| r8537    | DW01_inc     | width=3    |               | add_67_S3_I12        |
| r8589    | DW01_inc     | width=3    |               | add_67_S3_I13        |
| r8639    | DW01_cmp2    | width=3    |               | lt_55_I5_I4          |
| r8640    | DW01_cmp6    | width=10   |               | eq_55_I5             |
| r8641    | DW01_cmp2    | width=3    |               | lt_64_I14            |
| r8642    | DW01_cmp2    | width=3    |               | lt_55_I7             |
| r8643    | DW01_cmp6    | width=10   |               | eq_55_I4_I3          |
| r8644    | DW01_cmp2    | width=3    |               | lt_55_I2_I4          |
| r8645    | DW01_cmp2    | width=3    |               | lt_55_I4_I2          |
| r8646    | DW01_cmp2    | width=3    |               | lt_55_I5_I2          |
| r8647    | DW01_cmp6    | width=10   |               | eq_55_I12            |
| r8648    | DW01_cmp6    | width=10   |               | eq_55_I2_I12         |
| r8649    | DW01_cmp2    | width=3    |               | lt_55_I3_I8          |
| r8650    | DW01_cmp6    | width=10   |               | eq_55_I4_I6          |
| r8651    | DW01_cmp2    | width=3    |               | lt_55_I4_I9          |
| r8652    | DW01_cmp6    | width=10   |               | eq_55_I5_I6          |
| r8653    | DW01_cmp2    | width=3    |               | lt_52_I5_I14         |
| r8654    | DW01_cmp2    | width=3    |               | lt_55_I13            |
| r8655    | DW01_cmp6    | width=10   |               | eq_55_I3_I5          |
| r8656    | DW01_cmp2    | width=3    |               | lt_66_I9             |
| r8657    | DW01_cmp2    | width=3    |               | lt_55_I5_I6          |
| r8658    | DW01_cmp2    | width=3    |               | lt_55_I3_I7          |
| r8659    | DW01_cmp6    | width=10   |               | eq_52_I5_I14         |
| r8660    | DW01_cmp2    | width=3    |               | lt_55_I2_I6          |
| r8661    | DW01_cmp6    | width=10   |               | eq_55_I4_I10         |
| r8662    | DW01_cmp6    | width=10   |               | eq_55_I2_I6          |
| r8663    | DW01_cmp2    | width=3    |               | lt_55_I2_I3          |
| r8664    | DW01_cmp2    | width=3    |               | lt_55_I6             |
| r8665    | DW01_cmp2    | width=3    |               | lt_55_I3_I11         |
| r8666    | DW01_cmp2    | width=3    |               | lt_66_I11            |
| r8667    | DW01_cmp2    | width=3    |               | lt_55_I2_I7          |
| r8668    | DW01_cmp2    | width=3    |               | lt_55_I3_I9          |
| r8669    | DW01_cmp6    | width=10   |               | eq_55_I5_I12         |
| r8670    | DW01_cmp2    | width=3    |               | lt_55_I3_I10         |
| r8671    | DW01_cmp2    | width=3    |               | lt_55_I3_I12         |
| r8672    | DW01_cmp2    | width=3    |               | lt_66_I4             |
| r8673    | DW01_cmp6    | width=10   |               | eq_55_I3_I3          |
| r8674    | DW01_cmp6    | width=10   |               | eq_55_I4_I7          |
| r8675    | DW01_cmp2    | width=3    |               | lt_55_I3_I2          |
| r8676    | DW01_cmp2    | width=3    |               | lt_55_I3             |
| r8677    | DW01_cmp6    | width=10   |               | eq_55_I3_I8          |
| r8678    | DW01_cmp6    | width=10   |               | eq_55_I13            |
| r8679    | DW01_cmp6    | width=10   |               | eq_55_I4_I12         |
| r8680    | DW01_cmp6    | width=10   |               | eq_55_I2_I4          |
| r8681    | DW01_cmp2    | width=3    |               | lt_55_I2_I14         |
| r8682    | DW01_cmp6    | width=10   |               | eq_55_I2_I2          |
| r8683    | DW01_cmp2    | width=3    |               | lt_66_I12            |
| r8684    | DW01_cmp6    | width=10   |               | eq_55_I11            |
| r8685    | DW01_cmp6    | width=10   |               | eq_55_I3_I11         |
| r8686    | DW01_cmp6    | width=10   |               | eq_55_I5_I3          |
| r8687    | DW01_cmp6    | width=10   |               | eq_55_I4_I13         |
| r8688    | DW01_cmp6    | width=10   |               | eq_52_I14            |
| r8689    | DW01_cmp2    | width=3    |               | lt_55_I9             |
| r8690    | DW01_cmp2    | width=3    |               | lt_55_I14            |
| r8691    | DW01_cmp2    | width=3    |               | lt_55_I2_I5          |
| r8692    | DW01_cmp2    | width=3    |               | lt_55_I2_I11         |
| r8693    | DW01_cmp6    | width=10   |               | eq_55_I4_I5          |
| r8694    | DW01_cmp6    | width=10   |               | eq_55_I5_I2          |
| r8695    | DW01_cmp2    | width=3    |               | lt_55_I2_I13         |
| r8696    | DW01_cmp2    | width=3    |               | lt_66_I6             |
| r8697    | DW01_cmp6    | width=10   |               | eq_55_I4_I11         |
| r8698    | DW01_cmp2    | width=3    |               | lt_66_I5             |
| r8699    | DW01_cmp2    | width=3    |               | gte_70_2_I13         |
| r8700    | DW01_cmp2    | width=3    |               | lt_55_I5_I12         |
| r8701    | DW01_cmp6    | width=10   |               | eq_55_I2_I14         |
| r8702    | DW01_cmp2    | width=3    |               | gte_70_I13           |
| r8703    | DW01_cmp2    | width=3    |               | lt_55_I5_I3          |
| r8704    | DW01_cmp2    | width=3    |               | lt_55_I4_I10         |
| r8705    | DW01_cmp2    | width=3    |               | lt_55_I11            |
| r8706    | DW01_cmp2    | width=3    |               | lt_55_I2_I12         |
| r8707    | DW01_cmp6    | width=10   |               | eq_55_I8             |
| r8708    | DW01_cmp6    | width=10   |               | eq_55_I3_I2          |
| r8709    | DW01_cmp2    | width=3    |               | lt_55_I5_I5          |
| r8710    | DW01_cmp6    | width=10   |               | eq_55_I10            |
| r8711    | DW01_cmp2    | width=3    |               | lt_55_I4_I3          |
| r8712    | DW01_cmp6    | width=10   |               | eq_55_I2_I13         |
| r8713    | DW01_cmp2    | width=3    |               | lt_55_I2_I8          |
| r8714    | DW01_cmp2    | width=3    |               | lt_55_I5_I13         |
| r8715    | DW01_cmp6    | width=10   |               | eq_55_I2_I11         |
| r8716    | DW01_cmp6    | width=10   |               | eq_55_I5_I13         |
| r8717    | DW01_cmp6    | width=10   |               | eq_52_I2_I14         |
| r8718    | DW01_cmp6    | width=10   |               | eq_55_I2_I9          |
| r8719    | DW01_cmp2    | width=3    |               | lt_55_I5_I8          |
| r8720    | DW01_cmp2    | width=3    |               | lt_55_I5             |
| r8721    | DW01_cmp2    | width=3    |               | lt_52_I2_I14         |
| r8722    | DW01_cmp6    | width=10   |               | eq_55_I3_I12         |
| r8723    | DW01_cmp2    | width=3    |               | lt_55_I3_I5          |
| r8724    | DW01_cmp6    | width=10   |               | eq_55_I4_I4          |
| r8725    | DW01_cmp6    | width=10   |               | eq_55_I5_I14         |
| r8726    | DW01_cmp2    | width=3    |               | lt_52_I4_I14         |
| r8727    | DW01_cmp6    | width=10   |               | eq_55_I7             |
| r8728    | DW01_cmp2    | width=3    |               | lt_55_I5_I11         |
| r8729    | DW01_cmp6    | width=10   |               | eq_55_I3_I13         |
| r8730    | DW01_cmp6    | width=10   |               | eq_55_I4_I14         |
| r8731    | DW01_cmp2    | width=3    |               | lt_55_I2_I10         |
| r8732    | DW01_cmp6    | width=10   |               | eq_55_I4_I9          |
| r8733    | DW01_cmp2    | width=3    |               | lt_55_I3_I6          |
| r8734    | DW01_cmp2    | width=3    |               | lt_55_I5_I7          |
| r8735    | DW01_cmp6    | width=10   |               | eq_55_I5_I4          |
| r8736    | DW01_cmp2    | width=3    |               | lt_66_I14            |
| r8737    | DW01_cmp2    | width=3    |               | lt_66_I7             |
| r8738    | DW01_cmp2    | width=3    |               | lt_66_I8             |
| r8739    | DW01_cmp2    | width=3    |               | lt_66_I13            |
| r8740    | DW01_cmp6    | width=10   |               | eq_55_I2_I10         |
| r8741    | DW01_cmp6    | width=10   |               | eq_55_I14            |
| r8742    | DW01_cmp6    | width=10   |               | eq_55_I5_I8          |
| r8743    | DW01_cmp2    | width=3    |               | lt_55_I4_I12         |
| r8744    | DW01_cmp2    | width=3    |               | lt_55_I4_I13         |
| r8745    | DW01_cmp6    | width=10   |               | eq_55_I2_I3          |
| r8746    | DW01_cmp2    | width=3    |               | lt_55_I3_I3          |
| r8747    | DW01_cmp6    | width=10   |               | eq_55_I3_I4          |
| r8748    | DW01_cmp2    | width=3    |               | lt_55_I4_I14         |
| r8749    | DW01_cmp6    | width=10   |               | eq_55_I2_I8          |
| r8750    | DW01_cmp2    | width=3    |               | lt_55_I2             |
| r8751    | DW01_cmp2    | width=3    |               | lt_55_I3_I13         |
| r8752    | DW01_cmp2    | width=3    |               | lt_66_I3             |
| r8753    | DW01_cmp2    | width=3    |               | lt_55_I12            |
| r8754    | DW01_cmp2    | width=3    |               | lt_52_I3_I14         |
| r8755    | DW01_cmp2    | width=3    |               | lt_55_I8             |
| r8756    | DW01_cmp6    | width=10   |               | eq_55_I3_I9          |
| r8757    | DW01_cmp6    | width=10   |               | eq_55_I4             |
| r8758    | DW01_cmp2    | width=3    |               | lt_66_I10            |
| r8759    | DW01_cmp6    | width=10   |               | eq_55_I5_I11         |
| r8760    | DW01_cmp6    | width=10   |               | eq_55_I5_I10         |
| r8761    | DW01_cmp2    | width=3    |               | lt_55_I4_I4          |
| r8762    | DW01_cmp6    | width=10   |               | eq_55_I5_I5          |
| r8763    | DW01_cmp6    | width=10   |               | eq_55_I3_I14         |
| r8764    | DW01_cmp2    | width=3    |               | lt_55_I4_I8          |
| r8765    | DW01_cmp6    | width=10   |               | eq_55_I2_I5          |
| r8766    | DW01_cmp6    | width=10   |               | eq_52_I3_I14         |
| r8767    | DW01_cmp2    | width=3    |               | lt_55_I5_I10         |
| r8768    | DW01_cmp6    | width=10   |               | eq_55_I5_I7          |
| r8769    | DW01_cmp2    | width=3    |               | lt_55_I5_I9          |
| r8770    | DW01_cmp2    | width=3    |               | lt_55_I4_I6          |
| r8771    | DW01_cmp6    | width=10   |               | eq_55_I3_I6          |
| r8772    | DW01_cmp2    | width=3    |               | lt_55_I4             |
| r8773    | DW01_cmp2    | width=3    |               | lt_55_I2_I9          |
| r8774    | DW01_cmp2    | width=3    |               | lt_55_I3_I4          |
| r8775    | DW01_cmp2    | width=3    |               | lt_55_I2_I2          |
| r8776    | DW01_cmp2    | width=3    |               | lt_55_I5_I14         |
| r8777    | DW01_cmp6    | width=10   |               | eq_55_I2_I7          |
| r8778    | DW01_cmp6    | width=10   |               | eq_55_I2             |
| r8779    | DW01_cmp6    | width=10   |               | eq_55_I3_I7          |
| r8780    | DW01_cmp6    | width=10   |               | eq_55_I3_I10         |
| r8781    | DW01_cmp2    | width=3    |               | lt_66_I2             |
| r8782    | DW01_cmp2    | width=3    |               | lt_55_I4_I7          |
| r8783    | DW01_cmp2    | width=3    |               | lt_52_I14            |
| r8784    | DW01_cmp6    | width=10   |               | eq_55_I6             |
| r8785    | DW01_cmp6    | width=10   |               | eq_55_I9             |
| r8786    | DW01_cmp6    | width=10   |               | eq_55_I4_I8          |
| r8787    | DW01_cmp6    | width=10   |               | eq_52_I4_I14         |
| r8788    | DW01_cmp2    | width=3    |               | lt_55_I3_I14         |
| r8789    | DW01_cmp2    | width=3    |               | lt_55_I10            |
| r8790    | DW01_cmp6    | width=10   |               | eq_55_I3             |
| r8791    | DW01_cmp6    | width=10   |               | eq_55_I4_I2          |
| r8792    | DW01_cmp2    | width=3    |               | lt_55_I4_I5          |
| r8793    | DW01_cmp6    | width=10   |               | eq_52_I13            |
| r8794    | DW01_cmp2    | width=3    |               | gte_70_I10           |
| r8795    | DW01_cmp2    | width=3    |               | gte_70_2_I5          |
| r8796    | DW01_cmp2    | width=3    |               | gte_70_I5            |
| r8797    | DW01_cmp2    | width=3    |               | gte_70_2             |
| r8798    | DW01_cmp2    | width=3    |               | gte_70_I9            |
| r8799    | DW01_cmp2    | width=3    |               | gte_70_2_I11         |
| r8800    | DW01_cmp2    | width=3    |               | gte_70_I2            |
| r8801    | DW01_cmp2    | width=3    |               | gte_70_2_I12         |
| r8802    | DW01_cmp2    | width=3    |               | gte_70_I7            |
| r8803    | DW01_cmp2    | width=3    |               | gte_70_I4            |
| r8804    | DW01_cmp2    | width=3    |               | gte_70_2_I8          |
| r8805    | DW01_cmp2    | width=3    |               | gte_70_2_I9          |
| r8806    | DW01_cmp2    | width=3    |               | gte_70_2_I6          |
| r8807    | DW01_cmp2    | width=3    |               | gte_70_I6            |
| r8808    | DW01_cmp2    | width=3    |               | gte_70_2_I4          |
| r8809    | DW01_cmp2    | width=3    |               | gte_70_I3            |
| r8810    | DW01_cmp2    | width=3    |               | gte_70_2_I10         |
| r8811    | DW01_cmp2    | width=3    |               | gte_70               |
| r8812    | DW01_cmp2    | width=3    |               | gte_70_2_I3          |
| r8814    | DW01_cmp2    | width=3    |               | gte_70_I11           |
| r8815    | DW01_cmp2    | width=3    |               | gte_70_I12           |
| r8816    | DW01_cmp2    | width=3    |               | gte_70_2_I2          |
| r8817    | DW01_cmp2    | width=3    |               | gte_70_I8            |
| r8819    | DW01_cmp2    | width=3    |               | gte_70_2_I7          |
| r8820    | DW01_cmp2    | width=3    |               | lt_64_I13            |
| r8821    | DW01_cmp2    | width=3    |               | lt_52_I4_I13         |
| r8822    | DW01_cmp6    | width=10   |               | eq_52_I2_I13         |
| r8823    | DW01_cmp2    | width=3    |               | lt_52_I2_I13         |
| r8824    | DW01_cmp6    | width=10   |               | eq_52_I4_I13         |
| r8825    | DW01_cmp2    | width=3    |               | lt_52_I13            |
| r8826    | DW01_cmp6    | width=10   |               | eq_52_I5_I13         |
| r8827    | DW01_cmp2    | width=3    |               | lt_52_I5_I13         |
| r8828    | DW01_cmp6    | width=10   |               | eq_52_I3_I13         |
| r8829    | DW01_cmp2    | width=3    |               | lt_52_I3_I13         |
| r8830    | DW01_cmp2    | width=3    |               | lt_52_I12            |
| r8831    | DW01_cmp6    | width=10   |               | eq_52_I2_I12         |
| r8833    | DW01_cmp2    | width=3    |               | lt_52_I3_I12         |
| r8834    | DW01_cmp6    | width=10   |               | eq_52_I12            |
| r8835    | DW01_cmp2    | width=3    |               | lt_52_I4_I12         |
| r8836    | DW01_cmp6    | width=10   |               | eq_52_I5_I12         |
| r8837    | DW01_cmp6    | width=10   |               | eq_52_I4_I12         |
| r8838    | DW01_cmp2    | width=3    |               | lt_52_I5_I12         |
| r8839    | DW01_cmp2    | width=3    |               | lt_64_I12            |
| r8840    | DW01_cmp2    | width=3    |               | lt_52_I2_I12         |
| r8841    | DW01_cmp6    | width=10   |               | eq_52_I3_I12         |
| r8842    | DW01_cmp6    | width=10   |               | eq_52_I5_I11         |
| r8843    | DW01_cmp2    | width=3    |               | lt_64_I11            |
| r8845    | DW01_cmp6    | width=10   |               | eq_52_I3_I11         |
| r8846    | DW01_cmp2    | width=3    |               | lt_52_I3_I11         |
| r8847    | DW01_cmp2    | width=3    |               | lt_52_I4_I11         |
| r8848    | DW01_cmp2    | width=3    |               | lt_52_I2_I11         |
| r8849    | DW01_cmp6    | width=10   |               | eq_52_I2_I11         |
| r8850    | DW01_cmp6    | width=10   |               | eq_52_I11            |
| r8851    | DW01_cmp2    | width=3    |               | lt_52_I5_I11         |
| r8852    | DW01_cmp2    | width=3    |               | lt_52_I11            |
| r8853    | DW01_cmp6    | width=10   |               | eq_52_I4_I11         |
| r8854    | DW01_cmp6    | width=10   |               | eq_52_I2_I10         |
| r8855    | DW01_cmp2    | width=3    |               | lt_52_I2_I10         |
| r8857    | DW01_cmp2    | width=3    |               | lt_52_I10            |
| r8858    | DW01_cmp2    | width=3    |               | lt_52_I4_I10         |
| r8859    | DW01_cmp6    | width=10   |               | eq_52_I5_I10         |
| r8860    | DW01_cmp6    | width=10   |               | eq_52_I10            |
| r8861    | DW01_cmp2    | width=3    |               | lt_52_I3_I10         |
| r8862    | DW01_cmp2    | width=3    |               | lt_64_I10            |
| r8863    | DW01_cmp2    | width=3    |               | lt_52_I5_I10         |
| r8864    | DW01_cmp2    | width=3    |               | lt_52_I2_I9          |
| r8865    | DW01_cmp6    | width=10   |               | eq_52_I4_I10         |
| r8866    | DW01_cmp6    | width=10   |               | eq_52_I3_I10         |
| r8867    | DW01_cmp6    | width=10   |               | eq_52_I2_I9          |
| r8869    | DW01_cmp2    | width=3    |               | lt_52_I9             |
| r8870    | DW01_cmp2    | width=3    |               | lt_52_I3_I9          |
| r8871    | DW01_cmp2    | width=3    |               | lt_52_I5_I9          |
| r8872    | DW01_cmp6    | width=10   |               | eq_52_I4_I9          |
| r8873    | DW01_cmp6    | width=10   |               | eq_52_I9             |
| r8874    | DW01_cmp2    | width=3    |               | lt_64_I9             |
| r8875    | DW01_cmp6    | width=10   |               | eq_52_I5_I9          |
| r8876    | DW01_cmp6    | width=10   |               | eq_52_I3_I9          |
| r8877    | DW01_cmp2    | width=3    |               | lt_52_I4_I9          |
| r8878    | DW01_cmp6    | width=10   |               | eq_52_I4_I8          |
| r8879    | DW01_cmp2    | width=3    |               | lt_52_I5_I8          |
| r8881    | DW01_cmp6    | width=10   |               | eq_52_I8             |
| r8882    | DW01_cmp6    | width=10   |               | eq_52_I2_I8          |
| r8883    | DW01_cmp2    | width=3    |               | lt_52_I2_I8          |
| r8884    | DW01_cmp2    | width=3    |               | lt_52_I8             |
| r8885    | DW01_cmp6    | width=10   |               | eq_52_I5_I8          |
| r8886    | DW01_cmp2    | width=3    |               | lt_52_I3_I8          |
| r8887    | DW01_cmp6    | width=10   |               | eq_52_I3_I8          |
| r8888    | DW01_cmp2    | width=3    |               | lt_64_I8             |
| r8889    | DW01_cmp6    | width=10   |               | eq_52_I5_I7          |
| r8890    | DW01_cmp2    | width=3    |               | lt_52_I4_I8          |
| r8891    | DW01_cmp2    | width=3    |               | lt_52_I7             |
| r8893    | DW01_cmp6    | width=10   |               | eq_52_I2_I7          |
| r8894    | DW01_cmp2    | width=3    |               | lt_64_I7             |
| r8895    | DW01_cmp2    | width=3    |               | lt_52_I5_I7          |
| r8896    | DW01_cmp2    | width=3    |               | lt_52_I3_I7          |
| r8897    | DW01_cmp6    | width=10   |               | eq_52_I3_I7          |
| r8898    | DW01_cmp2    | width=3    |               | lt_52_I2_I7          |
| r8899    | DW01_cmp2    | width=3    |               | lt_52_I4_I7          |
| r8900    | DW01_cmp6    | width=10   |               | eq_52_I4_I7          |
| r8901    | DW01_cmp6    | width=10   |               | eq_52_I7             |
| r8902    | DW01_cmp2    | width=3    |               | lt_52_I4_I6          |
| r8903    | DW01_cmp6    | width=10   |               | eq_52_I5_I6          |
| r8905    | DW01_cmp2    | width=3    |               | lt_52_I5_I6          |
| r8906    | DW01_cmp2    | width=3    |               | lt_52_I3_I6          |
| r8907    | DW01_cmp6    | width=10   |               | eq_52_I4_I6          |
| r8908    | DW01_cmp6    | width=10   |               | eq_52_I2_I6          |
| r8909    | DW01_cmp6    | width=10   |               | eq_52_I3_I6          |
| r8910    | DW01_cmp2    | width=3    |               | lt_64_I6             |
| r8911    | DW01_cmp6    | width=10   |               | eq_52_I6             |
| r8912    | DW01_cmp2    | width=3    |               | lt_52_I2_I6          |
| r8913    | DW01_cmp2    | width=3    |               | lt_52_I6             |
| r8914    | DW01_cmp6    | width=10   |               | eq_52_I2_I5          |
| r8915    | DW01_cmp2    | width=3    |               | lt_52_I3_I5          |
| r8917    | DW01_cmp2    | width=3    |               | lt_52_I2_I5          |
| r8918    | DW01_cmp6    | width=10   |               | eq_52_I4_I5          |
| r8919    | DW01_cmp2    | width=3    |               | lt_64_I5             |
| r8920    | DW01_cmp2    | width=3    |               | lt_52_I5             |
| r8921    | DW01_cmp2    | width=3    |               | lt_52_I4_I5          |
| r8922    | DW01_cmp2    | width=3    |               | lt_52_I5_I5          |
| r8923    | DW01_cmp6    | width=10   |               | eq_52_I5             |
| r8924    | DW01_cmp6    | width=10   |               | eq_52_I3_I5          |
| r8925    | DW01_cmp6    | width=10   |               | eq_52_I5_I5          |
| r8926    | DW01_cmp2    | width=3    |               | lt_64_I4             |
| r8927    | DW01_cmp6    | width=10   |               | eq_52_I4_I4          |
| r8929    | DW01_cmp2    | width=3    |               | lt_52_I4_I4          |
| r8930    | DW01_cmp6    | width=10   |               | eq_52_I5_I4          |
| r8931    | DW01_cmp6    | width=10   |               | eq_52_I4             |
| r8932    | DW01_cmp6    | width=10   |               | eq_52_I3_I4          |
| r8933    | DW01_cmp2    | width=3    |               | lt_52_I2_I4          |
| r8934    | DW01_cmp2    | width=3    |               | lt_52_I3_I4          |
| r8935    | DW01_cmp6    | width=10   |               | eq_52_I2_I4          |
| r8936    | DW01_cmp6    | width=10   |               | eq_52_I3             |
| r8937    | DW01_cmp2    | width=3    |               | lt_52_I5_I4          |
| r8938    | DW01_cmp2    | width=3    |               | lt_52_I4             |
| r8939    | DW01_cmp2    | width=3    |               | lt_52_I3             |
| r8941    | DW01_cmp2    | width=3    |               | lt_52_I4_I3          |
| r8942    | DW01_cmp2    | width=3    |               | lt_52_I2_I3          |
| r8943    | DW01_cmp2    | width=3    |               | lt_52_I3_I3          |
| r8944    | DW01_cmp6    | width=10   |               | eq_52_I4_I3          |
| r8945    | DW01_cmp2    | width=3    |               | lt_52_I5_I3          |
| r8946    | DW01_cmp2    | width=3    |               | lt_64_I3             |
| r8947    | DW01_cmp6    | width=10   |               | eq_52_I5_I3          |
| r8948    | DW01_cmp6    | width=10   |               | eq_52_I2_I3          |
| r8949    | DW01_cmp6    | width=10   |               | eq_52_I3_I3          |
| r8950    | DW01_cmp2    | width=3    |               | lt_52_I2_I2          |
| r8951    | DW01_cmp6    | width=10   |               | eq_52_I2_I2          |
| r8953    | DW01_cmp2    | width=3    |               | lt_52_I2             |
| r8954    | DW01_cmp2    | width=3    |               | lt_64_I2             |
| r8955    | DW01_cmp6    | width=10   |               | eq_52_I3_I2          |
| r8956    | DW01_cmp6    | width=10   |               | eq_52_I2             |
| r8957    | DW01_cmp2    | width=3    |               | lt_52_I3_I2          |
| r8958    | DW01_cmp2    | width=3    |               | lt_52_I5_I2          |
| r8959    | DW01_cmp2    | width=3    |               | lt_52_I4_I2          |
| r8960    | DW01_cmp6    | width=10   |               | eq_52_I5_I2          |
| r8961    | DW01_cmp6    | width=10   |               | eq_52_I4_I2          |
| r8962    | DW01_cmp6    | width=10   |               | eq_55_I2_I1          |
| r8964    | DW01_cmp6    | width=10   |               | eq_52_I4_I1          |
| r8965    | DW01_cmp6    | width=10   |               | eq_55                |
| r8966    | DW01_cmp6    | width=10   |               | eq_55_I5_I1          |
| r8967    | DW01_cmp6    | width=10   |               | eq_55_I4_I1          |
| r8968    | DW01_cmp6    | width=10   |               | eq_52_I2_I1          |
| r8969    | DW01_cmp6    | width=10   |               | eq_55_I3_I1          |
| r8970    | DW01_cmp6    | width=10   |               | eq_52_I3_I1          |
| r8971    | DW01_cmp6    | width=10   |               | eq_52_I5_I1          |
| r8972    | DW01_cmp6    | width=10   |               | eq_52                |
===============================================================================


No implementations to report
 
****************************************
Design : config_logical_view_MAX_K5_NUM_CFG7_HYBRID_ENTRY_NUM14_ADDR_W10_PTR_W3
****************************************
Resource Sharing Report for design
        config_logical_view_MAX_K5_NUM_CFG7_HYBRID_ENTRY_NUM14_ADDR_W10_PTR_W3
        in file
        /home/asd9112000/repair_rate/rtl/dss_2x2/analyzer/config_logical_view.sv

===============================================================================
|          |              |            | Contained     |                      |
| Resource | Module       | Parameters | Resources     | Contained Operations |
===============================================================================
| r161     | DW01_cmp2    | width=4    |               | lt_68_I8             |
| r780     | DW_mult_uns  | a_width=3  |               | mult_69 mult_69_2    |
|          |              | b_width=3  |               | mult_69_2_I10        |
|          |              |            |               | mult_69_2_I11        |
|          |              |            |               | mult_69_2_I12        |
|          |              |            |               | mult_69_2_I13        |
|          |              |            |               | mult_69_2_I14        |
|          |              |            |               | mult_69_2_I2         |
|          |              |            |               | mult_69_2_I3         |
|          |              |            |               | mult_69_2_I4         |
|          |              |            |               | mult_69_2_I5         |
|          |              |            |               | mult_69_2_I6         |
|          |              |            |               | mult_69_2_I7         |
|          |              |            |               | mult_69_2_I8         |
|          |              |            |               | mult_69_2_I9         |
|          |              |            |               | mult_69_I10          |
|          |              |            |               | mult_69_I11          |
|          |              |            |               | mult_69_I12          |
|          |              |            |               | mult_69_I13          |
|          |              |            |               | mult_69_I14          |
|          |              |            |               | mult_69_I2           |
|          |              |            |               | mult_69_I3           |
|          |              |            |               | mult_69_I4           |
|          |              |            |               | mult_69_I5           |
|          |              |            |               | mult_69_I6           |
|          |              |            |               | mult_69_I7           |
|          |              |            |               | mult_69_I8           |
|          |              |            |               | mult_69_I9           |
| r781     | DW01_add     | width=6    |               | add_69 add_69_2      |
| r783     | DW01_add     | width=6    |               | add_69_2_I2          |
|          |              |            |               | add_69_I2            |
| r785     | DW01_add     | width=6    |               | add_69_2_I3          |
|          |              |            |               | add_69_I3            |
| r787     | DW01_add     | width=6    |               | add_69_2_I4          |
|          |              |            |               | add_69_I4            |
| r789     | DW01_add     | width=6    |               | add_69_2_I5          |
|          |              |            |               | add_69_I5            |
| r791     | DW01_add     | width=6    |               | add_69_2_I6          |
|          |              |            |               | add_69_I6            |
| r793     | DW01_add     | width=6    |               | add_69_2_I7          |
|          |              |            |               | add_69_I7            |
| r795     | DW01_add     | width=6    |               | add_69_2_I8          |
|          |              |            |               | add_69_I8            |
| r797     | DW01_add     | width=6    |               | add_69_2_I9          |
|          |              |            |               | add_69_I9            |
| r799     | DW01_add     | width=6    |               | add_69_2_I10         |
|          |              |            |               | add_69_I10           |
| r801     | DW01_add     | width=6    |               | add_69_2_I11         |
|          |              |            |               | add_69_I11           |
| r803     | DW01_add     | width=6    |               | add_69_2_I12         |
|          |              |            |               | add_69_I12           |
| r805     | DW01_add     | width=6    |               | add_69_2_I13         |
|          |              |            |               | add_69_I13           |
| r807     | DW01_add     | width=6    |               | add_69_2_I14         |
|          |              |            |               | add_69_I14           |
| r850     | DW01_cmp2    | width=4    |               | lt_68_I2             |
| r851     | DW01_cmp2    | width=4    |               | lt_68_I11            |
| r852     | DW01_cmp2    | width=4    |               | lt_68_I6             |
| r853     | DW01_cmp2    | width=4    |               | lt_68                |
| r854     | DW01_cmp2    | width=4    |               | lt_68_I14            |
| r855     | DW01_cmp2    | width=4    |               | lt_68_I4             |
| r856     | DW01_cmp2    | width=4    |               | lt_68_I12            |
| r857     | DW01_cmp2    | width=4    |               | lt_68_I7             |
| r858     | DW01_cmp2    | width=4    |               | lt_68_I10            |
| r859     | DW01_cmp2    | width=4    |               | lt_68_I9             |
| r860     | DW01_cmp2    | width=4    |               | lt_68_I3             |
| r861     | DW01_cmp2    | width=4    |               | lt_68_I13            |
| r862     | DW01_cmp2    | width=4    |               | lt_68_I5             |
===============================================================================


No implementations to report
1
