 
****************************************
Report : qor
Design : recam_dss_v2_early_top
Version: W-2024.09-SP2
Date   : Fri Sep 11 03:38:18 2026
****************************************


  Timing Path Group 'recam_clk'
  -----------------------------------
  Levels of Logic:              82.00
  Critical Path Length:         19.70
  Critical Path Slack:           0.01
  Critical Path Clk Period:     20.00
  Total Negative Slack:          0.00
  No. of Violating Paths:        0.00
  Worst Hold Violation:          0.00
  Total Hold Violation:          0.00
  No. of Hold Violations:        0.00
  -----------------------------------


  Cell Count
  -----------------------------------
  Hierarchical Cell Count:          7
  Hierarchical Port Count:        451
  Leaf Cell Count:               4114
  Buf/Inv Cell Count:            1245
  Buf Cell Count:                 109
  Inv Cell Count:                1136
  CT Buf/Inv Cell Count:            0
  Combinational Cell Count:      4039
  Sequential Cell Count:           75
  Macro Count:                      0
  -----------------------------------


  Area
  -----------------------------------
  Combinational Area:    76769.986279
  Noncombinational Area:  4101.451260
  Buf/Inv Area:          12503.937775
  Total Buffer Area:          2318.50
  Total Inverter Area:       10185.44
  Macro/Black Box Area:      0.000000
  Net Area:             438808.868469
  -----------------------------------
  Cell Area:             80871.437539
  Design Area:          519680.306008


  Design Rules
  -----------------------------------
  Total Number of Nets:          4337
  Nets With Violations:             0
  Max Trans Violations:             0
  Max Cap Violations:               0
  -----------------------------------


  Hostname: Kaohsiung

  Compile CPU Statistics
  -----------------------------------------
  Resource Sharing:                    2.98
  Logic Optimization:                 34.96
  Mapping Optimization:                6.94
  -----------------------------------------
  Overall Compile Time:               52.43
  Overall Compile Wall Clock Time:    52.75

  --------------------------------------------------------------------

  Design  WNS: 0.00  TNS: 0.00  Number of Violating Paths: 0


  Design (Hold)  WNS: 0.00  TNS: 0.00  Number of Violating Paths: 0

  --------------------------------------------------------------------


1
