 
****************************************
Report : reference
Design : recam_dss_v2_early_top
Version: W-2024.09-SP2
Date   : Fri Sep 11 03:38:18 2026
****************************************

Attributes:
    b - black box (unknown)
   bo - allows boundary optimization
    d - dont_touch
   mo - map_only
    h - hierarchical
    n - noncombinational
    r - removable
    s - synthetic operator
    u - contains unmapped logic

Reference          Library       Unit Area   Count    Total Area   Attributes
-----------------------------------------------------------------------------
recam_dss_v2_early_core        9932.630527       1   9932.630527  h, n
recam_shared_config_analyzer_ROW_ADDR_W9_COL_ADDR_W5_DIFF_ADDR_W9_HYBRID_ENTRIES7
                              70938.807012       1  70938.807012  h
-----------------------------------------------------------------------------
Total 2 references                                  80871.437539

****************************************
Design: recam_dss_v2_early_core 
****************************************
Reference          Library       Unit Area   Count    Total Area   Attributes
-----------------------------------------------------------------------------
AND2X1             slow          13.305600       5     66.528001  
AND2X4             slow          16.632000       1     16.632000  
AND3X2             slow          16.632000       1     16.632000  
AND4X2             slow          19.958401       1     19.958401  
BUFX3              slow          13.305600       1     13.305600  
BUFX8              slow          29.937599       2     59.875198  
BUFX12             slow          33.264000       2     66.528000  
BUFX16             slow          43.243198       2     86.486397  
BUFX20             slow          53.222401       2    106.444801  
CLKINVX3           slow           9.979200       1      9.979200  
CLKINVX4           slow          13.305600       2     26.611200  
DFFHQX4            slow          73.180801       3    219.542404  n
DFFHQXL            slow          53.222401      50   2661.120033  n
DFFX2              slow          69.854401       1     69.854401  n
DFFXL              slow          56.548801       3    169.646404  n
INVX1              slow           6.652800      67    445.737606  
INVX2              slow           9.979200       2     19.958401  
INVX4              slow          13.305600       6     79.833601  
INVX8              slow          19.958401       7    139.708805  
INVXL              slow           6.652800       1      6.652800  
MXI2X1             slow          23.284800       3     69.854399  
MXI2X2             slow          26.611200       1     26.611200  
MXI2XL             slow          23.284800       2     46.569599  
NAND2BX1           slow          13.305600       1     13.305600  
NAND2BX4           slow          26.611200       1     26.611200  
NAND2X2            slow          16.632000       5     83.160000  
NAND3X1            slow          13.305600       3     39.916800  
NAND3X2            slow          23.284800       1     23.284800  
NAND3X4            slow          33.264000       1     33.264000  
NAND4X2            slow          29.937599       1     29.937599  
NAND4X4            slow          56.548801       2    113.097603  
NOR2X1             slow           9.979200       1      9.979200  
NOR2X2             slow          16.632000       1     16.632000  
OAI2BB1X4          slow          33.264000       3     99.792000  
OAI22X1            slow          19.958401      31    618.710423  
OAI22XL            slow          19.958401      12    239.500809  
OAI31X1            slow          19.958401       3     59.875202  
OAI32X1            slow          23.284800       3     69.854399  
OAI222X4           slow          39.916801       1     39.916801  
OAI222XL           slow          26.611200       1     26.611200  
OR2X2              slow          13.305600      18    239.500803  
OR2X4              slow          19.958401       8    159.667206  
OR2XL              slow          13.305600       4     53.222401  
dss_legacy_config_adapter       362.577605       1    362.577605  h
dss_v2_legacy_ledger_diagnostic_adapter
                                332.640004       1    332.640004  h
dss_v2_resource_feasibility     622.036808       1    622.036808  h
dss_v2_resource_ledger         2175.465612       1   2175.465612  h, n
-----------------------------------------------------------------------------
Total 47 references                                  9932.630527

****************************************
Design: dss_legacy_config_adapter 
****************************************
Reference          Library       Unit Area   Count    Total Area   Attributes
-----------------------------------------------------------------------------
AOI21X1            slow          13.305600       1     13.305600  
AOI21XL            slow          13.305600       1     13.305600  
AOI31X1            slow          16.632000       1     16.632000  
AOI31XL            slow          16.632000       1     16.632000  
AOI211XL           slow          16.632000       1     16.632000  
CLKBUFX3           slow          13.305600       1     13.305600  
INVX1              slow           6.652800       3     19.958400  
INVXL              slow           6.652800       3     19.958400  
NAND2X1            slow           9.979200       1      9.979200  
NAND2XL            slow           9.979200       2     19.958401  
NAND3BXL           slow          16.632000       1     16.632000  
NAND3XL            slow          13.305600       1     13.305600  
NOR2XL             slow           9.979200       1      9.979200  
NOR3XL             slow          13.305600       2     26.611200  
NOR4BXL            slow          19.958401       1     19.958401  
OAI2BB2X1          slow          23.284800       1     23.284800  
OAI21XL            slow          13.305600       2     26.611200  
OAI22XL            slow          19.958401       1     19.958401  
OAI211X1           slow          19.958401       1     19.958401  
OR2X2              slow          13.305600       1     13.305600  
OR2XL              slow          13.305600       1     13.305600  
-----------------------------------------------------------------------------
Total 21 references                                   362.577605

****************************************
Design: dss_v2_legacy_ledger_diagnostic_adapter 
****************************************
Reference          Library       Unit Area   Count    Total Area   Attributes
-----------------------------------------------------------------------------
AND2X2             slow          13.305600       1     13.305600  
AOI21X1            slow          13.305600       2     26.611200  
AOI31X1            slow          16.632000       4     66.528000  
INVX1              slow           6.652800       9     59.875201  
NOR3X1             slow          13.305600       1     13.305600  
OAI2BB1X1          slow          16.632000       2     33.264000  
OAI21XL            slow          13.305600       2     26.611200  
OAI31X1            slow          19.958401       2     39.916801  
XOR2X1             slow          26.611200       1     26.611200  
XOR2XL             slow          26.611200       1     26.611200  
-----------------------------------------------------------------------------
Total 10 references                                   332.640004

****************************************
Design: dss_v2_resource_feasibility 
****************************************
Reference          Library       Unit Area   Count    Total Area   Attributes
-----------------------------------------------------------------------------
AOI22X1            slow          16.632000       4     66.528000  
AOI22XL            slow          16.632000       3     49.896000  
AOI221X1           slow          23.284800       1     23.284800  
INVX1              slow           6.652800      13     86.486401  
NAND2BX1           slow          13.305600       1     13.305600  
NOR2BX1            slow          13.305600       1     13.305600  
NOR2X1             slow           9.979200       4     39.916801  
OAI21XL            slow          13.305600       1     13.305600  
OAI22X1            slow          19.958401       2     39.916801  
OAI211X1           slow          19.958401       1     19.958401  
dss_topology_2x2_directional    256.132804       1    256.132804  h
-----------------------------------------------------------------------------
Total 11 references                                   622.036808

****************************************
Design: dss_topology_2x2_directional 
****************************************
Reference          Library       Unit Area   Count    Total Area   Attributes
-----------------------------------------------------------------------------
AND2X2             slow          13.305600       2     26.611200  
INVX1              slow           6.652800       4     26.611200  
INVXL              slow           6.652800       2     13.305600  
NAND2BX1           slow          13.305600       1     13.305600  
NAND2X1            slow           9.979200       1      9.979200  
NAND3BX1           slow          16.632000       1     16.632000  
NAND4BXL           slow          19.958401       1     19.958401  
NAND4X1            slow          16.632000       2     33.264000  
NOR2X1             slow           9.979200       2     19.958401  
NOR4BX1            slow          19.958401       1     19.958401  
OAI2BB1X1          slow          16.632000       1     16.632000  
OAI21XL            slow          13.305600       1     13.305600  
XOR2XL             slow          26.611200       1     26.611200  
-----------------------------------------------------------------------------
Total 13 references                                   256.132804

****************************************
Design: dss_v2_resource_ledger 
****************************************
Reference          Library       Unit Area   Count    Total Area   Attributes
-----------------------------------------------------------------------------
AND2X2             slow          13.305600       4     53.222401  
AND3X1             slow          16.632000       3     49.896000  
AND3X2             slow          16.632000       3     49.896000  
AOI31X1            slow          16.632000       5     83.160000  
DFFHQXL            slow          53.222401      11    585.446407  n
DFFXL              slow          56.548801       7    395.841610  n
INVX1              slow           6.652800      14     93.139201  
INVX4              slow          13.305600       4     53.222401  
INVX8              slow          19.958401       2     39.916801  
INVXL              slow           6.652800       1      6.652800  
MX4X1              slow          66.528000       1     66.528000  
MX4XL              slow          66.528000       1     66.528000  
MXI2X1             slow          23.284800      16    372.556793  
NAND2XL            slow           9.979200       2     19.958401  
NAND4X1            slow          16.632000       4     66.528000  
OAI2BB1X1          slow          16.632000       2     33.264000  
OAI31X2            slow          29.937599       1     29.937599  
OAI31X4            slow          29.937599       3     89.812798  
OR2X4              slow          19.958401       1     19.958401  
-----------------------------------------------------------------------------
Total 19 references                                  2175.465612

****************************************
Design: recam_shared_config_analyzer_ROW_ADDR_W9_COL_ADDR_W5_DIFF_ADDR_W9_HYBRID_ENTRIES7 
****************************************
Reference          Library       Unit Area   Count    Total Area   Attributes
-----------------------------------------------------------------------------
AND2X1             slow          13.305600       9    119.750401  
AND2X2             slow          13.305600      30    399.168005  
AND2X4             slow          16.632000       5     83.160000  
AND3X1             slow          16.632000       3     49.896000  
AND3X2             slow          16.632000      40    665.279999  
AND3X4             slow          19.958401       1     19.958401  
AND4X1             slow          19.958401       2     39.916801  
AND4X2             slow          19.958401      49    977.961636  
AND4X4             slow          36.590401      22    804.988815  
AOI2BB1X1          slow          16.632000       3     49.896000  
AOI2BB1X2          slow          23.284800       1     23.284800  
AOI2BB1X4          slow          36.590401       2     73.180801  
AOI2BB1XL          slow          16.632000       1     16.632000  
AOI2BB2X1          slow          23.284800      25    582.119989  
AOI2BB2X2          slow          29.937599       4    119.750397  
AOI2BB2XL          slow          23.284800       6    139.708797  
AOI21X1            slow          13.305600       1     13.305600  
AOI21X2            slow          23.284800       1     23.284800  
AOI21X4            slow          33.264000       2     66.528000  
AOI22X1            slow          16.632000       5     83.160000  
AOI31X1            slow          16.632000       3     49.896000  
AOI31X2            slow          29.937599       5    149.687996  
AOI31X4            slow          29.937599       3     89.812798  
AOI32X1            slow          23.284800       3     69.854399  
AOI32X2            slow          36.590401       1     36.590401  
AOI32X4            slow          33.264000       1     33.264000  
AOI33X1            slow          26.611200       2     53.222401  
AOI33X2            slow          43.243198       1     43.243198  
AOI33XL            slow          26.611200       1     26.611200  
AOI211X1           slow          16.632000       5     83.160000  
AOI211X2           slow          29.937599       2     59.875198  
AOI211X4           slow          33.264000       1     33.264000  
AOI211XL           slow          16.632000       1     16.632000  
AOI221X1           slow          23.284800      17    395.841593  
AOI221X2           slow          39.916801       5    199.584007  
AOI221X4           slow          36.590401       1     36.590401  
AOI221XL           slow          23.284800       1     23.284800  
AOI222X1           slow          26.611200      39   1037.836813  
AOI222X2           slow          46.569599       5    232.847996  
AOI222XL           slow          26.611200       1     26.611200  
BUFX1              slow          13.305600      19    252.806403  
BUFX2              slow          13.305600       1     13.305600  
BUFX3              slow          13.305600      30    399.168005  
BUFX4              slow          16.632000      14    232.848000  
BUFX8              slow          29.937599      18    538.876785  
BUFX12             slow          33.264000       3     99.792000  
BUFX16             slow          43.243198       2     86.486397  
BUFX20             slow          53.222401       3    159.667202  
CLKBUFX3           slow          13.305600       1     13.305600  
CLKBUFX8           slow          23.284800       7    162.993597  
CLKBUFXL           slow          13.305600       1     13.305600  
CLKINVX1           slow           9.979200       1      9.979200  
CLKINVX2           slow           9.979200       5     49.896002  
CLKINVX3           slow           9.979200     147   1466.942453  
CLKINVX4           slow          13.305600      18    239.500803  
CLKINVX8           slow          19.958401      28    558.835220  
CLKINVXL           slow           9.979200      13    129.729605  
INVX1              slow           6.652800     561   3732.220847  
INVX2              slow           9.979200      18    179.625607  
INVX3              slow          13.305600       3     39.916800  
INVX4              slow          13.305600      47    625.363208  
INVX8              slow          19.958401      34    678.585625  
INVX12             slow          43.243198       9    389.188786  
INVX16             slow          56.548801       4    226.195206  
INVXL              slow           6.652800     107    711.849609  
MX2X1              slow          26.611200      73   1942.617624  
MX2X2              slow          29.937599       7    209.563194  
MX2X4              slow          33.264000       6    199.584000  
MX2XL              slow          26.611200       2     53.222401  
MXI2X1             slow          23.284800     106   2468.188755  
MXI2X2             slow          26.611200     102   2714.342434  
MXI2X4             slow          46.569599      19    884.822384  
MXI2XL             slow          23.284800      49   1140.955179  
NAND2BX1           slow          13.305600       3     39.916800  
NAND2BX2           slow          19.958401       1     19.958401  
NAND2BX4           slow          26.611200       3     79.833601  
NAND2X1            slow           9.979200      42    419.126415  
NAND2X2            slow          16.632000       9    149.688000  
NAND2X4            slow          23.284800       5    116.423998  
NAND2XL            slow           9.979200       7     69.854403  
NAND3BX2           slow          26.611200       3     79.833601  
NAND3BX4           slow          36.590401       1     36.590401  
NAND3BXL           slow          16.632000       2     33.264000  
NAND3X1            slow          13.305600     147   1955.923224  
NAND3X2            slow          23.284800      27    628.689589  
NAND3X4            slow          33.264000      28    931.391998  
NAND3XL            slow          13.305600      25    332.640004  
NAND4BBX2          slow          36.590401       1     36.590401  
NAND4BBX4          slow          63.201599       1     63.201599  
NAND4BX1           slow          23.284800       1     23.284800  
NAND4BX2           slow          33.264000       1     33.264000  
NAND4BX4           slow          59.875198       4    239.500793  
NAND4X1            slow          16.632000      87   1446.983997  
NAND4X2            slow          29.937599      19    568.814384  
NAND4X4            slow          56.548801      21   1187.524830  
NAND4XL            slow          16.632000      10    166.320000  
NOR2BX1            slow          13.305600       1     13.305600  
NOR2BX2            slow          19.958401       1     19.958401  
NOR2X1             slow           9.979200      50    498.960018  
NOR2X2             slow          16.632000      15    249.480000  
NOR2X4             slow          23.284800      13    302.702394  
NOR2XL             slow           9.979200       3     29.937601  
NOR3BX1            slow          19.958401       1     19.958401  
NOR3BX4            slow          36.590401       2     73.180801  
NOR3X1             slow          13.305600       2     26.611200  
NOR3X2             slow          23.284800       2     46.569599  
NOR3X4             slow          33.264000       3     99.792000  
NOR4BX2            slow          33.264000       1     33.264000  
NOR4BX4            slow          59.875198       1     59.875198  
NOR4BXL            slow          19.958401       1     19.958401  
NOR4X1             slow          19.958401       1     19.958401  
NOR4X4             slow          56.548801       3    169.646404  
OAI2BB1X1          slow          16.632000      53    881.495998  
OAI2BB1X2          slow          23.284800      23    535.550390  
OAI2BB1X4          slow          33.264000      25    831.599998  
OAI2BB1XL          slow          16.632000       2     33.264000  
OAI2BB2X4          slow          49.896000       1     49.896000  
OAI21X4            slow          36.590401       4    146.361603  
OAI21XL            slow          13.305600       1     13.305600  
OAI22X1            slow          19.958401      36    718.502426  
OAI22X2            slow          29.937599      15    449.063988  
OAI22X4            slow          46.569599       2     93.139198  
OAI22XL            slow          19.958401       9    179.625607  
OAI31X1            slow          19.958401       2     39.916801  
OAI31X2            slow          29.937599      11    329.313591  
OAI31X4            slow          29.937599       3     89.812798  
OAI32X1            slow          23.284800       2     46.569599  
OAI32X2            slow          36.590401       2     73.180801  
OAI32X4            slow          33.264000       2     66.528000  
OAI33X4            slow          36.590401       4    146.361603  
OAI211X1           slow          19.958401      11    219.542408  
OAI211X2           slow          33.264000       5    166.320000  
OAI211X4           slow          29.937599       7    209.563194  
OAI211XL           slow          19.958401       2     39.916801  
OAI221X2           slow          43.243198       5    216.215992  
OAI221X4           slow          36.590401       9    329.313606  
OAI221XL           slow          23.284800       2     46.569599  
OAI222X2           slow          49.896000       1     49.896000  
OAI222X4           slow          39.916801       2     79.833603  
OAI222XL           slow          26.611200       4    106.444801  
OR2X1              slow          13.305600       5     66.528001  
OR2X2              slow          13.305600     231   3073.593638  
OR2X4              slow          19.958401      81   1616.630459  
OR2XL              slow          13.305600      30    399.168005  
OR3X2              slow          19.958401       1     19.958401  
OR3X4              slow          29.937599       3     89.812798  
OR3XL              slow          16.632000       2     33.264000  
OR4X1              slow          19.958401       2     39.916801  
OR4X2              slow          19.958401      55   1097.712040  
OR4X4              slow          36.590401      15    548.856010  
XNOR2X1            slow          26.611200      56   1490.227219  
XNOR2X2            slow          36.590401       5    182.952003  
XNOR2X4            slow          56.548801       5    282.744007  
XNOR2XL            slow          26.611200       7    186.278402  
XOR2X1             slow          26.611200     389  10351.756929  
XOR2X2             slow          33.264000     100   3326.399994  
XOR2X4             slow          56.548801      30   1696.464043  
XOR2XL             slow          26.611200      78   2075.673626  
XOR3X2             slow          59.875198       1     59.875198  
XOR3X4             slow          99.792000       1     99.792000  
-----------------------------------------------------------------------------
Total 160 references                                70938.807012
1
