 
****************************************
check_design summary:
Version:     W-2024.09-SP2
Date:        Thu Sep 24 05:32:33 2026
****************************************

                   Name                                            Total
--------------------------------------------------------------------------------
Inputs/Outputs                                                     15
    Unconnected ports (LINT-28)                                     2
    Shorted outputs (LINT-31)                                       5
    Constant outputs (LINT-52)                                      8

Cells                                                              69
    Cells do not drive (LINT-1)                                    64
    Connected to power or ground (LINT-32)                          4
    Nets connected to multiple pins on same cell (LINT-33)          1

Nets                                                               11
    Unloaded nets (LINT-2)                                         11
--------------------------------------------------------------------------------

Warning: In design 'recam_dss_g2x2_r_static_global_core', cell 'C656' does not drive any nets. (LINT-1)
Warning: In design 'recam_dss_g2x2_r_static_global_core', cell 'C657' does not drive any nets. (LINT-1)
Warning: In design 'recam_shared_config_analyzer_ROW_ADDR_W9_PHYS_COL_ADDR_W13_HYBRID_LINE_ADDR_W13_HYBRID_ENTRIES7', cell 'B_1148' does not drive any nets. (LINT-1)
Warning: In design 'recam_shared_config_analyzer_ROW_ADDR_W9_PHYS_COL_ADDR_W13_HYBRID_LINE_ADDR_W13_HYBRID_ENTRIES7', cell 'B_1149' does not drive any nets. (LINT-1)
Warning: In design 'recam_shared_config_analyzer_ROW_ADDR_W9_PHYS_COL_ADDR_W13_HYBRID_LINE_ADDR_W13_HYBRID_ENTRIES7', cell 'B_1150' does not drive any nets. (LINT-1)
Warning: In design 'recam_shared_config_analyzer_ROW_ADDR_W9_PHYS_COL_ADDR_W13_HYBRID_LINE_ADDR_W13_HYBRID_ENTRIES7', cell 'B_1151' does not drive any nets. (LINT-1)
Warning: In design 'recam_shared_config_analyzer_ROW_ADDR_W9_PHYS_COL_ADDR_W13_HYBRID_LINE_ADDR_W13_HYBRID_ENTRIES7', cell 'B_1152' does not drive any nets. (LINT-1)
Warning: In design 'recam_shared_config_analyzer_ROW_ADDR_W9_PHYS_COL_ADDR_W13_HYBRID_LINE_ADDR_W13_HYBRID_ENTRIES7', cell 'B_1153' does not drive any nets. (LINT-1)
Warning: In design 'recam_shared_config_analyzer_ROW_ADDR_W9_PHYS_COL_ADDR_W13_HYBRID_LINE_ADDR_W13_HYBRID_ENTRIES7', cell 'B_1154' does not drive any nets. (LINT-1)
Warning: In design 'recam_shared_config_analyzer_ROW_ADDR_W9_PHYS_COL_ADDR_W13_HYBRID_LINE_ADDR_W13_HYBRID_ENTRIES7', cell 'B_1155' does not drive any nets. (LINT-1)
Warning: In design 'recam_shared_config_analyzer_ROW_ADDR_W9_PHYS_COL_ADDR_W13_HYBRID_LINE_ADDR_W13_HYBRID_ENTRIES7', cell 'B_1156' does not drive any nets. (LINT-1)
Warning: In design 'recam_shared_config_analyzer_ROW_ADDR_W9_PHYS_COL_ADDR_W13_HYBRID_LINE_ADDR_W13_HYBRID_ENTRIES7', cell 'B_1157' does not drive any nets. (LINT-1)
Warning: In design 'recam_shared_config_analyzer_ROW_ADDR_W9_PHYS_COL_ADDR_W13_HYBRID_LINE_ADDR_W13_HYBRID_ENTRIES7', cell 'B_1158' does not drive any nets. (LINT-1)
Warning: In design 'recam_shared_config_analyzer_ROW_ADDR_W9_PHYS_COL_ADDR_W13_HYBRID_LINE_ADDR_W13_HYBRID_ENTRIES7', cell 'B_1159' does not drive any nets. (LINT-1)
Warning: In design 'recam_shared_config_analyzer_ROW_ADDR_W9_PHYS_COL_ADDR_W13_HYBRID_LINE_ADDR_W13_HYBRID_ENTRIES7', cell 'B_1160' does not drive any nets. (LINT-1)
Warning: In design 'recam_shared_config_analyzer_ROW_ADDR_W9_PHYS_COL_ADDR_W13_HYBRID_LINE_ADDR_W13_HYBRID_ENTRIES7', cell 'B_1161' does not drive any nets. (LINT-1)
Warning: In design 'recam_shared_config_analyzer_ROW_ADDR_W9_PHYS_COL_ADDR_W13_HYBRID_LINE_ADDR_W13_HYBRID_ENTRIES7', cell 'B_1162' does not drive any nets. (LINT-1)
Warning: In design 'recam_shared_config_analyzer_ROW_ADDR_W9_PHYS_COL_ADDR_W13_HYBRID_LINE_ADDR_W13_HYBRID_ENTRIES7', cell 'B_1163' does not drive any nets. (LINT-1)
Warning: In design 'recam_shared_config_analyzer_ROW_ADDR_W9_PHYS_COL_ADDR_W13_HYBRID_LINE_ADDR_W13_HYBRID_ENTRIES7', cell 'B_1164' does not drive any nets. (LINT-1)
Warning: In design 'recam_shared_config_analyzer_ROW_ADDR_W9_PHYS_COL_ADDR_W13_HYBRID_LINE_ADDR_W13_HYBRID_ENTRIES7', cell 'B_1165' does not drive any nets. (LINT-1)
Warning: In design 'recam_shared_config_analyzer_ROW_ADDR_W9_PHYS_COL_ADDR_W13_HYBRID_LINE_ADDR_W13_HYBRID_ENTRIES7', cell 'B_1166' does not drive any nets. (LINT-1)
Warning: In design 'recam_shared_config_analyzer_ROW_ADDR_W9_PHYS_COL_ADDR_W13_HYBRID_LINE_ADDR_W13_HYBRID_ENTRIES7', cell 'B_1167' does not drive any nets. (LINT-1)
Warning: In design 'recam_shared_config_analyzer_ROW_ADDR_W9_PHYS_COL_ADDR_W13_HYBRID_LINE_ADDR_W13_HYBRID_ENTRIES7', cell 'B_1168' does not drive any nets. (LINT-1)
Warning: In design 'recam_shared_config_analyzer_ROW_ADDR_W9_PHYS_COL_ADDR_W13_HYBRID_LINE_ADDR_W13_HYBRID_ENTRIES7', cell 'C18312' does not drive any nets. (LINT-1)
Warning: In design 'recam_shared_config_analyzer_ROW_ADDR_W9_PHYS_COL_ADDR_W13_HYBRID_LINE_ADDR_W13_HYBRID_ENTRIES7', cell 'C18361' does not drive any nets. (LINT-1)
Warning: In design 'recam_shared_config_analyzer_ROW_ADDR_W9_PHYS_COL_ADDR_W13_HYBRID_LINE_ADDR_W13_HYBRID_ENTRIES7', cell 'C18403' does not drive any nets. (LINT-1)
Warning: In design 'recam_shared_config_analyzer_ROW_ADDR_W9_PHYS_COL_ADDR_W13_HYBRID_LINE_ADDR_W13_HYBRID_ENTRIES7', cell 'C18452' does not drive any nets. (LINT-1)
Warning: In design 'recam_shared_config_analyzer_ROW_ADDR_W9_PHYS_COL_ADDR_W13_HYBRID_LINE_ADDR_W13_HYBRID_ENTRIES7', cell 'C18503' does not drive any nets. (LINT-1)
Warning: In design 'recam_shared_config_analyzer_ROW_ADDR_W9_PHYS_COL_ADDR_W13_HYBRID_LINE_ADDR_W13_HYBRID_ENTRIES7', cell 'C18552' does not drive any nets. (LINT-1)
Warning: In design 'recam_shared_config_analyzer_ROW_ADDR_W9_PHYS_COL_ADDR_W13_HYBRID_LINE_ADDR_W13_HYBRID_ENTRIES7', cell 'C18594' does not drive any nets. (LINT-1)
Warning: In design 'recam_shared_config_analyzer_ROW_ADDR_W9_PHYS_COL_ADDR_W13_HYBRID_LINE_ADDR_W13_HYBRID_ENTRIES7', cell 'C18643' does not drive any nets. (LINT-1)
Warning: In design 'recam_shared_config_analyzer_ROW_ADDR_W9_PHYS_COL_ADDR_W13_HYBRID_LINE_ADDR_W13_HYBRID_ENTRIES7', cell 'C18694' does not drive any nets. (LINT-1)
Warning: In design 'recam_shared_config_analyzer_ROW_ADDR_W9_PHYS_COL_ADDR_W13_HYBRID_LINE_ADDR_W13_HYBRID_ENTRIES7', cell 'C18743' does not drive any nets. (LINT-1)
Warning: In design 'recam_shared_config_analyzer_ROW_ADDR_W9_PHYS_COL_ADDR_W13_HYBRID_LINE_ADDR_W13_HYBRID_ENTRIES7', cell 'C18785' does not drive any nets. (LINT-1)
Warning: In design 'recam_shared_config_analyzer_ROW_ADDR_W9_PHYS_COL_ADDR_W13_HYBRID_LINE_ADDR_W13_HYBRID_ENTRIES7', cell 'C18834' does not drive any nets. (LINT-1)
Warning: In design 'recam_shared_config_analyzer_ROW_ADDR_W9_PHYS_COL_ADDR_W13_HYBRID_LINE_ADDR_W13_HYBRID_ENTRIES7', cell 'C18885' does not drive any nets. (LINT-1)
Warning: In design 'recam_shared_config_analyzer_ROW_ADDR_W9_PHYS_COL_ADDR_W13_HYBRID_LINE_ADDR_W13_HYBRID_ENTRIES7', cell 'C18934' does not drive any nets. (LINT-1)
Warning: In design 'recam_shared_config_analyzer_ROW_ADDR_W9_PHYS_COL_ADDR_W13_HYBRID_LINE_ADDR_W13_HYBRID_ENTRIES7', cell 'C18976' does not drive any nets. (LINT-1)
Warning: In design 'recam_shared_config_analyzer_ROW_ADDR_W9_PHYS_COL_ADDR_W13_HYBRID_LINE_ADDR_W13_HYBRID_ENTRIES7', cell 'C19025' does not drive any nets. (LINT-1)
Warning: In design 'recam_shared_config_analyzer_ROW_ADDR_W9_PHYS_COL_ADDR_W13_HYBRID_LINE_ADDR_W13_HYBRID_ENTRIES7', cell 'C19076' does not drive any nets. (LINT-1)
Warning: In design 'recam_shared_config_analyzer_ROW_ADDR_W9_PHYS_COL_ADDR_W13_HYBRID_LINE_ADDR_W13_HYBRID_ENTRIES7', cell 'C19125' does not drive any nets. (LINT-1)
Warning: In design 'recam_shared_config_analyzer_ROW_ADDR_W9_PHYS_COL_ADDR_W13_HYBRID_LINE_ADDR_W13_HYBRID_ENTRIES7', cell 'C19167' does not drive any nets. (LINT-1)
Warning: In design 'recam_shared_config_analyzer_ROW_ADDR_W9_PHYS_COL_ADDR_W13_HYBRID_LINE_ADDR_W13_HYBRID_ENTRIES7', cell 'C19216' does not drive any nets. (LINT-1)
Warning: In design 'recam_shared_config_analyzer_ROW_ADDR_W9_PHYS_COL_ADDR_W13_HYBRID_LINE_ADDR_W13_HYBRID_ENTRIES7', cell 'C19267' does not drive any nets. (LINT-1)
Warning: In design 'recam_shared_config_analyzer_ROW_ADDR_W9_PHYS_COL_ADDR_W13_HYBRID_LINE_ADDR_W13_HYBRID_ENTRIES7', cell 'C19316' does not drive any nets. (LINT-1)
Warning: In design 'recam_shared_config_analyzer_ROW_ADDR_W9_PHYS_COL_ADDR_W13_HYBRID_LINE_ADDR_W13_HYBRID_ENTRIES7', cell 'C19358' does not drive any nets. (LINT-1)
Warning: In design 'recam_shared_config_analyzer_ROW_ADDR_W9_PHYS_COL_ADDR_W13_HYBRID_LINE_ADDR_W13_HYBRID_ENTRIES7', cell 'C19407' does not drive any nets. (LINT-1)
Warning: In design 'recam_shared_config_analyzer_ROW_ADDR_W9_PHYS_COL_ADDR_W13_HYBRID_LINE_ADDR_W13_HYBRID_ENTRIES7', cell 'C19458' does not drive any nets. (LINT-1)
Warning: In design 'recam_shared_config_analyzer_ROW_ADDR_W9_PHYS_COL_ADDR_W13_HYBRID_LINE_ADDR_W13_HYBRID_ENTRIES7', cell 'C19502' does not drive any nets. (LINT-1)
Warning: In design 'recam_shared_config_analyzer_ROW_ADDR_W9_PHYS_COL_ADDR_W13_HYBRID_LINE_ADDR_W13_HYBRID_ENTRIES7', cell 'C19544' does not drive any nets. (LINT-1)
Warning: In design 'recam_shared_config_analyzer_ROW_ADDR_W9_PHYS_COL_ADDR_W13_HYBRID_LINE_ADDR_W13_HYBRID_ENTRIES7', cell 'C19588' does not drive any nets. (LINT-1)
Warning: In design 'recam_shared_config_analyzer_ROW_ADDR_W9_PHYS_COL_ADDR_W13_HYBRID_LINE_ADDR_W13_HYBRID_ENTRIES7', cell 'B_1176' does not drive any nets. (LINT-1)
Warning: In design 'recam_shared_config_analyzer_ROW_ADDR_W9_PHYS_COL_ADDR_W13_HYBRID_LINE_ADDR_W13_HYBRID_ENTRIES7', cell 'B_1192' does not drive any nets. (LINT-1)
Warning: In design 'recam_shared_config_analyzer_ROW_ADDR_W9_PHYS_COL_ADDR_W13_HYBRID_LINE_ADDR_W13_HYBRID_ENTRIES7', cell 'B_1202' does not drive any nets. (LINT-1)
Warning: In design 'recam_shared_config_analyzer_ROW_ADDR_W9_PHYS_COL_ADDR_W13_HYBRID_LINE_ADDR_W13_HYBRID_ENTRIES7', cell 'B_1212' does not drive any nets. (LINT-1)
Warning: In design 'recam_shared_config_analyzer_ROW_ADDR_W9_PHYS_COL_ADDR_W13_HYBRID_LINE_ADDR_W13_HYBRID_ENTRIES7', cell 'B_1222' does not drive any nets. (LINT-1)
Warning: In design 'recam_shared_config_analyzer_ROW_ADDR_W9_PHYS_COL_ADDR_W13_HYBRID_LINE_ADDR_W13_HYBRID_ENTRIES7', cell 'B_1232' does not drive any nets. (LINT-1)
Warning: In design 'recam_shared_config_analyzer_ROW_ADDR_W9_PHYS_COL_ADDR_W13_HYBRID_LINE_ADDR_W13_HYBRID_ENTRIES7', cell 'B_1248' does not drive any nets. (LINT-1)
Warning: In design 'recam_shared_config_analyzer_ROW_ADDR_W9_PHYS_COL_ADDR_W13_HYBRID_LINE_ADDR_W13_HYBRID_ENTRIES7', cell 'B_1268' does not drive any nets. (LINT-1)
Warning: In design 'recam_shared_config_analyzer_ROW_ADDR_W9_PHYS_COL_ADDR_W13_HYBRID_LINE_ADDR_W13_HYBRID_ENTRIES7', cell 'B_1288' does not drive any nets. (LINT-1)
Warning: In design 'recam_shared_config_analyzer_ROW_ADDR_W9_PHYS_COL_ADDR_W13_HYBRID_LINE_ADDR_W13_HYBRID_ENTRIES7', cell 'B_1308' does not drive any nets. (LINT-1)
Warning: In design 'recam_shared_config_analyzer_ROW_ADDR_W9_PHYS_COL_ADDR_W13_HYBRID_LINE_ADDR_W13_HYBRID_ENTRIES7', cell 'C21578' does not drive any nets. (LINT-1)
Warning: In design 'recam_shared_config_analyzer_ROW_ADDR_W9_PHYS_COL_ADDR_W13_HYBRID_LINE_ADDR_W13_HYBRID_ENTRIES7', cell 'C21579' does not drive any nets. (LINT-1)
Warning: In design 'recam_shared_config_analyzer_ROW_ADDR_W9_PHYS_COL_ADDR_W13_HYBRID_LINE_ADDR_W13_HYBRID_ENTRIES7', cell 'C21580' does not drive any nets. (LINT-1)
Warning: In design 'recam_dss_g2x2_r_static_global_top', net 'core/unused_collect_config_descriptor[col_count][2]' driven by pin 'core/collect_slot_decode/config_descriptor_o[col_count][2]' has no loads. (LINT-2)
Warning: In design 'recam_dss_g2x2_r_static_global_top', net 'core/unused_collect_config_descriptor[row_count][2]' driven by pin 'core/collect_slot_decode/config_descriptor_o[row_count][2]' has no loads. (LINT-2)
Warning: In design 'recam_dss_g2x2_r_static_global_top', net 'core/unused_collect_config_descriptor[col_count][0]' driven by pin 'core/collect_slot_decode/config_descriptor_o[col_count][0]' has no loads. (LINT-2)
Warning: In design 'recam_dss_g2x2_r_static_global_top', net 'core/unused_collect_config_descriptor[col_count][1]' driven by pin 'core/collect_slot_decode/config_descriptor_o[col_count][1]' has no loads. (LINT-2)
Warning: In design 'recam_dss_g2x2_r_static_global_top', net 'core/unused_collect_config_descriptor[row_count][0]' driven by pin 'core/collect_slot_decode/config_descriptor_o[row_count][0]' has no loads. (LINT-2)
Warning: In design 'recam_dss_g2x2_r_static_global_top', net 'core/unused_collect_config_descriptor[row_count][1]' driven by pin 'core/collect_slot_decode/config_descriptor_o[row_count][1]' has no loads. (LINT-2)
Warning: In design 'recam_dss_g2x2_r_static_global_top', net 'core/unused_store_read_pattern[0]' driven by pin 'core/candidate_store/read_pattern_id_o[0]' has no loads. (LINT-2)
Warning: In design 'recam_dss_g2x2_r_static_global_top', net 'core/unused_store_read_pattern[1]' driven by pin 'core/candidate_store/read_pattern_id_o[1]' has no loads. (LINT-2)
Warning: In design 'recam_dss_g2x2_r_static_global_top', net 'core/unused_store_read_pattern[2]' driven by pin 'core/candidate_store/read_pattern_id_o[2]' has no loads. (LINT-2)
Warning: In design 'recam_dss_g2x2_r_static_global_top', net 'core/unused_store_read_pattern[3]' driven by pin 'core/candidate_store/read_pattern_id_o[3]' has no loads. (LINT-2)
Warning: In design 'recam_dss_g2x2_r_static_global_top', net 'core/unused_store_read_valid' driven by pin 'core/candidate_store/read_candidate_valid_o' has no loads. (LINT-2)
Warning: In design 'dss_v2_group_slot_decode', port 'sa_id_i[1]' is not connected to any nets. (LINT-28)
Warning: In design 'dss_v2_group_slot_decode', port 'sa_id_i[0]' is not connected to any nets. (LINT-28)
Warning: In design 'dss_v2_group_slot_decode', output port 'legacy_config_id_o[0]' is connected directly to output port 'config_descriptor_o[col_count][2]'. (LINT-31)
Warning: In design 'dss_v2_group_slot_decode', output port 'legacy_config_id_o[0]' is connected directly to output port 'config_descriptor_o[row_count][2]'. (LINT-31)
Warning: In design 'recam_dss_g2x2_r_static_selector', output port 'selected_a_config_id_o[0]' is connected directly to output port 'selected_b_config_id_o[0]'. (LINT-31)
Warning: In design 'recam_dss_g2x2_r_static_selector', output port 'selected_a_config_id_o[0]' is connected directly to output port 'selected_c_config_id_o[0]'. (LINT-31)
Warning: In design 'recam_dss_g2x2_r_static_selector', output port 'selected_a_config_id_o[0]' is connected directly to output port 'selected_d_config_id_o[0]'. (LINT-31)
Warning: In design 'recam_dss_g2x2_r_static_global_core', a pin on submodule 'candidate_store' is connected to logic 1 or logic 0. (LINT-32)
   Pin 'read_sa_i[1]' is connected to logic 0. 
Warning: In design 'recam_dss_g2x2_r_static_global_core', a pin on submodule 'candidate_store' is connected to logic 1 or logic 0. (LINT-32)
   Pin 'read_sa_i[0]' is connected to logic 0. 
Warning: In design 'recam_dss_g2x2_r_static_global_core', a pin on submodule 'candidate_store' is connected to logic 1 or logic 0. (LINT-32)
   Pin 'read_slot_i[1]' is connected to logic 0. 
Warning: In design 'recam_dss_g2x2_r_static_global_core', a pin on submodule 'candidate_store' is connected to logic 1 or logic 0. (LINT-32)
   Pin 'read_slot_i[0]' is connected to logic 0. 
Warning: In design 'recam_dss_g2x2_r_static_global_core', the same net is connected to more than one pin on submodule 'candidate_store'. (LINT-33)
   Net '*Logic0*' is connected to pins 'read_sa_i[1]', 'read_sa_i[0]'', 'read_slot_i[1]', 'read_slot_i[0]'.
Warning: In design 'dss_v2_group_slot_decode', output port 'legacy_config_id_o[0]' is connected directly to 'logic 0'. (LINT-52)
Warning: In design 'dss_v2_group_slot_decode', output port 'config_descriptor_o[row_count][2]' is connected directly to 'logic 0'. (LINT-52)
Warning: In design 'dss_v2_group_slot_decode', output port 'config_descriptor_o[col_count][2]' is connected directly to 'logic 0'. (LINT-52)
Warning: In design 'dss_v2_group_slot_decode', output port 'config_descriptor_o[col_count][1]' is connected directly to 'logic 1'. (LINT-52)
Warning: In design 'recam_dss_g2x2_r_static_selector', output port 'selected_a_config_id_o[0]' is connected directly to 'logic 0'. (LINT-52)
Warning: In design 'recam_dss_g2x2_r_static_selector', output port 'selected_b_config_id_o[0]' is connected directly to 'logic 0'. (LINT-52)
Warning: In design 'recam_dss_g2x2_r_static_selector', output port 'selected_c_config_id_o[0]' is connected directly to 'logic 0'. (LINT-52)
Warning: In design 'recam_dss_g2x2_r_static_selector', output port 'selected_d_config_id_o[0]' is connected directly to 'logic 0'. (LINT-52)
1
