 
****************************************
Report : qor
Design : recam_dss_g2x2_r_static_global_top
Version: W-2024.09-SP2
Date   : Thu Sep 24 05:33:26 2026
****************************************


  Timing Path Group 'recam_clk'
  -----------------------------------
  Levels of Logic:              90.00
  Critical Path Length:         19.83
  Critical Path Slack:           0.00
  Critical Path Clk Period:     20.00
  Total Negative Slack:          0.00
  No. of Violating Paths:        0.00
  Worst Hold Violation:          0.00
  Total Hold Violation:          0.00
  No. of Hold Violations:        0.00
  -----------------------------------


  Cell Count
  -----------------------------------
  Hierarchical Cell Count:          6
  Hierarchical Port Count:       1072
  Leaf Cell Count:               7242
  Buf/Inv Cell Count:            1896
  Buf Cell Count:                 225
  Inv Cell Count:                1671
  CT Buf/Inv Cell Count:            0
  Combinational Cell Count:      6681
  Sequential Cell Count:          561
  Macro Count:                      0
  -----------------------------------


  Area
  -----------------------------------
  Combinational Area:   126722.535804
  Noncombinational Area: 31507.661549
  Buf/Inv Area:          19958.400240
  Total Buffer Area:          4437.42
  Total Inverter Area:       15520.98
  Macro/Black Box Area:      0.000000
  Net Area:             835197.566925
  -----------------------------------
  Cell Area:            158230.197352
  Design Area:          993427.764277


  Design Rules
  -----------------------------------
  Total Number of Nets:          7602
  Nets With Violations:             1
  Max Trans Violations:             0
  Max Cap Violations:               1
  -----------------------------------


  Hostname: Kaohsiung

  Compile CPU Statistics
  -----------------------------------------
  Resource Sharing:                    3.04
  Logic Optimization:                 31.54
  Mapping Optimization:               13.27
  -----------------------------------------
  Overall Compile Time:               53.17
  Overall Compile Wall Clock Time:    53.48

  --------------------------------------------------------------------

  Design  WNS: 0.00  TNS: 0.00  Number of Violating Paths: 0


  Design (Hold)  WNS: 0.00  TNS: 0.00  Number of Violating Paths: 0

  --------------------------------------------------------------------


1
