 
****************************************
Report : reference
Design : recam_dss_g2x2_r_static_global_top
Version: W-2024.09-SP2
Date   : Thu Sep 24 05:33:26 2026
****************************************

Attributes:
    b - black box (unknown)
   bo - allows boundary optimization
    d - dont_touch
   mo - map_only
    h - hierarchical
    n - noncombinational
    r - removable
    s - synthetic operator
    u - contains unmapped logic

Reference          Library       Unit Area   Count    Total Area   Attributes
-----------------------------------------------------------------------------
AND2X4             slow          16.632000       1     16.632000  
INVX1              slow           6.652800       3     19.958400  
NAND3BXL           slow          16.632000       1     16.632000  
dss_group_pivot_address_regs_ROW_ADDR_W9_PHYS_COL_ADDR_W13
                              44550.476385       1  44550.476385  h, n
recam_dss_g2x2_r_static_global_core
                              25160.889850       1  25160.889850  h, n
recam_shared_config_analyzer_ROW_ADDR_W9_PHYS_COL_ADDR_W13_HYBRID_LINE_ADDR_W13_HYBRID_ENTRIES7
                              88465.608717       1  88465.608717  h
-----------------------------------------------------------------------------
Total 6 references                                  158230.197352

****************************************
Design: dss_group_pivot_address_regs_ROW_ADDR_W9_PHYS_COL_ADDR_W13 
****************************************
Reference          Library       Unit Area   Count    Total Area   Attributes
-----------------------------------------------------------------------------
AND2X2             slow          13.305600       7     93.139201  
AOI2BB1X1          slow          16.632000       3     49.896000  
AOI2BB2X1          slow          23.284800       4     93.139198  
AOI21X1            slow          13.305600      14    186.278402  
AOI21XL            slow          13.305600       1     13.305600  
AOI22X1            slow          16.632000      10    166.320000  
AOI22XL            slow          16.632000       2     33.264000  
AOI32X1            slow          23.284800       3     69.854399  
AOI33X1            slow          26.611200       4    106.444801  
AOI222X1           slow          26.611200       1     26.611200  
BUFX1              slow          13.305600      22    292.723204  
BUFX3              slow          13.305600      21    279.417603  
DFFXL              slow          56.548801     440  24881.472626  n
INVX1              slow           6.652800     394   2621.203233  
INVXL              slow           6.652800       3     19.958400  
NAND2BX1           slow          13.305600       4     53.222401  
NAND2X1            slow           9.979200      35    349.272013  
NAND2XL            slow           9.979200      12    119.750404  
NAND3X1            slow          13.305600      13    172.972802  
NOR2BX1            slow          13.305600       8    106.444801  
NOR2X1             slow           9.979200      19    189.604807  
NOR2XL             slow           9.979200      84    838.252831  
NOR3X1             slow          13.305600       5     66.528001  
OAI2BB1X1          slow          16.632000       1     16.632000  
OAI21XL            slow          13.305600      10    133.056002  
OAI22X1            slow          19.958401     440   8781.696320  
OAI22XL            slow          19.958401     180   3592.512131  
OAI31X1            slow          19.958401       4     79.833603  
OAI32X1            slow          23.284800       9    209.563196  
OAI33X1            slow          26.611200       4    106.444801  
OAI221XL           slow          23.284800       7    162.993597  
XNOR2X1            slow          26.611200       4    106.444801  
XOR2X1             slow          26.611200      20    532.224007  
-----------------------------------------------------------------------------
Total 33 references                                 44550.476385

****************************************
Design: recam_dss_g2x2_r_static_global_core 
****************************************
Reference          Library       Unit Area   Count    Total Area   Attributes
-----------------------------------------------------------------------------
AND2X2             slow          13.305600       5     66.528001  
AOI21X1            slow          13.305600       2     26.611200  
AOI22X1            slow          16.632000      38    632.015999  
AOI22XL            slow          16.632000       2     33.264000  
BUFX3              slow          13.305600       1     13.305600  
BUFX8              slow          29.937599       1     29.937599  
CLKINVXL           slow           9.979200       2     19.958401  
DFFHQX1            slow          53.222401       1     53.222401  n
DFFHQXL            slow          53.222401      60   3193.344040  n
INVX1              slow           6.652800      69    459.043206  
INVXL              slow           6.652800       1      6.652800  
MXI2XL             slow          23.284800       2     46.569599  
NAND2X1            slow           9.979200       5     49.896002  
NAND4X1            slow          16.632000       1     16.632000  
NAND4XL            slow          16.632000       1     16.632000  
NOR2X1             slow           9.979200       5     49.896002  
OAI2BB1X1          slow          16.632000       2     33.264000  
OAI2BB1XL          slow          16.632000       7    116.424000  
OAI21XL            slow          13.305600       1     13.305600  
OAI31X1            slow          19.958401       2     39.916801  
OAI32X1            slow          23.284800       2     46.569599  
OR2X2              slow          13.305600       3     39.916800  
OR2XL              slow          13.305600       1     13.305600  
dss_v2_group_candidate_store  17061.105755       1  17061.105755  h, n
dss_v2_group_slot_decode        126.403203       1    126.403203  h
recam_dss_g2x2_r_static_selector
                               2957.169642       1   2957.169642  h
-----------------------------------------------------------------------------
Total 26 references                                 25160.889850

****************************************
Design: dss_v2_group_candidate_store 
****************************************
Reference          Library       Unit Area   Count    Total Area   Attributes
-----------------------------------------------------------------------------
ADDFX1             slow          69.854401       2    139.708801  r
ADDFX2             slow          69.854401       5    349.272003  r
AND2X1             slow          13.305600       6     79.833601  
AND2X2             slow          13.305600      10    133.056002  
AND3X1             slow          16.632000       3     49.896000  
AND3X4             slow          19.958401       1     19.958401  
AND4X2             slow          19.958401      18    359.251213  
AOI2BB2X1          slow          23.284800      24    558.835190  
AOI2BB2X4          slow          49.896000       1     49.896000  
AOI2BB2XL          slow          23.284800       1     23.284800  
AOI21X1            slow          13.305600      18    239.500803  
AOI22X1            slow          16.632000      29    482.327999  
AOI22XL            slow          16.632000      11    182.952000  
AOI31X1            slow          16.632000      56    931.391998  
AOI221X1           slow          23.284800       1     23.284800  
AOI222X1           slow          26.611200      10    266.112003  
AOI222X2           slow          46.569599       3    139.708797  
AOI222XL           slow          26.611200       5    133.056002  
BUFX1              slow          13.305600       1     13.305600  
BUFX3              slow          13.305600       4     53.222401  
BUFX8              slow          29.937599       3     89.812798  
BUFX12             slow          33.264000       1     33.264000  
BUFX16             slow          43.243198       1     43.243198  
CLKBUFX3           slow          13.305600       1     13.305600  
CLKBUFX8           slow          23.284800       2     46.569599  
CLKINVX2           slow           9.979200       2     19.958401  
CLKINVX3           slow           9.979200       2     19.958401  
CLKINVX4           slow          13.305600       2     26.611200  
CLKINVX8           slow          19.958401       7    139.708805  
DFFHQXL            slow          53.222401       4    212.889603  n
DFFXL              slow          56.548801      56   3166.732880  n
INVX1              slow           6.652800      58    385.862405  
INVX4              slow          13.305600      13    172.972802  
INVX8              slow          19.958401      19    379.209614  
INVX12             slow          43.243198       4    172.972794  
INVX16             slow          56.548801       3    169.646404  
INVX20             slow          63.201599       2    126.403198  
INVXL              slow           6.652800      10     66.528001  
MXI2X1             slow          23.284800       1     23.284800  
NAND2X1            slow           9.979200       6     59.875202  
NAND2X2            slow          16.632000       1     16.632000  
NAND3BX2           slow          26.611200       1     26.611200  
NAND3BX4           slow          36.590401       1     36.590401  
NAND3X1            slow          13.305600      26    345.945604  
NAND3X2            slow          23.284800       2     46.569599  
NAND3XL            slow          13.305600       1     13.305600  
NAND4X1            slow          16.632000       4     66.528000  
NOR2X1             slow           9.979200       5     49.896002  
NOR2XL             slow           9.979200       2     19.958401  
NOR3X1             slow          13.305600       6     79.833601  
NOR3XL             slow          13.305600       4     53.222401  
OAI2BB1X1          slow          16.632000       7    116.424000  
OAI21XL            slow          13.305600       2     26.611200  
OAI22X1            slow          19.958401       2     39.916801  
OAI221X2           slow          43.243198       1     43.243198  
OAI222X1           slow          29.937599      66   1975.881546  
OAI222X2           slow          49.896000       7    349.271999  
OAI222X4           slow          39.916801      24    958.003235  
OAI222XL           slow          26.611200      11    292.723204  
OR2X1              slow          13.305600       1     13.305600  
OR2X2              slow          13.305600      89   1184.198415  
OR2X4              slow          19.958401      41    818.294430  
OR4X1              slow          19.958401       3     59.875202  
XOR2X1             slow          26.611200      15    399.168005  
XOR2XL             slow          26.611200       5    133.056002  
XOR3X2             slow          59.875198       5    299.375992  
-----------------------------------------------------------------------------
Total 66 references                                 17061.105755

****************************************
Design: dss_v2_group_slot_decode 
****************************************
Reference          Library       Unit Area   Count    Total Area   Attributes
-----------------------------------------------------------------------------
AND2X4             slow          16.632000       1     16.632000  
CLKINVX3           slow           9.979200       1      9.979200  
INVX1              slow           6.652800       1      6.652800  
INVX4              slow          13.305600       2     26.611200  
INVX8              slow          19.958401       1     19.958401  
OR2X2              slow          13.305600       1     13.305600  
OR2X4              slow          19.958401       1     19.958401  
OR2XL              slow          13.305600       1     13.305600  
-----------------------------------------------------------------------------
Total 8 references                                    126.403203

****************************************
Design: recam_dss_g2x2_r_static_selector 
****************************************
Reference          Library       Unit Area   Count    Total Area   Attributes
-----------------------------------------------------------------------------
AND2X2             slow          13.305600      29    385.862405  
AND3X2             slow          16.632000       9    149.688000  
AND4X2             slow          19.958401       2     39.916801  
AOI21X1            slow          13.305600       1     13.305600  
AOI22X1            slow          16.632000      17    282.743999  
AOI211X1           slow          16.632000       3     49.896000  
INVX1              slow           6.652800      12     79.833601  
NAND2BX1           slow          13.305600      15    199.584002  
NAND2X1            slow           9.979200      23    229.521608  
NAND2XL            slow           9.979200      17    169.646406  
NAND3BX1           slow          16.632000       7    116.424000  
NAND3X1            slow          13.305600       7     93.139201  
NAND3XL            slow          13.305600       1     13.305600  
NAND4BXL           slow          19.958401       7    139.708805  
NAND4X1            slow          16.632000       6     99.792000  
NAND4XL            slow          16.632000       1     16.632000  
NOR2BX1            slow          13.305600      11    146.361602  
NOR2X1             slow           9.979200       6     59.875202  
NOR3X1             slow          13.305600       4     53.222401  
NOR4BX1            slow          19.958401       6    119.750404  
OAI2BB1X1          slow          16.632000      12    199.584000  
OAI2BB1XL          slow          16.632000       4     66.528000  
OAI21XL            slow          13.305600       4     53.222401  
OAI211X1           slow          19.958401       2     39.916801  
OR2X2              slow          13.305600       1     13.305600  
OR4X2              slow          19.958401       1     19.958401  
XNOR2X1            slow          26.611200       4    106.444801  
-----------------------------------------------------------------------------
Total 27 references                                  2957.169642

****************************************
Design: recam_shared_config_analyzer_ROW_ADDR_W9_PHYS_COL_ADDR_W13_HYBRID_LINE_ADDR_W13_HYBRID_ENTRIES7 
****************************************
Reference          Library       Unit Area   Count    Total Area   Attributes
-----------------------------------------------------------------------------
AND2X1             slow          13.305600       9    119.750401  
AND2X2             slow          13.305600      17    226.195203  
AND2X4             slow          16.632000       6     99.792000  
AND3X1             slow          16.632000       2     33.264000  
AND3X2             slow          16.632000      13    216.216000  
AND3X4             slow          19.958401       7    139.708805  
AND4X1             slow          19.958401       7    139.708805  
AND4X2             slow          19.958401      43    858.211231  
AND4X4             slow          36.590401      23    841.579216  
AOI2BB1X1          slow          16.632000       1     16.632000  
AOI2BB1X2          slow          23.284800       2     46.569599  
AOI2BB1X4          slow          36.590401       1     36.590401  
AOI2BB1XL          slow          16.632000       1     16.632000  
AOI2BB2X1          slow          23.284800      32    745.113586  
AOI2BB2X2          slow          29.937599       5    149.687996  
AOI2BB2XL          slow          23.284800       3     69.854399  
AOI21X1            slow          13.305600       1     13.305600  
AOI21X2            slow          23.284800       2     46.569599  
AOI21X4            slow          33.264000       3     99.792000  
AOI22X1            slow          16.632000       9    149.688000  
AOI31X1            slow          16.632000       1     16.632000  
AOI31X2            slow          29.937599       5    149.687996  
AOI31X4            slow          29.937599       2     59.875198  
AOI32X2            slow          36.590401       1     36.590401  
AOI32XL            slow          23.284800       1     23.284800  
AOI33X1            slow          26.611200       2     53.222401  
AOI211X1           slow          16.632000       4     66.528000  
AOI211X2           slow          29.937599       9    269.438393  
AOI221X1           slow          23.284800      11    256.132795  
AOI221X2           slow          39.916801       4    159.667206  
AOI221XL           slow          23.284800       2     46.569599  
AOI222X1           slow          26.611200      34    904.780811  
AOI222X2           slow          46.569599       8    372.556793  
AOI222X4           slow          39.916801       1     39.916801  
BUFX1              slow          13.305600      30    399.168005  
BUFX3              slow          13.305600      56    745.113609  
BUFX4              slow          16.632000      23    382.535999  
BUFX8              slow          29.937599      26    778.377579  
BUFX12             slow          33.264000       6    199.584000  
BUFX16             slow          43.243198       4    172.972794  
BUFX20             slow          53.222401      12    638.668808  
CLKBUFX8           slow          23.284800       4     93.139198  
CLKINVX1           slow           9.979200       2     19.958401  
CLKINVX2           slow           9.979200       9     89.812803  
CLKINVX3           slow           9.979200     155   1546.776056  
CLKINVX4           slow          13.305600      17    226.195203  
CLKINVX8           slow          19.958401      25    498.960018  
CLKINVX12          slow          63.201599       4    252.806396  
CLKINVX20          slow          96.465599       2    192.931198  
CLKINVXL           slow           9.979200      15    149.688005  
DLY1X1             slow          19.958401       6    119.750404  
INVX1              slow           6.652800     568   3778.790447  
INVX2              slow           9.979200      29    289.396811  
INVX3              slow          13.305600       7     93.139201  
INVX4              slow          13.305600      70    931.392012  
INVX8              slow          19.958401      46    918.086433  
INVX12             slow          43.243198      14    605.404778  
INVX16             slow          56.548801       4    226.195206  
INVX20             slow          63.201599       2    126.403198  
INVXL              slow           6.652800      91    605.404808  
MX2X1              slow          26.611200     160   4257.792053  
MX2X2              slow          29.937599      37   1107.691170  
MX2X4              slow          33.264000      29    964.655998  
MX2XL              slow          26.611200       2     53.222401  
MXI2X1             slow          23.284800     120   2794.175949  
MXI2X2             slow          26.611200     103   2740.953634  
MXI2X4             slow          46.569599      40   1862.783966  
MXI2XL             slow          23.284800      30    698.543987  
NAND2BX4           slow          26.611200       3     79.833601  
NAND2BXL           slow          13.305600       1     13.305600  
NAND2X1            slow           9.979200      39    389.188814  
NAND2X2            slow          16.632000       3     49.896000  
NAND2X4            slow          23.284800       9    209.563196  
NAND2XL            slow           9.979200       3     29.937601  
NAND3BX1           slow          16.632000       1     16.632000  
NAND3BX4           slow          36.590401       1     36.590401  
NAND3X1            slow          13.305600     184   2448.230431  
NAND3X2            slow          23.284800      30    698.543987  
NAND3X4            slow          33.264000      31   1031.183998  
NAND3XL            slow          13.305600      20    266.112003  
NAND4BBX4          slow          63.201599       2    126.403198  
NAND4BX1           slow          23.284800       1     23.284800  
NAND4BX2           slow          33.264000       2     66.528000  
NAND4BX4           slow          59.875198       3    179.625595  
NAND4BXL           slow          19.958401       5     99.792004  
NAND4X1            slow          16.632000     112   1862.783997  
NAND4X2            slow          29.937599      39   1167.566368  
NAND4X4            slow          56.548801      30   1696.464043  
NAND4XL            slow          16.632000      18    299.375999  
NOR2BX1            slow          13.305600       1     13.305600  
NOR2BX2            slow          19.958401       1     19.958401  
NOR2BX4            slow          26.611200       2     53.222401  
NOR2X1             slow           9.979200      44    439.084816  
NOR2X2             slow          16.632000      19    316.007999  
NOR2X4             slow          23.284800      19    442.411192  
NOR2XL             slow           9.979200       3     29.937601  
NOR3BX2            slow          26.611200       1     26.611200  
NOR3X1             slow          13.305600       6     79.833601  
NOR3X4             slow          33.264000       1     33.264000  
NOR3XL             slow          13.305600       1     13.305600  
NOR4X1             slow          19.958401       2     39.916801  
NOR4X4             slow          56.548801       3    169.646404  
OAI2BB1X1          slow          16.632000      44    731.807999  
OAI2BB1X2          slow          23.284800      16    372.556793  
OAI2BB1X4          slow          33.264000      25    831.599998  
OAI2BB1XL          slow          16.632000       3     49.896000  
OAI2BB2X2          slow          33.264000       2     66.528000  
OAI21X2            slow          26.611200       3     79.833601  
OAI21X4            slow          36.590401       2     73.180801  
OAI22X1            slow          19.958401      49    977.961636  
OAI22X2            slow          29.937599      20    598.751984  
OAI22X4            slow          46.569599       8    372.556793  
OAI22XL            slow          19.958401      19    379.209614  
OAI31X2            slow          29.937599       4    119.750397  
OAI31X4            slow          29.937599       2     59.875198  
OAI32X4            slow          33.264000       8    266.112000  
OAI33X4            slow          36.590401       1     36.590401  
OAI211X1           slow          19.958401      12    239.500809  
OAI211X2           slow          33.264000       9    299.375999  
OAI211X4           slow          29.937599      11    329.313591  
OAI211XL           slow          19.958401       2     39.916801  
OAI221X2           slow          43.243198       2     86.486397  
OAI221X4           slow          36.590401       3    109.771202  
OAI221XL           slow          23.284800       5    116.423998  
OAI222X2           slow          49.896000       1     49.896000  
OAI222X4           slow          39.916801       6    239.500809  
OAI222XL           slow          26.611200       1     26.611200  
OR2X1              slow          13.305600       8    106.444801  
OR2X2              slow          13.305600     228   3033.676838  
OR2X4              slow          19.958401      86   1716.422462  
OR2XL              slow          13.305600      33    439.084805  
OR3X2              slow          19.958401       1     19.958401  
OR3X4              slow          29.937599       1     29.937599  
OR3XL              slow          16.632000       5     83.160000  
OR4X2              slow          19.958401      40    798.336029  
OR4X4              slow          36.590401      31   1134.302422  
XNOR2X1            slow          26.611200      54   1437.004818  
XNOR2X2            slow          36.590401       8    292.723206  
XNOR2X4            slow          56.548801      12    678.585617  
XNOR2XL            slow          26.611200       6    159.667202  
XOR2X1             slow          26.611200     587  15620.774595  
XOR2X2             slow          33.264000     113   3758.831993  
XOR2X4             slow          56.548801      40   2261.952057  
XOR2XL             slow          26.611200     105   2794.176035  
-----------------------------------------------------------------------------
Total 144 references                                88465.608717
1
