 
****************************************
Report : qor
Design : recam_2r2c_analyzer
Version: W-2024.09-SP2
Date   : Wed Sep  9 20:29:38 2026
****************************************


  Timing Path Group 'recam_boundary_clk'
  -----------------------------------
  Levels of Logic:              92.00
  Critical Path Length:         30.00
  Critical Path Slack:           0.00
  Critical Path Clk Period:     30.00
  Total Negative Slack:          0.00
  No. of Violating Paths:        0.00
  Worst Hold Violation:          0.00
  Total Hold Violation:          0.00
  No. of Hold Violations:        0.00
  -----------------------------------


  Cell Count
  -----------------------------------
  Hierarchical Cell Count:          3
  Hierarchical Port Count:        226
  Leaf Cell Count:               1313
  Buf/Inv Cell Count:             251
  Buf Cell Count:                  37
  Inv Cell Count:                 214
  CT Buf/Inv Cell Count:            0
  Combinational Cell Count:      1313
  Sequential Cell Count:            0
  Macro Count:                      0
  -----------------------------------


  Area
  -----------------------------------
  Combinational Area:    23976.691503
  Noncombinational Area:     0.000000
  Buf/Inv Area:           2454.883231
  Total Buffer Area:           715.18
  Total Inverter Area:        1739.71
  Macro/Black Box Area:      0.000000
  Net Area:             153440.769287
  -----------------------------------
  Cell Area:             23976.691503
  Design Area:          177417.460790


  Design Rules
  -----------------------------------
  Total Number of Nets:          1492
  Nets With Violations:             0
  Max Trans Violations:             0
  Max Cap Violations:               0
  -----------------------------------


  Hostname: Kaohsiung

  Compile CPU Statistics
  -----------------------------------------
  Resource Sharing:                    0.48
  Logic Optimization:                  0.84
  Mapping Optimization:                0.93
  -----------------------------------------
  Overall Compile Time:                3.11
  Overall Compile Wall Clock Time:     3.37

  --------------------------------------------------------------------

  Design  WNS: 0.00  TNS: 0.00  Number of Violating Paths: 0


  Design (Hold)  WNS: 0.00  TNS: 0.00  Number of Violating Paths: 0

  --------------------------------------------------------------------


1
