 
****************************************
Report : area
Design : recam_dss_hyp02_static_global_top
Version: W-2024.09-SP2
Date   : Thu Sep 24 05:35:05 2026
****************************************

Library(s) Used:

    slow (File: /cad/std_libraries/CBDK_TSMC018_Arm_f1.0/CIC/SynopsysDC/db/slow.db)

Number of ports:                         1772
Number of nets:                          9009
Number of cells:                         7649
Number of combinational cells:           7039
Number of sequential cells:               581
Number of macros/black boxes:               0
Number of buf/inv:                       1971
Number of references:                       5

Combinational area:             133448.516656
Buf/Inv area:                    20277.734701
Noncombinational area:           32691.859978
Macro/Black Box area:                0.000000
Net Interconnect area:          884757.817352

Total cell area:                166140.376634
Total area:                    1050898.193986

Hierarchical area distribution
------------------------------

                                  Global cell area              Local cell area
                                  --------------------  ------------------------------- 
Hierarchical cell                 Absolute     Percent  Combi-       Noncombi-   Black-
                                  Total        Total    national     national    boxes   Design
--------------------------------  -----------  -------  -----------  ----------  ------  -----------------------------------------------------------------------------------------------
recam_dss_hyp02_static_global_top 166140.3766    100.0      33.2640      0.0000  0.0000  recam_dss_hyp02_static_global_top
analyzer                           88568.7272     53.3   88568.7272      0.0000  0.0000  recam_shared_config_analyzer_ROW_ADDR_W9_PHYS_COL_ADDR_W13_HYBRID_LINE_ADDR_W13_HYBRID_ENTRIES7
core                               33024.4995     19.9    1882.7424   3303.1152  0.0000  recam_dss_hyp02_static_global_core
core/candidate_store               21548.4194     13.0   17041.1472   4507.2721  0.0000  dss_v2_group_candidate_store
core/collect_slot_decode             395.8416      0.2     395.8416      0.0000  0.0000  dss_v2_group_slot_decode
core/static_selector                5894.3808      3.5    5894.3808      0.0000  0.0000  recam_dss_hyp02_static_selector
pivot_address_regs                 44513.8860     26.8   19632.4134  24881.4726  0.0000  dss_group_pivot_address_regs_ROW_ADDR_W9_PHYS_COL_ADDR_W13
--------------------------------  -----------  -------  -----------  ----------  ------  -----------------------------------------------------------------------------------------------
Total                                                   133448.5167  32691.8600  0.0000

1
