 
****************************************
Report : reference
Design : recam_dss_hyp02_static_global_top
Version: W-2024.09-SP2
Date   : Thu Sep 24 05:35:05 2026
****************************************

Attributes:
    b - black box (unknown)
   bo - allows boundary optimization
    d - dont_touch
   mo - map_only
    h - hierarchical
    n - noncombinational
    r - removable
    s - synthetic operator
    u - contains unmapped logic

Reference          Library       Unit Area   Count    Total Area   Attributes
-----------------------------------------------------------------------------
AND2X4             slow          16.632000       1     16.632000  
AND3X1             slow          16.632000       1     16.632000  
dss_group_pivot_address_regs_ROW_ADDR_W9_PHYS_COL_ADDR_W13
                              44513.885984       1  44513.885984  h, n
recam_dss_hyp02_static_global_core
                              33024.499467       1  33024.499467  h, n
recam_shared_config_analyzer_ROW_ADDR_W9_PHYS_COL_ADDR_W13_HYBRID_LINE_ADDR_W13_HYBRID_ENTRIES7
                              88568.727182       1  88568.727182  h
-----------------------------------------------------------------------------
Total 5 references                                  166140.376634

****************************************
Design: dss_group_pivot_address_regs_ROW_ADDR_W9_PHYS_COL_ADDR_W13 
****************************************
Reference          Library       Unit Area   Count    Total Area   Attributes
-----------------------------------------------------------------------------
AND2X2             slow          13.305600       7     93.139201  
AOI2BB1X1          slow          16.632000       3     49.896000  
AOI2BB2X1          slow          23.284800       4     93.139198  
AOI21X1            slow          13.305600      14    186.278402  
AOI21XL            slow          13.305600       1     13.305600  
AOI22X1            slow          16.632000      10    166.320000  
AOI22XL            slow          16.632000       2     33.264000  
AOI32X1            slow          23.284800       3     69.854399  
AOI33X1            slow          26.611200       4    106.444801  
AOI222X1           slow          26.611200       1     26.611200  
BUFX1              slow          13.305600      20    266.112003  
BUFX3              slow          13.305600      21    279.417603  
CLKINVXL           slow           9.979200       1      9.979200  
DFFXL              slow          56.548801     440  24881.472626  n
INVX1              slow           6.652800     391   2601.244833  
INVXL              slow           6.652800       3     19.958400  
NAND2BX1           slow          13.305600       4     53.222401  
NAND2X1            slow           9.979200      35    349.272013  
NAND2XL            slow           9.979200      12    119.750404  
NAND3X1            slow          13.305600      13    172.972802  
NOR2BX1            slow          13.305600       8    106.444801  
NOR2X1             slow           9.979200      18    179.625607  
NOR2XL             slow           9.979200      85    848.232031  
NOR3X1             slow          13.305600       5     66.528001  
OAI2BB1X1          slow          16.632000       1     16.632000  
OAI21XL            slow          13.305600      10    133.056002  
OAI22X1            slow          19.958401     440   8781.696320  
OAI22XL            slow          19.958401     180   3592.512131  
OAI31X1            slow          19.958401       3     59.875202  
OAI31XL            slow          19.958401       1     19.958401  
OAI32X1            slow          23.284800       9    209.563196  
OAI33X1            slow          26.611200       4    106.444801  
OAI221XL           slow          23.284800       7    162.993597  
XNOR2X1            slow          26.611200       4    106.444801  
XOR2X1             slow          26.611200      20    532.224007  
-----------------------------------------------------------------------------
Total 35 references                                 44513.885984

****************************************
Design: recam_dss_hyp02_static_global_core 
****************************************
Reference          Library       Unit Area   Count    Total Area   Attributes
-----------------------------------------------------------------------------
AND2X2             slow          13.305600       3     39.916800  
AOI21X1            slow          13.305600       1     13.305600  
AOI22X1            slow          16.632000      37    615.383999  
AOI22XL            slow          16.632000       5     83.160000  
BUFX2              slow          13.305600       1     13.305600  
BUFX3              slow          13.305600       2     26.611200  
BUFX8              slow          29.937599       1     29.937599  
BUFX12             slow          33.264000       1     33.264000  
CLKINVX1           slow           9.979200       2     19.958401  
CLKINVX2           slow           9.979200       2     19.958401  
CLKINVXL           slow           9.979200       1      9.979200  
DFFHQX4            slow          73.180801       2    146.361603  n
DFFHQXL            slow          53.222401      58   3086.899239  n
DFFX2              slow          69.854401       1     69.854401  n
DLY1X1             slow          19.958401       1     19.958401  
INVX1              slow           6.652800      66    439.084805  
MXI2X1             slow          23.284800       1     23.284800  
MXI2XL             slow          23.284800       2     46.569599  
NAND2X1            slow           9.979200       3     29.937601  
NAND2X4            slow          23.284800       1     23.284800  
NAND3XL            slow          13.305600       1     13.305600  
NOR2X1             slow           9.979200       5     49.896002  
OAI2BB1X1          slow          16.632000       2     33.264000  
OAI2BB1XL          slow          16.632000       7    116.424000  
OAI22X1            slow          19.958401       2     39.916801  
OAI31X1            slow          19.958401       2     39.916801  
OAI32X1            slow          23.284800       1     23.284800  
OR2X2              slow          13.305600       3     39.916800  
OR2XL              slow          13.305600       1     13.305600  
XOR2XL             slow          26.611200       1     26.611200  
dss_v2_group_candidate_store  21548.419360       1  21548.419360  h, n
dss_v2_group_slot_decode        395.841608       1    395.841608  h
recam_dss_hyp02_static_selector
                               5894.380847       1   5894.380847  h
-----------------------------------------------------------------------------
Total 33 references                                 33024.499467

****************************************
Design: dss_v2_group_candidate_store 
****************************************
Reference          Library       Unit Area   Count    Total Area   Attributes
-----------------------------------------------------------------------------
ADDFX2             slow          69.854401       2    139.708801  r
AND2X1             slow          13.305600       3     39.916800  
AND2X2             slow          13.305600       1     13.305600  
AND3X2             slow          16.632000       8    133.056000  
AND3X4             slow          19.958401       1     19.958401  
AND4X2             slow          19.958401      25    498.960018  
AOI2BB2X1          slow          23.284800      38    884.822384  
AOI2BB2X4          slow          49.896000       1     49.896000  
AOI2BB2XL          slow          23.284800       6    139.708797  
AOI22X1            slow          16.632000      16    266.112000  
AOI31X1            slow          16.632000      74   1230.767998  
AOI222X1           slow          26.611200      13    345.945604  
AOI222X2           slow          46.569599       3    139.708797  
AOI222XL           slow          26.611200       4    106.444801  
BUFX3              slow          13.305600       1     13.305600  
BUFX8              slow          29.937599       5    149.687996  
CLKINVX1           slow           9.979200       1      9.979200  
CLKINVX3           slow           9.979200       7     69.854403  
CLKINVX4           slow          13.305600       5     66.528001  
CLKINVX8           slow          19.958401      18    359.251213  
DFFHQXL            slow          53.222401       5    266.112003  n
DFFXL              slow          56.548801      75   4241.160107  n
INVX1              slow           6.652800      66    439.084805  
INVX2              slow           9.979200       3     29.937601  
INVX3              slow          13.305600       1     13.305600  
INVX4              slow          13.305600      28    372.556805  
INVX8              slow          19.958401      38    758.419228  
INVX12             slow          43.243198       1     43.243198  
INVX20             slow          63.201599       2    126.403198  
INVXL              slow           6.652800      15     99.792001  
MXI2X1             slow          23.284800       1     23.284800  
NAND2BX1           slow          13.305600       1     13.305600  
NAND2X1            slow           9.979200      19    189.604807  
NAND2XL            slow           9.979200       1      9.979200  
NAND3BX4           slow          36.590401       1     36.590401  
NAND3X1            slow          13.305600      15    199.584002  
NAND3X2            slow          23.284800       2     46.569599  
NAND3XL            slow          13.305600       1     13.305600  
NAND4X1            slow          16.632000      12    199.584000  
NOR2BX1            slow          13.305600       2     26.611200  
NOR2X1             slow           9.979200       6     59.875202  
NOR2XL             slow           9.979200       3     29.937601  
NOR3X1             slow          13.305600       2     26.611200  
NOR3X2             slow          23.284800       2     46.569599  
OAI2BB1X1          slow          16.632000       6     99.792000  
OAI21X4            slow          36.590401       1     36.590401  
OAI21XL            slow          13.305600       4     53.222401  
OAI211X1           slow          19.958401       1     19.958401  
OAI221X2           slow          43.243198       1     43.243198  
OAI221XL           slow          23.284800      16    372.556793  
OAI222X1           slow          29.937599      84   2514.758331  
OAI222X2           slow          49.896000      54   2694.383995  
OAI222X4           slow          39.916801       3    119.750404  
OAI222XL           slow          26.611200       7    186.278402  
OR2X2              slow          13.305600     194   2581.286432  
OR2X4              slow          19.958401      30    598.752022  
OR4X2              slow          19.958401       4     79.833603  
XOR2X1             slow          26.611200       4    106.444801  
XOR2XL             slow          26.611200       2     53.222401  
-----------------------------------------------------------------------------
Total 59 references                                 21548.419360

****************************************
Design: dss_v2_group_slot_decode 
****************************************
Reference          Library       Unit Area   Count    Total Area   Attributes
-----------------------------------------------------------------------------
AOI2BB1X1          slow          16.632000       1     16.632000  
AOI2BB1X4          slow          36.590401       1     36.590401  
CLKINVX3           slow           9.979200       1      9.979200  
CLKINVX4           slow          13.305600       1     13.305600  
CLKINVX8           slow          19.958401       1     19.958401  
INVX1              slow           6.652800       1      6.652800  
INVX2              slow           9.979200       2     19.958401  
INVX8              slow          19.958401       1     19.958401  
NOR2X2             slow          16.632000       1     16.632000  
NOR2X4             slow          23.284800       1     23.284800  
OAI2BB1XL          slow          16.632000       1     16.632000  
OR2X4              slow          19.958401       3     59.875202  
XNOR2X1            slow          26.611200       1     26.611200  
XOR2X1             slow          26.611200       2     53.222401  
XOR2X4             slow          56.548801       1     56.548801  
-----------------------------------------------------------------------------
Total 15 references                                   395.841608

****************************************
Design: recam_dss_hyp02_static_selector 
****************************************
Reference          Library       Unit Area   Count    Total Area   Attributes
-----------------------------------------------------------------------------
AND2X1             slow          13.305600       7     93.139201  
AND2X2             slow          13.305600      19    252.806403  
AND2X4             slow          16.632000       1     16.632000  
AND3X2             slow          16.632000      25    415.799999  
AND3X4             slow          19.958401       3     59.875202  
AOI21X1            slow          13.305600       2     26.611200  
AOI22X1            slow          16.632000      32    532.223999  
AOI22XL            slow          16.632000       1     16.632000  
AOI211XL           slow          16.632000       3     49.896000  
AOI221XL           slow          23.284800       1     23.284800  
BUFX3              slow          13.305600       2     26.611200  
BUFX8              slow          29.937599       1     29.937599  
CLKINVX4           slow          13.305600       2     26.611200  
CLKINVX8           slow          19.958401       1     19.958401  
INVX1              slow           6.652800      23    153.014402  
NAND2BX1           slow          13.305600      12    159.667202  
NAND2X1            slow           9.979200      54    538.876820  
NAND2XL            slow           9.979200      24    239.500809  
NAND3BX1           slow          16.632000      24    399.167999  
NAND3BX4           slow          36.590401       3    109.771202  
NAND3X1            slow          13.305600      15    199.584002  
NAND3X2            slow          23.284800       1     23.284800  
NAND3X4            slow          33.264000       4    133.056000  
NAND3XL            slow          13.305600       9    119.750401  
NAND4BX4           slow          59.875198       6    359.251190  
NAND4BXL           slow          19.958401       1     19.958401  
NAND4X1            slow          16.632000       3     49.896000  
NAND4X2            slow          29.937599       3     89.812798  
NOR2BX1            slow          13.305600      22    292.723204  
NOR2BX2            slow          19.958401       1     19.958401  
NOR2X1             slow           9.979200      16    159.667206  
NOR2X2             slow          16.632000       1     16.632000  
NOR2X4             slow          23.284800       7    162.993597  
NOR3BX1            slow          19.958401       1     19.958401  
NOR3BX2            slow          26.611200       1     26.611200  
NOR3BX4            slow          36.590401       4    146.361603  
NOR3X1             slow          13.305600      13    172.972802  
NOR3X4             slow          33.264000       1     33.264000  
NOR3XL             slow          13.305600       2     26.611200  
NOR4BX1            slow          19.958401       4     79.833603  
NOR4BX4            slow          59.875198       3    179.625595  
NOR4X1             slow          19.958401       1     19.958401  
NOR4X4             slow          56.548801       1     56.548801  
OAI21X4            slow          36.590401       1     36.590401  
OAI21XL            slow          13.305600       3     39.916800  
OAI211XL           slow          19.958401       1     19.958401  
OR2X2              slow          13.305600       1     13.305600  
OR3X4              slow          29.937599       2     59.875198  
OR3XL              slow          16.632000       3     49.896000  
OR4X2              slow          19.958401       2     39.916801  
OR4X4              slow          36.590401       1     36.590401  
-----------------------------------------------------------------------------
Total 51 references                                  5894.380847

****************************************
Design: recam_shared_config_analyzer_ROW_ADDR_W9_PHYS_COL_ADDR_W13_HYBRID_LINE_ADDR_W13_HYBRID_ENTRIES7 
****************************************
Reference          Library       Unit Area   Count    Total Area   Attributes
-----------------------------------------------------------------------------
AND2X1             slow          13.305600       7     93.139201  
AND2X2             slow          13.305600      20    266.112003  
AND2X4             slow          16.632000       3     49.896000  
AND3X2             slow          16.632000      19    316.007999  
AND3X4             slow          19.958401       8    159.667206  
AND4X1             slow          19.958401       2     39.916801  
AND4X2             slow          19.958401      33    658.627224  
AND4X4             slow          36.590401      18    658.627213  
AOI2BB1X1          slow          16.632000       4     66.528000  
AOI2BB1X2          slow          23.284800       2     46.569599  
AOI2BB1X4          slow          36.590401       1     36.590401  
AOI2BB1XL          slow          16.632000       2     33.264000  
AOI2BB2X1          slow          23.284800      31    721.828787  
AOI2BB2X2          slow          29.937599       6    179.625595  
AOI2BB2X4          slow          49.896000       1     49.896000  
AOI2BB2XL          slow          23.284800       4     93.139198  
AOI21XL            slow          13.305600       1     13.305600  
AOI22X1            slow          16.632000       9    149.688000  
AOI31X1            slow          16.632000       2     33.264000  
AOI31X2            slow          29.937599       4    119.750397  
AOI31X4            slow          29.937599       1     29.937599  
AOI32X2            slow          36.590401       1     36.590401  
AOI32X4            slow          33.264000       1     33.264000  
AOI32XL            slow          23.284800       1     23.284800  
AOI33X1            slow          26.611200       2     53.222401  
AOI211X1           slow          16.632000       5     83.160000  
AOI211X2           slow          29.937599       3     89.812798  
AOI211X4           slow          33.264000       1     33.264000  
AOI221X1           slow          23.284800       8    186.278397  
AOI221X2           slow          39.916801       4    159.667206  
AOI221X4           slow          36.590401       4    146.361603  
AOI221XL           slow          23.284800       1     23.284800  
AOI222X1           slow          26.611200      38   1011.225613  
AOI222X2           slow          46.569599       6    279.417595  
AOI222X4           slow          39.916801       4    159.667206  
BUFX1              slow          13.305600      32    425.779205  
BUFX3              slow          13.305600      56    745.113609  
BUFX4              slow          16.632000      14    232.848000  
BUFX8              slow          29.937599      25    748.439980  
BUFX12             slow          33.264000      10    332.639999  
BUFX16             slow          43.243198       7    302.702389  
BUFX20             slow          53.222401       9    479.001606  
CLKBUFX4           slow          16.632000       2     33.264000  
CLKBUFX8           slow          23.284800       5    116.423998  
CLKINVX2           slow           9.979200       5     49.896002  
CLKINVX3           slow           9.979200     151   1506.859255  
CLKINVX4           slow          13.305600      26    345.945604  
CLKINVX8           slow          19.958401      29    578.793621  
CLKINVXL           slow           9.979200      22    219.542408  
DLY1X1             slow          19.958401       2     39.916801  
INVX1              slow           6.652800     581   3865.276848  
INVX2              slow           9.979200      28    279.417610  
INVX3              slow          13.305600       6     79.833601  
INVX4              slow          13.305600      59    785.030410  
INVX8              slow          19.958401      63   1257.379246  
INVX12             slow          43.243198       4    172.972794  
INVX16             slow          56.548801       5    282.744007  
INVX20             slow          63.201599       2    126.403198  
INVXL              slow           6.652800      88    585.446407  
MX2X1              slow          26.611200     150   3991.680050  
MX2X2              slow          29.937599      37   1107.691170  
MX2X4              slow          33.264000      23    765.071999  
MX2XL              slow          26.611200       2     53.222401  
MXI2X1             slow          23.284800     139   3236.587141  
MXI2X2             slow          26.611200     105   2794.176035  
MXI2X4             slow          46.569599      36   1676.505569  
MXI2XL             slow          23.284800      30    698.543987  
NAND2BX2           slow          19.958401       2     39.916801  
NAND2BX4           slow          26.611200       1     26.611200  
NAND2BXL           slow          13.305600       1     13.305600  
NAND2X1            slow           9.979200      38    379.209614  
NAND2X2            slow          16.632000       2     33.264000  
NAND2X4            slow          23.284800       3     69.854399  
NAND2XL            slow           9.979200       4     39.916801  
NAND3BX2           slow          26.611200       3     79.833601  
NAND3BX4           slow          36.590401       6    219.542404  
NAND3X1            slow          13.305600     189   2514.758431  
NAND3X2            slow          23.284800      33    768.398386  
NAND3X4            slow          33.264000      34   1130.975998  
NAND3XL            slow          13.305600      24    319.334404  
NAND4BBX2          slow          36.590401       2     73.180801  
NAND4BBX4          slow          63.201599       2    126.403198  
NAND4BBXL          slow          26.611200       1     26.611200  
NAND4BXL           slow          19.958401       1     19.958401  
NAND4X1            slow          16.632000     105   1746.359997  
NAND4X2            slow          29.937599      50   1496.879959  
NAND4X4            slow          56.548801      41   2318.500858  
NAND4XL            slow          16.632000      18    299.375999  
NOR2BX1            slow          13.305600       1     13.305600  
NOR2BX2            slow          19.958401       1     19.958401  
NOR2BXL            slow          13.305600       1     13.305600  
NOR2X1             slow           9.979200      38    379.209614  
NOR2X2             slow          16.632000       8    133.056000  
NOR2X4             slow          23.284800      16    372.556793  
NOR2XL             slow           9.979200       2     19.958401  
NOR3X1             slow          13.305600       5     66.528001  
NOR3X4             slow          33.264000       3     99.792000  
NOR3XL             slow          13.305600       1     13.305600  
NOR4X1             slow          19.958401       1     19.958401  
NOR4X4             slow          56.548801       2    113.097603  
OAI2BB1X1          slow          16.632000      45    748.439999  
OAI2BB1X2          slow          23.284800      15    349.271994  
OAI2BB1X4          slow          33.264000      18    598.751999  
OAI2BB1XL          slow          16.632000       8    133.056000  
OAI21X4            slow          36.590401       1     36.590401  
OAI22X1            slow          19.958401      40    798.336029  
OAI22X2            slow          29.937599      27    808.315178  
OAI22X4            slow          46.569599       8    372.556793  
OAI22XL            slow          19.958401      26    518.918419  
OAI31X2            slow          29.937599       5    149.687996  
OAI31X4            slow          29.937599       3     89.812798  
OAI32X1            slow          23.284800       4     93.139198  
OAI32X2            slow          36.590401       3    109.771202  
OAI32X4            slow          33.264000       6    199.584000  
OAI33X2            slow          43.243198       1     43.243198  
OAI211X1           slow          19.958401      13    259.459209  
OAI211X2           slow          33.264000       7    232.848000  
OAI211X4           slow          29.937599      10    299.375992  
OAI211XL           slow          19.958401       2     39.916801  
OAI221X4           slow          36.590401       3    109.771202  
OAI221XL           slow          23.284800       4     93.139198  
OAI222X2           slow          49.896000       2     99.792000  
OAI222X4           slow          39.916801       5    199.584007  
OAI222XL           slow          26.611200       1     26.611200  
OR2X1              slow          13.305600       6     79.833601  
OR2X2              slow          13.305600     225   2993.760037  
OR2X4              slow          19.958401      96   1916.006470  
OR2XL              slow          13.305600      31    412.473605  
OR3X4              slow          29.937599       1     29.937599  
OR3XL              slow          16.632000       5     83.160000  
OR4X1              slow          19.958401       1     19.958401  
OR4X2              slow          19.958401      44    878.169632  
OR4X4              slow          36.590401      36   1317.254425  
XNOR2X1            slow          26.611200      41   1091.059214  
XNOR2X2            slow          36.590401      16    585.446411  
XNOR2X4            slow          56.548801      18   1017.878426  
XNOR2XL            slow          26.611200       1     26.611200  
XOR2X1             slow          26.611200     613  16312.665804  
XOR2X2             slow          33.264000     100   3326.399994  
XOR2X4             slow          56.548801      43   2431.598461  
XOR2XL             slow          26.611200      97   2581.286432  
-----------------------------------------------------------------------------
Total 141 references                                88568.727182
1
